[06-Jul-2026 16:50:33 Asia/Kathmandu] PHP Fatal error:  Uncaught ArgumentCountError: Too few arguments to function custom_error(), 4 passed in C:\xampp\Desktop\mdcnpal\htdocs\public_html\core\dbclass.php on line 69 and exactly 5 expected in C:\xampp\Desktop\mdcnpal\htdocs\public_html\core\error_handler.php:2
Stack trace:
#0 C:\xampp\Desktop\mdcnpal\htdocs\public_html\core\dbclass.php(69): custom_error(8192, 'Creation of dyn...', 'C:\\xampp\\Deskto...', 69)
#1 C:\xampp\Desktop\mdcnpal\htdocs\public_html\core\singleton.php(19): dbclass->init()
#2 C:\xampp\Desktop\mdcnpal\htdocs\public_html\core\dbclass.php(55): Singleton::get_instance()
#3 C:\xampp\Desktop\mdcnpal\htdocs\public_html\core\app.php(118): dbclass::get_instance()
#4 C:\xampp\Desktop\mdcnpal\htdocs\public_html\core\singleton.php(19): app->init()
#5 C:\xampp\Desktop\mdcnpal\htdocs\public_html\core\app.php(161): Singleton::get_instance()
#6 C:\xampp\Desktop\mdcnpal\htdocs\public_html\index.php(4): app::get_instance()
#7 {main}
  thrown in C:\xampp\Desktop\mdcnpal\htdocs\public_html\core\error_handler.php on line 2
[06-Jul-2026 16:50:50 Asia/Kathmandu] PHP Fatal error:  Uncaught ArgumentCountError: Too few arguments to function custom_error(), 4 passed in C:\xampp\Desktop\mdcnpal\htdocs\public_html\core\dbclass.php on line 69 and exactly 5 expected in C:\xampp\Desktop\mdcnpal\htdocs\public_html\core\error_handler.php:2
Stack trace:
#0 C:\xampp\Desktop\mdcnpal\htdocs\public_html\core\dbclass.php(69): custom_error(8192, 'Creation of dyn...', 'C:\\xampp\\Deskto...', 69)
#1 C:\xampp\Desktop\mdcnpal\htdocs\public_html\core\singleton.php(19): dbclass->init()
#2 C:\xampp\Desktop\mdcnpal\htdocs\public_html\core\dbclass.php(55): Singleton::get_instance()
#3 C:\xampp\Desktop\mdcnpal\htdocs\public_html\core\app.php(118): dbclass::get_instance()
#4 C:\xampp\Desktop\mdcnpal\htdocs\public_html\core\singleton.php(19): app->init()
#5 C:\xampp\Desktop\mdcnpal\htdocs\public_html\core\app.php(161): Singleton::get_instance()
#6 C:\xampp\Desktop\mdcnpal\htdocs\public_html\index.php(4): app::get_instance()
#7 {main}
  thrown in C:\xampp\Desktop\mdcnpal\htdocs\public_html\core\error_handler.php on line 2
[06-Jul-2026 16:50:51 Asia/Kathmandu] PHP Fatal error:  Uncaught ArgumentCountError: Too few arguments to function custom_error(), 4 passed in C:\xampp\Desktop\mdcnpal\htdocs\public_html\core\dbclass.php on line 69 and exactly 5 expected in C:\xampp\Desktop\mdcnpal\htdocs\public_html\core\error_handler.php:2
Stack trace:
#0 C:\xampp\Desktop\mdcnpal\htdocs\public_html\core\dbclass.php(69): custom_error(8192, 'Creation of dyn...', 'C:\\xampp\\Deskto...', 69)
#1 C:\xampp\Desktop\mdcnpal\htdocs\public_html\core\singleton.php(19): dbclass->init()
#2 C:\xampp\Desktop\mdcnpal\htdocs\public_html\core\dbclass.php(55): Singleton::get_instance()
#3 C:\xampp\Desktop\mdcnpal\htdocs\public_html\core\app.php(118): dbclass::get_instance()
#4 C:\xampp\Desktop\mdcnpal\htdocs\public_html\core\singleton.php(19): app->init()
#5 C:\xampp\Desktop\mdcnpal\htdocs\public_html\core\app.php(161): Singleton::get_instance()
#6 C:\xampp\Desktop\mdcnpal\htdocs\public_html\index.php(4): app::get_instance()
#7 {main}
  thrown in C:\xampp\Desktop\mdcnpal\htdocs\public_html\core\error_handler.php on line 2
[06-Jul-2026 16:50:52 Asia/Kathmandu] PHP Fatal error:  Uncaught ArgumentCountError: Too few arguments to function custom_error(), 4 passed in C:\xampp\Desktop\mdcnpal\htdocs\public_html\core\dbclass.php on line 69 and exactly 5 expected in C:\xampp\Desktop\mdcnpal\htdocs\public_html\core\error_handler.php:2
Stack trace:
#0 C:\xampp\Desktop\mdcnpal\htdocs\public_html\core\dbclass.php(69): custom_error(8192, 'Creation of dyn...', 'C:\\xampp\\Deskto...', 69)
#1 C:\xampp\Desktop\mdcnpal\htdocs\public_html\core\singleton.php(19): dbclass->init()
#2 C:\xampp\Desktop\mdcnpal\htdocs\public_html\core\dbclass.php(55): Singleton::get_instance()
#3 C:\xampp\Desktop\mdcnpal\htdocs\public_html\core\app.php(118): dbclass::get_instance()
#4 C:\xampp\Desktop\mdcnpal\htdocs\public_html\core\singleton.php(19): app->init()
#5 C:\xampp\Desktop\mdcnpal\htdocs\public_html\core\app.php(161): Singleton::get_instance()
#6 C:\xampp\Desktop\mdcnpal\htdocs\public_html\index.php(4): app::get_instance()
#7 {main}
  thrown in C:\xampp\Desktop\mdcnpal\htdocs\public_html\core\error_handler.php on line 2
[06-Jul-2026 16:50:52 Asia/Kathmandu] PHP Fatal error:  Uncaught ArgumentCountError: Too few arguments to function custom_error(), 4 passed in C:\xampp\Desktop\mdcnpal\htdocs\public_html\core\dbclass.php on line 69 and exactly 5 expected in C:\xampp\Desktop\mdcnpal\htdocs\public_html\core\error_handler.php:2
Stack trace:
#0 C:\xampp\Desktop\mdcnpal\htdocs\public_html\core\dbclass.php(69): custom_error(8192, 'Creation of dyn...', 'C:\\xampp\\Deskto...', 69)
#1 C:\xampp\Desktop\mdcnpal\htdocs\public_html\core\singleton.php(19): dbclass->init()
#2 C:\xampp\Desktop\mdcnpal\htdocs\public_html\core\dbclass.php(55): Singleton::get_instance()
#3 C:\xampp\Desktop\mdcnpal\htdocs\public_html\core\app.php(118): dbclass::get_instance()
#4 C:\xampp\Desktop\mdcnpal\htdocs\public_html\core\singleton.php(19): app->init()
#5 C:\xampp\Desktop\mdcnpal\htdocs\public_html\core\app.php(161): Singleton::get_instance()
#6 C:\xampp\Desktop\mdcnpal\htdocs\public_html\index.php(4): app::get_instance()
#7 {main}
  thrown in C:\xampp\Desktop\mdcnpal\htdocs\public_html\core\error_handler.php on line 2
[06-Jul-2026 16:50:53 Asia/Kathmandu] PHP Fatal error:  Uncaught ArgumentCountError: Too few arguments to function custom_error(), 4 passed in C:\xampp\Desktop\mdcnpal\htdocs\public_html\core\dbclass.php on line 69 and exactly 5 expected in C:\xampp\Desktop\mdcnpal\htdocs\public_html\core\error_handler.php:2
Stack trace:
#0 C:\xampp\Desktop\mdcnpal\htdocs\public_html\core\dbclass.php(69): custom_error(8192, 'Creation of dyn...', 'C:\\xampp\\Deskto...', 69)
#1 C:\xampp\Desktop\mdcnpal\htdocs\public_html\core\singleton.php(19): dbclass->init()
#2 C:\xampp\Desktop\mdcnpal\htdocs\public_html\core\dbclass.php(55): Singleton::get_instance()
#3 C:\xampp\Desktop\mdcnpal\htdocs\public_html\core\app.php(118): dbclass::get_instance()
#4 C:\xampp\Desktop\mdcnpal\htdocs\public_html\core\singleton.php(19): app->init()
#5 C:\xampp\Desktop\mdcnpal\htdocs\public_html\core\app.php(161): Singleton::get_instance()
#6 C:\xampp\Desktop\mdcnpal\htdocs\public_html\index.php(4): app::get_instance()
#7 {main}
  thrown in C:\xampp\Desktop\mdcnpal\htdocs\public_html\core\error_handler.php on line 2
[06-Jul-2026 16:51:00 Asia/Kathmandu] PHP Fatal error:  Uncaught ArgumentCountError: Too few arguments to function custom_error(), 4 passed in C:\xampp\Desktop\mdcnpal\htdocs\public_html\core\dbclass.php on line 69 and exactly 5 expected in C:\xampp\Desktop\mdcnpal\htdocs\public_html\core\error_handler.php:2
Stack trace:
#0 C:\xampp\Desktop\mdcnpal\htdocs\public_html\core\dbclass.php(69): custom_error(8192, 'Creation of dyn...', 'C:\\xampp\\Deskto...', 69)
#1 C:\xampp\Desktop\mdcnpal\htdocs\public_html\core\singleton.php(19): dbclass->init()
#2 C:\xampp\Desktop\mdcnpal\htdocs\public_html\core\dbclass.php(55): Singleton::get_instance()
#3 C:\xampp\Desktop\mdcnpal\htdocs\public_html\core\app.php(118): dbclass::get_instance()
#4 C:\xampp\Desktop\mdcnpal\htdocs\public_html\core\singleton.php(19): app->init()
#5 C:\xampp\Desktop\mdcnpal\htdocs\public_html\core\app.php(161): Singleton::get_instance()
#6 C:\xampp\Desktop\mdcnpal\htdocs\public_html\index.php(4): app::get_instance()
#7 {main}
  thrown in C:\xampp\Desktop\mdcnpal\htdocs\public_html\core\error_handler.php on line 2
[06-Jul-2026 16:51:17 Asia/Kathmandu] PHP Fatal error:  Uncaught ArgumentCountError: Too few arguments to function custom_error(), 4 passed in C:\xampp\Desktop\mdcnpal\htdocs\public_html\core\dbclass.php on line 69 and exactly 5 expected in C:\xampp\Desktop\mdcnpal\htdocs\public_html\core\error_handler.php:2
Stack trace:
#0 C:\xampp\Desktop\mdcnpal\htdocs\public_html\core\dbclass.php(69): custom_error(8192, 'Creation of dyn...', 'C:\\xampp\\Deskto...', 69)
#1 C:\xampp\Desktop\mdcnpal\htdocs\public_html\core\singleton.php(19): dbclass->init()
#2 C:\xampp\Desktop\mdcnpal\htdocs\public_html\core\dbclass.php(55): Singleton::get_instance()
#3 C:\xampp\Desktop\mdcnpal\htdocs\public_html\core\app.php(118): dbclass::get_instance()
#4 C:\xampp\Desktop\mdcnpal\htdocs\public_html\core\singleton.php(19): app->init()
#5 C:\xampp\Desktop\mdcnpal\htdocs\public_html\core\app.php(161): Singleton::get_instance()
#6 C:\xampp\Desktop\mdcnpal\htdocs\public_html\index.php(4): app::get_instance()
#7 Command line code(1): include('C:\\xampp\\Deskto...')
#8 {main}
  thrown in C:\xampp\Desktop\mdcnpal\htdocs\public_html\core\error_handler.php on line 2
[2026-07-06 16:52:26] Creation of dynamic property dbclass::$RECORD_SET is deprecated in C:\xampp\Desktop\mdcnpal\htdocs\public_html\core\dbclass.php on line 69
[2026-07-06 16:52:26] Creation of dynamic property dbclass::$app is deprecated in C:\xampp\Desktop\mdcnpal\htdocs\public_html\core\dbclass.php on line 75
[2026-07-06 16:52:26] Creation of dynamic property model::$foreign_tables is deprecated in C:\xampp\Desktop\mdcnpal\htdocs\public_html\core\model.php on line 43
[2026-07-06 16:52:26] Creation of dynamic property app::$inputfilter is deprecated in C:\xampp\Desktop\mdcnpal\htdocs\public_html\core\app.php on line 123
[2026-07-06 16:52:26] Creation of dynamic property app::$userconfig is deprecated in C:\xampp\Desktop\mdcnpal\htdocs\public_html\core\app.php on line 124
[2026-07-06 16:52:26] Creation of dynamic property app::$global_include is deprecated in C:\xampp\Desktop\mdcnpal\htdocs\public_html\core\app.php on line 125
[2026-07-06 16:52:26] Creation of dynamic property app::$set_cache_time is deprecated in C:\xampp\Desktop\mdcnpal\htdocs\public_html\core\app.php on line 153
[06-Jul-2026 16:52:26 Asia/Kathmandu] PHP Fatal error:  Uncaught Error: Undefined constant "HTTP_HOST" in C:\xampp\Desktop\mdcnpal\htdocs\public_html\core\global_include.php:308
Stack trace:
#0 C:\xampp\Desktop\mdcnpal\htdocs\public_html\core\controller.php(37): global_include->initalize()
#1 C:\xampp\Desktop\mdcnpal\htdocs\public_html\core\app.php(619): controller->initialize()
#2 C:\xampp\Desktop\mdcnpal\htdocs\public_html\core\app.php(510): app->execute_controller()
#3 C:\xampp\Desktop\mdcnpal\htdocs\public_html\index.php(6): app->execute()
#4 {main}
  thrown in C:\xampp\Desktop\mdcnpal\htdocs\public_html\core\global_include.php on line 308
[2026-07-06 16:54:07] Creation of dynamic property dbclass::$RECORD_SET is deprecated in C:\xampp\Desktop\mdcnpal\htdocs\public_html\core\dbclass.php on line 69
[2026-07-06 16:54:07] Creation of dynamic property dbclass::$app is deprecated in C:\xampp\Desktop\mdcnpal\htdocs\public_html\core\dbclass.php on line 75
[2026-07-06 16:54:07] Creation of dynamic property model::$foreign_tables is deprecated in C:\xampp\Desktop\mdcnpal\htdocs\public_html\core\model.php on line 43
[2026-07-06 16:54:07] Creation of dynamic property app::$inputfilter is deprecated in C:\xampp\Desktop\mdcnpal\htdocs\public_html\core\app.php on line 123
[2026-07-06 16:54:07] Creation of dynamic property app::$userconfig is deprecated in C:\xampp\Desktop\mdcnpal\htdocs\public_html\core\app.php on line 124
[2026-07-06 16:54:07] Creation of dynamic property app::$global_include is deprecated in C:\xampp\Desktop\mdcnpal\htdocs\public_html\core\app.php on line 125
[2026-07-06 16:54:07] Creation of dynamic property app::$set_cache_time is deprecated in C:\xampp\Desktop\mdcnpal\htdocs\public_html\core\app.php on line 153
[2026-07-06 16:54:07] Undefined array key "cityID" in C:\xampp\Desktop\mdcnpal\htdocs\public_html\core\global_include.php on line 381
[2026-07-06 16:54:07] Undefined array key "cityID" in C:\xampp\Desktop\mdcnpal\htdocs\public_html\core\global_include.php on line 416
[2026-07-06 16:54:07] Creation of dynamic property app::$meta is deprecated in C:\xampp\Desktop\mdcnpal\htdocs\public_html\core\app.php on line 434
[2026-07-06 16:54:07] Creation of dynamic property app::$rs_gs_city is deprecated in C:\xampp\Desktop\mdcnpal\htdocs\public_html\core\app.php on line 434
[2026-07-06 16:54:07] Undefined array key "cityID" in C:\xampp\Desktop\mdcnpal\htdocs\public_html\core\global_include.php on line 468
[2026-07-06 16:54:07] Column id is not found in the primary table schema (item) in C:\xampp\Desktop\mdcnpal\htdocs\public_html\core\model.php on line 1317
[2026-07-06 16:54:37] Creation of dynamic property dbclass::$RECORD_SET is deprecated in C:\xampp\Desktop\mdcnpal\htdocs\public_html\core\dbclass.php on line 69
[2026-07-06 16:54:37] Creation of dynamic property dbclass::$app is deprecated in C:\xampp\Desktop\mdcnpal\htdocs\public_html\core\dbclass.php on line 75
[2026-07-06 16:54:37] Creation of dynamic property model::$foreign_tables is deprecated in C:\xampp\Desktop\mdcnpal\htdocs\public_html\core\model.php on line 43
[2026-07-06 16:54:37] Creation of dynamic property app::$inputfilter is deprecated in C:\xampp\Desktop\mdcnpal\htdocs\public_html\core\app.php on line 123
[2026-07-06 16:54:37] Creation of dynamic property app::$userconfig is deprecated in C:\xampp\Desktop\mdcnpal\htdocs\public_html\core\app.php on line 124
[2026-07-06 16:54:37] Creation of dynamic property app::$global_include is deprecated in C:\xampp\Desktop\mdcnpal\htdocs\public_html\core\app.php on line 125
[2026-07-06 16:54:37] Creation of dynamic property app::$set_cache_time is deprecated in C:\xampp\Desktop\mdcnpal\htdocs\public_html\core\app.php on line 153
[2026-07-06 16:54:37] Undefined array key "cityID" in C:\xampp\Desktop\mdcnpal\htdocs\public_html\core\global_include.php on line 381
[2026-07-06 16:54:37] Undefined array key "cityID" in C:\xampp\Desktop\mdcnpal\htdocs\public_html\core\global_include.php on line 416
[2026-07-06 16:54:37] Creation of dynamic property app::$meta is deprecated in C:\xampp\Desktop\mdcnpal\htdocs\public_html\core\app.php on line 434
[2026-07-06 16:54:37] Creation of dynamic property app::$rs_gs_city is deprecated in C:\xampp\Desktop\mdcnpal\htdocs\public_html\core\app.php on line 434
[2026-07-06 16:54:37] Undefined array key "cityID" in C:\xampp\Desktop\mdcnpal\htdocs\public_html\core\global_include.php on line 468
[2026-07-06 16:54:37] Column id is not found in the primary table schema (item) in C:\xampp\Desktop\mdcnpal\htdocs\public_html\core\model.php on line 1317
[2026-07-06 16:55:43] Creation of dynamic property dbclass::$RECORD_SET is deprecated in C:\xampp\Desktop\mdcnpal\htdocs\public_html\core\dbclass.php on line 69
[2026-07-06 16:55:43] Creation of dynamic property dbclass::$app is deprecated in C:\xampp\Desktop\mdcnpal\htdocs\public_html\core\dbclass.php on line 75
[2026-07-06 16:55:43] Creation of dynamic property model::$foreign_tables is deprecated in C:\xampp\Desktop\mdcnpal\htdocs\public_html\core\model.php on line 43
[2026-07-06 16:55:43] Creation of dynamic property app::$inputfilter is deprecated in C:\xampp\Desktop\mdcnpal\htdocs\public_html\core\app.php on line 123
[2026-07-06 16:55:43] Creation of dynamic property app::$userconfig is deprecated in C:\xampp\Desktop\mdcnpal\htdocs\public_html\core\app.php on line 124
[2026-07-06 16:55:43] Creation of dynamic property app::$global_include is deprecated in C:\xampp\Desktop\mdcnpal\htdocs\public_html\core\app.php on line 125
[2026-07-06 16:55:43] Creation of dynamic property app::$set_cache_time is deprecated in C:\xampp\Desktop\mdcnpal\htdocs\public_html\core\app.php on line 153
[2026-07-06 16:55:43] Undefined array key "cityID" in C:\xampp\Desktop\mdcnpal\htdocs\public_html\core\global_include.php on line 381
[2026-07-06 16:55:43] Undefined array key "cityID" in C:\xampp\Desktop\mdcnpal\htdocs\public_html\core\global_include.php on line 416
[2026-07-06 16:55:43] Creation of dynamic property app::$meta is deprecated in C:\xampp\Desktop\mdcnpal\htdocs\public_html\core\app.php on line 434
[2026-07-06 16:55:43] Creation of dynamic property app::$rs_gs_city is deprecated in C:\xampp\Desktop\mdcnpal\htdocs\public_html\core\app.php on line 434
[2026-07-06 16:55:43] Undefined array key "cityID" in C:\xampp\Desktop\mdcnpal\htdocs\public_html\core\global_include.php on line 468
[2026-07-06 16:55:43] Column id is not found in the primary table schema (item) in C:\xampp\Desktop\mdcnpal\htdocs\public_html\core\model.php on line 1317
[2026-07-06 16:56:17] Creation of dynamic property dbclass::$RECORD_SET is deprecated in C:\xampp\Desktop\mdcnpal\htdocs\public_html\core\dbclass.php on line 69
[2026-07-06 16:56:17] Creation of dynamic property dbclass::$app is deprecated in C:\xampp\Desktop\mdcnpal\htdocs\public_html\core\dbclass.php on line 75
[2026-07-06 16:56:17] Creation of dynamic property model::$foreign_tables is deprecated in C:\xampp\Desktop\mdcnpal\htdocs\public_html\core\model.php on line 43
[2026-07-06 16:56:17] Creation of dynamic property app::$inputfilter is deprecated in C:\xampp\Desktop\mdcnpal\htdocs\public_html\core\app.php on line 123
[2026-07-06 16:56:17] Creation of dynamic property app::$userconfig is deprecated in C:\xampp\Desktop\mdcnpal\htdocs\public_html\core\app.php on line 124
[2026-07-06 16:56:17] Creation of dynamic property app::$global_include is deprecated in C:\xampp\Desktop\mdcnpal\htdocs\public_html\core\app.php on line 125
[2026-07-06 16:56:17] Creation of dynamic property app::$set_cache_time is deprecated in C:\xampp\Desktop\mdcnpal\htdocs\public_html\core\app.php on line 153
[2026-07-06 16:56:17] Undefined array key "cityID" in C:\xampp\Desktop\mdcnpal\htdocs\public_html\core\global_include.php on line 381
[2026-07-06 16:56:17] Undefined array key "cityID" in C:\xampp\Desktop\mdcnpal\htdocs\public_html\core\global_include.php on line 416
[2026-07-06 16:56:17] Creation of dynamic property app::$meta is deprecated in C:\xampp\Desktop\mdcnpal\htdocs\public_html\core\app.php on line 434
[2026-07-06 16:56:17] Creation of dynamic property app::$rs_gs_city is deprecated in C:\xampp\Desktop\mdcnpal\htdocs\public_html\core\app.php on line 434
[2026-07-06 16:56:17] Undefined array key "cityID" in C:\xampp\Desktop\mdcnpal\htdocs\public_html\core\global_include.php on line 468
[2026-07-06 16:56:17] Column id is not found in the primary table schema (item) in C:\xampp\Desktop\mdcnpal\htdocs\public_html\core\model.php on line 1317
[2026-07-06 16:56:18] Creation of dynamic property dbclass::$RECORD_SET is deprecated in C:\xampp\Desktop\mdcnpal\htdocs\public_html\core\dbclass.php on line 69
[2026-07-06 16:56:18] Creation of dynamic property dbclass::$app is deprecated in C:\xampp\Desktop\mdcnpal\htdocs\public_html\core\dbclass.php on line 75
[2026-07-06 16:56:18] Creation of dynamic property model::$foreign_tables is deprecated in C:\xampp\Desktop\mdcnpal\htdocs\public_html\core\model.php on line 43
[2026-07-06 16:56:18] Creation of dynamic property app::$inputfilter is deprecated in C:\xampp\Desktop\mdcnpal\htdocs\public_html\core\app.php on line 123
[2026-07-06 16:56:18] Creation of dynamic property app::$userconfig is deprecated in C:\xampp\Desktop\mdcnpal\htdocs\public_html\core\app.php on line 124
[2026-07-06 16:56:18] Creation of dynamic property app::$global_include is deprecated in C:\xampp\Desktop\mdcnpal\htdocs\public_html\core\app.php on line 125
[2026-07-06 16:56:18] Creation of dynamic property app::$set_cache_time is deprecated in C:\xampp\Desktop\mdcnpal\htdocs\public_html\core\app.php on line 153
[2026-07-06 16:56:18] Creation of dynamic property app::$meta is deprecated in C:\xampp\Desktop\mdcnpal\htdocs\public_html\core\app.php on line 434
[2026-07-06 16:56:18] Creation of dynamic property app::$rs_gs_city is deprecated in C:\xampp\Desktop\mdcnpal\htdocs\public_html\core\app.php on line 434
[2026-07-06 16:56:18] Column id is not found in the primary table schema (item) in C:\xampp\Desktop\mdcnpal\htdocs\public_html\core\model.php on line 1317
[2026-07-06 16:56:19] Creation of dynamic property dbclass::$RECORD_SET is deprecated in C:\xampp\Desktop\mdcnpal\htdocs\public_html\core\dbclass.php on line 69
[2026-07-06 16:56:19] Creation of dynamic property dbclass::$app is deprecated in C:\xampp\Desktop\mdcnpal\htdocs\public_html\core\dbclass.php on line 75
[2026-07-06 16:56:19] Creation of dynamic property model::$foreign_tables is deprecated in C:\xampp\Desktop\mdcnpal\htdocs\public_html\core\model.php on line 43
[2026-07-06 16:56:19] Creation of dynamic property app::$inputfilter is deprecated in C:\xampp\Desktop\mdcnpal\htdocs\public_html\core\app.php on line 123
[2026-07-06 16:56:19] Creation of dynamic property app::$userconfig is deprecated in C:\xampp\Desktop\mdcnpal\htdocs\public_html\core\app.php on line 124
[2026-07-06 16:56:19] Creation of dynamic property app::$global_include is deprecated in C:\xampp\Desktop\mdcnpal\htdocs\public_html\core\app.php on line 125
[2026-07-06 16:56:19] Creation of dynamic property app::$set_cache_time is deprecated in C:\xampp\Desktop\mdcnpal\htdocs\public_html\core\app.php on line 153
[2026-07-06 16:56:19] Creation of dynamic property app::$meta is deprecated in C:\xampp\Desktop\mdcnpal\htdocs\public_html\core\app.php on line 434
[2026-07-06 16:56:19] Creation of dynamic property app::$rs_gs_city is deprecated in C:\xampp\Desktop\mdcnpal\htdocs\public_html\core\app.php on line 434
[2026-07-06 16:56:19] Column id is not found in the primary table schema (item) in C:\xampp\Desktop\mdcnpal\htdocs\public_html\core\model.php on line 1317
[2026-07-06 16:56:26] Creation of dynamic property dbclass::$RECORD_SET is deprecated in C:\xampp\Desktop\mdcnpal\htdocs\public_html\core\dbclass.php on line 69
[2026-07-06 16:56:26] Creation of dynamic property dbclass::$app is deprecated in C:\xampp\Desktop\mdcnpal\htdocs\public_html\core\dbclass.php on line 75
[2026-07-06 16:56:26] Creation of dynamic property model::$foreign_tables is deprecated in C:\xampp\Desktop\mdcnpal\htdocs\public_html\core\model.php on line 43
[2026-07-06 16:56:26] Creation of dynamic property app::$inputfilter is deprecated in C:\xampp\Desktop\mdcnpal\htdocs\public_html\core\app.php on line 123
[2026-07-06 16:56:26] Creation of dynamic property app::$userconfig is deprecated in C:\xampp\Desktop\mdcnpal\htdocs\public_html\core\app.php on line 124
[2026-07-06 16:56:26] Creation of dynamic property app::$global_include is deprecated in C:\xampp\Desktop\mdcnpal\htdocs\public_html\core\app.php on line 125
[2026-07-06 16:56:26] Creation of dynamic property app::$set_cache_time is deprecated in C:\xampp\Desktop\mdcnpal\htdocs\public_html\core\app.php on line 153
[2026-07-06 16:56:26] Creation of dynamic property app::$meta is deprecated in C:\xampp\Desktop\mdcnpal\htdocs\public_html\core\app.php on line 434
[2026-07-06 16:56:26] Creation of dynamic property app::$rs_gs_city is deprecated in C:\xampp\Desktop\mdcnpal\htdocs\public_html\core\app.php on line 434
[2026-07-06 16:56:26] Column id is not found in the primary table schema (item) in C:\xampp\Desktop\mdcnpal\htdocs\public_html\core\model.php on line 1317
[2026-07-06 16:56:27] Creation of dynamic property dbclass::$RECORD_SET is deprecated in C:\xampp\Desktop\mdcnpal\htdocs\public_html\core\dbclass.php on line 69
[2026-07-06 16:56:27] Creation of dynamic property dbclass::$app is deprecated in C:\xampp\Desktop\mdcnpal\htdocs\public_html\core\dbclass.php on line 75
[2026-07-06 16:56:27] Creation of dynamic property model::$foreign_tables is deprecated in C:\xampp\Desktop\mdcnpal\htdocs\public_html\core\model.php on line 43
[2026-07-06 16:56:27] Creation of dynamic property app::$inputfilter is deprecated in C:\xampp\Desktop\mdcnpal\htdocs\public_html\core\app.php on line 123
[2026-07-06 16:56:27] Creation of dynamic property app::$userconfig is deprecated in C:\xampp\Desktop\mdcnpal\htdocs\public_html\core\app.php on line 124
[2026-07-06 16:56:27] Creation of dynamic property app::$global_include is deprecated in C:\xampp\Desktop\mdcnpal\htdocs\public_html\core\app.php on line 125
[2026-07-06 16:56:27] Creation of dynamic property app::$set_cache_time is deprecated in C:\xampp\Desktop\mdcnpal\htdocs\public_html\core\app.php on line 153
[2026-07-06 16:56:27] Creation of dynamic property app::$meta is deprecated in C:\xampp\Desktop\mdcnpal\htdocs\public_html\core\app.php on line 434
[2026-07-06 16:56:27] Creation of dynamic property app::$rs_gs_city is deprecated in C:\xampp\Desktop\mdcnpal\htdocs\public_html\core\app.php on line 434
[2026-07-06 16:56:27] Column id is not found in the primary table schema (item) in C:\xampp\Desktop\mdcnpal\htdocs\public_html\core\model.php on line 1317
[2026-07-06 16:56:28] Creation of dynamic property dbclass::$RECORD_SET is deprecated in C:\xampp\Desktop\mdcnpal\htdocs\public_html\core\dbclass.php on line 69
[2026-07-06 16:56:28] Creation of dynamic property dbclass::$app is deprecated in C:\xampp\Desktop\mdcnpal\htdocs\public_html\core\dbclass.php on line 75
[2026-07-06 16:56:28] Creation of dynamic property model::$foreign_tables is deprecated in C:\xampp\Desktop\mdcnpal\htdocs\public_html\core\model.php on line 43
[2026-07-06 16:56:28] Creation of dynamic property app::$inputfilter is deprecated in C:\xampp\Desktop\mdcnpal\htdocs\public_html\core\app.php on line 123
[2026-07-06 16:56:28] Creation of dynamic property app::$userconfig is deprecated in C:\xampp\Desktop\mdcnpal\htdocs\public_html\core\app.php on line 124
[2026-07-06 16:56:28] Creation of dynamic property app::$global_include is deprecated in C:\xampp\Desktop\mdcnpal\htdocs\public_html\core\app.php on line 125
[2026-07-06 16:56:28] Creation of dynamic property app::$set_cache_time is deprecated in C:\xampp\Desktop\mdcnpal\htdocs\public_html\core\app.php on line 153
[2026-07-06 16:56:28] Creation of dynamic property app::$meta is deprecated in C:\xampp\Desktop\mdcnpal\htdocs\public_html\core\app.php on line 434
[2026-07-06 16:56:28] Creation of dynamic property app::$rs_gs_city is deprecated in C:\xampp\Desktop\mdcnpal\htdocs\public_html\core\app.php on line 434
[2026-07-06 16:56:28] Column id is not found in the primary table schema (item) in C:\xampp\Desktop\mdcnpal\htdocs\public_html\core\model.php on line 1317
[2026-07-06 16:56:28] Creation of dynamic property dbclass::$RECORD_SET is deprecated in C:\xampp\Desktop\mdcnpal\htdocs\public_html\core\dbclass.php on line 69
[2026-07-06 16:56:28] Creation of dynamic property dbclass::$app is deprecated in C:\xampp\Desktop\mdcnpal\htdocs\public_html\core\dbclass.php on line 75
[2026-07-06 16:56:28] Creation of dynamic property model::$foreign_tables is deprecated in C:\xampp\Desktop\mdcnpal\htdocs\public_html\core\model.php on line 43
[2026-07-06 16:56:28] Creation of dynamic property app::$inputfilter is deprecated in C:\xampp\Desktop\mdcnpal\htdocs\public_html\core\app.php on line 123
[2026-07-06 16:56:28] Creation of dynamic property app::$userconfig is deprecated in C:\xampp\Desktop\mdcnpal\htdocs\public_html\core\app.php on line 124
[2026-07-06 16:56:28] Creation of dynamic property app::$global_include is deprecated in C:\xampp\Desktop\mdcnpal\htdocs\public_html\core\app.php on line 125
[2026-07-06 16:56:28] Creation of dynamic property app::$set_cache_time is deprecated in C:\xampp\Desktop\mdcnpal\htdocs\public_html\core\app.php on line 153
[2026-07-06 16:56:28] Creation of dynamic property app::$meta is deprecated in C:\xampp\Desktop\mdcnpal\htdocs\public_html\core\app.php on line 434
[2026-07-06 16:56:28] Creation of dynamic property app::$rs_gs_city is deprecated in C:\xampp\Desktop\mdcnpal\htdocs\public_html\core\app.php on line 434
[2026-07-06 16:56:28] Column id is not found in the primary table schema (item) in C:\xampp\Desktop\mdcnpal\htdocs\public_html\core\model.php on line 1317
[2026-07-06 16:56:37] Creation of dynamic property dbclass::$RECORD_SET is deprecated in C:\xampp\Desktop\mdcnpal\htdocs\public_html\core\dbclass.php on line 69
[2026-07-06 16:56:37] Creation of dynamic property dbclass::$app is deprecated in C:\xampp\Desktop\mdcnpal\htdocs\public_html\core\dbclass.php on line 75
[2026-07-06 16:56:37] Creation of dynamic property model::$foreign_tables is deprecated in C:\xampp\Desktop\mdcnpal\htdocs\public_html\core\model.php on line 43
[2026-07-06 16:56:37] Creation of dynamic property app::$inputfilter is deprecated in C:\xampp\Desktop\mdcnpal\htdocs\public_html\core\app.php on line 123
[2026-07-06 16:56:37] Creation of dynamic property app::$userconfig is deprecated in C:\xampp\Desktop\mdcnpal\htdocs\public_html\core\app.php on line 124
[2026-07-06 16:56:37] Creation of dynamic property app::$global_include is deprecated in C:\xampp\Desktop\mdcnpal\htdocs\public_html\core\app.php on line 125
[2026-07-06 16:56:37] Creation of dynamic property app::$set_cache_time is deprecated in C:\xampp\Desktop\mdcnpal\htdocs\public_html\core\app.php on line 153
[2026-07-06 16:56:37] Creation of dynamic property app::$meta is deprecated in C:\xampp\Desktop\mdcnpal\htdocs\public_html\core\app.php on line 434
[2026-07-06 16:56:37] Creation of dynamic property app::$rs_gs_city is deprecated in C:\xampp\Desktop\mdcnpal\htdocs\public_html\core\app.php on line 434
[2026-07-06 16:56:37] Column id is not found in the primary table schema (item) in C:\xampp\Desktop\mdcnpal\htdocs\public_html\core\model.php on line 1317
[2026-07-06 16:57:13] Creation of dynamic property dbclass::$RECORD_SET is deprecated in C:\xampp\Desktop\mdcnpal\htdocs\public_html\core\dbclass.php on line 69
[2026-07-06 16:57:13] Creation of dynamic property dbclass::$app is deprecated in C:\xampp\Desktop\mdcnpal\htdocs\public_html\core\dbclass.php on line 75
[2026-07-06 16:57:13] Creation of dynamic property model::$foreign_tables is deprecated in C:\xampp\Desktop\mdcnpal\htdocs\public_html\core\model.php on line 43
[2026-07-06 16:57:13] Creation of dynamic property app::$inputfilter is deprecated in C:\xampp\Desktop\mdcnpal\htdocs\public_html\core\app.php on line 123
[2026-07-06 16:57:13] Creation of dynamic property app::$userconfig is deprecated in C:\xampp\Desktop\mdcnpal\htdocs\public_html\core\app.php on line 124
[2026-07-06 16:57:13] Creation of dynamic property app::$global_include is deprecated in C:\xampp\Desktop\mdcnpal\htdocs\public_html\core\app.php on line 125
[2026-07-06 16:57:13] Creation of dynamic property app::$set_cache_time is deprecated in C:\xampp\Desktop\mdcnpal\htdocs\public_html\core\app.php on line 153
[2026-07-06 16:57:13] Undefined array key "cityID" in C:\xampp\Desktop\mdcnpal\htdocs\public_html\core\global_include.php on line 381
[2026-07-06 16:57:13] Undefined array key "cityID" in C:\xampp\Desktop\mdcnpal\htdocs\public_html\core\global_include.php on line 416
[2026-07-06 16:57:13] Creation of dynamic property app::$meta is deprecated in C:\xampp\Desktop\mdcnpal\htdocs\public_html\core\app.php on line 434
[2026-07-06 16:57:13] Creation of dynamic property app::$rs_gs_city is deprecated in C:\xampp\Desktop\mdcnpal\htdocs\public_html\core\app.php on line 434
[2026-07-06 16:57:13] Undefined array key "cityID" in C:\xampp\Desktop\mdcnpal\htdocs\public_html\core\global_include.php on line 468
[2026-07-06 16:57:13] Column item_id is not found in the foreign table schema (item_other_data) in C:\xampp\Desktop\mdcnpal\htdocs\public_html\core\model.php on line 1333
[2026-07-06 16:58:43] Creation of dynamic property dbclass::$RECORD_SET is deprecated in C:\xampp\Desktop\mdcnpal\htdocs\public_html\core\dbclass.php on line 69
[2026-07-06 16:58:43] Creation of dynamic property dbclass::$app is deprecated in C:\xampp\Desktop\mdcnpal\htdocs\public_html\core\dbclass.php on line 75
[2026-07-06 16:58:43] Creation of dynamic property model::$foreign_tables is deprecated in C:\xampp\Desktop\mdcnpal\htdocs\public_html\core\model.php on line 43
[2026-07-06 16:58:43] Creation of dynamic property app::$inputfilter is deprecated in C:\xampp\Desktop\mdcnpal\htdocs\public_html\core\app.php on line 123
[2026-07-06 16:58:43] Creation of dynamic property app::$userconfig is deprecated in C:\xampp\Desktop\mdcnpal\htdocs\public_html\core\app.php on line 124
[2026-07-06 16:58:43] Creation of dynamic property app::$global_include is deprecated in C:\xampp\Desktop\mdcnpal\htdocs\public_html\core\app.php on line 125
[2026-07-06 16:58:43] Creation of dynamic property app::$set_cache_time is deprecated in C:\xampp\Desktop\mdcnpal\htdocs\public_html\core\app.php on line 153
[2026-07-06 16:58:43] Creation of dynamic property app::$meta is deprecated in C:\xampp\Desktop\mdcnpal\htdocs\public_html\core\app.php on line 434
[2026-07-06 16:58:43] Creation of dynamic property app::$rs_gs_city is deprecated in C:\xampp\Desktop\mdcnpal\htdocs\public_html\core\app.php on line 434
[2026-07-06 16:58:44] Creation of dynamic property app::$rs_footer_popular_item is deprecated in C:\xampp\Desktop\mdcnpal\htdocs\public_html\core\app.php on line 434
[2026-07-06 16:58:44] Creation of dynamic property app::$rs_footer_popular_test is deprecated in C:\xampp\Desktop\mdcnpal\htdocs\public_html\core\app.php on line 434
[2026-07-06 16:58:44] Creation of dynamic property app::$rs_testimonial is deprecated in C:\xampp\Desktop\mdcnpal\htdocs\public_html\core\app.php on line 434
[2026-07-06 16:58:44] Creation of dynamic property app::$admin is deprecated in C:\xampp\Desktop\mdcnpal\htdocs\public_html\core\app.php on line 434
[2026-07-06 16:58:44] Undefined array key 0 in C:\xampp\Desktop\mdcnpal\htdocs\public_html\core\global_include.php on line 514
[2026-07-06 16:58:44] Creation of dynamic property app::$popup is deprecated in C:\xampp\Desktop\mdcnpal\htdocs\public_html\core\app.php on line 434
[2026-07-06 16:58:44] Undefined array key "MDRCCustID" in C:\xampp\Desktop\mdcnpal\htdocs\public_html\core\global_include.php on line 515
[2026-07-06 16:58:44] Undefined array key "MDRCToken" in C:\xampp\Desktop\mdcnpal\htdocs\public_html\core\global_include.php on line 515
[2026-07-06 16:58:44] Creation of dynamic property app::$rscategory is deprecated in C:\xampp\Desktop\mdcnpal\htdocs\public_html\core\app.php on line 434
[2026-07-06 16:58:44] Creation of dynamic property app::$rs_pages is deprecated in C:\xampp\Desktop\mdcnpal\htdocs\public_html\core\app.php on line 434
[2026-07-06 16:58:44] Creation of dynamic property app::$gs is deprecated in C:\xampp\Desktop\mdcnpal\htdocs\public_html\core\app.php on line 434
[2026-07-06 16:58:44] Undefined array key "MDRCCustID" in C:\xampp\Desktop\mdcnpal\htdocs\public_html\core\global_include.php on line 596
[2026-07-06 16:58:44] Undefined array key "MDRCCustID" in C:\xampp\Desktop\mdcnpal\htdocs\public_html\core\global_include.php on line 615
[2026-07-06 16:58:44] Undefined variable $getId in C:\xampp\Desktop\mdcnpal\htdocs\public_html\core\global_include.php on line 684
[2026-07-06 16:58:44] Undefined variable $getName in C:\xampp\Desktop\mdcnpal\htdocs\public_html\core\global_include.php on line 685
[2026-07-06 16:58:44] Undefined array key 0 in C:\xampp\Desktop\mdcnpal\htdocs\public_html\core\global_include.php on line 810
[2026-07-06 16:58:44] Creation of dynamic property app::$rs_offer_msg is deprecated in C:\xampp\Desktop\mdcnpal\htdocs\public_html\core\app.php on line 434
[2026-07-06 16:58:44] Creation of dynamic property app::$rs_for_doctors is deprecated in C:\xampp\Desktop\mdcnpal\htdocs\public_html\core\app.php on line 434
[2026-07-06 16:58:44] Creation of dynamic property app::$description is deprecated in C:\xampp\Desktop\mdcnpal\htdocs\public_html\core\app.php on line 434
[2026-07-06 16:58:44] Creation of dynamic property app::$rs_banner is deprecated in C:\xampp\Desktop\mdcnpal\htdocs\public_html\core\app.php on line 434
[2026-07-06 16:58:44] Creation of dynamic property app::$rs_item_diseases is deprecated in C:\xampp\Desktop\mdcnpal\htdocs\public_html\core\app.php on line 434
[2026-07-06 16:58:44] Creation of dynamic property app::$rs_item_home_category is deprecated in C:\xampp\Desktop\mdcnpal\htdocs\public_html\core\app.php on line 434
[2026-07-06 16:58:44] Creation of dynamic property app::$rs_item_banner_category is deprecated in C:\xampp\Desktop\mdcnpal\htdocs\public_html\core\app.php on line 434
[2026-07-06 16:58:44] Creation of dynamic property app::$rs_services is deprecated in C:\xampp\Desktop\mdcnpal\htdocs\public_html\core\app.php on line 434
[2026-07-06 16:58:44] Creation of dynamic property app::$rs_blog is deprecated in C:\xampp\Desktop\mdcnpal\htdocs\public_html\core\app.php on line 434
[2026-07-06 16:58:44] Creation of dynamic property app::$rs_category is deprecated in C:\xampp\Desktop\mdcnpal\htdocs\public_html\core\app.php on line 434
[2026-07-06 16:58:44] Creation of dynamic property app::$rs_faq_data is deprecated in C:\xampp\Desktop\mdcnpal\htdocs\public_html\core\app.php on line 434
[2026-07-06 16:58:44] Creation of dynamic property app::$rs_gallery_data is deprecated in C:\xampp\Desktop\mdcnpal\htdocs\public_html\core\app.php on line 434
[2026-07-06 16:58:44] Undefined array key "tempCityID" in C:\xampp\Desktop\mdcnpal\htdocs\public_html\includes\header.php on line 5
[2026-07-06 16:58:44] Undefined array key "items" in C:\xampp\Desktop\mdcnpal\htdocs\public_html\includes\header.php on line 16
[2026-07-06 16:58:44] Undefined array key "item_category" in C:\xampp\Desktop\mdcnpal\htdocs\public_html\includes\header.php on line 26
[2026-07-06 16:58:44] Undefined array key "item_diseases" in C:\xampp\Desktop\mdcnpal\htdocs\public_html\includes\header.php on line 33
[2026-07-06 16:58:44] Undefined property: app::$rs_cartmini in C:\xampp\Desktop\mdcnpal\htdocs\public_html\includes\header.php on line 131
[2026-07-06 16:58:44] Undefined array key "MDRCCustID" in C:\xampp\Desktop\mdcnpal\htdocs\public_html\includes\header.php on line 134
[2026-07-06 16:58:44] Undefined property: app::$rs_cartmini in C:\xampp\Desktop\mdcnpal\htdocs\public_html\includes\header.php on line 197
[2026-07-06 16:58:44] Undefined array key "MDRCCustID" in C:\xampp\Desktop\mdcnpal\htdocs\public_html\includes\header.php on line 200
[2026-07-06 16:58:44] Undefined property: app::$rs_cartmini in C:\xampp\Desktop\mdcnpal\htdocs\public_html\includes\header.php on line 469
[2026-07-06 16:58:44] Undefined array key "MDRCCustID" in C:\xampp\Desktop\mdcnpal\htdocs\public_html\includes\header.php on line 472
[2026-07-06 16:58:44] Undefined property: app::$rs_cartmini in C:\xampp\Desktop\mdcnpal\htdocs\public_html\includes\header.php on line 525
[2026-07-06 16:58:44] Undefined array key "MDRCCustID" in C:\xampp\Desktop\mdcnpal\htdocs\public_html\includes\header.php on line 528
[2026-07-06 16:58:44] Undefined property: app::$rs_customer in C:\xampp\Desktop\mdcnpal\htdocs\public_html\includes\header.php on line 712
[2026-07-06 16:58:44] Trying to access array offset on value of type null in C:\xampp\Desktop\mdcnpal\htdocs\public_html\includes\header.php on line 712
[2026-07-06 16:58:44] Undefined property: app::$rs_customer in C:\xampp\Desktop\mdcnpal\htdocs\public_html\includes\header.php on line 721
[2026-07-06 16:58:44] Trying to access array offset on value of type null in C:\xampp\Desktop\mdcnpal\htdocs\public_html\includes\header.php on line 721
[2026-07-06 16:58:44] Undefined property: app::$rs_customer in C:\xampp\Desktop\mdcnpal\htdocs\public_html\includes\header.php on line 730
[2026-07-06 16:58:44] Trying to access array offset on value of type null in C:\xampp\Desktop\mdcnpal\htdocs\public_html\includes\header.php on line 730
[2026-07-06 16:58:44] Undefined property: app::$rs_customer in C:\xampp\Desktop\mdcnpal\htdocs\public_html\includes\header.php on line 739
[2026-07-06 16:58:44] Trying to access array offset on value of type null in C:\xampp\Desktop\mdcnpal\htdocs\public_html\includes\header.php on line 739
[2026-07-06 16:58:44] Undefined variable $g_search_query in C:\xampp\Desktop\mdcnpal\htdocs\public_html\core\app.php(565) : eval()'d code on line 219
[2026-07-06 16:58:44] Undefined variable $department_cond in C:\xampp\Desktop\mdcnpal\htdocs\public_html\core\app.php(565) : eval()'d code on line 219
[2026-07-06 16:58:44] Undefined variable $type_cond in C:\xampp\Desktop\mdcnpal\htdocs\public_html\core\app.php(565) : eval()'d code on line 219
[2026-07-06 16:58:44] Undefined variable $dieses_cond in C:\xampp\Desktop\mdcnpal\htdocs\public_html\core\app.php(565) : eval()'d code on line 219
[2026-07-06 16:58:44] Undefined variable $popular_pack_cond in C:\xampp\Desktop\mdcnpal\htdocs\public_html\core\app.php(565) : eval()'d code on line 219
[2026-07-06 16:58:44] Undefined variable $g_search_query in C:\xampp\Desktop\mdcnpal\htdocs\public_html\core\app.php(565) : eval()'d code on line 219
[2026-07-06 16:58:44] Undefined variable $department_cond in C:\xampp\Desktop\mdcnpal\htdocs\public_html\core\app.php(565) : eval()'d code on line 219
[2026-07-06 16:58:44] Undefined variable $type_cond in C:\xampp\Desktop\mdcnpal\htdocs\public_html\core\app.php(565) : eval()'d code on line 219
[2026-07-06 16:58:44] Undefined variable $dieses_cond in C:\xampp\Desktop\mdcnpal\htdocs\public_html\core\app.php(565) : eval()'d code on line 219
[2026-07-06 16:58:44] Undefined variable $popular_pack_cond in C:\xampp\Desktop\mdcnpal\htdocs\public_html\core\app.php(565) : eval()'d code on line 219
[2026-07-06 16:58:44] Undefined variable $g_search_query in C:\xampp\Desktop\mdcnpal\htdocs\public_html\core\app.php(565) : eval()'d code on line 219
[2026-07-06 16:58:44] Undefined variable $department_cond in C:\xampp\Desktop\mdcnpal\htdocs\public_html\core\app.php(565) : eval()'d code on line 219
[2026-07-06 16:58:44] Undefined variable $type_cond in C:\xampp\Desktop\mdcnpal\htdocs\public_html\core\app.php(565) : eval()'d code on line 219
[2026-07-06 16:58:44] Undefined variable $dieses_cond in C:\xampp\Desktop\mdcnpal\htdocs\public_html\core\app.php(565) : eval()'d code on line 219
[2026-07-06 16:58:44] Undefined variable $popular_pack_cond in C:\xampp\Desktop\mdcnpal\htdocs\public_html\core\app.php(565) : eval()'d code on line 219
[2026-07-06 16:58:45] Undefined variable $g_search_query in C:\xampp\Desktop\mdcnpal\htdocs\public_html\core\app.php(565) : eval()'d code on line 219
[2026-07-06 16:58:45] Undefined variable $department_cond in C:\xampp\Desktop\mdcnpal\htdocs\public_html\core\app.php(565) : eval()'d code on line 219
[2026-07-06 16:58:45] Undefined variable $type_cond in C:\xampp\Desktop\mdcnpal\htdocs\public_html\core\app.php(565) : eval()'d code on line 219
[2026-07-06 16:58:45] Undefined variable $dieses_cond in C:\xampp\Desktop\mdcnpal\htdocs\public_html\core\app.php(565) : eval()'d code on line 219
[2026-07-06 16:58:45] Undefined variable $popular_pack_cond in C:\xampp\Desktop\mdcnpal\htdocs\public_html\core\app.php(565) : eval()'d code on line 219
[2026-07-06 16:58:45] Undefined variable $g_search_query in C:\xampp\Desktop\mdcnpal\htdocs\public_html\core\app.php(565) : eval()'d code on line 219
[2026-07-06 16:58:45] Undefined variable $department_cond in C:\xampp\Desktop\mdcnpal\htdocs\public_html\core\app.php(565) : eval()'d code on line 219
[2026-07-06 16:58:45] Undefined variable $type_cond in C:\xampp\Desktop\mdcnpal\htdocs\public_html\core\app.php(565) : eval()'d code on line 219
[2026-07-06 16:58:45] Undefined variable $dieses_cond in C:\xampp\Desktop\mdcnpal\htdocs\public_html\core\app.php(565) : eval()'d code on line 219
[2026-07-06 16:58:45] Undefined variable $popular_pack_cond in C:\xampp\Desktop\mdcnpal\htdocs\public_html\core\app.php(565) : eval()'d code on line 219
[2026-07-06 16:58:45] Undefined property: app::$rs_customer in C:\xampp\Desktop\mdcnpal\htdocs\public_html\includes\footer.php on line 357
[2026-07-06 16:58:45] Trying to access array offset on value of type null in C:\xampp\Desktop\mdcnpal\htdocs\public_html\includes\footer.php on line 357
[2026-07-06 16:58:45] Undefined property: app::$rs_customer in C:\xampp\Desktop\mdcnpal\htdocs\public_html\includes\footer.php on line 366
[2026-07-06 16:58:45] Trying to access array offset on value of type null in C:\xampp\Desktop\mdcnpal\htdocs\public_html\includes\footer.php on line 366
[2026-07-06 16:58:45] Undefined property: app::$rs_customer in C:\xampp\Desktop\mdcnpal\htdocs\public_html\includes\footer.php on line 372
[2026-07-06 16:58:45] Trying to access array offset on value of type null in C:\xampp\Desktop\mdcnpal\htdocs\public_html\includes\footer.php on line 372
[2026-07-06 16:58:45] Undefined property: app::$rs_customer in C:\xampp\Desktop\mdcnpal\htdocs\public_html\includes\general_data.php on line 88
[2026-07-06 16:58:45] Trying to access array offset on value of type null in C:\xampp\Desktop\mdcnpal\htdocs\public_html\includes\general_data.php on line 88
[2026-07-06 16:58:45] Undefined array key "MDRCCustID" in C:\xampp\Desktop\mdcnpal\htdocs\public_html\includes\general_data.php on line 88
[06-Jul-2026 16:58:45 Asia/Kathmandu] PHP Fatal error:  Uncaught Error: Undefined constant "HTTP_HOST" in C:\xampp\Desktop\mdcnpal\htdocs\public_html\core\app.php:874
Stack trace:
#0 C:\xampp\Desktop\mdcnpal\htdocs\public_html\core\app.php(540): app->getHTMLHeader()
#1 C:\xampp\Desktop\mdcnpal\htdocs\public_html\core\app.php(516): app->package()
#2 C:\xampp\Desktop\mdcnpal\htdocs\public_html\index.php(6): app->execute()
#3 {main}
  thrown in C:\xampp\Desktop\mdcnpal\htdocs\public_html\core\app.php on line 874
[2026-07-06 16:58:45] Creation of dynamic property dbclass::$RECORD_SET is deprecated in C:\xampp\Desktop\mdcnpal\htdocs\public_html\core\dbclass.php on line 69
[2026-07-06 16:58:45] Creation of dynamic property dbclass::$app is deprecated in C:\xampp\Desktop\mdcnpal\htdocs\public_html\core\dbclass.php on line 75
[2026-07-06 16:58:45] Creation of dynamic property model::$foreign_tables is deprecated in C:\xampp\Desktop\mdcnpal\htdocs\public_html\core\model.php on line 43
[2026-07-06 16:58:45] Creation of dynamic property app::$inputfilter is deprecated in C:\xampp\Desktop\mdcnpal\htdocs\public_html\core\app.php on line 123
[2026-07-06 16:58:45] Creation of dynamic property app::$userconfig is deprecated in C:\xampp\Desktop\mdcnpal\htdocs\public_html\core\app.php on line 124
[2026-07-06 16:58:45] Creation of dynamic property app::$global_include is deprecated in C:\xampp\Desktop\mdcnpal\htdocs\public_html\core\app.php on line 125
[2026-07-06 16:58:45] Creation of dynamic property app::$set_cache_time is deprecated in C:\xampp\Desktop\mdcnpal\htdocs\public_html\core\app.php on line 153
[2026-07-06 16:58:45] Undefined array key "cityID" in C:\xampp\Desktop\mdcnpal\htdocs\public_html\core\global_include.php on line 381
[2026-07-06 16:58:45] Undefined array key "cityID" in C:\xampp\Desktop\mdcnpal\htdocs\public_html\core\global_include.php on line 416
[2026-07-06 16:58:45] Creation of dynamic property app::$meta is deprecated in C:\xampp\Desktop\mdcnpal\htdocs\public_html\core\app.php on line 434
[2026-07-06 16:58:45] Creation of dynamic property app::$rs_gs_city is deprecated in C:\xampp\Desktop\mdcnpal\htdocs\public_html\core\app.php on line 434
[2026-07-06 16:58:45] Undefined array key "cityID" in C:\xampp\Desktop\mdcnpal\htdocs\public_html\core\global_include.php on line 468
[2026-07-06 16:58:46] Creation of dynamic property app::$rs_footer_popular_item is deprecated in C:\xampp\Desktop\mdcnpal\htdocs\public_html\core\app.php on line 434
[2026-07-06 16:58:46] Creation of dynamic property app::$rs_footer_popular_test is deprecated in C:\xampp\Desktop\mdcnpal\htdocs\public_html\core\app.php on line 434
[2026-07-06 16:58:46] Creation of dynamic property app::$rs_testimonial is deprecated in C:\xampp\Desktop\mdcnpal\htdocs\public_html\core\app.php on line 434
[2026-07-06 16:58:46] Creation of dynamic property app::$admin is deprecated in C:\xampp\Desktop\mdcnpal\htdocs\public_html\core\app.php on line 434
[2026-07-06 16:58:46] Undefined array key 0 in C:\xampp\Desktop\mdcnpal\htdocs\public_html\core\global_include.php on line 514
[2026-07-06 16:58:46] Creation of dynamic property app::$popup is deprecated in C:\xampp\Desktop\mdcnpal\htdocs\public_html\core\app.php on line 434
[2026-07-06 16:58:46] Undefined array key "MDRCCustID" in C:\xampp\Desktop\mdcnpal\htdocs\public_html\core\global_include.php on line 515
[2026-07-06 16:58:46] Undefined array key "MDRCToken" in C:\xampp\Desktop\mdcnpal\htdocs\public_html\core\global_include.php on line 515
[2026-07-06 16:58:46] Creation of dynamic property app::$rscategory is deprecated in C:\xampp\Desktop\mdcnpal\htdocs\public_html\core\app.php on line 434
[2026-07-06 16:58:46] Creation of dynamic property app::$rs_pages is deprecated in C:\xampp\Desktop\mdcnpal\htdocs\public_html\core\app.php on line 434
[2026-07-06 16:58:46] Creation of dynamic property app::$gs is deprecated in C:\xampp\Desktop\mdcnpal\htdocs\public_html\core\app.php on line 434
[2026-07-06 16:58:46] Undefined array key "MDRCCustID" in C:\xampp\Desktop\mdcnpal\htdocs\public_html\core\global_include.php on line 596
[2026-07-06 16:58:46] Undefined array key "MDRCCustID" in C:\xampp\Desktop\mdcnpal\htdocs\public_html\core\global_include.php on line 615
[2026-07-06 16:58:46] Undefined variable $getId in C:\xampp\Desktop\mdcnpal\htdocs\public_html\core\global_include.php on line 684
[2026-07-06 16:58:46] Undefined variable $getName in C:\xampp\Desktop\mdcnpal\htdocs\public_html\core\global_include.php on line 685
[2026-07-06 16:58:46] Undefined array key 0 in C:\xampp\Desktop\mdcnpal\htdocs\public_html\core\global_include.php on line 810
[2026-07-06 16:58:46] Creation of dynamic property app::$rs_offer_msg is deprecated in C:\xampp\Desktop\mdcnpal\htdocs\public_html\core\app.php on line 434
[2026-07-06 16:58:46] Creation of dynamic property app::$rs_for_doctors is deprecated in C:\xampp\Desktop\mdcnpal\htdocs\public_html\core\app.php on line 434
[2026-07-06 16:58:46] Creation of dynamic property app::$description is deprecated in C:\xampp\Desktop\mdcnpal\htdocs\public_html\core\app.php on line 434
[2026-07-06 16:58:46] Creation of dynamic property app::$rs_banner is deprecated in C:\xampp\Desktop\mdcnpal\htdocs\public_html\core\app.php on line 434
[2026-07-06 16:58:46] Creation of dynamic property app::$rs_item_diseases is deprecated in C:\xampp\Desktop\mdcnpal\htdocs\public_html\core\app.php on line 434
[2026-07-06 16:58:46] Creation of dynamic property app::$rs_item_home_category is deprecated in C:\xampp\Desktop\mdcnpal\htdocs\public_html\core\app.php on line 434
[2026-07-06 16:58:46] Creation of dynamic property app::$rs_item_banner_category is deprecated in C:\xampp\Desktop\mdcnpal\htdocs\public_html\core\app.php on line 434
[2026-07-06 16:58:46] Creation of dynamic property app::$rs_services is deprecated in C:\xampp\Desktop\mdcnpal\htdocs\public_html\core\app.php on line 434
[2026-07-06 16:58:46] Creation of dynamic property app::$rs_blog is deprecated in C:\xampp\Desktop\mdcnpal\htdocs\public_html\core\app.php on line 434
[2026-07-06 16:58:46] Creation of dynamic property app::$rs_category is deprecated in C:\xampp\Desktop\mdcnpal\htdocs\public_html\core\app.php on line 434
[2026-07-06 16:58:46] Creation of dynamic property app::$rs_faq_data is deprecated in C:\xampp\Desktop\mdcnpal\htdocs\public_html\core\app.php on line 434
[2026-07-06 16:58:46] Creation of dynamic property app::$rs_gallery_data is deprecated in C:\xampp\Desktop\mdcnpal\htdocs\public_html\core\app.php on line 434
[2026-07-06 16:58:46] Undefined array key "tempCityID" in C:\xampp\Desktop\mdcnpal\htdocs\public_html\includes\header.php on line 5
[2026-07-06 16:58:46] Undefined array key "items" in C:\xampp\Desktop\mdcnpal\htdocs\public_html\includes\header.php on line 16
[2026-07-06 16:58:46] Undefined array key "item_category" in C:\xampp\Desktop\mdcnpal\htdocs\public_html\includes\header.php on line 26
[2026-07-06 16:58:46] Undefined array key "item_diseases" in C:\xampp\Desktop\mdcnpal\htdocs\public_html\includes\header.php on line 33
[2026-07-06 16:58:46] Undefined property: app::$rs_cartmini in C:\xampp\Desktop\mdcnpal\htdocs\public_html\includes\header.php on line 131
[2026-07-06 16:58:46] Undefined array key "MDRCCustID" in C:\xampp\Desktop\mdcnpal\htdocs\public_html\includes\header.php on line 134
[2026-07-06 16:58:46] Undefined property: app::$rs_cartmini in C:\xampp\Desktop\mdcnpal\htdocs\public_html\includes\header.php on line 197
[2026-07-06 16:58:46] Undefined array key "MDRCCustID" in C:\xampp\Desktop\mdcnpal\htdocs\public_html\includes\header.php on line 200
[2026-07-06 16:58:46] Undefined property: app::$rs_cartmini in C:\xampp\Desktop\mdcnpal\htdocs\public_html\includes\header.php on line 469
[2026-07-06 16:58:46] Undefined array key "MDRCCustID" in C:\xampp\Desktop\mdcnpal\htdocs\public_html\includes\header.php on line 472
[2026-07-06 16:58:46] Undefined property: app::$rs_cartmini in C:\xampp\Desktop\mdcnpal\htdocs\public_html\includes\header.php on line 525
[2026-07-06 16:58:46] Undefined array key "MDRCCustID" in C:\xampp\Desktop\mdcnpal\htdocs\public_html\includes\header.php on line 528
[2026-07-06 16:58:46] Undefined property: app::$rs_customer in C:\xampp\Desktop\mdcnpal\htdocs\public_html\includes\header.php on line 712
[2026-07-06 16:58:46] Trying to access array offset on value of type null in C:\xampp\Desktop\mdcnpal\htdocs\public_html\includes\header.php on line 712
[2026-07-06 16:58:46] Undefined property: app::$rs_customer in C:\xampp\Desktop\mdcnpal\htdocs\public_html\includes\header.php on line 721
[2026-07-06 16:58:46] Trying to access array offset on value of type null in C:\xampp\Desktop\mdcnpal\htdocs\public_html\includes\header.php on line 721
[2026-07-06 16:58:46] Undefined property: app::$rs_customer in C:\xampp\Desktop\mdcnpal\htdocs\public_html\includes\header.php on line 730
[2026-07-06 16:58:46] Trying to access array offset on value of type null in C:\xampp\Desktop\mdcnpal\htdocs\public_html\includes\header.php on line 730
[2026-07-06 16:58:46] Undefined property: app::$rs_customer in C:\xampp\Desktop\mdcnpal\htdocs\public_html\includes\header.php on line 739
[2026-07-06 16:58:46] Trying to access array offset on value of type null in C:\xampp\Desktop\mdcnpal\htdocs\public_html\includes\header.php on line 739
[2026-07-06 16:58:46] Undefined variable $g_search_query in C:\xampp\Desktop\mdcnpal\htdocs\public_html\core\app.php(565) : eval()'d code on line 219
[2026-07-06 16:58:46] Undefined variable $department_cond in C:\xampp\Desktop\mdcnpal\htdocs\public_html\core\app.php(565) : eval()'d code on line 219
[2026-07-06 16:58:46] Undefined variable $type_cond in C:\xampp\Desktop\mdcnpal\htdocs\public_html\core\app.php(565) : eval()'d code on line 219
[2026-07-06 16:58:46] Undefined variable $dieses_cond in C:\xampp\Desktop\mdcnpal\htdocs\public_html\core\app.php(565) : eval()'d code on line 219
[2026-07-06 16:58:46] Undefined variable $popular_pack_cond in C:\xampp\Desktop\mdcnpal\htdocs\public_html\core\app.php(565) : eval()'d code on line 219
[2026-07-06 16:58:46] Undefined variable $g_search_query in C:\xampp\Desktop\mdcnpal\htdocs\public_html\core\app.php(565) : eval()'d code on line 219
[2026-07-06 16:58:46] Undefined variable $department_cond in C:\xampp\Desktop\mdcnpal\htdocs\public_html\core\app.php(565) : eval()'d code on line 219
[2026-07-06 16:58:46] Undefined variable $type_cond in C:\xampp\Desktop\mdcnpal\htdocs\public_html\core\app.php(565) : eval()'d code on line 219
[2026-07-06 16:58:46] Undefined variable $dieses_cond in C:\xampp\Desktop\mdcnpal\htdocs\public_html\core\app.php(565) : eval()'d code on line 219
[2026-07-06 16:58:46] Undefined variable $popular_pack_cond in C:\xampp\Desktop\mdcnpal\htdocs\public_html\core\app.php(565) : eval()'d code on line 219
[2026-07-06 16:58:46] Undefined variable $g_search_query in C:\xampp\Desktop\mdcnpal\htdocs\public_html\core\app.php(565) : eval()'d code on line 219
[2026-07-06 16:58:46] Undefined variable $department_cond in C:\xampp\Desktop\mdcnpal\htdocs\public_html\core\app.php(565) : eval()'d code on line 219
[2026-07-06 16:58:46] Undefined variable $type_cond in C:\xampp\Desktop\mdcnpal\htdocs\public_html\core\app.php(565) : eval()'d code on line 219
[2026-07-06 16:58:46] Undefined variable $dieses_cond in C:\xampp\Desktop\mdcnpal\htdocs\public_html\core\app.php(565) : eval()'d code on line 219
[2026-07-06 16:58:46] Undefined variable $popular_pack_cond in C:\xampp\Desktop\mdcnpal\htdocs\public_html\core\app.php(565) : eval()'d code on line 219
[2026-07-06 16:58:46] Undefined variable $g_search_query in C:\xampp\Desktop\mdcnpal\htdocs\public_html\core\app.php(565) : eval()'d code on line 219
[2026-07-06 16:58:46] Undefined variable $department_cond in C:\xampp\Desktop\mdcnpal\htdocs\public_html\core\app.php(565) : eval()'d code on line 219
[2026-07-06 16:58:46] Undefined variable $type_cond in C:\xampp\Desktop\mdcnpal\htdocs\public_html\core\app.php(565) : eval()'d code on line 219
[2026-07-06 16:58:46] Undefined variable $dieses_cond in C:\xampp\Desktop\mdcnpal\htdocs\public_html\core\app.php(565) : eval()'d code on line 219
[2026-07-06 16:58:46] Undefined variable $popular_pack_cond in C:\xampp\Desktop\mdcnpal\htdocs\public_html\core\app.php(565) : eval()'d code on line 219
[2026-07-06 16:58:46] Undefined variable $g_search_query in C:\xampp\Desktop\mdcnpal\htdocs\public_html\core\app.php(565) : eval()'d code on line 219
[2026-07-06 16:58:46] Undefined variable $department_cond in C:\xampp\Desktop\mdcnpal\htdocs\public_html\core\app.php(565) : eval()'d code on line 219
[2026-07-06 16:58:46] Undefined variable $type_cond in C:\xampp\Desktop\mdcnpal\htdocs\public_html\core\app.php(565) : eval()'d code on line 219
[2026-07-06 16:58:46] Undefined variable $dieses_cond in C:\xampp\Desktop\mdcnpal\htdocs\public_html\core\app.php(565) : eval()'d code on line 219
[2026-07-06 16:58:46] Undefined variable $popular_pack_cond in C:\xampp\Desktop\mdcnpal\htdocs\public_html\core\app.php(565) : eval()'d code on line 219
[2026-07-06 16:58:46] Undefined property: app::$rs_customer in C:\xampp\Desktop\mdcnpal\htdocs\public_html\includes\footer.php on line 357
[2026-07-06 16:58:46] Trying to access array offset on value of type null in C:\xampp\Desktop\mdcnpal\htdocs\public_html\includes\footer.php on line 357
[2026-07-06 16:58:46] Undefined property: app::$rs_customer in C:\xampp\Desktop\mdcnpal\htdocs\public_html\includes\footer.php on line 366
[2026-07-06 16:58:46] Trying to access array offset on value of type null in C:\xampp\Desktop\mdcnpal\htdocs\public_html\includes\footer.php on line 366
[2026-07-06 16:58:46] Undefined property: app::$rs_customer in C:\xampp\Desktop\mdcnpal\htdocs\public_html\includes\footer.php on line 372
[2026-07-06 16:58:46] Trying to access array offset on value of type null in C:\xampp\Desktop\mdcnpal\htdocs\public_html\includes\footer.php on line 372
[2026-07-06 16:58:46] Undefined property: app::$rs_customer in C:\xampp\Desktop\mdcnpal\htdocs\public_html\includes\general_data.php on line 88
[2026-07-06 16:58:46] Trying to access array offset on value of type null in C:\xampp\Desktop\mdcnpal\htdocs\public_html\includes\general_data.php on line 88
[2026-07-06 16:58:46] Undefined array key "MDRCCustID" in C:\xampp\Desktop\mdcnpal\htdocs\public_html\includes\general_data.php on line 88
[06-Jul-2026 16:58:46 Asia/Kathmandu] PHP Fatal error:  Uncaught Error: Undefined constant "HTTP_HOST" in C:\xampp\Desktop\mdcnpal\htdocs\public_html\core\app.php:874
Stack trace:
#0 C:\xampp\Desktop\mdcnpal\htdocs\public_html\core\app.php(540): app->getHTMLHeader()
#1 C:\xampp\Desktop\mdcnpal\htdocs\public_html\core\app.php(516): app->package()
#2 C:\xampp\Desktop\mdcnpal\htdocs\public_html\index.php(6): app->execute()
#3 {main}
  thrown in C:\xampp\Desktop\mdcnpal\htdocs\public_html\core\app.php on line 874
[2026-07-06 16:58:47] Creation of dynamic property dbclass::$RECORD_SET is deprecated in C:\xampp\Desktop\mdcnpal\htdocs\public_html\core\dbclass.php on line 69
[2026-07-06 16:58:47] Creation of dynamic property dbclass::$app is deprecated in C:\xampp\Desktop\mdcnpal\htdocs\public_html\core\dbclass.php on line 75
[2026-07-06 16:58:47] Creation of dynamic property model::$foreign_tables is deprecated in C:\xampp\Desktop\mdcnpal\htdocs\public_html\core\model.php on line 43
[2026-07-06 16:58:47] Creation of dynamic property app::$inputfilter is deprecated in C:\xampp\Desktop\mdcnpal\htdocs\public_html\core\app.php on line 123
[2026-07-06 16:58:47] Creation of dynamic property app::$userconfig is deprecated in C:\xampp\Desktop\mdcnpal\htdocs\public_html\core\app.php on line 124
[2026-07-06 16:58:47] Creation of dynamic property app::$global_include is deprecated in C:\xampp\Desktop\mdcnpal\htdocs\public_html\core\app.php on line 125
[2026-07-06 16:58:47] Creation of dynamic property app::$set_cache_time is deprecated in C:\xampp\Desktop\mdcnpal\htdocs\public_html\core\app.php on line 153
[2026-07-06 16:58:47] Creation of dynamic property app::$meta is deprecated in C:\xampp\Desktop\mdcnpal\htdocs\public_html\core\app.php on line 434
[2026-07-06 16:58:47] Creation of dynamic property app::$rs_gs_city is deprecated in C:\xampp\Desktop\mdcnpal\htdocs\public_html\core\app.php on line 434
[2026-07-06 16:58:47] Creation of dynamic property app::$rs_footer_popular_item is deprecated in C:\xampp\Desktop\mdcnpal\htdocs\public_html\core\app.php on line 434
[2026-07-06 16:58:48] Creation of dynamic property app::$rs_footer_popular_test is deprecated in C:\xampp\Desktop\mdcnpal\htdocs\public_html\core\app.php on line 434
[2026-07-06 16:58:48] Creation of dynamic property app::$rs_testimonial is deprecated in C:\xampp\Desktop\mdcnpal\htdocs\public_html\core\app.php on line 434
[2026-07-06 16:58:48] Creation of dynamic property app::$admin is deprecated in C:\xampp\Desktop\mdcnpal\htdocs\public_html\core\app.php on line 434
[2026-07-06 16:58:48] Undefined array key 0 in C:\xampp\Desktop\mdcnpal\htdocs\public_html\core\global_include.php on line 514
[2026-07-06 16:58:48] Creation of dynamic property app::$popup is deprecated in C:\xampp\Desktop\mdcnpal\htdocs\public_html\core\app.php on line 434
[2026-07-06 16:58:48] Undefined array key "MDRCCustID" in C:\xampp\Desktop\mdcnpal\htdocs\public_html\core\global_include.php on line 515
[2026-07-06 16:58:48] Undefined array key "MDRCToken" in C:\xampp\Desktop\mdcnpal\htdocs\public_html\core\global_include.php on line 515
[2026-07-06 16:58:48] Creation of dynamic property app::$rscategory is deprecated in C:\xampp\Desktop\mdcnpal\htdocs\public_html\core\app.php on line 434
[2026-07-06 16:58:48] Creation of dynamic property app::$rs_pages is deprecated in C:\xampp\Desktop\mdcnpal\htdocs\public_html\core\app.php on line 434
[2026-07-06 16:58:48] Creation of dynamic property app::$gs is deprecated in C:\xampp\Desktop\mdcnpal\htdocs\public_html\core\app.php on line 434
[2026-07-06 16:58:48] Undefined array key "MDRCCustID" in C:\xampp\Desktop\mdcnpal\htdocs\public_html\core\global_include.php on line 596
[2026-07-06 16:58:48] Undefined array key "MDRCCustID" in C:\xampp\Desktop\mdcnpal\htdocs\public_html\core\global_include.php on line 615
[2026-07-06 16:58:48] Undefined variable $getId in C:\xampp\Desktop\mdcnpal\htdocs\public_html\core\global_include.php on line 684
[2026-07-06 16:58:48] Undefined variable $getName in C:\xampp\Desktop\mdcnpal\htdocs\public_html\core\global_include.php on line 685
[2026-07-06 16:58:48] Undefined array key 0 in C:\xampp\Desktop\mdcnpal\htdocs\public_html\core\global_include.php on line 810
[2026-07-06 16:58:48] Creation of dynamic property app::$rs_offer_msg is deprecated in C:\xampp\Desktop\mdcnpal\htdocs\public_html\core\app.php on line 434
[2026-07-06 16:58:48] Creation of dynamic property app::$rs_for_doctors is deprecated in C:\xampp\Desktop\mdcnpal\htdocs\public_html\core\app.php on line 434
[2026-07-06 16:58:48] Creation of dynamic property app::$description is deprecated in C:\xampp\Desktop\mdcnpal\htdocs\public_html\core\app.php on line 434
[2026-07-06 16:58:48] Creation of dynamic property app::$rs_banner is deprecated in C:\xampp\Desktop\mdcnpal\htdocs\public_html\core\app.php on line 434
[2026-07-06 16:58:48] Creation of dynamic property app::$rs_item_diseases is deprecated in C:\xampp\Desktop\mdcnpal\htdocs\public_html\core\app.php on line 434
[2026-07-06 16:58:48] Creation of dynamic property app::$rs_item_home_category is deprecated in C:\xampp\Desktop\mdcnpal\htdocs\public_html\core\app.php on line 434
[2026-07-06 16:58:48] Creation of dynamic property app::$rs_item_banner_category is deprecated in C:\xampp\Desktop\mdcnpal\htdocs\public_html\core\app.php on line 434
[2026-07-06 16:58:48] Creation of dynamic property app::$rs_services is deprecated in C:\xampp\Desktop\mdcnpal\htdocs\public_html\core\app.php on line 434
[2026-07-06 16:58:48] Creation of dynamic property app::$rs_blog is deprecated in C:\xampp\Desktop\mdcnpal\htdocs\public_html\core\app.php on line 434
[2026-07-06 16:58:48] Creation of dynamic property app::$rs_category is deprecated in C:\xampp\Desktop\mdcnpal\htdocs\public_html\core\app.php on line 434
[2026-07-06 16:58:48] Creation of dynamic property app::$rs_faq_data is deprecated in C:\xampp\Desktop\mdcnpal\htdocs\public_html\core\app.php on line 434
[2026-07-06 16:58:48] Creation of dynamic property app::$rs_gallery_data is deprecated in C:\xampp\Desktop\mdcnpal\htdocs\public_html\core\app.php on line 434
[2026-07-06 16:58:48] Undefined property: app::$rs_cartmini in C:\xampp\Desktop\mdcnpal\htdocs\public_html\includes\header.php on line 131
[2026-07-06 16:58:48] Undefined array key "MDRCCustID" in C:\xampp\Desktop\mdcnpal\htdocs\public_html\includes\header.php on line 134
[2026-07-06 16:58:48] Undefined property: app::$rs_cartmini in C:\xampp\Desktop\mdcnpal\htdocs\public_html\includes\header.php on line 197
[2026-07-06 16:58:48] Undefined array key "MDRCCustID" in C:\xampp\Desktop\mdcnpal\htdocs\public_html\includes\header.php on line 200
[2026-07-06 16:58:48] Undefined property: app::$rs_cartmini in C:\xampp\Desktop\mdcnpal\htdocs\public_html\includes\header.php on line 469
[2026-07-06 16:58:48] Undefined array key "MDRCCustID" in C:\xampp\Desktop\mdcnpal\htdocs\public_html\includes\header.php on line 472
[2026-07-06 16:58:48] Undefined property: app::$rs_cartmini in C:\xampp\Desktop\mdcnpal\htdocs\public_html\includes\header.php on line 525
[2026-07-06 16:58:48] Undefined array key "MDRCCustID" in C:\xampp\Desktop\mdcnpal\htdocs\public_html\includes\header.php on line 528
[2026-07-06 16:58:48] Undefined property: app::$rs_customer in C:\xampp\Desktop\mdcnpal\htdocs\public_html\includes\header.php on line 712
[2026-07-06 16:58:48] Trying to access array offset on value of type null in C:\xampp\Desktop\mdcnpal\htdocs\public_html\includes\header.php on line 712
[2026-07-06 16:58:48] Undefined property: app::$rs_customer in C:\xampp\Desktop\mdcnpal\htdocs\public_html\includes\header.php on line 721
[2026-07-06 16:58:48] Trying to access array offset on value of type null in C:\xampp\Desktop\mdcnpal\htdocs\public_html\includes\header.php on line 721
[2026-07-06 16:58:48] Undefined property: app::$rs_customer in C:\xampp\Desktop\mdcnpal\htdocs\public_html\includes\header.php on line 730
[2026-07-06 16:58:48] Trying to access array offset on value of type null in C:\xampp\Desktop\mdcnpal\htdocs\public_html\includes\header.php on line 730
[2026-07-06 16:58:48] Undefined property: app::$rs_customer in C:\xampp\Desktop\mdcnpal\htdocs\public_html\includes\header.php on line 739
[2026-07-06 16:58:48] Trying to access array offset on value of type null in C:\xampp\Desktop\mdcnpal\htdocs\public_html\includes\header.php on line 739
[2026-07-06 16:58:48] Undefined variable $g_search_query in C:\xampp\Desktop\mdcnpal\htdocs\public_html\core\app.php(565) : eval()'d code on line 219
[2026-07-06 16:58:48] Undefined variable $department_cond in C:\xampp\Desktop\mdcnpal\htdocs\public_html\core\app.php(565) : eval()'d code on line 219
[2026-07-06 16:58:48] Undefined variable $type_cond in C:\xampp\Desktop\mdcnpal\htdocs\public_html\core\app.php(565) : eval()'d code on line 219
[2026-07-06 16:58:48] Undefined variable $dieses_cond in C:\xampp\Desktop\mdcnpal\htdocs\public_html\core\app.php(565) : eval()'d code on line 219
[2026-07-06 16:58:48] Undefined variable $popular_pack_cond in C:\xampp\Desktop\mdcnpal\htdocs\public_html\core\app.php(565) : eval()'d code on line 219
[2026-07-06 16:58:48] Undefined variable $g_search_query in C:\xampp\Desktop\mdcnpal\htdocs\public_html\core\app.php(565) : eval()'d code on line 219
[2026-07-06 16:58:48] Undefined variable $department_cond in C:\xampp\Desktop\mdcnpal\htdocs\public_html\core\app.php(565) : eval()'d code on line 219
[2026-07-06 16:58:48] Undefined variable $type_cond in C:\xampp\Desktop\mdcnpal\htdocs\public_html\core\app.php(565) : eval()'d code on line 219
[2026-07-06 16:58:48] Undefined variable $dieses_cond in C:\xampp\Desktop\mdcnpal\htdocs\public_html\core\app.php(565) : eval()'d code on line 219
[2026-07-06 16:58:48] Undefined variable $popular_pack_cond in C:\xampp\Desktop\mdcnpal\htdocs\public_html\core\app.php(565) : eval()'d code on line 219
[2026-07-06 16:58:48] Undefined variable $g_search_query in C:\xampp\Desktop\mdcnpal\htdocs\public_html\core\app.php(565) : eval()'d code on line 219
[2026-07-06 16:58:48] Undefined variable $department_cond in C:\xampp\Desktop\mdcnpal\htdocs\public_html\core\app.php(565) : eval()'d code on line 219
[2026-07-06 16:58:48] Undefined variable $type_cond in C:\xampp\Desktop\mdcnpal\htdocs\public_html\core\app.php(565) : eval()'d code on line 219
[2026-07-06 16:58:48] Undefined variable $dieses_cond in C:\xampp\Desktop\mdcnpal\htdocs\public_html\core\app.php(565) : eval()'d code on line 219
[2026-07-06 16:58:48] Undefined variable $popular_pack_cond in C:\xampp\Desktop\mdcnpal\htdocs\public_html\core\app.php(565) : eval()'d code on line 219
[2026-07-06 16:58:48] Undefined variable $g_search_query in C:\xampp\Desktop\mdcnpal\htdocs\public_html\core\app.php(565) : eval()'d code on line 219
[2026-07-06 16:58:48] Undefined variable $department_cond in C:\xampp\Desktop\mdcnpal\htdocs\public_html\core\app.php(565) : eval()'d code on line 219
[2026-07-06 16:58:48] Undefined variable $type_cond in C:\xampp\Desktop\mdcnpal\htdocs\public_html\core\app.php(565) : eval()'d code on line 219
[2026-07-06 16:58:48] Undefined variable $dieses_cond in C:\xampp\Desktop\mdcnpal\htdocs\public_html\core\app.php(565) : eval()'d code on line 219
[2026-07-06 16:58:48] Undefined variable $popular_pack_cond in C:\xampp\Desktop\mdcnpal\htdocs\public_html\core\app.php(565) : eval()'d code on line 219
[2026-07-06 16:58:48] Undefined variable $g_search_query in C:\xampp\Desktop\mdcnpal\htdocs\public_html\core\app.php(565) : eval()'d code on line 219
[2026-07-06 16:58:48] Undefined variable $department_cond in C:\xampp\Desktop\mdcnpal\htdocs\public_html\core\app.php(565) : eval()'d code on line 219
[2026-07-06 16:58:48] Undefined variable $type_cond in C:\xampp\Desktop\mdcnpal\htdocs\public_html\core\app.php(565) : eval()'d code on line 219
[2026-07-06 16:58:48] Undefined variable $dieses_cond in C:\xampp\Desktop\mdcnpal\htdocs\public_html\core\app.php(565) : eval()'d code on line 219
[2026-07-06 16:58:48] Undefined variable $popular_pack_cond in C:\xampp\Desktop\mdcnpal\htdocs\public_html\core\app.php(565) : eval()'d code on line 219
[2026-07-06 16:58:48] Undefined property: app::$rs_customer in C:\xampp\Desktop\mdcnpal\htdocs\public_html\includes\footer.php on line 357
[2026-07-06 16:58:48] Trying to access array offset on value of type null in C:\xampp\Desktop\mdcnpal\htdocs\public_html\includes\footer.php on line 357
[2026-07-06 16:58:48] Undefined property: app::$rs_customer in C:\xampp\Desktop\mdcnpal\htdocs\public_html\includes\footer.php on line 366
[2026-07-06 16:58:48] Trying to access array offset on value of type null in C:\xampp\Desktop\mdcnpal\htdocs\public_html\includes\footer.php on line 366
[2026-07-06 16:58:48] Undefined property: app::$rs_customer in C:\xampp\Desktop\mdcnpal\htdocs\public_html\includes\footer.php on line 372
[2026-07-06 16:58:48] Trying to access array offset on value of type null in C:\xampp\Desktop\mdcnpal\htdocs\public_html\includes\footer.php on line 372
[2026-07-06 16:58:48] Undefined property: app::$rs_customer in C:\xampp\Desktop\mdcnpal\htdocs\public_html\includes\general_data.php on line 88
[2026-07-06 16:58:48] Trying to access array offset on value of type null in C:\xampp\Desktop\mdcnpal\htdocs\public_html\includes\general_data.php on line 88
[2026-07-06 16:58:48] Undefined array key "MDRCCustID" in C:\xampp\Desktop\mdcnpal\htdocs\public_html\includes\general_data.php on line 88
[06-Jul-2026 16:58:48 Asia/Kathmandu] PHP Fatal error:  Uncaught Error: Undefined constant "HTTP_HOST" in C:\xampp\Desktop\mdcnpal\htdocs\public_html\core\app.php:874
Stack trace:
#0 C:\xampp\Desktop\mdcnpal\htdocs\public_html\core\app.php(540): app->getHTMLHeader()
#1 C:\xampp\Desktop\mdcnpal\htdocs\public_html\core\app.php(516): app->package()
#2 C:\xampp\Desktop\mdcnpal\htdocs\public_html\index.php(6): app->execute()
#3 {main}
  thrown in C:\xampp\Desktop\mdcnpal\htdocs\public_html\core\app.php on line 874
[2026-07-06 16:58:55] Creation of dynamic property dbclass::$RECORD_SET is deprecated in C:\xampp\Desktop\mdcnpal\htdocs\public_html\core\dbclass.php on line 69
[2026-07-06 16:58:55] Creation of dynamic property dbclass::$app is deprecated in C:\xampp\Desktop\mdcnpal\htdocs\public_html\core\dbclass.php on line 75
[2026-07-06 16:58:55] Creation of dynamic property model::$foreign_tables is deprecated in C:\xampp\Desktop\mdcnpal\htdocs\public_html\core\model.php on line 43
[2026-07-06 16:58:55] Creation of dynamic property app::$inputfilter is deprecated in C:\xampp\Desktop\mdcnpal\htdocs\public_html\core\app.php on line 123
[2026-07-06 16:58:55] Creation of dynamic property app::$userconfig is deprecated in C:\xampp\Desktop\mdcnpal\htdocs\public_html\core\app.php on line 124
[2026-07-06 16:58:55] Creation of dynamic property app::$global_include is deprecated in C:\xampp\Desktop\mdcnpal\htdocs\public_html\core\app.php on line 125
[2026-07-06 16:58:55] Creation of dynamic property app::$set_cache_time is deprecated in C:\xampp\Desktop\mdcnpal\htdocs\public_html\core\app.php on line 153
[2026-07-06 16:58:55] Creation of dynamic property app::$meta is deprecated in C:\xampp\Desktop\mdcnpal\htdocs\public_html\core\app.php on line 434
[2026-07-06 16:58:55] Creation of dynamic property app::$rs_gs_city is deprecated in C:\xampp\Desktop\mdcnpal\htdocs\public_html\core\app.php on line 434
[2026-07-06 16:58:56] Creation of dynamic property app::$rs_footer_popular_item is deprecated in C:\xampp\Desktop\mdcnpal\htdocs\public_html\core\app.php on line 434
[2026-07-06 16:58:56] Creation of dynamic property app::$rs_footer_popular_test is deprecated in C:\xampp\Desktop\mdcnpal\htdocs\public_html\core\app.php on line 434
[2026-07-06 16:58:56] Creation of dynamic property app::$rs_testimonial is deprecated in C:\xampp\Desktop\mdcnpal\htdocs\public_html\core\app.php on line 434
[2026-07-06 16:58:56] Creation of dynamic property app::$admin is deprecated in C:\xampp\Desktop\mdcnpal\htdocs\public_html\core\app.php on line 434
[2026-07-06 16:58:56] Undefined array key 0 in C:\xampp\Desktop\mdcnpal\htdocs\public_html\core\global_include.php on line 514
[2026-07-06 16:58:56] Creation of dynamic property app::$popup is deprecated in C:\xampp\Desktop\mdcnpal\htdocs\public_html\core\app.php on line 434
[2026-07-06 16:58:56] Undefined array key "MDRCCustID" in C:\xampp\Desktop\mdcnpal\htdocs\public_html\core\global_include.php on line 515
[2026-07-06 16:58:56] Undefined array key "MDRCToken" in C:\xampp\Desktop\mdcnpal\htdocs\public_html\core\global_include.php on line 515
[2026-07-06 16:58:56] Creation of dynamic property app::$rscategory is deprecated in C:\xampp\Desktop\mdcnpal\htdocs\public_html\core\app.php on line 434
[2026-07-06 16:58:56] Creation of dynamic property app::$rs_pages is deprecated in C:\xampp\Desktop\mdcnpal\htdocs\public_html\core\app.php on line 434
[2026-07-06 16:58:56] Creation of dynamic property app::$gs is deprecated in C:\xampp\Desktop\mdcnpal\htdocs\public_html\core\app.php on line 434
[2026-07-06 16:58:56] Undefined array key "MDRCCustID" in C:\xampp\Desktop\mdcnpal\htdocs\public_html\core\global_include.php on line 596
[2026-07-06 16:58:56] Undefined array key "MDRCCustID" in C:\xampp\Desktop\mdcnpal\htdocs\public_html\core\global_include.php on line 615
[2026-07-06 16:58:56] Undefined variable $getId in C:\xampp\Desktop\mdcnpal\htdocs\public_html\core\global_include.php on line 684
[2026-07-06 16:58:56] Undefined variable $getName in C:\xampp\Desktop\mdcnpal\htdocs\public_html\core\global_include.php on line 685
[2026-07-06 16:58:56] Undefined array key 0 in C:\xampp\Desktop\mdcnpal\htdocs\public_html\core\global_include.php on line 810
[2026-07-06 16:58:56] Creation of dynamic property app::$rs_offer_msg is deprecated in C:\xampp\Desktop\mdcnpal\htdocs\public_html\core\app.php on line 434
[2026-07-06 16:58:56] Creation of dynamic property app::$rs_for_doctors is deprecated in C:\xampp\Desktop\mdcnpal\htdocs\public_html\core\app.php on line 434
[2026-07-06 16:58:56] Creation of dynamic property app::$description is deprecated in C:\xampp\Desktop\mdcnpal\htdocs\public_html\core\app.php on line 434
[2026-07-06 16:58:56] Creation of dynamic property app::$rs_banner is deprecated in C:\xampp\Desktop\mdcnpal\htdocs\public_html\core\app.php on line 434
[2026-07-06 16:58:56] Creation of dynamic property app::$rs_item_diseases is deprecated in C:\xampp\Desktop\mdcnpal\htdocs\public_html\core\app.php on line 434
[2026-07-06 16:58:56] Creation of dynamic property app::$rs_item_home_category is deprecated in C:\xampp\Desktop\mdcnpal\htdocs\public_html\core\app.php on line 434
[2026-07-06 16:58:56] Creation of dynamic property app::$rs_item_banner_category is deprecated in C:\xampp\Desktop\mdcnpal\htdocs\public_html\core\app.php on line 434
[2026-07-06 16:58:56] Creation of dynamic property app::$rs_services is deprecated in C:\xampp\Desktop\mdcnpal\htdocs\public_html\core\app.php on line 434
[2026-07-06 16:58:56] Creation of dynamic property app::$rs_blog is deprecated in C:\xampp\Desktop\mdcnpal\htdocs\public_html\core\app.php on line 434
[2026-07-06 16:58:56] Creation of dynamic property app::$rs_category is deprecated in C:\xampp\Desktop\mdcnpal\htdocs\public_html\core\app.php on line 434
[2026-07-06 16:58:56] Creation of dynamic property app::$rs_faq_data is deprecated in C:\xampp\Desktop\mdcnpal\htdocs\public_html\core\app.php on line 434
[2026-07-06 16:58:56] Creation of dynamic property app::$rs_gallery_data is deprecated in C:\xampp\Desktop\mdcnpal\htdocs\public_html\core\app.php on line 434
[2026-07-06 16:58:56] Undefined property: app::$rs_cartmini in C:\xampp\Desktop\mdcnpal\htdocs\public_html\includes\header.php on line 131
[2026-07-06 16:58:56] Undefined array key "MDRCCustID" in C:\xampp\Desktop\mdcnpal\htdocs\public_html\includes\header.php on line 134
[2026-07-06 16:58:56] Undefined property: app::$rs_cartmini in C:\xampp\Desktop\mdcnpal\htdocs\public_html\includes\header.php on line 197
[2026-07-06 16:58:56] Undefined array key "MDRCCustID" in C:\xampp\Desktop\mdcnpal\htdocs\public_html\includes\header.php on line 200
[2026-07-06 16:58:56] Undefined property: app::$rs_cartmini in C:\xampp\Desktop\mdcnpal\htdocs\public_html\includes\header.php on line 469
[2026-07-06 16:58:56] Undefined array key "MDRCCustID" in C:\xampp\Desktop\mdcnpal\htdocs\public_html\includes\header.php on line 472
[2026-07-06 16:58:56] Undefined property: app::$rs_cartmini in C:\xampp\Desktop\mdcnpal\htdocs\public_html\includes\header.php on line 525
[2026-07-06 16:58:56] Undefined array key "MDRCCustID" in C:\xampp\Desktop\mdcnpal\htdocs\public_html\includes\header.php on line 528
[2026-07-06 16:58:56] Undefined property: app::$rs_customer in C:\xampp\Desktop\mdcnpal\htdocs\public_html\includes\header.php on line 712
[2026-07-06 16:58:56] Trying to access array offset on value of type null in C:\xampp\Desktop\mdcnpal\htdocs\public_html\includes\header.php on line 712
[2026-07-06 16:58:56] Undefined property: app::$rs_customer in C:\xampp\Desktop\mdcnpal\htdocs\public_html\includes\header.php on line 721
[2026-07-06 16:58:56] Trying to access array offset on value of type null in C:\xampp\Desktop\mdcnpal\htdocs\public_html\includes\header.php on line 721
[2026-07-06 16:58:56] Undefined property: app::$rs_customer in C:\xampp\Desktop\mdcnpal\htdocs\public_html\includes\header.php on line 730
[2026-07-06 16:58:56] Trying to access array offset on value of type null in C:\xampp\Desktop\mdcnpal\htdocs\public_html\includes\header.php on line 730
[2026-07-06 16:58:56] Undefined property: app::$rs_customer in C:\xampp\Desktop\mdcnpal\htdocs\public_html\includes\header.php on line 739
[2026-07-06 16:58:56] Trying to access array offset on value of type null in C:\xampp\Desktop\mdcnpal\htdocs\public_html\includes\header.php on line 739
[2026-07-06 16:58:56] Undefined variable $g_search_query in C:\xampp\Desktop\mdcnpal\htdocs\public_html\core\app.php(565) : eval()'d code on line 219
[2026-07-06 16:58:56] Undefined variable $department_cond in C:\xampp\Desktop\mdcnpal\htdocs\public_html\core\app.php(565) : eval()'d code on line 219
[2026-07-06 16:58:56] Undefined variable $type_cond in C:\xampp\Desktop\mdcnpal\htdocs\public_html\core\app.php(565) : eval()'d code on line 219
[2026-07-06 16:58:56] Undefined variable $dieses_cond in C:\xampp\Desktop\mdcnpal\htdocs\public_html\core\app.php(565) : eval()'d code on line 219
[2026-07-06 16:58:56] Undefined variable $popular_pack_cond in C:\xampp\Desktop\mdcnpal\htdocs\public_html\core\app.php(565) : eval()'d code on line 219
[2026-07-06 16:58:56] Undefined variable $g_search_query in C:\xampp\Desktop\mdcnpal\htdocs\public_html\core\app.php(565) : eval()'d code on line 219
[2026-07-06 16:58:56] Undefined variable $department_cond in C:\xampp\Desktop\mdcnpal\htdocs\public_html\core\app.php(565) : eval()'d code on line 219
[2026-07-06 16:58:56] Undefined variable $type_cond in C:\xampp\Desktop\mdcnpal\htdocs\public_html\core\app.php(565) : eval()'d code on line 219
[2026-07-06 16:58:56] Undefined variable $dieses_cond in C:\xampp\Desktop\mdcnpal\htdocs\public_html\core\app.php(565) : eval()'d code on line 219
[2026-07-06 16:58:56] Undefined variable $popular_pack_cond in C:\xampp\Desktop\mdcnpal\htdocs\public_html\core\app.php(565) : eval()'d code on line 219
[2026-07-06 16:58:56] Undefined variable $g_search_query in C:\xampp\Desktop\mdcnpal\htdocs\public_html\core\app.php(565) : eval()'d code on line 219
[2026-07-06 16:58:56] Undefined variable $department_cond in C:\xampp\Desktop\mdcnpal\htdocs\public_html\core\app.php(565) : eval()'d code on line 219
[2026-07-06 16:58:56] Undefined variable $type_cond in C:\xampp\Desktop\mdcnpal\htdocs\public_html\core\app.php(565) : eval()'d code on line 219
[2026-07-06 16:58:56] Undefined variable $dieses_cond in C:\xampp\Desktop\mdcnpal\htdocs\public_html\core\app.php(565) : eval()'d code on line 219
[2026-07-06 16:58:56] Undefined variable $popular_pack_cond in C:\xampp\Desktop\mdcnpal\htdocs\public_html\core\app.php(565) : eval()'d code on line 219
[2026-07-06 16:58:56] Undefined variable $g_search_query in C:\xampp\Desktop\mdcnpal\htdocs\public_html\core\app.php(565) : eval()'d code on line 219
[2026-07-06 16:58:56] Undefined variable $department_cond in C:\xampp\Desktop\mdcnpal\htdocs\public_html\core\app.php(565) : eval()'d code on line 219
[2026-07-06 16:58:56] Undefined variable $type_cond in C:\xampp\Desktop\mdcnpal\htdocs\public_html\core\app.php(565) : eval()'d code on line 219
[2026-07-06 16:58:56] Undefined variable $dieses_cond in C:\xampp\Desktop\mdcnpal\htdocs\public_html\core\app.php(565) : eval()'d code on line 219
[2026-07-06 16:58:56] Undefined variable $popular_pack_cond in C:\xampp\Desktop\mdcnpal\htdocs\public_html\core\app.php(565) : eval()'d code on line 219
[2026-07-06 16:58:56] Undefined variable $g_search_query in C:\xampp\Desktop\mdcnpal\htdocs\public_html\core\app.php(565) : eval()'d code on line 219
[2026-07-06 16:58:56] Undefined variable $department_cond in C:\xampp\Desktop\mdcnpal\htdocs\public_html\core\app.php(565) : eval()'d code on line 219
[2026-07-06 16:58:56] Undefined variable $type_cond in C:\xampp\Desktop\mdcnpal\htdocs\public_html\core\app.php(565) : eval()'d code on line 219
[2026-07-06 16:58:56] Undefined variable $dieses_cond in C:\xampp\Desktop\mdcnpal\htdocs\public_html\core\app.php(565) : eval()'d code on line 219
[2026-07-06 16:58:56] Undefined variable $popular_pack_cond in C:\xampp\Desktop\mdcnpal\htdocs\public_html\core\app.php(565) : eval()'d code on line 219
[2026-07-06 16:58:56] Undefined property: app::$rs_customer in C:\xampp\Desktop\mdcnpal\htdocs\public_html\includes\footer.php on line 357
[2026-07-06 16:58:56] Trying to access array offset on value of type null in C:\xampp\Desktop\mdcnpal\htdocs\public_html\includes\footer.php on line 357
[2026-07-06 16:58:56] Undefined property: app::$rs_customer in C:\xampp\Desktop\mdcnpal\htdocs\public_html\includes\footer.php on line 366
[2026-07-06 16:58:56] Trying to access array offset on value of type null in C:\xampp\Desktop\mdcnpal\htdocs\public_html\includes\footer.php on line 366
[2026-07-06 16:58:56] Undefined property: app::$rs_customer in C:\xampp\Desktop\mdcnpal\htdocs\public_html\includes\footer.php on line 372
[2026-07-06 16:58:56] Trying to access array offset on value of type null in C:\xampp\Desktop\mdcnpal\htdocs\public_html\includes\footer.php on line 372
[2026-07-06 16:58:56] Undefined property: app::$rs_customer in C:\xampp\Desktop\mdcnpal\htdocs\public_html\includes\general_data.php on line 88
[2026-07-06 16:58:56] Trying to access array offset on value of type null in C:\xampp\Desktop\mdcnpal\htdocs\public_html\includes\general_data.php on line 88
[2026-07-06 16:58:56] Undefined array key "MDRCCustID" in C:\xampp\Desktop\mdcnpal\htdocs\public_html\includes\general_data.php on line 88
[06-Jul-2026 16:58:56 Asia/Kathmandu] PHP Fatal error:  Uncaught Error: Undefined constant "HTTP_HOST" in C:\xampp\Desktop\mdcnpal\htdocs\public_html\core\app.php:874
Stack trace:
#0 C:\xampp\Desktop\mdcnpal\htdocs\public_html\core\app.php(540): app->getHTMLHeader()
#1 C:\xampp\Desktop\mdcnpal\htdocs\public_html\core\app.php(516): app->package()
#2 C:\xampp\Desktop\mdcnpal\htdocs\public_html\index.php(6): app->execute()
#3 {main}
  thrown in C:\xampp\Desktop\mdcnpal\htdocs\public_html\core\app.php on line 874
[2026-07-06 17:00:19] Creation of dynamic property dbclass::$RECORD_SET is deprecated in C:\xampp\Desktop\mdcnpal\htdocs\public_html\core\dbclass.php on line 69
[2026-07-06 17:00:19] Creation of dynamic property dbclass::$app is deprecated in C:\xampp\Desktop\mdcnpal\htdocs\public_html\core\dbclass.php on line 75
[2026-07-06 17:00:19] Creation of dynamic property model::$foreign_tables is deprecated in C:\xampp\Desktop\mdcnpal\htdocs\public_html\core\model.php on line 43
[2026-07-06 17:00:19] Creation of dynamic property app::$inputfilter is deprecated in C:\xampp\Desktop\mdcnpal\htdocs\public_html\core\app.php on line 123
[2026-07-06 17:00:19] Creation of dynamic property app::$userconfig is deprecated in C:\xampp\Desktop\mdcnpal\htdocs\public_html\core\app.php on line 124
[2026-07-06 17:00:19] Creation of dynamic property app::$global_include is deprecated in C:\xampp\Desktop\mdcnpal\htdocs\public_html\core\app.php on line 125
[2026-07-06 17:00:19] Creation of dynamic property app::$set_cache_time is deprecated in C:\xampp\Desktop\mdcnpal\htdocs\public_html\core\app.php on line 153
[2026-07-06 17:00:19] Undefined array key "cityID" in C:\xampp\Desktop\mdcnpal\htdocs\public_html\core\global_include.php on line 381
[2026-07-06 17:00:19] Undefined array key "cityID" in C:\xampp\Desktop\mdcnpal\htdocs\public_html\core\global_include.php on line 416
[2026-07-06 17:00:19] Creation of dynamic property app::$meta is deprecated in C:\xampp\Desktop\mdcnpal\htdocs\public_html\core\app.php on line 434
[2026-07-06 17:00:19] Creation of dynamic property app::$rs_gs_city is deprecated in C:\xampp\Desktop\mdcnpal\htdocs\public_html\core\app.php on line 434
[2026-07-06 17:00:19] Undefined array key "cityID" in C:\xampp\Desktop\mdcnpal\htdocs\public_html\core\global_include.php on line 468
[2026-07-06 17:00:19] Creation of dynamic property app::$rs_footer_popular_item is deprecated in C:\xampp\Desktop\mdcnpal\htdocs\public_html\core\app.php on line 434
[2026-07-06 17:00:20] Creation of dynamic property app::$rs_footer_popular_test is deprecated in C:\xampp\Desktop\mdcnpal\htdocs\public_html\core\app.php on line 434
[2026-07-06 17:00:20] Creation of dynamic property app::$rs_testimonial is deprecated in C:\xampp\Desktop\mdcnpal\htdocs\public_html\core\app.php on line 434
[2026-07-06 17:00:20] Creation of dynamic property app::$admin is deprecated in C:\xampp\Desktop\mdcnpal\htdocs\public_html\core\app.php on line 434
[2026-07-06 17:00:20] Undefined array key 0 in C:\xampp\Desktop\mdcnpal\htdocs\public_html\core\global_include.php on line 514
[2026-07-06 17:00:20] Creation of dynamic property app::$popup is deprecated in C:\xampp\Desktop\mdcnpal\htdocs\public_html\core\app.php on line 434
[2026-07-06 17:00:20] Undefined array key "MDRCCustID" in C:\xampp\Desktop\mdcnpal\htdocs\public_html\core\global_include.php on line 515
[2026-07-06 17:00:20] Undefined array key "MDRCToken" in C:\xampp\Desktop\mdcnpal\htdocs\public_html\core\global_include.php on line 515
[2026-07-06 17:00:20] Creation of dynamic property app::$rscategory is deprecated in C:\xampp\Desktop\mdcnpal\htdocs\public_html\core\app.php on line 434
[2026-07-06 17:00:20] Creation of dynamic property app::$rs_pages is deprecated in C:\xampp\Desktop\mdcnpal\htdocs\public_html\core\app.php on line 434
[2026-07-06 17:00:20] Creation of dynamic property app::$gs is deprecated in C:\xampp\Desktop\mdcnpal\htdocs\public_html\core\app.php on line 434
[2026-07-06 17:00:20] Undefined array key "MDRCCustID" in C:\xampp\Desktop\mdcnpal\htdocs\public_html\core\global_include.php on line 596
[2026-07-06 17:00:20] Undefined array key "MDRCCustID" in C:\xampp\Desktop\mdcnpal\htdocs\public_html\core\global_include.php on line 615
[2026-07-06 17:00:20] Undefined variable $getId in C:\xampp\Desktop\mdcnpal\htdocs\public_html\core\global_include.php on line 684
[2026-07-06 17:00:20] Undefined variable $getName in C:\xampp\Desktop\mdcnpal\htdocs\public_html\core\global_include.php on line 685
[2026-07-06 17:00:20] Undefined array key 0 in C:\xampp\Desktop\mdcnpal\htdocs\public_html\core\global_include.php on line 810
[2026-07-06 17:00:20] Creation of dynamic property app::$rs_offer_msg is deprecated in C:\xampp\Desktop\mdcnpal\htdocs\public_html\core\app.php on line 434
[2026-07-06 17:00:20] Creation of dynamic property app::$rs_for_doctors is deprecated in C:\xampp\Desktop\mdcnpal\htdocs\public_html\core\app.php on line 434
[2026-07-06 17:00:20] Creation of dynamic property app::$description is deprecated in C:\xampp\Desktop\mdcnpal\htdocs\public_html\core\app.php on line 434
[2026-07-06 17:00:20] Creation of dynamic property app::$rs_banner is deprecated in C:\xampp\Desktop\mdcnpal\htdocs\public_html\core\app.php on line 434
[2026-07-06 17:00:20] Creation of dynamic property app::$rs_item_diseases is deprecated in C:\xampp\Desktop\mdcnpal\htdocs\public_html\core\app.php on line 434
[2026-07-06 17:00:20] Creation of dynamic property app::$rs_item_home_category is deprecated in C:\xampp\Desktop\mdcnpal\htdocs\public_html\core\app.php on line 434
[2026-07-06 17:00:20] Creation of dynamic property app::$rs_item_banner_category is deprecated in C:\xampp\Desktop\mdcnpal\htdocs\public_html\core\app.php on line 434
[2026-07-06 17:00:20] Creation of dynamic property app::$rs_services is deprecated in C:\xampp\Desktop\mdcnpal\htdocs\public_html\core\app.php on line 434
[2026-07-06 17:00:20] Creation of dynamic property app::$rs_blog is deprecated in C:\xampp\Desktop\mdcnpal\htdocs\public_html\core\app.php on line 434
[2026-07-06 17:00:20] Creation of dynamic property app::$rs_category is deprecated in C:\xampp\Desktop\mdcnpal\htdocs\public_html\core\app.php on line 434
[2026-07-06 17:00:20] Creation of dynamic property app::$rs_faq_data is deprecated in C:\xampp\Desktop\mdcnpal\htdocs\public_html\core\app.php on line 434
[2026-07-06 17:00:20] Creation of dynamic property app::$rs_gallery_data is deprecated in C:\xampp\Desktop\mdcnpal\htdocs\public_html\core\app.php on line 434
[2026-07-06 17:00:20] Undefined array key "tempCityID" in C:\xampp\Desktop\mdcnpal\htdocs\public_html\includes\header.php on line 5
[2026-07-06 17:00:20] Undefined array key "items" in C:\xampp\Desktop\mdcnpal\htdocs\public_html\includes\header.php on line 16
[2026-07-06 17:00:20] Undefined array key "item_category" in C:\xampp\Desktop\mdcnpal\htdocs\public_html\includes\header.php on line 26
[2026-07-06 17:00:20] Undefined array key "item_diseases" in C:\xampp\Desktop\mdcnpal\htdocs\public_html\includes\header.php on line 33
[2026-07-06 17:00:20] Undefined property: app::$rs_cartmini in C:\xampp\Desktop\mdcnpal\htdocs\public_html\includes\header.php on line 131
[2026-07-06 17:00:20] Undefined array key "MDRCCustID" in C:\xampp\Desktop\mdcnpal\htdocs\public_html\includes\header.php on line 134
[2026-07-06 17:00:20] Undefined property: app::$rs_cartmini in C:\xampp\Desktop\mdcnpal\htdocs\public_html\includes\header.php on line 197
[2026-07-06 17:00:20] Undefined array key "MDRCCustID" in C:\xampp\Desktop\mdcnpal\htdocs\public_html\includes\header.php on line 200
[2026-07-06 17:00:20] Undefined property: app::$rs_cartmini in C:\xampp\Desktop\mdcnpal\htdocs\public_html\includes\header.php on line 469
[2026-07-06 17:00:20] Undefined array key "MDRCCustID" in C:\xampp\Desktop\mdcnpal\htdocs\public_html\includes\header.php on line 472
[2026-07-06 17:00:20] Undefined property: app::$rs_cartmini in C:\xampp\Desktop\mdcnpal\htdocs\public_html\includes\header.php on line 525
[2026-07-06 17:00:20] Undefined array key "MDRCCustID" in C:\xampp\Desktop\mdcnpal\htdocs\public_html\includes\header.php on line 528
[2026-07-06 17:00:20] Undefined property: app::$rs_customer in C:\xampp\Desktop\mdcnpal\htdocs\public_html\includes\header.php on line 712
[2026-07-06 17:00:20] Trying to access array offset on value of type null in C:\xampp\Desktop\mdcnpal\htdocs\public_html\includes\header.php on line 712
[2026-07-06 17:00:20] Undefined property: app::$rs_customer in C:\xampp\Desktop\mdcnpal\htdocs\public_html\includes\header.php on line 721
[2026-07-06 17:00:20] Trying to access array offset on value of type null in C:\xampp\Desktop\mdcnpal\htdocs\public_html\includes\header.php on line 721
[2026-07-06 17:00:20] Undefined property: app::$rs_customer in C:\xampp\Desktop\mdcnpal\htdocs\public_html\includes\header.php on line 730
[2026-07-06 17:00:20] Trying to access array offset on value of type null in C:\xampp\Desktop\mdcnpal\htdocs\public_html\includes\header.php on line 730
[2026-07-06 17:00:20] Undefined property: app::$rs_customer in C:\xampp\Desktop\mdcnpal\htdocs\public_html\includes\header.php on line 739
[2026-07-06 17:00:20] Trying to access array offset on value of type null in C:\xampp\Desktop\mdcnpal\htdocs\public_html\includes\header.php on line 739
[2026-07-06 17:00:20] Undefined variable $g_search_query in C:\xampp\Desktop\mdcnpal\htdocs\public_html\core\app.php(565) : eval()'d code on line 219
[2026-07-06 17:00:20] Undefined variable $department_cond in C:\xampp\Desktop\mdcnpal\htdocs\public_html\core\app.php(565) : eval()'d code on line 219
[2026-07-06 17:00:20] Undefined variable $type_cond in C:\xampp\Desktop\mdcnpal\htdocs\public_html\core\app.php(565) : eval()'d code on line 219
[2026-07-06 17:00:20] Undefined variable $dieses_cond in C:\xampp\Desktop\mdcnpal\htdocs\public_html\core\app.php(565) : eval()'d code on line 219
[2026-07-06 17:00:20] Undefined variable $popular_pack_cond in C:\xampp\Desktop\mdcnpal\htdocs\public_html\core\app.php(565) : eval()'d code on line 219
[2026-07-06 17:00:20] Undefined variable $g_search_query in C:\xampp\Desktop\mdcnpal\htdocs\public_html\core\app.php(565) : eval()'d code on line 219
[2026-07-06 17:00:20] Undefined variable $department_cond in C:\xampp\Desktop\mdcnpal\htdocs\public_html\core\app.php(565) : eval()'d code on line 219
[2026-07-06 17:00:20] Undefined variable $type_cond in C:\xampp\Desktop\mdcnpal\htdocs\public_html\core\app.php(565) : eval()'d code on line 219
[2026-07-06 17:00:20] Undefined variable $dieses_cond in C:\xampp\Desktop\mdcnpal\htdocs\public_html\core\app.php(565) : eval()'d code on line 219
[2026-07-06 17:00:20] Undefined variable $popular_pack_cond in C:\xampp\Desktop\mdcnpal\htdocs\public_html\core\app.php(565) : eval()'d code on line 219
[2026-07-06 17:00:20] Undefined variable $g_search_query in C:\xampp\Desktop\mdcnpal\htdocs\public_html\core\app.php(565) : eval()'d code on line 219
[2026-07-06 17:00:20] Undefined variable $department_cond in C:\xampp\Desktop\mdcnpal\htdocs\public_html\core\app.php(565) : eval()'d code on line 219
[2026-07-06 17:00:20] Undefined variable $type_cond in C:\xampp\Desktop\mdcnpal\htdocs\public_html\core\app.php(565) : eval()'d code on line 219
[2026-07-06 17:00:20] Undefined variable $dieses_cond in C:\xampp\Desktop\mdcnpal\htdocs\public_html\core\app.php(565) : eval()'d code on line 219
[2026-07-06 17:00:20] Undefined variable $popular_pack_cond in C:\xampp\Desktop\mdcnpal\htdocs\public_html\core\app.php(565) : eval()'d code on line 219
[2026-07-06 17:00:20] Undefined variable $g_search_query in C:\xampp\Desktop\mdcnpal\htdocs\public_html\core\app.php(565) : eval()'d code on line 219
[2026-07-06 17:00:20] Undefined variable $department_cond in C:\xampp\Desktop\mdcnpal\htdocs\public_html\core\app.php(565) : eval()'d code on line 219
[2026-07-06 17:00:20] Undefined variable $type_cond in C:\xampp\Desktop\mdcnpal\htdocs\public_html\core\app.php(565) : eval()'d code on line 219
[2026-07-06 17:00:20] Undefined variable $dieses_cond in C:\xampp\Desktop\mdcnpal\htdocs\public_html\core\app.php(565) : eval()'d code on line 219
[2026-07-06 17:00:20] Undefined variable $popular_pack_cond in C:\xampp\Desktop\mdcnpal\htdocs\public_html\core\app.php(565) : eval()'d code on line 219
[2026-07-06 17:00:20] Undefined variable $g_search_query in C:\xampp\Desktop\mdcnpal\htdocs\public_html\core\app.php(565) : eval()'d code on line 219
[2026-07-06 17:00:20] Undefined variable $department_cond in C:\xampp\Desktop\mdcnpal\htdocs\public_html\core\app.php(565) : eval()'d code on line 219
[2026-07-06 17:00:20] Undefined variable $type_cond in C:\xampp\Desktop\mdcnpal\htdocs\public_html\core\app.php(565) : eval()'d code on line 219
[2026-07-06 17:00:20] Undefined variable $dieses_cond in C:\xampp\Desktop\mdcnpal\htdocs\public_html\core\app.php(565) : eval()'d code on line 219
[2026-07-06 17:00:20] Undefined variable $popular_pack_cond in C:\xampp\Desktop\mdcnpal\htdocs\public_html\core\app.php(565) : eval()'d code on line 219
[2026-07-06 17:00:20] Undefined property: app::$rs_customer in C:\xampp\Desktop\mdcnpal\htdocs\public_html\includes\footer.php on line 357
[2026-07-06 17:00:20] Trying to access array offset on value of type null in C:\xampp\Desktop\mdcnpal\htdocs\public_html\includes\footer.php on line 357
[2026-07-06 17:00:20] Undefined property: app::$rs_customer in C:\xampp\Desktop\mdcnpal\htdocs\public_html\includes\footer.php on line 366
[2026-07-06 17:00:20] Trying to access array offset on value of type null in C:\xampp\Desktop\mdcnpal\htdocs\public_html\includes\footer.php on line 366
[2026-07-06 17:00:20] Undefined property: app::$rs_customer in C:\xampp\Desktop\mdcnpal\htdocs\public_html\includes\footer.php on line 372
[2026-07-06 17:00:20] Trying to access array offset on value of type null in C:\xampp\Desktop\mdcnpal\htdocs\public_html\includes\footer.php on line 372
[2026-07-06 17:00:20] Undefined property: app::$rs_customer in C:\xampp\Desktop\mdcnpal\htdocs\public_html\includes\general_data.php on line 88
[2026-07-06 17:00:20] Trying to access array offset on value of type null in C:\xampp\Desktop\mdcnpal\htdocs\public_html\includes\general_data.php on line 88
[2026-07-06 17:00:20] Undefined array key "MDRCCustID" in C:\xampp\Desktop\mdcnpal\htdocs\public_html\includes\general_data.php on line 88
[2026-07-06 17:00:20] Undefined variable $tmpStr in C:\xampp\Desktop\mdcnpal\htdocs\public_html\core\app.php on line 971
[2026-07-06 17:00:30] Creation of dynamic property dbclass::$RECORD_SET is deprecated in C:\xampp\Desktop\mdcnpal\htdocs\public_html\core\dbclass.php on line 69
[2026-07-06 17:00:30] Creation of dynamic property dbclass::$app is deprecated in C:\xampp\Desktop\mdcnpal\htdocs\public_html\core\dbclass.php on line 75
[2026-07-06 17:00:30] Creation of dynamic property model::$foreign_tables is deprecated in C:\xampp\Desktop\mdcnpal\htdocs\public_html\core\model.php on line 43
[2026-07-06 17:00:30] Creation of dynamic property app::$inputfilter is deprecated in C:\xampp\Desktop\mdcnpal\htdocs\public_html\core\app.php on line 123
[2026-07-06 17:00:30] Creation of dynamic property app::$userconfig is deprecated in C:\xampp\Desktop\mdcnpal\htdocs\public_html\core\app.php on line 124
[2026-07-06 17:00:30] Creation of dynamic property app::$global_include is deprecated in C:\xampp\Desktop\mdcnpal\htdocs\public_html\core\app.php on line 125
[2026-07-06 17:00:30] Creation of dynamic property app::$set_cache_time is deprecated in C:\xampp\Desktop\mdcnpal\htdocs\public_html\core\app.php on line 153
[2026-07-06 17:00:30] Creation of dynamic property app::$meta is deprecated in C:\xampp\Desktop\mdcnpal\htdocs\public_html\core\app.php on line 434
[2026-07-06 17:00:30] Creation of dynamic property app::$rs_gs_city is deprecated in C:\xampp\Desktop\mdcnpal\htdocs\public_html\core\app.php on line 434
[2026-07-06 17:00:31] Creation of dynamic property app::$rs_footer_popular_item is deprecated in C:\xampp\Desktop\mdcnpal\htdocs\public_html\core\app.php on line 434
[2026-07-06 17:00:31] Creation of dynamic property app::$rs_footer_popular_test is deprecated in C:\xampp\Desktop\mdcnpal\htdocs\public_html\core\app.php on line 434
[2026-07-06 17:00:31] Creation of dynamic property app::$rs_testimonial is deprecated in C:\xampp\Desktop\mdcnpal\htdocs\public_html\core\app.php on line 434
[2026-07-06 17:00:31] Creation of dynamic property app::$admin is deprecated in C:\xampp\Desktop\mdcnpal\htdocs\public_html\core\app.php on line 434
[2026-07-06 17:00:31] Undefined array key 0 in C:\xampp\Desktop\mdcnpal\htdocs\public_html\core\global_include.php on line 514
[2026-07-06 17:00:31] Creation of dynamic property app::$popup is deprecated in C:\xampp\Desktop\mdcnpal\htdocs\public_html\core\app.php on line 434
[2026-07-06 17:00:31] Undefined array key "MDRCCustID" in C:\xampp\Desktop\mdcnpal\htdocs\public_html\core\global_include.php on line 515
[2026-07-06 17:00:31] Undefined array key "MDRCToken" in C:\xampp\Desktop\mdcnpal\htdocs\public_html\core\global_include.php on line 515
[2026-07-06 17:00:31] Creation of dynamic property app::$rscategory is deprecated in C:\xampp\Desktop\mdcnpal\htdocs\public_html\core\app.php on line 434
[2026-07-06 17:00:31] Creation of dynamic property app::$rs_pages is deprecated in C:\xampp\Desktop\mdcnpal\htdocs\public_html\core\app.php on line 434
[2026-07-06 17:00:31] Creation of dynamic property app::$gs is deprecated in C:\xampp\Desktop\mdcnpal\htdocs\public_html\core\app.php on line 434
[2026-07-06 17:00:31] Undefined array key "MDRCCustID" in C:\xampp\Desktop\mdcnpal\htdocs\public_html\core\global_include.php on line 596
[2026-07-06 17:00:31] Undefined array key "MDRCCustID" in C:\xampp\Desktop\mdcnpal\htdocs\public_html\core\global_include.php on line 615
[2026-07-06 17:00:31] Undefined variable $getId in C:\xampp\Desktop\mdcnpal\htdocs\public_html\core\global_include.php on line 684
[2026-07-06 17:00:31] Undefined variable $getName in C:\xampp\Desktop\mdcnpal\htdocs\public_html\core\global_include.php on line 685
[2026-07-06 17:00:31] Undefined array key 0 in C:\xampp\Desktop\mdcnpal\htdocs\public_html\core\global_include.php on line 810
[2026-07-06 17:00:31] Creation of dynamic property app::$rs_offer_msg is deprecated in C:\xampp\Desktop\mdcnpal\htdocs\public_html\core\app.php on line 434
[2026-07-06 17:00:31] Creation of dynamic property app::$rs_for_doctors is deprecated in C:\xampp\Desktop\mdcnpal\htdocs\public_html\core\app.php on line 434
[2026-07-06 17:00:31] Creation of dynamic property app::$description is deprecated in C:\xampp\Desktop\mdcnpal\htdocs\public_html\core\app.php on line 434
[2026-07-06 17:00:31] Creation of dynamic property app::$rs_banner is deprecated in C:\xampp\Desktop\mdcnpal\htdocs\public_html\core\app.php on line 434
[2026-07-06 17:00:31] Creation of dynamic property app::$rs_item_diseases is deprecated in C:\xampp\Desktop\mdcnpal\htdocs\public_html\core\app.php on line 434
[2026-07-06 17:00:31] Creation of dynamic property app::$rs_item_home_category is deprecated in C:\xampp\Desktop\mdcnpal\htdocs\public_html\core\app.php on line 434
[2026-07-06 17:00:31] Creation of dynamic property app::$rs_item_banner_category is deprecated in C:\xampp\Desktop\mdcnpal\htdocs\public_html\core\app.php on line 434
[2026-07-06 17:00:31] Creation of dynamic property app::$rs_services is deprecated in C:\xampp\Desktop\mdcnpal\htdocs\public_html\core\app.php on line 434
[2026-07-06 17:00:31] Creation of dynamic property app::$rs_blog is deprecated in C:\xampp\Desktop\mdcnpal\htdocs\public_html\core\app.php on line 434
[2026-07-06 17:00:31] Creation of dynamic property app::$rs_category is deprecated in C:\xampp\Desktop\mdcnpal\htdocs\public_html\core\app.php on line 434
[2026-07-06 17:00:31] Creation of dynamic property app::$rs_faq_data is deprecated in C:\xampp\Desktop\mdcnpal\htdocs\public_html\core\app.php on line 434
[2026-07-06 17:00:31] Creation of dynamic property app::$rs_gallery_data is deprecated in C:\xampp\Desktop\mdcnpal\htdocs\public_html\core\app.php on line 434
[2026-07-06 17:00:31] Undefined property: app::$rs_cartmini in C:\xampp\Desktop\mdcnpal\htdocs\public_html\includes\header.php on line 131
[2026-07-06 17:00:31] Undefined array key "MDRCCustID" in C:\xampp\Desktop\mdcnpal\htdocs\public_html\includes\header.php on line 134
[2026-07-06 17:00:31] Undefined property: app::$rs_cartmini in C:\xampp\Desktop\mdcnpal\htdocs\public_html\includes\header.php on line 197
[2026-07-06 17:00:31] Undefined array key "MDRCCustID" in C:\xampp\Desktop\mdcnpal\htdocs\public_html\includes\header.php on line 200
[2026-07-06 17:00:31] Undefined property: app::$rs_cartmini in C:\xampp\Desktop\mdcnpal\htdocs\public_html\includes\header.php on line 469
[2026-07-06 17:00:32] Undefined array key "MDRCCustID" in C:\xampp\Desktop\mdcnpal\htdocs\public_html\includes\header.php on line 472
[2026-07-06 17:00:32] Undefined property: app::$rs_cartmini in C:\xampp\Desktop\mdcnpal\htdocs\public_html\includes\header.php on line 525
[2026-07-06 17:00:32] Undefined array key "MDRCCustID" in C:\xampp\Desktop\mdcnpal\htdocs\public_html\includes\header.php on line 528
[2026-07-06 17:00:32] Undefined property: app::$rs_customer in C:\xampp\Desktop\mdcnpal\htdocs\public_html\includes\header.php on line 712
[2026-07-06 17:00:32] Trying to access array offset on value of type null in C:\xampp\Desktop\mdcnpal\htdocs\public_html\includes\header.php on line 712
[2026-07-06 17:00:32] Undefined property: app::$rs_customer in C:\xampp\Desktop\mdcnpal\htdocs\public_html\includes\header.php on line 721
[2026-07-06 17:00:32] Trying to access array offset on value of type null in C:\xampp\Desktop\mdcnpal\htdocs\public_html\includes\header.php on line 721
[2026-07-06 17:00:32] Undefined property: app::$rs_customer in C:\xampp\Desktop\mdcnpal\htdocs\public_html\includes\header.php on line 730
[2026-07-06 17:00:32] Trying to access array offset on value of type null in C:\xampp\Desktop\mdcnpal\htdocs\public_html\includes\header.php on line 730
[2026-07-06 17:00:32] Undefined property: app::$rs_customer in C:\xampp\Desktop\mdcnpal\htdocs\public_html\includes\header.php on line 739
[2026-07-06 17:00:32] Trying to access array offset on value of type null in C:\xampp\Desktop\mdcnpal\htdocs\public_html\includes\header.php on line 739
[2026-07-06 17:00:32] Undefined variable $g_search_query in C:\xampp\Desktop\mdcnpal\htdocs\public_html\core\app.php(565) : eval()'d code on line 219
[2026-07-06 17:00:32] Undefined variable $department_cond in C:\xampp\Desktop\mdcnpal\htdocs\public_html\core\app.php(565) : eval()'d code on line 219
[2026-07-06 17:00:32] Undefined variable $type_cond in C:\xampp\Desktop\mdcnpal\htdocs\public_html\core\app.php(565) : eval()'d code on line 219
[2026-07-06 17:00:32] Undefined variable $dieses_cond in C:\xampp\Desktop\mdcnpal\htdocs\public_html\core\app.php(565) : eval()'d code on line 219
[2026-07-06 17:00:32] Undefined variable $popular_pack_cond in C:\xampp\Desktop\mdcnpal\htdocs\public_html\core\app.php(565) : eval()'d code on line 219
[2026-07-06 17:00:32] Undefined variable $g_search_query in C:\xampp\Desktop\mdcnpal\htdocs\public_html\core\app.php(565) : eval()'d code on line 219
[2026-07-06 17:00:32] Undefined variable $department_cond in C:\xampp\Desktop\mdcnpal\htdocs\public_html\core\app.php(565) : eval()'d code on line 219
[2026-07-06 17:00:32] Undefined variable $type_cond in C:\xampp\Desktop\mdcnpal\htdocs\public_html\core\app.php(565) : eval()'d code on line 219
[2026-07-06 17:00:32] Undefined variable $dieses_cond in C:\xampp\Desktop\mdcnpal\htdocs\public_html\core\app.php(565) : eval()'d code on line 219
[2026-07-06 17:00:32] Undefined variable $popular_pack_cond in C:\xampp\Desktop\mdcnpal\htdocs\public_html\core\app.php(565) : eval()'d code on line 219
[2026-07-06 17:00:32] Undefined variable $g_search_query in C:\xampp\Desktop\mdcnpal\htdocs\public_html\core\app.php(565) : eval()'d code on line 219
[2026-07-06 17:00:32] Undefined variable $department_cond in C:\xampp\Desktop\mdcnpal\htdocs\public_html\core\app.php(565) : eval()'d code on line 219
[2026-07-06 17:00:32] Undefined variable $type_cond in C:\xampp\Desktop\mdcnpal\htdocs\public_html\core\app.php(565) : eval()'d code on line 219
[2026-07-06 17:00:32] Undefined variable $dieses_cond in C:\xampp\Desktop\mdcnpal\htdocs\public_html\core\app.php(565) : eval()'d code on line 219
[2026-07-06 17:00:32] Undefined variable $popular_pack_cond in C:\xampp\Desktop\mdcnpal\htdocs\public_html\core\app.php(565) : eval()'d code on line 219
[2026-07-06 17:00:32] Undefined variable $g_search_query in C:\xampp\Desktop\mdcnpal\htdocs\public_html\core\app.php(565) : eval()'d code on line 219
[2026-07-06 17:00:32] Undefined variable $department_cond in C:\xampp\Desktop\mdcnpal\htdocs\public_html\core\app.php(565) : eval()'d code on line 219
[2026-07-06 17:00:32] Undefined variable $type_cond in C:\xampp\Desktop\mdcnpal\htdocs\public_html\core\app.php(565) : eval()'d code on line 219
[2026-07-06 17:00:32] Undefined variable $dieses_cond in C:\xampp\Desktop\mdcnpal\htdocs\public_html\core\app.php(565) : eval()'d code on line 219
[2026-07-06 17:00:32] Undefined variable $popular_pack_cond in C:\xampp\Desktop\mdcnpal\htdocs\public_html\core\app.php(565) : eval()'d code on line 219
[2026-07-06 17:00:32] Undefined variable $g_search_query in C:\xampp\Desktop\mdcnpal\htdocs\public_html\core\app.php(565) : eval()'d code on line 219
[2026-07-06 17:00:32] Undefined variable $department_cond in C:\xampp\Desktop\mdcnpal\htdocs\public_html\core\app.php(565) : eval()'d code on line 219
[2026-07-06 17:00:32] Undefined variable $type_cond in C:\xampp\Desktop\mdcnpal\htdocs\public_html\core\app.php(565) : eval()'d code on line 219
[2026-07-06 17:00:32] Undefined variable $dieses_cond in C:\xampp\Desktop\mdcnpal\htdocs\public_html\core\app.php(565) : eval()'d code on line 219
[2026-07-06 17:00:32] Undefined variable $popular_pack_cond in C:\xampp\Desktop\mdcnpal\htdocs\public_html\core\app.php(565) : eval()'d code on line 219
[2026-07-06 17:00:32] Undefined property: app::$rs_customer in C:\xampp\Desktop\mdcnpal\htdocs\public_html\includes\footer.php on line 357
[2026-07-06 17:00:32] Trying to access array offset on value of type null in C:\xampp\Desktop\mdcnpal\htdocs\public_html\includes\footer.php on line 357
[2026-07-06 17:00:32] Undefined property: app::$rs_customer in C:\xampp\Desktop\mdcnpal\htdocs\public_html\includes\footer.php on line 366
[2026-07-06 17:00:32] Trying to access array offset on value of type null in C:\xampp\Desktop\mdcnpal\htdocs\public_html\includes\footer.php on line 366
[2026-07-06 17:00:32] Undefined property: app::$rs_customer in C:\xampp\Desktop\mdcnpal\htdocs\public_html\includes\footer.php on line 372
[2026-07-06 17:00:32] Trying to access array offset on value of type null in C:\xampp\Desktop\mdcnpal\htdocs\public_html\includes\footer.php on line 372
[2026-07-06 17:00:32] Undefined property: app::$rs_customer in C:\xampp\Desktop\mdcnpal\htdocs\public_html\includes\general_data.php on line 88
[2026-07-06 17:00:32] Trying to access array offset on value of type null in C:\xampp\Desktop\mdcnpal\htdocs\public_html\includes\general_data.php on line 88
[2026-07-06 17:00:32] Undefined array key "MDRCCustID" in C:\xampp\Desktop\mdcnpal\htdocs\public_html\includes\general_data.php on line 88
[2026-07-06 17:00:32] Undefined variable $tmpStr in C:\xampp\Desktop\mdcnpal\htdocs\public_html\core\app.php on line 971
[2026-07-06 17:00:44] Creation of dynamic property dbclass::$RECORD_SET is deprecated in C:\xampp\Desktop\mdcnpal\htdocs\public_html\core\dbclass.php on line 69
[2026-07-06 17:00:44] Creation of dynamic property dbclass::$app is deprecated in C:\xampp\Desktop\mdcnpal\htdocs\public_html\core\dbclass.php on line 75
[2026-07-06 17:00:44] Creation of dynamic property model::$foreign_tables is deprecated in C:\xampp\Desktop\mdcnpal\htdocs\public_html\core\model.php on line 43
[2026-07-06 17:00:44] Creation of dynamic property app::$inputfilter is deprecated in C:\xampp\Desktop\mdcnpal\htdocs\public_html\core\app.php on line 123
[2026-07-06 17:00:44] Creation of dynamic property app::$userconfig is deprecated in C:\xampp\Desktop\mdcnpal\htdocs\public_html\core\app.php on line 124
[2026-07-06 17:00:44] Creation of dynamic property app::$global_include is deprecated in C:\xampp\Desktop\mdcnpal\htdocs\public_html\core\app.php on line 125
[2026-07-06 17:00:44] Creation of dynamic property app::$set_cache_time is deprecated in C:\xampp\Desktop\mdcnpal\htdocs\public_html\core\app.php on line 153
[06-Jul-2026 17:00:44 Asia/Kathmandu] PHP Fatal error:  Array and string offset access syntax with curly braces is no longer supported in C:\xampp\Desktop\mdcnpal\htdocs\public_html\modules\JSON\class.JSON.php on line 156
[2026-07-06 17:01:42] Creation of dynamic property dbclass::$RECORD_SET is deprecated in C:\xampp\Desktop\mdcnpal\htdocs\public_html\core\dbclass.php on line 69
[2026-07-06 17:01:42] Creation of dynamic property dbclass::$app is deprecated in C:\xampp\Desktop\mdcnpal\htdocs\public_html\core\dbclass.php on line 75
[2026-07-06 17:01:42] Creation of dynamic property model::$foreign_tables is deprecated in C:\xampp\Desktop\mdcnpal\htdocs\public_html\core\model.php on line 43
[2026-07-06 17:01:42] Creation of dynamic property app::$inputfilter is deprecated in C:\xampp\Desktop\mdcnpal\htdocs\public_html\core\app.php on line 123
[2026-07-06 17:01:42] Creation of dynamic property app::$userconfig is deprecated in C:\xampp\Desktop\mdcnpal\htdocs\public_html\core\app.php on line 124
[2026-07-06 17:01:42] Creation of dynamic property app::$global_include is deprecated in C:\xampp\Desktop\mdcnpal\htdocs\public_html\core\app.php on line 125
[2026-07-06 17:01:42] Creation of dynamic property app::$set_cache_time is deprecated in C:\xampp\Desktop\mdcnpal\htdocs\public_html\core\app.php on line 153
[2026-07-06 17:01:42] Creation of dynamic property app::$meta is deprecated in C:\xampp\Desktop\mdcnpal\htdocs\public_html\core\app.php on line 434
[2026-07-06 17:01:42] Creation of dynamic property app::$rs_gs_city is deprecated in C:\xampp\Desktop\mdcnpal\htdocs\public_html\core\app.php on line 434
[2026-07-06 17:01:42] Creation of dynamic property app::$rs_footer_popular_item is deprecated in C:\xampp\Desktop\mdcnpal\htdocs\public_html\core\app.php on line 434
[2026-07-06 17:01:42] Creation of dynamic property app::$rs_footer_popular_test is deprecated in C:\xampp\Desktop\mdcnpal\htdocs\public_html\core\app.php on line 434
[2026-07-06 17:01:42] Creation of dynamic property app::$rs_testimonial is deprecated in C:\xampp\Desktop\mdcnpal\htdocs\public_html\core\app.php on line 434
[2026-07-06 17:01:42] Creation of dynamic property app::$admin is deprecated in C:\xampp\Desktop\mdcnpal\htdocs\public_html\core\app.php on line 434
[2026-07-06 17:01:42] Undefined array key 0 in C:\xampp\Desktop\mdcnpal\htdocs\public_html\core\global_include.php on line 514
[2026-07-06 17:01:42] Creation of dynamic property app::$popup is deprecated in C:\xampp\Desktop\mdcnpal\htdocs\public_html\core\app.php on line 434
[2026-07-06 17:01:42] Undefined array key "MDRCCustID" in C:\xampp\Desktop\mdcnpal\htdocs\public_html\core\global_include.php on line 515
[2026-07-06 17:01:42] Undefined array key "MDRCToken" in C:\xampp\Desktop\mdcnpal\htdocs\public_html\core\global_include.php on line 515
[2026-07-06 17:01:42] Creation of dynamic property app::$rscategory is deprecated in C:\xampp\Desktop\mdcnpal\htdocs\public_html\core\app.php on line 434
[2026-07-06 17:01:42] Creation of dynamic property app::$rs_pages is deprecated in C:\xampp\Desktop\mdcnpal\htdocs\public_html\core\app.php on line 434
[2026-07-06 17:01:42] Creation of dynamic property app::$gs is deprecated in C:\xampp\Desktop\mdcnpal\htdocs\public_html\core\app.php on line 434
[2026-07-06 17:01:42] Undefined array key "MDRCCustID" in C:\xampp\Desktop\mdcnpal\htdocs\public_html\core\global_include.php on line 596
[2026-07-06 17:01:42] Undefined array key "MDRCCustID" in C:\xampp\Desktop\mdcnpal\htdocs\public_html\core\global_include.php on line 615
[2026-07-06 17:01:42] Undefined variable $getId in C:\xampp\Desktop\mdcnpal\htdocs\public_html\core\global_include.php on line 684
[2026-07-06 17:01:42] Undefined variable $getName in C:\xampp\Desktop\mdcnpal\htdocs\public_html\core\global_include.php on line 685
[2026-07-06 17:01:42] Undefined array key 0 in C:\xampp\Desktop\mdcnpal\htdocs\public_html\core\global_include.php on line 810
[2026-07-06 17:01:42] Creation of dynamic property app::$rs_offer_msg is deprecated in C:\xampp\Desktop\mdcnpal\htdocs\public_html\core\app.php on line 434
[2026-07-06 17:01:42] Creation of dynamic property app::$rs_for_doctors is deprecated in C:\xampp\Desktop\mdcnpal\htdocs\public_html\core\app.php on line 434
[2026-07-06 17:01:42] Creation of dynamic property app::$description is deprecated in C:\xampp\Desktop\mdcnpal\htdocs\public_html\core\app.php on line 434
[2026-07-06 17:01:42] Creation of dynamic property app::$rs_banner is deprecated in C:\xampp\Desktop\mdcnpal\htdocs\public_html\core\app.php on line 434
[2026-07-06 17:01:42] Creation of dynamic property app::$rs_item_diseases is deprecated in C:\xampp\Desktop\mdcnpal\htdocs\public_html\core\app.php on line 434
[2026-07-06 17:01:42] Creation of dynamic property app::$rs_item_home_category is deprecated in C:\xampp\Desktop\mdcnpal\htdocs\public_html\core\app.php on line 434
[2026-07-06 17:01:42] Creation of dynamic property app::$rs_item_banner_category is deprecated in C:\xampp\Desktop\mdcnpal\htdocs\public_html\core\app.php on line 434
[2026-07-06 17:01:42] Creation of dynamic property app::$rs_services is deprecated in C:\xampp\Desktop\mdcnpal\htdocs\public_html\core\app.php on line 434
[2026-07-06 17:01:42] Creation of dynamic property app::$rs_blog is deprecated in C:\xampp\Desktop\mdcnpal\htdocs\public_html\core\app.php on line 434
[2026-07-06 17:01:42] Creation of dynamic property app::$rs_category is deprecated in C:\xampp\Desktop\mdcnpal\htdocs\public_html\core\app.php on line 434
[2026-07-06 17:01:42] Creation of dynamic property app::$rs_faq_data is deprecated in C:\xampp\Desktop\mdcnpal\htdocs\public_html\core\app.php on line 434
[2026-07-06 17:01:42] Creation of dynamic property app::$rs_gallery_data is deprecated in C:\xampp\Desktop\mdcnpal\htdocs\public_html\core\app.php on line 434
[2026-07-06 17:01:42] Undefined property: app::$rs_cartmini in C:\xampp\Desktop\mdcnpal\htdocs\public_html\includes\header.php on line 131
[2026-07-06 17:01:42] Undefined array key "MDRCCustID" in C:\xampp\Desktop\mdcnpal\htdocs\public_html\includes\header.php on line 134
[2026-07-06 17:01:42] Undefined property: app::$rs_cartmini in C:\xampp\Desktop\mdcnpal\htdocs\public_html\includes\header.php on line 197
[2026-07-06 17:01:42] Undefined array key "MDRCCustID" in C:\xampp\Desktop\mdcnpal\htdocs\public_html\includes\header.php on line 200
[2026-07-06 17:01:42] Undefined property: app::$rs_cartmini in C:\xampp\Desktop\mdcnpal\htdocs\public_html\includes\header.php on line 469
[2026-07-06 17:01:42] Undefined array key "MDRCCustID" in C:\xampp\Desktop\mdcnpal\htdocs\public_html\includes\header.php on line 472
[2026-07-06 17:01:42] Undefined property: app::$rs_cartmini in C:\xampp\Desktop\mdcnpal\htdocs\public_html\includes\header.php on line 525
[2026-07-06 17:01:42] Undefined array key "MDRCCustID" in C:\xampp\Desktop\mdcnpal\htdocs\public_html\includes\header.php on line 528
[2026-07-06 17:01:42] Undefined property: app::$rs_customer in C:\xampp\Desktop\mdcnpal\htdocs\public_html\includes\header.php on line 712
[2026-07-06 17:01:42] Trying to access array offset on value of type null in C:\xampp\Desktop\mdcnpal\htdocs\public_html\includes\header.php on line 712
[2026-07-06 17:01:42] Undefined property: app::$rs_customer in C:\xampp\Desktop\mdcnpal\htdocs\public_html\includes\header.php on line 721
[2026-07-06 17:01:42] Trying to access array offset on value of type null in C:\xampp\Desktop\mdcnpal\htdocs\public_html\includes\header.php on line 721
[2026-07-06 17:01:42] Undefined property: app::$rs_customer in C:\xampp\Desktop\mdcnpal\htdocs\public_html\includes\header.php on line 730
[2026-07-06 17:01:42] Trying to access array offset on value of type null in C:\xampp\Desktop\mdcnpal\htdocs\public_html\includes\header.php on line 730
[2026-07-06 17:01:42] Undefined property: app::$rs_customer in C:\xampp\Desktop\mdcnpal\htdocs\public_html\includes\header.php on line 739
[2026-07-06 17:01:42] Trying to access array offset on value of type null in C:\xampp\Desktop\mdcnpal\htdocs\public_html\includes\header.php on line 739
[2026-07-06 17:01:42] Undefined variable $g_search_query in C:\xampp\Desktop\mdcnpal\htdocs\public_html\core\app.php(565) : eval()'d code on line 219
[2026-07-06 17:01:42] Undefined variable $department_cond in C:\xampp\Desktop\mdcnpal\htdocs\public_html\core\app.php(565) : eval()'d code on line 219
[2026-07-06 17:01:42] Undefined variable $type_cond in C:\xampp\Desktop\mdcnpal\htdocs\public_html\core\app.php(565) : eval()'d code on line 219
[2026-07-06 17:01:42] Undefined variable $dieses_cond in C:\xampp\Desktop\mdcnpal\htdocs\public_html\core\app.php(565) : eval()'d code on line 219
[2026-07-06 17:01:42] Undefined variable $popular_pack_cond in C:\xampp\Desktop\mdcnpal\htdocs\public_html\core\app.php(565) : eval()'d code on line 219
[2026-07-06 17:01:42] Undefined variable $g_search_query in C:\xampp\Desktop\mdcnpal\htdocs\public_html\core\app.php(565) : eval()'d code on line 219
[2026-07-06 17:01:42] Undefined variable $department_cond in C:\xampp\Desktop\mdcnpal\htdocs\public_html\core\app.php(565) : eval()'d code on line 219
[2026-07-06 17:01:42] Undefined variable $type_cond in C:\xampp\Desktop\mdcnpal\htdocs\public_html\core\app.php(565) : eval()'d code on line 219
[2026-07-06 17:01:42] Undefined variable $dieses_cond in C:\xampp\Desktop\mdcnpal\htdocs\public_html\core\app.php(565) : eval()'d code on line 219
[2026-07-06 17:01:42] Undefined variable $popular_pack_cond in C:\xampp\Desktop\mdcnpal\htdocs\public_html\core\app.php(565) : eval()'d code on line 219
[2026-07-06 17:01:42] Undefined variable $g_search_query in C:\xampp\Desktop\mdcnpal\htdocs\public_html\core\app.php(565) : eval()'d code on line 219
[2026-07-06 17:01:42] Undefined variable $department_cond in C:\xampp\Desktop\mdcnpal\htdocs\public_html\core\app.php(565) : eval()'d code on line 219
[2026-07-06 17:01:42] Undefined variable $type_cond in C:\xampp\Desktop\mdcnpal\htdocs\public_html\core\app.php(565) : eval()'d code on line 219
[2026-07-06 17:01:42] Undefined variable $dieses_cond in C:\xampp\Desktop\mdcnpal\htdocs\public_html\core\app.php(565) : eval()'d code on line 219
[2026-07-06 17:01:42] Undefined variable $popular_pack_cond in C:\xampp\Desktop\mdcnpal\htdocs\public_html\core\app.php(565) : eval()'d code on line 219
[2026-07-06 17:01:42] Undefined variable $g_search_query in C:\xampp\Desktop\mdcnpal\htdocs\public_html\core\app.php(565) : eval()'d code on line 219
[2026-07-06 17:01:42] Undefined variable $department_cond in C:\xampp\Desktop\mdcnpal\htdocs\public_html\core\app.php(565) : eval()'d code on line 219
[2026-07-06 17:01:42] Undefined variable $type_cond in C:\xampp\Desktop\mdcnpal\htdocs\public_html\core\app.php(565) : eval()'d code on line 219
[2026-07-06 17:01:42] Undefined variable $dieses_cond in C:\xampp\Desktop\mdcnpal\htdocs\public_html\core\app.php(565) : eval()'d code on line 219
[2026-07-06 17:01:42] Undefined variable $popular_pack_cond in C:\xampp\Desktop\mdcnpal\htdocs\public_html\core\app.php(565) : eval()'d code on line 219
[2026-07-06 17:01:42] Undefined variable $g_search_query in C:\xampp\Desktop\mdcnpal\htdocs\public_html\core\app.php(565) : eval()'d code on line 219
[2026-07-06 17:01:42] Undefined variable $department_cond in C:\xampp\Desktop\mdcnpal\htdocs\public_html\core\app.php(565) : eval()'d code on line 219
[2026-07-06 17:01:42] Undefined variable $type_cond in C:\xampp\Desktop\mdcnpal\htdocs\public_html\core\app.php(565) : eval()'d code on line 219
[2026-07-06 17:01:42] Undefined variable $dieses_cond in C:\xampp\Desktop\mdcnpal\htdocs\public_html\core\app.php(565) : eval()'d code on line 219
[2026-07-06 17:01:42] Undefined variable $popular_pack_cond in C:\xampp\Desktop\mdcnpal\htdocs\public_html\core\app.php(565) : eval()'d code on line 219
[2026-07-06 17:01:42] Undefined property: app::$rs_customer in C:\xampp\Desktop\mdcnpal\htdocs\public_html\includes\footer.php on line 357
[2026-07-06 17:01:42] Trying to access array offset on value of type null in C:\xampp\Desktop\mdcnpal\htdocs\public_html\includes\footer.php on line 357
[2026-07-06 17:01:42] Undefined property: app::$rs_customer in C:\xampp\Desktop\mdcnpal\htdocs\public_html\includes\footer.php on line 366
[2026-07-06 17:01:42] Trying to access array offset on value of type null in C:\xampp\Desktop\mdcnpal\htdocs\public_html\includes\footer.php on line 366
[2026-07-06 17:01:42] Undefined property: app::$rs_customer in C:\xampp\Desktop\mdcnpal\htdocs\public_html\includes\footer.php on line 372
[2026-07-06 17:01:42] Trying to access array offset on value of type null in C:\xampp\Desktop\mdcnpal\htdocs\public_html\includes\footer.php on line 372
[2026-07-06 17:01:42] Undefined property: app::$rs_customer in C:\xampp\Desktop\mdcnpal\htdocs\public_html\includes\general_data.php on line 88
[2026-07-06 17:01:42] Trying to access array offset on value of type null in C:\xampp\Desktop\mdcnpal\htdocs\public_html\includes\general_data.php on line 88
[2026-07-06 17:01:42] Undefined array key "MDRCCustID" in C:\xampp\Desktop\mdcnpal\htdocs\public_html\includes\general_data.php on line 88
[2026-07-06 17:01:42] Undefined variable $tmpStr in C:\xampp\Desktop\mdcnpal\htdocs\public_html\core\app.php on line 971
[2026-07-06 17:02:31] Creation of dynamic property dbclass::$RECORD_SET is deprecated in C:\xampp\Desktop\mdcnpal\htdocs\public_html\core\dbclass.php on line 69
[2026-07-06 17:02:31] Creation of dynamic property dbclass::$app is deprecated in C:\xampp\Desktop\mdcnpal\htdocs\public_html\core\dbclass.php on line 75
[2026-07-06 17:02:31] Creation of dynamic property model::$foreign_tables is deprecated in C:\xampp\Desktop\mdcnpal\htdocs\public_html\core\model.php on line 43
[2026-07-06 17:02:31] Creation of dynamic property app::$inputfilter is deprecated in C:\xampp\Desktop\mdcnpal\htdocs\public_html\core\app.php on line 123
[2026-07-06 17:02:31] Creation of dynamic property app::$userconfig is deprecated in C:\xampp\Desktop\mdcnpal\htdocs\public_html\core\app.php on line 124
[2026-07-06 17:02:31] Creation of dynamic property app::$global_include is deprecated in C:\xampp\Desktop\mdcnpal\htdocs\public_html\core\app.php on line 125
[2026-07-06 17:02:31] Creation of dynamic property app::$set_cache_time is deprecated in C:\xampp\Desktop\mdcnpal\htdocs\public_html\core\app.php on line 153
[06-Jul-2026 17:02:31 Asia/Kathmandu] PHP Fatal error:  Array and string offset access syntax with curly braces is no longer supported in C:\xampp\Desktop\mdcnpal\htdocs\public_html\modules\JSON\class.JSON.php on line 156
[2026-07-06 17:02:38] Creation of dynamic property dbclass::$RECORD_SET is deprecated in C:\xampp\Desktop\mdcnpal\htdocs\public_html\core\dbclass.php on line 69
[2026-07-06 17:02:38] Creation of dynamic property dbclass::$app is deprecated in C:\xampp\Desktop\mdcnpal\htdocs\public_html\core\dbclass.php on line 75
[2026-07-06 17:02:38] Creation of dynamic property model::$foreign_tables is deprecated in C:\xampp\Desktop\mdcnpal\htdocs\public_html\core\model.php on line 43
[2026-07-06 17:02:38] Creation of dynamic property app::$inputfilter is deprecated in C:\xampp\Desktop\mdcnpal\htdocs\public_html\core\app.php on line 123
[2026-07-06 17:02:38] Creation of dynamic property app::$userconfig is deprecated in C:\xampp\Desktop\mdcnpal\htdocs\public_html\core\app.php on line 124
[2026-07-06 17:02:38] Creation of dynamic property app::$global_include is deprecated in C:\xampp\Desktop\mdcnpal\htdocs\public_html\core\app.php on line 125
[2026-07-06 17:02:38] Creation of dynamic property app::$set_cache_time is deprecated in C:\xampp\Desktop\mdcnpal\htdocs\public_html\core\app.php on line 153
[2026-07-06 17:02:38] Creation of dynamic property app::$record is deprecated in C:\xampp\Desktop\mdcnpal\htdocs\public_html\core\app.php on line 434
[2026-07-06 17:02:38] Creation of dynamic property app::$field_record_per_page is deprecated in C:\xampp\Desktop\mdcnpal\htdocs\public_html\core\app.php on line 434
[2026-07-06 17:02:38] Undefined array key "search_by" in C:\xampp\Desktop\mdcnpal\htdocs\public_html\core\global_include.php on line 73
[2026-07-06 17:02:38] Undefined array key "current_page" in C:\xampp\Desktop\mdcnpal\htdocs\public_html\core\global_include.php on line 77
[2026-07-06 17:02:38] Undefined array key "admin" in C:\xampp\Desktop\mdcnpal\htdocs\public_html\core\global_include.php on line 90
[2026-07-06 17:02:38] Undefined array key 0 in C:\xampp\Desktop\mdcnpal\htdocs\public_html\core\global_include.php on line 91
[2026-07-06 17:02:38] Creation of dynamic property app::$rs_admin is deprecated in C:\xampp\Desktop\mdcnpal\htdocs\public_html\core\app.php on line 434
[2026-07-06 17:02:38] Undefined array key "admin" in C:\xampp\Desktop\mdcnpal\htdocs\public_html\core\global_include.php on line 92
[2026-07-06 17:02:38] Creation of dynamic property app::$gs is deprecated in C:\xampp\Desktop\mdcnpal\htdocs\public_html\core\app.php on line 434
[2026-07-06 17:02:38] Undefined variable $tmpStr in C:\xampp\Desktop\mdcnpal\htdocs\public_html\core\app.php on line 971
[2026-07-06 17:02:40] Creation of dynamic property dbclass::$RECORD_SET is deprecated in C:\xampp\Desktop\mdcnpal\htdocs\public_html\core\dbclass.php on line 69
[2026-07-06 17:02:40] Creation of dynamic property dbclass::$app is deprecated in C:\xampp\Desktop\mdcnpal\htdocs\public_html\core\dbclass.php on line 75
[2026-07-06 17:02:40] Creation of dynamic property model::$foreign_tables is deprecated in C:\xampp\Desktop\mdcnpal\htdocs\public_html\core\model.php on line 43
[2026-07-06 17:02:40] Creation of dynamic property app::$inputfilter is deprecated in C:\xampp\Desktop\mdcnpal\htdocs\public_html\core\app.php on line 123
[2026-07-06 17:02:40] Creation of dynamic property app::$userconfig is deprecated in C:\xampp\Desktop\mdcnpal\htdocs\public_html\core\app.php on line 124
[2026-07-06 17:02:40] Creation of dynamic property app::$global_include is deprecated in C:\xampp\Desktop\mdcnpal\htdocs\public_html\core\app.php on line 125
[2026-07-06 17:02:40] Creation of dynamic property app::$set_cache_time is deprecated in C:\xampp\Desktop\mdcnpal\htdocs\public_html\core\app.php on line 153
[06-Jul-2026 17:02:40 Asia/Kathmandu] PHP Fatal error:  Array and string offset access syntax with curly braces is no longer supported in C:\xampp\Desktop\mdcnpal\htdocs\public_html\modules\JSON\class.JSON.php on line 156
[2026-07-06 17:03:14] Creation of dynamic property dbclass::$RECORD_SET is deprecated in C:\xampp\Desktop\mdcnpal\htdocs\public_html\core\dbclass.php on line 69
[2026-07-06 17:03:14] Creation of dynamic property dbclass::$app is deprecated in C:\xampp\Desktop\mdcnpal\htdocs\public_html\core\dbclass.php on line 75
[2026-07-06 17:03:14] Creation of dynamic property model::$foreign_tables is deprecated in C:\xampp\Desktop\mdcnpal\htdocs\public_html\core\model.php on line 43
[2026-07-06 17:03:14] Creation of dynamic property app::$inputfilter is deprecated in C:\xampp\Desktop\mdcnpal\htdocs\public_html\core\app.php on line 123
[2026-07-06 17:03:14] Creation of dynamic property app::$userconfig is deprecated in C:\xampp\Desktop\mdcnpal\htdocs\public_html\core\app.php on line 124
[2026-07-06 17:03:14] Creation of dynamic property app::$global_include is deprecated in C:\xampp\Desktop\mdcnpal\htdocs\public_html\core\app.php on line 125
[2026-07-06 17:03:14] Creation of dynamic property app::$set_cache_time is deprecated in C:\xampp\Desktop\mdcnpal\htdocs\public_html\core\app.php on line 153
[2026-07-06 17:03:14] Creation of dynamic property app::$meta is deprecated in C:\xampp\Desktop\mdcnpal\htdocs\public_html\core\app.php on line 434
[2026-07-06 17:03:14] Creation of dynamic property app::$rs_gs_city is deprecated in C:\xampp\Desktop\mdcnpal\htdocs\public_html\core\app.php on line 434
[2026-07-06 17:03:14] Creation of dynamic property app::$rs_footer_popular_item is deprecated in C:\xampp\Desktop\mdcnpal\htdocs\public_html\core\app.php on line 434
[2026-07-06 17:03:14] Creation of dynamic property app::$rs_footer_popular_test is deprecated in C:\xampp\Desktop\mdcnpal\htdocs\public_html\core\app.php on line 434
[2026-07-06 17:03:14] Creation of dynamic property app::$rs_testimonial is deprecated in C:\xampp\Desktop\mdcnpal\htdocs\public_html\core\app.php on line 434
[2026-07-06 17:03:14] Creation of dynamic property app::$admin is deprecated in C:\xampp\Desktop\mdcnpal\htdocs\public_html\core\app.php on line 434
[2026-07-06 17:03:14] Undefined array key 0 in C:\xampp\Desktop\mdcnpal\htdocs\public_html\core\global_include.php on line 514
[2026-07-06 17:03:14] Creation of dynamic property app::$popup is deprecated in C:\xampp\Desktop\mdcnpal\htdocs\public_html\core\app.php on line 434
[2026-07-06 17:03:14] Undefined array key "MDRCCustID" in C:\xampp\Desktop\mdcnpal\htdocs\public_html\core\global_include.php on line 515
[2026-07-06 17:03:14] Undefined array key "MDRCToken" in C:\xampp\Desktop\mdcnpal\htdocs\public_html\core\global_include.php on line 515
[2026-07-06 17:03:14] Creation of dynamic property app::$rscategory is deprecated in C:\xampp\Desktop\mdcnpal\htdocs\public_html\core\app.php on line 434
[2026-07-06 17:03:14] Creation of dynamic property app::$rs_pages is deprecated in C:\xampp\Desktop\mdcnpal\htdocs\public_html\core\app.php on line 434
[2026-07-06 17:03:14] Creation of dynamic property app::$gs is deprecated in C:\xampp\Desktop\mdcnpal\htdocs\public_html\core\app.php on line 434
[2026-07-06 17:03:14] Undefined array key "MDRCCustID" in C:\xampp\Desktop\mdcnpal\htdocs\public_html\core\global_include.php on line 596
[2026-07-06 17:03:14] Undefined array key "MDRCCustID" in C:\xampp\Desktop\mdcnpal\htdocs\public_html\core\global_include.php on line 615
[2026-07-06 17:03:14] Undefined variable $getId in C:\xampp\Desktop\mdcnpal\htdocs\public_html\core\global_include.php on line 684
[2026-07-06 17:03:14] Undefined variable $getName in C:\xampp\Desktop\mdcnpal\htdocs\public_html\core\global_include.php on line 685
[2026-07-06 17:03:14] Undefined array key 0 in C:\xampp\Desktop\mdcnpal\htdocs\public_html\core\global_include.php on line 810
[2026-07-06 17:03:14] Creation of dynamic property app::$rs_offer_msg is deprecated in C:\xampp\Desktop\mdcnpal\htdocs\public_html\core\app.php on line 434
[2026-07-06 17:03:14] Creation of dynamic property app::$rs_for_doctors is deprecated in C:\xampp\Desktop\mdcnpal\htdocs\public_html\core\app.php on line 434
[2026-07-06 17:03:14] Creation of dynamic property app::$description is deprecated in C:\xampp\Desktop\mdcnpal\htdocs\public_html\core\app.php on line 434
[2026-07-06 17:03:14] Creation of dynamic property app::$rs_banner is deprecated in C:\xampp\Desktop\mdcnpal\htdocs\public_html\core\app.php on line 434
[2026-07-06 17:03:14] Creation of dynamic property app::$rs_item_diseases is deprecated in C:\xampp\Desktop\mdcnpal\htdocs\public_html\core\app.php on line 434
[2026-07-06 17:03:14] Creation of dynamic property app::$rs_item_home_category is deprecated in C:\xampp\Desktop\mdcnpal\htdocs\public_html\core\app.php on line 434
[2026-07-06 17:03:14] Creation of dynamic property app::$rs_item_banner_category is deprecated in C:\xampp\Desktop\mdcnpal\htdocs\public_html\core\app.php on line 434
[2026-07-06 17:03:14] Creation of dynamic property app::$rs_services is deprecated in C:\xampp\Desktop\mdcnpal\htdocs\public_html\core\app.php on line 434
[2026-07-06 17:03:14] Creation of dynamic property app::$rs_blog is deprecated in C:\xampp\Desktop\mdcnpal\htdocs\public_html\core\app.php on line 434
[2026-07-06 17:03:14] Creation of dynamic property app::$rs_category is deprecated in C:\xampp\Desktop\mdcnpal\htdocs\public_html\core\app.php on line 434
[2026-07-06 17:03:14] Creation of dynamic property app::$rs_faq_data is deprecated in C:\xampp\Desktop\mdcnpal\htdocs\public_html\core\app.php on line 434
[2026-07-06 17:03:14] Creation of dynamic property app::$rs_gallery_data is deprecated in C:\xampp\Desktop\mdcnpal\htdocs\public_html\core\app.php on line 434
[2026-07-06 17:03:14] Undefined property: app::$rs_cartmini in C:\xampp\Desktop\mdcnpal\htdocs\public_html\includes\header.php on line 131
[2026-07-06 17:03:14] Undefined array key "MDRCCustID" in C:\xampp\Desktop\mdcnpal\htdocs\public_html\includes\header.php on line 134
[2026-07-06 17:03:14] Undefined property: app::$rs_cartmini in C:\xampp\Desktop\mdcnpal\htdocs\public_html\includes\header.php on line 197
[2026-07-06 17:03:14] Undefined array key "MDRCCustID" in C:\xampp\Desktop\mdcnpal\htdocs\public_html\includes\header.php on line 200
[2026-07-06 17:03:14] Undefined property: app::$rs_cartmini in C:\xampp\Desktop\mdcnpal\htdocs\public_html\includes\header.php on line 469
[2026-07-06 17:03:14] Undefined array key "MDRCCustID" in C:\xampp\Desktop\mdcnpal\htdocs\public_html\includes\header.php on line 472
[2026-07-06 17:03:14] Undefined property: app::$rs_cartmini in C:\xampp\Desktop\mdcnpal\htdocs\public_html\includes\header.php on line 525
[2026-07-06 17:03:14] Undefined array key "MDRCCustID" in C:\xampp\Desktop\mdcnpal\htdocs\public_html\includes\header.php on line 528
[2026-07-06 17:03:14] Undefined property: app::$rs_customer in C:\xampp\Desktop\mdcnpal\htdocs\public_html\includes\header.php on line 712
[2026-07-06 17:03:15] Trying to access array offset on value of type null in C:\xampp\Desktop\mdcnpal\htdocs\public_html\includes\header.php on line 712
[2026-07-06 17:03:15] Undefined property: app::$rs_customer in C:\xampp\Desktop\mdcnpal\htdocs\public_html\includes\header.php on line 721
[2026-07-06 17:03:15] Trying to access array offset on value of type null in C:\xampp\Desktop\mdcnpal\htdocs\public_html\includes\header.php on line 721
[2026-07-06 17:03:15] Undefined property: app::$rs_customer in C:\xampp\Desktop\mdcnpal\htdocs\public_html\includes\header.php on line 730
[2026-07-06 17:03:15] Trying to access array offset on value of type null in C:\xampp\Desktop\mdcnpal\htdocs\public_html\includes\header.php on line 730
[2026-07-06 17:03:15] Undefined property: app::$rs_customer in C:\xampp\Desktop\mdcnpal\htdocs\public_html\includes\header.php on line 739
[2026-07-06 17:03:15] Trying to access array offset on value of type null in C:\xampp\Desktop\mdcnpal\htdocs\public_html\includes\header.php on line 739
[2026-07-06 17:03:15] Undefined variable $g_search_query in C:\xampp\Desktop\mdcnpal\htdocs\public_html\core\app.php(565) : eval()'d code on line 219
[2026-07-06 17:03:15] Undefined variable $department_cond in C:\xampp\Desktop\mdcnpal\htdocs\public_html\core\app.php(565) : eval()'d code on line 219
[2026-07-06 17:03:15] Undefined variable $type_cond in C:\xampp\Desktop\mdcnpal\htdocs\public_html\core\app.php(565) : eval()'d code on line 219
[2026-07-06 17:03:15] Undefined variable $dieses_cond in C:\xampp\Desktop\mdcnpal\htdocs\public_html\core\app.php(565) : eval()'d code on line 219
[2026-07-06 17:03:15] Undefined variable $popular_pack_cond in C:\xampp\Desktop\mdcnpal\htdocs\public_html\core\app.php(565) : eval()'d code on line 219
[2026-07-06 17:03:15] Undefined variable $g_search_query in C:\xampp\Desktop\mdcnpal\htdocs\public_html\core\app.php(565) : eval()'d code on line 219
[2026-07-06 17:03:15] Undefined variable $department_cond in C:\xampp\Desktop\mdcnpal\htdocs\public_html\core\app.php(565) : eval()'d code on line 219
[2026-07-06 17:03:15] Undefined variable $type_cond in C:\xampp\Desktop\mdcnpal\htdocs\public_html\core\app.php(565) : eval()'d code on line 219
[2026-07-06 17:03:15] Undefined variable $dieses_cond in C:\xampp\Desktop\mdcnpal\htdocs\public_html\core\app.php(565) : eval()'d code on line 219
[2026-07-06 17:03:15] Undefined variable $popular_pack_cond in C:\xampp\Desktop\mdcnpal\htdocs\public_html\core\app.php(565) : eval()'d code on line 219
[2026-07-06 17:03:15] Undefined variable $g_search_query in C:\xampp\Desktop\mdcnpal\htdocs\public_html\core\app.php(565) : eval()'d code on line 219
[2026-07-06 17:03:15] Undefined variable $department_cond in C:\xampp\Desktop\mdcnpal\htdocs\public_html\core\app.php(565) : eval()'d code on line 219
[2026-07-06 17:03:15] Undefined variable $type_cond in C:\xampp\Desktop\mdcnpal\htdocs\public_html\core\app.php(565) : eval()'d code on line 219
[2026-07-06 17:03:15] Undefined variable $dieses_cond in C:\xampp\Desktop\mdcnpal\htdocs\public_html\core\app.php(565) : eval()'d code on line 219
[2026-07-06 17:03:15] Undefined variable $popular_pack_cond in C:\xampp\Desktop\mdcnpal\htdocs\public_html\core\app.php(565) : eval()'d code on line 219
[2026-07-06 17:03:15] Undefined variable $g_search_query in C:\xampp\Desktop\mdcnpal\htdocs\public_html\core\app.php(565) : eval()'d code on line 219
[2026-07-06 17:03:15] Undefined variable $department_cond in C:\xampp\Desktop\mdcnpal\htdocs\public_html\core\app.php(565) : eval()'d code on line 219
[2026-07-06 17:03:15] Undefined variable $type_cond in C:\xampp\Desktop\mdcnpal\htdocs\public_html\core\app.php(565) : eval()'d code on line 219
[2026-07-06 17:03:15] Undefined variable $dieses_cond in C:\xampp\Desktop\mdcnpal\htdocs\public_html\core\app.php(565) : eval()'d code on line 219
[2026-07-06 17:03:15] Undefined variable $popular_pack_cond in C:\xampp\Desktop\mdcnpal\htdocs\public_html\core\app.php(565) : eval()'d code on line 219
[2026-07-06 17:03:15] Undefined variable $g_search_query in C:\xampp\Desktop\mdcnpal\htdocs\public_html\core\app.php(565) : eval()'d code on line 219
[2026-07-06 17:03:15] Undefined variable $department_cond in C:\xampp\Desktop\mdcnpal\htdocs\public_html\core\app.php(565) : eval()'d code on line 219
[2026-07-06 17:03:15] Undefined variable $type_cond in C:\xampp\Desktop\mdcnpal\htdocs\public_html\core\app.php(565) : eval()'d code on line 219
[2026-07-06 17:03:15] Undefined variable $dieses_cond in C:\xampp\Desktop\mdcnpal\htdocs\public_html\core\app.php(565) : eval()'d code on line 219
[2026-07-06 17:03:15] Undefined variable $popular_pack_cond in C:\xampp\Desktop\mdcnpal\htdocs\public_html\core\app.php(565) : eval()'d code on line 219
[2026-07-06 17:03:15] Undefined property: app::$rs_customer in C:\xampp\Desktop\mdcnpal\htdocs\public_html\includes\footer.php on line 357
[2026-07-06 17:03:15] Trying to access array offset on value of type null in C:\xampp\Desktop\mdcnpal\htdocs\public_html\includes\footer.php on line 357
[2026-07-06 17:03:15] Undefined property: app::$rs_customer in C:\xampp\Desktop\mdcnpal\htdocs\public_html\includes\footer.php on line 366
[2026-07-06 17:03:15] Trying to access array offset on value of type null in C:\xampp\Desktop\mdcnpal\htdocs\public_html\includes\footer.php on line 366
[2026-07-06 17:03:15] Undefined property: app::$rs_customer in C:\xampp\Desktop\mdcnpal\htdocs\public_html\includes\footer.php on line 372
[2026-07-06 17:03:15] Trying to access array offset on value of type null in C:\xampp\Desktop\mdcnpal\htdocs\public_html\includes\footer.php on line 372
[2026-07-06 17:03:15] Undefined property: app::$rs_customer in C:\xampp\Desktop\mdcnpal\htdocs\public_html\includes\general_data.php on line 88
[2026-07-06 17:03:15] Trying to access array offset on value of type null in C:\xampp\Desktop\mdcnpal\htdocs\public_html\includes\general_data.php on line 88
[2026-07-06 17:03:15] Undefined array key "MDRCCustID" in C:\xampp\Desktop\mdcnpal\htdocs\public_html\includes\general_data.php on line 88
[2026-07-06 17:03:15] Undefined variable $tmpStr in C:\xampp\Desktop\mdcnpal\htdocs\public_html\core\app.php on line 971
[2026-07-06 17:03:17] Creation of dynamic property dbclass::$RECORD_SET is deprecated in C:\xampp\Desktop\mdcnpal\htdocs\public_html\core\dbclass.php on line 69
[2026-07-06 17:03:17] Creation of dynamic property dbclass::$app is deprecated in C:\xampp\Desktop\mdcnpal\htdocs\public_html\core\dbclass.php on line 75
[2026-07-06 17:03:17] Creation of dynamic property model::$foreign_tables is deprecated in C:\xampp\Desktop\mdcnpal\htdocs\public_html\core\model.php on line 43
[2026-07-06 17:03:17] Creation of dynamic property app::$inputfilter is deprecated in C:\xampp\Desktop\mdcnpal\htdocs\public_html\core\app.php on line 123
[2026-07-06 17:03:17] Creation of dynamic property app::$userconfig is deprecated in C:\xampp\Desktop\mdcnpal\htdocs\public_html\core\app.php on line 124
[2026-07-06 17:03:17] Creation of dynamic property app::$global_include is deprecated in C:\xampp\Desktop\mdcnpal\htdocs\public_html\core\app.php on line 125
[2026-07-06 17:03:17] Creation of dynamic property app::$set_cache_time is deprecated in C:\xampp\Desktop\mdcnpal\htdocs\public_html\core\app.php on line 153
[06-Jul-2026 17:03:17 Asia/Kathmandu] PHP Fatal error:  Array and string offset access syntax with curly braces is no longer supported in C:\xampp\Desktop\mdcnpal\htdocs\public_html\modules\JSON\class.JSON.php on line 156
[2026-07-06 17:03:34] Creation of dynamic property dbclass::$RECORD_SET is deprecated in C:\xampp\Desktop\mdcnpal\htdocs\public_html\core\dbclass.php on line 69
[2026-07-06 17:03:34] Creation of dynamic property dbclass::$app is deprecated in C:\xampp\Desktop\mdcnpal\htdocs\public_html\core\dbclass.php on line 75
[2026-07-06 17:03:34] Creation of dynamic property model::$foreign_tables is deprecated in C:\xampp\Desktop\mdcnpal\htdocs\public_html\core\model.php on line 43
[2026-07-06 17:03:34] Creation of dynamic property app::$inputfilter is deprecated in C:\xampp\Desktop\mdcnpal\htdocs\public_html\core\app.php on line 123
[2026-07-06 17:03:34] Creation of dynamic property app::$userconfig is deprecated in C:\xampp\Desktop\mdcnpal\htdocs\public_html\core\app.php on line 124
[2026-07-06 17:03:34] Creation of dynamic property app::$global_include is deprecated in C:\xampp\Desktop\mdcnpal\htdocs\public_html\core\app.php on line 125
[2026-07-06 17:03:34] Creation of dynamic property app::$set_cache_time is deprecated in C:\xampp\Desktop\mdcnpal\htdocs\public_html\core\app.php on line 153
[2026-07-06 17:03:34] Creation of dynamic property app::$meta is deprecated in C:\xampp\Desktop\mdcnpal\htdocs\public_html\core\app.php on line 434
[2026-07-06 17:03:34] Creation of dynamic property app::$rs_gs_city is deprecated in C:\xampp\Desktop\mdcnpal\htdocs\public_html\core\app.php on line 434
[2026-07-06 17:03:34] Creation of dynamic property app::$rs_footer_popular_item is deprecated in C:\xampp\Desktop\mdcnpal\htdocs\public_html\core\app.php on line 434
[2026-07-06 17:03:34] Creation of dynamic property app::$rs_footer_popular_test is deprecated in C:\xampp\Desktop\mdcnpal\htdocs\public_html\core\app.php on line 434
[2026-07-06 17:03:34] Creation of dynamic property app::$rs_testimonial is deprecated in C:\xampp\Desktop\mdcnpal\htdocs\public_html\core\app.php on line 434
[2026-07-06 17:03:34] Creation of dynamic property app::$admin is deprecated in C:\xampp\Desktop\mdcnpal\htdocs\public_html\core\app.php on line 434
[2026-07-06 17:03:34] Undefined array key 0 in C:\xampp\Desktop\mdcnpal\htdocs\public_html\core\global_include.php on line 514
[2026-07-06 17:03:34] Creation of dynamic property app::$popup is deprecated in C:\xampp\Desktop\mdcnpal\htdocs\public_html\core\app.php on line 434
[2026-07-06 17:03:34] Undefined array key "MDRCCustID" in C:\xampp\Desktop\mdcnpal\htdocs\public_html\core\global_include.php on line 515
[2026-07-06 17:03:34] Undefined array key "MDRCToken" in C:\xampp\Desktop\mdcnpal\htdocs\public_html\core\global_include.php on line 515
[2026-07-06 17:03:34] Creation of dynamic property app::$rscategory is deprecated in C:\xampp\Desktop\mdcnpal\htdocs\public_html\core\app.php on line 434
[2026-07-06 17:03:34] Creation of dynamic property app::$rs_pages is deprecated in C:\xampp\Desktop\mdcnpal\htdocs\public_html\core\app.php on line 434
[2026-07-06 17:03:34] Creation of dynamic property app::$gs is deprecated in C:\xampp\Desktop\mdcnpal\htdocs\public_html\core\app.php on line 434
[2026-07-06 17:03:34] Undefined array key "MDRCCustID" in C:\xampp\Desktop\mdcnpal\htdocs\public_html\core\global_include.php on line 596
[2026-07-06 17:03:34] Undefined array key "MDRCCustID" in C:\xampp\Desktop\mdcnpal\htdocs\public_html\core\global_include.php on line 615
[2026-07-06 17:03:34] Undefined variable $getId in C:\xampp\Desktop\mdcnpal\htdocs\public_html\core\global_include.php on line 684
[2026-07-06 17:03:34] Undefined variable $getName in C:\xampp\Desktop\mdcnpal\htdocs\public_html\core\global_include.php on line 685
[2026-07-06 17:03:34] Undefined array key 0 in C:\xampp\Desktop\mdcnpal\htdocs\public_html\core\global_include.php on line 810
[2026-07-06 17:03:34] Creation of dynamic property app::$rs_offer_msg is deprecated in C:\xampp\Desktop\mdcnpal\htdocs\public_html\core\app.php on line 434
[2026-07-06 17:03:34] Creation of dynamic property app::$rs_for_doctors is deprecated in C:\xampp\Desktop\mdcnpal\htdocs\public_html\core\app.php on line 434
[2026-07-06 17:03:34] Creation of dynamic property app::$description is deprecated in C:\xampp\Desktop\mdcnpal\htdocs\public_html\core\app.php on line 434
[2026-07-06 17:03:34] Creation of dynamic property app::$rs_banner is deprecated in C:\xampp\Desktop\mdcnpal\htdocs\public_html\core\app.php on line 434
[2026-07-06 17:03:34] Creation of dynamic property app::$rs_item_diseases is deprecated in C:\xampp\Desktop\mdcnpal\htdocs\public_html\core\app.php on line 434
[2026-07-06 17:03:34] Creation of dynamic property app::$rs_item_home_category is deprecated in C:\xampp\Desktop\mdcnpal\htdocs\public_html\core\app.php on line 434
[2026-07-06 17:03:34] Creation of dynamic property app::$rs_item_banner_category is deprecated in C:\xampp\Desktop\mdcnpal\htdocs\public_html\core\app.php on line 434
[2026-07-06 17:03:34] Creation of dynamic property app::$rs_services is deprecated in C:\xampp\Desktop\mdcnpal\htdocs\public_html\core\app.php on line 434
[2026-07-06 17:03:34] Creation of dynamic property app::$rs_blog is deprecated in C:\xampp\Desktop\mdcnpal\htdocs\public_html\core\app.php on line 434
[2026-07-06 17:03:34] Creation of dynamic property app::$rs_category is deprecated in C:\xampp\Desktop\mdcnpal\htdocs\public_html\core\app.php on line 434
[2026-07-06 17:03:34] Creation of dynamic property app::$rs_faq_data is deprecated in C:\xampp\Desktop\mdcnpal\htdocs\public_html\core\app.php on line 434
[2026-07-06 17:03:34] Creation of dynamic property app::$rs_gallery_data is deprecated in C:\xampp\Desktop\mdcnpal\htdocs\public_html\core\app.php on line 434
[2026-07-06 17:03:34] Undefined property: app::$rs_cartmini in C:\xampp\Desktop\mdcnpal\htdocs\public_html\includes\header.php on line 131
[2026-07-06 17:03:34] Undefined array key "MDRCCustID" in C:\xampp\Desktop\mdcnpal\htdocs\public_html\includes\header.php on line 134
[2026-07-06 17:03:34] Undefined property: app::$rs_cartmini in C:\xampp\Desktop\mdcnpal\htdocs\public_html\includes\header.php on line 197
[2026-07-06 17:03:34] Undefined array key "MDRCCustID" in C:\xampp\Desktop\mdcnpal\htdocs\public_html\includes\header.php on line 200
[2026-07-06 17:03:34] Undefined property: app::$rs_cartmini in C:\xampp\Desktop\mdcnpal\htdocs\public_html\includes\header.php on line 469
[2026-07-06 17:03:34] Undefined array key "MDRCCustID" in C:\xampp\Desktop\mdcnpal\htdocs\public_html\includes\header.php on line 472
[2026-07-06 17:03:34] Undefined property: app::$rs_cartmini in C:\xampp\Desktop\mdcnpal\htdocs\public_html\includes\header.php on line 525
[2026-07-06 17:03:34] Undefined array key "MDRCCustID" in C:\xampp\Desktop\mdcnpal\htdocs\public_html\includes\header.php on line 528
[2026-07-06 17:03:34] Undefined property: app::$rs_customer in C:\xampp\Desktop\mdcnpal\htdocs\public_html\includes\header.php on line 712
[2026-07-06 17:03:34] Trying to access array offset on value of type null in C:\xampp\Desktop\mdcnpal\htdocs\public_html\includes\header.php on line 712
[2026-07-06 17:03:34] Undefined property: app::$rs_customer in C:\xampp\Desktop\mdcnpal\htdocs\public_html\includes\header.php on line 721
[2026-07-06 17:03:34] Trying to access array offset on value of type null in C:\xampp\Desktop\mdcnpal\htdocs\public_html\includes\header.php on line 721
[2026-07-06 17:03:34] Undefined property: app::$rs_customer in C:\xampp\Desktop\mdcnpal\htdocs\public_html\includes\header.php on line 730
[2026-07-06 17:03:34] Trying to access array offset on value of type null in C:\xampp\Desktop\mdcnpal\htdocs\public_html\includes\header.php on line 730
[2026-07-06 17:03:34] Undefined property: app::$rs_customer in C:\xampp\Desktop\mdcnpal\htdocs\public_html\includes\header.php on line 739
[2026-07-06 17:03:34] Trying to access array offset on value of type null in C:\xampp\Desktop\mdcnpal\htdocs\public_html\includes\header.php on line 739
[2026-07-06 17:03:34] Undefined variable $g_search_query in C:\xampp\Desktop\mdcnpal\htdocs\public_html\core\app.php(565) : eval()'d code on line 219
[2026-07-06 17:03:34] Undefined variable $department_cond in C:\xampp\Desktop\mdcnpal\htdocs\public_html\core\app.php(565) : eval()'d code on line 219
[2026-07-06 17:03:34] Undefined variable $type_cond in C:\xampp\Desktop\mdcnpal\htdocs\public_html\core\app.php(565) : eval()'d code on line 219
[2026-07-06 17:03:34] Undefined variable $dieses_cond in C:\xampp\Desktop\mdcnpal\htdocs\public_html\core\app.php(565) : eval()'d code on line 219
[2026-07-06 17:03:34] Undefined variable $popular_pack_cond in C:\xampp\Desktop\mdcnpal\htdocs\public_html\core\app.php(565) : eval()'d code on line 219
[2026-07-06 17:03:34] Undefined variable $g_search_query in C:\xampp\Desktop\mdcnpal\htdocs\public_html\core\app.php(565) : eval()'d code on line 219
[2026-07-06 17:03:34] Undefined variable $department_cond in C:\xampp\Desktop\mdcnpal\htdocs\public_html\core\app.php(565) : eval()'d code on line 219
[2026-07-06 17:03:34] Undefined variable $type_cond in C:\xampp\Desktop\mdcnpal\htdocs\public_html\core\app.php(565) : eval()'d code on line 219
[2026-07-06 17:03:34] Undefined variable $dieses_cond in C:\xampp\Desktop\mdcnpal\htdocs\public_html\core\app.php(565) : eval()'d code on line 219
[2026-07-06 17:03:34] Undefined variable $popular_pack_cond in C:\xampp\Desktop\mdcnpal\htdocs\public_html\core\app.php(565) : eval()'d code on line 219
[2026-07-06 17:03:34] Undefined variable $g_search_query in C:\xampp\Desktop\mdcnpal\htdocs\public_html\core\app.php(565) : eval()'d code on line 219
[2026-07-06 17:03:34] Undefined variable $department_cond in C:\xampp\Desktop\mdcnpal\htdocs\public_html\core\app.php(565) : eval()'d code on line 219
[2026-07-06 17:03:34] Undefined variable $type_cond in C:\xampp\Desktop\mdcnpal\htdocs\public_html\core\app.php(565) : eval()'d code on line 219
[2026-07-06 17:03:34] Undefined variable $dieses_cond in C:\xampp\Desktop\mdcnpal\htdocs\public_html\core\app.php(565) : eval()'d code on line 219
[2026-07-06 17:03:34] Undefined variable $popular_pack_cond in C:\xampp\Desktop\mdcnpal\htdocs\public_html\core\app.php(565) : eval()'d code on line 219
[2026-07-06 17:03:34] Undefined variable $g_search_query in C:\xampp\Desktop\mdcnpal\htdocs\public_html\core\app.php(565) : eval()'d code on line 219
[2026-07-06 17:03:34] Undefined variable $department_cond in C:\xampp\Desktop\mdcnpal\htdocs\public_html\core\app.php(565) : eval()'d code on line 219
[2026-07-06 17:03:34] Undefined variable $type_cond in C:\xampp\Desktop\mdcnpal\htdocs\public_html\core\app.php(565) : eval()'d code on line 219
[2026-07-06 17:03:34] Undefined variable $dieses_cond in C:\xampp\Desktop\mdcnpal\htdocs\public_html\core\app.php(565) : eval()'d code on line 219
[2026-07-06 17:03:34] Undefined variable $popular_pack_cond in C:\xampp\Desktop\mdcnpal\htdocs\public_html\core\app.php(565) : eval()'d code on line 219
[2026-07-06 17:03:35] Undefined variable $g_search_query in C:\xampp\Desktop\mdcnpal\htdocs\public_html\core\app.php(565) : eval()'d code on line 219
[2026-07-06 17:03:35] Undefined variable $department_cond in C:\xampp\Desktop\mdcnpal\htdocs\public_html\core\app.php(565) : eval()'d code on line 219
[2026-07-06 17:03:35] Undefined variable $type_cond in C:\xampp\Desktop\mdcnpal\htdocs\public_html\core\app.php(565) : eval()'d code on line 219
[2026-07-06 17:03:35] Undefined variable $dieses_cond in C:\xampp\Desktop\mdcnpal\htdocs\public_html\core\app.php(565) : eval()'d code on line 219
[2026-07-06 17:03:35] Undefined variable $popular_pack_cond in C:\xampp\Desktop\mdcnpal\htdocs\public_html\core\app.php(565) : eval()'d code on line 219
[2026-07-06 17:03:35] Undefined property: app::$rs_customer in C:\xampp\Desktop\mdcnpal\htdocs\public_html\includes\footer.php on line 357
[2026-07-06 17:03:35] Trying to access array offset on value of type null in C:\xampp\Desktop\mdcnpal\htdocs\public_html\includes\footer.php on line 357
[2026-07-06 17:03:35] Undefined property: app::$rs_customer in C:\xampp\Desktop\mdcnpal\htdocs\public_html\includes\footer.php on line 366
[2026-07-06 17:03:35] Trying to access array offset on value of type null in C:\xampp\Desktop\mdcnpal\htdocs\public_html\includes\footer.php on line 366
[2026-07-06 17:03:35] Undefined property: app::$rs_customer in C:\xampp\Desktop\mdcnpal\htdocs\public_html\includes\footer.php on line 372
[2026-07-06 17:03:35] Trying to access array offset on value of type null in C:\xampp\Desktop\mdcnpal\htdocs\public_html\includes\footer.php on line 372
[2026-07-06 17:03:35] Undefined property: app::$rs_customer in C:\xampp\Desktop\mdcnpal\htdocs\public_html\includes\general_data.php on line 88
[2026-07-06 17:03:35] Trying to access array offset on value of type null in C:\xampp\Desktop\mdcnpal\htdocs\public_html\includes\general_data.php on line 88
[2026-07-06 17:03:35] Undefined array key "MDRCCustID" in C:\xampp\Desktop\mdcnpal\htdocs\public_html\includes\general_data.php on line 88
[2026-07-06 17:03:35] Undefined variable $tmpStr in C:\xampp\Desktop\mdcnpal\htdocs\public_html\core\app.php on line 971
[2026-07-06 17:03:36] Creation of dynamic property dbclass::$RECORD_SET is deprecated in C:\xampp\Desktop\mdcnpal\htdocs\public_html\core\dbclass.php on line 69
[2026-07-06 17:03:36] Creation of dynamic property dbclass::$app is deprecated in C:\xampp\Desktop\mdcnpal\htdocs\public_html\core\dbclass.php on line 75
[2026-07-06 17:03:36] Creation of dynamic property model::$foreign_tables is deprecated in C:\xampp\Desktop\mdcnpal\htdocs\public_html\core\model.php on line 43
[2026-07-06 17:03:36] Creation of dynamic property app::$inputfilter is deprecated in C:\xampp\Desktop\mdcnpal\htdocs\public_html\core\app.php on line 123
[2026-07-06 17:03:36] Creation of dynamic property app::$userconfig is deprecated in C:\xampp\Desktop\mdcnpal\htdocs\public_html\core\app.php on line 124
[2026-07-06 17:03:36] Creation of dynamic property app::$global_include is deprecated in C:\xampp\Desktop\mdcnpal\htdocs\public_html\core\app.php on line 125
[2026-07-06 17:03:36] Creation of dynamic property app::$set_cache_time is deprecated in C:\xampp\Desktop\mdcnpal\htdocs\public_html\core\app.php on line 153
[06-Jul-2026 17:03:36 Asia/Kathmandu] PHP Fatal error:  Array and string offset access syntax with curly braces is no longer supported in C:\xampp\Desktop\mdcnpal\htdocs\public_html\modules\JSON\class.JSON.php on line 156
[2026-07-06 17:03:39] Creation of dynamic property dbclass::$RECORD_SET is deprecated in C:\xampp\Desktop\mdcnpal\htdocs\public_html\core\dbclass.php on line 69
[2026-07-06 17:03:39] Creation of dynamic property dbclass::$app is deprecated in C:\xampp\Desktop\mdcnpal\htdocs\public_html\core\dbclass.php on line 75
[2026-07-06 17:03:39] Creation of dynamic property model::$foreign_tables is deprecated in C:\xampp\Desktop\mdcnpal\htdocs\public_html\core\model.php on line 43
[2026-07-06 17:03:39] Creation of dynamic property app::$inputfilter is deprecated in C:\xampp\Desktop\mdcnpal\htdocs\public_html\core\app.php on line 123
[2026-07-06 17:03:39] Creation of dynamic property app::$userconfig is deprecated in C:\xampp\Desktop\mdcnpal\htdocs\public_html\core\app.php on line 124
[2026-07-06 17:03:39] Creation of dynamic property app::$global_include is deprecated in C:\xampp\Desktop\mdcnpal\htdocs\public_html\core\app.php on line 125
[2026-07-06 17:03:39] Creation of dynamic property app::$set_cache_time is deprecated in C:\xampp\Desktop\mdcnpal\htdocs\public_html\core\app.php on line 153
[2026-07-06 17:03:39] Creation of dynamic property app::$meta is deprecated in C:\xampp\Desktop\mdcnpal\htdocs\public_html\core\app.php on line 434
[2026-07-06 17:03:39] Creation of dynamic property app::$rs_gs_city is deprecated in C:\xampp\Desktop\mdcnpal\htdocs\public_html\core\app.php on line 434
[2026-07-06 17:03:39] Creation of dynamic property app::$rs_footer_popular_item is deprecated in C:\xampp\Desktop\mdcnpal\htdocs\public_html\core\app.php on line 434
[2026-07-06 17:03:39] Creation of dynamic property app::$rs_footer_popular_test is deprecated in C:\xampp\Desktop\mdcnpal\htdocs\public_html\core\app.php on line 434
[2026-07-06 17:03:39] Creation of dynamic property app::$rs_testimonial is deprecated in C:\xampp\Desktop\mdcnpal\htdocs\public_html\core\app.php on line 434
[2026-07-06 17:03:40] Creation of dynamic property app::$admin is deprecated in C:\xampp\Desktop\mdcnpal\htdocs\public_html\core\app.php on line 434
[2026-07-06 17:03:40] Undefined array key 0 in C:\xampp\Desktop\mdcnpal\htdocs\public_html\core\global_include.php on line 514
[2026-07-06 17:03:40] Creation of dynamic property app::$popup is deprecated in C:\xampp\Desktop\mdcnpal\htdocs\public_html\core\app.php on line 434
[2026-07-06 17:03:40] Undefined array key "MDRCCustID" in C:\xampp\Desktop\mdcnpal\htdocs\public_html\core\global_include.php on line 515
[2026-07-06 17:03:40] Undefined array key "MDRCToken" in C:\xampp\Desktop\mdcnpal\htdocs\public_html\core\global_include.php on line 515
[2026-07-06 17:03:40] Creation of dynamic property app::$rscategory is deprecated in C:\xampp\Desktop\mdcnpal\htdocs\public_html\core\app.php on line 434
[2026-07-06 17:03:40] Creation of dynamic property app::$rs_pages is deprecated in C:\xampp\Desktop\mdcnpal\htdocs\public_html\core\app.php on line 434
[2026-07-06 17:03:40] Creation of dynamic property app::$gs is deprecated in C:\xampp\Desktop\mdcnpal\htdocs\public_html\core\app.php on line 434
[2026-07-06 17:03:40] Undefined array key "MDRCCustID" in C:\xampp\Desktop\mdcnpal\htdocs\public_html\core\global_include.php on line 596
[2026-07-06 17:03:40] Undefined array key "MDRCCustID" in C:\xampp\Desktop\mdcnpal\htdocs\public_html\core\global_include.php on line 615
[2026-07-06 17:03:40] Undefined variable $getId in C:\xampp\Desktop\mdcnpal\htdocs\public_html\core\global_include.php on line 684
[2026-07-06 17:03:40] Undefined variable $getName in C:\xampp\Desktop\mdcnpal\htdocs\public_html\core\global_include.php on line 685
[2026-07-06 17:03:40] Undefined array key 0 in C:\xampp\Desktop\mdcnpal\htdocs\public_html\core\global_include.php on line 810
[2026-07-06 17:03:40] Creation of dynamic property app::$rs_offer_msg is deprecated in C:\xampp\Desktop\mdcnpal\htdocs\public_html\core\app.php on line 434
[2026-07-06 17:03:40] Creation of dynamic property app::$rs_for_doctors is deprecated in C:\xampp\Desktop\mdcnpal\htdocs\public_html\core\app.php on line 434
[2026-07-06 17:03:40] Creation of dynamic property app::$description is deprecated in C:\xampp\Desktop\mdcnpal\htdocs\public_html\core\app.php on line 434
[2026-07-06 17:03:40] Creation of dynamic property app::$rs_banner is deprecated in C:\xampp\Desktop\mdcnpal\htdocs\public_html\core\app.php on line 434
[2026-07-06 17:03:40] Creation of dynamic property app::$rs_item_diseases is deprecated in C:\xampp\Desktop\mdcnpal\htdocs\public_html\core\app.php on line 434
[2026-07-06 17:03:40] Creation of dynamic property app::$rs_item_home_category is deprecated in C:\xampp\Desktop\mdcnpal\htdocs\public_html\core\app.php on line 434
[2026-07-06 17:03:40] Creation of dynamic property app::$rs_item_banner_category is deprecated in C:\xampp\Desktop\mdcnpal\htdocs\public_html\core\app.php on line 434
[2026-07-06 17:03:40] Creation of dynamic property app::$rs_services is deprecated in C:\xampp\Desktop\mdcnpal\htdocs\public_html\core\app.php on line 434
[2026-07-06 17:03:40] Creation of dynamic property app::$rs_blog is deprecated in C:\xampp\Desktop\mdcnpal\htdocs\public_html\core\app.php on line 434
[2026-07-06 17:03:40] Creation of dynamic property app::$rs_category is deprecated in C:\xampp\Desktop\mdcnpal\htdocs\public_html\core\app.php on line 434
[2026-07-06 17:03:40] Creation of dynamic property app::$rs_faq_data is deprecated in C:\xampp\Desktop\mdcnpal\htdocs\public_html\core\app.php on line 434
[2026-07-06 17:03:40] Creation of dynamic property app::$rs_gallery_data is deprecated in C:\xampp\Desktop\mdcnpal\htdocs\public_html\core\app.php on line 434
[2026-07-06 17:03:40] Undefined property: app::$rs_cartmini in C:\xampp\Desktop\mdcnpal\htdocs\public_html\includes\header.php on line 131
[2026-07-06 17:03:40] Undefined array key "MDRCCustID" in C:\xampp\Desktop\mdcnpal\htdocs\public_html\includes\header.php on line 134
[2026-07-06 17:03:40] Undefined property: app::$rs_cartmini in C:\xampp\Desktop\mdcnpal\htdocs\public_html\includes\header.php on line 197
[2026-07-06 17:03:40] Undefined array key "MDRCCustID" in C:\xampp\Desktop\mdcnpal\htdocs\public_html\includes\header.php on line 200
[2026-07-06 17:03:40] Undefined property: app::$rs_cartmini in C:\xampp\Desktop\mdcnpal\htdocs\public_html\includes\header.php on line 469
[2026-07-06 17:03:40] Undefined array key "MDRCCustID" in C:\xampp\Desktop\mdcnpal\htdocs\public_html\includes\header.php on line 472
[2026-07-06 17:03:40] Undefined property: app::$rs_cartmini in C:\xampp\Desktop\mdcnpal\htdocs\public_html\includes\header.php on line 525
[2026-07-06 17:03:40] Undefined array key "MDRCCustID" in C:\xampp\Desktop\mdcnpal\htdocs\public_html\includes\header.php on line 528
[2026-07-06 17:03:40] Undefined property: app::$rs_customer in C:\xampp\Desktop\mdcnpal\htdocs\public_html\includes\header.php on line 712
[2026-07-06 17:03:40] Trying to access array offset on value of type null in C:\xampp\Desktop\mdcnpal\htdocs\public_html\includes\header.php on line 712
[2026-07-06 17:03:40] Undefined property: app::$rs_customer in C:\xampp\Desktop\mdcnpal\htdocs\public_html\includes\header.php on line 721
[2026-07-06 17:03:40] Trying to access array offset on value of type null in C:\xampp\Desktop\mdcnpal\htdocs\public_html\includes\header.php on line 721
[2026-07-06 17:03:40] Undefined property: app::$rs_customer in C:\xampp\Desktop\mdcnpal\htdocs\public_html\includes\header.php on line 730
[2026-07-06 17:03:40] Trying to access array offset on value of type null in C:\xampp\Desktop\mdcnpal\htdocs\public_html\includes\header.php on line 730
[2026-07-06 17:03:40] Undefined property: app::$rs_customer in C:\xampp\Desktop\mdcnpal\htdocs\public_html\includes\header.php on line 739
[2026-07-06 17:03:40] Trying to access array offset on value of type null in C:\xampp\Desktop\mdcnpal\htdocs\public_html\includes\header.php on line 739
[2026-07-06 17:03:40] Undefined variable $g_search_query in C:\xampp\Desktop\mdcnpal\htdocs\public_html\core\app.php(565) : eval()'d code on line 219
[2026-07-06 17:03:40] Undefined variable $department_cond in C:\xampp\Desktop\mdcnpal\htdocs\public_html\core\app.php(565) : eval()'d code on line 219
[2026-07-06 17:03:40] Undefined variable $type_cond in C:\xampp\Desktop\mdcnpal\htdocs\public_html\core\app.php(565) : eval()'d code on line 219
[2026-07-06 17:03:40] Undefined variable $dieses_cond in C:\xampp\Desktop\mdcnpal\htdocs\public_html\core\app.php(565) : eval()'d code on line 219
[2026-07-06 17:03:40] Undefined variable $popular_pack_cond in C:\xampp\Desktop\mdcnpal\htdocs\public_html\core\app.php(565) : eval()'d code on line 219
[2026-07-06 17:03:40] Undefined variable $g_search_query in C:\xampp\Desktop\mdcnpal\htdocs\public_html\core\app.php(565) : eval()'d code on line 219
[2026-07-06 17:03:40] Undefined variable $department_cond in C:\xampp\Desktop\mdcnpal\htdocs\public_html\core\app.php(565) : eval()'d code on line 219
[2026-07-06 17:03:40] Undefined variable $type_cond in C:\xampp\Desktop\mdcnpal\htdocs\public_html\core\app.php(565) : eval()'d code on line 219
[2026-07-06 17:03:40] Undefined variable $dieses_cond in C:\xampp\Desktop\mdcnpal\htdocs\public_html\core\app.php(565) : eval()'d code on line 219
[2026-07-06 17:03:40] Undefined variable $popular_pack_cond in C:\xampp\Desktop\mdcnpal\htdocs\public_html\core\app.php(565) : eval()'d code on line 219
[2026-07-06 17:03:40] Undefined variable $g_search_query in C:\xampp\Desktop\mdcnpal\htdocs\public_html\core\app.php(565) : eval()'d code on line 219
[2026-07-06 17:03:40] Undefined variable $department_cond in C:\xampp\Desktop\mdcnpal\htdocs\public_html\core\app.php(565) : eval()'d code on line 219
[2026-07-06 17:03:40] Undefined variable $type_cond in C:\xampp\Desktop\mdcnpal\htdocs\public_html\core\app.php(565) : eval()'d code on line 219
[2026-07-06 17:03:40] Undefined variable $dieses_cond in C:\xampp\Desktop\mdcnpal\htdocs\public_html\core\app.php(565) : eval()'d code on line 219
[2026-07-06 17:03:40] Undefined variable $popular_pack_cond in C:\xampp\Desktop\mdcnpal\htdocs\public_html\core\app.php(565) : eval()'d code on line 219
[2026-07-06 17:03:40] Undefined variable $g_search_query in C:\xampp\Desktop\mdcnpal\htdocs\public_html\core\app.php(565) : eval()'d code on line 219
[2026-07-06 17:03:40] Undefined variable $department_cond in C:\xampp\Desktop\mdcnpal\htdocs\public_html\core\app.php(565) : eval()'d code on line 219
[2026-07-06 17:03:40] Undefined variable $type_cond in C:\xampp\Desktop\mdcnpal\htdocs\public_html\core\app.php(565) : eval()'d code on line 219
[2026-07-06 17:03:40] Undefined variable $dieses_cond in C:\xampp\Desktop\mdcnpal\htdocs\public_html\core\app.php(565) : eval()'d code on line 219
[2026-07-06 17:03:40] Undefined variable $popular_pack_cond in C:\xampp\Desktop\mdcnpal\htdocs\public_html\core\app.php(565) : eval()'d code on line 219
[2026-07-06 17:03:40] Undefined variable $g_search_query in C:\xampp\Desktop\mdcnpal\htdocs\public_html\core\app.php(565) : eval()'d code on line 219
[2026-07-06 17:03:40] Undefined variable $department_cond in C:\xampp\Desktop\mdcnpal\htdocs\public_html\core\app.php(565) : eval()'d code on line 219
[2026-07-06 17:03:40] Undefined variable $type_cond in C:\xampp\Desktop\mdcnpal\htdocs\public_html\core\app.php(565) : eval()'d code on line 219
[2026-07-06 17:03:40] Undefined variable $dieses_cond in C:\xampp\Desktop\mdcnpal\htdocs\public_html\core\app.php(565) : eval()'d code on line 219
[2026-07-06 17:03:40] Undefined variable $popular_pack_cond in C:\xampp\Desktop\mdcnpal\htdocs\public_html\core\app.php(565) : eval()'d code on line 219
[2026-07-06 17:03:40] Undefined property: app::$rs_customer in C:\xampp\Desktop\mdcnpal\htdocs\public_html\includes\footer.php on line 357
[2026-07-06 17:03:40] Trying to access array offset on value of type null in C:\xampp\Desktop\mdcnpal\htdocs\public_html\includes\footer.php on line 357
[2026-07-06 17:03:40] Undefined property: app::$rs_customer in C:\xampp\Desktop\mdcnpal\htdocs\public_html\includes\footer.php on line 366
[2026-07-06 17:03:40] Trying to access array offset on value of type null in C:\xampp\Desktop\mdcnpal\htdocs\public_html\includes\footer.php on line 366
[2026-07-06 17:03:40] Undefined property: app::$rs_customer in C:\xampp\Desktop\mdcnpal\htdocs\public_html\includes\footer.php on line 372
[2026-07-06 17:03:40] Trying to access array offset on value of type null in C:\xampp\Desktop\mdcnpal\htdocs\public_html\includes\footer.php on line 372
[2026-07-06 17:03:40] Undefined property: app::$rs_customer in C:\xampp\Desktop\mdcnpal\htdocs\public_html\includes\general_data.php on line 88
[2026-07-06 17:03:40] Trying to access array offset on value of type null in C:\xampp\Desktop\mdcnpal\htdocs\public_html\includes\general_data.php on line 88
[2026-07-06 17:03:40] Undefined array key "MDRCCustID" in C:\xampp\Desktop\mdcnpal\htdocs\public_html\includes\general_data.php on line 88
[2026-07-06 17:03:40] Undefined variable $tmpStr in C:\xampp\Desktop\mdcnpal\htdocs\public_html\core\app.php on line 971
[2026-07-06 17:03:41] Creation of dynamic property dbclass::$RECORD_SET is deprecated in C:\xampp\Desktop\mdcnpal\htdocs\public_html\core\dbclass.php on line 69
[2026-07-06 17:03:41] Creation of dynamic property dbclass::$app is deprecated in C:\xampp\Desktop\mdcnpal\htdocs\public_html\core\dbclass.php on line 75
[2026-07-06 17:03:41] Creation of dynamic property model::$foreign_tables is deprecated in C:\xampp\Desktop\mdcnpal\htdocs\public_html\core\model.php on line 43
[2026-07-06 17:03:41] Creation of dynamic property app::$inputfilter is deprecated in C:\xampp\Desktop\mdcnpal\htdocs\public_html\core\app.php on line 123
[2026-07-06 17:03:41] Creation of dynamic property app::$userconfig is deprecated in C:\xampp\Desktop\mdcnpal\htdocs\public_html\core\app.php on line 124
[2026-07-06 17:03:41] Creation of dynamic property app::$global_include is deprecated in C:\xampp\Desktop\mdcnpal\htdocs\public_html\core\app.php on line 125
[2026-07-06 17:03:41] Creation of dynamic property app::$set_cache_time is deprecated in C:\xampp\Desktop\mdcnpal\htdocs\public_html\core\app.php on line 153
[06-Jul-2026 17:03:41 Asia/Kathmandu] PHP Fatal error:  Array and string offset access syntax with curly braces is no longer supported in C:\xampp\Desktop\mdcnpal\htdocs\public_html\modules\JSON\class.JSON.php on line 156
[2026-07-06 17:03:54] Creation of dynamic property dbclass::$RECORD_SET is deprecated in C:\xampp\Desktop\mdcnpal\htdocs\public_html\core\dbclass.php on line 69
[2026-07-06 17:03:54] Creation of dynamic property dbclass::$app is deprecated in C:\xampp\Desktop\mdcnpal\htdocs\public_html\core\dbclass.php on line 75
[2026-07-06 17:03:54] Creation of dynamic property model::$foreign_tables is deprecated in C:\xampp\Desktop\mdcnpal\htdocs\public_html\core\model.php on line 43
[2026-07-06 17:03:54] Creation of dynamic property app::$inputfilter is deprecated in C:\xampp\Desktop\mdcnpal\htdocs\public_html\core\app.php on line 123
[2026-07-06 17:03:54] Creation of dynamic property app::$userconfig is deprecated in C:\xampp\Desktop\mdcnpal\htdocs\public_html\core\app.php on line 124
[2026-07-06 17:03:54] Creation of dynamic property app::$global_include is deprecated in C:\xampp\Desktop\mdcnpal\htdocs\public_html\core\app.php on line 125
[2026-07-06 17:03:54] Creation of dynamic property app::$set_cache_time is deprecated in C:\xampp\Desktop\mdcnpal\htdocs\public_html\core\app.php on line 153
[2026-07-06 17:03:54] Creation of dynamic property app::$meta is deprecated in C:\xampp\Desktop\mdcnpal\htdocs\public_html\core\app.php on line 434
[2026-07-06 17:03:54] Creation of dynamic property app::$rs_gs_city is deprecated in C:\xampp\Desktop\mdcnpal\htdocs\public_html\core\app.php on line 434
[2026-07-06 17:03:55] Creation of dynamic property app::$rs_footer_popular_item is deprecated in C:\xampp\Desktop\mdcnpal\htdocs\public_html\core\app.php on line 434
[2026-07-06 17:03:55] Creation of dynamic property app::$rs_footer_popular_test is deprecated in C:\xampp\Desktop\mdcnpal\htdocs\public_html\core\app.php on line 434
[2026-07-06 17:03:55] Creation of dynamic property app::$rs_testimonial is deprecated in C:\xampp\Desktop\mdcnpal\htdocs\public_html\core\app.php on line 434
[2026-07-06 17:03:55] Creation of dynamic property app::$admin is deprecated in C:\xampp\Desktop\mdcnpal\htdocs\public_html\core\app.php on line 434
[2026-07-06 17:03:55] Undefined array key 0 in C:\xampp\Desktop\mdcnpal\htdocs\public_html\core\global_include.php on line 514
[2026-07-06 17:03:55] Creation of dynamic property app::$popup is deprecated in C:\xampp\Desktop\mdcnpal\htdocs\public_html\core\app.php on line 434
[2026-07-06 17:03:55] Undefined array key "MDRCCustID" in C:\xampp\Desktop\mdcnpal\htdocs\public_html\core\global_include.php on line 515
[2026-07-06 17:03:55] Undefined array key "MDRCToken" in C:\xampp\Desktop\mdcnpal\htdocs\public_html\core\global_include.php on line 515
[2026-07-06 17:03:55] Creation of dynamic property app::$rscategory is deprecated in C:\xampp\Desktop\mdcnpal\htdocs\public_html\core\app.php on line 434
[2026-07-06 17:03:55] Creation of dynamic property app::$rs_pages is deprecated in C:\xampp\Desktop\mdcnpal\htdocs\public_html\core\app.php on line 434
[2026-07-06 17:03:55] Creation of dynamic property app::$gs is deprecated in C:\xampp\Desktop\mdcnpal\htdocs\public_html\core\app.php on line 434
[2026-07-06 17:03:55] Undefined array key "MDRCCustID" in C:\xampp\Desktop\mdcnpal\htdocs\public_html\core\global_include.php on line 596
[2026-07-06 17:03:55] Undefined array key "MDRCCustID" in C:\xampp\Desktop\mdcnpal\htdocs\public_html\core\global_include.php on line 615
[2026-07-06 17:03:55] Undefined variable $getId in C:\xampp\Desktop\mdcnpal\htdocs\public_html\core\global_include.php on line 684
[2026-07-06 17:03:55] Undefined variable $getName in C:\xampp\Desktop\mdcnpal\htdocs\public_html\core\global_include.php on line 685
[2026-07-06 17:03:55] Undefined array key 0 in C:\xampp\Desktop\mdcnpal\htdocs\public_html\core\global_include.php on line 810
[2026-07-06 17:03:55] Creation of dynamic property app::$rs_offer_msg is deprecated in C:\xampp\Desktop\mdcnpal\htdocs\public_html\core\app.php on line 434
[2026-07-06 17:03:55] Creation of dynamic property app::$rs_for_doctors is deprecated in C:\xampp\Desktop\mdcnpal\htdocs\public_html\core\app.php on line 434
[2026-07-06 17:03:55] Creation of dynamic property app::$description is deprecated in C:\xampp\Desktop\mdcnpal\htdocs\public_html\core\app.php on line 434
[2026-07-06 17:03:55] Creation of dynamic property app::$rs_banner is deprecated in C:\xampp\Desktop\mdcnpal\htdocs\public_html\core\app.php on line 434
[2026-07-06 17:03:55] Creation of dynamic property app::$rs_item_diseases is deprecated in C:\xampp\Desktop\mdcnpal\htdocs\public_html\core\app.php on line 434
[2026-07-06 17:03:55] Creation of dynamic property app::$rs_item_home_category is deprecated in C:\xampp\Desktop\mdcnpal\htdocs\public_html\core\app.php on line 434
[2026-07-06 17:03:55] Creation of dynamic property app::$rs_item_banner_category is deprecated in C:\xampp\Desktop\mdcnpal\htdocs\public_html\core\app.php on line 434
[2026-07-06 17:03:55] Creation of dynamic property app::$rs_services is deprecated in C:\xampp\Desktop\mdcnpal\htdocs\public_html\core\app.php on line 434
[2026-07-06 17:03:55] Creation of dynamic property app::$rs_blog is deprecated in C:\xampp\Desktop\mdcnpal\htdocs\public_html\core\app.php on line 434
[2026-07-06 17:03:55] Creation of dynamic property app::$rs_category is deprecated in C:\xampp\Desktop\mdcnpal\htdocs\public_html\core\app.php on line 434
[2026-07-06 17:03:55] Creation of dynamic property app::$rs_faq_data is deprecated in C:\xampp\Desktop\mdcnpal\htdocs\public_html\core\app.php on line 434
[2026-07-06 17:03:55] Creation of dynamic property app::$rs_gallery_data is deprecated in C:\xampp\Desktop\mdcnpal\htdocs\public_html\core\app.php on line 434
[2026-07-06 17:03:55] Undefined property: app::$rs_cartmini in C:\xampp\Desktop\mdcnpal\htdocs\public_html\includes\header.php on line 131
[2026-07-06 17:03:55] Undefined array key "MDRCCustID" in C:\xampp\Desktop\mdcnpal\htdocs\public_html\includes\header.php on line 134
[2026-07-06 17:03:55] Undefined property: app::$rs_cartmini in C:\xampp\Desktop\mdcnpal\htdocs\public_html\includes\header.php on line 197
[2026-07-06 17:03:55] Undefined array key "MDRCCustID" in C:\xampp\Desktop\mdcnpal\htdocs\public_html\includes\header.php on line 200
[2026-07-06 17:03:55] Undefined property: app::$rs_cartmini in C:\xampp\Desktop\mdcnpal\htdocs\public_html\includes\header.php on line 469
[2026-07-06 17:03:55] Undefined array key "MDRCCustID" in C:\xampp\Desktop\mdcnpal\htdocs\public_html\includes\header.php on line 472
[2026-07-06 17:03:55] Undefined property: app::$rs_cartmini in C:\xampp\Desktop\mdcnpal\htdocs\public_html\includes\header.php on line 525
[2026-07-06 17:03:55] Undefined array key "MDRCCustID" in C:\xampp\Desktop\mdcnpal\htdocs\public_html\includes\header.php on line 528
[2026-07-06 17:03:55] Undefined property: app::$rs_customer in C:\xampp\Desktop\mdcnpal\htdocs\public_html\includes\header.php on line 712
[2026-07-06 17:03:55] Trying to access array offset on value of type null in C:\xampp\Desktop\mdcnpal\htdocs\public_html\includes\header.php on line 712
[2026-07-06 17:03:55] Undefined property: app::$rs_customer in C:\xampp\Desktop\mdcnpal\htdocs\public_html\includes\header.php on line 721
[2026-07-06 17:03:55] Trying to access array offset on value of type null in C:\xampp\Desktop\mdcnpal\htdocs\public_html\includes\header.php on line 721
[2026-07-06 17:03:55] Undefined property: app::$rs_customer in C:\xampp\Desktop\mdcnpal\htdocs\public_html\includes\header.php on line 730
[2026-07-06 17:03:55] Trying to access array offset on value of type null in C:\xampp\Desktop\mdcnpal\htdocs\public_html\includes\header.php on line 730
[2026-07-06 17:03:55] Undefined property: app::$rs_customer in C:\xampp\Desktop\mdcnpal\htdocs\public_html\includes\header.php on line 739
[2026-07-06 17:03:55] Trying to access array offset on value of type null in C:\xampp\Desktop\mdcnpal\htdocs\public_html\includes\header.php on line 739
[2026-07-06 17:03:55] Undefined variable $g_search_query in C:\xampp\Desktop\mdcnpal\htdocs\public_html\core\app.php(565) : eval()'d code on line 219
[2026-07-06 17:03:55] Undefined variable $department_cond in C:\xampp\Desktop\mdcnpal\htdocs\public_html\core\app.php(565) : eval()'d code on line 219
[2026-07-06 17:03:55] Undefined variable $type_cond in C:\xampp\Desktop\mdcnpal\htdocs\public_html\core\app.php(565) : eval()'d code on line 219
[2026-07-06 17:03:55] Undefined variable $dieses_cond in C:\xampp\Desktop\mdcnpal\htdocs\public_html\core\app.php(565) : eval()'d code on line 219
[2026-07-06 17:03:55] Undefined variable $popular_pack_cond in C:\xampp\Desktop\mdcnpal\htdocs\public_html\core\app.php(565) : eval()'d code on line 219
[2026-07-06 17:03:55] Undefined variable $g_search_query in C:\xampp\Desktop\mdcnpal\htdocs\public_html\core\app.php(565) : eval()'d code on line 219
[2026-07-06 17:03:55] Undefined variable $department_cond in C:\xampp\Desktop\mdcnpal\htdocs\public_html\core\app.php(565) : eval()'d code on line 219
[2026-07-06 17:03:55] Undefined variable $type_cond in C:\xampp\Desktop\mdcnpal\htdocs\public_html\core\app.php(565) : eval()'d code on line 219
[2026-07-06 17:03:55] Undefined variable $dieses_cond in C:\xampp\Desktop\mdcnpal\htdocs\public_html\core\app.php(565) : eval()'d code on line 219
[2026-07-06 17:03:55] Undefined variable $popular_pack_cond in C:\xampp\Desktop\mdcnpal\htdocs\public_html\core\app.php(565) : eval()'d code on line 219
[2026-07-06 17:03:55] Undefined variable $g_search_query in C:\xampp\Desktop\mdcnpal\htdocs\public_html\core\app.php(565) : eval()'d code on line 219
[2026-07-06 17:03:55] Undefined variable $department_cond in C:\xampp\Desktop\mdcnpal\htdocs\public_html\core\app.php(565) : eval()'d code on line 219
[2026-07-06 17:03:55] Undefined variable $type_cond in C:\xampp\Desktop\mdcnpal\htdocs\public_html\core\app.php(565) : eval()'d code on line 219
[2026-07-06 17:03:55] Undefined variable $dieses_cond in C:\xampp\Desktop\mdcnpal\htdocs\public_html\core\app.php(565) : eval()'d code on line 219
[2026-07-06 17:03:55] Undefined variable $popular_pack_cond in C:\xampp\Desktop\mdcnpal\htdocs\public_html\core\app.php(565) : eval()'d code on line 219
[2026-07-06 17:03:55] Undefined variable $g_search_query in C:\xampp\Desktop\mdcnpal\htdocs\public_html\core\app.php(565) : eval()'d code on line 219
[2026-07-06 17:03:55] Undefined variable $department_cond in C:\xampp\Desktop\mdcnpal\htdocs\public_html\core\app.php(565) : eval()'d code on line 219
[2026-07-06 17:03:55] Undefined variable $type_cond in C:\xampp\Desktop\mdcnpal\htdocs\public_html\core\app.php(565) : eval()'d code on line 219
[2026-07-06 17:03:55] Undefined variable $dieses_cond in C:\xampp\Desktop\mdcnpal\htdocs\public_html\core\app.php(565) : eval()'d code on line 219
[2026-07-06 17:03:55] Undefined variable $popular_pack_cond in C:\xampp\Desktop\mdcnpal\htdocs\public_html\core\app.php(565) : eval()'d code on line 219
[2026-07-06 17:03:55] Undefined variable $g_search_query in C:\xampp\Desktop\mdcnpal\htdocs\public_html\core\app.php(565) : eval()'d code on line 219
[2026-07-06 17:03:55] Undefined variable $department_cond in C:\xampp\Desktop\mdcnpal\htdocs\public_html\core\app.php(565) : eval()'d code on line 219
[2026-07-06 17:03:55] Undefined variable $type_cond in C:\xampp\Desktop\mdcnpal\htdocs\public_html\core\app.php(565) : eval()'d code on line 219
[2026-07-06 17:03:55] Undefined variable $dieses_cond in C:\xampp\Desktop\mdcnpal\htdocs\public_html\core\app.php(565) : eval()'d code on line 219
[2026-07-06 17:03:55] Undefined variable $popular_pack_cond in C:\xampp\Desktop\mdcnpal\htdocs\public_html\core\app.php(565) : eval()'d code on line 219
[2026-07-06 17:03:55] Undefined property: app::$rs_customer in C:\xampp\Desktop\mdcnpal\htdocs\public_html\includes\footer.php on line 357
[2026-07-06 17:03:55] Trying to access array offset on value of type null in C:\xampp\Desktop\mdcnpal\htdocs\public_html\includes\footer.php on line 357
[2026-07-06 17:03:55] Undefined property: app::$rs_customer in C:\xampp\Desktop\mdcnpal\htdocs\public_html\includes\footer.php on line 366
[2026-07-06 17:03:55] Trying to access array offset on value of type null in C:\xampp\Desktop\mdcnpal\htdocs\public_html\includes\footer.php on line 366
[2026-07-06 17:03:55] Undefined property: app::$rs_customer in C:\xampp\Desktop\mdcnpal\htdocs\public_html\includes\footer.php on line 372
[2026-07-06 17:03:55] Trying to access array offset on value of type null in C:\xampp\Desktop\mdcnpal\htdocs\public_html\includes\footer.php on line 372
[2026-07-06 17:03:55] Undefined property: app::$rs_customer in C:\xampp\Desktop\mdcnpal\htdocs\public_html\includes\general_data.php on line 88
[2026-07-06 17:03:55] Trying to access array offset on value of type null in C:\xampp\Desktop\mdcnpal\htdocs\public_html\includes\general_data.php on line 88
[2026-07-06 17:03:55] Undefined array key "MDRCCustID" in C:\xampp\Desktop\mdcnpal\htdocs\public_html\includes\general_data.php on line 88
[2026-07-06 17:03:55] Undefined variable $tmpStr in C:\xampp\Desktop\mdcnpal\htdocs\public_html\core\app.php on line 971
[2026-07-06 17:03:57] Creation of dynamic property dbclass::$RECORD_SET is deprecated in C:\xampp\Desktop\mdcnpal\htdocs\public_html\core\dbclass.php on line 69
[2026-07-06 17:03:57] Creation of dynamic property dbclass::$app is deprecated in C:\xampp\Desktop\mdcnpal\htdocs\public_html\core\dbclass.php on line 75
[2026-07-06 17:03:57] Creation of dynamic property model::$foreign_tables is deprecated in C:\xampp\Desktop\mdcnpal\htdocs\public_html\core\model.php on line 43
[2026-07-06 17:03:57] Creation of dynamic property app::$inputfilter is deprecated in C:\xampp\Desktop\mdcnpal\htdocs\public_html\core\app.php on line 123
[2026-07-06 17:03:57] Creation of dynamic property app::$userconfig is deprecated in C:\xampp\Desktop\mdcnpal\htdocs\public_html\core\app.php on line 124
[2026-07-06 17:03:57] Creation of dynamic property app::$global_include is deprecated in C:\xampp\Desktop\mdcnpal\htdocs\public_html\core\app.php on line 125
[2026-07-06 17:03:57] Creation of dynamic property app::$set_cache_time is deprecated in C:\xampp\Desktop\mdcnpal\htdocs\public_html\core\app.php on line 153
[06-Jul-2026 17:03:57 Asia/Kathmandu] PHP Fatal error:  Array and string offset access syntax with curly braces is no longer supported in C:\xampp\Desktop\mdcnpal\htdocs\public_html\modules\JSON\class.JSON.php on line 156
[2026-07-06 17:05:07] Creation of dynamic property dbclass::$RECORD_SET is deprecated in C:\xampp\Desktop\mdcnpal\htdocs\public_html\core\dbclass.php on line 69
[2026-07-06 17:05:07] Creation of dynamic property dbclass::$app is deprecated in C:\xampp\Desktop\mdcnpal\htdocs\public_html\core\dbclass.php on line 75
[2026-07-06 17:05:07] Creation of dynamic property model::$foreign_tables is deprecated in C:\xampp\Desktop\mdcnpal\htdocs\public_html\core\model.php on line 43
[2026-07-06 17:05:07] Creation of dynamic property app::$inputfilter is deprecated in C:\xampp\Desktop\mdcnpal\htdocs\public_html\core\app.php on line 123
[2026-07-06 17:05:07] Creation of dynamic property app::$userconfig is deprecated in C:\xampp\Desktop\mdcnpal\htdocs\public_html\core\app.php on line 124
[2026-07-06 17:05:07] Creation of dynamic property app::$global_include is deprecated in C:\xampp\Desktop\mdcnpal\htdocs\public_html\core\app.php on line 125
[2026-07-06 17:05:07] Creation of dynamic property app::$set_cache_time is deprecated in C:\xampp\Desktop\mdcnpal\htdocs\public_html\core\app.php on line 153
[2026-07-06 17:05:07] Creation of dynamic property app::$meta is deprecated in C:\xampp\Desktop\mdcnpal\htdocs\public_html\core\app.php on line 434
[2026-07-06 17:05:07] Creation of dynamic property app::$rs_gs_city is deprecated in C:\xampp\Desktop\mdcnpal\htdocs\public_html\core\app.php on line 434
[2026-07-06 17:05:07] Creation of dynamic property app::$rs_footer_popular_item is deprecated in C:\xampp\Desktop\mdcnpal\htdocs\public_html\core\app.php on line 434
[2026-07-06 17:05:08] Creation of dynamic property app::$rs_footer_popular_test is deprecated in C:\xampp\Desktop\mdcnpal\htdocs\public_html\core\app.php on line 434
[2026-07-06 17:05:08] Creation of dynamic property app::$rs_testimonial is deprecated in C:\xampp\Desktop\mdcnpal\htdocs\public_html\core\app.php on line 434
[2026-07-06 17:05:08] Creation of dynamic property app::$admin is deprecated in C:\xampp\Desktop\mdcnpal\htdocs\public_html\core\app.php on line 434
[2026-07-06 17:05:08] Undefined array key 0 in C:\xampp\Desktop\mdcnpal\htdocs\public_html\core\global_include.php on line 514
[2026-07-06 17:05:08] Creation of dynamic property app::$popup is deprecated in C:\xampp\Desktop\mdcnpal\htdocs\public_html\core\app.php on line 434
[2026-07-06 17:05:08] Undefined array key "MDRCCustID" in C:\xampp\Desktop\mdcnpal\htdocs\public_html\core\global_include.php on line 515
[2026-07-06 17:05:08] Undefined array key "MDRCToken" in C:\xampp\Desktop\mdcnpal\htdocs\public_html\core\global_include.php on line 515
[2026-07-06 17:05:08] Creation of dynamic property app::$rscategory is deprecated in C:\xampp\Desktop\mdcnpal\htdocs\public_html\core\app.php on line 434
[2026-07-06 17:05:08] Creation of dynamic property app::$rs_pages is deprecated in C:\xampp\Desktop\mdcnpal\htdocs\public_html\core\app.php on line 434
[2026-07-06 17:05:08] Creation of dynamic property app::$gs is deprecated in C:\xampp\Desktop\mdcnpal\htdocs\public_html\core\app.php on line 434
[2026-07-06 17:05:08] Undefined array key "MDRCCustID" in C:\xampp\Desktop\mdcnpal\htdocs\public_html\core\global_include.php on line 596
[2026-07-06 17:05:08] Undefined array key "MDRCCustID" in C:\xampp\Desktop\mdcnpal\htdocs\public_html\core\global_include.php on line 615
[2026-07-06 17:05:08] Undefined variable $getId in C:\xampp\Desktop\mdcnpal\htdocs\public_html\core\global_include.php on line 684
[2026-07-06 17:05:08] Undefined variable $getName in C:\xampp\Desktop\mdcnpal\htdocs\public_html\core\global_include.php on line 685
[2026-07-06 17:05:08] Undefined array key 0 in C:\xampp\Desktop\mdcnpal\htdocs\public_html\core\global_include.php on line 810
[2026-07-06 17:05:08] Creation of dynamic property app::$rs_offer_msg is deprecated in C:\xampp\Desktop\mdcnpal\htdocs\public_html\core\app.php on line 434
[2026-07-06 17:05:08] Creation of dynamic property app::$rs_for_doctors is deprecated in C:\xampp\Desktop\mdcnpal\htdocs\public_html\core\app.php on line 434
[2026-07-06 17:05:08] Creation of dynamic property app::$description is deprecated in C:\xampp\Desktop\mdcnpal\htdocs\public_html\core\app.php on line 434
[2026-07-06 17:05:08] Creation of dynamic property app::$rs_banner is deprecated in C:\xampp\Desktop\mdcnpal\htdocs\public_html\core\app.php on line 434
[2026-07-06 17:05:08] Creation of dynamic property app::$rs_item_diseases is deprecated in C:\xampp\Desktop\mdcnpal\htdocs\public_html\core\app.php on line 434
[2026-07-06 17:05:08] Creation of dynamic property app::$rs_item_home_category is deprecated in C:\xampp\Desktop\mdcnpal\htdocs\public_html\core\app.php on line 434
[2026-07-06 17:05:08] Creation of dynamic property app::$rs_item_banner_category is deprecated in C:\xampp\Desktop\mdcnpal\htdocs\public_html\core\app.php on line 434
[2026-07-06 17:05:08] Creation of dynamic property app::$rs_services is deprecated in C:\xampp\Desktop\mdcnpal\htdocs\public_html\core\app.php on line 434
[2026-07-06 17:05:08] Creation of dynamic property app::$rs_blog is deprecated in C:\xampp\Desktop\mdcnpal\htdocs\public_html\core\app.php on line 434
[2026-07-06 17:05:08] Creation of dynamic property app::$rs_category is deprecated in C:\xampp\Desktop\mdcnpal\htdocs\public_html\core\app.php on line 434
[2026-07-06 17:05:08] Creation of dynamic property app::$rs_faq_data is deprecated in C:\xampp\Desktop\mdcnpal\htdocs\public_html\core\app.php on line 434
[2026-07-06 17:05:08] Creation of dynamic property app::$rs_gallery_data is deprecated in C:\xampp\Desktop\mdcnpal\htdocs\public_html\core\app.php on line 434
[2026-07-06 17:05:08] Undefined property: app::$rs_cartmini in C:\xampp\Desktop\mdcnpal\htdocs\public_html\includes\header.php on line 131
[2026-07-06 17:05:08] Undefined array key "MDRCCustID" in C:\xampp\Desktop\mdcnpal\htdocs\public_html\includes\header.php on line 134
[2026-07-06 17:05:08] Undefined property: app::$rs_cartmini in C:\xampp\Desktop\mdcnpal\htdocs\public_html\includes\header.php on line 197
[2026-07-06 17:05:08] Undefined array key "MDRCCustID" in C:\xampp\Desktop\mdcnpal\htdocs\public_html\includes\header.php on line 200
[2026-07-06 17:05:08] Undefined property: app::$rs_cartmini in C:\xampp\Desktop\mdcnpal\htdocs\public_html\includes\header.php on line 469
[2026-07-06 17:05:08] Undefined array key "MDRCCustID" in C:\xampp\Desktop\mdcnpal\htdocs\public_html\includes\header.php on line 472
[2026-07-06 17:05:08] Undefined property: app::$rs_cartmini in C:\xampp\Desktop\mdcnpal\htdocs\public_html\includes\header.php on line 525
[2026-07-06 17:05:08] Undefined array key "MDRCCustID" in C:\xampp\Desktop\mdcnpal\htdocs\public_html\includes\header.php on line 528
[2026-07-06 17:05:08] Undefined property: app::$rs_customer in C:\xampp\Desktop\mdcnpal\htdocs\public_html\includes\header.php on line 712
[2026-07-06 17:05:08] Trying to access array offset on value of type null in C:\xampp\Desktop\mdcnpal\htdocs\public_html\includes\header.php on line 712
[2026-07-06 17:05:08] Undefined property: app::$rs_customer in C:\xampp\Desktop\mdcnpal\htdocs\public_html\includes\header.php on line 721
[2026-07-06 17:05:08] Trying to access array offset on value of type null in C:\xampp\Desktop\mdcnpal\htdocs\public_html\includes\header.php on line 721
[2026-07-06 17:05:08] Undefined property: app::$rs_customer in C:\xampp\Desktop\mdcnpal\htdocs\public_html\includes\header.php on line 730
[2026-07-06 17:05:08] Trying to access array offset on value of type null in C:\xampp\Desktop\mdcnpal\htdocs\public_html\includes\header.php on line 730
[2026-07-06 17:05:08] Undefined property: app::$rs_customer in C:\xampp\Desktop\mdcnpal\htdocs\public_html\includes\header.php on line 739
[2026-07-06 17:05:08] Trying to access array offset on value of type null in C:\xampp\Desktop\mdcnpal\htdocs\public_html\includes\header.php on line 739
[2026-07-06 17:05:08] Undefined variable $g_search_query in C:\xampp\Desktop\mdcnpal\htdocs\public_html\core\app.php(565) : eval()'d code on line 219
[2026-07-06 17:05:08] Undefined variable $department_cond in C:\xampp\Desktop\mdcnpal\htdocs\public_html\core\app.php(565) : eval()'d code on line 219
[2026-07-06 17:05:08] Undefined variable $type_cond in C:\xampp\Desktop\mdcnpal\htdocs\public_html\core\app.php(565) : eval()'d code on line 219
[2026-07-06 17:05:08] Undefined variable $dieses_cond in C:\xampp\Desktop\mdcnpal\htdocs\public_html\core\app.php(565) : eval()'d code on line 219
[2026-07-06 17:05:08] Undefined variable $popular_pack_cond in C:\xampp\Desktop\mdcnpal\htdocs\public_html\core\app.php(565) : eval()'d code on line 219
[2026-07-06 17:05:08] Undefined variable $g_search_query in C:\xampp\Desktop\mdcnpal\htdocs\public_html\core\app.php(565) : eval()'d code on line 219
[2026-07-06 17:05:08] Undefined variable $department_cond in C:\xampp\Desktop\mdcnpal\htdocs\public_html\core\app.php(565) : eval()'d code on line 219
[2026-07-06 17:05:08] Undefined variable $type_cond in C:\xampp\Desktop\mdcnpal\htdocs\public_html\core\app.php(565) : eval()'d code on line 219
[2026-07-06 17:05:08] Undefined variable $dieses_cond in C:\xampp\Desktop\mdcnpal\htdocs\public_html\core\app.php(565) : eval()'d code on line 219
[2026-07-06 17:05:08] Undefined variable $popular_pack_cond in C:\xampp\Desktop\mdcnpal\htdocs\public_html\core\app.php(565) : eval()'d code on line 219
[2026-07-06 17:05:08] Undefined variable $g_search_query in C:\xampp\Desktop\mdcnpal\htdocs\public_html\core\app.php(565) : eval()'d code on line 219
[2026-07-06 17:05:08] Undefined variable $department_cond in C:\xampp\Desktop\mdcnpal\htdocs\public_html\core\app.php(565) : eval()'d code on line 219
[2026-07-06 17:05:08] Undefined variable $type_cond in C:\xampp\Desktop\mdcnpal\htdocs\public_html\core\app.php(565) : eval()'d code on line 219
[2026-07-06 17:05:08] Undefined variable $dieses_cond in C:\xampp\Desktop\mdcnpal\htdocs\public_html\core\app.php(565) : eval()'d code on line 219
[2026-07-06 17:05:08] Undefined variable $popular_pack_cond in C:\xampp\Desktop\mdcnpal\htdocs\public_html\core\app.php(565) : eval()'d code on line 219
[2026-07-06 17:05:08] Undefined variable $g_search_query in C:\xampp\Desktop\mdcnpal\htdocs\public_html\core\app.php(565) : eval()'d code on line 219
[2026-07-06 17:05:08] Undefined variable $department_cond in C:\xampp\Desktop\mdcnpal\htdocs\public_html\core\app.php(565) : eval()'d code on line 219
[2026-07-06 17:05:08] Undefined variable $type_cond in C:\xampp\Desktop\mdcnpal\htdocs\public_html\core\app.php(565) : eval()'d code on line 219
[2026-07-06 17:05:08] Undefined variable $dieses_cond in C:\xampp\Desktop\mdcnpal\htdocs\public_html\core\app.php(565) : eval()'d code on line 219
[2026-07-06 17:05:08] Undefined variable $popular_pack_cond in C:\xampp\Desktop\mdcnpal\htdocs\public_html\core\app.php(565) : eval()'d code on line 219
[2026-07-06 17:05:08] Undefined variable $g_search_query in C:\xampp\Desktop\mdcnpal\htdocs\public_html\core\app.php(565) : eval()'d code on line 219
[2026-07-06 17:05:08] Undefined variable $department_cond in C:\xampp\Desktop\mdcnpal\htdocs\public_html\core\app.php(565) : eval()'d code on line 219
[2026-07-06 17:05:08] Undefined variable $type_cond in C:\xampp\Desktop\mdcnpal\htdocs\public_html\core\app.php(565) : eval()'d code on line 219
[2026-07-06 17:05:08] Undefined variable $dieses_cond in C:\xampp\Desktop\mdcnpal\htdocs\public_html\core\app.php(565) : eval()'d code on line 219
[2026-07-06 17:05:08] Undefined variable $popular_pack_cond in C:\xampp\Desktop\mdcnpal\htdocs\public_html\core\app.php(565) : eval()'d code on line 219
[2026-07-06 17:05:08] Undefined property: app::$rs_customer in C:\xampp\Desktop\mdcnpal\htdocs\public_html\includes\footer.php on line 357
[2026-07-06 17:05:08] Trying to access array offset on value of type null in C:\xampp\Desktop\mdcnpal\htdocs\public_html\includes\footer.php on line 357
[2026-07-06 17:05:08] Undefined property: app::$rs_customer in C:\xampp\Desktop\mdcnpal\htdocs\public_html\includes\footer.php on line 366
[2026-07-06 17:05:08] Trying to access array offset on value of type null in C:\xampp\Desktop\mdcnpal\htdocs\public_html\includes\footer.php on line 366
[2026-07-06 17:05:08] Undefined property: app::$rs_customer in C:\xampp\Desktop\mdcnpal\htdocs\public_html\includes\footer.php on line 372
[2026-07-06 17:05:08] Trying to access array offset on value of type null in C:\xampp\Desktop\mdcnpal\htdocs\public_html\includes\footer.php on line 372
[2026-07-06 17:05:08] Undefined property: app::$rs_customer in C:\xampp\Desktop\mdcnpal\htdocs\public_html\includes\general_data.php on line 88
[2026-07-06 17:05:08] Trying to access array offset on value of type null in C:\xampp\Desktop\mdcnpal\htdocs\public_html\includes\general_data.php on line 88
[2026-07-06 17:05:08] Undefined array key "MDRCCustID" in C:\xampp\Desktop\mdcnpal\htdocs\public_html\includes\general_data.php on line 88
[2026-07-06 17:05:08] Undefined variable $tmpStr in C:\xampp\Desktop\mdcnpal\htdocs\public_html\core\app.php on line 971
[2026-07-06 17:05:13] Creation of dynamic property dbclass::$RECORD_SET is deprecated in C:\xampp\Desktop\mdcnpal\htdocs\public_html\core\dbclass.php on line 69
[2026-07-06 17:05:13] Creation of dynamic property dbclass::$app is deprecated in C:\xampp\Desktop\mdcnpal\htdocs\public_html\core\dbclass.php on line 75
[2026-07-06 17:05:13] Creation of dynamic property model::$foreign_tables is deprecated in C:\xampp\Desktop\mdcnpal\htdocs\public_html\core\model.php on line 43
[2026-07-06 17:05:13] Creation of dynamic property app::$inputfilter is deprecated in C:\xampp\Desktop\mdcnpal\htdocs\public_html\core\app.php on line 123
[2026-07-06 17:05:13] Creation of dynamic property app::$userconfig is deprecated in C:\xampp\Desktop\mdcnpal\htdocs\public_html\core\app.php on line 124
[2026-07-06 17:05:13] Creation of dynamic property app::$global_include is deprecated in C:\xampp\Desktop\mdcnpal\htdocs\public_html\core\app.php on line 125
[2026-07-06 17:05:13] Creation of dynamic property app::$set_cache_time is deprecated in C:\xampp\Desktop\mdcnpal\htdocs\public_html\core\app.php on line 153
[06-Jul-2026 17:05:14 Asia/Kathmandu] PHP Fatal error:  Array and string offset access syntax with curly braces is no longer supported in C:\xampp\Desktop\mdcnpal\htdocs\public_html\modules\JSON\class.JSON.php on line 156
[2026-07-06 17:05:14] Creation of dynamic property dbclass::$RECORD_SET is deprecated in C:\xampp\Desktop\mdcnpal\htdocs\public_html\core\dbclass.php on line 69
[2026-07-06 17:05:14] Creation of dynamic property dbclass::$app is deprecated in C:\xampp\Desktop\mdcnpal\htdocs\public_html\core\dbclass.php on line 75
[2026-07-06 17:05:14] Creation of dynamic property model::$foreign_tables is deprecated in C:\xampp\Desktop\mdcnpal\htdocs\public_html\core\model.php on line 43
[2026-07-06 17:05:14] Creation of dynamic property app::$inputfilter is deprecated in C:\xampp\Desktop\mdcnpal\htdocs\public_html\core\app.php on line 123
[2026-07-06 17:05:14] Creation of dynamic property app::$userconfig is deprecated in C:\xampp\Desktop\mdcnpal\htdocs\public_html\core\app.php on line 124
[2026-07-06 17:05:14] Creation of dynamic property app::$global_include is deprecated in C:\xampp\Desktop\mdcnpal\htdocs\public_html\core\app.php on line 125
[2026-07-06 17:05:14] Creation of dynamic property app::$set_cache_time is deprecated in C:\xampp\Desktop\mdcnpal\htdocs\public_html\core\app.php on line 153
[2026-07-06 17:05:14] Creation of dynamic property app::$meta is deprecated in C:\xampp\Desktop\mdcnpal\htdocs\public_html\core\app.php on line 434
[2026-07-06 17:05:14] Creation of dynamic property app::$rs_gs_city is deprecated in C:\xampp\Desktop\mdcnpal\htdocs\public_html\core\app.php on line 434
[2026-07-06 17:05:14] Creation of dynamic property app::$rs_footer_popular_item is deprecated in C:\xampp\Desktop\mdcnpal\htdocs\public_html\core\app.php on line 434
[2026-07-06 17:05:14] Creation of dynamic property app::$rs_footer_popular_test is deprecated in C:\xampp\Desktop\mdcnpal\htdocs\public_html\core\app.php on line 434
[2026-07-06 17:05:14] Creation of dynamic property app::$rs_testimonial is deprecated in C:\xampp\Desktop\mdcnpal\htdocs\public_html\core\app.php on line 434
[2026-07-06 17:05:14] Creation of dynamic property app::$admin is deprecated in C:\xampp\Desktop\mdcnpal\htdocs\public_html\core\app.php on line 434
[2026-07-06 17:05:14] Undefined array key 0 in C:\xampp\Desktop\mdcnpal\htdocs\public_html\core\global_include.php on line 514
[2026-07-06 17:05:14] Creation of dynamic property app::$popup is deprecated in C:\xampp\Desktop\mdcnpal\htdocs\public_html\core\app.php on line 434
[2026-07-06 17:05:14] Undefined array key "MDRCCustID" in C:\xampp\Desktop\mdcnpal\htdocs\public_html\core\global_include.php on line 515
[2026-07-06 17:05:14] Undefined array key "MDRCToken" in C:\xampp\Desktop\mdcnpal\htdocs\public_html\core\global_include.php on line 515
[2026-07-06 17:05:14] Creation of dynamic property app::$rscategory is deprecated in C:\xampp\Desktop\mdcnpal\htdocs\public_html\core\app.php on line 434
[2026-07-06 17:05:14] Creation of dynamic property app::$rs_pages is deprecated in C:\xampp\Desktop\mdcnpal\htdocs\public_html\core\app.php on line 434
[2026-07-06 17:05:14] Creation of dynamic property app::$gs is deprecated in C:\xampp\Desktop\mdcnpal\htdocs\public_html\core\app.php on line 434
[2026-07-06 17:05:14] Undefined array key "MDRCCustID" in C:\xampp\Desktop\mdcnpal\htdocs\public_html\core\global_include.php on line 596
[2026-07-06 17:05:14] Undefined array key "MDRCCustID" in C:\xampp\Desktop\mdcnpal\htdocs\public_html\core\global_include.php on line 615
[2026-07-06 17:05:14] Undefined variable $getId in C:\xampp\Desktop\mdcnpal\htdocs\public_html\core\global_include.php on line 684
[2026-07-06 17:05:14] Undefined variable $getName in C:\xampp\Desktop\mdcnpal\htdocs\public_html\core\global_include.php on line 685
[2026-07-06 17:05:14] Undefined array key 0 in C:\xampp\Desktop\mdcnpal\htdocs\public_html\core\global_include.php on line 810
[2026-07-06 17:05:14] Creation of dynamic property app::$rs_offer_msg is deprecated in C:\xampp\Desktop\mdcnpal\htdocs\public_html\core\app.php on line 434
[2026-07-06 17:05:14] Creation of dynamic property app::$rs_for_doctors is deprecated in C:\xampp\Desktop\mdcnpal\htdocs\public_html\core\app.php on line 434
[2026-07-06 17:05:14] Creation of dynamic property app::$description is deprecated in C:\xampp\Desktop\mdcnpal\htdocs\public_html\core\app.php on line 434
[2026-07-06 17:05:14] Creation of dynamic property app::$rs_banner is deprecated in C:\xampp\Desktop\mdcnpal\htdocs\public_html\core\app.php on line 434
[2026-07-06 17:05:14] Creation of dynamic property app::$rs_item_diseases is deprecated in C:\xampp\Desktop\mdcnpal\htdocs\public_html\core\app.php on line 434
[2026-07-06 17:05:14] Creation of dynamic property app::$rs_item_home_category is deprecated in C:\xampp\Desktop\mdcnpal\htdocs\public_html\core\app.php on line 434
[2026-07-06 17:05:14] Creation of dynamic property app::$rs_item_banner_category is deprecated in C:\xampp\Desktop\mdcnpal\htdocs\public_html\core\app.php on line 434
[2026-07-06 17:05:14] Creation of dynamic property app::$rs_services is deprecated in C:\xampp\Desktop\mdcnpal\htdocs\public_html\core\app.php on line 434
[2026-07-06 17:05:14] Creation of dynamic property app::$rs_blog is deprecated in C:\xampp\Desktop\mdcnpal\htdocs\public_html\core\app.php on line 434
[2026-07-06 17:05:14] Creation of dynamic property app::$rs_category is deprecated in C:\xampp\Desktop\mdcnpal\htdocs\public_html\core\app.php on line 434
[2026-07-06 17:05:14] Creation of dynamic property app::$rs_faq_data is deprecated in C:\xampp\Desktop\mdcnpal\htdocs\public_html\core\app.php on line 434
[2026-07-06 17:05:14] Creation of dynamic property app::$rs_gallery_data is deprecated in C:\xampp\Desktop\mdcnpal\htdocs\public_html\core\app.php on line 434
[2026-07-06 17:05:14] Undefined property: app::$rs_cartmini in C:\xampp\Desktop\mdcnpal\htdocs\public_html\includes\header.php on line 131
[2026-07-06 17:05:14] Undefined array key "MDRCCustID" in C:\xampp\Desktop\mdcnpal\htdocs\public_html\includes\header.php on line 134
[2026-07-06 17:05:14] Undefined property: app::$rs_cartmini in C:\xampp\Desktop\mdcnpal\htdocs\public_html\includes\header.php on line 197
[2026-07-06 17:05:14] Undefined array key "MDRCCustID" in C:\xampp\Desktop\mdcnpal\htdocs\public_html\includes\header.php on line 200
[2026-07-06 17:05:14] Undefined property: app::$rs_cartmini in C:\xampp\Desktop\mdcnpal\htdocs\public_html\includes\header.php on line 469
[2026-07-06 17:05:14] Undefined array key "MDRCCustID" in C:\xampp\Desktop\mdcnpal\htdocs\public_html\includes\header.php on line 472
[2026-07-06 17:05:14] Undefined property: app::$rs_cartmini in C:\xampp\Desktop\mdcnpal\htdocs\public_html\includes\header.php on line 525
[2026-07-06 17:05:14] Undefined array key "MDRCCustID" in C:\xampp\Desktop\mdcnpal\htdocs\public_html\includes\header.php on line 528
[2026-07-06 17:05:14] Undefined property: app::$rs_customer in C:\xampp\Desktop\mdcnpal\htdocs\public_html\includes\header.php on line 712
[2026-07-06 17:05:14] Trying to access array offset on value of type null in C:\xampp\Desktop\mdcnpal\htdocs\public_html\includes\header.php on line 712
[2026-07-06 17:05:14] Undefined property: app::$rs_customer in C:\xampp\Desktop\mdcnpal\htdocs\public_html\includes\header.php on line 721
[2026-07-06 17:05:14] Trying to access array offset on value of type null in C:\xampp\Desktop\mdcnpal\htdocs\public_html\includes\header.php on line 721
[2026-07-06 17:05:14] Undefined property: app::$rs_customer in C:\xampp\Desktop\mdcnpal\htdocs\public_html\includes\header.php on line 730
[2026-07-06 17:05:14] Trying to access array offset on value of type null in C:\xampp\Desktop\mdcnpal\htdocs\public_html\includes\header.php on line 730
[2026-07-06 17:05:14] Undefined property: app::$rs_customer in C:\xampp\Desktop\mdcnpal\htdocs\public_html\includes\header.php on line 739
[2026-07-06 17:05:14] Trying to access array offset on value of type null in C:\xampp\Desktop\mdcnpal\htdocs\public_html\includes\header.php on line 739
[2026-07-06 17:05:14] Undefined variable $g_search_query in C:\xampp\Desktop\mdcnpal\htdocs\public_html\core\app.php(565) : eval()'d code on line 219
[2026-07-06 17:05:14] Undefined variable $department_cond in C:\xampp\Desktop\mdcnpal\htdocs\public_html\core\app.php(565) : eval()'d code on line 219
[2026-07-06 17:05:14] Undefined variable $type_cond in C:\xampp\Desktop\mdcnpal\htdocs\public_html\core\app.php(565) : eval()'d code on line 219
[2026-07-06 17:05:14] Undefined variable $dieses_cond in C:\xampp\Desktop\mdcnpal\htdocs\public_html\core\app.php(565) : eval()'d code on line 219
[2026-07-06 17:05:14] Undefined variable $popular_pack_cond in C:\xampp\Desktop\mdcnpal\htdocs\public_html\core\app.php(565) : eval()'d code on line 219
[2026-07-06 17:05:14] Undefined variable $g_search_query in C:\xampp\Desktop\mdcnpal\htdocs\public_html\core\app.php(565) : eval()'d code on line 219
[2026-07-06 17:05:14] Undefined variable $department_cond in C:\xampp\Desktop\mdcnpal\htdocs\public_html\core\app.php(565) : eval()'d code on line 219
[2026-07-06 17:05:14] Undefined variable $type_cond in C:\xampp\Desktop\mdcnpal\htdocs\public_html\core\app.php(565) : eval()'d code on line 219
[2026-07-06 17:05:14] Undefined variable $dieses_cond in C:\xampp\Desktop\mdcnpal\htdocs\public_html\core\app.php(565) : eval()'d code on line 219
[2026-07-06 17:05:14] Undefined variable $popular_pack_cond in C:\xampp\Desktop\mdcnpal\htdocs\public_html\core\app.php(565) : eval()'d code on line 219
[2026-07-06 17:05:14] Undefined variable $g_search_query in C:\xampp\Desktop\mdcnpal\htdocs\public_html\core\app.php(565) : eval()'d code on line 219
[2026-07-06 17:05:14] Undefined variable $department_cond in C:\xampp\Desktop\mdcnpal\htdocs\public_html\core\app.php(565) : eval()'d code on line 219
[2026-07-06 17:05:14] Undefined variable $type_cond in C:\xampp\Desktop\mdcnpal\htdocs\public_html\core\app.php(565) : eval()'d code on line 219
[2026-07-06 17:05:14] Undefined variable $dieses_cond in C:\xampp\Desktop\mdcnpal\htdocs\public_html\core\app.php(565) : eval()'d code on line 219
[2026-07-06 17:05:14] Undefined variable $popular_pack_cond in C:\xampp\Desktop\mdcnpal\htdocs\public_html\core\app.php(565) : eval()'d code on line 219
[2026-07-06 17:05:15] Undefined variable $g_search_query in C:\xampp\Desktop\mdcnpal\htdocs\public_html\core\app.php(565) : eval()'d code on line 219
[2026-07-06 17:05:15] Undefined variable $department_cond in C:\xampp\Desktop\mdcnpal\htdocs\public_html\core\app.php(565) : eval()'d code on line 219
[2026-07-06 17:05:15] Undefined variable $type_cond in C:\xampp\Desktop\mdcnpal\htdocs\public_html\core\app.php(565) : eval()'d code on line 219
[2026-07-06 17:05:15] Undefined variable $dieses_cond in C:\xampp\Desktop\mdcnpal\htdocs\public_html\core\app.php(565) : eval()'d code on line 219
[2026-07-06 17:05:15] Undefined variable $popular_pack_cond in C:\xampp\Desktop\mdcnpal\htdocs\public_html\core\app.php(565) : eval()'d code on line 219
[2026-07-06 17:05:15] Undefined variable $g_search_query in C:\xampp\Desktop\mdcnpal\htdocs\public_html\core\app.php(565) : eval()'d code on line 219
[2026-07-06 17:05:15] Undefined variable $department_cond in C:\xampp\Desktop\mdcnpal\htdocs\public_html\core\app.php(565) : eval()'d code on line 219
[2026-07-06 17:05:15] Undefined variable $type_cond in C:\xampp\Desktop\mdcnpal\htdocs\public_html\core\app.php(565) : eval()'d code on line 219
[2026-07-06 17:05:15] Undefined variable $dieses_cond in C:\xampp\Desktop\mdcnpal\htdocs\public_html\core\app.php(565) : eval()'d code on line 219
[2026-07-06 17:05:15] Undefined variable $popular_pack_cond in C:\xampp\Desktop\mdcnpal\htdocs\public_html\core\app.php(565) : eval()'d code on line 219
[2026-07-06 17:05:15] Undefined property: app::$rs_customer in C:\xampp\Desktop\mdcnpal\htdocs\public_html\includes\footer.php on line 357
[2026-07-06 17:05:15] Trying to access array offset on value of type null in C:\xampp\Desktop\mdcnpal\htdocs\public_html\includes\footer.php on line 357
[2026-07-06 17:05:15] Undefined property: app::$rs_customer in C:\xampp\Desktop\mdcnpal\htdocs\public_html\includes\footer.php on line 366
[2026-07-06 17:05:15] Trying to access array offset on value of type null in C:\xampp\Desktop\mdcnpal\htdocs\public_html\includes\footer.php on line 366
[2026-07-06 17:05:15] Undefined property: app::$rs_customer in C:\xampp\Desktop\mdcnpal\htdocs\public_html\includes\footer.php on line 372
[2026-07-06 17:05:15] Trying to access array offset on value of type null in C:\xampp\Desktop\mdcnpal\htdocs\public_html\includes\footer.php on line 372
[2026-07-06 17:05:15] Undefined property: app::$rs_customer in C:\xampp\Desktop\mdcnpal\htdocs\public_html\includes\general_data.php on line 88
[2026-07-06 17:05:15] Trying to access array offset on value of type null in C:\xampp\Desktop\mdcnpal\htdocs\public_html\includes\general_data.php on line 88
[2026-07-06 17:05:15] Undefined array key "MDRCCustID" in C:\xampp\Desktop\mdcnpal\htdocs\public_html\includes\general_data.php on line 88
[2026-07-06 17:05:15] Undefined variable $tmpStr in C:\xampp\Desktop\mdcnpal\htdocs\public_html\core\app.php on line 971
[2026-07-06 17:05:17] Creation of dynamic property dbclass::$RECORD_SET is deprecated in C:\xampp\Desktop\mdcnpal\htdocs\public_html\core\dbclass.php on line 69
[2026-07-06 17:05:17] Creation of dynamic property dbclass::$app is deprecated in C:\xampp\Desktop\mdcnpal\htdocs\public_html\core\dbclass.php on line 75
[2026-07-06 17:05:17] Creation of dynamic property model::$foreign_tables is deprecated in C:\xampp\Desktop\mdcnpal\htdocs\public_html\core\model.php on line 43
[2026-07-06 17:05:17] Creation of dynamic property app::$inputfilter is deprecated in C:\xampp\Desktop\mdcnpal\htdocs\public_html\core\app.php on line 123
[2026-07-06 17:05:17] Creation of dynamic property app::$userconfig is deprecated in C:\xampp\Desktop\mdcnpal\htdocs\public_html\core\app.php on line 124
[2026-07-06 17:05:17] Creation of dynamic property app::$global_include is deprecated in C:\xampp\Desktop\mdcnpal\htdocs\public_html\core\app.php on line 125
[2026-07-06 17:05:17] Creation of dynamic property app::$set_cache_time is deprecated in C:\xampp\Desktop\mdcnpal\htdocs\public_html\core\app.php on line 153
[06-Jul-2026 17:05:17 Asia/Kathmandu] PHP Fatal error:  Array and string offset access syntax with curly braces is no longer supported in C:\xampp\Desktop\mdcnpal\htdocs\public_html\modules\JSON\class.JSON.php on line 156
[2026-07-06 17:05:26] Creation of dynamic property dbclass::$RECORD_SET is deprecated in C:\xampp\Desktop\mdcnpal\htdocs\public_html\core\dbclass.php on line 69
[2026-07-06 17:05:26] Creation of dynamic property dbclass::$app is deprecated in C:\xampp\Desktop\mdcnpal\htdocs\public_html\core\dbclass.php on line 75
[2026-07-06 17:05:26] Creation of dynamic property model::$foreign_tables is deprecated in C:\xampp\Desktop\mdcnpal\htdocs\public_html\core\model.php on line 43
[2026-07-06 17:05:26] Creation of dynamic property app::$inputfilter is deprecated in C:\xampp\Desktop\mdcnpal\htdocs\public_html\core\app.php on line 123
[2026-07-06 17:05:26] Creation of dynamic property app::$userconfig is deprecated in C:\xampp\Desktop\mdcnpal\htdocs\public_html\core\app.php on line 124
[2026-07-06 17:05:26] Creation of dynamic property app::$global_include is deprecated in C:\xampp\Desktop\mdcnpal\htdocs\public_html\core\app.php on line 125
[2026-07-06 17:05:26] Creation of dynamic property app::$set_cache_time is deprecated in C:\xampp\Desktop\mdcnpal\htdocs\public_html\core\app.php on line 153
[2026-07-06 17:05:26] Creation of dynamic property app::$meta is deprecated in C:\xampp\Desktop\mdcnpal\htdocs\public_html\core\app.php on line 434
[2026-07-06 17:05:26] Creation of dynamic property app::$rs_gs_city is deprecated in C:\xampp\Desktop\mdcnpal\htdocs\public_html\core\app.php on line 434
[2026-07-06 17:05:26] Creation of dynamic property app::$rs_footer_popular_item is deprecated in C:\xampp\Desktop\mdcnpal\htdocs\public_html\core\app.php on line 434
[2026-07-06 17:05:26] Creation of dynamic property app::$rs_footer_popular_test is deprecated in C:\xampp\Desktop\mdcnpal\htdocs\public_html\core\app.php on line 434
[2026-07-06 17:05:26] Creation of dynamic property app::$rs_testimonial is deprecated in C:\xampp\Desktop\mdcnpal\htdocs\public_html\core\app.php on line 434
[2026-07-06 17:05:26] Creation of dynamic property app::$admin is deprecated in C:\xampp\Desktop\mdcnpal\htdocs\public_html\core\app.php on line 434
[2026-07-06 17:05:26] Undefined array key 0 in C:\xampp\Desktop\mdcnpal\htdocs\public_html\core\global_include.php on line 514
[2026-07-06 17:05:26] Creation of dynamic property app::$popup is deprecated in C:\xampp\Desktop\mdcnpal\htdocs\public_html\core\app.php on line 434
[2026-07-06 17:05:26] Undefined array key "MDRCCustID" in C:\xampp\Desktop\mdcnpal\htdocs\public_html\core\global_include.php on line 515
[2026-07-06 17:05:26] Undefined array key "MDRCToken" in C:\xampp\Desktop\mdcnpal\htdocs\public_html\core\global_include.php on line 515
[2026-07-06 17:05:26] Creation of dynamic property app::$rscategory is deprecated in C:\xampp\Desktop\mdcnpal\htdocs\public_html\core\app.php on line 434
[2026-07-06 17:05:26] Creation of dynamic property app::$rs_pages is deprecated in C:\xampp\Desktop\mdcnpal\htdocs\public_html\core\app.php on line 434
[2026-07-06 17:05:26] Creation of dynamic property app::$gs is deprecated in C:\xampp\Desktop\mdcnpal\htdocs\public_html\core\app.php on line 434
[2026-07-06 17:05:26] Undefined array key "MDRCCustID" in C:\xampp\Desktop\mdcnpal\htdocs\public_html\core\global_include.php on line 596
[2026-07-06 17:05:26] Undefined array key "MDRCCustID" in C:\xampp\Desktop\mdcnpal\htdocs\public_html\core\global_include.php on line 615
[2026-07-06 17:05:26] Undefined variable $getId in C:\xampp\Desktop\mdcnpal\htdocs\public_html\core\global_include.php on line 684
[2026-07-06 17:05:26] Undefined variable $getName in C:\xampp\Desktop\mdcnpal\htdocs\public_html\core\global_include.php on line 685
[2026-07-06 17:05:26] Undefined array key 0 in C:\xampp\Desktop\mdcnpal\htdocs\public_html\core\global_include.php on line 810
[2026-07-06 17:05:26] Creation of dynamic property app::$rs_offer_msg is deprecated in C:\xampp\Desktop\mdcnpal\htdocs\public_html\core\app.php on line 434
[2026-07-06 17:05:26] Creation of dynamic property app::$rs_for_doctors is deprecated in C:\xampp\Desktop\mdcnpal\htdocs\public_html\core\app.php on line 434
[2026-07-06 17:05:26] Creation of dynamic property app::$description is deprecated in C:\xampp\Desktop\mdcnpal\htdocs\public_html\core\app.php on line 434
[2026-07-06 17:05:26] Creation of dynamic property app::$rs_banner is deprecated in C:\xampp\Desktop\mdcnpal\htdocs\public_html\core\app.php on line 434
[2026-07-06 17:05:26] Creation of dynamic property app::$rs_item_diseases is deprecated in C:\xampp\Desktop\mdcnpal\htdocs\public_html\core\app.php on line 434
[2026-07-06 17:05:26] Creation of dynamic property app::$rs_item_home_category is deprecated in C:\xampp\Desktop\mdcnpal\htdocs\public_html\core\app.php on line 434
[2026-07-06 17:05:26] Creation of dynamic property app::$rs_item_banner_category is deprecated in C:\xampp\Desktop\mdcnpal\htdocs\public_html\core\app.php on line 434
[2026-07-06 17:05:26] Creation of dynamic property app::$rs_services is deprecated in C:\xampp\Desktop\mdcnpal\htdocs\public_html\core\app.php on line 434
[2026-07-06 17:05:26] Creation of dynamic property app::$rs_blog is deprecated in C:\xampp\Desktop\mdcnpal\htdocs\public_html\core\app.php on line 434
[2026-07-06 17:05:26] Creation of dynamic property app::$rs_category is deprecated in C:\xampp\Desktop\mdcnpal\htdocs\public_html\core\app.php on line 434
[2026-07-06 17:05:26] Creation of dynamic property app::$rs_faq_data is deprecated in C:\xampp\Desktop\mdcnpal\htdocs\public_html\core\app.php on line 434
[2026-07-06 17:05:26] Creation of dynamic property app::$rs_gallery_data is deprecated in C:\xampp\Desktop\mdcnpal\htdocs\public_html\core\app.php on line 434
[2026-07-06 17:05:26] Undefined property: app::$rs_cartmini in C:\xampp\Desktop\mdcnpal\htdocs\public_html\includes\header.php on line 131
[2026-07-06 17:05:26] Undefined array key "MDRCCustID" in C:\xampp\Desktop\mdcnpal\htdocs\public_html\includes\header.php on line 134
[2026-07-06 17:05:26] Undefined property: app::$rs_cartmini in C:\xampp\Desktop\mdcnpal\htdocs\public_html\includes\header.php on line 197
[2026-07-06 17:05:26] Undefined array key "MDRCCustID" in C:\xampp\Desktop\mdcnpal\htdocs\public_html\includes\header.php on line 200
[2026-07-06 17:05:26] Undefined property: app::$rs_cartmini in C:\xampp\Desktop\mdcnpal\htdocs\public_html\includes\header.php on line 469
[2026-07-06 17:05:26] Undefined array key "MDRCCustID" in C:\xampp\Desktop\mdcnpal\htdocs\public_html\includes\header.php on line 472
[2026-07-06 17:05:26] Undefined property: app::$rs_cartmini in C:\xampp\Desktop\mdcnpal\htdocs\public_html\includes\header.php on line 525
[2026-07-06 17:05:26] Undefined array key "MDRCCustID" in C:\xampp\Desktop\mdcnpal\htdocs\public_html\includes\header.php on line 528
[2026-07-06 17:05:26] Undefined property: app::$rs_customer in C:\xampp\Desktop\mdcnpal\htdocs\public_html\includes\header.php on line 712
[2026-07-06 17:05:26] Trying to access array offset on value of type null in C:\xampp\Desktop\mdcnpal\htdocs\public_html\includes\header.php on line 712
[2026-07-06 17:05:26] Undefined property: app::$rs_customer in C:\xampp\Desktop\mdcnpal\htdocs\public_html\includes\header.php on line 721
[2026-07-06 17:05:26] Trying to access array offset on value of type null in C:\xampp\Desktop\mdcnpal\htdocs\public_html\includes\header.php on line 721
[2026-07-06 17:05:26] Undefined property: app::$rs_customer in C:\xampp\Desktop\mdcnpal\htdocs\public_html\includes\header.php on line 730
[2026-07-06 17:05:26] Trying to access array offset on value of type null in C:\xampp\Desktop\mdcnpal\htdocs\public_html\includes\header.php on line 730
[2026-07-06 17:05:26] Undefined property: app::$rs_customer in C:\xampp\Desktop\mdcnpal\htdocs\public_html\includes\header.php on line 739
[2026-07-06 17:05:26] Trying to access array offset on value of type null in C:\xampp\Desktop\mdcnpal\htdocs\public_html\includes\header.php on line 739
[2026-07-06 17:05:26] Undefined variable $g_search_query in C:\xampp\Desktop\mdcnpal\htdocs\public_html\core\app.php(565) : eval()'d code on line 219
[2026-07-06 17:05:26] Undefined variable $department_cond in C:\xampp\Desktop\mdcnpal\htdocs\public_html\core\app.php(565) : eval()'d code on line 219
[2026-07-06 17:05:26] Undefined variable $type_cond in C:\xampp\Desktop\mdcnpal\htdocs\public_html\core\app.php(565) : eval()'d code on line 219
[2026-07-06 17:05:26] Undefined variable $dieses_cond in C:\xampp\Desktop\mdcnpal\htdocs\public_html\core\app.php(565) : eval()'d code on line 219
[2026-07-06 17:05:26] Undefined variable $popular_pack_cond in C:\xampp\Desktop\mdcnpal\htdocs\public_html\core\app.php(565) : eval()'d code on line 219
[2026-07-06 17:05:26] Undefined variable $g_search_query in C:\xampp\Desktop\mdcnpal\htdocs\public_html\core\app.php(565) : eval()'d code on line 219
[2026-07-06 17:05:26] Undefined variable $department_cond in C:\xampp\Desktop\mdcnpal\htdocs\public_html\core\app.php(565) : eval()'d code on line 219
[2026-07-06 17:05:26] Undefined variable $type_cond in C:\xampp\Desktop\mdcnpal\htdocs\public_html\core\app.php(565) : eval()'d code on line 219
[2026-07-06 17:05:26] Undefined variable $dieses_cond in C:\xampp\Desktop\mdcnpal\htdocs\public_html\core\app.php(565) : eval()'d code on line 219
[2026-07-06 17:05:26] Undefined variable $popular_pack_cond in C:\xampp\Desktop\mdcnpal\htdocs\public_html\core\app.php(565) : eval()'d code on line 219
[2026-07-06 17:05:26] Undefined variable $g_search_query in C:\xampp\Desktop\mdcnpal\htdocs\public_html\core\app.php(565) : eval()'d code on line 219
[2026-07-06 17:05:26] Undefined variable $department_cond in C:\xampp\Desktop\mdcnpal\htdocs\public_html\core\app.php(565) : eval()'d code on line 219
[2026-07-06 17:05:26] Undefined variable $type_cond in C:\xampp\Desktop\mdcnpal\htdocs\public_html\core\app.php(565) : eval()'d code on line 219
[2026-07-06 17:05:26] Undefined variable $dieses_cond in C:\xampp\Desktop\mdcnpal\htdocs\public_html\core\app.php(565) : eval()'d code on line 219
[2026-07-06 17:05:26] Undefined variable $popular_pack_cond in C:\xampp\Desktop\mdcnpal\htdocs\public_html\core\app.php(565) : eval()'d code on line 219
[2026-07-06 17:05:27] Undefined variable $g_search_query in C:\xampp\Desktop\mdcnpal\htdocs\public_html\core\app.php(565) : eval()'d code on line 219
[2026-07-06 17:05:27] Undefined variable $department_cond in C:\xampp\Desktop\mdcnpal\htdocs\public_html\core\app.php(565) : eval()'d code on line 219
[2026-07-06 17:05:27] Undefined variable $type_cond in C:\xampp\Desktop\mdcnpal\htdocs\public_html\core\app.php(565) : eval()'d code on line 219
[2026-07-06 17:05:27] Undefined variable $dieses_cond in C:\xampp\Desktop\mdcnpal\htdocs\public_html\core\app.php(565) : eval()'d code on line 219
[2026-07-06 17:05:27] Undefined variable $popular_pack_cond in C:\xampp\Desktop\mdcnpal\htdocs\public_html\core\app.php(565) : eval()'d code on line 219
[2026-07-06 17:05:27] Undefined variable $g_search_query in C:\xampp\Desktop\mdcnpal\htdocs\public_html\core\app.php(565) : eval()'d code on line 219
[2026-07-06 17:05:27] Undefined variable $department_cond in C:\xampp\Desktop\mdcnpal\htdocs\public_html\core\app.php(565) : eval()'d code on line 219
[2026-07-06 17:05:27] Undefined variable $type_cond in C:\xampp\Desktop\mdcnpal\htdocs\public_html\core\app.php(565) : eval()'d code on line 219
[2026-07-06 17:05:27] Undefined variable $dieses_cond in C:\xampp\Desktop\mdcnpal\htdocs\public_html\core\app.php(565) : eval()'d code on line 219
[2026-07-06 17:05:27] Undefined variable $popular_pack_cond in C:\xampp\Desktop\mdcnpal\htdocs\public_html\core\app.php(565) : eval()'d code on line 219
[2026-07-06 17:05:27] Undefined property: app::$rs_customer in C:\xampp\Desktop\mdcnpal\htdocs\public_html\includes\footer.php on line 357
[2026-07-06 17:05:27] Trying to access array offset on value of type null in C:\xampp\Desktop\mdcnpal\htdocs\public_html\includes\footer.php on line 357
[2026-07-06 17:05:27] Undefined property: app::$rs_customer in C:\xampp\Desktop\mdcnpal\htdocs\public_html\includes\footer.php on line 366
[2026-07-06 17:05:27] Trying to access array offset on value of type null in C:\xampp\Desktop\mdcnpal\htdocs\public_html\includes\footer.php on line 366
[2026-07-06 17:05:27] Undefined property: app::$rs_customer in C:\xampp\Desktop\mdcnpal\htdocs\public_html\includes\footer.php on line 372
[2026-07-06 17:05:27] Trying to access array offset on value of type null in C:\xampp\Desktop\mdcnpal\htdocs\public_html\includes\footer.php on line 372
[2026-07-06 17:05:27] Undefined property: app::$rs_customer in C:\xampp\Desktop\mdcnpal\htdocs\public_html\includes\general_data.php on line 88
[2026-07-06 17:05:27] Trying to access array offset on value of type null in C:\xampp\Desktop\mdcnpal\htdocs\public_html\includes\general_data.php on line 88
[2026-07-06 17:05:27] Undefined array key "MDRCCustID" in C:\xampp\Desktop\mdcnpal\htdocs\public_html\includes\general_data.php on line 88
[2026-07-06 17:05:27] Undefined variable $tmpStr in C:\xampp\Desktop\mdcnpal\htdocs\public_html\core\app.php on line 971
[2026-07-06 17:05:30] Creation of dynamic property dbclass::$RECORD_SET is deprecated in C:\xampp\Desktop\mdcnpal\htdocs\public_html\core\dbclass.php on line 69
[2026-07-06 17:05:30] Creation of dynamic property dbclass::$app is deprecated in C:\xampp\Desktop\mdcnpal\htdocs\public_html\core\dbclass.php on line 75
[2026-07-06 17:05:30] Creation of dynamic property model::$foreign_tables is deprecated in C:\xampp\Desktop\mdcnpal\htdocs\public_html\core\model.php on line 43
[2026-07-06 17:05:30] Creation of dynamic property app::$inputfilter is deprecated in C:\xampp\Desktop\mdcnpal\htdocs\public_html\core\app.php on line 123
[2026-07-06 17:05:30] Creation of dynamic property app::$userconfig is deprecated in C:\xampp\Desktop\mdcnpal\htdocs\public_html\core\app.php on line 124
[2026-07-06 17:05:30] Creation of dynamic property app::$global_include is deprecated in C:\xampp\Desktop\mdcnpal\htdocs\public_html\core\app.php on line 125
[2026-07-06 17:05:30] Creation of dynamic property app::$set_cache_time is deprecated in C:\xampp\Desktop\mdcnpal\htdocs\public_html\core\app.php on line 153
[2026-07-06 17:05:30] Undefined array key "cityID" in C:\xampp\Desktop\mdcnpal\htdocs\public_html\core\global_include.php on line 381
[2026-07-06 17:05:30] Undefined array key "cityID" in C:\xampp\Desktop\mdcnpal\htdocs\public_html\core\global_include.php on line 416
[2026-07-06 17:05:30] Creation of dynamic property app::$meta is deprecated in C:\xampp\Desktop\mdcnpal\htdocs\public_html\core\app.php on line 434
[2026-07-06 17:05:30] Creation of dynamic property app::$rs_gs_city is deprecated in C:\xampp\Desktop\mdcnpal\htdocs\public_html\core\app.php on line 434
[2026-07-06 17:05:30] Undefined array key "cityID" in C:\xampp\Desktop\mdcnpal\htdocs\public_html\core\global_include.php on line 468
[2026-07-06 17:05:30] Creation of dynamic property app::$rs_footer_popular_item is deprecated in C:\xampp\Desktop\mdcnpal\htdocs\public_html\core\app.php on line 434
[2026-07-06 17:05:30] Creation of dynamic property app::$rs_footer_popular_test is deprecated in C:\xampp\Desktop\mdcnpal\htdocs\public_html\core\app.php on line 434
[2026-07-06 17:05:30] Creation of dynamic property app::$rs_testimonial is deprecated in C:\xampp\Desktop\mdcnpal\htdocs\public_html\core\app.php on line 434
[2026-07-06 17:05:30] Creation of dynamic property app::$admin is deprecated in C:\xampp\Desktop\mdcnpal\htdocs\public_html\core\app.php on line 434
[2026-07-06 17:05:30] Undefined array key 0 in C:\xampp\Desktop\mdcnpal\htdocs\public_html\core\global_include.php on line 514
[2026-07-06 17:05:30] Creation of dynamic property app::$popup is deprecated in C:\xampp\Desktop\mdcnpal\htdocs\public_html\core\app.php on line 434
[2026-07-06 17:05:30] Undefined array key "MDRCCustID" in C:\xampp\Desktop\mdcnpal\htdocs\public_html\core\global_include.php on line 515
[2026-07-06 17:05:30] Undefined array key "MDRCToken" in C:\xampp\Desktop\mdcnpal\htdocs\public_html\core\global_include.php on line 515
[2026-07-06 17:05:30] Creation of dynamic property app::$rscategory is deprecated in C:\xampp\Desktop\mdcnpal\htdocs\public_html\core\app.php on line 434
[2026-07-06 17:05:30] Creation of dynamic property app::$rs_pages is deprecated in C:\xampp\Desktop\mdcnpal\htdocs\public_html\core\app.php on line 434
[2026-07-06 17:05:30] Creation of dynamic property app::$gs is deprecated in C:\xampp\Desktop\mdcnpal\htdocs\public_html\core\app.php on line 434
[2026-07-06 17:05:30] Undefined array key "MDRCCustID" in C:\xampp\Desktop\mdcnpal\htdocs\public_html\core\global_include.php on line 596
[2026-07-06 17:05:30] Undefined array key "MDRCCustID" in C:\xampp\Desktop\mdcnpal\htdocs\public_html\core\global_include.php on line 615
[2026-07-06 17:05:30] Undefined variable $getId in C:\xampp\Desktop\mdcnpal\htdocs\public_html\core\global_include.php on line 684
[2026-07-06 17:05:30] Undefined variable $getName in C:\xampp\Desktop\mdcnpal\htdocs\public_html\core\global_include.php on line 685
[2026-07-06 17:05:31] Undefined array key 0 in C:\xampp\Desktop\mdcnpal\htdocs\public_html\core\global_include.php on line 810
[2026-07-06 17:05:31] Creation of dynamic property app::$rs_offer_msg is deprecated in C:\xampp\Desktop\mdcnpal\htdocs\public_html\core\app.php on line 434
[2026-07-06 17:05:31] Creation of dynamic property app::$rs_for_doctors is deprecated in C:\xampp\Desktop\mdcnpal\htdocs\public_html\core\app.php on line 434
[2026-07-06 17:05:31] Creation of dynamic property app::$description is deprecated in C:\xampp\Desktop\mdcnpal\htdocs\public_html\core\app.php on line 434
[2026-07-06 17:05:31] Creation of dynamic property app::$rs_banner is deprecated in C:\xampp\Desktop\mdcnpal\htdocs\public_html\core\app.php on line 434
[2026-07-06 17:05:31] Creation of dynamic property app::$rs_item_diseases is deprecated in C:\xampp\Desktop\mdcnpal\htdocs\public_html\core\app.php on line 434
[2026-07-06 17:05:31] Creation of dynamic property app::$rs_item_home_category is deprecated in C:\xampp\Desktop\mdcnpal\htdocs\public_html\core\app.php on line 434
[2026-07-06 17:05:31] Creation of dynamic property app::$rs_item_banner_category is deprecated in C:\xampp\Desktop\mdcnpal\htdocs\public_html\core\app.php on line 434
[2026-07-06 17:05:31] Creation of dynamic property app::$rs_services is deprecated in C:\xampp\Desktop\mdcnpal\htdocs\public_html\core\app.php on line 434
[2026-07-06 17:05:31] Creation of dynamic property app::$rs_blog is deprecated in C:\xampp\Desktop\mdcnpal\htdocs\public_html\core\app.php on line 434
[2026-07-06 17:05:31] Creation of dynamic property app::$rs_category is deprecated in C:\xampp\Desktop\mdcnpal\htdocs\public_html\core\app.php on line 434
[2026-07-06 17:05:31] Creation of dynamic property app::$rs_faq_data is deprecated in C:\xampp\Desktop\mdcnpal\htdocs\public_html\core\app.php on line 434
[2026-07-06 17:05:31] Creation of dynamic property app::$rs_gallery_data is deprecated in C:\xampp\Desktop\mdcnpal\htdocs\public_html\core\app.php on line 434
[2026-07-06 17:05:31] Undefined array key "tempCityID" in C:\xampp\Desktop\mdcnpal\htdocs\public_html\includes\header.php on line 5
[2026-07-06 17:05:31] Undefined array key "items" in C:\xampp\Desktop\mdcnpal\htdocs\public_html\includes\header.php on line 16
[2026-07-06 17:05:31] Undefined array key "item_category" in C:\xampp\Desktop\mdcnpal\htdocs\public_html\includes\header.php on line 26
[2026-07-06 17:05:31] Undefined array key "item_diseases" in C:\xampp\Desktop\mdcnpal\htdocs\public_html\includes\header.php on line 33
[2026-07-06 17:05:31] Undefined property: app::$rs_cartmini in C:\xampp\Desktop\mdcnpal\htdocs\public_html\includes\header.php on line 131
[2026-07-06 17:05:31] Undefined array key "MDRCCustID" in C:\xampp\Desktop\mdcnpal\htdocs\public_html\includes\header.php on line 134
[2026-07-06 17:05:31] Undefined property: app::$rs_cartmini in C:\xampp\Desktop\mdcnpal\htdocs\public_html\includes\header.php on line 197
[2026-07-06 17:05:31] Undefined array key "MDRCCustID" in C:\xampp\Desktop\mdcnpal\htdocs\public_html\includes\header.php on line 200
[2026-07-06 17:05:31] Undefined property: app::$rs_cartmini in C:\xampp\Desktop\mdcnpal\htdocs\public_html\includes\header.php on line 469
[2026-07-06 17:05:31] Undefined array key "MDRCCustID" in C:\xampp\Desktop\mdcnpal\htdocs\public_html\includes\header.php on line 472
[2026-07-06 17:05:31] Undefined property: app::$rs_cartmini in C:\xampp\Desktop\mdcnpal\htdocs\public_html\includes\header.php on line 525
[2026-07-06 17:05:31] Undefined array key "MDRCCustID" in C:\xampp\Desktop\mdcnpal\htdocs\public_html\includes\header.php on line 528
[2026-07-06 17:05:31] Undefined property: app::$rs_customer in C:\xampp\Desktop\mdcnpal\htdocs\public_html\includes\header.php on line 712
[2026-07-06 17:05:31] Trying to access array offset on value of type null in C:\xampp\Desktop\mdcnpal\htdocs\public_html\includes\header.php on line 712
[2026-07-06 17:05:31] Undefined property: app::$rs_customer in C:\xampp\Desktop\mdcnpal\htdocs\public_html\includes\header.php on line 721
[2026-07-06 17:05:31] Trying to access array offset on value of type null in C:\xampp\Desktop\mdcnpal\htdocs\public_html\includes\header.php on line 721
[2026-07-06 17:05:31] Undefined property: app::$rs_customer in C:\xampp\Desktop\mdcnpal\htdocs\public_html\includes\header.php on line 730
[2026-07-06 17:05:31] Trying to access array offset on value of type null in C:\xampp\Desktop\mdcnpal\htdocs\public_html\includes\header.php on line 730
[2026-07-06 17:05:31] Undefined property: app::$rs_customer in C:\xampp\Desktop\mdcnpal\htdocs\public_html\includes\header.php on line 739
[2026-07-06 17:05:31] Trying to access array offset on value of type null in C:\xampp\Desktop\mdcnpal\htdocs\public_html\includes\header.php on line 739
[2026-07-06 17:05:31] Undefined variable $g_search_query in C:\xampp\Desktop\mdcnpal\htdocs\public_html\core\app.php(565) : eval()'d code on line 219
[2026-07-06 17:05:31] Undefined variable $department_cond in C:\xampp\Desktop\mdcnpal\htdocs\public_html\core\app.php(565) : eval()'d code on line 219
[2026-07-06 17:05:31] Undefined variable $type_cond in C:\xampp\Desktop\mdcnpal\htdocs\public_html\core\app.php(565) : eval()'d code on line 219
[2026-07-06 17:05:31] Undefined variable $dieses_cond in C:\xampp\Desktop\mdcnpal\htdocs\public_html\core\app.php(565) : eval()'d code on line 219
[2026-07-06 17:05:31] Undefined variable $popular_pack_cond in C:\xampp\Desktop\mdcnpal\htdocs\public_html\core\app.php(565) : eval()'d code on line 219
[2026-07-06 17:05:31] Undefined variable $g_search_query in C:\xampp\Desktop\mdcnpal\htdocs\public_html\core\app.php(565) : eval()'d code on line 219
[2026-07-06 17:05:31] Undefined variable $department_cond in C:\xampp\Desktop\mdcnpal\htdocs\public_html\core\app.php(565) : eval()'d code on line 219
[2026-07-06 17:05:31] Undefined variable $type_cond in C:\xampp\Desktop\mdcnpal\htdocs\public_html\core\app.php(565) : eval()'d code on line 219
[2026-07-06 17:05:31] Undefined variable $dieses_cond in C:\xampp\Desktop\mdcnpal\htdocs\public_html\core\app.php(565) : eval()'d code on line 219
[2026-07-06 17:05:31] Undefined variable $popular_pack_cond in C:\xampp\Desktop\mdcnpal\htdocs\public_html\core\app.php(565) : eval()'d code on line 219
[2026-07-06 17:05:31] Undefined variable $g_search_query in C:\xampp\Desktop\mdcnpal\htdocs\public_html\core\app.php(565) : eval()'d code on line 219
[2026-07-06 17:05:31] Undefined variable $department_cond in C:\xampp\Desktop\mdcnpal\htdocs\public_html\core\app.php(565) : eval()'d code on line 219
[2026-07-06 17:05:31] Undefined variable $type_cond in C:\xampp\Desktop\mdcnpal\htdocs\public_html\core\app.php(565) : eval()'d code on line 219
[2026-07-06 17:05:31] Undefined variable $dieses_cond in C:\xampp\Desktop\mdcnpal\htdocs\public_html\core\app.php(565) : eval()'d code on line 219
[2026-07-06 17:05:31] Undefined variable $popular_pack_cond in C:\xampp\Desktop\mdcnpal\htdocs\public_html\core\app.php(565) : eval()'d code on line 219
[2026-07-06 17:05:31] Undefined variable $g_search_query in C:\xampp\Desktop\mdcnpal\htdocs\public_html\core\app.php(565) : eval()'d code on line 219
[2026-07-06 17:05:31] Undefined variable $department_cond in C:\xampp\Desktop\mdcnpal\htdocs\public_html\core\app.php(565) : eval()'d code on line 219
[2026-07-06 17:05:31] Undefined variable $type_cond in C:\xampp\Desktop\mdcnpal\htdocs\public_html\core\app.php(565) : eval()'d code on line 219
[2026-07-06 17:05:31] Undefined variable $dieses_cond in C:\xampp\Desktop\mdcnpal\htdocs\public_html\core\app.php(565) : eval()'d code on line 219
[2026-07-06 17:05:31] Undefined variable $popular_pack_cond in C:\xampp\Desktop\mdcnpal\htdocs\public_html\core\app.php(565) : eval()'d code on line 219
[2026-07-06 17:05:31] Undefined variable $g_search_query in C:\xampp\Desktop\mdcnpal\htdocs\public_html\core\app.php(565) : eval()'d code on line 219
[2026-07-06 17:05:31] Undefined variable $department_cond in C:\xampp\Desktop\mdcnpal\htdocs\public_html\core\app.php(565) : eval()'d code on line 219
[2026-07-06 17:05:31] Undefined variable $type_cond in C:\xampp\Desktop\mdcnpal\htdocs\public_html\core\app.php(565) : eval()'d code on line 219
[2026-07-06 17:05:31] Undefined variable $dieses_cond in C:\xampp\Desktop\mdcnpal\htdocs\public_html\core\app.php(565) : eval()'d code on line 219
[2026-07-06 17:05:31] Undefined variable $popular_pack_cond in C:\xampp\Desktop\mdcnpal\htdocs\public_html\core\app.php(565) : eval()'d code on line 219
[2026-07-06 17:05:31] Undefined property: app::$rs_customer in C:\xampp\Desktop\mdcnpal\htdocs\public_html\includes\footer.php on line 357
[2026-07-06 17:05:31] Trying to access array offset on value of type null in C:\xampp\Desktop\mdcnpal\htdocs\public_html\includes\footer.php on line 357
[2026-07-06 17:05:31] Undefined property: app::$rs_customer in C:\xampp\Desktop\mdcnpal\htdocs\public_html\includes\footer.php on line 366
[2026-07-06 17:05:31] Trying to access array offset on value of type null in C:\xampp\Desktop\mdcnpal\htdocs\public_html\includes\footer.php on line 366
[2026-07-06 17:05:31] Undefined property: app::$rs_customer in C:\xampp\Desktop\mdcnpal\htdocs\public_html\includes\footer.php on line 372
[2026-07-06 17:05:31] Trying to access array offset on value of type null in C:\xampp\Desktop\mdcnpal\htdocs\public_html\includes\footer.php on line 372
[2026-07-06 17:05:31] Undefined property: app::$rs_customer in C:\xampp\Desktop\mdcnpal\htdocs\public_html\includes\general_data.php on line 88
[2026-07-06 17:05:31] Trying to access array offset on value of type null in C:\xampp\Desktop\mdcnpal\htdocs\public_html\includes\general_data.php on line 88
[2026-07-06 17:05:31] Undefined array key "MDRCCustID" in C:\xampp\Desktop\mdcnpal\htdocs\public_html\includes\general_data.php on line 88
[2026-07-06 17:05:31] Undefined variable $tmpStr in C:\xampp\Desktop\mdcnpal\htdocs\public_html\core\app.php on line 971
[2026-07-06 17:06:31] Creation of dynamic property dbclass::$RECORD_SET is deprecated in C:\xampp\Desktop\mdcnpal\htdocs\public_html\core\dbclass.php on line 69
[2026-07-06 17:06:31] Creation of dynamic property dbclass::$app is deprecated in C:\xampp\Desktop\mdcnpal\htdocs\public_html\core\dbclass.php on line 75
[2026-07-06 17:06:31] Creation of dynamic property model::$foreign_tables is deprecated in C:\xampp\Desktop\mdcnpal\htdocs\public_html\core\model.php on line 43
[2026-07-06 17:06:31] Creation of dynamic property app::$inputfilter is deprecated in C:\xampp\Desktop\mdcnpal\htdocs\public_html\core\app.php on line 123
[2026-07-06 17:06:31] Creation of dynamic property app::$userconfig is deprecated in C:\xampp\Desktop\mdcnpal\htdocs\public_html\core\app.php on line 124
[2026-07-06 17:06:31] Creation of dynamic property app::$global_include is deprecated in C:\xampp\Desktop\mdcnpal\htdocs\public_html\core\app.php on line 125
[2026-07-06 17:06:31] Creation of dynamic property app::$set_cache_time is deprecated in C:\xampp\Desktop\mdcnpal\htdocs\public_html\core\app.php on line 153
[06-Jul-2026 17:06:31 Asia/Kathmandu] PHP Fatal error:  Array and string offset access syntax with curly braces is no longer supported in C:\xampp\Desktop\mdcnpal\htdocs\public_html\modules\JSON\class.JSON.php on line 156
[2026-07-06 17:06:31] Creation of dynamic property dbclass::$RECORD_SET is deprecated in C:\xampp\Desktop\mdcnpal\htdocs\public_html\core\dbclass.php on line 69
[2026-07-06 17:06:31] Creation of dynamic property dbclass::$app is deprecated in C:\xampp\Desktop\mdcnpal\htdocs\public_html\core\dbclass.php on line 75
[2026-07-06 17:06:31] Creation of dynamic property model::$foreign_tables is deprecated in C:\xampp\Desktop\mdcnpal\htdocs\public_html\core\model.php on line 43
[2026-07-06 17:06:31] Creation of dynamic property app::$inputfilter is deprecated in C:\xampp\Desktop\mdcnpal\htdocs\public_html\core\app.php on line 123
[2026-07-06 17:06:31] Creation of dynamic property app::$userconfig is deprecated in C:\xampp\Desktop\mdcnpal\htdocs\public_html\core\app.php on line 124
[2026-07-06 17:06:31] Creation of dynamic property app::$global_include is deprecated in C:\xampp\Desktop\mdcnpal\htdocs\public_html\core\app.php on line 125
[2026-07-06 17:06:31] Creation of dynamic property app::$set_cache_time is deprecated in C:\xampp\Desktop\mdcnpal\htdocs\public_html\core\app.php on line 153
[06-Jul-2026 17:06:31 Asia/Kathmandu] PHP Fatal error:  Array and string offset access syntax with curly braces is no longer supported in C:\xampp\Desktop\mdcnpal\htdocs\public_html\modules\JSON\class.JSON.php on line 156
[2026-07-06 17:06:33] Creation of dynamic property dbclass::$RECORD_SET is deprecated in C:\xampp\Desktop\mdcnpal\htdocs\public_html\core\dbclass.php on line 69
[2026-07-06 17:06:33] Creation of dynamic property dbclass::$app is deprecated in C:\xampp\Desktop\mdcnpal\htdocs\public_html\core\dbclass.php on line 75
[2026-07-06 17:06:33] Creation of dynamic property model::$foreign_tables is deprecated in C:\xampp\Desktop\mdcnpal\htdocs\public_html\core\model.php on line 43
[2026-07-06 17:06:33] Creation of dynamic property app::$inputfilter is deprecated in C:\xampp\Desktop\mdcnpal\htdocs\public_html\core\app.php on line 123
[2026-07-06 17:06:33] Creation of dynamic property app::$userconfig is deprecated in C:\xampp\Desktop\mdcnpal\htdocs\public_html\core\app.php on line 124
[2026-07-06 17:06:33] Creation of dynamic property app::$global_include is deprecated in C:\xampp\Desktop\mdcnpal\htdocs\public_html\core\app.php on line 125
[2026-07-06 17:06:33] Creation of dynamic property app::$set_cache_time is deprecated in C:\xampp\Desktop\mdcnpal\htdocs\public_html\core\app.php on line 153
[06-Jul-2026 17:06:33 Asia/Kathmandu] PHP Fatal error:  Array and string offset access syntax with curly braces is no longer supported in C:\xampp\Desktop\mdcnpal\htdocs\public_html\modules\JSON\class.JSON.php on line 156
[2026-07-06 17:06:41] Creation of dynamic property dbclass::$RECORD_SET is deprecated in C:\xampp\Desktop\mdcnpal\htdocs\public_html\core\dbclass.php on line 69
[2026-07-06 17:06:41] Creation of dynamic property dbclass::$app is deprecated in C:\xampp\Desktop\mdcnpal\htdocs\public_html\core\dbclass.php on line 75
[2026-07-06 17:06:41] Creation of dynamic property model::$foreign_tables is deprecated in C:\xampp\Desktop\mdcnpal\htdocs\public_html\core\model.php on line 43
[2026-07-06 17:06:41] Creation of dynamic property app::$inputfilter is deprecated in C:\xampp\Desktop\mdcnpal\htdocs\public_html\core\app.php on line 123
[2026-07-06 17:06:41] Creation of dynamic property app::$userconfig is deprecated in C:\xampp\Desktop\mdcnpal\htdocs\public_html\core\app.php on line 124
[2026-07-06 17:06:41] Creation of dynamic property app::$global_include is deprecated in C:\xampp\Desktop\mdcnpal\htdocs\public_html\core\app.php on line 125
[2026-07-06 17:06:41] Creation of dynamic property app::$set_cache_time is deprecated in C:\xampp\Desktop\mdcnpal\htdocs\public_html\core\app.php on line 153
[2026-07-06 17:06:41] Creation of dynamic property app::$meta is deprecated in C:\xampp\Desktop\mdcnpal\htdocs\public_html\core\app.php on line 434
[2026-07-06 17:06:41] Creation of dynamic property app::$rs_gs_city is deprecated in C:\xampp\Desktop\mdcnpal\htdocs\public_html\core\app.php on line 434
[2026-07-06 17:06:41] Creation of dynamic property app::$rs_footer_popular_item is deprecated in C:\xampp\Desktop\mdcnpal\htdocs\public_html\core\app.php on line 434
[2026-07-06 17:06:41] Creation of dynamic property app::$rs_footer_popular_test is deprecated in C:\xampp\Desktop\mdcnpal\htdocs\public_html\core\app.php on line 434
[2026-07-06 17:06:41] Creation of dynamic property app::$rs_testimonial is deprecated in C:\xampp\Desktop\mdcnpal\htdocs\public_html\core\app.php on line 434
[2026-07-06 17:06:41] Creation of dynamic property app::$admin is deprecated in C:\xampp\Desktop\mdcnpal\htdocs\public_html\core\app.php on line 434
[2026-07-06 17:06:41] Undefined array key 0 in C:\xampp\Desktop\mdcnpal\htdocs\public_html\core\global_include.php on line 514
[2026-07-06 17:06:41] Creation of dynamic property app::$popup is deprecated in C:\xampp\Desktop\mdcnpal\htdocs\public_html\core\app.php on line 434
[2026-07-06 17:06:41] Undefined array key "MDRCCustID" in C:\xampp\Desktop\mdcnpal\htdocs\public_html\core\global_include.php on line 515
[2026-07-06 17:06:41] Undefined array key "MDRCToken" in C:\xampp\Desktop\mdcnpal\htdocs\public_html\core\global_include.php on line 515
[2026-07-06 17:06:41] Creation of dynamic property app::$rscategory is deprecated in C:\xampp\Desktop\mdcnpal\htdocs\public_html\core\app.php on line 434
[2026-07-06 17:06:41] Creation of dynamic property app::$rs_pages is deprecated in C:\xampp\Desktop\mdcnpal\htdocs\public_html\core\app.php on line 434
[2026-07-06 17:06:41] Creation of dynamic property app::$gs is deprecated in C:\xampp\Desktop\mdcnpal\htdocs\public_html\core\app.php on line 434
[2026-07-06 17:06:41] Undefined array key "MDRCCustID" in C:\xampp\Desktop\mdcnpal\htdocs\public_html\core\global_include.php on line 596
[2026-07-06 17:06:41] Undefined array key "MDRCCustID" in C:\xampp\Desktop\mdcnpal\htdocs\public_html\core\global_include.php on line 615
[2026-07-06 17:06:41] Undefined variable $getId in C:\xampp\Desktop\mdcnpal\htdocs\public_html\core\global_include.php on line 684
[2026-07-06 17:06:41] Undefined variable $getName in C:\xampp\Desktop\mdcnpal\htdocs\public_html\core\global_include.php on line 685
[2026-07-06 17:06:41] Undefined array key 0 in C:\xampp\Desktop\mdcnpal\htdocs\public_html\core\global_include.php on line 810
[2026-07-06 17:06:41] Creation of dynamic property app::$rs_offer_msg is deprecated in C:\xampp\Desktop\mdcnpal\htdocs\public_html\core\app.php on line 434
[2026-07-06 17:06:41] Creation of dynamic property app::$rs_for_doctors is deprecated in C:\xampp\Desktop\mdcnpal\htdocs\public_html\core\app.php on line 434
[2026-07-06 17:06:41] Creation of dynamic property app::$description is deprecated in C:\xampp\Desktop\mdcnpal\htdocs\public_html\core\app.php on line 434
[2026-07-06 17:06:41] Creation of dynamic property app::$rs_banner is deprecated in C:\xampp\Desktop\mdcnpal\htdocs\public_html\core\app.php on line 434
[2026-07-06 17:06:41] Creation of dynamic property app::$rs_item_diseases is deprecated in C:\xampp\Desktop\mdcnpal\htdocs\public_html\core\app.php on line 434
[2026-07-06 17:06:41] Creation of dynamic property app::$rs_item_home_category is deprecated in C:\xampp\Desktop\mdcnpal\htdocs\public_html\core\app.php on line 434
[2026-07-06 17:06:41] Creation of dynamic property app::$rs_item_banner_category is deprecated in C:\xampp\Desktop\mdcnpal\htdocs\public_html\core\app.php on line 434
[2026-07-06 17:06:41] Creation of dynamic property app::$rs_services is deprecated in C:\xampp\Desktop\mdcnpal\htdocs\public_html\core\app.php on line 434
[2026-07-06 17:06:41] Creation of dynamic property app::$rs_blog is deprecated in C:\xampp\Desktop\mdcnpal\htdocs\public_html\core\app.php on line 434
[2026-07-06 17:06:41] Creation of dynamic property app::$rs_category is deprecated in C:\xampp\Desktop\mdcnpal\htdocs\public_html\core\app.php on line 434
[2026-07-06 17:06:41] Creation of dynamic property app::$rs_faq_data is deprecated in C:\xampp\Desktop\mdcnpal\htdocs\public_html\core\app.php on line 434
[2026-07-06 17:06:41] Creation of dynamic property app::$rs_gallery_data is deprecated in C:\xampp\Desktop\mdcnpal\htdocs\public_html\core\app.php on line 434
[2026-07-06 17:06:41] Undefined property: app::$rs_cartmini in C:\xampp\Desktop\mdcnpal\htdocs\public_html\includes\header.php on line 131
[2026-07-06 17:06:41] Undefined array key "MDRCCustID" in C:\xampp\Desktop\mdcnpal\htdocs\public_html\includes\header.php on line 134
[2026-07-06 17:06:41] Undefined property: app::$rs_cartmini in C:\xampp\Desktop\mdcnpal\htdocs\public_html\includes\header.php on line 197
[2026-07-06 17:06:41] Undefined array key "MDRCCustID" in C:\xampp\Desktop\mdcnpal\htdocs\public_html\includes\header.php on line 200
[2026-07-06 17:06:41] Undefined property: app::$rs_cartmini in C:\xampp\Desktop\mdcnpal\htdocs\public_html\includes\header.php on line 469
[2026-07-06 17:06:41] Undefined array key "MDRCCustID" in C:\xampp\Desktop\mdcnpal\htdocs\public_html\includes\header.php on line 472
[2026-07-06 17:06:41] Undefined property: app::$rs_cartmini in C:\xampp\Desktop\mdcnpal\htdocs\public_html\includes\header.php on line 525
[2026-07-06 17:06:41] Undefined array key "MDRCCustID" in C:\xampp\Desktop\mdcnpal\htdocs\public_html\includes\header.php on line 528
[2026-07-06 17:06:41] Undefined property: app::$rs_customer in C:\xampp\Desktop\mdcnpal\htdocs\public_html\includes\header.php on line 712
[2026-07-06 17:06:41] Trying to access array offset on value of type null in C:\xampp\Desktop\mdcnpal\htdocs\public_html\includes\header.php on line 712
[2026-07-06 17:06:41] Undefined property: app::$rs_customer in C:\xampp\Desktop\mdcnpal\htdocs\public_html\includes\header.php on line 721
[2026-07-06 17:06:41] Trying to access array offset on value of type null in C:\xampp\Desktop\mdcnpal\htdocs\public_html\includes\header.php on line 721
[2026-07-06 17:06:41] Undefined property: app::$rs_customer in C:\xampp\Desktop\mdcnpal\htdocs\public_html\includes\header.php on line 730
[2026-07-06 17:06:41] Trying to access array offset on value of type null in C:\xampp\Desktop\mdcnpal\htdocs\public_html\includes\header.php on line 730
[2026-07-06 17:06:41] Undefined property: app::$rs_customer in C:\xampp\Desktop\mdcnpal\htdocs\public_html\includes\header.php on line 739
[2026-07-06 17:06:41] Trying to access array offset on value of type null in C:\xampp\Desktop\mdcnpal\htdocs\public_html\includes\header.php on line 739
[2026-07-06 17:06:41] Undefined variable $g_search_query in C:\xampp\Desktop\mdcnpal\htdocs\public_html\core\app.php(565) : eval()'d code on line 219
[2026-07-06 17:06:41] Undefined variable $department_cond in C:\xampp\Desktop\mdcnpal\htdocs\public_html\core\app.php(565) : eval()'d code on line 219
[2026-07-06 17:06:41] Undefined variable $type_cond in C:\xampp\Desktop\mdcnpal\htdocs\public_html\core\app.php(565) : eval()'d code on line 219
[2026-07-06 17:06:41] Undefined variable $dieses_cond in C:\xampp\Desktop\mdcnpal\htdocs\public_html\core\app.php(565) : eval()'d code on line 219
[2026-07-06 17:06:41] Undefined variable $popular_pack_cond in C:\xampp\Desktop\mdcnpal\htdocs\public_html\core\app.php(565) : eval()'d code on line 219
[2026-07-06 17:06:42] Undefined variable $g_search_query in C:\xampp\Desktop\mdcnpal\htdocs\public_html\core\app.php(565) : eval()'d code on line 219
[2026-07-06 17:06:42] Undefined variable $department_cond in C:\xampp\Desktop\mdcnpal\htdocs\public_html\core\app.php(565) : eval()'d code on line 219
[2026-07-06 17:06:42] Undefined variable $type_cond in C:\xampp\Desktop\mdcnpal\htdocs\public_html\core\app.php(565) : eval()'d code on line 219
[2026-07-06 17:06:42] Undefined variable $dieses_cond in C:\xampp\Desktop\mdcnpal\htdocs\public_html\core\app.php(565) : eval()'d code on line 219
[2026-07-06 17:06:42] Undefined variable $popular_pack_cond in C:\xampp\Desktop\mdcnpal\htdocs\public_html\core\app.php(565) : eval()'d code on line 219
[2026-07-06 17:06:42] Undefined variable $g_search_query in C:\xampp\Desktop\mdcnpal\htdocs\public_html\core\app.php(565) : eval()'d code on line 219
[2026-07-06 17:06:42] Undefined variable $department_cond in C:\xampp\Desktop\mdcnpal\htdocs\public_html\core\app.php(565) : eval()'d code on line 219
[2026-07-06 17:06:42] Undefined variable $type_cond in C:\xampp\Desktop\mdcnpal\htdocs\public_html\core\app.php(565) : eval()'d code on line 219
[2026-07-06 17:06:42] Undefined variable $dieses_cond in C:\xampp\Desktop\mdcnpal\htdocs\public_html\core\app.php(565) : eval()'d code on line 219
[2026-07-06 17:06:42] Undefined variable $popular_pack_cond in C:\xampp\Desktop\mdcnpal\htdocs\public_html\core\app.php(565) : eval()'d code on line 219
[2026-07-06 17:06:42] Undefined variable $g_search_query in C:\xampp\Desktop\mdcnpal\htdocs\public_html\core\app.php(565) : eval()'d code on line 219
[2026-07-06 17:06:42] Undefined variable $department_cond in C:\xampp\Desktop\mdcnpal\htdocs\public_html\core\app.php(565) : eval()'d code on line 219
[2026-07-06 17:06:42] Undefined variable $type_cond in C:\xampp\Desktop\mdcnpal\htdocs\public_html\core\app.php(565) : eval()'d code on line 219
[2026-07-06 17:06:42] Undefined variable $dieses_cond in C:\xampp\Desktop\mdcnpal\htdocs\public_html\core\app.php(565) : eval()'d code on line 219
[2026-07-06 17:06:42] Undefined variable $popular_pack_cond in C:\xampp\Desktop\mdcnpal\htdocs\public_html\core\app.php(565) : eval()'d code on line 219
[2026-07-06 17:06:42] Undefined variable $g_search_query in C:\xampp\Desktop\mdcnpal\htdocs\public_html\core\app.php(565) : eval()'d code on line 219
[2026-07-06 17:06:42] Undefined variable $department_cond in C:\xampp\Desktop\mdcnpal\htdocs\public_html\core\app.php(565) : eval()'d code on line 219
[2026-07-06 17:06:42] Undefined variable $type_cond in C:\xampp\Desktop\mdcnpal\htdocs\public_html\core\app.php(565) : eval()'d code on line 219
[2026-07-06 17:06:42] Undefined variable $dieses_cond in C:\xampp\Desktop\mdcnpal\htdocs\public_html\core\app.php(565) : eval()'d code on line 219
[2026-07-06 17:06:42] Undefined variable $popular_pack_cond in C:\xampp\Desktop\mdcnpal\htdocs\public_html\core\app.php(565) : eval()'d code on line 219
[2026-07-06 17:06:42] Undefined property: app::$rs_customer in C:\xampp\Desktop\mdcnpal\htdocs\public_html\includes\footer.php on line 357
[2026-07-06 17:06:42] Trying to access array offset on value of type null in C:\xampp\Desktop\mdcnpal\htdocs\public_html\includes\footer.php on line 357
[2026-07-06 17:06:42] Undefined property: app::$rs_customer in C:\xampp\Desktop\mdcnpal\htdocs\public_html\includes\footer.php on line 366
[2026-07-06 17:06:42] Trying to access array offset on value of type null in C:\xampp\Desktop\mdcnpal\htdocs\public_html\includes\footer.php on line 366
[2026-07-06 17:06:42] Undefined property: app::$rs_customer in C:\xampp\Desktop\mdcnpal\htdocs\public_html\includes\footer.php on line 372
[2026-07-06 17:06:42] Trying to access array offset on value of type null in C:\xampp\Desktop\mdcnpal\htdocs\public_html\includes\footer.php on line 372
[2026-07-06 17:06:42] Undefined property: app::$rs_customer in C:\xampp\Desktop\mdcnpal\htdocs\public_html\includes\general_data.php on line 88
[2026-07-06 17:06:42] Trying to access array offset on value of type null in C:\xampp\Desktop\mdcnpal\htdocs\public_html\includes\general_data.php on line 88
[2026-07-06 17:06:42] Undefined array key "MDRCCustID" in C:\xampp\Desktop\mdcnpal\htdocs\public_html\includes\general_data.php on line 88
[2026-07-06 17:06:42] Undefined variable $tmpStr in C:\xampp\Desktop\mdcnpal\htdocs\public_html\core\app.php on line 971
[2026-07-06 17:06:53] Creation of dynamic property dbclass::$RECORD_SET is deprecated in C:\xampp\Desktop\mdcnpal\htdocs\public_html\core\dbclass.php on line 69
[2026-07-06 17:06:53] Creation of dynamic property dbclass::$app is deprecated in C:\xampp\Desktop\mdcnpal\htdocs\public_html\core\dbclass.php on line 75
[2026-07-06 17:06:53] Creation of dynamic property model::$foreign_tables is deprecated in C:\xampp\Desktop\mdcnpal\htdocs\public_html\core\model.php on line 43
[2026-07-06 17:06:53] Creation of dynamic property app::$inputfilter is deprecated in C:\xampp\Desktop\mdcnpal\htdocs\public_html\core\app.php on line 123
[2026-07-06 17:06:53] Creation of dynamic property app::$userconfig is deprecated in C:\xampp\Desktop\mdcnpal\htdocs\public_html\core\app.php on line 124
[2026-07-06 17:06:53] Creation of dynamic property app::$global_include is deprecated in C:\xampp\Desktop\mdcnpal\htdocs\public_html\core\app.php on line 125
[2026-07-06 17:06:53] Creation of dynamic property app::$set_cache_time is deprecated in C:\xampp\Desktop\mdcnpal\htdocs\public_html\core\app.php on line 153
[2026-07-06 17:06:53] Undefined array key "cityID" in C:\xampp\Desktop\mdcnpal\htdocs\public_html\core\global_include.php on line 381
[2026-07-06 17:06:53] Undefined array key "cityID" in C:\xampp\Desktop\mdcnpal\htdocs\public_html\core\global_include.php on line 416
[2026-07-06 17:06:53] Creation of dynamic property app::$meta is deprecated in C:\xampp\Desktop\mdcnpal\htdocs\public_html\core\app.php on line 434
[2026-07-06 17:06:53] Creation of dynamic property app::$rs_gs_city is deprecated in C:\xampp\Desktop\mdcnpal\htdocs\public_html\core\app.php on line 434
[2026-07-06 17:06:53] Undefined array key "cityID" in C:\xampp\Desktop\mdcnpal\htdocs\public_html\core\global_include.php on line 468
[2026-07-06 17:06:53] Creation of dynamic property app::$rs_footer_popular_item is deprecated in C:\xampp\Desktop\mdcnpal\htdocs\public_html\core\app.php on line 434
[2026-07-06 17:06:53] Creation of dynamic property app::$rs_footer_popular_test is deprecated in C:\xampp\Desktop\mdcnpal\htdocs\public_html\core\app.php on line 434
[2026-07-06 17:06:53] Creation of dynamic property app::$rs_testimonial is deprecated in C:\xampp\Desktop\mdcnpal\htdocs\public_html\core\app.php on line 434
[2026-07-06 17:06:53] Creation of dynamic property app::$admin is deprecated in C:\xampp\Desktop\mdcnpal\htdocs\public_html\core\app.php on line 434
[2026-07-06 17:06:53] Undefined array key 0 in C:\xampp\Desktop\mdcnpal\htdocs\public_html\core\global_include.php on line 514
[2026-07-06 17:06:53] Creation of dynamic property app::$popup is deprecated in C:\xampp\Desktop\mdcnpal\htdocs\public_html\core\app.php on line 434
[2026-07-06 17:06:53] Undefined array key "MDRCCustID" in C:\xampp\Desktop\mdcnpal\htdocs\public_html\core\global_include.php on line 515
[2026-07-06 17:06:53] Undefined array key "MDRCToken" in C:\xampp\Desktop\mdcnpal\htdocs\public_html\core\global_include.php on line 515
[2026-07-06 17:06:53] Creation of dynamic property app::$rscategory is deprecated in C:\xampp\Desktop\mdcnpal\htdocs\public_html\core\app.php on line 434
[2026-07-06 17:06:53] Creation of dynamic property app::$rs_pages is deprecated in C:\xampp\Desktop\mdcnpal\htdocs\public_html\core\app.php on line 434
[2026-07-06 17:06:53] Creation of dynamic property app::$gs is deprecated in C:\xampp\Desktop\mdcnpal\htdocs\public_html\core\app.php on line 434
[2026-07-06 17:06:53] Undefined array key "MDRCCustID" in C:\xampp\Desktop\mdcnpal\htdocs\public_html\core\global_include.php on line 596
[2026-07-06 17:06:53] Undefined array key "MDRCCustID" in C:\xampp\Desktop\mdcnpal\htdocs\public_html\core\global_include.php on line 615
[2026-07-06 17:06:53] Undefined variable $getId in C:\xampp\Desktop\mdcnpal\htdocs\public_html\core\global_include.php on line 684
[2026-07-06 17:06:53] Undefined variable $getName in C:\xampp\Desktop\mdcnpal\htdocs\public_html\core\global_include.php on line 685
[2026-07-06 17:06:53] Undefined array key 0 in C:\xampp\Desktop\mdcnpal\htdocs\public_html\core\global_include.php on line 810
[2026-07-06 17:06:53] Creation of dynamic property app::$rs_offer_msg is deprecated in C:\xampp\Desktop\mdcnpal\htdocs\public_html\core\app.php on line 434
[2026-07-06 17:06:54] Creation of dynamic property app::$rs_for_doctors is deprecated in C:\xampp\Desktop\mdcnpal\htdocs\public_html\core\app.php on line 434
[2026-07-06 17:06:54] Creation of dynamic property app::$description is deprecated in C:\xampp\Desktop\mdcnpal\htdocs\public_html\core\app.php on line 434
[2026-07-06 17:06:54] Creation of dynamic property app::$rs_banner is deprecated in C:\xampp\Desktop\mdcnpal\htdocs\public_html\core\app.php on line 434
[2026-07-06 17:06:54] Creation of dynamic property app::$rs_item_diseases is deprecated in C:\xampp\Desktop\mdcnpal\htdocs\public_html\core\app.php on line 434
[2026-07-06 17:06:54] Creation of dynamic property app::$rs_item_home_category is deprecated in C:\xampp\Desktop\mdcnpal\htdocs\public_html\core\app.php on line 434
[2026-07-06 17:06:54] Creation of dynamic property app::$rs_item_banner_category is deprecated in C:\xampp\Desktop\mdcnpal\htdocs\public_html\core\app.php on line 434
[2026-07-06 17:06:54] Creation of dynamic property app::$rs_services is deprecated in C:\xampp\Desktop\mdcnpal\htdocs\public_html\core\app.php on line 434
[2026-07-06 17:06:54] Creation of dynamic property app::$rs_blog is deprecated in C:\xampp\Desktop\mdcnpal\htdocs\public_html\core\app.php on line 434
[2026-07-06 17:06:54] Creation of dynamic property app::$rs_category is deprecated in C:\xampp\Desktop\mdcnpal\htdocs\public_html\core\app.php on line 434
[2026-07-06 17:06:54] Creation of dynamic property app::$rs_faq_data is deprecated in C:\xampp\Desktop\mdcnpal\htdocs\public_html\core\app.php on line 434
[2026-07-06 17:06:54] Creation of dynamic property app::$rs_gallery_data is deprecated in C:\xampp\Desktop\mdcnpal\htdocs\public_html\core\app.php on line 434
[2026-07-06 17:06:54] Undefined array key "tempCityID" in C:\xampp\Desktop\mdcnpal\htdocs\public_html\includes\header.php on line 5
[2026-07-06 17:06:54] Undefined array key "items" in C:\xampp\Desktop\mdcnpal\htdocs\public_html\includes\header.php on line 16
[2026-07-06 17:06:54] Undefined array key "item_category" in C:\xampp\Desktop\mdcnpal\htdocs\public_html\includes\header.php on line 26
[2026-07-06 17:06:54] Undefined array key "item_diseases" in C:\xampp\Desktop\mdcnpal\htdocs\public_html\includes\header.php on line 33
[2026-07-06 17:06:54] Undefined property: app::$rs_cartmini in C:\xampp\Desktop\mdcnpal\htdocs\public_html\includes\header.php on line 131
[2026-07-06 17:06:54] Undefined array key "MDRCCustID" in C:\xampp\Desktop\mdcnpal\htdocs\public_html\includes\header.php on line 134
[2026-07-06 17:06:54] Undefined property: app::$rs_cartmini in C:\xampp\Desktop\mdcnpal\htdocs\public_html\includes\header.php on line 197
[2026-07-06 17:06:54] Undefined array key "MDRCCustID" in C:\xampp\Desktop\mdcnpal\htdocs\public_html\includes\header.php on line 200
[2026-07-06 17:06:54] Undefined property: app::$rs_cartmini in C:\xampp\Desktop\mdcnpal\htdocs\public_html\includes\header.php on line 469
[2026-07-06 17:06:54] Undefined array key "MDRCCustID" in C:\xampp\Desktop\mdcnpal\htdocs\public_html\includes\header.php on line 472
[2026-07-06 17:06:54] Undefined property: app::$rs_cartmini in C:\xampp\Desktop\mdcnpal\htdocs\public_html\includes\header.php on line 525
[2026-07-06 17:06:54] Undefined array key "MDRCCustID" in C:\xampp\Desktop\mdcnpal\htdocs\public_html\includes\header.php on line 528
[2026-07-06 17:06:54] Undefined property: app::$rs_customer in C:\xampp\Desktop\mdcnpal\htdocs\public_html\includes\header.php on line 712
[2026-07-06 17:06:54] Trying to access array offset on value of type null in C:\xampp\Desktop\mdcnpal\htdocs\public_html\includes\header.php on line 712
[2026-07-06 17:06:54] Undefined property: app::$rs_customer in C:\xampp\Desktop\mdcnpal\htdocs\public_html\includes\header.php on line 721
[2026-07-06 17:06:54] Trying to access array offset on value of type null in C:\xampp\Desktop\mdcnpal\htdocs\public_html\includes\header.php on line 721
[2026-07-06 17:06:54] Undefined property: app::$rs_customer in C:\xampp\Desktop\mdcnpal\htdocs\public_html\includes\header.php on line 730
[2026-07-06 17:06:54] Trying to access array offset on value of type null in C:\xampp\Desktop\mdcnpal\htdocs\public_html\includes\header.php on line 730
[2026-07-06 17:06:54] Undefined property: app::$rs_customer in C:\xampp\Desktop\mdcnpal\htdocs\public_html\includes\header.php on line 739
[2026-07-06 17:06:54] Trying to access array offset on value of type null in C:\xampp\Desktop\mdcnpal\htdocs\public_html\includes\header.php on line 739
[2026-07-06 17:06:54] Undefined variable $g_search_query in C:\xampp\Desktop\mdcnpal\htdocs\public_html\core\app.php(565) : eval()'d code on line 219
[2026-07-06 17:06:54] Undefined variable $department_cond in C:\xampp\Desktop\mdcnpal\htdocs\public_html\core\app.php(565) : eval()'d code on line 219
[2026-07-06 17:06:54] Undefined variable $type_cond in C:\xampp\Desktop\mdcnpal\htdocs\public_html\core\app.php(565) : eval()'d code on line 219
[2026-07-06 17:06:54] Undefined variable $dieses_cond in C:\xampp\Desktop\mdcnpal\htdocs\public_html\core\app.php(565) : eval()'d code on line 219
[2026-07-06 17:06:54] Undefined variable $popular_pack_cond in C:\xampp\Desktop\mdcnpal\htdocs\public_html\core\app.php(565) : eval()'d code on line 219
[2026-07-06 17:06:54] Undefined variable $g_search_query in C:\xampp\Desktop\mdcnpal\htdocs\public_html\core\app.php(565) : eval()'d code on line 219
[2026-07-06 17:06:54] Undefined variable $department_cond in C:\xampp\Desktop\mdcnpal\htdocs\public_html\core\app.php(565) : eval()'d code on line 219
[2026-07-06 17:06:54] Undefined variable $type_cond in C:\xampp\Desktop\mdcnpal\htdocs\public_html\core\app.php(565) : eval()'d code on line 219
[2026-07-06 17:06:54] Undefined variable $dieses_cond in C:\xampp\Desktop\mdcnpal\htdocs\public_html\core\app.php(565) : eval()'d code on line 219
[2026-07-06 17:06:54] Undefined variable $popular_pack_cond in C:\xampp\Desktop\mdcnpal\htdocs\public_html\core\app.php(565) : eval()'d code on line 219
[2026-07-06 17:06:54] Undefined variable $g_search_query in C:\xampp\Desktop\mdcnpal\htdocs\public_html\core\app.php(565) : eval()'d code on line 219
[2026-07-06 17:06:54] Undefined variable $department_cond in C:\xampp\Desktop\mdcnpal\htdocs\public_html\core\app.php(565) : eval()'d code on line 219
[2026-07-06 17:06:54] Undefined variable $type_cond in C:\xampp\Desktop\mdcnpal\htdocs\public_html\core\app.php(565) : eval()'d code on line 219
[2026-07-06 17:06:54] Undefined variable $dieses_cond in C:\xampp\Desktop\mdcnpal\htdocs\public_html\core\app.php(565) : eval()'d code on line 219
[2026-07-06 17:06:54] Undefined variable $popular_pack_cond in C:\xampp\Desktop\mdcnpal\htdocs\public_html\core\app.php(565) : eval()'d code on line 219
[2026-07-06 17:06:54] Undefined variable $g_search_query in C:\xampp\Desktop\mdcnpal\htdocs\public_html\core\app.php(565) : eval()'d code on line 219
[2026-07-06 17:06:54] Undefined variable $department_cond in C:\xampp\Desktop\mdcnpal\htdocs\public_html\core\app.php(565) : eval()'d code on line 219
[2026-07-06 17:06:54] Undefined variable $type_cond in C:\xampp\Desktop\mdcnpal\htdocs\public_html\core\app.php(565) : eval()'d code on line 219
[2026-07-06 17:06:54] Undefined variable $dieses_cond in C:\xampp\Desktop\mdcnpal\htdocs\public_html\core\app.php(565) : eval()'d code on line 219
[2026-07-06 17:06:54] Undefined variable $popular_pack_cond in C:\xampp\Desktop\mdcnpal\htdocs\public_html\core\app.php(565) : eval()'d code on line 219
[2026-07-06 17:06:54] Undefined variable $g_search_query in C:\xampp\Desktop\mdcnpal\htdocs\public_html\core\app.php(565) : eval()'d code on line 219
[2026-07-06 17:06:54] Undefined variable $department_cond in C:\xampp\Desktop\mdcnpal\htdocs\public_html\core\app.php(565) : eval()'d code on line 219
[2026-07-06 17:06:54] Undefined variable $type_cond in C:\xampp\Desktop\mdcnpal\htdocs\public_html\core\app.php(565) : eval()'d code on line 219
[2026-07-06 17:06:54] Undefined variable $dieses_cond in C:\xampp\Desktop\mdcnpal\htdocs\public_html\core\app.php(565) : eval()'d code on line 219
[2026-07-06 17:06:54] Undefined variable $popular_pack_cond in C:\xampp\Desktop\mdcnpal\htdocs\public_html\core\app.php(565) : eval()'d code on line 219
[2026-07-06 17:06:54] Undefined property: app::$rs_customer in C:\xampp\Desktop\mdcnpal\htdocs\public_html\includes\footer.php on line 357
[2026-07-06 17:06:54] Trying to access array offset on value of type null in C:\xampp\Desktop\mdcnpal\htdocs\public_html\includes\footer.php on line 357
[2026-07-06 17:06:54] Undefined property: app::$rs_customer in C:\xampp\Desktop\mdcnpal\htdocs\public_html\includes\footer.php on line 366
[2026-07-06 17:06:54] Trying to access array offset on value of type null in C:\xampp\Desktop\mdcnpal\htdocs\public_html\includes\footer.php on line 366
[2026-07-06 17:06:54] Undefined property: app::$rs_customer in C:\xampp\Desktop\mdcnpal\htdocs\public_html\includes\footer.php on line 372
[2026-07-06 17:06:54] Trying to access array offset on value of type null in C:\xampp\Desktop\mdcnpal\htdocs\public_html\includes\footer.php on line 372
[2026-07-06 17:06:54] Undefined property: app::$rs_customer in C:\xampp\Desktop\mdcnpal\htdocs\public_html\includes\general_data.php on line 88
[2026-07-06 17:06:54] Trying to access array offset on value of type null in C:\xampp\Desktop\mdcnpal\htdocs\public_html\includes\general_data.php on line 88
[2026-07-06 17:06:54] Undefined array key "MDRCCustID" in C:\xampp\Desktop\mdcnpal\htdocs\public_html\includes\general_data.php on line 88
[2026-07-06 17:06:54] Undefined variable $tmpStr in C:\xampp\Desktop\mdcnpal\htdocs\public_html\core\app.php on line 971
[2026-07-06 17:06:56] Creation of dynamic property dbclass::$RECORD_SET is deprecated in C:\xampp\Desktop\mdcnpal\htdocs\public_html\core\dbclass.php on line 69
[2026-07-06 17:06:56] Creation of dynamic property dbclass::$app is deprecated in C:\xampp\Desktop\mdcnpal\htdocs\public_html\core\dbclass.php on line 75
[2026-07-06 17:06:56] Creation of dynamic property model::$foreign_tables is deprecated in C:\xampp\Desktop\mdcnpal\htdocs\public_html\core\model.php on line 43
[2026-07-06 17:06:56] Creation of dynamic property app::$inputfilter is deprecated in C:\xampp\Desktop\mdcnpal\htdocs\public_html\core\app.php on line 123
[2026-07-06 17:06:56] Creation of dynamic property app::$userconfig is deprecated in C:\xampp\Desktop\mdcnpal\htdocs\public_html\core\app.php on line 124
[2026-07-06 17:06:56] Creation of dynamic property app::$global_include is deprecated in C:\xampp\Desktop\mdcnpal\htdocs\public_html\core\app.php on line 125
[2026-07-06 17:06:56] Creation of dynamic property app::$set_cache_time is deprecated in C:\xampp\Desktop\mdcnpal\htdocs\public_html\core\app.php on line 153
[06-Jul-2026 17:06:56 Asia/Kathmandu] PHP Fatal error:  Array and string offset access syntax with curly braces is no longer supported in C:\xampp\Desktop\mdcnpal\htdocs\public_html\modules\JSON\class.JSON.php on line 156
[2026-07-06 17:07:05] Creation of dynamic property dbclass::$RECORD_SET is deprecated in C:\xampp\Desktop\mdcnpal\htdocs\public_html\core\dbclass.php on line 69
[2026-07-06 17:07:05] Creation of dynamic property dbclass::$app is deprecated in C:\xampp\Desktop\mdcnpal\htdocs\public_html\core\dbclass.php on line 75
[2026-07-06 17:07:05] Creation of dynamic property model::$foreign_tables is deprecated in C:\xampp\Desktop\mdcnpal\htdocs\public_html\core\model.php on line 43
[2026-07-06 17:07:05] Creation of dynamic property app::$inputfilter is deprecated in C:\xampp\Desktop\mdcnpal\htdocs\public_html\core\app.php on line 123
[2026-07-06 17:07:05] Creation of dynamic property app::$userconfig is deprecated in C:\xampp\Desktop\mdcnpal\htdocs\public_html\core\app.php on line 124
[2026-07-06 17:07:05] Creation of dynamic property app::$global_include is deprecated in C:\xampp\Desktop\mdcnpal\htdocs\public_html\core\app.php on line 125
[2026-07-06 17:07:05] Creation of dynamic property app::$set_cache_time is deprecated in C:\xampp\Desktop\mdcnpal\htdocs\public_html\core\app.php on line 153
[2026-07-06 17:07:05] Creation of dynamic property app::$record is deprecated in C:\xampp\Desktop\mdcnpal\htdocs\public_html\core\app.php on line 434
[2026-07-06 17:07:05] Creation of dynamic property app::$field_record_per_page is deprecated in C:\xampp\Desktop\mdcnpal\htdocs\public_html\core\app.php on line 434
[2026-07-06 17:07:05] Undefined array key "search_by" in C:\xampp\Desktop\mdcnpal\htdocs\public_html\core\global_include.php on line 73
[2026-07-06 17:07:05] Undefined array key "admin" in C:\xampp\Desktop\mdcnpal\htdocs\public_html\core\global_include.php on line 90
[2026-07-06 17:07:05] Undefined array key 0 in C:\xampp\Desktop\mdcnpal\htdocs\public_html\core\global_include.php on line 91
[2026-07-06 17:07:05] Creation of dynamic property app::$rs_admin is deprecated in C:\xampp\Desktop\mdcnpal\htdocs\public_html\core\app.php on line 434
[2026-07-06 17:07:05] Undefined array key "admin" in C:\xampp\Desktop\mdcnpal\htdocs\public_html\core\global_include.php on line 92
[2026-07-06 17:07:05] Creation of dynamic property app::$gs is deprecated in C:\xampp\Desktop\mdcnpal\htdocs\public_html\core\app.php on line 434
[2026-07-06 17:07:05] Undefined variable $tmpStr in C:\xampp\Desktop\mdcnpal\htdocs\public_html\core\app.php on line 971
[2026-07-06 17:07:21] Creation of dynamic property dbclass::$RECORD_SET is deprecated in C:\xampp\Desktop\mdcnpal\htdocs\public_html\core\dbclass.php on line 69
[2026-07-06 17:07:21] Creation of dynamic property dbclass::$app is deprecated in C:\xampp\Desktop\mdcnpal\htdocs\public_html\core\dbclass.php on line 75
[2026-07-06 17:07:21] Creation of dynamic property model::$foreign_tables is deprecated in C:\xampp\Desktop\mdcnpal\htdocs\public_html\core\model.php on line 43
[2026-07-06 17:07:21] Creation of dynamic property app::$inputfilter is deprecated in C:\xampp\Desktop\mdcnpal\htdocs\public_html\core\app.php on line 123
[2026-07-06 17:07:21] Creation of dynamic property app::$userconfig is deprecated in C:\xampp\Desktop\mdcnpal\htdocs\public_html\core\app.php on line 124
[2026-07-06 17:07:21] Creation of dynamic property app::$global_include is deprecated in C:\xampp\Desktop\mdcnpal\htdocs\public_html\core\app.php on line 125
[2026-07-06 17:07:21] Creation of dynamic property app::$set_cache_time is deprecated in C:\xampp\Desktop\mdcnpal\htdocs\public_html\core\app.php on line 153
[2026-07-06 17:07:21] Creation of dynamic property app::$meta is deprecated in C:\xampp\Desktop\mdcnpal\htdocs\public_html\core\app.php on line 434
[2026-07-06 17:07:21] Creation of dynamic property app::$rs_gs_city is deprecated in C:\xampp\Desktop\mdcnpal\htdocs\public_html\core\app.php on line 434
[2026-07-06 17:07:21] Creation of dynamic property app::$rs_footer_popular_item is deprecated in C:\xampp\Desktop\mdcnpal\htdocs\public_html\core\app.php on line 434
[2026-07-06 17:07:22] Creation of dynamic property app::$rs_footer_popular_test is deprecated in C:\xampp\Desktop\mdcnpal\htdocs\public_html\core\app.php on line 434
[2026-07-06 17:07:22] Creation of dynamic property app::$rs_testimonial is deprecated in C:\xampp\Desktop\mdcnpal\htdocs\public_html\core\app.php on line 434
[2026-07-06 17:07:22] Creation of dynamic property app::$admin is deprecated in C:\xampp\Desktop\mdcnpal\htdocs\public_html\core\app.php on line 434
[2026-07-06 17:07:22] Undefined array key 0 in C:\xampp\Desktop\mdcnpal\htdocs\public_html\core\global_include.php on line 514
[2026-07-06 17:07:22] Creation of dynamic property app::$popup is deprecated in C:\xampp\Desktop\mdcnpal\htdocs\public_html\core\app.php on line 434
[2026-07-06 17:07:22] Undefined array key "MDRCCustID" in C:\xampp\Desktop\mdcnpal\htdocs\public_html\core\global_include.php on line 515
[2026-07-06 17:07:22] Undefined array key "MDRCToken" in C:\xampp\Desktop\mdcnpal\htdocs\public_html\core\global_include.php on line 515
[2026-07-06 17:07:22] Creation of dynamic property app::$rscategory is deprecated in C:\xampp\Desktop\mdcnpal\htdocs\public_html\core\app.php on line 434
[2026-07-06 17:07:22] Creation of dynamic property app::$rs_pages is deprecated in C:\xampp\Desktop\mdcnpal\htdocs\public_html\core\app.php on line 434
[2026-07-06 17:07:22] Creation of dynamic property app::$gs is deprecated in C:\xampp\Desktop\mdcnpal\htdocs\public_html\core\app.php on line 434
[2026-07-06 17:07:22] Undefined array key "MDRCCustID" in C:\xampp\Desktop\mdcnpal\htdocs\public_html\core\global_include.php on line 596
[2026-07-06 17:07:22] Undefined array key "MDRCCustID" in C:\xampp\Desktop\mdcnpal\htdocs\public_html\core\global_include.php on line 615
[2026-07-06 17:07:22] Undefined variable $getId in C:\xampp\Desktop\mdcnpal\htdocs\public_html\core\global_include.php on line 684
[2026-07-06 17:07:22] Undefined variable $getName in C:\xampp\Desktop\mdcnpal\htdocs\public_html\core\global_include.php on line 685
[2026-07-06 17:07:22] Undefined array key 0 in C:\xampp\Desktop\mdcnpal\htdocs\public_html\core\global_include.php on line 810
[2026-07-06 17:07:22] Creation of dynamic property app::$rs_offer_msg is deprecated in C:\xampp\Desktop\mdcnpal\htdocs\public_html\core\app.php on line 434
[2026-07-06 17:07:22] Creation of dynamic property app::$rs_for_doctors is deprecated in C:\xampp\Desktop\mdcnpal\htdocs\public_html\core\app.php on line 434
[2026-07-06 17:07:22] Creation of dynamic property app::$description is deprecated in C:\xampp\Desktop\mdcnpal\htdocs\public_html\core\app.php on line 434
[2026-07-06 17:07:23] Creation of dynamic property app::$rs_banner is deprecated in C:\xampp\Desktop\mdcnpal\htdocs\public_html\core\app.php on line 434
[2026-07-06 17:07:23] Creation of dynamic property app::$rs_item_diseases is deprecated in C:\xampp\Desktop\mdcnpal\htdocs\public_html\core\app.php on line 434
[2026-07-06 17:07:23] Creation of dynamic property app::$rs_item_home_category is deprecated in C:\xampp\Desktop\mdcnpal\htdocs\public_html\core\app.php on line 434
[2026-07-06 17:07:23] Creation of dynamic property app::$rs_item_banner_category is deprecated in C:\xampp\Desktop\mdcnpal\htdocs\public_html\core\app.php on line 434
[2026-07-06 17:07:23] Creation of dynamic property app::$rs_services is deprecated in C:\xampp\Desktop\mdcnpal\htdocs\public_html\core\app.php on line 434
[2026-07-06 17:07:23] Creation of dynamic property app::$rs_blog is deprecated in C:\xampp\Desktop\mdcnpal\htdocs\public_html\core\app.php on line 434
[2026-07-06 17:07:23] Creation of dynamic property app::$rs_category is deprecated in C:\xampp\Desktop\mdcnpal\htdocs\public_html\core\app.php on line 434
[2026-07-06 17:07:23] Creation of dynamic property app::$rs_faq_data is deprecated in C:\xampp\Desktop\mdcnpal\htdocs\public_html\core\app.php on line 434
[2026-07-06 17:07:23] Creation of dynamic property app::$rs_gallery_data is deprecated in C:\xampp\Desktop\mdcnpal\htdocs\public_html\core\app.php on line 434
[2026-07-06 17:07:23] Undefined property: app::$rs_cartmini in C:\xampp\Desktop\mdcnpal\htdocs\public_html\includes\header.php on line 131
[2026-07-06 17:07:23] Undefined array key "MDRCCustID" in C:\xampp\Desktop\mdcnpal\htdocs\public_html\includes\header.php on line 134
[2026-07-06 17:07:23] Undefined property: app::$rs_cartmini in C:\xampp\Desktop\mdcnpal\htdocs\public_html\includes\header.php on line 197
[2026-07-06 17:07:23] Undefined array key "MDRCCustID" in C:\xampp\Desktop\mdcnpal\htdocs\public_html\includes\header.php on line 200
[2026-07-06 17:07:23] Undefined property: app::$rs_cartmini in C:\xampp\Desktop\mdcnpal\htdocs\public_html\includes\header.php on line 469
[2026-07-06 17:07:23] Undefined array key "MDRCCustID" in C:\xampp\Desktop\mdcnpal\htdocs\public_html\includes\header.php on line 472
[2026-07-06 17:07:23] Undefined property: app::$rs_cartmini in C:\xampp\Desktop\mdcnpal\htdocs\public_html\includes\header.php on line 525
[2026-07-06 17:07:23] Undefined array key "MDRCCustID" in C:\xampp\Desktop\mdcnpal\htdocs\public_html\includes\header.php on line 528
[2026-07-06 17:07:23] Undefined property: app::$rs_customer in C:\xampp\Desktop\mdcnpal\htdocs\public_html\includes\header.php on line 712
[2026-07-06 17:07:23] Trying to access array offset on value of type null in C:\xampp\Desktop\mdcnpal\htdocs\public_html\includes\header.php on line 712
[2026-07-06 17:07:23] Undefined property: app::$rs_customer in C:\xampp\Desktop\mdcnpal\htdocs\public_html\includes\header.php on line 721
[2026-07-06 17:07:23] Trying to access array offset on value of type null in C:\xampp\Desktop\mdcnpal\htdocs\public_html\includes\header.php on line 721
[2026-07-06 17:07:23] Undefined property: app::$rs_customer in C:\xampp\Desktop\mdcnpal\htdocs\public_html\includes\header.php on line 730
[2026-07-06 17:07:23] Trying to access array offset on value of type null in C:\xampp\Desktop\mdcnpal\htdocs\public_html\includes\header.php on line 730
[2026-07-06 17:07:23] Undefined property: app::$rs_customer in C:\xampp\Desktop\mdcnpal\htdocs\public_html\includes\header.php on line 739
[2026-07-06 17:07:23] Trying to access array offset on value of type null in C:\xampp\Desktop\mdcnpal\htdocs\public_html\includes\header.php on line 739
[2026-07-06 17:07:23] Undefined variable $g_search_query in C:\xampp\Desktop\mdcnpal\htdocs\public_html\core\app.php(565) : eval()'d code on line 219
[2026-07-06 17:07:23] Undefined variable $department_cond in C:\xampp\Desktop\mdcnpal\htdocs\public_html\core\app.php(565) : eval()'d code on line 219
[2026-07-06 17:07:23] Undefined variable $type_cond in C:\xampp\Desktop\mdcnpal\htdocs\public_html\core\app.php(565) : eval()'d code on line 219
[2026-07-06 17:07:23] Undefined variable $dieses_cond in C:\xampp\Desktop\mdcnpal\htdocs\public_html\core\app.php(565) : eval()'d code on line 219
[2026-07-06 17:07:23] Undefined variable $popular_pack_cond in C:\xampp\Desktop\mdcnpal\htdocs\public_html\core\app.php(565) : eval()'d code on line 219
[2026-07-06 17:07:23] Undefined variable $g_search_query in C:\xampp\Desktop\mdcnpal\htdocs\public_html\core\app.php(565) : eval()'d code on line 219
[2026-07-06 17:07:23] Undefined variable $department_cond in C:\xampp\Desktop\mdcnpal\htdocs\public_html\core\app.php(565) : eval()'d code on line 219
[2026-07-06 17:07:23] Undefined variable $type_cond in C:\xampp\Desktop\mdcnpal\htdocs\public_html\core\app.php(565) : eval()'d code on line 219
[2026-07-06 17:07:23] Undefined variable $dieses_cond in C:\xampp\Desktop\mdcnpal\htdocs\public_html\core\app.php(565) : eval()'d code on line 219
[2026-07-06 17:07:23] Undefined variable $popular_pack_cond in C:\xampp\Desktop\mdcnpal\htdocs\public_html\core\app.php(565) : eval()'d code on line 219
[2026-07-06 17:07:23] Undefined variable $g_search_query in C:\xampp\Desktop\mdcnpal\htdocs\public_html\core\app.php(565) : eval()'d code on line 219
[2026-07-06 17:07:23] Undefined variable $department_cond in C:\xampp\Desktop\mdcnpal\htdocs\public_html\core\app.php(565) : eval()'d code on line 219
[2026-07-06 17:07:23] Undefined variable $type_cond in C:\xampp\Desktop\mdcnpal\htdocs\public_html\core\app.php(565) : eval()'d code on line 219
[2026-07-06 17:07:23] Undefined variable $dieses_cond in C:\xampp\Desktop\mdcnpal\htdocs\public_html\core\app.php(565) : eval()'d code on line 219
[2026-07-06 17:07:23] Undefined variable $popular_pack_cond in C:\xampp\Desktop\mdcnpal\htdocs\public_html\core\app.php(565) : eval()'d code on line 219
[2026-07-06 17:07:24] Undefined variable $g_search_query in C:\xampp\Desktop\mdcnpal\htdocs\public_html\core\app.php(565) : eval()'d code on line 219
[2026-07-06 17:07:24] Undefined variable $department_cond in C:\xampp\Desktop\mdcnpal\htdocs\public_html\core\app.php(565) : eval()'d code on line 219
[2026-07-06 17:07:24] Undefined variable $type_cond in C:\xampp\Desktop\mdcnpal\htdocs\public_html\core\app.php(565) : eval()'d code on line 219
[2026-07-06 17:07:24] Undefined variable $dieses_cond in C:\xampp\Desktop\mdcnpal\htdocs\public_html\core\app.php(565) : eval()'d code on line 219
[2026-07-06 17:07:24] Undefined variable $popular_pack_cond in C:\xampp\Desktop\mdcnpal\htdocs\public_html\core\app.php(565) : eval()'d code on line 219
[2026-07-06 17:07:24] Undefined variable $g_search_query in C:\xampp\Desktop\mdcnpal\htdocs\public_html\core\app.php(565) : eval()'d code on line 219
[2026-07-06 17:07:24] Undefined variable $department_cond in C:\xampp\Desktop\mdcnpal\htdocs\public_html\core\app.php(565) : eval()'d code on line 219
[2026-07-06 17:07:24] Undefined variable $type_cond in C:\xampp\Desktop\mdcnpal\htdocs\public_html\core\app.php(565) : eval()'d code on line 219
[2026-07-06 17:07:24] Undefined variable $dieses_cond in C:\xampp\Desktop\mdcnpal\htdocs\public_html\core\app.php(565) : eval()'d code on line 219
[2026-07-06 17:07:24] Undefined variable $popular_pack_cond in C:\xampp\Desktop\mdcnpal\htdocs\public_html\core\app.php(565) : eval()'d code on line 219
[2026-07-06 17:07:24] Undefined property: app::$rs_customer in C:\xampp\Desktop\mdcnpal\htdocs\public_html\includes\footer.php on line 357
[2026-07-06 17:07:24] Trying to access array offset on value of type null in C:\xampp\Desktop\mdcnpal\htdocs\public_html\includes\footer.php on line 357
[2026-07-06 17:07:24] Undefined property: app::$rs_customer in C:\xampp\Desktop\mdcnpal\htdocs\public_html\includes\footer.php on line 366
[2026-07-06 17:07:24] Trying to access array offset on value of type null in C:\xampp\Desktop\mdcnpal\htdocs\public_html\includes\footer.php on line 366
[2026-07-06 17:07:24] Undefined property: app::$rs_customer in C:\xampp\Desktop\mdcnpal\htdocs\public_html\includes\footer.php on line 372
[2026-07-06 17:07:24] Trying to access array offset on value of type null in C:\xampp\Desktop\mdcnpal\htdocs\public_html\includes\footer.php on line 372
[2026-07-06 17:07:24] Undefined property: app::$rs_customer in C:\xampp\Desktop\mdcnpal\htdocs\public_html\includes\general_data.php on line 88
[2026-07-06 17:07:24] Trying to access array offset on value of type null in C:\xampp\Desktop\mdcnpal\htdocs\public_html\includes\general_data.php on line 88
[2026-07-06 17:07:24] Undefined array key "MDRCCustID" in C:\xampp\Desktop\mdcnpal\htdocs\public_html\includes\general_data.php on line 88
[2026-07-06 17:07:24] Undefined variable $tmpStr in C:\xampp\Desktop\mdcnpal\htdocs\public_html\core\app.php on line 971
[2026-07-06 17:07:30] Creation of dynamic property dbclass::$RECORD_SET is deprecated in C:\xampp\Desktop\mdcnpal\htdocs\public_html\core\dbclass.php on line 69
[2026-07-06 17:07:30] Creation of dynamic property dbclass::$app is deprecated in C:\xampp\Desktop\mdcnpal\htdocs\public_html\core\dbclass.php on line 75
[2026-07-06 17:07:30] Creation of dynamic property model::$foreign_tables is deprecated in C:\xampp\Desktop\mdcnpal\htdocs\public_html\core\model.php on line 43
[2026-07-06 17:07:30] Creation of dynamic property app::$inputfilter is deprecated in C:\xampp\Desktop\mdcnpal\htdocs\public_html\core\app.php on line 123
[2026-07-06 17:07:31] Creation of dynamic property app::$userconfig is deprecated in C:\xampp\Desktop\mdcnpal\htdocs\public_html\core\app.php on line 124
[2026-07-06 17:07:31] Creation of dynamic property app::$global_include is deprecated in C:\xampp\Desktop\mdcnpal\htdocs\public_html\core\app.php on line 125
[2026-07-06 17:07:31] Creation of dynamic property app::$set_cache_time is deprecated in C:\xampp\Desktop\mdcnpal\htdocs\public_html\core\app.php on line 153
[06-Jul-2026 17:07:31 Asia/Kathmandu] PHP Fatal error:  Array and string offset access syntax with curly braces is no longer supported in C:\xampp\Desktop\mdcnpal\htdocs\public_html\modules\JSON\class.JSON.php on line 156
[2026-07-06 17:07:38] Creation of dynamic property dbclass::$RECORD_SET is deprecated in C:\xampp\Desktop\mdcnpal\htdocs\public_html\core\dbclass.php on line 69
[2026-07-06 17:07:38] Creation of dynamic property dbclass::$app is deprecated in C:\xampp\Desktop\mdcnpal\htdocs\public_html\core\dbclass.php on line 75
[2026-07-06 17:07:38] Creation of dynamic property model::$foreign_tables is deprecated in C:\xampp\Desktop\mdcnpal\htdocs\public_html\core\model.php on line 43
[2026-07-06 17:07:38] Creation of dynamic property app::$inputfilter is deprecated in C:\xampp\Desktop\mdcnpal\htdocs\public_html\core\app.php on line 123
[2026-07-06 17:07:38] Creation of dynamic property app::$userconfig is deprecated in C:\xampp\Desktop\mdcnpal\htdocs\public_html\core\app.php on line 124
[2026-07-06 17:07:38] Creation of dynamic property app::$global_include is deprecated in C:\xampp\Desktop\mdcnpal\htdocs\public_html\core\app.php on line 125
[2026-07-06 17:07:38] Creation of dynamic property app::$set_cache_time is deprecated in C:\xampp\Desktop\mdcnpal\htdocs\public_html\core\app.php on line 153
[2026-07-06 17:07:38] Undefined array key "cityID" in C:\xampp\Desktop\mdcnpal\htdocs\public_html\core\global_include.php on line 381
[2026-07-06 17:07:38] Undefined array key "cityID" in C:\xampp\Desktop\mdcnpal\htdocs\public_html\core\global_include.php on line 416
[2026-07-06 17:07:38] Creation of dynamic property app::$meta is deprecated in C:\xampp\Desktop\mdcnpal\htdocs\public_html\core\app.php on line 434
[2026-07-06 17:07:38] Creation of dynamic property app::$rs_gs_city is deprecated in C:\xampp\Desktop\mdcnpal\htdocs\public_html\core\app.php on line 434
[2026-07-06 17:07:38] Undefined array key "cityID" in C:\xampp\Desktop\mdcnpal\htdocs\public_html\core\global_include.php on line 468
[2026-07-06 17:07:38] Creation of dynamic property app::$rs_footer_popular_item is deprecated in C:\xampp\Desktop\mdcnpal\htdocs\public_html\core\app.php on line 434
[2026-07-06 17:07:38] Creation of dynamic property app::$rs_footer_popular_test is deprecated in C:\xampp\Desktop\mdcnpal\htdocs\public_html\core\app.php on line 434
[2026-07-06 17:07:38] Creation of dynamic property app::$rs_testimonial is deprecated in C:\xampp\Desktop\mdcnpal\htdocs\public_html\core\app.php on line 434
[2026-07-06 17:07:38] Creation of dynamic property app::$admin is deprecated in C:\xampp\Desktop\mdcnpal\htdocs\public_html\core\app.php on line 434
[2026-07-06 17:07:38] Undefined array key 0 in C:\xampp\Desktop\mdcnpal\htdocs\public_html\core\global_include.php on line 514
[2026-07-06 17:07:38] Creation of dynamic property app::$popup is deprecated in C:\xampp\Desktop\mdcnpal\htdocs\public_html\core\app.php on line 434
[2026-07-06 17:07:38] Undefined array key "MDRCCustID" in C:\xampp\Desktop\mdcnpal\htdocs\public_html\core\global_include.php on line 515
[2026-07-06 17:07:38] Undefined array key "MDRCToken" in C:\xampp\Desktop\mdcnpal\htdocs\public_html\core\global_include.php on line 515
[2026-07-06 17:07:38] Creation of dynamic property app::$rscategory is deprecated in C:\xampp\Desktop\mdcnpal\htdocs\public_html\core\app.php on line 434
[2026-07-06 17:07:38] Creation of dynamic property app::$rs_pages is deprecated in C:\xampp\Desktop\mdcnpal\htdocs\public_html\core\app.php on line 434
[2026-07-06 17:07:38] Creation of dynamic property app::$gs is deprecated in C:\xampp\Desktop\mdcnpal\htdocs\public_html\core\app.php on line 434
[2026-07-06 17:07:38] Undefined array key "MDRCCustID" in C:\xampp\Desktop\mdcnpal\htdocs\public_html\core\global_include.php on line 596
[2026-07-06 17:07:38] Undefined array key "MDRCCustID" in C:\xampp\Desktop\mdcnpal\htdocs\public_html\core\global_include.php on line 615
[2026-07-06 17:07:38] Undefined variable $getId in C:\xampp\Desktop\mdcnpal\htdocs\public_html\core\global_include.php on line 684
[2026-07-06 17:07:38] Undefined variable $getName in C:\xampp\Desktop\mdcnpal\htdocs\public_html\core\global_include.php on line 685
[2026-07-06 17:07:38] Undefined array key 0 in C:\xampp\Desktop\mdcnpal\htdocs\public_html\core\global_include.php on line 810
[2026-07-06 17:07:38] Creation of dynamic property app::$rs_offer_msg is deprecated in C:\xampp\Desktop\mdcnpal\htdocs\public_html\core\app.php on line 434
[2026-07-06 17:07:38] Creation of dynamic property app::$rs_for_doctors is deprecated in C:\xampp\Desktop\mdcnpal\htdocs\public_html\core\app.php on line 434
[2026-07-06 17:07:38] Creation of dynamic property app::$description is deprecated in C:\xampp\Desktop\mdcnpal\htdocs\public_html\core\app.php on line 434
[2026-07-06 17:07:38] Creation of dynamic property app::$rs_banner is deprecated in C:\xampp\Desktop\mdcnpal\htdocs\public_html\core\app.php on line 434
[2026-07-06 17:07:38] Creation of dynamic property app::$rs_item_diseases is deprecated in C:\xampp\Desktop\mdcnpal\htdocs\public_html\core\app.php on line 434
[2026-07-06 17:07:38] Creation of dynamic property app::$rs_item_home_category is deprecated in C:\xampp\Desktop\mdcnpal\htdocs\public_html\core\app.php on line 434
[2026-07-06 17:07:38] Creation of dynamic property app::$rs_item_banner_category is deprecated in C:\xampp\Desktop\mdcnpal\htdocs\public_html\core\app.php on line 434
[2026-07-06 17:07:38] Creation of dynamic property app::$rs_services is deprecated in C:\xampp\Desktop\mdcnpal\htdocs\public_html\core\app.php on line 434
[2026-07-06 17:07:38] Creation of dynamic property app::$rs_blog is deprecated in C:\xampp\Desktop\mdcnpal\htdocs\public_html\core\app.php on line 434
[2026-07-06 17:07:38] Creation of dynamic property app::$rs_category is deprecated in C:\xampp\Desktop\mdcnpal\htdocs\public_html\core\app.php on line 434
[2026-07-06 17:07:38] Creation of dynamic property app::$rs_faq_data is deprecated in C:\xampp\Desktop\mdcnpal\htdocs\public_html\core\app.php on line 434
[2026-07-06 17:07:38] Creation of dynamic property app::$rs_gallery_data is deprecated in C:\xampp\Desktop\mdcnpal\htdocs\public_html\core\app.php on line 434
[2026-07-06 17:07:38] Undefined array key "tempCityID" in C:\xampp\Desktop\mdcnpal\htdocs\public_html\includes\header.php on line 5
[2026-07-06 17:07:38] Undefined array key "items" in C:\xampp\Desktop\mdcnpal\htdocs\public_html\includes\header.php on line 16
[2026-07-06 17:07:39] Undefined array key "item_category" in C:\xampp\Desktop\mdcnpal\htdocs\public_html\includes\header.php on line 26
[2026-07-06 17:07:39] Undefined array key "item_diseases" in C:\xampp\Desktop\mdcnpal\htdocs\public_html\includes\header.php on line 33
[2026-07-06 17:07:39] Undefined property: app::$rs_cartmini in C:\xampp\Desktop\mdcnpal\htdocs\public_html\includes\header.php on line 131
[2026-07-06 17:07:39] Undefined array key "MDRCCustID" in C:\xampp\Desktop\mdcnpal\htdocs\public_html\includes\header.php on line 134
[2026-07-06 17:07:39] Undefined property: app::$rs_cartmini in C:\xampp\Desktop\mdcnpal\htdocs\public_html\includes\header.php on line 197
[2026-07-06 17:07:39] Undefined array key "MDRCCustID" in C:\xampp\Desktop\mdcnpal\htdocs\public_html\includes\header.php on line 200
[2026-07-06 17:07:39] Undefined property: app::$rs_cartmini in C:\xampp\Desktop\mdcnpal\htdocs\public_html\includes\header.php on line 469
[2026-07-06 17:07:39] Undefined array key "MDRCCustID" in C:\xampp\Desktop\mdcnpal\htdocs\public_html\includes\header.php on line 472
[2026-07-06 17:07:39] Undefined property: app::$rs_cartmini in C:\xampp\Desktop\mdcnpal\htdocs\public_html\includes\header.php on line 525
[2026-07-06 17:07:39] Undefined array key "MDRCCustID" in C:\xampp\Desktop\mdcnpal\htdocs\public_html\includes\header.php on line 528
[2026-07-06 17:07:39] Undefined property: app::$rs_customer in C:\xampp\Desktop\mdcnpal\htdocs\public_html\includes\header.php on line 712
[2026-07-06 17:07:39] Trying to access array offset on value of type null in C:\xampp\Desktop\mdcnpal\htdocs\public_html\includes\header.php on line 712
[2026-07-06 17:07:39] Undefined property: app::$rs_customer in C:\xampp\Desktop\mdcnpal\htdocs\public_html\includes\header.php on line 721
[2026-07-06 17:07:39] Trying to access array offset on value of type null in C:\xampp\Desktop\mdcnpal\htdocs\public_html\includes\header.php on line 721
[2026-07-06 17:07:39] Undefined property: app::$rs_customer in C:\xampp\Desktop\mdcnpal\htdocs\public_html\includes\header.php on line 730
[2026-07-06 17:07:39] Trying to access array offset on value of type null in C:\xampp\Desktop\mdcnpal\htdocs\public_html\includes\header.php on line 730
[2026-07-06 17:07:39] Undefined property: app::$rs_customer in C:\xampp\Desktop\mdcnpal\htdocs\public_html\includes\header.php on line 739
[2026-07-06 17:07:39] Trying to access array offset on value of type null in C:\xampp\Desktop\mdcnpal\htdocs\public_html\includes\header.php on line 739
[2026-07-06 17:07:39] Undefined variable $g_search_query in C:\xampp\Desktop\mdcnpal\htdocs\public_html\core\app.php(565) : eval()'d code on line 219
[2026-07-06 17:07:39] Undefined variable $department_cond in C:\xampp\Desktop\mdcnpal\htdocs\public_html\core\app.php(565) : eval()'d code on line 219
[2026-07-06 17:07:39] Undefined variable $type_cond in C:\xampp\Desktop\mdcnpal\htdocs\public_html\core\app.php(565) : eval()'d code on line 219
[2026-07-06 17:07:39] Undefined variable $dieses_cond in C:\xampp\Desktop\mdcnpal\htdocs\public_html\core\app.php(565) : eval()'d code on line 219
[2026-07-06 17:07:39] Undefined variable $popular_pack_cond in C:\xampp\Desktop\mdcnpal\htdocs\public_html\core\app.php(565) : eval()'d code on line 219
[2026-07-06 17:07:39] Undefined variable $g_search_query in C:\xampp\Desktop\mdcnpal\htdocs\public_html\core\app.php(565) : eval()'d code on line 219
[2026-07-06 17:07:39] Undefined variable $department_cond in C:\xampp\Desktop\mdcnpal\htdocs\public_html\core\app.php(565) : eval()'d code on line 219
[2026-07-06 17:07:39] Undefined variable $type_cond in C:\xampp\Desktop\mdcnpal\htdocs\public_html\core\app.php(565) : eval()'d code on line 219
[2026-07-06 17:07:39] Undefined variable $dieses_cond in C:\xampp\Desktop\mdcnpal\htdocs\public_html\core\app.php(565) : eval()'d code on line 219
[2026-07-06 17:07:39] Undefined variable $popular_pack_cond in C:\xampp\Desktop\mdcnpal\htdocs\public_html\core\app.php(565) : eval()'d code on line 219
[2026-07-06 17:07:39] Undefined variable $g_search_query in C:\xampp\Desktop\mdcnpal\htdocs\public_html\core\app.php(565) : eval()'d code on line 219
[2026-07-06 17:07:39] Undefined variable $department_cond in C:\xampp\Desktop\mdcnpal\htdocs\public_html\core\app.php(565) : eval()'d code on line 219
[2026-07-06 17:07:39] Undefined variable $type_cond in C:\xampp\Desktop\mdcnpal\htdocs\public_html\core\app.php(565) : eval()'d code on line 219
[2026-07-06 17:07:39] Undefined variable $dieses_cond in C:\xampp\Desktop\mdcnpal\htdocs\public_html\core\app.php(565) : eval()'d code on line 219
[2026-07-06 17:07:39] Undefined variable $popular_pack_cond in C:\xampp\Desktop\mdcnpal\htdocs\public_html\core\app.php(565) : eval()'d code on line 219
[2026-07-06 17:07:39] Undefined variable $g_search_query in C:\xampp\Desktop\mdcnpal\htdocs\public_html\core\app.php(565) : eval()'d code on line 219
[2026-07-06 17:07:39] Undefined variable $department_cond in C:\xampp\Desktop\mdcnpal\htdocs\public_html\core\app.php(565) : eval()'d code on line 219
[2026-07-06 17:07:39] Undefined variable $type_cond in C:\xampp\Desktop\mdcnpal\htdocs\public_html\core\app.php(565) : eval()'d code on line 219
[2026-07-06 17:07:39] Undefined variable $dieses_cond in C:\xampp\Desktop\mdcnpal\htdocs\public_html\core\app.php(565) : eval()'d code on line 219
[2026-07-06 17:07:39] Undefined variable $popular_pack_cond in C:\xampp\Desktop\mdcnpal\htdocs\public_html\core\app.php(565) : eval()'d code on line 219
[2026-07-06 17:07:39] Undefined variable $g_search_query in C:\xampp\Desktop\mdcnpal\htdocs\public_html\core\app.php(565) : eval()'d code on line 219
[2026-07-06 17:07:39] Undefined variable $department_cond in C:\xampp\Desktop\mdcnpal\htdocs\public_html\core\app.php(565) : eval()'d code on line 219
[2026-07-06 17:07:39] Undefined variable $type_cond in C:\xampp\Desktop\mdcnpal\htdocs\public_html\core\app.php(565) : eval()'d code on line 219
[2026-07-06 17:07:39] Undefined variable $dieses_cond in C:\xampp\Desktop\mdcnpal\htdocs\public_html\core\app.php(565) : eval()'d code on line 219
[2026-07-06 17:07:39] Undefined variable $popular_pack_cond in C:\xampp\Desktop\mdcnpal\htdocs\public_html\core\app.php(565) : eval()'d code on line 219
[2026-07-06 17:07:40] Undefined property: app::$rs_customer in C:\xampp\Desktop\mdcnpal\htdocs\public_html\includes\footer.php on line 357
[2026-07-06 17:07:40] Trying to access array offset on value of type null in C:\xampp\Desktop\mdcnpal\htdocs\public_html\includes\footer.php on line 357
[2026-07-06 17:07:40] Undefined property: app::$rs_customer in C:\xampp\Desktop\mdcnpal\htdocs\public_html\includes\footer.php on line 366
[2026-07-06 17:07:40] Trying to access array offset on value of type null in C:\xampp\Desktop\mdcnpal\htdocs\public_html\includes\footer.php on line 366
[2026-07-06 17:07:40] Undefined property: app::$rs_customer in C:\xampp\Desktop\mdcnpal\htdocs\public_html\includes\footer.php on line 372
[2026-07-06 17:07:40] Trying to access array offset on value of type null in C:\xampp\Desktop\mdcnpal\htdocs\public_html\includes\footer.php on line 372
[2026-07-06 17:07:40] Undefined property: app::$rs_customer in C:\xampp\Desktop\mdcnpal\htdocs\public_html\includes\general_data.php on line 88
[2026-07-06 17:07:40] Trying to access array offset on value of type null in C:\xampp\Desktop\mdcnpal\htdocs\public_html\includes\general_data.php on line 88
[2026-07-06 17:07:40] Undefined array key "MDRCCustID" in C:\xampp\Desktop\mdcnpal\htdocs\public_html\includes\general_data.php on line 88
[2026-07-06 17:07:40] Undefined variable $tmpStr in C:\xampp\Desktop\mdcnpal\htdocs\public_html\core\app.php on line 971
[2026-07-06 17:08:01] Creation of dynamic property dbclass::$RECORD_SET is deprecated in C:\xampp\Desktop\mdcnpal\htdocs\public_html\core\dbclass.php on line 69
[2026-07-06 17:08:01] Creation of dynamic property dbclass::$app is deprecated in C:\xampp\Desktop\mdcnpal\htdocs\public_html\core\dbclass.php on line 75
[2026-07-06 17:08:01] Creation of dynamic property model::$foreign_tables is deprecated in C:\xampp\Desktop\mdcnpal\htdocs\public_html\core\model.php on line 43
[2026-07-06 17:08:01] Creation of dynamic property app::$inputfilter is deprecated in C:\xampp\Desktop\mdcnpal\htdocs\public_html\core\app.php on line 123
[2026-07-06 17:08:01] Creation of dynamic property app::$userconfig is deprecated in C:\xampp\Desktop\mdcnpal\htdocs\public_html\core\app.php on line 124
[2026-07-06 17:08:01] Creation of dynamic property app::$global_include is deprecated in C:\xampp\Desktop\mdcnpal\htdocs\public_html\core\app.php on line 125
[2026-07-06 17:08:01] Creation of dynamic property app::$set_cache_time is deprecated in C:\xampp\Desktop\mdcnpal\htdocs\public_html\core\app.php on line 153
[2026-07-06 17:08:01] Creation of dynamic property app::$meta is deprecated in C:\xampp\Desktop\mdcnpal\htdocs\public_html\core\app.php on line 434
[2026-07-06 17:08:01] Creation of dynamic property app::$rs_gs_city is deprecated in C:\xampp\Desktop\mdcnpal\htdocs\public_html\core\app.php on line 434
[2026-07-06 17:08:01] Creation of dynamic property app::$rs_footer_popular_item is deprecated in C:\xampp\Desktop\mdcnpal\htdocs\public_html\core\app.php on line 434
[2026-07-06 17:08:01] Creation of dynamic property app::$rs_footer_popular_test is deprecated in C:\xampp\Desktop\mdcnpal\htdocs\public_html\core\app.php on line 434
[2026-07-06 17:08:01] Creation of dynamic property app::$rs_testimonial is deprecated in C:\xampp\Desktop\mdcnpal\htdocs\public_html\core\app.php on line 434
[2026-07-06 17:08:01] Creation of dynamic property app::$admin is deprecated in C:\xampp\Desktop\mdcnpal\htdocs\public_html\core\app.php on line 434
[2026-07-06 17:08:01] Undefined array key 0 in C:\xampp\Desktop\mdcnpal\htdocs\public_html\core\global_include.php on line 514
[2026-07-06 17:08:01] Creation of dynamic property app::$popup is deprecated in C:\xampp\Desktop\mdcnpal\htdocs\public_html\core\app.php on line 434
[2026-07-06 17:08:01] Undefined array key "MDRCCustID" in C:\xampp\Desktop\mdcnpal\htdocs\public_html\core\global_include.php on line 515
[2026-07-06 17:08:01] Undefined array key "MDRCToken" in C:\xampp\Desktop\mdcnpal\htdocs\public_html\core\global_include.php on line 515
[2026-07-06 17:08:01] Creation of dynamic property app::$rscategory is deprecated in C:\xampp\Desktop\mdcnpal\htdocs\public_html\core\app.php on line 434
[2026-07-06 17:08:01] Creation of dynamic property app::$rs_pages is deprecated in C:\xampp\Desktop\mdcnpal\htdocs\public_html\core\app.php on line 434
[2026-07-06 17:08:01] Creation of dynamic property app::$gs is deprecated in C:\xampp\Desktop\mdcnpal\htdocs\public_html\core\app.php on line 434
[2026-07-06 17:08:01] Undefined array key "MDRCCustID" in C:\xampp\Desktop\mdcnpal\htdocs\public_html\core\global_include.php on line 596
[2026-07-06 17:08:01] Undefined array key "MDRCCustID" in C:\xampp\Desktop\mdcnpal\htdocs\public_html\core\global_include.php on line 615
[2026-07-06 17:08:01] Undefined variable $getId in C:\xampp\Desktop\mdcnpal\htdocs\public_html\core\global_include.php on line 684
[2026-07-06 17:08:01] Undefined variable $getName in C:\xampp\Desktop\mdcnpal\htdocs\public_html\core\global_include.php on line 685
[2026-07-06 17:08:01] Undefined array key 0 in C:\xampp\Desktop\mdcnpal\htdocs\public_html\core\global_include.php on line 810
[2026-07-06 17:08:01] Creation of dynamic property app::$rs_offer_msg is deprecated in C:\xampp\Desktop\mdcnpal\htdocs\public_html\core\app.php on line 434
[2026-07-06 17:08:01] Creation of dynamic property app::$rs_for_doctors is deprecated in C:\xampp\Desktop\mdcnpal\htdocs\public_html\core\app.php on line 434
[2026-07-06 17:08:01] Creation of dynamic property app::$description is deprecated in C:\xampp\Desktop\mdcnpal\htdocs\public_html\core\app.php on line 434
[2026-07-06 17:08:01] Creation of dynamic property app::$rs_banner is deprecated in C:\xampp\Desktop\mdcnpal\htdocs\public_html\core\app.php on line 434
[2026-07-06 17:08:01] Creation of dynamic property app::$rs_item_diseases is deprecated in C:\xampp\Desktop\mdcnpal\htdocs\public_html\core\app.php on line 434
[2026-07-06 17:08:01] Creation of dynamic property app::$rs_item_home_category is deprecated in C:\xampp\Desktop\mdcnpal\htdocs\public_html\core\app.php on line 434
[2026-07-06 17:08:01] Creation of dynamic property app::$rs_item_banner_category is deprecated in C:\xampp\Desktop\mdcnpal\htdocs\public_html\core\app.php on line 434
[2026-07-06 17:08:01] Creation of dynamic property app::$rs_services is deprecated in C:\xampp\Desktop\mdcnpal\htdocs\public_html\core\app.php on line 434
[2026-07-06 17:08:01] Creation of dynamic property app::$rs_blog is deprecated in C:\xampp\Desktop\mdcnpal\htdocs\public_html\core\app.php on line 434
[2026-07-06 17:08:01] Creation of dynamic property app::$rs_category is deprecated in C:\xampp\Desktop\mdcnpal\htdocs\public_html\core\app.php on line 434
[2026-07-06 17:08:01] Creation of dynamic property app::$rs_faq_data is deprecated in C:\xampp\Desktop\mdcnpal\htdocs\public_html\core\app.php on line 434
[2026-07-06 17:08:01] Creation of dynamic property app::$rs_gallery_data is deprecated in C:\xampp\Desktop\mdcnpal\htdocs\public_html\core\app.php on line 434
[2026-07-06 17:08:01] Undefined property: app::$rs_cartmini in C:\xampp\Desktop\mdcnpal\htdocs\public_html\includes\header.php on line 131
[2026-07-06 17:08:01] Undefined array key "MDRCCustID" in C:\xampp\Desktop\mdcnpal\htdocs\public_html\includes\header.php on line 134
[2026-07-06 17:08:01] Undefined property: app::$rs_cartmini in C:\xampp\Desktop\mdcnpal\htdocs\public_html\includes\header.php on line 197
[2026-07-06 17:08:01] Undefined array key "MDRCCustID" in C:\xampp\Desktop\mdcnpal\htdocs\public_html\includes\header.php on line 200
[2026-07-06 17:08:02] Undefined property: app::$rs_cartmini in C:\xampp\Desktop\mdcnpal\htdocs\public_html\includes\header.php on line 469
[2026-07-06 17:08:02] Undefined array key "MDRCCustID" in C:\xampp\Desktop\mdcnpal\htdocs\public_html\includes\header.php on line 472
[2026-07-06 17:08:02] Undefined property: app::$rs_cartmini in C:\xampp\Desktop\mdcnpal\htdocs\public_html\includes\header.php on line 525
[2026-07-06 17:08:02] Undefined array key "MDRCCustID" in C:\xampp\Desktop\mdcnpal\htdocs\public_html\includes\header.php on line 528
[2026-07-06 17:08:02] Undefined property: app::$rs_customer in C:\xampp\Desktop\mdcnpal\htdocs\public_html\includes\header.php on line 712
[2026-07-06 17:08:02] Trying to access array offset on value of type null in C:\xampp\Desktop\mdcnpal\htdocs\public_html\includes\header.php on line 712
[2026-07-06 17:08:02] Undefined property: app::$rs_customer in C:\xampp\Desktop\mdcnpal\htdocs\public_html\includes\header.php on line 721
[2026-07-06 17:08:02] Trying to access array offset on value of type null in C:\xampp\Desktop\mdcnpal\htdocs\public_html\includes\header.php on line 721
[2026-07-06 17:08:02] Undefined property: app::$rs_customer in C:\xampp\Desktop\mdcnpal\htdocs\public_html\includes\header.php on line 730
[2026-07-06 17:08:02] Trying to access array offset on value of type null in C:\xampp\Desktop\mdcnpal\htdocs\public_html\includes\header.php on line 730
[2026-07-06 17:08:02] Undefined property: app::$rs_customer in C:\xampp\Desktop\mdcnpal\htdocs\public_html\includes\header.php on line 739
[2026-07-06 17:08:02] Trying to access array offset on value of type null in C:\xampp\Desktop\mdcnpal\htdocs\public_html\includes\header.php on line 739
[2026-07-06 17:08:02] Undefined variable $g_search_query in C:\xampp\Desktop\mdcnpal\htdocs\public_html\core\app.php(565) : eval()'d code on line 219
[2026-07-06 17:08:02] Undefined variable $department_cond in C:\xampp\Desktop\mdcnpal\htdocs\public_html\core\app.php(565) : eval()'d code on line 219
[2026-07-06 17:08:02] Undefined variable $type_cond in C:\xampp\Desktop\mdcnpal\htdocs\public_html\core\app.php(565) : eval()'d code on line 219
[2026-07-06 17:08:02] Undefined variable $dieses_cond in C:\xampp\Desktop\mdcnpal\htdocs\public_html\core\app.php(565) : eval()'d code on line 219
[2026-07-06 17:08:02] Undefined variable $popular_pack_cond in C:\xampp\Desktop\mdcnpal\htdocs\public_html\core\app.php(565) : eval()'d code on line 219
[2026-07-06 17:08:02] Undefined variable $g_search_query in C:\xampp\Desktop\mdcnpal\htdocs\public_html\core\app.php(565) : eval()'d code on line 219
[2026-07-06 17:08:02] Undefined variable $department_cond in C:\xampp\Desktop\mdcnpal\htdocs\public_html\core\app.php(565) : eval()'d code on line 219
[2026-07-06 17:08:02] Undefined variable $type_cond in C:\xampp\Desktop\mdcnpal\htdocs\public_html\core\app.php(565) : eval()'d code on line 219
[2026-07-06 17:08:02] Undefined variable $dieses_cond in C:\xampp\Desktop\mdcnpal\htdocs\public_html\core\app.php(565) : eval()'d code on line 219
[2026-07-06 17:08:02] Undefined variable $popular_pack_cond in C:\xampp\Desktop\mdcnpal\htdocs\public_html\core\app.php(565) : eval()'d code on line 219
[2026-07-06 17:08:02] Undefined variable $g_search_query in C:\xampp\Desktop\mdcnpal\htdocs\public_html\core\app.php(565) : eval()'d code on line 219
[2026-07-06 17:08:02] Undefined variable $department_cond in C:\xampp\Desktop\mdcnpal\htdocs\public_html\core\app.php(565) : eval()'d code on line 219
[2026-07-06 17:08:02] Undefined variable $type_cond in C:\xampp\Desktop\mdcnpal\htdocs\public_html\core\app.php(565) : eval()'d code on line 219
[2026-07-06 17:08:02] Undefined variable $dieses_cond in C:\xampp\Desktop\mdcnpal\htdocs\public_html\core\app.php(565) : eval()'d code on line 219
[2026-07-06 17:08:02] Undefined variable $popular_pack_cond in C:\xampp\Desktop\mdcnpal\htdocs\public_html\core\app.php(565) : eval()'d code on line 219
[2026-07-06 17:08:02] Undefined variable $g_search_query in C:\xampp\Desktop\mdcnpal\htdocs\public_html\core\app.php(565) : eval()'d code on line 219
[2026-07-06 17:08:02] Undefined variable $department_cond in C:\xampp\Desktop\mdcnpal\htdocs\public_html\core\app.php(565) : eval()'d code on line 219
[2026-07-06 17:08:02] Undefined variable $type_cond in C:\xampp\Desktop\mdcnpal\htdocs\public_html\core\app.php(565) : eval()'d code on line 219
[2026-07-06 17:08:02] Undefined variable $dieses_cond in C:\xampp\Desktop\mdcnpal\htdocs\public_html\core\app.php(565) : eval()'d code on line 219
[2026-07-06 17:08:02] Undefined variable $popular_pack_cond in C:\xampp\Desktop\mdcnpal\htdocs\public_html\core\app.php(565) : eval()'d code on line 219
[2026-07-06 17:08:02] Undefined variable $g_search_query in C:\xampp\Desktop\mdcnpal\htdocs\public_html\core\app.php(565) : eval()'d code on line 219
[2026-07-06 17:08:02] Undefined variable $department_cond in C:\xampp\Desktop\mdcnpal\htdocs\public_html\core\app.php(565) : eval()'d code on line 219
[2026-07-06 17:08:02] Undefined variable $type_cond in C:\xampp\Desktop\mdcnpal\htdocs\public_html\core\app.php(565) : eval()'d code on line 219
[2026-07-06 17:08:02] Undefined variable $dieses_cond in C:\xampp\Desktop\mdcnpal\htdocs\public_html\core\app.php(565) : eval()'d code on line 219
[2026-07-06 17:08:02] Undefined variable $popular_pack_cond in C:\xampp\Desktop\mdcnpal\htdocs\public_html\core\app.php(565) : eval()'d code on line 219
[2026-07-06 17:08:02] Undefined property: app::$rs_customer in C:\xampp\Desktop\mdcnpal\htdocs\public_html\includes\footer.php on line 357
[2026-07-06 17:08:02] Trying to access array offset on value of type null in C:\xampp\Desktop\mdcnpal\htdocs\public_html\includes\footer.php on line 357
[2026-07-06 17:08:02] Undefined property: app::$rs_customer in C:\xampp\Desktop\mdcnpal\htdocs\public_html\includes\footer.php on line 366
[2026-07-06 17:08:02] Trying to access array offset on value of type null in C:\xampp\Desktop\mdcnpal\htdocs\public_html\includes\footer.php on line 366
[2026-07-06 17:08:02] Undefined property: app::$rs_customer in C:\xampp\Desktop\mdcnpal\htdocs\public_html\includes\footer.php on line 372
[2026-07-06 17:08:02] Trying to access array offset on value of type null in C:\xampp\Desktop\mdcnpal\htdocs\public_html\includes\footer.php on line 372
[2026-07-06 17:08:02] Undefined property: app::$rs_customer in C:\xampp\Desktop\mdcnpal\htdocs\public_html\includes\general_data.php on line 88
[2026-07-06 17:08:02] Trying to access array offset on value of type null in C:\xampp\Desktop\mdcnpal\htdocs\public_html\includes\general_data.php on line 88
[2026-07-06 17:08:02] Undefined array key "MDRCCustID" in C:\xampp\Desktop\mdcnpal\htdocs\public_html\includes\general_data.php on line 88
[2026-07-06 17:08:02] Undefined variable $tmpStr in C:\xampp\Desktop\mdcnpal\htdocs\public_html\core\app.php on line 971
[2026-07-06 17:08:07] Creation of dynamic property dbclass::$RECORD_SET is deprecated in C:\xampp\Desktop\mdcnpal\htdocs\public_html\core\dbclass.php on line 69
[2026-07-06 17:08:07] Creation of dynamic property dbclass::$app is deprecated in C:\xampp\Desktop\mdcnpal\htdocs\public_html\core\dbclass.php on line 75
[2026-07-06 17:08:07] Creation of dynamic property model::$foreign_tables is deprecated in C:\xampp\Desktop\mdcnpal\htdocs\public_html\core\model.php on line 43
[2026-07-06 17:08:07] Creation of dynamic property app::$inputfilter is deprecated in C:\xampp\Desktop\mdcnpal\htdocs\public_html\core\app.php on line 123
[2026-07-06 17:08:07] Creation of dynamic property app::$userconfig is deprecated in C:\xampp\Desktop\mdcnpal\htdocs\public_html\core\app.php on line 124
[2026-07-06 17:08:07] Creation of dynamic property app::$global_include is deprecated in C:\xampp\Desktop\mdcnpal\htdocs\public_html\core\app.php on line 125
[2026-07-06 17:08:07] Creation of dynamic property app::$set_cache_time is deprecated in C:\xampp\Desktop\mdcnpal\htdocs\public_html\core\app.php on line 153
[06-Jul-2026 17:08:07 Asia/Kathmandu] PHP Fatal error:  Array and string offset access syntax with curly braces is no longer supported in C:\xampp\Desktop\mdcnpal\htdocs\public_html\modules\JSON\class.JSON.php on line 156
[2026-07-06 17:08:27] Creation of dynamic property dbclass::$RECORD_SET is deprecated in C:\xampp\Desktop\mdcnpal\htdocs\public_html\core\dbclass.php on line 69
[2026-07-06 17:08:27] Creation of dynamic property dbclass::$app is deprecated in C:\xampp\Desktop\mdcnpal\htdocs\public_html\core\dbclass.php on line 75
[2026-07-06 17:08:27] Creation of dynamic property model::$foreign_tables is deprecated in C:\xampp\Desktop\mdcnpal\htdocs\public_html\core\model.php on line 43
[2026-07-06 17:08:27] Creation of dynamic property app::$inputfilter is deprecated in C:\xampp\Desktop\mdcnpal\htdocs\public_html\core\app.php on line 123
[2026-07-06 17:08:27] Creation of dynamic property app::$userconfig is deprecated in C:\xampp\Desktop\mdcnpal\htdocs\public_html\core\app.php on line 124
[2026-07-06 17:08:27] Creation of dynamic property app::$global_include is deprecated in C:\xampp\Desktop\mdcnpal\htdocs\public_html\core\app.php on line 125
[2026-07-06 17:08:27] Creation of dynamic property app::$set_cache_time is deprecated in C:\xampp\Desktop\mdcnpal\htdocs\public_html\core\app.php on line 153
[2026-07-06 17:08:27] Undefined array key "cityID" in C:\xampp\Desktop\mdcnpal\htdocs\public_html\core\global_include.php on line 381
[2026-07-06 17:08:27] Undefined array key "cityID" in C:\xampp\Desktop\mdcnpal\htdocs\public_html\core\global_include.php on line 416
[2026-07-06 17:08:27] Creation of dynamic property app::$meta is deprecated in C:\xampp\Desktop\mdcnpal\htdocs\public_html\core\app.php on line 434
[2026-07-06 17:08:27] Creation of dynamic property app::$rs_gs_city is deprecated in C:\xampp\Desktop\mdcnpal\htdocs\public_html\core\app.php on line 434
[2026-07-06 17:08:27] Undefined array key "cityID" in C:\xampp\Desktop\mdcnpal\htdocs\public_html\core\global_include.php on line 468
[2026-07-06 17:08:27] Creation of dynamic property app::$rs_footer_popular_item is deprecated in C:\xampp\Desktop\mdcnpal\htdocs\public_html\core\app.php on line 434
[2026-07-06 17:08:27] Creation of dynamic property app::$rs_footer_popular_test is deprecated in C:\xampp\Desktop\mdcnpal\htdocs\public_html\core\app.php on line 434
[2026-07-06 17:08:27] Creation of dynamic property app::$rs_testimonial is deprecated in C:\xampp\Desktop\mdcnpal\htdocs\public_html\core\app.php on line 434
[2026-07-06 17:08:27] Creation of dynamic property app::$admin is deprecated in C:\xampp\Desktop\mdcnpal\htdocs\public_html\core\app.php on line 434
[2026-07-06 17:08:27] Undefined array key 0 in C:\xampp\Desktop\mdcnpal\htdocs\public_html\core\global_include.php on line 514
[2026-07-06 17:08:27] Creation of dynamic property app::$popup is deprecated in C:\xampp\Desktop\mdcnpal\htdocs\public_html\core\app.php on line 434
[2026-07-06 17:08:27] Undefined array key "MDRCCustID" in C:\xampp\Desktop\mdcnpal\htdocs\public_html\core\global_include.php on line 515
[2026-07-06 17:08:27] Undefined array key "MDRCToken" in C:\xampp\Desktop\mdcnpal\htdocs\public_html\core\global_include.php on line 515
[2026-07-06 17:08:27] Creation of dynamic property app::$rscategory is deprecated in C:\xampp\Desktop\mdcnpal\htdocs\public_html\core\app.php on line 434
[2026-07-06 17:08:27] Creation of dynamic property app::$rs_pages is deprecated in C:\xampp\Desktop\mdcnpal\htdocs\public_html\core\app.php on line 434
[2026-07-06 17:08:27] Creation of dynamic property app::$gs is deprecated in C:\xampp\Desktop\mdcnpal\htdocs\public_html\core\app.php on line 434
[2026-07-06 17:08:27] Undefined array key "MDRCCustID" in C:\xampp\Desktop\mdcnpal\htdocs\public_html\core\global_include.php on line 596
[2026-07-06 17:08:27] Undefined array key "MDRCCustID" in C:\xampp\Desktop\mdcnpal\htdocs\public_html\core\global_include.php on line 615
[2026-07-06 17:08:27] Undefined variable $getId in C:\xampp\Desktop\mdcnpal\htdocs\public_html\core\global_include.php on line 684
[2026-07-06 17:08:27] Undefined variable $getName in C:\xampp\Desktop\mdcnpal\htdocs\public_html\core\global_include.php on line 685
[2026-07-06 17:08:27] Undefined array key 0 in C:\xampp\Desktop\mdcnpal\htdocs\public_html\core\global_include.php on line 810
[2026-07-06 17:08:27] Creation of dynamic property app::$rs_offer_msg is deprecated in C:\xampp\Desktop\mdcnpal\htdocs\public_html\core\app.php on line 434
[2026-07-06 17:08:27] Creation of dynamic property app::$rs_for_doctors is deprecated in C:\xampp\Desktop\mdcnpal\htdocs\public_html\core\app.php on line 434
[2026-07-06 17:08:27] Creation of dynamic property app::$description is deprecated in C:\xampp\Desktop\mdcnpal\htdocs\public_html\core\app.php on line 434
[2026-07-06 17:08:27] Creation of dynamic property app::$rs_banner is deprecated in C:\xampp\Desktop\mdcnpal\htdocs\public_html\core\app.php on line 434
[2026-07-06 17:08:27] Creation of dynamic property app::$rs_item_diseases is deprecated in C:\xampp\Desktop\mdcnpal\htdocs\public_html\core\app.php on line 434
[2026-07-06 17:08:27] Creation of dynamic property app::$rs_item_home_category is deprecated in C:\xampp\Desktop\mdcnpal\htdocs\public_html\core\app.php on line 434
[2026-07-06 17:08:27] Creation of dynamic property app::$rs_item_banner_category is deprecated in C:\xampp\Desktop\mdcnpal\htdocs\public_html\core\app.php on line 434
[2026-07-06 17:08:27] Creation of dynamic property app::$rs_services is deprecated in C:\xampp\Desktop\mdcnpal\htdocs\public_html\core\app.php on line 434
[2026-07-06 17:08:27] Creation of dynamic property app::$rs_blog is deprecated in C:\xampp\Desktop\mdcnpal\htdocs\public_html\core\app.php on line 434
[2026-07-06 17:08:27] Creation of dynamic property app::$rs_category is deprecated in C:\xampp\Desktop\mdcnpal\htdocs\public_html\core\app.php on line 434
[2026-07-06 17:08:27] Creation of dynamic property app::$rs_faq_data is deprecated in C:\xampp\Desktop\mdcnpal\htdocs\public_html\core\app.php on line 434
[2026-07-06 17:08:27] Creation of dynamic property app::$rs_gallery_data is deprecated in C:\xampp\Desktop\mdcnpal\htdocs\public_html\core\app.php on line 434
[2026-07-06 17:08:27] Undefined array key "tempCityID" in C:\xampp\Desktop\mdcnpal\htdocs\public_html\includes\header.php on line 5
[2026-07-06 17:08:27] Undefined array key "items" in C:\xampp\Desktop\mdcnpal\htdocs\public_html\includes\header.php on line 16
[2026-07-06 17:08:27] Undefined array key "item_category" in C:\xampp\Desktop\mdcnpal\htdocs\public_html\includes\header.php on line 26
[2026-07-06 17:08:27] Undefined array key "item_diseases" in C:\xampp\Desktop\mdcnpal\htdocs\public_html\includes\header.php on line 33
[2026-07-06 17:08:27] Undefined property: app::$rs_cartmini in C:\xampp\Desktop\mdcnpal\htdocs\public_html\includes\header.php on line 131
[2026-07-06 17:08:27] Undefined array key "MDRCCustID" in C:\xampp\Desktop\mdcnpal\htdocs\public_html\includes\header.php on line 134
[2026-07-06 17:08:27] Undefined property: app::$rs_cartmini in C:\xampp\Desktop\mdcnpal\htdocs\public_html\includes\header.php on line 197
[2026-07-06 17:08:27] Undefined array key "MDRCCustID" in C:\xampp\Desktop\mdcnpal\htdocs\public_html\includes\header.php on line 200
[2026-07-06 17:08:27] Undefined property: app::$rs_cartmini in C:\xampp\Desktop\mdcnpal\htdocs\public_html\includes\header.php on line 469
[2026-07-06 17:08:27] Undefined array key "MDRCCustID" in C:\xampp\Desktop\mdcnpal\htdocs\public_html\includes\header.php on line 472
[2026-07-06 17:08:27] Undefined property: app::$rs_cartmini in C:\xampp\Desktop\mdcnpal\htdocs\public_html\includes\header.php on line 525
[2026-07-06 17:08:27] Undefined array key "MDRCCustID" in C:\xampp\Desktop\mdcnpal\htdocs\public_html\includes\header.php on line 528
[2026-07-06 17:08:27] Undefined property: app::$rs_customer in C:\xampp\Desktop\mdcnpal\htdocs\public_html\includes\header.php on line 712
[2026-07-06 17:08:27] Trying to access array offset on value of type null in C:\xampp\Desktop\mdcnpal\htdocs\public_html\includes\header.php on line 712
[2026-07-06 17:08:27] Undefined property: app::$rs_customer in C:\xampp\Desktop\mdcnpal\htdocs\public_html\includes\header.php on line 721
[2026-07-06 17:08:27] Trying to access array offset on value of type null in C:\xampp\Desktop\mdcnpal\htdocs\public_html\includes\header.php on line 721
[2026-07-06 17:08:27] Undefined property: app::$rs_customer in C:\xampp\Desktop\mdcnpal\htdocs\public_html\includes\header.php on line 730
[2026-07-06 17:08:27] Trying to access array offset on value of type null in C:\xampp\Desktop\mdcnpal\htdocs\public_html\includes\header.php on line 730
[2026-07-06 17:08:27] Undefined property: app::$rs_customer in C:\xampp\Desktop\mdcnpal\htdocs\public_html\includes\header.php on line 739
[2026-07-06 17:08:27] Trying to access array offset on value of type null in C:\xampp\Desktop\mdcnpal\htdocs\public_html\includes\header.php on line 739
[2026-07-06 17:08:27] Undefined variable $g_search_query in C:\xampp\Desktop\mdcnpal\htdocs\public_html\core\app.php(565) : eval()'d code on line 219
[2026-07-06 17:08:27] Undefined variable $department_cond in C:\xampp\Desktop\mdcnpal\htdocs\public_html\core\app.php(565) : eval()'d code on line 219
[2026-07-06 17:08:27] Undefined variable $type_cond in C:\xampp\Desktop\mdcnpal\htdocs\public_html\core\app.php(565) : eval()'d code on line 219
[2026-07-06 17:08:27] Undefined variable $dieses_cond in C:\xampp\Desktop\mdcnpal\htdocs\public_html\core\app.php(565) : eval()'d code on line 219
[2026-07-06 17:08:27] Undefined variable $popular_pack_cond in C:\xampp\Desktop\mdcnpal\htdocs\public_html\core\app.php(565) : eval()'d code on line 219
[2026-07-06 17:08:27] Undefined variable $g_search_query in C:\xampp\Desktop\mdcnpal\htdocs\public_html\core\app.php(565) : eval()'d code on line 219
[2026-07-06 17:08:27] Undefined variable $department_cond in C:\xampp\Desktop\mdcnpal\htdocs\public_html\core\app.php(565) : eval()'d code on line 219
[2026-07-06 17:08:27] Undefined variable $type_cond in C:\xampp\Desktop\mdcnpal\htdocs\public_html\core\app.php(565) : eval()'d code on line 219
[2026-07-06 17:08:27] Undefined variable $dieses_cond in C:\xampp\Desktop\mdcnpal\htdocs\public_html\core\app.php(565) : eval()'d code on line 219
[2026-07-06 17:08:27] Undefined variable $popular_pack_cond in C:\xampp\Desktop\mdcnpal\htdocs\public_html\core\app.php(565) : eval()'d code on line 219
[2026-07-06 17:08:27] Undefined variable $g_search_query in C:\xampp\Desktop\mdcnpal\htdocs\public_html\core\app.php(565) : eval()'d code on line 219
[2026-07-06 17:08:27] Undefined variable $department_cond in C:\xampp\Desktop\mdcnpal\htdocs\public_html\core\app.php(565) : eval()'d code on line 219
[2026-07-06 17:08:27] Undefined variable $type_cond in C:\xampp\Desktop\mdcnpal\htdocs\public_html\core\app.php(565) : eval()'d code on line 219
[2026-07-06 17:08:27] Undefined variable $dieses_cond in C:\xampp\Desktop\mdcnpal\htdocs\public_html\core\app.php(565) : eval()'d code on line 219
[2026-07-06 17:08:27] Undefined variable $popular_pack_cond in C:\xampp\Desktop\mdcnpal\htdocs\public_html\core\app.php(565) : eval()'d code on line 219
[2026-07-06 17:08:27] Undefined variable $g_search_query in C:\xampp\Desktop\mdcnpal\htdocs\public_html\core\app.php(565) : eval()'d code on line 219
[2026-07-06 17:08:27] Undefined variable $department_cond in C:\xampp\Desktop\mdcnpal\htdocs\public_html\core\app.php(565) : eval()'d code on line 219
[2026-07-06 17:08:27] Undefined variable $type_cond in C:\xampp\Desktop\mdcnpal\htdocs\public_html\core\app.php(565) : eval()'d code on line 219
[2026-07-06 17:08:27] Undefined variable $dieses_cond in C:\xampp\Desktop\mdcnpal\htdocs\public_html\core\app.php(565) : eval()'d code on line 219
[2026-07-06 17:08:27] Undefined variable $popular_pack_cond in C:\xampp\Desktop\mdcnpal\htdocs\public_html\core\app.php(565) : eval()'d code on line 219
[2026-07-06 17:08:27] Undefined variable $g_search_query in C:\xampp\Desktop\mdcnpal\htdocs\public_html\core\app.php(565) : eval()'d code on line 219
[2026-07-06 17:08:27] Undefined variable $department_cond in C:\xampp\Desktop\mdcnpal\htdocs\public_html\core\app.php(565) : eval()'d code on line 219
[2026-07-06 17:08:27] Undefined variable $type_cond in C:\xampp\Desktop\mdcnpal\htdocs\public_html\core\app.php(565) : eval()'d code on line 219
[2026-07-06 17:08:27] Undefined variable $dieses_cond in C:\xampp\Desktop\mdcnpal\htdocs\public_html\core\app.php(565) : eval()'d code on line 219
[2026-07-06 17:08:27] Undefined variable $popular_pack_cond in C:\xampp\Desktop\mdcnpal\htdocs\public_html\core\app.php(565) : eval()'d code on line 219
[2026-07-06 17:08:27] Undefined property: app::$rs_customer in C:\xampp\Desktop\mdcnpal\htdocs\public_html\includes\footer.php on line 357
[2026-07-06 17:08:27] Trying to access array offset on value of type null in C:\xampp\Desktop\mdcnpal\htdocs\public_html\includes\footer.php on line 357
[2026-07-06 17:08:27] Undefined property: app::$rs_customer in C:\xampp\Desktop\mdcnpal\htdocs\public_html\includes\footer.php on line 366
[2026-07-06 17:08:27] Trying to access array offset on value of type null in C:\xampp\Desktop\mdcnpal\htdocs\public_html\includes\footer.php on line 366
[2026-07-06 17:08:27] Undefined property: app::$rs_customer in C:\xampp\Desktop\mdcnpal\htdocs\public_html\includes\footer.php on line 372
[2026-07-06 17:08:27] Trying to access array offset on value of type null in C:\xampp\Desktop\mdcnpal\htdocs\public_html\includes\footer.php on line 372
[2026-07-06 17:08:27] Undefined property: app::$rs_customer in C:\xampp\Desktop\mdcnpal\htdocs\public_html\includes\general_data.php on line 88
[2026-07-06 17:08:27] Trying to access array offset on value of type null in C:\xampp\Desktop\mdcnpal\htdocs\public_html\includes\general_data.php on line 88
[2026-07-06 17:08:27] Undefined array key "MDRCCustID" in C:\xampp\Desktop\mdcnpal\htdocs\public_html\includes\general_data.php on line 88
[2026-07-06 17:08:27] Undefined variable $tmpStr in C:\xampp\Desktop\mdcnpal\htdocs\public_html\core\app.php on line 971
[2026-07-06 17:09:05] Creation of dynamic property dbclass::$RECORD_SET is deprecated in C:\xampp\Desktop\mdcnpal\htdocs\public_html\core\dbclass.php on line 69
[2026-07-06 17:09:05] Creation of dynamic property dbclass::$app is deprecated in C:\xampp\Desktop\mdcnpal\htdocs\public_html\core\dbclass.php on line 75
[2026-07-06 17:09:05] Creation of dynamic property model::$foreign_tables is deprecated in C:\xampp\Desktop\mdcnpal\htdocs\public_html\core\model.php on line 43
[2026-07-06 17:09:05] Creation of dynamic property app::$inputfilter is deprecated in C:\xampp\Desktop\mdcnpal\htdocs\public_html\core\app.php on line 123
[2026-07-06 17:09:05] Creation of dynamic property app::$userconfig is deprecated in C:\xampp\Desktop\mdcnpal\htdocs\public_html\core\app.php on line 124
[2026-07-06 17:09:05] Creation of dynamic property app::$global_include is deprecated in C:\xampp\Desktop\mdcnpal\htdocs\public_html\core\app.php on line 125
[2026-07-06 17:09:05] Creation of dynamic property app::$set_cache_time is deprecated in C:\xampp\Desktop\mdcnpal\htdocs\public_html\core\app.php on line 153
[2026-07-06 17:09:05] Creation of dynamic property app::$meta is deprecated in C:\xampp\Desktop\mdcnpal\htdocs\public_html\core\app.php on line 434
[2026-07-06 17:09:05] Creation of dynamic property app::$rs_gs_city is deprecated in C:\xampp\Desktop\mdcnpal\htdocs\public_html\core\app.php on line 434
[2026-07-06 17:09:05] Creation of dynamic property app::$rs_footer_popular_item is deprecated in C:\xampp\Desktop\mdcnpal\htdocs\public_html\core\app.php on line 434
[2026-07-06 17:09:06] Creation of dynamic property app::$rs_footer_popular_test is deprecated in C:\xampp\Desktop\mdcnpal\htdocs\public_html\core\app.php on line 434
[2026-07-06 17:09:06] Creation of dynamic property app::$rs_testimonial is deprecated in C:\xampp\Desktop\mdcnpal\htdocs\public_html\core\app.php on line 434
[2026-07-06 17:09:06] Creation of dynamic property app::$admin is deprecated in C:\xampp\Desktop\mdcnpal\htdocs\public_html\core\app.php on line 434
[2026-07-06 17:09:06] Undefined array key 0 in C:\xampp\Desktop\mdcnpal\htdocs\public_html\core\global_include.php on line 514
[2026-07-06 17:09:06] Creation of dynamic property app::$popup is deprecated in C:\xampp\Desktop\mdcnpal\htdocs\public_html\core\app.php on line 434
[2026-07-06 17:09:06] Undefined array key "MDRCCustID" in C:\xampp\Desktop\mdcnpal\htdocs\public_html\core\global_include.php on line 515
[2026-07-06 17:09:06] Undefined array key "MDRCToken" in C:\xampp\Desktop\mdcnpal\htdocs\public_html\core\global_include.php on line 515
[2026-07-06 17:09:06] Creation of dynamic property app::$rscategory is deprecated in C:\xampp\Desktop\mdcnpal\htdocs\public_html\core\app.php on line 434
[2026-07-06 17:09:06] Creation of dynamic property app::$rs_pages is deprecated in C:\xampp\Desktop\mdcnpal\htdocs\public_html\core\app.php on line 434
[2026-07-06 17:09:06] Creation of dynamic property app::$gs is deprecated in C:\xampp\Desktop\mdcnpal\htdocs\public_html\core\app.php on line 434
[2026-07-06 17:09:06] Undefined array key "MDRCCustID" in C:\xampp\Desktop\mdcnpal\htdocs\public_html\core\global_include.php on line 596
[2026-07-06 17:09:06] Undefined array key "MDRCCustID" in C:\xampp\Desktop\mdcnpal\htdocs\public_html\core\global_include.php on line 615
[2026-07-06 17:09:06] Undefined variable $getId in C:\xampp\Desktop\mdcnpal\htdocs\public_html\core\global_include.php on line 684
[2026-07-06 17:09:06] Undefined variable $getName in C:\xampp\Desktop\mdcnpal\htdocs\public_html\core\global_include.php on line 685
[2026-07-06 17:09:06] Undefined array key 0 in C:\xampp\Desktop\mdcnpal\htdocs\public_html\core\global_include.php on line 810
[2026-07-06 17:09:06] Creation of dynamic property app::$rs_offer_msg is deprecated in C:\xampp\Desktop\mdcnpal\htdocs\public_html\core\app.php on line 434
[2026-07-06 17:09:06] Creation of dynamic property app::$rs_for_doctors is deprecated in C:\xampp\Desktop\mdcnpal\htdocs\public_html\core\app.php on line 434
[2026-07-06 17:09:06] Creation of dynamic property app::$description is deprecated in C:\xampp\Desktop\mdcnpal\htdocs\public_html\core\app.php on line 434
[2026-07-06 17:09:06] Creation of dynamic property app::$rs_banner is deprecated in C:\xampp\Desktop\mdcnpal\htdocs\public_html\core\app.php on line 434
[2026-07-06 17:09:06] Creation of dynamic property app::$rs_item_diseases is deprecated in C:\xampp\Desktop\mdcnpal\htdocs\public_html\core\app.php on line 434
[2026-07-06 17:09:06] Creation of dynamic property app::$rs_item_home_category is deprecated in C:\xampp\Desktop\mdcnpal\htdocs\public_html\core\app.php on line 434
[2026-07-06 17:09:06] Creation of dynamic property app::$rs_item_banner_category is deprecated in C:\xampp\Desktop\mdcnpal\htdocs\public_html\core\app.php on line 434
[2026-07-06 17:09:06] Creation of dynamic property app::$rs_services is deprecated in C:\xampp\Desktop\mdcnpal\htdocs\public_html\core\app.php on line 434
[2026-07-06 17:09:06] Creation of dynamic property app::$rs_blog is deprecated in C:\xampp\Desktop\mdcnpal\htdocs\public_html\core\app.php on line 434
[2026-07-06 17:09:06] Creation of dynamic property app::$rs_category is deprecated in C:\xampp\Desktop\mdcnpal\htdocs\public_html\core\app.php on line 434
[2026-07-06 17:09:06] Creation of dynamic property app::$rs_faq_data is deprecated in C:\xampp\Desktop\mdcnpal\htdocs\public_html\core\app.php on line 434
[2026-07-06 17:09:06] Creation of dynamic property app::$rs_gallery_data is deprecated in C:\xampp\Desktop\mdcnpal\htdocs\public_html\core\app.php on line 434
[2026-07-06 17:09:06] Undefined property: app::$rs_cartmini in C:\xampp\Desktop\mdcnpal\htdocs\public_html\includes\header.php on line 131
[2026-07-06 17:09:06] Undefined array key "MDRCCustID" in C:\xampp\Desktop\mdcnpal\htdocs\public_html\includes\header.php on line 134
[2026-07-06 17:09:06] Undefined property: app::$rs_cartmini in C:\xampp\Desktop\mdcnpal\htdocs\public_html\includes\header.php on line 197
[2026-07-06 17:09:06] Undefined array key "MDRCCustID" in C:\xampp\Desktop\mdcnpal\htdocs\public_html\includes\header.php on line 200
[2026-07-06 17:09:06] Undefined property: app::$rs_cartmini in C:\xampp\Desktop\mdcnpal\htdocs\public_html\includes\header.php on line 469
[2026-07-06 17:09:06] Undefined array key "MDRCCustID" in C:\xampp\Desktop\mdcnpal\htdocs\public_html\includes\header.php on line 472
[2026-07-06 17:09:06] Undefined property: app::$rs_cartmini in C:\xampp\Desktop\mdcnpal\htdocs\public_html\includes\header.php on line 525
[2026-07-06 17:09:06] Undefined array key "MDRCCustID" in C:\xampp\Desktop\mdcnpal\htdocs\public_html\includes\header.php on line 528
[2026-07-06 17:09:06] Undefined property: app::$rs_customer in C:\xampp\Desktop\mdcnpal\htdocs\public_html\includes\header.php on line 712
[2026-07-06 17:09:06] Trying to access array offset on value of type null in C:\xampp\Desktop\mdcnpal\htdocs\public_html\includes\header.php on line 712
[2026-07-06 17:09:06] Undefined property: app::$rs_customer in C:\xampp\Desktop\mdcnpal\htdocs\public_html\includes\header.php on line 721
[2026-07-06 17:09:06] Trying to access array offset on value of type null in C:\xampp\Desktop\mdcnpal\htdocs\public_html\includes\header.php on line 721
[2026-07-06 17:09:06] Undefined property: app::$rs_customer in C:\xampp\Desktop\mdcnpal\htdocs\public_html\includes\header.php on line 730
[2026-07-06 17:09:06] Trying to access array offset on value of type null in C:\xampp\Desktop\mdcnpal\htdocs\public_html\includes\header.php on line 730
[2026-07-06 17:09:06] Undefined property: app::$rs_customer in C:\xampp\Desktop\mdcnpal\htdocs\public_html\includes\header.php on line 739
[2026-07-06 17:09:06] Trying to access array offset on value of type null in C:\xampp\Desktop\mdcnpal\htdocs\public_html\includes\header.php on line 739
[2026-07-06 17:09:06] Undefined variable $g_search_query in C:\xampp\Desktop\mdcnpal\htdocs\public_html\core\app.php(565) : eval()'d code on line 219
[2026-07-06 17:09:06] Undefined variable $department_cond in C:\xampp\Desktop\mdcnpal\htdocs\public_html\core\app.php(565) : eval()'d code on line 219
[2026-07-06 17:09:06] Undefined variable $type_cond in C:\xampp\Desktop\mdcnpal\htdocs\public_html\core\app.php(565) : eval()'d code on line 219
[2026-07-06 17:09:06] Undefined variable $dieses_cond in C:\xampp\Desktop\mdcnpal\htdocs\public_html\core\app.php(565) : eval()'d code on line 219
[2026-07-06 17:09:06] Undefined variable $popular_pack_cond in C:\xampp\Desktop\mdcnpal\htdocs\public_html\core\app.php(565) : eval()'d code on line 219
[2026-07-06 17:09:07] Undefined variable $g_search_query in C:\xampp\Desktop\mdcnpal\htdocs\public_html\core\app.php(565) : eval()'d code on line 219
[2026-07-06 17:09:07] Undefined variable $department_cond in C:\xampp\Desktop\mdcnpal\htdocs\public_html\core\app.php(565) : eval()'d code on line 219
[2026-07-06 17:09:07] Undefined variable $type_cond in C:\xampp\Desktop\mdcnpal\htdocs\public_html\core\app.php(565) : eval()'d code on line 219
[2026-07-06 17:09:07] Undefined variable $dieses_cond in C:\xampp\Desktop\mdcnpal\htdocs\public_html\core\app.php(565) : eval()'d code on line 219
[2026-07-06 17:09:07] Undefined variable $popular_pack_cond in C:\xampp\Desktop\mdcnpal\htdocs\public_html\core\app.php(565) : eval()'d code on line 219
[2026-07-06 17:09:07] Undefined variable $g_search_query in C:\xampp\Desktop\mdcnpal\htdocs\public_html\core\app.php(565) : eval()'d code on line 219
[2026-07-06 17:09:07] Undefined variable $department_cond in C:\xampp\Desktop\mdcnpal\htdocs\public_html\core\app.php(565) : eval()'d code on line 219
[2026-07-06 17:09:07] Undefined variable $type_cond in C:\xampp\Desktop\mdcnpal\htdocs\public_html\core\app.php(565) : eval()'d code on line 219
[2026-07-06 17:09:07] Undefined variable $dieses_cond in C:\xampp\Desktop\mdcnpal\htdocs\public_html\core\app.php(565) : eval()'d code on line 219
[2026-07-06 17:09:07] Undefined variable $popular_pack_cond in C:\xampp\Desktop\mdcnpal\htdocs\public_html\core\app.php(565) : eval()'d code on line 219
[2026-07-06 17:09:07] Undefined variable $g_search_query in C:\xampp\Desktop\mdcnpal\htdocs\public_html\core\app.php(565) : eval()'d code on line 219
[2026-07-06 17:09:07] Undefined variable $department_cond in C:\xampp\Desktop\mdcnpal\htdocs\public_html\core\app.php(565) : eval()'d code on line 219
[2026-07-06 17:09:07] Undefined variable $type_cond in C:\xampp\Desktop\mdcnpal\htdocs\public_html\core\app.php(565) : eval()'d code on line 219
[2026-07-06 17:09:07] Undefined variable $dieses_cond in C:\xampp\Desktop\mdcnpal\htdocs\public_html\core\app.php(565) : eval()'d code on line 219
[2026-07-06 17:09:07] Undefined variable $popular_pack_cond in C:\xampp\Desktop\mdcnpal\htdocs\public_html\core\app.php(565) : eval()'d code on line 219
[2026-07-06 17:09:07] Undefined variable $g_search_query in C:\xampp\Desktop\mdcnpal\htdocs\public_html\core\app.php(565) : eval()'d code on line 219
[2026-07-06 17:09:07] Undefined variable $department_cond in C:\xampp\Desktop\mdcnpal\htdocs\public_html\core\app.php(565) : eval()'d code on line 219
[2026-07-06 17:09:07] Undefined variable $type_cond in C:\xampp\Desktop\mdcnpal\htdocs\public_html\core\app.php(565) : eval()'d code on line 219
[2026-07-06 17:09:07] Undefined variable $dieses_cond in C:\xampp\Desktop\mdcnpal\htdocs\public_html\core\app.php(565) : eval()'d code on line 219
[2026-07-06 17:09:07] Undefined variable $popular_pack_cond in C:\xampp\Desktop\mdcnpal\htdocs\public_html\core\app.php(565) : eval()'d code on line 219
[2026-07-06 17:09:07] Undefined property: app::$rs_customer in C:\xampp\Desktop\mdcnpal\htdocs\public_html\includes\footer.php on line 357
[2026-07-06 17:09:07] Trying to access array offset on value of type null in C:\xampp\Desktop\mdcnpal\htdocs\public_html\includes\footer.php on line 357
[2026-07-06 17:09:07] Undefined property: app::$rs_customer in C:\xampp\Desktop\mdcnpal\htdocs\public_html\includes\footer.php on line 366
[2026-07-06 17:09:07] Trying to access array offset on value of type null in C:\xampp\Desktop\mdcnpal\htdocs\public_html\includes\footer.php on line 366
[2026-07-06 17:09:07] Undefined property: app::$rs_customer in C:\xampp\Desktop\mdcnpal\htdocs\public_html\includes\footer.php on line 372
[2026-07-06 17:09:07] Trying to access array offset on value of type null in C:\xampp\Desktop\mdcnpal\htdocs\public_html\includes\footer.php on line 372
[2026-07-06 17:09:07] Undefined property: app::$rs_customer in C:\xampp\Desktop\mdcnpal\htdocs\public_html\includes\general_data.php on line 88
[2026-07-06 17:09:07] Trying to access array offset on value of type null in C:\xampp\Desktop\mdcnpal\htdocs\public_html\includes\general_data.php on line 88
[2026-07-06 17:09:07] Undefined array key "MDRCCustID" in C:\xampp\Desktop\mdcnpal\htdocs\public_html\includes\general_data.php on line 88
[2026-07-06 17:09:07] Undefined variable $tmpStr in C:\xampp\Desktop\mdcnpal\htdocs\public_html\core\app.php on line 971
[2026-07-06 17:09:13] Creation of dynamic property dbclass::$RECORD_SET is deprecated in C:\xampp\Desktop\mdcnpal\htdocs\public_html\core\dbclass.php on line 69
[2026-07-06 17:09:13] Creation of dynamic property dbclass::$app is deprecated in C:\xampp\Desktop\mdcnpal\htdocs\public_html\core\dbclass.php on line 75
[2026-07-06 17:09:13] Creation of dynamic property model::$foreign_tables is deprecated in C:\xampp\Desktop\mdcnpal\htdocs\public_html\core\model.php on line 43
[2026-07-06 17:09:13] Creation of dynamic property app::$inputfilter is deprecated in C:\xampp\Desktop\mdcnpal\htdocs\public_html\core\app.php on line 123
[2026-07-06 17:09:13] Creation of dynamic property app::$userconfig is deprecated in C:\xampp\Desktop\mdcnpal\htdocs\public_html\core\app.php on line 124
[2026-07-06 17:09:13] Creation of dynamic property app::$global_include is deprecated in C:\xampp\Desktop\mdcnpal\htdocs\public_html\core\app.php on line 125
[2026-07-06 17:09:13] Creation of dynamic property app::$set_cache_time is deprecated in C:\xampp\Desktop\mdcnpal\htdocs\public_html\core\app.php on line 153
[06-Jul-2026 17:09:13 Asia/Kathmandu] PHP Fatal error:  Array and string offset access syntax with curly braces is no longer supported in C:\xampp\Desktop\mdcnpal\htdocs\public_html\modules\JSON\class.JSON.php on line 156
[2026-07-06 17:09:33] Creation of dynamic property dbclass::$RECORD_SET is deprecated in C:\xampp\Desktop\mdcnpal\htdocs\public_html\core\dbclass.php on line 69
[2026-07-06 17:09:33] Creation of dynamic property dbclass::$app is deprecated in C:\xampp\Desktop\mdcnpal\htdocs\public_html\core\dbclass.php on line 75
[2026-07-06 17:09:33] Creation of dynamic property model::$foreign_tables is deprecated in C:\xampp\Desktop\mdcnpal\htdocs\public_html\core\model.php on line 43
[2026-07-06 17:09:33] Creation of dynamic property app::$inputfilter is deprecated in C:\xampp\Desktop\mdcnpal\htdocs\public_html\core\app.php on line 123
[2026-07-06 17:09:33] Creation of dynamic property app::$userconfig is deprecated in C:\xampp\Desktop\mdcnpal\htdocs\public_html\core\app.php on line 124
[2026-07-06 17:09:33] Creation of dynamic property app::$global_include is deprecated in C:\xampp\Desktop\mdcnpal\htdocs\public_html\core\app.php on line 125
[2026-07-06 17:09:33] Creation of dynamic property app::$set_cache_time is deprecated in C:\xampp\Desktop\mdcnpal\htdocs\public_html\core\app.php on line 153
[2026-07-06 17:09:33] Undefined array key "cityID" in C:\xampp\Desktop\mdcnpal\htdocs\public_html\core\global_include.php on line 381
[2026-07-06 17:09:33] Undefined array key "cityID" in C:\xampp\Desktop\mdcnpal\htdocs\public_html\core\global_include.php on line 416
[2026-07-06 17:09:33] Creation of dynamic property app::$meta is deprecated in C:\xampp\Desktop\mdcnpal\htdocs\public_html\core\app.php on line 434
[2026-07-06 17:09:33] Creation of dynamic property app::$rs_gs_city is deprecated in C:\xampp\Desktop\mdcnpal\htdocs\public_html\core\app.php on line 434
[2026-07-06 17:09:34] Undefined array key "cityID" in C:\xampp\Desktop\mdcnpal\htdocs\public_html\core\global_include.php on line 468
[2026-07-06 17:09:34] Creation of dynamic property app::$rs_footer_popular_item is deprecated in C:\xampp\Desktop\mdcnpal\htdocs\public_html\core\app.php on line 434
[2026-07-06 17:09:34] Creation of dynamic property app::$rs_footer_popular_test is deprecated in C:\xampp\Desktop\mdcnpal\htdocs\public_html\core\app.php on line 434
[2026-07-06 17:09:34] Creation of dynamic property app::$rs_testimonial is deprecated in C:\xampp\Desktop\mdcnpal\htdocs\public_html\core\app.php on line 434
[2026-07-06 17:09:34] Creation of dynamic property app::$admin is deprecated in C:\xampp\Desktop\mdcnpal\htdocs\public_html\core\app.php on line 434
[2026-07-06 17:09:34] Undefined array key 0 in C:\xampp\Desktop\mdcnpal\htdocs\public_html\core\global_include.php on line 514
[2026-07-06 17:09:34] Creation of dynamic property app::$popup is deprecated in C:\xampp\Desktop\mdcnpal\htdocs\public_html\core\app.php on line 434
[2026-07-06 17:09:34] Undefined array key "MDRCCustID" in C:\xampp\Desktop\mdcnpal\htdocs\public_html\core\global_include.php on line 515
[2026-07-06 17:09:34] Undefined array key "MDRCToken" in C:\xampp\Desktop\mdcnpal\htdocs\public_html\core\global_include.php on line 515
[2026-07-06 17:09:34] Creation of dynamic property app::$rscategory is deprecated in C:\xampp\Desktop\mdcnpal\htdocs\public_html\core\app.php on line 434
[2026-07-06 17:09:34] Creation of dynamic property app::$rs_pages is deprecated in C:\xampp\Desktop\mdcnpal\htdocs\public_html\core\app.php on line 434
[2026-07-06 17:09:34] Creation of dynamic property app::$gs is deprecated in C:\xampp\Desktop\mdcnpal\htdocs\public_html\core\app.php on line 434
[2026-07-06 17:09:34] Undefined array key "MDRCCustID" in C:\xampp\Desktop\mdcnpal\htdocs\public_html\core\global_include.php on line 596
[2026-07-06 17:09:34] Undefined array key "MDRCCustID" in C:\xampp\Desktop\mdcnpal\htdocs\public_html\core\global_include.php on line 615
[2026-07-06 17:09:34] Undefined variable $getId in C:\xampp\Desktop\mdcnpal\htdocs\public_html\core\global_include.php on line 684
[2026-07-06 17:09:34] Undefined variable $getName in C:\xampp\Desktop\mdcnpal\htdocs\public_html\core\global_include.php on line 685
[2026-07-06 17:09:34] Undefined array key 0 in C:\xampp\Desktop\mdcnpal\htdocs\public_html\core\global_include.php on line 810
[2026-07-06 17:09:34] Creation of dynamic property app::$rs_offer_msg is deprecated in C:\xampp\Desktop\mdcnpal\htdocs\public_html\core\app.php on line 434
[2026-07-06 17:09:34] Creation of dynamic property app::$rs_for_doctors is deprecated in C:\xampp\Desktop\mdcnpal\htdocs\public_html\core\app.php on line 434
[2026-07-06 17:09:34] Creation of dynamic property app::$description is deprecated in C:\xampp\Desktop\mdcnpal\htdocs\public_html\core\app.php on line 434
[2026-07-06 17:09:34] Creation of dynamic property app::$rs_banner is deprecated in C:\xampp\Desktop\mdcnpal\htdocs\public_html\core\app.php on line 434
[2026-07-06 17:09:34] Creation of dynamic property app::$rs_item_diseases is deprecated in C:\xampp\Desktop\mdcnpal\htdocs\public_html\core\app.php on line 434
[2026-07-06 17:09:34] Creation of dynamic property app::$rs_item_home_category is deprecated in C:\xampp\Desktop\mdcnpal\htdocs\public_html\core\app.php on line 434
[2026-07-06 17:09:34] Creation of dynamic property app::$rs_item_banner_category is deprecated in C:\xampp\Desktop\mdcnpal\htdocs\public_html\core\app.php on line 434
[2026-07-06 17:09:34] Creation of dynamic property app::$rs_services is deprecated in C:\xampp\Desktop\mdcnpal\htdocs\public_html\core\app.php on line 434
[2026-07-06 17:09:34] Creation of dynamic property app::$rs_blog is deprecated in C:\xampp\Desktop\mdcnpal\htdocs\public_html\core\app.php on line 434
[2026-07-06 17:09:34] Creation of dynamic property app::$rs_category is deprecated in C:\xampp\Desktop\mdcnpal\htdocs\public_html\core\app.php on line 434
[2026-07-06 17:09:34] Creation of dynamic property app::$rs_faq_data is deprecated in C:\xampp\Desktop\mdcnpal\htdocs\public_html\core\app.php on line 434
[2026-07-06 17:09:34] Creation of dynamic property app::$rs_gallery_data is deprecated in C:\xampp\Desktop\mdcnpal\htdocs\public_html\core\app.php on line 434
[2026-07-06 17:09:34] Undefined array key "tempCityID" in C:\xampp\Desktop\mdcnpal\htdocs\public_html\includes\header.php on line 5
[2026-07-06 17:09:34] Undefined array key "items" in C:\xampp\Desktop\mdcnpal\htdocs\public_html\includes\header.php on line 16
[2026-07-06 17:09:34] Undefined array key "item_category" in C:\xampp\Desktop\mdcnpal\htdocs\public_html\includes\header.php on line 26
[2026-07-06 17:09:34] Undefined array key "item_diseases" in C:\xampp\Desktop\mdcnpal\htdocs\public_html\includes\header.php on line 33
[2026-07-06 17:09:34] Undefined property: app::$rs_cartmini in C:\xampp\Desktop\mdcnpal\htdocs\public_html\includes\header.php on line 131
[2026-07-06 17:09:34] Undefined array key "MDRCCustID" in C:\xampp\Desktop\mdcnpal\htdocs\public_html\includes\header.php on line 134
[2026-07-06 17:09:34] Undefined property: app::$rs_cartmini in C:\xampp\Desktop\mdcnpal\htdocs\public_html\includes\header.php on line 197
[2026-07-06 17:09:34] Undefined array key "MDRCCustID" in C:\xampp\Desktop\mdcnpal\htdocs\public_html\includes\header.php on line 200
[2026-07-06 17:09:34] Undefined property: app::$rs_cartmini in C:\xampp\Desktop\mdcnpal\htdocs\public_html\includes\header.php on line 469
[2026-07-06 17:09:34] Undefined array key "MDRCCustID" in C:\xampp\Desktop\mdcnpal\htdocs\public_html\includes\header.php on line 472
[2026-07-06 17:09:34] Undefined property: app::$rs_cartmini in C:\xampp\Desktop\mdcnpal\htdocs\public_html\includes\header.php on line 525
[2026-07-06 17:09:34] Undefined array key "MDRCCustID" in C:\xampp\Desktop\mdcnpal\htdocs\public_html\includes\header.php on line 528
[2026-07-06 17:09:34] Undefined property: app::$rs_customer in C:\xampp\Desktop\mdcnpal\htdocs\public_html\includes\header.php on line 712
[2026-07-06 17:09:34] Trying to access array offset on value of type null in C:\xampp\Desktop\mdcnpal\htdocs\public_html\includes\header.php on line 712
[2026-07-06 17:09:34] Undefined property: app::$rs_customer in C:\xampp\Desktop\mdcnpal\htdocs\public_html\includes\header.php on line 721
[2026-07-06 17:09:34] Trying to access array offset on value of type null in C:\xampp\Desktop\mdcnpal\htdocs\public_html\includes\header.php on line 721
[2026-07-06 17:09:34] Undefined property: app::$rs_customer in C:\xampp\Desktop\mdcnpal\htdocs\public_html\includes\header.php on line 730
[2026-07-06 17:09:34] Trying to access array offset on value of type null in C:\xampp\Desktop\mdcnpal\htdocs\public_html\includes\header.php on line 730
[2026-07-06 17:09:34] Undefined property: app::$rs_customer in C:\xampp\Desktop\mdcnpal\htdocs\public_html\includes\header.php on line 739
[2026-07-06 17:09:34] Trying to access array offset on value of type null in C:\xampp\Desktop\mdcnpal\htdocs\public_html\includes\header.php on line 739
[2026-07-06 17:09:34] Undefined variable $g_search_query in C:\xampp\Desktop\mdcnpal\htdocs\public_html\core\app.php(565) : eval()'d code on line 219
[2026-07-06 17:09:34] Undefined variable $department_cond in C:\xampp\Desktop\mdcnpal\htdocs\public_html\core\app.php(565) : eval()'d code on line 219
[2026-07-06 17:09:34] Undefined variable $type_cond in C:\xampp\Desktop\mdcnpal\htdocs\public_html\core\app.php(565) : eval()'d code on line 219
[2026-07-06 17:09:34] Undefined variable $dieses_cond in C:\xampp\Desktop\mdcnpal\htdocs\public_html\core\app.php(565) : eval()'d code on line 219
[2026-07-06 17:09:34] Undefined variable $popular_pack_cond in C:\xampp\Desktop\mdcnpal\htdocs\public_html\core\app.php(565) : eval()'d code on line 219
[2026-07-06 17:09:34] Undefined variable $g_search_query in C:\xampp\Desktop\mdcnpal\htdocs\public_html\core\app.php(565) : eval()'d code on line 219
[2026-07-06 17:09:34] Undefined variable $department_cond in C:\xampp\Desktop\mdcnpal\htdocs\public_html\core\app.php(565) : eval()'d code on line 219
[2026-07-06 17:09:34] Undefined variable $type_cond in C:\xampp\Desktop\mdcnpal\htdocs\public_html\core\app.php(565) : eval()'d code on line 219
[2026-07-06 17:09:34] Undefined variable $dieses_cond in C:\xampp\Desktop\mdcnpal\htdocs\public_html\core\app.php(565) : eval()'d code on line 219
[2026-07-06 17:09:34] Undefined variable $popular_pack_cond in C:\xampp\Desktop\mdcnpal\htdocs\public_html\core\app.php(565) : eval()'d code on line 219
[2026-07-06 17:09:34] Undefined variable $g_search_query in C:\xampp\Desktop\mdcnpal\htdocs\public_html\core\app.php(565) : eval()'d code on line 219
[2026-07-06 17:09:34] Undefined variable $department_cond in C:\xampp\Desktop\mdcnpal\htdocs\public_html\core\app.php(565) : eval()'d code on line 219
[2026-07-06 17:09:34] Undefined variable $type_cond in C:\xampp\Desktop\mdcnpal\htdocs\public_html\core\app.php(565) : eval()'d code on line 219
[2026-07-06 17:09:34] Undefined variable $dieses_cond in C:\xampp\Desktop\mdcnpal\htdocs\public_html\core\app.php(565) : eval()'d code on line 219
[2026-07-06 17:09:34] Undefined variable $popular_pack_cond in C:\xampp\Desktop\mdcnpal\htdocs\public_html\core\app.php(565) : eval()'d code on line 219
[2026-07-06 17:09:34] Undefined variable $g_search_query in C:\xampp\Desktop\mdcnpal\htdocs\public_html\core\app.php(565) : eval()'d code on line 219
[2026-07-06 17:09:34] Undefined variable $department_cond in C:\xampp\Desktop\mdcnpal\htdocs\public_html\core\app.php(565) : eval()'d code on line 219
[2026-07-06 17:09:34] Undefined variable $type_cond in C:\xampp\Desktop\mdcnpal\htdocs\public_html\core\app.php(565) : eval()'d code on line 219
[2026-07-06 17:09:34] Undefined variable $dieses_cond in C:\xampp\Desktop\mdcnpal\htdocs\public_html\core\app.php(565) : eval()'d code on line 219
[2026-07-06 17:09:34] Undefined variable $popular_pack_cond in C:\xampp\Desktop\mdcnpal\htdocs\public_html\core\app.php(565) : eval()'d code on line 219
[2026-07-06 17:09:34] Undefined variable $g_search_query in C:\xampp\Desktop\mdcnpal\htdocs\public_html\core\app.php(565) : eval()'d code on line 219
[2026-07-06 17:09:34] Undefined variable $department_cond in C:\xampp\Desktop\mdcnpal\htdocs\public_html\core\app.php(565) : eval()'d code on line 219
[2026-07-06 17:09:34] Undefined variable $type_cond in C:\xampp\Desktop\mdcnpal\htdocs\public_html\core\app.php(565) : eval()'d code on line 219
[2026-07-06 17:09:34] Undefined variable $dieses_cond in C:\xampp\Desktop\mdcnpal\htdocs\public_html\core\app.php(565) : eval()'d code on line 219
[2026-07-06 17:09:34] Undefined variable $popular_pack_cond in C:\xampp\Desktop\mdcnpal\htdocs\public_html\core\app.php(565) : eval()'d code on line 219
[2026-07-06 17:09:34] Undefined property: app::$rs_customer in C:\xampp\Desktop\mdcnpal\htdocs\public_html\includes\footer.php on line 357
[2026-07-06 17:09:34] Trying to access array offset on value of type null in C:\xampp\Desktop\mdcnpal\htdocs\public_html\includes\footer.php on line 357
[2026-07-06 17:09:34] Undefined property: app::$rs_customer in C:\xampp\Desktop\mdcnpal\htdocs\public_html\includes\footer.php on line 366
[2026-07-06 17:09:34] Trying to access array offset on value of type null in C:\xampp\Desktop\mdcnpal\htdocs\public_html\includes\footer.php on line 366
[2026-07-06 17:09:34] Undefined property: app::$rs_customer in C:\xampp\Desktop\mdcnpal\htdocs\public_html\includes\footer.php on line 372
[2026-07-06 17:09:34] Trying to access array offset on value of type null in C:\xampp\Desktop\mdcnpal\htdocs\public_html\includes\footer.php on line 372
[2026-07-06 17:09:34] Undefined property: app::$rs_customer in C:\xampp\Desktop\mdcnpal\htdocs\public_html\includes\general_data.php on line 88
[2026-07-06 17:09:34] Trying to access array offset on value of type null in C:\xampp\Desktop\mdcnpal\htdocs\public_html\includes\general_data.php on line 88
[2026-07-06 17:09:34] Undefined array key "MDRCCustID" in C:\xampp\Desktop\mdcnpal\htdocs\public_html\includes\general_data.php on line 88
[2026-07-06 17:09:34] Undefined variable $tmpStr in C:\xampp\Desktop\mdcnpal\htdocs\public_html\core\app.php on line 971
[2026-07-06 17:09:45] Creation of dynamic property dbclass::$RECORD_SET is deprecated in C:\xampp\Desktop\mdcnpal\htdocs\public_html\core\dbclass.php on line 69
[2026-07-06 17:09:45] Creation of dynamic property dbclass::$app is deprecated in C:\xampp\Desktop\mdcnpal\htdocs\public_html\core\dbclass.php on line 75
[2026-07-06 17:09:45] Creation of dynamic property model::$foreign_tables is deprecated in C:\xampp\Desktop\mdcnpal\htdocs\public_html\core\model.php on line 43
[2026-07-06 17:09:45] Creation of dynamic property app::$inputfilter is deprecated in C:\xampp\Desktop\mdcnpal\htdocs\public_html\core\app.php on line 123
[2026-07-06 17:09:45] Creation of dynamic property app::$userconfig is deprecated in C:\xampp\Desktop\mdcnpal\htdocs\public_html\core\app.php on line 124
[2026-07-06 17:09:45] Creation of dynamic property app::$global_include is deprecated in C:\xampp\Desktop\mdcnpal\htdocs\public_html\core\app.php on line 125
[2026-07-06 17:09:45] Creation of dynamic property app::$set_cache_time is deprecated in C:\xampp\Desktop\mdcnpal\htdocs\public_html\core\app.php on line 153
[2026-07-06 17:09:45] Creation of dynamic property app::$meta is deprecated in C:\xampp\Desktop\mdcnpal\htdocs\public_html\core\app.php on line 434
[2026-07-06 17:09:45] Creation of dynamic property app::$rs_gs_city is deprecated in C:\xampp\Desktop\mdcnpal\htdocs\public_html\core\app.php on line 434
[2026-07-06 17:09:45] Creation of dynamic property app::$rs_footer_popular_item is deprecated in C:\xampp\Desktop\mdcnpal\htdocs\public_html\core\app.php on line 434
[2026-07-06 17:09:45] Creation of dynamic property app::$rs_footer_popular_test is deprecated in C:\xampp\Desktop\mdcnpal\htdocs\public_html\core\app.php on line 434
[2026-07-06 17:09:45] Creation of dynamic property app::$rs_testimonial is deprecated in C:\xampp\Desktop\mdcnpal\htdocs\public_html\core\app.php on line 434
[2026-07-06 17:09:45] Creation of dynamic property app::$admin is deprecated in C:\xampp\Desktop\mdcnpal\htdocs\public_html\core\app.php on line 434
[2026-07-06 17:09:45] Undefined array key 0 in C:\xampp\Desktop\mdcnpal\htdocs\public_html\core\global_include.php on line 514
[2026-07-06 17:09:45] Creation of dynamic property app::$popup is deprecated in C:\xampp\Desktop\mdcnpal\htdocs\public_html\core\app.php on line 434
[2026-07-06 17:09:45] Undefined array key "MDRCCustID" in C:\xampp\Desktop\mdcnpal\htdocs\public_html\core\global_include.php on line 515
[2026-07-06 17:09:45] Undefined array key "MDRCToken" in C:\xampp\Desktop\mdcnpal\htdocs\public_html\core\global_include.php on line 515
[2026-07-06 17:09:45] Creation of dynamic property app::$rscategory is deprecated in C:\xampp\Desktop\mdcnpal\htdocs\public_html\core\app.php on line 434
[2026-07-06 17:09:45] Creation of dynamic property app::$rs_pages is deprecated in C:\xampp\Desktop\mdcnpal\htdocs\public_html\core\app.php on line 434
[2026-07-06 17:09:45] Creation of dynamic property app::$gs is deprecated in C:\xampp\Desktop\mdcnpal\htdocs\public_html\core\app.php on line 434
[2026-07-06 17:09:45] Undefined array key "MDRCCustID" in C:\xampp\Desktop\mdcnpal\htdocs\public_html\core\global_include.php on line 596
[2026-07-06 17:09:45] Undefined array key "MDRCCustID" in C:\xampp\Desktop\mdcnpal\htdocs\public_html\core\global_include.php on line 615
[2026-07-06 17:09:45] Undefined variable $getId in C:\xampp\Desktop\mdcnpal\htdocs\public_html\core\global_include.php on line 684
[2026-07-06 17:09:45] Undefined variable $getName in C:\xampp\Desktop\mdcnpal\htdocs\public_html\core\global_include.php on line 685
[2026-07-06 17:09:45] Undefined array key 0 in C:\xampp\Desktop\mdcnpal\htdocs\public_html\core\global_include.php on line 810
[2026-07-06 17:09:45] Creation of dynamic property app::$rs_offer_msg is deprecated in C:\xampp\Desktop\mdcnpal\htdocs\public_html\core\app.php on line 434
[2026-07-06 17:09:45] Creation of dynamic property app::$rs_for_doctors is deprecated in C:\xampp\Desktop\mdcnpal\htdocs\public_html\core\app.php on line 434
[2026-07-06 17:09:45] Creation of dynamic property app::$description is deprecated in C:\xampp\Desktop\mdcnpal\htdocs\public_html\core\app.php on line 434
[2026-07-06 17:09:45] Creation of dynamic property app::$rs_banner is deprecated in C:\xampp\Desktop\mdcnpal\htdocs\public_html\core\app.php on line 434
[2026-07-06 17:09:45] Creation of dynamic property app::$rs_item_diseases is deprecated in C:\xampp\Desktop\mdcnpal\htdocs\public_html\core\app.php on line 434
[2026-07-06 17:09:45] Creation of dynamic property app::$rs_item_home_category is deprecated in C:\xampp\Desktop\mdcnpal\htdocs\public_html\core\app.php on line 434
[2026-07-06 17:09:45] Creation of dynamic property app::$rs_item_banner_category is deprecated in C:\xampp\Desktop\mdcnpal\htdocs\public_html\core\app.php on line 434
[2026-07-06 17:09:45] Creation of dynamic property app::$rs_services is deprecated in C:\xampp\Desktop\mdcnpal\htdocs\public_html\core\app.php on line 434
[2026-07-06 17:09:45] Creation of dynamic property app::$rs_blog is deprecated in C:\xampp\Desktop\mdcnpal\htdocs\public_html\core\app.php on line 434
[2026-07-06 17:09:45] Creation of dynamic property app::$rs_category is deprecated in C:\xampp\Desktop\mdcnpal\htdocs\public_html\core\app.php on line 434
[2026-07-06 17:09:45] Creation of dynamic property app::$rs_faq_data is deprecated in C:\xampp\Desktop\mdcnpal\htdocs\public_html\core\app.php on line 434
[2026-07-06 17:09:45] Creation of dynamic property app::$rs_gallery_data is deprecated in C:\xampp\Desktop\mdcnpal\htdocs\public_html\core\app.php on line 434
[2026-07-06 17:09:45] Undefined property: app::$rs_cartmini in C:\xampp\Desktop\mdcnpal\htdocs\public_html\includes\header.php on line 131
[2026-07-06 17:09:45] Undefined array key "MDRCCustID" in C:\xampp\Desktop\mdcnpal\htdocs\public_html\includes\header.php on line 134
[2026-07-06 17:09:45] Undefined property: app::$rs_cartmini in C:\xampp\Desktop\mdcnpal\htdocs\public_html\includes\header.php on line 197
[2026-07-06 17:09:45] Undefined array key "MDRCCustID" in C:\xampp\Desktop\mdcnpal\htdocs\public_html\includes\header.php on line 200
[2026-07-06 17:09:45] Undefined property: app::$rs_cartmini in C:\xampp\Desktop\mdcnpal\htdocs\public_html\includes\header.php on line 469
[2026-07-06 17:09:45] Undefined array key "MDRCCustID" in C:\xampp\Desktop\mdcnpal\htdocs\public_html\includes\header.php on line 472
[2026-07-06 17:09:45] Undefined property: app::$rs_cartmini in C:\xampp\Desktop\mdcnpal\htdocs\public_html\includes\header.php on line 525
[2026-07-06 17:09:45] Undefined array key "MDRCCustID" in C:\xampp\Desktop\mdcnpal\htdocs\public_html\includes\header.php on line 528
[2026-07-06 17:09:45] Undefined property: app::$rs_customer in C:\xampp\Desktop\mdcnpal\htdocs\public_html\includes\header.php on line 712
[2026-07-06 17:09:45] Trying to access array offset on value of type null in C:\xampp\Desktop\mdcnpal\htdocs\public_html\includes\header.php on line 712
[2026-07-06 17:09:45] Undefined property: app::$rs_customer in C:\xampp\Desktop\mdcnpal\htdocs\public_html\includes\header.php on line 721
[2026-07-06 17:09:45] Trying to access array offset on value of type null in C:\xampp\Desktop\mdcnpal\htdocs\public_html\includes\header.php on line 721
[2026-07-06 17:09:45] Undefined property: app::$rs_customer in C:\xampp\Desktop\mdcnpal\htdocs\public_html\includes\header.php on line 730
[2026-07-06 17:09:45] Trying to access array offset on value of type null in C:\xampp\Desktop\mdcnpal\htdocs\public_html\includes\header.php on line 730
[2026-07-06 17:09:45] Undefined property: app::$rs_customer in C:\xampp\Desktop\mdcnpal\htdocs\public_html\includes\header.php on line 739
[2026-07-06 17:09:45] Trying to access array offset on value of type null in C:\xampp\Desktop\mdcnpal\htdocs\public_html\includes\header.php on line 739
[2026-07-06 17:09:45] Undefined variable $g_search_query in C:\xampp\Desktop\mdcnpal\htdocs\public_html\core\app.php(565) : eval()'d code on line 219
[2026-07-06 17:09:45] Undefined variable $department_cond in C:\xampp\Desktop\mdcnpal\htdocs\public_html\core\app.php(565) : eval()'d code on line 219
[2026-07-06 17:09:45] Undefined variable $type_cond in C:\xampp\Desktop\mdcnpal\htdocs\public_html\core\app.php(565) : eval()'d code on line 219
[2026-07-06 17:09:45] Undefined variable $dieses_cond in C:\xampp\Desktop\mdcnpal\htdocs\public_html\core\app.php(565) : eval()'d code on line 219
[2026-07-06 17:09:45] Undefined variable $popular_pack_cond in C:\xampp\Desktop\mdcnpal\htdocs\public_html\core\app.php(565) : eval()'d code on line 219
[2026-07-06 17:09:45] Undefined variable $g_search_query in C:\xampp\Desktop\mdcnpal\htdocs\public_html\core\app.php(565) : eval()'d code on line 219
[2026-07-06 17:09:45] Undefined variable $department_cond in C:\xampp\Desktop\mdcnpal\htdocs\public_html\core\app.php(565) : eval()'d code on line 219
[2026-07-06 17:09:45] Undefined variable $type_cond in C:\xampp\Desktop\mdcnpal\htdocs\public_html\core\app.php(565) : eval()'d code on line 219
[2026-07-06 17:09:45] Undefined variable $dieses_cond in C:\xampp\Desktop\mdcnpal\htdocs\public_html\core\app.php(565) : eval()'d code on line 219
[2026-07-06 17:09:45] Undefined variable $popular_pack_cond in C:\xampp\Desktop\mdcnpal\htdocs\public_html\core\app.php(565) : eval()'d code on line 219
[2026-07-06 17:09:46] Undefined variable $g_search_query in C:\xampp\Desktop\mdcnpal\htdocs\public_html\core\app.php(565) : eval()'d code on line 219
[2026-07-06 17:09:46] Undefined variable $department_cond in C:\xampp\Desktop\mdcnpal\htdocs\public_html\core\app.php(565) : eval()'d code on line 219
[2026-07-06 17:09:46] Undefined variable $type_cond in C:\xampp\Desktop\mdcnpal\htdocs\public_html\core\app.php(565) : eval()'d code on line 219
[2026-07-06 17:09:46] Undefined variable $dieses_cond in C:\xampp\Desktop\mdcnpal\htdocs\public_html\core\app.php(565) : eval()'d code on line 219
[2026-07-06 17:09:46] Undefined variable $popular_pack_cond in C:\xampp\Desktop\mdcnpal\htdocs\public_html\core\app.php(565) : eval()'d code on line 219
[2026-07-06 17:09:46] Undefined variable $g_search_query in C:\xampp\Desktop\mdcnpal\htdocs\public_html\core\app.php(565) : eval()'d code on line 219
[2026-07-06 17:09:46] Undefined variable $department_cond in C:\xampp\Desktop\mdcnpal\htdocs\public_html\core\app.php(565) : eval()'d code on line 219
[2026-07-06 17:09:46] Undefined variable $type_cond in C:\xampp\Desktop\mdcnpal\htdocs\public_html\core\app.php(565) : eval()'d code on line 219
[2026-07-06 17:09:46] Undefined variable $dieses_cond in C:\xampp\Desktop\mdcnpal\htdocs\public_html\core\app.php(565) : eval()'d code on line 219
[2026-07-06 17:09:46] Undefined variable $popular_pack_cond in C:\xampp\Desktop\mdcnpal\htdocs\public_html\core\app.php(565) : eval()'d code on line 219
[2026-07-06 17:09:46] Undefined variable $g_search_query in C:\xampp\Desktop\mdcnpal\htdocs\public_html\core\app.php(565) : eval()'d code on line 219
[2026-07-06 17:09:46] Undefined variable $department_cond in C:\xampp\Desktop\mdcnpal\htdocs\public_html\core\app.php(565) : eval()'d code on line 219
[2026-07-06 17:09:46] Undefined variable $type_cond in C:\xampp\Desktop\mdcnpal\htdocs\public_html\core\app.php(565) : eval()'d code on line 219
[2026-07-06 17:09:46] Undefined variable $dieses_cond in C:\xampp\Desktop\mdcnpal\htdocs\public_html\core\app.php(565) : eval()'d code on line 219
[2026-07-06 17:09:46] Undefined variable $popular_pack_cond in C:\xampp\Desktop\mdcnpal\htdocs\public_html\core\app.php(565) : eval()'d code on line 219
[2026-07-06 17:09:46] Undefined property: app::$rs_customer in C:\xampp\Desktop\mdcnpal\htdocs\public_html\includes\footer.php on line 357
[2026-07-06 17:09:46] Trying to access array offset on value of type null in C:\xampp\Desktop\mdcnpal\htdocs\public_html\includes\footer.php on line 357
[2026-07-06 17:09:46] Undefined property: app::$rs_customer in C:\xampp\Desktop\mdcnpal\htdocs\public_html\includes\footer.php on line 366
[2026-07-06 17:09:46] Trying to access array offset on value of type null in C:\xampp\Desktop\mdcnpal\htdocs\public_html\includes\footer.php on line 366
[2026-07-06 17:09:46] Undefined property: app::$rs_customer in C:\xampp\Desktop\mdcnpal\htdocs\public_html\includes\footer.php on line 372
[2026-07-06 17:09:46] Trying to access array offset on value of type null in C:\xampp\Desktop\mdcnpal\htdocs\public_html\includes\footer.php on line 372
[2026-07-06 17:09:46] Undefined property: app::$rs_customer in C:\xampp\Desktop\mdcnpal\htdocs\public_html\includes\general_data.php on line 88
[2026-07-06 17:09:46] Trying to access array offset on value of type null in C:\xampp\Desktop\mdcnpal\htdocs\public_html\includes\general_data.php on line 88
[2026-07-06 17:09:46] Undefined array key "MDRCCustID" in C:\xampp\Desktop\mdcnpal\htdocs\public_html\includes\general_data.php on line 88
[2026-07-06 17:09:46] Undefined variable $tmpStr in C:\xampp\Desktop\mdcnpal\htdocs\public_html\core\app.php on line 971
[2026-07-06 17:09:49] Creation of dynamic property dbclass::$RECORD_SET is deprecated in C:\xampp\Desktop\mdcnpal\htdocs\public_html\core\dbclass.php on line 69
[2026-07-06 17:09:49] Creation of dynamic property dbclass::$app is deprecated in C:\xampp\Desktop\mdcnpal\htdocs\public_html\core\dbclass.php on line 75
[2026-07-06 17:09:49] Creation of dynamic property model::$foreign_tables is deprecated in C:\xampp\Desktop\mdcnpal\htdocs\public_html\core\model.php on line 43
[2026-07-06 17:09:49] Creation of dynamic property app::$inputfilter is deprecated in C:\xampp\Desktop\mdcnpal\htdocs\public_html\core\app.php on line 123
[2026-07-06 17:09:49] Creation of dynamic property app::$userconfig is deprecated in C:\xampp\Desktop\mdcnpal\htdocs\public_html\core\app.php on line 124
[2026-07-06 17:09:49] Creation of dynamic property app::$global_include is deprecated in C:\xampp\Desktop\mdcnpal\htdocs\public_html\core\app.php on line 125
[2026-07-06 17:09:49] Creation of dynamic property app::$set_cache_time is deprecated in C:\xampp\Desktop\mdcnpal\htdocs\public_html\core\app.php on line 153
[06-Jul-2026 17:09:49 Asia/Kathmandu] PHP Fatal error:  Array and string offset access syntax with curly braces is no longer supported in C:\xampp\Desktop\mdcnpal\htdocs\public_html\modules\JSON\class.JSON.php on line 156
[2026-07-06 17:11:14] Creation of dynamic property dbclass::$RECORD_SET is deprecated in C:\xampp\Desktop\mdcnpal\htdocs\public_html\core\dbclass.php on line 69
[2026-07-06 17:11:14] Creation of dynamic property dbclass::$app is deprecated in C:\xampp\Desktop\mdcnpal\htdocs\public_html\core\dbclass.php on line 75
[2026-07-06 17:11:14] Creation of dynamic property model::$foreign_tables is deprecated in C:\xampp\Desktop\mdcnpal\htdocs\public_html\core\model.php on line 43
[2026-07-06 17:11:14] Creation of dynamic property app::$inputfilter is deprecated in C:\xampp\Desktop\mdcnpal\htdocs\public_html\core\app.php on line 123
[2026-07-06 17:11:14] Creation of dynamic property app::$userconfig is deprecated in C:\xampp\Desktop\mdcnpal\htdocs\public_html\core\app.php on line 124
[2026-07-06 17:11:14] Creation of dynamic property app::$global_include is deprecated in C:\xampp\Desktop\mdcnpal\htdocs\public_html\core\app.php on line 125
[2026-07-06 17:11:14] Creation of dynamic property app::$set_cache_time is deprecated in C:\xampp\Desktop\mdcnpal\htdocs\public_html\core\app.php on line 153
[06-Jul-2026 17:11:14 Asia/Kathmandu] PHP Fatal error:  Array and string offset access syntax with curly braces is no longer supported in C:\xampp\Desktop\mdcnpal\htdocs\public_html\modules\JSON\class.JSON.php on line 156
[2026-07-06 17:11:16] Creation of dynamic property dbclass::$RECORD_SET is deprecated in C:\xampp\Desktop\mdcnpal\htdocs\public_html\core\dbclass.php on line 69
[2026-07-06 17:11:16] Creation of dynamic property dbclass::$app is deprecated in C:\xampp\Desktop\mdcnpal\htdocs\public_html\core\dbclass.php on line 75
[2026-07-06 17:11:16] Creation of dynamic property model::$foreign_tables is deprecated in C:\xampp\Desktop\mdcnpal\htdocs\public_html\core\model.php on line 43
[2026-07-06 17:11:16] Creation of dynamic property app::$inputfilter is deprecated in C:\xampp\Desktop\mdcnpal\htdocs\public_html\core\app.php on line 123
[2026-07-06 17:11:16] Creation of dynamic property app::$userconfig is deprecated in C:\xampp\Desktop\mdcnpal\htdocs\public_html\core\app.php on line 124
[2026-07-06 17:11:16] Creation of dynamic property app::$global_include is deprecated in C:\xampp\Desktop\mdcnpal\htdocs\public_html\core\app.php on line 125
[2026-07-06 17:11:16] Creation of dynamic property app::$set_cache_time is deprecated in C:\xampp\Desktop\mdcnpal\htdocs\public_html\core\app.php on line 153
[2026-07-06 17:11:16] Creation of dynamic property app::$record is deprecated in C:\xampp\Desktop\mdcnpal\htdocs\public_html\core\app.php on line 434
[2026-07-06 17:11:16] Creation of dynamic property app::$field_record_per_page is deprecated in C:\xampp\Desktop\mdcnpal\htdocs\public_html\core\app.php on line 434
[2026-07-06 17:11:16] Undefined array key "search_by" in C:\xampp\Desktop\mdcnpal\htdocs\public_html\core\global_include.php on line 73
[2026-07-06 17:11:16] Undefined array key "admin" in C:\xampp\Desktop\mdcnpal\htdocs\public_html\core\global_include.php on line 90
[2026-07-06 17:11:16] Undefined array key 0 in C:\xampp\Desktop\mdcnpal\htdocs\public_html\core\global_include.php on line 91
[2026-07-06 17:11:16] Creation of dynamic property app::$rs_admin is deprecated in C:\xampp\Desktop\mdcnpal\htdocs\public_html\core\app.php on line 434
[2026-07-06 17:11:16] Undefined array key "admin" in C:\xampp\Desktop\mdcnpal\htdocs\public_html\core\global_include.php on line 92
[2026-07-06 17:11:16] Creation of dynamic property app::$gs is deprecated in C:\xampp\Desktop\mdcnpal\htdocs\public_html\core\app.php on line 434
[2026-07-06 17:11:16] Undefined variable $tmpStr in C:\xampp\Desktop\mdcnpal\htdocs\public_html\core\app.php on line 971
[2026-07-06 17:11:18] Creation of dynamic property dbclass::$RECORD_SET is deprecated in C:\xampp\Desktop\mdcnpal\htdocs\public_html\core\dbclass.php on line 69
[2026-07-06 17:11:18] Creation of dynamic property dbclass::$app is deprecated in C:\xampp\Desktop\mdcnpal\htdocs\public_html\core\dbclass.php on line 75
[2026-07-06 17:11:18] Creation of dynamic property model::$foreign_tables is deprecated in C:\xampp\Desktop\mdcnpal\htdocs\public_html\core\model.php on line 43
[2026-07-06 17:11:18] Creation of dynamic property app::$inputfilter is deprecated in C:\xampp\Desktop\mdcnpal\htdocs\public_html\core\app.php on line 123
[2026-07-06 17:11:18] Creation of dynamic property app::$userconfig is deprecated in C:\xampp\Desktop\mdcnpal\htdocs\public_html\core\app.php on line 124
[2026-07-06 17:11:18] Creation of dynamic property app::$global_include is deprecated in C:\xampp\Desktop\mdcnpal\htdocs\public_html\core\app.php on line 125
[2026-07-06 17:11:18] Creation of dynamic property app::$set_cache_time is deprecated in C:\xampp\Desktop\mdcnpal\htdocs\public_html\core\app.php on line 153
[06-Jul-2026 17:11:18 Asia/Kathmandu] PHP Fatal error:  Array and string offset access syntax with curly braces is no longer supported in C:\xampp\Desktop\mdcnpal\htdocs\public_html\modules\JSON\class.JSON.php on line 156
[2026-07-06 17:11:28] Creation of dynamic property dbclass::$RECORD_SET is deprecated in C:\xampp\Desktop\mdcnpal\htdocs\public_html\core\dbclass.php on line 69
[2026-07-06 17:11:28] Creation of dynamic property dbclass::$app is deprecated in C:\xampp\Desktop\mdcnpal\htdocs\public_html\core\dbclass.php on line 75
[2026-07-06 17:11:28] Creation of dynamic property model::$foreign_tables is deprecated in C:\xampp\Desktop\mdcnpal\htdocs\public_html\core\model.php on line 43
[2026-07-06 17:11:28] Creation of dynamic property app::$inputfilter is deprecated in C:\xampp\Desktop\mdcnpal\htdocs\public_html\core\app.php on line 123
[2026-07-06 17:11:28] Creation of dynamic property app::$userconfig is deprecated in C:\xampp\Desktop\mdcnpal\htdocs\public_html\core\app.php on line 124
[2026-07-06 17:11:28] Creation of dynamic property app::$global_include is deprecated in C:\xampp\Desktop\mdcnpal\htdocs\public_html\core\app.php on line 125
[2026-07-06 17:11:28] Creation of dynamic property app::$set_cache_time is deprecated in C:\xampp\Desktop\mdcnpal\htdocs\public_html\core\app.php on line 153
[2026-07-06 17:11:28] Creation of dynamic property app::$record is deprecated in C:\xampp\Desktop\mdcnpal\htdocs\public_html\core\app.php on line 434
[2026-07-06 17:11:28] Creation of dynamic property app::$field_record_per_page is deprecated in C:\xampp\Desktop\mdcnpal\htdocs\public_html\core\app.php on line 434
[2026-07-06 17:11:28] Undefined array key "search_by" in C:\xampp\Desktop\mdcnpal\htdocs\public_html\core\global_include.php on line 73
[2026-07-06 17:11:28] Undefined array key "admin" in C:\xampp\Desktop\mdcnpal\htdocs\public_html\core\global_include.php on line 90
[2026-07-06 17:11:28] Undefined array key 0 in C:\xampp\Desktop\mdcnpal\htdocs\public_html\core\global_include.php on line 91
[2026-07-06 17:11:28] Creation of dynamic property app::$rs_admin is deprecated in C:\xampp\Desktop\mdcnpal\htdocs\public_html\core\app.php on line 434
[2026-07-06 17:11:28] Undefined array key "admin" in C:\xampp\Desktop\mdcnpal\htdocs\public_html\core\global_include.php on line 92
[2026-07-06 17:11:28] Creation of dynamic property app::$gs is deprecated in C:\xampp\Desktop\mdcnpal\htdocs\public_html\core\app.php on line 434
[2026-07-06 17:11:28] Undefined variable $tmpStr in C:\xampp\Desktop\mdcnpal\htdocs\public_html\core\app.php on line 971
[2026-07-06 17:11:31] Creation of dynamic property dbclass::$RECORD_SET is deprecated in C:\xampp\Desktop\mdcnpal\htdocs\public_html\core\dbclass.php on line 69
[2026-07-06 17:11:31] Creation of dynamic property dbclass::$app is deprecated in C:\xampp\Desktop\mdcnpal\htdocs\public_html\core\dbclass.php on line 75
[2026-07-06 17:11:31] Creation of dynamic property model::$foreign_tables is deprecated in C:\xampp\Desktop\mdcnpal\htdocs\public_html\core\model.php on line 43
[2026-07-06 17:11:31] Creation of dynamic property app::$inputfilter is deprecated in C:\xampp\Desktop\mdcnpal\htdocs\public_html\core\app.php on line 123
[2026-07-06 17:11:31] Creation of dynamic property app::$userconfig is deprecated in C:\xampp\Desktop\mdcnpal\htdocs\public_html\core\app.php on line 124
[2026-07-06 17:11:31] Creation of dynamic property app::$global_include is deprecated in C:\xampp\Desktop\mdcnpal\htdocs\public_html\core\app.php on line 125
[2026-07-06 17:11:31] Creation of dynamic property app::$set_cache_time is deprecated in C:\xampp\Desktop\mdcnpal\htdocs\public_html\core\app.php on line 153
[06-Jul-2026 17:11:31 Asia/Kathmandu] PHP Fatal error:  Array and string offset access syntax with curly braces is no longer supported in C:\xampp\Desktop\mdcnpal\htdocs\public_html\modules\JSON\class.JSON.php on line 156
[2026-07-06 17:13:06] Creation of dynamic property dbclass::$RECORD_SET is deprecated in C:\xampp\Desktop\mdcnpal\htdocs\public_html\core\dbclass.php on line 69
[2026-07-06 17:13:06] Creation of dynamic property dbclass::$app is deprecated in C:\xampp\Desktop\mdcnpal\htdocs\public_html\core\dbclass.php on line 75
[2026-07-06 17:13:06] Creation of dynamic property model::$foreign_tables is deprecated in C:\xampp\Desktop\mdcnpal\htdocs\public_html\core\model.php on line 43
[2026-07-06 17:13:06] Creation of dynamic property app::$inputfilter is deprecated in C:\xampp\Desktop\mdcnpal\htdocs\public_html\core\app.php on line 123
[2026-07-06 17:13:06] Creation of dynamic property app::$userconfig is deprecated in C:\xampp\Desktop\mdcnpal\htdocs\public_html\core\app.php on line 124
[2026-07-06 17:13:06] Creation of dynamic property app::$global_include is deprecated in C:\xampp\Desktop\mdcnpal\htdocs\public_html\core\app.php on line 125
[2026-07-06 17:13:06] Creation of dynamic property app::$set_cache_time is deprecated in C:\xampp\Desktop\mdcnpal\htdocs\public_html\core\app.php on line 153
[2026-07-06 17:13:06] Undefined array key "cityID" in C:\xampp\Desktop\mdcnpal\htdocs\public_html\core\global_include.php on line 381
[2026-07-06 17:13:06] Undefined array key "cityID" in C:\xampp\Desktop\mdcnpal\htdocs\public_html\core\global_include.php on line 416
[2026-07-06 17:13:06] Creation of dynamic property app::$meta is deprecated in C:\xampp\Desktop\mdcnpal\htdocs\public_html\core\app.php on line 434
[2026-07-06 17:13:06] Creation of dynamic property app::$rs_gs_city is deprecated in C:\xampp\Desktop\mdcnpal\htdocs\public_html\core\app.php on line 434
[2026-07-06 17:13:06] Undefined array key "cityID" in C:\xampp\Desktop\mdcnpal\htdocs\public_html\core\global_include.php on line 468
[2026-07-06 17:13:07] Creation of dynamic property app::$rs_footer_popular_item is deprecated in C:\xampp\Desktop\mdcnpal\htdocs\public_html\core\app.php on line 434
[2026-07-06 17:13:07] Creation of dynamic property app::$rs_footer_popular_test is deprecated in C:\xampp\Desktop\mdcnpal\htdocs\public_html\core\app.php on line 434
[2026-07-06 17:13:07] Creation of dynamic property app::$rs_testimonial is deprecated in C:\xampp\Desktop\mdcnpal\htdocs\public_html\core\app.php on line 434
[2026-07-06 17:13:07] Creation of dynamic property app::$admin is deprecated in C:\xampp\Desktop\mdcnpal\htdocs\public_html\core\app.php on line 434
[2026-07-06 17:13:07] Undefined array key 0 in C:\xampp\Desktop\mdcnpal\htdocs\public_html\core\global_include.php on line 514
[2026-07-06 17:13:07] Creation of dynamic property app::$popup is deprecated in C:\xampp\Desktop\mdcnpal\htdocs\public_html\core\app.php on line 434
[2026-07-06 17:13:07] Undefined array key "MDRCCustID" in C:\xampp\Desktop\mdcnpal\htdocs\public_html\core\global_include.php on line 515
[2026-07-06 17:13:07] Undefined array key "MDRCToken" in C:\xampp\Desktop\mdcnpal\htdocs\public_html\core\global_include.php on line 515
[2026-07-06 17:13:07] Creation of dynamic property app::$rscategory is deprecated in C:\xampp\Desktop\mdcnpal\htdocs\public_html\core\app.php on line 434
[2026-07-06 17:13:07] Creation of dynamic property app::$rs_pages is deprecated in C:\xampp\Desktop\mdcnpal\htdocs\public_html\core\app.php on line 434
[2026-07-06 17:13:07] Creation of dynamic property app::$gs is deprecated in C:\xampp\Desktop\mdcnpal\htdocs\public_html\core\app.php on line 434
[2026-07-06 17:13:07] Undefined array key "MDRCCustID" in C:\xampp\Desktop\mdcnpal\htdocs\public_html\core\global_include.php on line 596
[2026-07-06 17:13:07] Undefined array key "MDRCCustID" in C:\xampp\Desktop\mdcnpal\htdocs\public_html\core\global_include.php on line 615
[2026-07-06 17:13:07] Undefined variable $getId in C:\xampp\Desktop\mdcnpal\htdocs\public_html\core\global_include.php on line 684
[2026-07-06 17:13:07] Undefined variable $getName in C:\xampp\Desktop\mdcnpal\htdocs\public_html\core\global_include.php on line 685
[2026-07-06 17:13:07] Undefined array key 0 in C:\xampp\Desktop\mdcnpal\htdocs\public_html\core\global_include.php on line 810
[2026-07-06 17:13:07] Creation of dynamic property app::$rs_offer_msg is deprecated in C:\xampp\Desktop\mdcnpal\htdocs\public_html\core\app.php on line 434
[2026-07-06 17:13:07] Creation of dynamic property app::$rs_for_doctors is deprecated in C:\xampp\Desktop\mdcnpal\htdocs\public_html\core\app.php on line 434
[2026-07-06 17:13:07] Creation of dynamic property app::$description is deprecated in C:\xampp\Desktop\mdcnpal\htdocs\public_html\core\app.php on line 434
[2026-07-06 17:13:07] Creation of dynamic property app::$rs_banner is deprecated in C:\xampp\Desktop\mdcnpal\htdocs\public_html\core\app.php on line 434
[2026-07-06 17:13:07] Creation of dynamic property app::$rs_item_diseases is deprecated in C:\xampp\Desktop\mdcnpal\htdocs\public_html\core\app.php on line 434
[2026-07-06 17:13:07] Creation of dynamic property app::$rs_item_home_category is deprecated in C:\xampp\Desktop\mdcnpal\htdocs\public_html\core\app.php on line 434
[2026-07-06 17:13:07] Creation of dynamic property app::$rs_item_banner_category is deprecated in C:\xampp\Desktop\mdcnpal\htdocs\public_html\core\app.php on line 434
[2026-07-06 17:13:07] Creation of dynamic property app::$rs_services is deprecated in C:\xampp\Desktop\mdcnpal\htdocs\public_html\core\app.php on line 434
[2026-07-06 17:13:07] Creation of dynamic property app::$rs_blog is deprecated in C:\xampp\Desktop\mdcnpal\htdocs\public_html\core\app.php on line 434
[2026-07-06 17:13:07] Creation of dynamic property app::$rs_category is deprecated in C:\xampp\Desktop\mdcnpal\htdocs\public_html\core\app.php on line 434
[2026-07-06 17:13:07] Creation of dynamic property app::$rs_faq_data is deprecated in C:\xampp\Desktop\mdcnpal\htdocs\public_html\core\app.php on line 434
[2026-07-06 17:13:07] Creation of dynamic property app::$rs_gallery_data is deprecated in C:\xampp\Desktop\mdcnpal\htdocs\public_html\core\app.php on line 434
[2026-07-06 17:13:07] Undefined array key "tempCityID" in C:\xampp\Desktop\mdcnpal\htdocs\public_html\includes\header.php on line 5
[2026-07-06 17:13:07] Undefined array key "items" in C:\xampp\Desktop\mdcnpal\htdocs\public_html\includes\header.php on line 16
[2026-07-06 17:13:07] Undefined array key "item_category" in C:\xampp\Desktop\mdcnpal\htdocs\public_html\includes\header.php on line 26
[2026-07-06 17:13:07] Undefined array key "item_diseases" in C:\xampp\Desktop\mdcnpal\htdocs\public_html\includes\header.php on line 33
[2026-07-06 17:13:07] Undefined property: app::$rs_cartmini in C:\xampp\Desktop\mdcnpal\htdocs\public_html\includes\header.php on line 131
[2026-07-06 17:13:07] Undefined array key "MDRCCustID" in C:\xampp\Desktop\mdcnpal\htdocs\public_html\includes\header.php on line 134
[2026-07-06 17:13:07] Undefined property: app::$rs_cartmini in C:\xampp\Desktop\mdcnpal\htdocs\public_html\includes\header.php on line 197
[2026-07-06 17:13:07] Undefined array key "MDRCCustID" in C:\xampp\Desktop\mdcnpal\htdocs\public_html\includes\header.php on line 200
[2026-07-06 17:13:07] Undefined property: app::$rs_cartmini in C:\xampp\Desktop\mdcnpal\htdocs\public_html\includes\header.php on line 469
[2026-07-06 17:13:07] Undefined array key "MDRCCustID" in C:\xampp\Desktop\mdcnpal\htdocs\public_html\includes\header.php on line 472
[2026-07-06 17:13:07] Undefined property: app::$rs_cartmini in C:\xampp\Desktop\mdcnpal\htdocs\public_html\includes\header.php on line 525
[2026-07-06 17:13:07] Undefined array key "MDRCCustID" in C:\xampp\Desktop\mdcnpal\htdocs\public_html\includes\header.php on line 528
[2026-07-06 17:13:07] Undefined property: app::$rs_customer in C:\xampp\Desktop\mdcnpal\htdocs\public_html\includes\header.php on line 712
[2026-07-06 17:13:07] Trying to access array offset on value of type null in C:\xampp\Desktop\mdcnpal\htdocs\public_html\includes\header.php on line 712
[2026-07-06 17:13:07] Undefined property: app::$rs_customer in C:\xampp\Desktop\mdcnpal\htdocs\public_html\includes\header.php on line 721
[2026-07-06 17:13:07] Trying to access array offset on value of type null in C:\xampp\Desktop\mdcnpal\htdocs\public_html\includes\header.php on line 721
[2026-07-06 17:13:07] Undefined property: app::$rs_customer in C:\xampp\Desktop\mdcnpal\htdocs\public_html\includes\header.php on line 730
[2026-07-06 17:13:07] Trying to access array offset on value of type null in C:\xampp\Desktop\mdcnpal\htdocs\public_html\includes\header.php on line 730
[2026-07-06 17:13:07] Undefined property: app::$rs_customer in C:\xampp\Desktop\mdcnpal\htdocs\public_html\includes\header.php on line 739
[2026-07-06 17:13:07] Trying to access array offset on value of type null in C:\xampp\Desktop\mdcnpal\htdocs\public_html\includes\header.php on line 739
[2026-07-06 17:13:07] Undefined variable $g_search_query in C:\xampp\Desktop\mdcnpal\htdocs\public_html\core\app.php(565) : eval()'d code on line 219
[2026-07-06 17:13:07] Undefined variable $department_cond in C:\xampp\Desktop\mdcnpal\htdocs\public_html\core\app.php(565) : eval()'d code on line 219
[2026-07-06 17:13:07] Undefined variable $type_cond in C:\xampp\Desktop\mdcnpal\htdocs\public_html\core\app.php(565) : eval()'d code on line 219
[2026-07-06 17:13:07] Undefined variable $dieses_cond in C:\xampp\Desktop\mdcnpal\htdocs\public_html\core\app.php(565) : eval()'d code on line 219
[2026-07-06 17:13:07] Undefined variable $popular_pack_cond in C:\xampp\Desktop\mdcnpal\htdocs\public_html\core\app.php(565) : eval()'d code on line 219
[2026-07-06 17:13:07] Undefined variable $g_search_query in C:\xampp\Desktop\mdcnpal\htdocs\public_html\core\app.php(565) : eval()'d code on line 219
[2026-07-06 17:13:07] Undefined variable $department_cond in C:\xampp\Desktop\mdcnpal\htdocs\public_html\core\app.php(565) : eval()'d code on line 219
[2026-07-06 17:13:07] Undefined variable $type_cond in C:\xampp\Desktop\mdcnpal\htdocs\public_html\core\app.php(565) : eval()'d code on line 219
[2026-07-06 17:13:07] Undefined variable $dieses_cond in C:\xampp\Desktop\mdcnpal\htdocs\public_html\core\app.php(565) : eval()'d code on line 219
[2026-07-06 17:13:07] Undefined variable $popular_pack_cond in C:\xampp\Desktop\mdcnpal\htdocs\public_html\core\app.php(565) : eval()'d code on line 219
[2026-07-06 17:13:07] Undefined variable $g_search_query in C:\xampp\Desktop\mdcnpal\htdocs\public_html\core\app.php(565) : eval()'d code on line 219
[2026-07-06 17:13:07] Undefined variable $department_cond in C:\xampp\Desktop\mdcnpal\htdocs\public_html\core\app.php(565) : eval()'d code on line 219
[2026-07-06 17:13:07] Undefined variable $type_cond in C:\xampp\Desktop\mdcnpal\htdocs\public_html\core\app.php(565) : eval()'d code on line 219
[2026-07-06 17:13:07] Undefined variable $dieses_cond in C:\xampp\Desktop\mdcnpal\htdocs\public_html\core\app.php(565) : eval()'d code on line 219
[2026-07-06 17:13:07] Undefined variable $popular_pack_cond in C:\xampp\Desktop\mdcnpal\htdocs\public_html\core\app.php(565) : eval()'d code on line 219
[2026-07-06 17:13:08] Undefined variable $g_search_query in C:\xampp\Desktop\mdcnpal\htdocs\public_html\core\app.php(565) : eval()'d code on line 219
[2026-07-06 17:13:08] Undefined variable $department_cond in C:\xampp\Desktop\mdcnpal\htdocs\public_html\core\app.php(565) : eval()'d code on line 219
[2026-07-06 17:13:08] Undefined variable $type_cond in C:\xampp\Desktop\mdcnpal\htdocs\public_html\core\app.php(565) : eval()'d code on line 219
[2026-07-06 17:13:08] Undefined variable $dieses_cond in C:\xampp\Desktop\mdcnpal\htdocs\public_html\core\app.php(565) : eval()'d code on line 219
[2026-07-06 17:13:08] Undefined variable $popular_pack_cond in C:\xampp\Desktop\mdcnpal\htdocs\public_html\core\app.php(565) : eval()'d code on line 219
[2026-07-06 17:13:08] Undefined variable $g_search_query in C:\xampp\Desktop\mdcnpal\htdocs\public_html\core\app.php(565) : eval()'d code on line 219
[2026-07-06 17:13:08] Undefined variable $department_cond in C:\xampp\Desktop\mdcnpal\htdocs\public_html\core\app.php(565) : eval()'d code on line 219
[2026-07-06 17:13:08] Undefined variable $type_cond in C:\xampp\Desktop\mdcnpal\htdocs\public_html\core\app.php(565) : eval()'d code on line 219
[2026-07-06 17:13:08] Undefined variable $dieses_cond in C:\xampp\Desktop\mdcnpal\htdocs\public_html\core\app.php(565) : eval()'d code on line 219
[2026-07-06 17:13:08] Undefined variable $popular_pack_cond in C:\xampp\Desktop\mdcnpal\htdocs\public_html\core\app.php(565) : eval()'d code on line 219
[2026-07-06 17:13:08] Undefined property: app::$rs_customer in C:\xampp\Desktop\mdcnpal\htdocs\public_html\includes\footer.php on line 357
[2026-07-06 17:13:08] Trying to access array offset on value of type null in C:\xampp\Desktop\mdcnpal\htdocs\public_html\includes\footer.php on line 357
[2026-07-06 17:13:08] Undefined property: app::$rs_customer in C:\xampp\Desktop\mdcnpal\htdocs\public_html\includes\footer.php on line 366
[2026-07-06 17:13:08] Trying to access array offset on value of type null in C:\xampp\Desktop\mdcnpal\htdocs\public_html\includes\footer.php on line 366
[2026-07-06 17:13:08] Undefined property: app::$rs_customer in C:\xampp\Desktop\mdcnpal\htdocs\public_html\includes\footer.php on line 372
[2026-07-06 17:13:08] Trying to access array offset on value of type null in C:\xampp\Desktop\mdcnpal\htdocs\public_html\includes\footer.php on line 372
[2026-07-06 17:13:08] Undefined property: app::$rs_customer in C:\xampp\Desktop\mdcnpal\htdocs\public_html\includes\general_data.php on line 88
[2026-07-06 17:13:08] Trying to access array offset on value of type null in C:\xampp\Desktop\mdcnpal\htdocs\public_html\includes\general_data.php on line 88
[2026-07-06 17:13:08] Undefined array key "MDRCCustID" in C:\xampp\Desktop\mdcnpal\htdocs\public_html\includes\general_data.php on line 88
[2026-07-06 17:13:08] Undefined variable $tmpStr in C:\xampp\Desktop\mdcnpal\htdocs\public_html\core\app.php on line 971
[2026-07-06 17:15:14] Creation of dynamic property dbclass::$RECORD_SET is deprecated in C:\xampp\Desktop\mdcnpal\htdocs\public_html\core\dbclass.php on line 69
[2026-07-06 17:15:14] Creation of dynamic property dbclass::$app is deprecated in C:\xampp\Desktop\mdcnpal\htdocs\public_html\core\dbclass.php on line 75
[2026-07-06 17:15:14] Creation of dynamic property model::$foreign_tables is deprecated in C:\xampp\Desktop\mdcnpal\htdocs\public_html\core\model.php on line 43
[2026-07-06 17:15:14] Creation of dynamic property app::$inputfilter is deprecated in C:\xampp\Desktop\mdcnpal\htdocs\public_html\core\app.php on line 123
[2026-07-06 17:15:14] Creation of dynamic property app::$userconfig is deprecated in C:\xampp\Desktop\mdcnpal\htdocs\public_html\core\app.php on line 124
[2026-07-06 17:15:14] Creation of dynamic property app::$global_include is deprecated in C:\xampp\Desktop\mdcnpal\htdocs\public_html\core\app.php on line 125
[2026-07-06 17:15:14] Creation of dynamic property app::$set_cache_time is deprecated in C:\xampp\Desktop\mdcnpal\htdocs\public_html\core\app.php on line 153
[2026-07-06 17:15:14] Creation of dynamic property app::$record is deprecated in C:\xampp\Desktop\mdcnpal\htdocs\public_html\core\app.php on line 434
[2026-07-06 17:15:14] Creation of dynamic property app::$field_record_per_page is deprecated in C:\xampp\Desktop\mdcnpal\htdocs\public_html\core\app.php on line 434
[2026-07-06 17:15:14] Undefined array key "search_by" in C:\xampp\Desktop\mdcnpal\htdocs\public_html\core\global_include.php on line 73
[2026-07-06 17:15:14] Undefined array key "admin" in C:\xampp\Desktop\mdcnpal\htdocs\public_html\core\global_include.php on line 90
[2026-07-06 17:15:14] Undefined array key 0 in C:\xampp\Desktop\mdcnpal\htdocs\public_html\core\global_include.php on line 91
[2026-07-06 17:15:14] Creation of dynamic property app::$rs_admin is deprecated in C:\xampp\Desktop\mdcnpal\htdocs\public_html\core\app.php on line 434
[2026-07-06 17:15:14] Undefined array key "admin" in C:\xampp\Desktop\mdcnpal\htdocs\public_html\core\global_include.php on line 92
[2026-07-06 17:15:14] Creation of dynamic property app::$gs is deprecated in C:\xampp\Desktop\mdcnpal\htdocs\public_html\core\app.php on line 434
[2026-07-06 17:15:14] Undefined variable $tmpStr in C:\xampp\Desktop\mdcnpal\htdocs\public_html\core\app.php on line 971
[2026-07-06 17:15:15] Creation of dynamic property dbclass::$RECORD_SET is deprecated in C:\xampp\Desktop\mdcnpal\htdocs\public_html\core\dbclass.php on line 69
[2026-07-06 17:15:15] Creation of dynamic property dbclass::$app is deprecated in C:\xampp\Desktop\mdcnpal\htdocs\public_html\core\dbclass.php on line 75
[2026-07-06 17:15:15] Creation of dynamic property model::$foreign_tables is deprecated in C:\xampp\Desktop\mdcnpal\htdocs\public_html\core\model.php on line 43
[2026-07-06 17:15:15] Creation of dynamic property app::$inputfilter is deprecated in C:\xampp\Desktop\mdcnpal\htdocs\public_html\core\app.php on line 123
[2026-07-06 17:15:15] Creation of dynamic property app::$userconfig is deprecated in C:\xampp\Desktop\mdcnpal\htdocs\public_html\core\app.php on line 124
[2026-07-06 17:15:15] Creation of dynamic property app::$global_include is deprecated in C:\xampp\Desktop\mdcnpal\htdocs\public_html\core\app.php on line 125
[2026-07-06 17:15:15] Creation of dynamic property app::$set_cache_time is deprecated in C:\xampp\Desktop\mdcnpal\htdocs\public_html\core\app.php on line 153
[06-Jul-2026 17:15:15 Asia/Kathmandu] PHP Fatal error:  Array and string offset access syntax with curly braces is no longer supported in C:\xampp\Desktop\mdcnpal\htdocs\public_html\modules\JSON\class.JSON.php on line 156
[2026-07-06 17:15:17] Creation of dynamic property dbclass::$RECORD_SET is deprecated in C:\xampp\Desktop\mdcnpal\htdocs\public_html\core\dbclass.php on line 69
[2026-07-06 17:15:17] Creation of dynamic property dbclass::$app is deprecated in C:\xampp\Desktop\mdcnpal\htdocs\public_html\core\dbclass.php on line 75
[2026-07-06 17:15:17] Creation of dynamic property model::$foreign_tables is deprecated in C:\xampp\Desktop\mdcnpal\htdocs\public_html\core\model.php on line 43
[2026-07-06 17:15:17] Creation of dynamic property app::$inputfilter is deprecated in C:\xampp\Desktop\mdcnpal\htdocs\public_html\core\app.php on line 123
[2026-07-06 17:15:17] Creation of dynamic property app::$userconfig is deprecated in C:\xampp\Desktop\mdcnpal\htdocs\public_html\core\app.php on line 124
[2026-07-06 17:15:17] Creation of dynamic property app::$global_include is deprecated in C:\xampp\Desktop\mdcnpal\htdocs\public_html\core\app.php on line 125
[2026-07-06 17:15:17] Creation of dynamic property app::$set_cache_time is deprecated in C:\xampp\Desktop\mdcnpal\htdocs\public_html\core\app.php on line 153
[2026-07-06 17:15:17] Creation of dynamic property app::$record is deprecated in C:\xampp\Desktop\mdcnpal\htdocs\public_html\core\app.php on line 434
[2026-07-06 17:15:17] Creation of dynamic property app::$field_record_per_page is deprecated in C:\xampp\Desktop\mdcnpal\htdocs\public_html\core\app.php on line 434
[2026-07-06 17:15:17] Undefined array key "search_by" in C:\xampp\Desktop\mdcnpal\htdocs\public_html\core\global_include.php on line 73
[2026-07-06 17:15:17] Undefined array key "admin" in C:\xampp\Desktop\mdcnpal\htdocs\public_html\core\global_include.php on line 90
[2026-07-06 17:15:17] Undefined array key 0 in C:\xampp\Desktop\mdcnpal\htdocs\public_html\core\global_include.php on line 91
[2026-07-06 17:15:17] Creation of dynamic property app::$rs_admin is deprecated in C:\xampp\Desktop\mdcnpal\htdocs\public_html\core\app.php on line 434
[2026-07-06 17:15:17] Undefined array key "admin" in C:\xampp\Desktop\mdcnpal\htdocs\public_html\core\global_include.php on line 92
[2026-07-06 17:15:17] Creation of dynamic property app::$gs is deprecated in C:\xampp\Desktop\mdcnpal\htdocs\public_html\core\app.php on line 434
[2026-07-06 17:15:17] Undefined variable $tmpStr in C:\xampp\Desktop\mdcnpal\htdocs\public_html\core\app.php on line 971
[2026-07-06 17:15:20] Creation of dynamic property dbclass::$RECORD_SET is deprecated in C:\xampp\Desktop\mdcnpal\htdocs\public_html\core\dbclass.php on line 69
[2026-07-06 17:15:20] Creation of dynamic property dbclass::$app is deprecated in C:\xampp\Desktop\mdcnpal\htdocs\public_html\core\dbclass.php on line 75
[2026-07-06 17:15:20] Creation of dynamic property model::$foreign_tables is deprecated in C:\xampp\Desktop\mdcnpal\htdocs\public_html\core\model.php on line 43
[2026-07-06 17:15:20] Creation of dynamic property app::$inputfilter is deprecated in C:\xampp\Desktop\mdcnpal\htdocs\public_html\core\app.php on line 123
[2026-07-06 17:15:20] Creation of dynamic property app::$userconfig is deprecated in C:\xampp\Desktop\mdcnpal\htdocs\public_html\core\app.php on line 124
[2026-07-06 17:15:20] Creation of dynamic property app::$global_include is deprecated in C:\xampp\Desktop\mdcnpal\htdocs\public_html\core\app.php on line 125
[2026-07-06 17:15:20] Creation of dynamic property app::$set_cache_time is deprecated in C:\xampp\Desktop\mdcnpal\htdocs\public_html\core\app.php on line 153
[06-Jul-2026 17:15:20 Asia/Kathmandu] PHP Fatal error:  Array and string offset access syntax with curly braces is no longer supported in C:\xampp\Desktop\mdcnpal\htdocs\public_html\modules\JSON\class.JSON.php on line 156
[2026-07-06 17:18:38] Creation of dynamic property dbclass::$RECORD_SET is deprecated in C:\xampp\Desktop\mdcnpal\htdocs\public_html\core\dbclass.php on line 69
[2026-07-06 17:18:38] Creation of dynamic property dbclass::$app is deprecated in C:\xampp\Desktop\mdcnpal\htdocs\public_html\core\dbclass.php on line 75
[2026-07-06 17:18:38] Creation of dynamic property model::$foreign_tables is deprecated in C:\xampp\Desktop\mdcnpal\htdocs\public_html\core\model.php on line 43
[2026-07-06 17:18:38] Creation of dynamic property app::$inputfilter is deprecated in C:\xampp\Desktop\mdcnpal\htdocs\public_html\core\app.php on line 123
[2026-07-06 17:18:38] Creation of dynamic property app::$userconfig is deprecated in C:\xampp\Desktop\mdcnpal\htdocs\public_html\core\app.php on line 124
[2026-07-06 17:18:38] Creation of dynamic property app::$global_include is deprecated in C:\xampp\Desktop\mdcnpal\htdocs\public_html\core\app.php on line 125
[2026-07-06 17:18:38] Creation of dynamic property app::$set_cache_time is deprecated in C:\xampp\Desktop\mdcnpal\htdocs\public_html\core\app.php on line 153
[06-Jul-2026 17:18:38 Asia/Kathmandu] PHP Fatal error:  Array and string offset access syntax with curly braces is no longer supported in C:\xampp\Desktop\mdcnpal\htdocs\public_html\modules\JSON\class.JSON.php on line 264
[2026-07-06 17:20:34] Creation of dynamic property dbclass::$RECORD_SET is deprecated in C:\xampp\Desktop\mdcnpal\htdocs\public_html\core\dbclass.php on line 69
[2026-07-06 17:20:34] Creation of dynamic property dbclass::$app is deprecated in C:\xampp\Desktop\mdcnpal\htdocs\public_html\core\dbclass.php on line 75
[2026-07-06 17:20:34] Creation of dynamic property model::$foreign_tables is deprecated in C:\xampp\Desktop\mdcnpal\htdocs\public_html\core\model.php on line 43
[2026-07-06 17:20:34] Creation of dynamic property app::$inputfilter is deprecated in C:\xampp\Desktop\mdcnpal\htdocs\public_html\core\app.php on line 123
[2026-07-06 17:20:34] Creation of dynamic property app::$userconfig is deprecated in C:\xampp\Desktop\mdcnpal\htdocs\public_html\core\app.php on line 124
[2026-07-06 17:20:34] Creation of dynamic property app::$global_include is deprecated in C:\xampp\Desktop\mdcnpal\htdocs\public_html\core\app.php on line 125
[2026-07-06 17:20:34] Creation of dynamic property app::$set_cache_time is deprecated in C:\xampp\Desktop\mdcnpal\htdocs\public_html\core\app.php on line 153
[2026-07-06 17:20:34] Creation of dynamic property app::$record is deprecated in C:\xampp\Desktop\mdcnpal\htdocs\public_html\core\app.php on line 434
[2026-07-06 17:20:34] Creation of dynamic property app::$field_record_per_page is deprecated in C:\xampp\Desktop\mdcnpal\htdocs\public_html\core\app.php on line 434
[2026-07-06 17:20:34] Undefined array key "search_by" in C:\xampp\Desktop\mdcnpal\htdocs\public_html\core\global_include.php on line 73
[2026-07-06 17:20:34] Undefined array key "admin" in C:\xampp\Desktop\mdcnpal\htdocs\public_html\core\global_include.php on line 90
[2026-07-06 17:20:34] Undefined array key 0 in C:\xampp\Desktop\mdcnpal\htdocs\public_html\core\global_include.php on line 91
[2026-07-06 17:20:34] Creation of dynamic property app::$rs_admin is deprecated in C:\xampp\Desktop\mdcnpal\htdocs\public_html\core\app.php on line 434
[2026-07-06 17:20:34] Undefined array key "admin" in C:\xampp\Desktop\mdcnpal\htdocs\public_html\core\global_include.php on line 92
[2026-07-06 17:20:34] Creation of dynamic property app::$gs is deprecated in C:\xampp\Desktop\mdcnpal\htdocs\public_html\core\app.php on line 434
[2026-07-06 17:20:34] Undefined variable $tmpStr in C:\xampp\Desktop\mdcnpal\htdocs\public_html\core\app.php on line 971
[2026-07-06 17:20:35] Creation of dynamic property dbclass::$RECORD_SET is deprecated in C:\xampp\Desktop\mdcnpal\htdocs\public_html\core\dbclass.php on line 69
[2026-07-06 17:20:35] Creation of dynamic property dbclass::$app is deprecated in C:\xampp\Desktop\mdcnpal\htdocs\public_html\core\dbclass.php on line 75
[2026-07-06 17:20:35] Creation of dynamic property model::$foreign_tables is deprecated in C:\xampp\Desktop\mdcnpal\htdocs\public_html\core\model.php on line 43
[2026-07-06 17:20:35] Creation of dynamic property app::$inputfilter is deprecated in C:\xampp\Desktop\mdcnpal\htdocs\public_html\core\app.php on line 123
[2026-07-06 17:20:35] Creation of dynamic property app::$userconfig is deprecated in C:\xampp\Desktop\mdcnpal\htdocs\public_html\core\app.php on line 124
[2026-07-06 17:20:35] Creation of dynamic property app::$global_include is deprecated in C:\xampp\Desktop\mdcnpal\htdocs\public_html\core\app.php on line 125
[2026-07-06 17:20:35] Creation of dynamic property app::$set_cache_time is deprecated in C:\xampp\Desktop\mdcnpal\htdocs\public_html\core\app.php on line 153
[2026-07-06 17:20:36] Creation of dynamic property dbclass::$RECORD_SET is deprecated in C:\xampp\Desktop\mdcnpal\htdocs\public_html\core\dbclass.php on line 69
[2026-07-06 17:20:36] Creation of dynamic property dbclass::$app is deprecated in C:\xampp\Desktop\mdcnpal\htdocs\public_html\core\dbclass.php on line 75
[2026-07-06 17:20:36] Creation of dynamic property model::$foreign_tables is deprecated in C:\xampp\Desktop\mdcnpal\htdocs\public_html\core\model.php on line 43
[2026-07-06 17:20:36] Creation of dynamic property app::$inputfilter is deprecated in C:\xampp\Desktop\mdcnpal\htdocs\public_html\core\app.php on line 123
[2026-07-06 17:20:36] Creation of dynamic property app::$userconfig is deprecated in C:\xampp\Desktop\mdcnpal\htdocs\public_html\core\app.php on line 124
[2026-07-06 17:20:36] Creation of dynamic property app::$global_include is deprecated in C:\xampp\Desktop\mdcnpal\htdocs\public_html\core\app.php on line 125
[2026-07-06 17:20:36] Creation of dynamic property app::$set_cache_time is deprecated in C:\xampp\Desktop\mdcnpal\htdocs\public_html\core\app.php on line 153
[2026-07-06 17:20:36] Creation of dynamic property app::$record is deprecated in C:\xampp\Desktop\mdcnpal\htdocs\public_html\core\app.php on line 434
[2026-07-06 17:20:36] Creation of dynamic property app::$field_record_per_page is deprecated in C:\xampp\Desktop\mdcnpal\htdocs\public_html\core\app.php on line 434
[2026-07-06 17:20:36] Undefined array key "search_by" in C:\xampp\Desktop\mdcnpal\htdocs\public_html\core\global_include.php on line 73
[2026-07-06 17:20:36] Creation of dynamic property app::$rs_admin is deprecated in C:\xampp\Desktop\mdcnpal\htdocs\public_html\core\app.php on line 434
[2026-07-06 17:20:36] Creation of dynamic property app::$gs is deprecated in C:\xampp\Desktop\mdcnpal\htdocs\public_html\core\app.php on line 434
[2026-07-06 17:20:36] Creation of dynamic property app::$TOTAL_PRO is deprecated in C:\xampp\Desktop\mdcnpal\htdocs\public_html\core\controller.php on line 87
[2026-07-06 17:20:36] Creation of dynamic property app::$TOTAL_OM is deprecated in C:\xampp\Desktop\mdcnpal\htdocs\public_html\core\controller.php on line 87
[2026-07-06 17:20:36] Creation of dynamic property app::$TOTAL_USER is deprecated in C:\xampp\Desktop\mdcnpal\htdocs\public_html\core\controller.php on line 87
[2026-07-06 17:20:36] Creation of dynamic property app::$TOTAL_TODAY is deprecated in C:\xampp\Desktop\mdcnpal\htdocs\public_html\core\controller.php on line 87
[2026-07-06 17:20:36] Creation of dynamic property app::$TOTAL_CONFIRM is deprecated in C:\xampp\Desktop\mdcnpal\htdocs\public_html\core\controller.php on line 87
[2026-07-06 17:20:36] Creation of dynamic property app::$TOTAL_CANCEL is deprecated in C:\xampp\Desktop\mdcnpal\htdocs\public_html\core\controller.php on line 87
[2026-07-06 17:20:36] Creation of dynamic property app::$rs_user is deprecated in C:\xampp\Desktop\mdcnpal\htdocs\public_html\core\app.php on line 434
[2026-07-06 17:20:36] Undefined variable $tmpStr in C:\xampp\Desktop\mdcnpal\htdocs\public_html\core\app.php on line 971
[2026-07-06 17:20:45] Creation of dynamic property dbclass::$RECORD_SET is deprecated in C:\xampp\Desktop\mdcnpal\htdocs\public_html\core\dbclass.php on line 69
[2026-07-06 17:20:45] Creation of dynamic property dbclass::$app is deprecated in C:\xampp\Desktop\mdcnpal\htdocs\public_html\core\dbclass.php on line 75
[2026-07-06 17:20:45] Creation of dynamic property model::$foreign_tables is deprecated in C:\xampp\Desktop\mdcnpal\htdocs\public_html\core\model.php on line 43
[2026-07-06 17:20:45] Creation of dynamic property app::$inputfilter is deprecated in C:\xampp\Desktop\mdcnpal\htdocs\public_html\core\app.php on line 123
[2026-07-06 17:20:45] Creation of dynamic property app::$userconfig is deprecated in C:\xampp\Desktop\mdcnpal\htdocs\public_html\core\app.php on line 124
[2026-07-06 17:20:45] Creation of dynamic property app::$global_include is deprecated in C:\xampp\Desktop\mdcnpal\htdocs\public_html\core\app.php on line 125
[2026-07-06 17:20:45] Creation of dynamic property app::$set_cache_time is deprecated in C:\xampp\Desktop\mdcnpal\htdocs\public_html\core\app.php on line 153
[2026-07-06 17:20:45] Creation of dynamic property app::$record is deprecated in C:\xampp\Desktop\mdcnpal\htdocs\public_html\core\app.php on line 434
[2026-07-06 17:20:45] Creation of dynamic property app::$field_record_per_page is deprecated in C:\xampp\Desktop\mdcnpal\htdocs\public_html\core\app.php on line 434
[2026-07-06 17:20:45] Undefined array key "search_by" in C:\xampp\Desktop\mdcnpal\htdocs\public_html\core\global_include.php on line 73
[2026-07-06 17:20:45] Creation of dynamic property app::$rs_admin is deprecated in C:\xampp\Desktop\mdcnpal\htdocs\public_html\core\app.php on line 434
[2026-07-06 17:20:45] Creation of dynamic property app::$gs is deprecated in C:\xampp\Desktop\mdcnpal\htdocs\public_html\core\app.php on line 434
[2026-07-06 17:20:45] Undefined variable $tmpStr in C:\xampp\Desktop\mdcnpal\htdocs\public_html\core\app.php on line 971
[2026-07-06 17:20:46] Creation of dynamic property dbclass::$RECORD_SET is deprecated in C:\xampp\Desktop\mdcnpal\htdocs\public_html\core\dbclass.php on line 69
[2026-07-06 17:20:46] Creation of dynamic property dbclass::$app is deprecated in C:\xampp\Desktop\mdcnpal\htdocs\public_html\core\dbclass.php on line 75
[2026-07-06 17:20:46] Creation of dynamic property model::$foreign_tables is deprecated in C:\xampp\Desktop\mdcnpal\htdocs\public_html\core\model.php on line 43
[2026-07-06 17:20:46] Creation of dynamic property app::$inputfilter is deprecated in C:\xampp\Desktop\mdcnpal\htdocs\public_html\core\app.php on line 123
[2026-07-06 17:20:46] Creation of dynamic property app::$userconfig is deprecated in C:\xampp\Desktop\mdcnpal\htdocs\public_html\core\app.php on line 124
[2026-07-06 17:20:46] Creation of dynamic property app::$global_include is deprecated in C:\xampp\Desktop\mdcnpal\htdocs\public_html\core\app.php on line 125
[2026-07-06 17:20:46] Creation of dynamic property app::$set_cache_time is deprecated in C:\xampp\Desktop\mdcnpal\htdocs\public_html\core\app.php on line 153
[2026-07-06 17:20:46] Creation of dynamic property dbclass::$RECORD_SET is deprecated in C:\xampp\Desktop\mdcnpal\htdocs\public_html\core\dbclass.php on line 69
[2026-07-06 17:20:46] Creation of dynamic property dbclass::$app is deprecated in C:\xampp\Desktop\mdcnpal\htdocs\public_html\core\dbclass.php on line 75
[2026-07-06 17:20:46] Creation of dynamic property model::$foreign_tables is deprecated in C:\xampp\Desktop\mdcnpal\htdocs\public_html\core\model.php on line 43
[2026-07-06 17:20:46] Creation of dynamic property app::$inputfilter is deprecated in C:\xampp\Desktop\mdcnpal\htdocs\public_html\core\app.php on line 123
[2026-07-06 17:20:46] Creation of dynamic property app::$userconfig is deprecated in C:\xampp\Desktop\mdcnpal\htdocs\public_html\core\app.php on line 124
[2026-07-06 17:20:46] Creation of dynamic property app::$global_include is deprecated in C:\xampp\Desktop\mdcnpal\htdocs\public_html\core\app.php on line 125
[2026-07-06 17:20:46] Creation of dynamic property app::$set_cache_time is deprecated in C:\xampp\Desktop\mdcnpal\htdocs\public_html\core\app.php on line 153
[2026-07-06 17:20:46] Creation of dynamic property app::$meta is deprecated in C:\xampp\Desktop\mdcnpal\htdocs\public_html\core\app.php on line 434
[2026-07-06 17:20:46] Creation of dynamic property app::$rs_gs_city is deprecated in C:\xampp\Desktop\mdcnpal\htdocs\public_html\core\app.php on line 434
[2026-07-06 17:20:46] Creation of dynamic property app::$rs_footer_popular_item is deprecated in C:\xampp\Desktop\mdcnpal\htdocs\public_html\core\app.php on line 434
[2026-07-06 17:20:46] Creation of dynamic property app::$rs_footer_popular_test is deprecated in C:\xampp\Desktop\mdcnpal\htdocs\public_html\core\app.php on line 434
[2026-07-06 17:20:46] Creation of dynamic property app::$rs_testimonial is deprecated in C:\xampp\Desktop\mdcnpal\htdocs\public_html\core\app.php on line 434
[2026-07-06 17:20:46] Creation of dynamic property app::$admin is deprecated in C:\xampp\Desktop\mdcnpal\htdocs\public_html\core\app.php on line 434
[2026-07-06 17:20:46] Undefined array key 0 in C:\xampp\Desktop\mdcnpal\htdocs\public_html\core\global_include.php on line 514
[2026-07-06 17:20:46] Creation of dynamic property app::$popup is deprecated in C:\xampp\Desktop\mdcnpal\htdocs\public_html\core\app.php on line 434
[2026-07-06 17:20:46] Undefined array key "MDRCCustID" in C:\xampp\Desktop\mdcnpal\htdocs\public_html\core\global_include.php on line 515
[2026-07-06 17:20:46] Undefined array key "MDRCToken" in C:\xampp\Desktop\mdcnpal\htdocs\public_html\core\global_include.php on line 515
[2026-07-06 17:20:46] Creation of dynamic property app::$rscategory is deprecated in C:\xampp\Desktop\mdcnpal\htdocs\public_html\core\app.php on line 434
[2026-07-06 17:20:46] Creation of dynamic property app::$rs_pages is deprecated in C:\xampp\Desktop\mdcnpal\htdocs\public_html\core\app.php on line 434
[2026-07-06 17:20:46] Creation of dynamic property app::$gs is deprecated in C:\xampp\Desktop\mdcnpal\htdocs\public_html\core\app.php on line 434
[2026-07-06 17:20:46] Undefined array key "MDRCCustID" in C:\xampp\Desktop\mdcnpal\htdocs\public_html\core\global_include.php on line 596
[2026-07-06 17:20:46] Undefined array key "MDRCCustID" in C:\xampp\Desktop\mdcnpal\htdocs\public_html\core\global_include.php on line 615
[2026-07-06 17:20:46] Undefined variable $getId in C:\xampp\Desktop\mdcnpal\htdocs\public_html\core\global_include.php on line 684
[2026-07-06 17:20:46] Undefined variable $getName in C:\xampp\Desktop\mdcnpal\htdocs\public_html\core\global_include.php on line 685
[2026-07-06 17:20:46] Undefined array key 0 in C:\xampp\Desktop\mdcnpal\htdocs\public_html\core\global_include.php on line 810
[2026-07-06 17:20:46] Creation of dynamic property app::$rs_offer_msg is deprecated in C:\xampp\Desktop\mdcnpal\htdocs\public_html\core\app.php on line 434
[2026-07-06 17:20:46] Creation of dynamic property app::$rs_for_doctors is deprecated in C:\xampp\Desktop\mdcnpal\htdocs\public_html\core\app.php on line 434
[2026-07-06 17:20:46] Creation of dynamic property app::$description is deprecated in C:\xampp\Desktop\mdcnpal\htdocs\public_html\core\app.php on line 434
[2026-07-06 17:20:46] Creation of dynamic property app::$rs_banner is deprecated in C:\xampp\Desktop\mdcnpal\htdocs\public_html\core\app.php on line 434
[2026-07-06 17:20:46] Creation of dynamic property app::$rs_item_diseases is deprecated in C:\xampp\Desktop\mdcnpal\htdocs\public_html\core\app.php on line 434
[2026-07-06 17:20:46] Creation of dynamic property app::$rs_item_home_category is deprecated in C:\xampp\Desktop\mdcnpal\htdocs\public_html\core\app.php on line 434
[2026-07-06 17:20:46] Creation of dynamic property app::$rs_item_banner_category is deprecated in C:\xampp\Desktop\mdcnpal\htdocs\public_html\core\app.php on line 434
[2026-07-06 17:20:47] Creation of dynamic property app::$rs_services is deprecated in C:\xampp\Desktop\mdcnpal\htdocs\public_html\core\app.php on line 434
[2026-07-06 17:20:47] Creation of dynamic property app::$rs_blog is deprecated in C:\xampp\Desktop\mdcnpal\htdocs\public_html\core\app.php on line 434
[2026-07-06 17:20:47] Creation of dynamic property app::$rs_category is deprecated in C:\xampp\Desktop\mdcnpal\htdocs\public_html\core\app.php on line 434
[2026-07-06 17:20:47] Creation of dynamic property app::$rs_faq_data is deprecated in C:\xampp\Desktop\mdcnpal\htdocs\public_html\core\app.php on line 434
[2026-07-06 17:20:47] Creation of dynamic property app::$rs_gallery_data is deprecated in C:\xampp\Desktop\mdcnpal\htdocs\public_html\core\app.php on line 434
[2026-07-06 17:20:47] Undefined property: app::$rs_cartmini in C:\xampp\Desktop\mdcnpal\htdocs\public_html\includes\header.php on line 131
[2026-07-06 17:20:47] Undefined array key "MDRCCustID" in C:\xampp\Desktop\mdcnpal\htdocs\public_html\includes\header.php on line 134
[2026-07-06 17:20:47] Undefined property: app::$rs_cartmini in C:\xampp\Desktop\mdcnpal\htdocs\public_html\includes\header.php on line 197
[2026-07-06 17:20:47] Undefined array key "MDRCCustID" in C:\xampp\Desktop\mdcnpal\htdocs\public_html\includes\header.php on line 200
[2026-07-06 17:20:47] Undefined property: app::$rs_cartmini in C:\xampp\Desktop\mdcnpal\htdocs\public_html\includes\header.php on line 469
[2026-07-06 17:20:47] Undefined array key "MDRCCustID" in C:\xampp\Desktop\mdcnpal\htdocs\public_html\includes\header.php on line 472
[2026-07-06 17:20:47] Undefined property: app::$rs_cartmini in C:\xampp\Desktop\mdcnpal\htdocs\public_html\includes\header.php on line 525
[2026-07-06 17:20:47] Undefined array key "MDRCCustID" in C:\xampp\Desktop\mdcnpal\htdocs\public_html\includes\header.php on line 528
[2026-07-06 17:20:47] Undefined property: app::$rs_customer in C:\xampp\Desktop\mdcnpal\htdocs\public_html\includes\header.php on line 712
[2026-07-06 17:20:47] Trying to access array offset on value of type null in C:\xampp\Desktop\mdcnpal\htdocs\public_html\includes\header.php on line 712
[2026-07-06 17:20:47] Undefined property: app::$rs_customer in C:\xampp\Desktop\mdcnpal\htdocs\public_html\includes\header.php on line 721
[2026-07-06 17:20:47] Trying to access array offset on value of type null in C:\xampp\Desktop\mdcnpal\htdocs\public_html\includes\header.php on line 721
[2026-07-06 17:20:47] Undefined property: app::$rs_customer in C:\xampp\Desktop\mdcnpal\htdocs\public_html\includes\header.php on line 730
[2026-07-06 17:20:47] Trying to access array offset on value of type null in C:\xampp\Desktop\mdcnpal\htdocs\public_html\includes\header.php on line 730
[2026-07-06 17:20:47] Undefined property: app::$rs_customer in C:\xampp\Desktop\mdcnpal\htdocs\public_html\includes\header.php on line 739
[2026-07-06 17:20:47] Trying to access array offset on value of type null in C:\xampp\Desktop\mdcnpal\htdocs\public_html\includes\header.php on line 739
[2026-07-06 17:20:47] Undefined variable $g_search_query in C:\xampp\Desktop\mdcnpal\htdocs\public_html\core\app.php(565) : eval()'d code on line 219
[2026-07-06 17:20:47] Undefined variable $department_cond in C:\xampp\Desktop\mdcnpal\htdocs\public_html\core\app.php(565) : eval()'d code on line 219
[2026-07-06 17:20:47] Undefined variable $type_cond in C:\xampp\Desktop\mdcnpal\htdocs\public_html\core\app.php(565) : eval()'d code on line 219
[2026-07-06 17:20:47] Undefined variable $dieses_cond in C:\xampp\Desktop\mdcnpal\htdocs\public_html\core\app.php(565) : eval()'d code on line 219
[2026-07-06 17:20:47] Undefined variable $popular_pack_cond in C:\xampp\Desktop\mdcnpal\htdocs\public_html\core\app.php(565) : eval()'d code on line 219
[2026-07-06 17:20:47] Undefined variable $g_search_query in C:\xampp\Desktop\mdcnpal\htdocs\public_html\core\app.php(565) : eval()'d code on line 219
[2026-07-06 17:20:47] Undefined variable $department_cond in C:\xampp\Desktop\mdcnpal\htdocs\public_html\core\app.php(565) : eval()'d code on line 219
[2026-07-06 17:20:47] Undefined variable $type_cond in C:\xampp\Desktop\mdcnpal\htdocs\public_html\core\app.php(565) : eval()'d code on line 219
[2026-07-06 17:20:47] Undefined variable $dieses_cond in C:\xampp\Desktop\mdcnpal\htdocs\public_html\core\app.php(565) : eval()'d code on line 219
[2026-07-06 17:20:47] Undefined variable $popular_pack_cond in C:\xampp\Desktop\mdcnpal\htdocs\public_html\core\app.php(565) : eval()'d code on line 219
[2026-07-06 17:20:47] Undefined variable $g_search_query in C:\xampp\Desktop\mdcnpal\htdocs\public_html\core\app.php(565) : eval()'d code on line 219
[2026-07-06 17:20:47] Undefined variable $department_cond in C:\xampp\Desktop\mdcnpal\htdocs\public_html\core\app.php(565) : eval()'d code on line 219
[2026-07-06 17:20:47] Undefined variable $type_cond in C:\xampp\Desktop\mdcnpal\htdocs\public_html\core\app.php(565) : eval()'d code on line 219
[2026-07-06 17:20:47] Undefined variable $dieses_cond in C:\xampp\Desktop\mdcnpal\htdocs\public_html\core\app.php(565) : eval()'d code on line 219
[2026-07-06 17:20:47] Undefined variable $popular_pack_cond in C:\xampp\Desktop\mdcnpal\htdocs\public_html\core\app.php(565) : eval()'d code on line 219
[2026-07-06 17:20:47] Undefined variable $g_search_query in C:\xampp\Desktop\mdcnpal\htdocs\public_html\core\app.php(565) : eval()'d code on line 219
[2026-07-06 17:20:47] Undefined variable $department_cond in C:\xampp\Desktop\mdcnpal\htdocs\public_html\core\app.php(565) : eval()'d code on line 219
[2026-07-06 17:20:47] Undefined variable $type_cond in C:\xampp\Desktop\mdcnpal\htdocs\public_html\core\app.php(565) : eval()'d code on line 219
[2026-07-06 17:20:47] Undefined variable $dieses_cond in C:\xampp\Desktop\mdcnpal\htdocs\public_html\core\app.php(565) : eval()'d code on line 219
[2026-07-06 17:20:47] Undefined variable $popular_pack_cond in C:\xampp\Desktop\mdcnpal\htdocs\public_html\core\app.php(565) : eval()'d code on line 219
[2026-07-06 17:20:47] Undefined variable $g_search_query in C:\xampp\Desktop\mdcnpal\htdocs\public_html\core\app.php(565) : eval()'d code on line 219
[2026-07-06 17:20:47] Undefined variable $department_cond in C:\xampp\Desktop\mdcnpal\htdocs\public_html\core\app.php(565) : eval()'d code on line 219
[2026-07-06 17:20:47] Undefined variable $type_cond in C:\xampp\Desktop\mdcnpal\htdocs\public_html\core\app.php(565) : eval()'d code on line 219
[2026-07-06 17:20:47] Undefined variable $dieses_cond in C:\xampp\Desktop\mdcnpal\htdocs\public_html\core\app.php(565) : eval()'d code on line 219
[2026-07-06 17:20:47] Undefined variable $popular_pack_cond in C:\xampp\Desktop\mdcnpal\htdocs\public_html\core\app.php(565) : eval()'d code on line 219
[2026-07-06 17:20:47] Undefined property: app::$rs_customer in C:\xampp\Desktop\mdcnpal\htdocs\public_html\includes\footer.php on line 357
[2026-07-06 17:20:47] Trying to access array offset on value of type null in C:\xampp\Desktop\mdcnpal\htdocs\public_html\includes\footer.php on line 357
[2026-07-06 17:20:47] Undefined property: app::$rs_customer in C:\xampp\Desktop\mdcnpal\htdocs\public_html\includes\footer.php on line 366
[2026-07-06 17:20:47] Trying to access array offset on value of type null in C:\xampp\Desktop\mdcnpal\htdocs\public_html\includes\footer.php on line 366
[2026-07-06 17:20:47] Undefined property: app::$rs_customer in C:\xampp\Desktop\mdcnpal\htdocs\public_html\includes\footer.php on line 372
[2026-07-06 17:20:47] Trying to access array offset on value of type null in C:\xampp\Desktop\mdcnpal\htdocs\public_html\includes\footer.php on line 372
[2026-07-06 17:20:47] Undefined property: app::$rs_customer in C:\xampp\Desktop\mdcnpal\htdocs\public_html\includes\general_data.php on line 88
[2026-07-06 17:20:47] Trying to access array offset on value of type null in C:\xampp\Desktop\mdcnpal\htdocs\public_html\includes\general_data.php on line 88
[2026-07-06 17:20:47] Undefined array key "MDRCCustID" in C:\xampp\Desktop\mdcnpal\htdocs\public_html\includes\general_data.php on line 88
[2026-07-06 17:20:47] Undefined variable $tmpStr in C:\xampp\Desktop\mdcnpal\htdocs\public_html\core\app.php on line 971
[2026-07-06 17:20:48] Creation of dynamic property dbclass::$RECORD_SET is deprecated in C:\xampp\Desktop\mdcnpal\htdocs\public_html\core\dbclass.php on line 69
[2026-07-06 17:20:48] Creation of dynamic property dbclass::$app is deprecated in C:\xampp\Desktop\mdcnpal\htdocs\public_html\core\dbclass.php on line 75
[2026-07-06 17:20:48] Creation of dynamic property model::$foreign_tables is deprecated in C:\xampp\Desktop\mdcnpal\htdocs\public_html\core\model.php on line 43
[2026-07-06 17:20:48] Creation of dynamic property app::$inputfilter is deprecated in C:\xampp\Desktop\mdcnpal\htdocs\public_html\core\app.php on line 123
[2026-07-06 17:20:48] Creation of dynamic property app::$userconfig is deprecated in C:\xampp\Desktop\mdcnpal\htdocs\public_html\core\app.php on line 124
[2026-07-06 17:20:48] Creation of dynamic property app::$global_include is deprecated in C:\xampp\Desktop\mdcnpal\htdocs\public_html\core\app.php on line 125
[2026-07-06 17:20:48] Creation of dynamic property app::$set_cache_time is deprecated in C:\xampp\Desktop\mdcnpal\htdocs\public_html\core\app.php on line 153
[2026-07-06 17:20:48] Creation of dynamic property app::$record is deprecated in C:\xampp\Desktop\mdcnpal\htdocs\public_html\core\app.php on line 434
[2026-07-06 17:20:48] Creation of dynamic property app::$field_record_per_page is deprecated in C:\xampp\Desktop\mdcnpal\htdocs\public_html\core\app.php on line 434
[2026-07-06 17:20:48] Undefined array key "search_by" in C:\xampp\Desktop\mdcnpal\htdocs\public_html\core\global_include.php on line 73
[2026-07-06 17:20:48] Creation of dynamic property app::$rs_admin is deprecated in C:\xampp\Desktop\mdcnpal\htdocs\public_html\core\app.php on line 434
[2026-07-06 17:20:48] Creation of dynamic property app::$gs is deprecated in C:\xampp\Desktop\mdcnpal\htdocs\public_html\core\app.php on line 434
[2026-07-06 17:20:48] Undefined variable $tmpStr in C:\xampp\Desktop\mdcnpal\htdocs\public_html\core\app.php on line 971
[2026-07-06 17:20:49] Creation of dynamic property dbclass::$RECORD_SET is deprecated in C:\xampp\Desktop\mdcnpal\htdocs\public_html\core\dbclass.php on line 69
[2026-07-06 17:20:49] Creation of dynamic property dbclass::$app is deprecated in C:\xampp\Desktop\mdcnpal\htdocs\public_html\core\dbclass.php on line 75
[2026-07-06 17:20:49] Creation of dynamic property model::$foreign_tables is deprecated in C:\xampp\Desktop\mdcnpal\htdocs\public_html\core\model.php on line 43
[2026-07-06 17:20:49] Creation of dynamic property app::$inputfilter is deprecated in C:\xampp\Desktop\mdcnpal\htdocs\public_html\core\app.php on line 123
[2026-07-06 17:20:49] Creation of dynamic property app::$userconfig is deprecated in C:\xampp\Desktop\mdcnpal\htdocs\public_html\core\app.php on line 124
[2026-07-06 17:20:49] Creation of dynamic property app::$global_include is deprecated in C:\xampp\Desktop\mdcnpal\htdocs\public_html\core\app.php on line 125
[2026-07-06 17:20:49] Creation of dynamic property app::$set_cache_time is deprecated in C:\xampp\Desktop\mdcnpal\htdocs\public_html\core\app.php on line 153
[2026-07-06 17:20:49] Creation of dynamic property dbclass::$RECORD_SET is deprecated in C:\xampp\Desktop\mdcnpal\htdocs\public_html\core\dbclass.php on line 69
[2026-07-06 17:20:49] Creation of dynamic property dbclass::$app is deprecated in C:\xampp\Desktop\mdcnpal\htdocs\public_html\core\dbclass.php on line 75
[2026-07-06 17:20:49] Creation of dynamic property model::$foreign_tables is deprecated in C:\xampp\Desktop\mdcnpal\htdocs\public_html\core\model.php on line 43
[2026-07-06 17:20:49] Creation of dynamic property app::$inputfilter is deprecated in C:\xampp\Desktop\mdcnpal\htdocs\public_html\core\app.php on line 123
[2026-07-06 17:20:49] Creation of dynamic property app::$userconfig is deprecated in C:\xampp\Desktop\mdcnpal\htdocs\public_html\core\app.php on line 124
[2026-07-06 17:20:49] Creation of dynamic property app::$global_include is deprecated in C:\xampp\Desktop\mdcnpal\htdocs\public_html\core\app.php on line 125
[2026-07-06 17:20:49] Creation of dynamic property app::$set_cache_time is deprecated in C:\xampp\Desktop\mdcnpal\htdocs\public_html\core\app.php on line 153
[2026-07-06 17:20:49] Creation of dynamic property app::$meta is deprecated in C:\xampp\Desktop\mdcnpal\htdocs\public_html\core\app.php on line 434
[2026-07-06 17:20:49] Creation of dynamic property app::$rs_gs_city is deprecated in C:\xampp\Desktop\mdcnpal\htdocs\public_html\core\app.php on line 434
[2026-07-06 17:20:49] Creation of dynamic property app::$rs_footer_popular_item is deprecated in C:\xampp\Desktop\mdcnpal\htdocs\public_html\core\app.php on line 434
[2026-07-06 17:20:49] Creation of dynamic property app::$rs_footer_popular_test is deprecated in C:\xampp\Desktop\mdcnpal\htdocs\public_html\core\app.php on line 434
[2026-07-06 17:20:49] Creation of dynamic property app::$rs_testimonial is deprecated in C:\xampp\Desktop\mdcnpal\htdocs\public_html\core\app.php on line 434
[2026-07-06 17:20:49] Creation of dynamic property app::$admin is deprecated in C:\xampp\Desktop\mdcnpal\htdocs\public_html\core\app.php on line 434
[2026-07-06 17:20:49] Undefined array key 0 in C:\xampp\Desktop\mdcnpal\htdocs\public_html\core\global_include.php on line 514
[2026-07-06 17:20:49] Creation of dynamic property app::$popup is deprecated in C:\xampp\Desktop\mdcnpal\htdocs\public_html\core\app.php on line 434
[2026-07-06 17:20:49] Undefined array key "MDRCCustID" in C:\xampp\Desktop\mdcnpal\htdocs\public_html\core\global_include.php on line 515
[2026-07-06 17:20:49] Undefined array key "MDRCToken" in C:\xampp\Desktop\mdcnpal\htdocs\public_html\core\global_include.php on line 515
[2026-07-06 17:20:49] Creation of dynamic property app::$rscategory is deprecated in C:\xampp\Desktop\mdcnpal\htdocs\public_html\core\app.php on line 434
[2026-07-06 17:20:49] Creation of dynamic property app::$rs_pages is deprecated in C:\xampp\Desktop\mdcnpal\htdocs\public_html\core\app.php on line 434
[2026-07-06 17:20:49] Creation of dynamic property app::$gs is deprecated in C:\xampp\Desktop\mdcnpal\htdocs\public_html\core\app.php on line 434
[2026-07-06 17:20:49] Undefined array key "MDRCCustID" in C:\xampp\Desktop\mdcnpal\htdocs\public_html\core\global_include.php on line 596
[2026-07-06 17:20:49] Undefined array key "MDRCCustID" in C:\xampp\Desktop\mdcnpal\htdocs\public_html\core\global_include.php on line 615
[2026-07-06 17:20:49] Undefined variable $getId in C:\xampp\Desktop\mdcnpal\htdocs\public_html\core\global_include.php on line 684
[2026-07-06 17:20:49] Undefined variable $getName in C:\xampp\Desktop\mdcnpal\htdocs\public_html\core\global_include.php on line 685
[2026-07-06 17:20:49] Undefined array key 0 in C:\xampp\Desktop\mdcnpal\htdocs\public_html\core\global_include.php on line 810
[2026-07-06 17:20:49] Creation of dynamic property app::$rs_offer_msg is deprecated in C:\xampp\Desktop\mdcnpal\htdocs\public_html\core\app.php on line 434
[2026-07-06 17:20:49] Creation of dynamic property app::$rs_for_doctors is deprecated in C:\xampp\Desktop\mdcnpal\htdocs\public_html\core\app.php on line 434
[2026-07-06 17:20:49] Creation of dynamic property app::$description is deprecated in C:\xampp\Desktop\mdcnpal\htdocs\public_html\core\app.php on line 434
[2026-07-06 17:20:49] Creation of dynamic property app::$rs_banner is deprecated in C:\xampp\Desktop\mdcnpal\htdocs\public_html\core\app.php on line 434
[2026-07-06 17:20:49] Creation of dynamic property app::$rs_item_diseases is deprecated in C:\xampp\Desktop\mdcnpal\htdocs\public_html\core\app.php on line 434
[2026-07-06 17:20:49] Creation of dynamic property app::$rs_item_home_category is deprecated in C:\xampp\Desktop\mdcnpal\htdocs\public_html\core\app.php on line 434
[2026-07-06 17:20:49] Creation of dynamic property app::$rs_item_banner_category is deprecated in C:\xampp\Desktop\mdcnpal\htdocs\public_html\core\app.php on line 434
[2026-07-06 17:20:49] Creation of dynamic property app::$rs_services is deprecated in C:\xampp\Desktop\mdcnpal\htdocs\public_html\core\app.php on line 434
[2026-07-06 17:20:49] Creation of dynamic property app::$rs_blog is deprecated in C:\xampp\Desktop\mdcnpal\htdocs\public_html\core\app.php on line 434
[2026-07-06 17:20:49] Creation of dynamic property app::$rs_category is deprecated in C:\xampp\Desktop\mdcnpal\htdocs\public_html\core\app.php on line 434
[2026-07-06 17:20:49] Creation of dynamic property app::$rs_faq_data is deprecated in C:\xampp\Desktop\mdcnpal\htdocs\public_html\core\app.php on line 434
[2026-07-06 17:20:49] Creation of dynamic property app::$rs_gallery_data is deprecated in C:\xampp\Desktop\mdcnpal\htdocs\public_html\core\app.php on line 434
[2026-07-06 17:20:49] Undefined property: app::$rs_cartmini in C:\xampp\Desktop\mdcnpal\htdocs\public_html\includes\header.php on line 131
[2026-07-06 17:20:49] Undefined array key "MDRCCustID" in C:\xampp\Desktop\mdcnpal\htdocs\public_html\includes\header.php on line 134
[2026-07-06 17:20:49] Undefined property: app::$rs_cartmini in C:\xampp\Desktop\mdcnpal\htdocs\public_html\includes\header.php on line 197
[2026-07-06 17:20:49] Undefined array key "MDRCCustID" in C:\xampp\Desktop\mdcnpal\htdocs\public_html\includes\header.php on line 200
[2026-07-06 17:20:49] Undefined property: app::$rs_cartmini in C:\xampp\Desktop\mdcnpal\htdocs\public_html\includes\header.php on line 469
[2026-07-06 17:20:49] Undefined array key "MDRCCustID" in C:\xampp\Desktop\mdcnpal\htdocs\public_html\includes\header.php on line 472
[2026-07-06 17:20:49] Undefined property: app::$rs_cartmini in C:\xampp\Desktop\mdcnpal\htdocs\public_html\includes\header.php on line 525
[2026-07-06 17:20:49] Undefined array key "MDRCCustID" in C:\xampp\Desktop\mdcnpal\htdocs\public_html\includes\header.php on line 528
[2026-07-06 17:20:49] Undefined property: app::$rs_customer in C:\xampp\Desktop\mdcnpal\htdocs\public_html\includes\header.php on line 712
[2026-07-06 17:20:49] Trying to access array offset on value of type null in C:\xampp\Desktop\mdcnpal\htdocs\public_html\includes\header.php on line 712
[2026-07-06 17:20:49] Undefined property: app::$rs_customer in C:\xampp\Desktop\mdcnpal\htdocs\public_html\includes\header.php on line 721
[2026-07-06 17:20:49] Trying to access array offset on value of type null in C:\xampp\Desktop\mdcnpal\htdocs\public_html\includes\header.php on line 721
[2026-07-06 17:20:49] Undefined property: app::$rs_customer in C:\xampp\Desktop\mdcnpal\htdocs\public_html\includes\header.php on line 730
[2026-07-06 17:20:49] Trying to access array offset on value of type null in C:\xampp\Desktop\mdcnpal\htdocs\public_html\includes\header.php on line 730
[2026-07-06 17:20:49] Undefined property: app::$rs_customer in C:\xampp\Desktop\mdcnpal\htdocs\public_html\includes\header.php on line 739
[2026-07-06 17:20:49] Trying to access array offset on value of type null in C:\xampp\Desktop\mdcnpal\htdocs\public_html\includes\header.php on line 739
[2026-07-06 17:20:49] Undefined variable $g_search_query in C:\xampp\Desktop\mdcnpal\htdocs\public_html\core\app.php(565) : eval()'d code on line 219
[2026-07-06 17:20:49] Undefined variable $department_cond in C:\xampp\Desktop\mdcnpal\htdocs\public_html\core\app.php(565) : eval()'d code on line 219
[2026-07-06 17:20:49] Undefined variable $type_cond in C:\xampp\Desktop\mdcnpal\htdocs\public_html\core\app.php(565) : eval()'d code on line 219
[2026-07-06 17:20:49] Undefined variable $dieses_cond in C:\xampp\Desktop\mdcnpal\htdocs\public_html\core\app.php(565) : eval()'d code on line 219
[2026-07-06 17:20:49] Undefined variable $popular_pack_cond in C:\xampp\Desktop\mdcnpal\htdocs\public_html\core\app.php(565) : eval()'d code on line 219
[2026-07-06 17:20:50] Undefined variable $g_search_query in C:\xampp\Desktop\mdcnpal\htdocs\public_html\core\app.php(565) : eval()'d code on line 219
[2026-07-06 17:20:50] Undefined variable $department_cond in C:\xampp\Desktop\mdcnpal\htdocs\public_html\core\app.php(565) : eval()'d code on line 219
[2026-07-06 17:20:50] Undefined variable $type_cond in C:\xampp\Desktop\mdcnpal\htdocs\public_html\core\app.php(565) : eval()'d code on line 219
[2026-07-06 17:20:50] Undefined variable $dieses_cond in C:\xampp\Desktop\mdcnpal\htdocs\public_html\core\app.php(565) : eval()'d code on line 219
[2026-07-06 17:20:50] Undefined variable $popular_pack_cond in C:\xampp\Desktop\mdcnpal\htdocs\public_html\core\app.php(565) : eval()'d code on line 219
[2026-07-06 17:20:50] Undefined variable $g_search_query in C:\xampp\Desktop\mdcnpal\htdocs\public_html\core\app.php(565) : eval()'d code on line 219
[2026-07-06 17:20:50] Undefined variable $department_cond in C:\xampp\Desktop\mdcnpal\htdocs\public_html\core\app.php(565) : eval()'d code on line 219
[2026-07-06 17:20:50] Undefined variable $type_cond in C:\xampp\Desktop\mdcnpal\htdocs\public_html\core\app.php(565) : eval()'d code on line 219
[2026-07-06 17:20:50] Undefined variable $dieses_cond in C:\xampp\Desktop\mdcnpal\htdocs\public_html\core\app.php(565) : eval()'d code on line 219
[2026-07-06 17:20:50] Undefined variable $popular_pack_cond in C:\xampp\Desktop\mdcnpal\htdocs\public_html\core\app.php(565) : eval()'d code on line 219
[2026-07-06 17:20:50] Undefined variable $g_search_query in C:\xampp\Desktop\mdcnpal\htdocs\public_html\core\app.php(565) : eval()'d code on line 219
[2026-07-06 17:20:50] Undefined variable $department_cond in C:\xampp\Desktop\mdcnpal\htdocs\public_html\core\app.php(565) : eval()'d code on line 219
[2026-07-06 17:20:50] Undefined variable $type_cond in C:\xampp\Desktop\mdcnpal\htdocs\public_html\core\app.php(565) : eval()'d code on line 219
[2026-07-06 17:20:50] Undefined variable $dieses_cond in C:\xampp\Desktop\mdcnpal\htdocs\public_html\core\app.php(565) : eval()'d code on line 219
[2026-07-06 17:20:50] Undefined variable $popular_pack_cond in C:\xampp\Desktop\mdcnpal\htdocs\public_html\core\app.php(565) : eval()'d code on line 219
[2026-07-06 17:20:50] Undefined variable $g_search_query in C:\xampp\Desktop\mdcnpal\htdocs\public_html\core\app.php(565) : eval()'d code on line 219
[2026-07-06 17:20:50] Undefined variable $department_cond in C:\xampp\Desktop\mdcnpal\htdocs\public_html\core\app.php(565) : eval()'d code on line 219
[2026-07-06 17:20:50] Undefined variable $type_cond in C:\xampp\Desktop\mdcnpal\htdocs\public_html\core\app.php(565) : eval()'d code on line 219
[2026-07-06 17:20:50] Undefined variable $dieses_cond in C:\xampp\Desktop\mdcnpal\htdocs\public_html\core\app.php(565) : eval()'d code on line 219
[2026-07-06 17:20:50] Undefined variable $popular_pack_cond in C:\xampp\Desktop\mdcnpal\htdocs\public_html\core\app.php(565) : eval()'d code on line 219
[2026-07-06 17:20:50] Undefined property: app::$rs_customer in C:\xampp\Desktop\mdcnpal\htdocs\public_html\includes\footer.php on line 357
[2026-07-06 17:20:50] Trying to access array offset on value of type null in C:\xampp\Desktop\mdcnpal\htdocs\public_html\includes\footer.php on line 357
[2026-07-06 17:20:50] Undefined property: app::$rs_customer in C:\xampp\Desktop\mdcnpal\htdocs\public_html\includes\footer.php on line 366
[2026-07-06 17:20:50] Trying to access array offset on value of type null in C:\xampp\Desktop\mdcnpal\htdocs\public_html\includes\footer.php on line 366
[2026-07-06 17:20:50] Undefined property: app::$rs_customer in C:\xampp\Desktop\mdcnpal\htdocs\public_html\includes\footer.php on line 372
[2026-07-06 17:20:50] Trying to access array offset on value of type null in C:\xampp\Desktop\mdcnpal\htdocs\public_html\includes\footer.php on line 372
[2026-07-06 17:20:50] Undefined property: app::$rs_customer in C:\xampp\Desktop\mdcnpal\htdocs\public_html\includes\general_data.php on line 88
[2026-07-06 17:20:50] Trying to access array offset on value of type null in C:\xampp\Desktop\mdcnpal\htdocs\public_html\includes\general_data.php on line 88
[2026-07-06 17:20:50] Undefined array key "MDRCCustID" in C:\xampp\Desktop\mdcnpal\htdocs\public_html\includes\general_data.php on line 88
[2026-07-06 17:20:50] Undefined variable $tmpStr in C:\xampp\Desktop\mdcnpal\htdocs\public_html\core\app.php on line 971
[2026-07-06 17:20:50] Creation of dynamic property dbclass::$RECORD_SET is deprecated in C:\xampp\Desktop\mdcnpal\htdocs\public_html\core\dbclass.php on line 69
[2026-07-06 17:20:50] Creation of dynamic property dbclass::$app is deprecated in C:\xampp\Desktop\mdcnpal\htdocs\public_html\core\dbclass.php on line 75
[2026-07-06 17:20:50] Creation of dynamic property model::$foreign_tables is deprecated in C:\xampp\Desktop\mdcnpal\htdocs\public_html\core\model.php on line 43
[2026-07-06 17:20:50] Creation of dynamic property app::$inputfilter is deprecated in C:\xampp\Desktop\mdcnpal\htdocs\public_html\core\app.php on line 123
[2026-07-06 17:20:50] Creation of dynamic property app::$userconfig is deprecated in C:\xampp\Desktop\mdcnpal\htdocs\public_html\core\app.php on line 124
[2026-07-06 17:20:50] Creation of dynamic property app::$global_include is deprecated in C:\xampp\Desktop\mdcnpal\htdocs\public_html\core\app.php on line 125
[2026-07-06 17:20:50] Creation of dynamic property app::$set_cache_time is deprecated in C:\xampp\Desktop\mdcnpal\htdocs\public_html\core\app.php on line 153
[2026-07-06 17:20:50] Creation of dynamic property dbclass::$RECORD_SET is deprecated in C:\xampp\Desktop\mdcnpal\htdocs\public_html\core\dbclass.php on line 69
[2026-07-06 17:20:50] Creation of dynamic property dbclass::$app is deprecated in C:\xampp\Desktop\mdcnpal\htdocs\public_html\core\dbclass.php on line 75
[2026-07-06 17:20:50] Creation of dynamic property model::$foreign_tables is deprecated in C:\xampp\Desktop\mdcnpal\htdocs\public_html\core\model.php on line 43
[2026-07-06 17:20:50] Creation of dynamic property app::$inputfilter is deprecated in C:\xampp\Desktop\mdcnpal\htdocs\public_html\core\app.php on line 123
[2026-07-06 17:20:50] Creation of dynamic property app::$userconfig is deprecated in C:\xampp\Desktop\mdcnpal\htdocs\public_html\core\app.php on line 124
[2026-07-06 17:20:50] Creation of dynamic property app::$global_include is deprecated in C:\xampp\Desktop\mdcnpal\htdocs\public_html\core\app.php on line 125
[2026-07-06 17:20:50] Creation of dynamic property app::$set_cache_time is deprecated in C:\xampp\Desktop\mdcnpal\htdocs\public_html\core\app.php on line 153
[2026-07-06 17:20:50] Creation of dynamic property app::$meta is deprecated in C:\xampp\Desktop\mdcnpal\htdocs\public_html\core\app.php on line 434
[2026-07-06 17:20:50] Creation of dynamic property app::$rs_gs_city is deprecated in C:\xampp\Desktop\mdcnpal\htdocs\public_html\core\app.php on line 434
[2026-07-06 17:20:50] Creation of dynamic property app::$rs_footer_popular_item is deprecated in C:\xampp\Desktop\mdcnpal\htdocs\public_html\core\app.php on line 434
[2026-07-06 17:20:50] Creation of dynamic property app::$rs_footer_popular_test is deprecated in C:\xampp\Desktop\mdcnpal\htdocs\public_html\core\app.php on line 434
[2026-07-06 17:20:50] Creation of dynamic property app::$rs_testimonial is deprecated in C:\xampp\Desktop\mdcnpal\htdocs\public_html\core\app.php on line 434
[2026-07-06 17:20:51] Creation of dynamic property app::$admin is deprecated in C:\xampp\Desktop\mdcnpal\htdocs\public_html\core\app.php on line 434
[2026-07-06 17:20:51] Undefined array key 0 in C:\xampp\Desktop\mdcnpal\htdocs\public_html\core\global_include.php on line 514
[2026-07-06 17:20:51] Creation of dynamic property app::$popup is deprecated in C:\xampp\Desktop\mdcnpal\htdocs\public_html\core\app.php on line 434
[2026-07-06 17:20:51] Undefined array key "MDRCCustID" in C:\xampp\Desktop\mdcnpal\htdocs\public_html\core\global_include.php on line 515
[2026-07-06 17:20:51] Undefined array key "MDRCToken" in C:\xampp\Desktop\mdcnpal\htdocs\public_html\core\global_include.php on line 515
[2026-07-06 17:20:51] Creation of dynamic property app::$rscategory is deprecated in C:\xampp\Desktop\mdcnpal\htdocs\public_html\core\app.php on line 434
[2026-07-06 17:20:51] Creation of dynamic property app::$rs_pages is deprecated in C:\xampp\Desktop\mdcnpal\htdocs\public_html\core\app.php on line 434
[2026-07-06 17:20:51] Creation of dynamic property app::$gs is deprecated in C:\xampp\Desktop\mdcnpal\htdocs\public_html\core\app.php on line 434
[2026-07-06 17:20:51] Undefined array key "MDRCCustID" in C:\xampp\Desktop\mdcnpal\htdocs\public_html\core\global_include.php on line 596
[2026-07-06 17:20:51] Undefined array key "MDRCCustID" in C:\xampp\Desktop\mdcnpal\htdocs\public_html\core\global_include.php on line 615
[2026-07-06 17:20:51] Undefined variable $getId in C:\xampp\Desktop\mdcnpal\htdocs\public_html\core\global_include.php on line 684
[2026-07-06 17:20:51] Undefined variable $getName in C:\xampp\Desktop\mdcnpal\htdocs\public_html\core\global_include.php on line 685
[2026-07-06 17:20:51] Undefined array key 0 in C:\xampp\Desktop\mdcnpal\htdocs\public_html\core\global_include.php on line 810
[2026-07-06 17:20:51] Creation of dynamic property app::$rs_offer_msg is deprecated in C:\xampp\Desktop\mdcnpal\htdocs\public_html\core\app.php on line 434
[2026-07-06 17:20:51] Creation of dynamic property app::$rs_for_doctors is deprecated in C:\xampp\Desktop\mdcnpal\htdocs\public_html\core\app.php on line 434
[2026-07-06 17:20:51] Creation of dynamic property app::$description is deprecated in C:\xampp\Desktop\mdcnpal\htdocs\public_html\core\app.php on line 434
[2026-07-06 17:20:51] Creation of dynamic property app::$rs_banner is deprecated in C:\xampp\Desktop\mdcnpal\htdocs\public_html\core\app.php on line 434
[2026-07-06 17:20:51] Creation of dynamic property app::$rs_item_diseases is deprecated in C:\xampp\Desktop\mdcnpal\htdocs\public_html\core\app.php on line 434
[2026-07-06 17:20:51] Creation of dynamic property app::$rs_item_home_category is deprecated in C:\xampp\Desktop\mdcnpal\htdocs\public_html\core\app.php on line 434
[2026-07-06 17:20:51] Creation of dynamic property app::$rs_item_banner_category is deprecated in C:\xampp\Desktop\mdcnpal\htdocs\public_html\core\app.php on line 434
[2026-07-06 17:20:51] Creation of dynamic property app::$rs_services is deprecated in C:\xampp\Desktop\mdcnpal\htdocs\public_html\core\app.php on line 434
[2026-07-06 17:20:51] Creation of dynamic property app::$rs_blog is deprecated in C:\xampp\Desktop\mdcnpal\htdocs\public_html\core\app.php on line 434
[2026-07-06 17:20:51] Creation of dynamic property app::$rs_category is deprecated in C:\xampp\Desktop\mdcnpal\htdocs\public_html\core\app.php on line 434
[2026-07-06 17:20:51] Creation of dynamic property app::$rs_faq_data is deprecated in C:\xampp\Desktop\mdcnpal\htdocs\public_html\core\app.php on line 434
[2026-07-06 17:20:51] Creation of dynamic property app::$rs_gallery_data is deprecated in C:\xampp\Desktop\mdcnpal\htdocs\public_html\core\app.php on line 434
[2026-07-06 17:20:51] Undefined property: app::$rs_cartmini in C:\xampp\Desktop\mdcnpal\htdocs\public_html\includes\header.php on line 131
[2026-07-06 17:20:51] Undefined array key "MDRCCustID" in C:\xampp\Desktop\mdcnpal\htdocs\public_html\includes\header.php on line 134
[2026-07-06 17:20:51] Undefined property: app::$rs_cartmini in C:\xampp\Desktop\mdcnpal\htdocs\public_html\includes\header.php on line 197
[2026-07-06 17:20:51] Undefined array key "MDRCCustID" in C:\xampp\Desktop\mdcnpal\htdocs\public_html\includes\header.php on line 200
[2026-07-06 17:20:51] Undefined property: app::$rs_cartmini in C:\xampp\Desktop\mdcnpal\htdocs\public_html\includes\header.php on line 469
[2026-07-06 17:20:51] Undefined array key "MDRCCustID" in C:\xampp\Desktop\mdcnpal\htdocs\public_html\includes\header.php on line 472
[2026-07-06 17:20:51] Undefined property: app::$rs_cartmini in C:\xampp\Desktop\mdcnpal\htdocs\public_html\includes\header.php on line 525
[2026-07-06 17:20:51] Undefined array key "MDRCCustID" in C:\xampp\Desktop\mdcnpal\htdocs\public_html\includes\header.php on line 528
[2026-07-06 17:20:51] Undefined property: app::$rs_customer in C:\xampp\Desktop\mdcnpal\htdocs\public_html\includes\header.php on line 712
[2026-07-06 17:20:51] Trying to access array offset on value of type null in C:\xampp\Desktop\mdcnpal\htdocs\public_html\includes\header.php on line 712
[2026-07-06 17:20:51] Undefined property: app::$rs_customer in C:\xampp\Desktop\mdcnpal\htdocs\public_html\includes\header.php on line 721
[2026-07-06 17:20:51] Trying to access array offset on value of type null in C:\xampp\Desktop\mdcnpal\htdocs\public_html\includes\header.php on line 721
[2026-07-06 17:20:51] Undefined property: app::$rs_customer in C:\xampp\Desktop\mdcnpal\htdocs\public_html\includes\header.php on line 730
[2026-07-06 17:20:51] Trying to access array offset on value of type null in C:\xampp\Desktop\mdcnpal\htdocs\public_html\includes\header.php on line 730
[2026-07-06 17:20:51] Undefined property: app::$rs_customer in C:\xampp\Desktop\mdcnpal\htdocs\public_html\includes\header.php on line 739
[2026-07-06 17:20:51] Trying to access array offset on value of type null in C:\xampp\Desktop\mdcnpal\htdocs\public_html\includes\header.php on line 739
[2026-07-06 17:20:51] Undefined variable $g_search_query in C:\xampp\Desktop\mdcnpal\htdocs\public_html\core\app.php(565) : eval()'d code on line 219
[2026-07-06 17:20:51] Undefined variable $department_cond in C:\xampp\Desktop\mdcnpal\htdocs\public_html\core\app.php(565) : eval()'d code on line 219
[2026-07-06 17:20:51] Undefined variable $type_cond in C:\xampp\Desktop\mdcnpal\htdocs\public_html\core\app.php(565) : eval()'d code on line 219
[2026-07-06 17:20:51] Undefined variable $dieses_cond in C:\xampp\Desktop\mdcnpal\htdocs\public_html\core\app.php(565) : eval()'d code on line 219
[2026-07-06 17:20:51] Undefined variable $popular_pack_cond in C:\xampp\Desktop\mdcnpal\htdocs\public_html\core\app.php(565) : eval()'d code on line 219
[2026-07-06 17:20:51] Undefined variable $g_search_query in C:\xampp\Desktop\mdcnpal\htdocs\public_html\core\app.php(565) : eval()'d code on line 219
[2026-07-06 17:20:51] Undefined variable $department_cond in C:\xampp\Desktop\mdcnpal\htdocs\public_html\core\app.php(565) : eval()'d code on line 219
[2026-07-06 17:20:51] Undefined variable $type_cond in C:\xampp\Desktop\mdcnpal\htdocs\public_html\core\app.php(565) : eval()'d code on line 219
[2026-07-06 17:20:51] Undefined variable $dieses_cond in C:\xampp\Desktop\mdcnpal\htdocs\public_html\core\app.php(565) : eval()'d code on line 219
[2026-07-06 17:20:51] Undefined variable $popular_pack_cond in C:\xampp\Desktop\mdcnpal\htdocs\public_html\core\app.php(565) : eval()'d code on line 219
[2026-07-06 17:20:51] Undefined variable $g_search_query in C:\xampp\Desktop\mdcnpal\htdocs\public_html\core\app.php(565) : eval()'d code on line 219
[2026-07-06 17:20:51] Undefined variable $department_cond in C:\xampp\Desktop\mdcnpal\htdocs\public_html\core\app.php(565) : eval()'d code on line 219
[2026-07-06 17:20:51] Undefined variable $type_cond in C:\xampp\Desktop\mdcnpal\htdocs\public_html\core\app.php(565) : eval()'d code on line 219
[2026-07-06 17:20:51] Undefined variable $dieses_cond in C:\xampp\Desktop\mdcnpal\htdocs\public_html\core\app.php(565) : eval()'d code on line 219
[2026-07-06 17:20:51] Undefined variable $popular_pack_cond in C:\xampp\Desktop\mdcnpal\htdocs\public_html\core\app.php(565) : eval()'d code on line 219
[2026-07-06 17:20:51] Undefined variable $g_search_query in C:\xampp\Desktop\mdcnpal\htdocs\public_html\core\app.php(565) : eval()'d code on line 219
[2026-07-06 17:20:51] Undefined variable $department_cond in C:\xampp\Desktop\mdcnpal\htdocs\public_html\core\app.php(565) : eval()'d code on line 219
[2026-07-06 17:20:51] Undefined variable $type_cond in C:\xampp\Desktop\mdcnpal\htdocs\public_html\core\app.php(565) : eval()'d code on line 219
[2026-07-06 17:20:51] Undefined variable $dieses_cond in C:\xampp\Desktop\mdcnpal\htdocs\public_html\core\app.php(565) : eval()'d code on line 219
[2026-07-06 17:20:51] Undefined variable $popular_pack_cond in C:\xampp\Desktop\mdcnpal\htdocs\public_html\core\app.php(565) : eval()'d code on line 219
[2026-07-06 17:20:51] Undefined variable $g_search_query in C:\xampp\Desktop\mdcnpal\htdocs\public_html\core\app.php(565) : eval()'d code on line 219
[2026-07-06 17:20:51] Undefined variable $department_cond in C:\xampp\Desktop\mdcnpal\htdocs\public_html\core\app.php(565) : eval()'d code on line 219
[2026-07-06 17:20:51] Undefined variable $type_cond in C:\xampp\Desktop\mdcnpal\htdocs\public_html\core\app.php(565) : eval()'d code on line 219
[2026-07-06 17:20:51] Undefined variable $dieses_cond in C:\xampp\Desktop\mdcnpal\htdocs\public_html\core\app.php(565) : eval()'d code on line 219
[2026-07-06 17:20:51] Undefined variable $popular_pack_cond in C:\xampp\Desktop\mdcnpal\htdocs\public_html\core\app.php(565) : eval()'d code on line 219
[2026-07-06 17:20:51] Undefined property: app::$rs_customer in C:\xampp\Desktop\mdcnpal\htdocs\public_html\includes\footer.php on line 357
[2026-07-06 17:20:51] Trying to access array offset on value of type null in C:\xampp\Desktop\mdcnpal\htdocs\public_html\includes\footer.php on line 357
[2026-07-06 17:20:51] Undefined property: app::$rs_customer in C:\xampp\Desktop\mdcnpal\htdocs\public_html\includes\footer.php on line 366
[2026-07-06 17:20:51] Trying to access array offset on value of type null in C:\xampp\Desktop\mdcnpal\htdocs\public_html\includes\footer.php on line 366
[2026-07-06 17:20:51] Undefined property: app::$rs_customer in C:\xampp\Desktop\mdcnpal\htdocs\public_html\includes\footer.php on line 372
[2026-07-06 17:20:51] Trying to access array offset on value of type null in C:\xampp\Desktop\mdcnpal\htdocs\public_html\includes\footer.php on line 372
[2026-07-06 17:20:51] Undefined property: app::$rs_customer in C:\xampp\Desktop\mdcnpal\htdocs\public_html\includes\general_data.php on line 88
[2026-07-06 17:20:51] Trying to access array offset on value of type null in C:\xampp\Desktop\mdcnpal\htdocs\public_html\includes\general_data.php on line 88
[2026-07-06 17:20:51] Undefined array key "MDRCCustID" in C:\xampp\Desktop\mdcnpal\htdocs\public_html\includes\general_data.php on line 88
[2026-07-06 17:20:51] Undefined variable $tmpStr in C:\xampp\Desktop\mdcnpal\htdocs\public_html\core\app.php on line 971
[2026-07-06 17:20:51] Creation of dynamic property dbclass::$RECORD_SET is deprecated in C:\xampp\Desktop\mdcnpal\htdocs\public_html\core\dbclass.php on line 69
[2026-07-06 17:20:51] Creation of dynamic property dbclass::$app is deprecated in C:\xampp\Desktop\mdcnpal\htdocs\public_html\core\dbclass.php on line 75
[2026-07-06 17:20:51] Creation of dynamic property model::$foreign_tables is deprecated in C:\xampp\Desktop\mdcnpal\htdocs\public_html\core\model.php on line 43
[2026-07-06 17:20:51] Creation of dynamic property app::$inputfilter is deprecated in C:\xampp\Desktop\mdcnpal\htdocs\public_html\core\app.php on line 123
[2026-07-06 17:20:51] Creation of dynamic property app::$userconfig is deprecated in C:\xampp\Desktop\mdcnpal\htdocs\public_html\core\app.php on line 124
[2026-07-06 17:20:51] Creation of dynamic property app::$global_include is deprecated in C:\xampp\Desktop\mdcnpal\htdocs\public_html\core\app.php on line 125
[2026-07-06 17:20:51] Creation of dynamic property app::$set_cache_time is deprecated in C:\xampp\Desktop\mdcnpal\htdocs\public_html\core\app.php on line 153
[2026-07-06 17:20:51] Creation of dynamic property app::$meta is deprecated in C:\xampp\Desktop\mdcnpal\htdocs\public_html\core\app.php on line 434
[2026-07-06 17:20:51] Creation of dynamic property app::$rs_gs_city is deprecated in C:\xampp\Desktop\mdcnpal\htdocs\public_html\core\app.php on line 434
[2026-07-06 17:20:52] Creation of dynamic property app::$rs_footer_popular_item is deprecated in C:\xampp\Desktop\mdcnpal\htdocs\public_html\core\app.php on line 434
[2026-07-06 17:20:52] Creation of dynamic property app::$rs_footer_popular_test is deprecated in C:\xampp\Desktop\mdcnpal\htdocs\public_html\core\app.php on line 434
[2026-07-06 17:20:52] Creation of dynamic property app::$rs_testimonial is deprecated in C:\xampp\Desktop\mdcnpal\htdocs\public_html\core\app.php on line 434
[2026-07-06 17:20:52] Creation of dynamic property app::$admin is deprecated in C:\xampp\Desktop\mdcnpal\htdocs\public_html\core\app.php on line 434
[2026-07-06 17:20:52] Undefined array key 0 in C:\xampp\Desktop\mdcnpal\htdocs\public_html\core\global_include.php on line 514
[2026-07-06 17:20:52] Creation of dynamic property app::$popup is deprecated in C:\xampp\Desktop\mdcnpal\htdocs\public_html\core\app.php on line 434
[2026-07-06 17:20:52] Undefined array key "MDRCCustID" in C:\xampp\Desktop\mdcnpal\htdocs\public_html\core\global_include.php on line 515
[2026-07-06 17:20:52] Undefined array key "MDRCToken" in C:\xampp\Desktop\mdcnpal\htdocs\public_html\core\global_include.php on line 515
[2026-07-06 17:20:52] Creation of dynamic property app::$rscategory is deprecated in C:\xampp\Desktop\mdcnpal\htdocs\public_html\core\app.php on line 434
[2026-07-06 17:20:52] Creation of dynamic property app::$rs_pages is deprecated in C:\xampp\Desktop\mdcnpal\htdocs\public_html\core\app.php on line 434
[2026-07-06 17:20:52] Creation of dynamic property app::$gs is deprecated in C:\xampp\Desktop\mdcnpal\htdocs\public_html\core\app.php on line 434
[2026-07-06 17:20:52] Undefined array key "MDRCCustID" in C:\xampp\Desktop\mdcnpal\htdocs\public_html\core\global_include.php on line 596
[2026-07-06 17:20:52] Undefined array key "MDRCCustID" in C:\xampp\Desktop\mdcnpal\htdocs\public_html\core\global_include.php on line 615
[2026-07-06 17:20:52] Undefined variable $getId in C:\xampp\Desktop\mdcnpal\htdocs\public_html\core\global_include.php on line 684
[2026-07-06 17:20:52] Undefined variable $getName in C:\xampp\Desktop\mdcnpal\htdocs\public_html\core\global_include.php on line 685
[2026-07-06 17:20:52] Undefined array key 0 in C:\xampp\Desktop\mdcnpal\htdocs\public_html\core\global_include.php on line 810
[2026-07-06 17:20:52] Creation of dynamic property app::$rs_offer_msg is deprecated in C:\xampp\Desktop\mdcnpal\htdocs\public_html\core\app.php on line 434
[2026-07-06 17:20:52] Creation of dynamic property app::$rs_for_doctors is deprecated in C:\xampp\Desktop\mdcnpal\htdocs\public_html\core\app.php on line 434
[2026-07-06 17:20:52] Creation of dynamic property app::$description is deprecated in C:\xampp\Desktop\mdcnpal\htdocs\public_html\core\app.php on line 434
[2026-07-06 17:20:52] Creation of dynamic property app::$rs_banner is deprecated in C:\xampp\Desktop\mdcnpal\htdocs\public_html\core\app.php on line 434
[2026-07-06 17:20:52] Creation of dynamic property app::$rs_item_diseases is deprecated in C:\xampp\Desktop\mdcnpal\htdocs\public_html\core\app.php on line 434
[2026-07-06 17:20:52] Creation of dynamic property app::$rs_item_home_category is deprecated in C:\xampp\Desktop\mdcnpal\htdocs\public_html\core\app.php on line 434
[2026-07-06 17:20:52] Creation of dynamic property app::$rs_item_banner_category is deprecated in C:\xampp\Desktop\mdcnpal\htdocs\public_html\core\app.php on line 434
[2026-07-06 17:20:52] Creation of dynamic property app::$rs_services is deprecated in C:\xampp\Desktop\mdcnpal\htdocs\public_html\core\app.php on line 434
[2026-07-06 17:20:52] Creation of dynamic property app::$rs_blog is deprecated in C:\xampp\Desktop\mdcnpal\htdocs\public_html\core\app.php on line 434
[2026-07-06 17:20:52] Creation of dynamic property app::$rs_category is deprecated in C:\xampp\Desktop\mdcnpal\htdocs\public_html\core\app.php on line 434
[2026-07-06 17:20:52] Creation of dynamic property app::$rs_faq_data is deprecated in C:\xampp\Desktop\mdcnpal\htdocs\public_html\core\app.php on line 434
[2026-07-06 17:20:52] Creation of dynamic property app::$rs_gallery_data is deprecated in C:\xampp\Desktop\mdcnpal\htdocs\public_html\core\app.php on line 434
[2026-07-06 17:20:52] Undefined property: app::$rs_cartmini in C:\xampp\Desktop\mdcnpal\htdocs\public_html\includes\header.php on line 131
[2026-07-06 17:20:52] Undefined array key "MDRCCustID" in C:\xampp\Desktop\mdcnpal\htdocs\public_html\includes\header.php on line 134
[2026-07-06 17:20:52] Undefined property: app::$rs_cartmini in C:\xampp\Desktop\mdcnpal\htdocs\public_html\includes\header.php on line 197
[2026-07-06 17:20:52] Undefined array key "MDRCCustID" in C:\xampp\Desktop\mdcnpal\htdocs\public_html\includes\header.php on line 200
[2026-07-06 17:20:52] Undefined property: app::$rs_cartmini in C:\xampp\Desktop\mdcnpal\htdocs\public_html\includes\header.php on line 469
[2026-07-06 17:20:52] Undefined array key "MDRCCustID" in C:\xampp\Desktop\mdcnpal\htdocs\public_html\includes\header.php on line 472
[2026-07-06 17:20:52] Undefined property: app::$rs_cartmini in C:\xampp\Desktop\mdcnpal\htdocs\public_html\includes\header.php on line 525
[2026-07-06 17:20:52] Undefined array key "MDRCCustID" in C:\xampp\Desktop\mdcnpal\htdocs\public_html\includes\header.php on line 528
[2026-07-06 17:20:52] Undefined property: app::$rs_customer in C:\xampp\Desktop\mdcnpal\htdocs\public_html\includes\header.php on line 712
[2026-07-06 17:20:52] Trying to access array offset on value of type null in C:\xampp\Desktop\mdcnpal\htdocs\public_html\includes\header.php on line 712
[2026-07-06 17:20:52] Undefined property: app::$rs_customer in C:\xampp\Desktop\mdcnpal\htdocs\public_html\includes\header.php on line 721
[2026-07-06 17:20:52] Trying to access array offset on value of type null in C:\xampp\Desktop\mdcnpal\htdocs\public_html\includes\header.php on line 721
[2026-07-06 17:20:52] Undefined property: app::$rs_customer in C:\xampp\Desktop\mdcnpal\htdocs\public_html\includes\header.php on line 730
[2026-07-06 17:20:52] Trying to access array offset on value of type null in C:\xampp\Desktop\mdcnpal\htdocs\public_html\includes\header.php on line 730
[2026-07-06 17:20:52] Undefined property: app::$rs_customer in C:\xampp\Desktop\mdcnpal\htdocs\public_html\includes\header.php on line 739
[2026-07-06 17:20:52] Trying to access array offset on value of type null in C:\xampp\Desktop\mdcnpal\htdocs\public_html\includes\header.php on line 739
[2026-07-06 17:20:52] Undefined variable $g_search_query in C:\xampp\Desktop\mdcnpal\htdocs\public_html\core\app.php(565) : eval()'d code on line 219
[2026-07-06 17:20:52] Undefined variable $department_cond in C:\xampp\Desktop\mdcnpal\htdocs\public_html\core\app.php(565) : eval()'d code on line 219
[2026-07-06 17:20:52] Undefined variable $type_cond in C:\xampp\Desktop\mdcnpal\htdocs\public_html\core\app.php(565) : eval()'d code on line 219
[2026-07-06 17:20:52] Undefined variable $dieses_cond in C:\xampp\Desktop\mdcnpal\htdocs\public_html\core\app.php(565) : eval()'d code on line 219
[2026-07-06 17:20:52] Undefined variable $popular_pack_cond in C:\xampp\Desktop\mdcnpal\htdocs\public_html\core\app.php(565) : eval()'d code on line 219
[2026-07-06 17:20:52] Undefined variable $g_search_query in C:\xampp\Desktop\mdcnpal\htdocs\public_html\core\app.php(565) : eval()'d code on line 219
[2026-07-06 17:20:52] Undefined variable $department_cond in C:\xampp\Desktop\mdcnpal\htdocs\public_html\core\app.php(565) : eval()'d code on line 219
[2026-07-06 17:20:52] Undefined variable $type_cond in C:\xampp\Desktop\mdcnpal\htdocs\public_html\core\app.php(565) : eval()'d code on line 219
[2026-07-06 17:20:52] Undefined variable $dieses_cond in C:\xampp\Desktop\mdcnpal\htdocs\public_html\core\app.php(565) : eval()'d code on line 219
[2026-07-06 17:20:52] Undefined variable $popular_pack_cond in C:\xampp\Desktop\mdcnpal\htdocs\public_html\core\app.php(565) : eval()'d code on line 219
[2026-07-06 17:20:52] Undefined variable $g_search_query in C:\xampp\Desktop\mdcnpal\htdocs\public_html\core\app.php(565) : eval()'d code on line 219
[2026-07-06 17:20:52] Undefined variable $department_cond in C:\xampp\Desktop\mdcnpal\htdocs\public_html\core\app.php(565) : eval()'d code on line 219
[2026-07-06 17:20:52] Undefined variable $type_cond in C:\xampp\Desktop\mdcnpal\htdocs\public_html\core\app.php(565) : eval()'d code on line 219
[2026-07-06 17:20:52] Undefined variable $dieses_cond in C:\xampp\Desktop\mdcnpal\htdocs\public_html\core\app.php(565) : eval()'d code on line 219
[2026-07-06 17:20:52] Undefined variable $popular_pack_cond in C:\xampp\Desktop\mdcnpal\htdocs\public_html\core\app.php(565) : eval()'d code on line 219
[2026-07-06 17:20:52] Undefined variable $g_search_query in C:\xampp\Desktop\mdcnpal\htdocs\public_html\core\app.php(565) : eval()'d code on line 219
[2026-07-06 17:20:52] Undefined variable $department_cond in C:\xampp\Desktop\mdcnpal\htdocs\public_html\core\app.php(565) : eval()'d code on line 219
[2026-07-06 17:20:52] Undefined variable $type_cond in C:\xampp\Desktop\mdcnpal\htdocs\public_html\core\app.php(565) : eval()'d code on line 219
[2026-07-06 17:20:52] Undefined variable $dieses_cond in C:\xampp\Desktop\mdcnpal\htdocs\public_html\core\app.php(565) : eval()'d code on line 219
[2026-07-06 17:20:52] Undefined variable $popular_pack_cond in C:\xampp\Desktop\mdcnpal\htdocs\public_html\core\app.php(565) : eval()'d code on line 219
[2026-07-06 17:20:52] Undefined variable $g_search_query in C:\xampp\Desktop\mdcnpal\htdocs\public_html\core\app.php(565) : eval()'d code on line 219
[2026-07-06 17:20:52] Undefined variable $department_cond in C:\xampp\Desktop\mdcnpal\htdocs\public_html\core\app.php(565) : eval()'d code on line 219
[2026-07-06 17:20:52] Undefined variable $type_cond in C:\xampp\Desktop\mdcnpal\htdocs\public_html\core\app.php(565) : eval()'d code on line 219
[2026-07-06 17:20:52] Undefined variable $dieses_cond in C:\xampp\Desktop\mdcnpal\htdocs\public_html\core\app.php(565) : eval()'d code on line 219
[2026-07-06 17:20:52] Undefined variable $popular_pack_cond in C:\xampp\Desktop\mdcnpal\htdocs\public_html\core\app.php(565) : eval()'d code on line 219
[2026-07-06 17:20:52] Undefined property: app::$rs_customer in C:\xampp\Desktop\mdcnpal\htdocs\public_html\includes\footer.php on line 357
[2026-07-06 17:20:52] Trying to access array offset on value of type null in C:\xampp\Desktop\mdcnpal\htdocs\public_html\includes\footer.php on line 357
[2026-07-06 17:20:52] Undefined property: app::$rs_customer in C:\xampp\Desktop\mdcnpal\htdocs\public_html\includes\footer.php on line 366
[2026-07-06 17:20:52] Trying to access array offset on value of type null in C:\xampp\Desktop\mdcnpal\htdocs\public_html\includes\footer.php on line 366
[2026-07-06 17:20:52] Undefined property: app::$rs_customer in C:\xampp\Desktop\mdcnpal\htdocs\public_html\includes\footer.php on line 372
[2026-07-06 17:20:52] Trying to access array offset on value of type null in C:\xampp\Desktop\mdcnpal\htdocs\public_html\includes\footer.php on line 372
[2026-07-06 17:20:52] Undefined property: app::$rs_customer in C:\xampp\Desktop\mdcnpal\htdocs\public_html\includes\general_data.php on line 88
[2026-07-06 17:20:52] Trying to access array offset on value of type null in C:\xampp\Desktop\mdcnpal\htdocs\public_html\includes\general_data.php on line 88
[2026-07-06 17:20:52] Undefined array key "MDRCCustID" in C:\xampp\Desktop\mdcnpal\htdocs\public_html\includes\general_data.php on line 88
[2026-07-06 17:20:52] Undefined variable $tmpStr in C:\xampp\Desktop\mdcnpal\htdocs\public_html\core\app.php on line 971
[2026-07-06 17:20:52] Creation of dynamic property dbclass::$RECORD_SET is deprecated in C:\xampp\Desktop\mdcnpal\htdocs\public_html\core\dbclass.php on line 69
[2026-07-06 17:20:52] Creation of dynamic property dbclass::$app is deprecated in C:\xampp\Desktop\mdcnpal\htdocs\public_html\core\dbclass.php on line 75
[2026-07-06 17:20:52] Creation of dynamic property model::$foreign_tables is deprecated in C:\xampp\Desktop\mdcnpal\htdocs\public_html\core\model.php on line 43
[2026-07-06 17:20:52] Creation of dynamic property app::$inputfilter is deprecated in C:\xampp\Desktop\mdcnpal\htdocs\public_html\core\app.php on line 123
[2026-07-06 17:20:52] Creation of dynamic property app::$userconfig is deprecated in C:\xampp\Desktop\mdcnpal\htdocs\public_html\core\app.php on line 124
[2026-07-06 17:20:52] Creation of dynamic property app::$global_include is deprecated in C:\xampp\Desktop\mdcnpal\htdocs\public_html\core\app.php on line 125
[2026-07-06 17:20:52] Creation of dynamic property app::$set_cache_time is deprecated in C:\xampp\Desktop\mdcnpal\htdocs\public_html\core\app.php on line 153
[2026-07-06 17:20:52] Creation of dynamic property app::$meta is deprecated in C:\xampp\Desktop\mdcnpal\htdocs\public_html\core\app.php on line 434
[2026-07-06 17:20:52] Creation of dynamic property app::$rs_gs_city is deprecated in C:\xampp\Desktop\mdcnpal\htdocs\public_html\core\app.php on line 434
[2026-07-06 17:20:52] Creation of dynamic property app::$rs_footer_popular_item is deprecated in C:\xampp\Desktop\mdcnpal\htdocs\public_html\core\app.php on line 434
[2026-07-06 17:20:52] Creation of dynamic property app::$rs_footer_popular_test is deprecated in C:\xampp\Desktop\mdcnpal\htdocs\public_html\core\app.php on line 434
[2026-07-06 17:20:52] Creation of dynamic property app::$rs_testimonial is deprecated in C:\xampp\Desktop\mdcnpal\htdocs\public_html\core\app.php on line 434
[2026-07-06 17:20:52] Creation of dynamic property app::$admin is deprecated in C:\xampp\Desktop\mdcnpal\htdocs\public_html\core\app.php on line 434
[2026-07-06 17:20:52] Undefined array key 0 in C:\xampp\Desktop\mdcnpal\htdocs\public_html\core\global_include.php on line 514
[2026-07-06 17:20:52] Creation of dynamic property app::$popup is deprecated in C:\xampp\Desktop\mdcnpal\htdocs\public_html\core\app.php on line 434
[2026-07-06 17:20:52] Undefined array key "MDRCCustID" in C:\xampp\Desktop\mdcnpal\htdocs\public_html\core\global_include.php on line 515
[2026-07-06 17:20:52] Undefined array key "MDRCToken" in C:\xampp\Desktop\mdcnpal\htdocs\public_html\core\global_include.php on line 515
[2026-07-06 17:20:52] Creation of dynamic property app::$rscategory is deprecated in C:\xampp\Desktop\mdcnpal\htdocs\public_html\core\app.php on line 434
[2026-07-06 17:20:52] Creation of dynamic property app::$rs_pages is deprecated in C:\xampp\Desktop\mdcnpal\htdocs\public_html\core\app.php on line 434
[2026-07-06 17:20:52] Creation of dynamic property app::$gs is deprecated in C:\xampp\Desktop\mdcnpal\htdocs\public_html\core\app.php on line 434
[2026-07-06 17:20:52] Undefined array key "MDRCCustID" in C:\xampp\Desktop\mdcnpal\htdocs\public_html\core\global_include.php on line 596
[2026-07-06 17:20:52] Undefined array key "MDRCCustID" in C:\xampp\Desktop\mdcnpal\htdocs\public_html\core\global_include.php on line 615
[2026-07-06 17:20:52] Undefined variable $getId in C:\xampp\Desktop\mdcnpal\htdocs\public_html\core\global_include.php on line 684
[2026-07-06 17:20:52] Undefined variable $getName in C:\xampp\Desktop\mdcnpal\htdocs\public_html\core\global_include.php on line 685
[2026-07-06 17:20:52] Undefined array key 0 in C:\xampp\Desktop\mdcnpal\htdocs\public_html\core\global_include.php on line 810
[2026-07-06 17:20:52] Creation of dynamic property app::$rs_offer_msg is deprecated in C:\xampp\Desktop\mdcnpal\htdocs\public_html\core\app.php on line 434
[2026-07-06 17:20:52] Creation of dynamic property app::$rs_for_doctors is deprecated in C:\xampp\Desktop\mdcnpal\htdocs\public_html\core\app.php on line 434
[2026-07-06 17:20:52] Creation of dynamic property app::$description is deprecated in C:\xampp\Desktop\mdcnpal\htdocs\public_html\core\app.php on line 434
[2026-07-06 17:20:52] Creation of dynamic property app::$rs_banner is deprecated in C:\xampp\Desktop\mdcnpal\htdocs\public_html\core\app.php on line 434
[2026-07-06 17:20:52] Creation of dynamic property app::$rs_item_diseases is deprecated in C:\xampp\Desktop\mdcnpal\htdocs\public_html\core\app.php on line 434
[2026-07-06 17:20:52] Creation of dynamic property app::$rs_item_home_category is deprecated in C:\xampp\Desktop\mdcnpal\htdocs\public_html\core\app.php on line 434
[2026-07-06 17:20:52] Creation of dynamic property app::$rs_item_banner_category is deprecated in C:\xampp\Desktop\mdcnpal\htdocs\public_html\core\app.php on line 434
[2026-07-06 17:20:52] Creation of dynamic property app::$rs_services is deprecated in C:\xampp\Desktop\mdcnpal\htdocs\public_html\core\app.php on line 434
[2026-07-06 17:20:52] Creation of dynamic property app::$rs_blog is deprecated in C:\xampp\Desktop\mdcnpal\htdocs\public_html\core\app.php on line 434
[2026-07-06 17:20:52] Creation of dynamic property app::$rs_category is deprecated in C:\xampp\Desktop\mdcnpal\htdocs\public_html\core\app.php on line 434
[2026-07-06 17:20:52] Creation of dynamic property app::$rs_faq_data is deprecated in C:\xampp\Desktop\mdcnpal\htdocs\public_html\core\app.php on line 434
[2026-07-06 17:20:52] Creation of dynamic property app::$rs_gallery_data is deprecated in C:\xampp\Desktop\mdcnpal\htdocs\public_html\core\app.php on line 434
[2026-07-06 17:20:52] Undefined property: app::$rs_cartmini in C:\xampp\Desktop\mdcnpal\htdocs\public_html\includes\header.php on line 131
[2026-07-06 17:20:52] Undefined array key "MDRCCustID" in C:\xampp\Desktop\mdcnpal\htdocs\public_html\includes\header.php on line 134
[2026-07-06 17:20:52] Undefined property: app::$rs_cartmini in C:\xampp\Desktop\mdcnpal\htdocs\public_html\includes\header.php on line 197
[2026-07-06 17:20:52] Undefined array key "MDRCCustID" in C:\xampp\Desktop\mdcnpal\htdocs\public_html\includes\header.php on line 200
[2026-07-06 17:20:52] Undefined property: app::$rs_cartmini in C:\xampp\Desktop\mdcnpal\htdocs\public_html\includes\header.php on line 469
[2026-07-06 17:20:52] Undefined array key "MDRCCustID" in C:\xampp\Desktop\mdcnpal\htdocs\public_html\includes\header.php on line 472
[2026-07-06 17:20:52] Undefined property: app::$rs_cartmini in C:\xampp\Desktop\mdcnpal\htdocs\public_html\includes\header.php on line 525
[2026-07-06 17:20:52] Undefined array key "MDRCCustID" in C:\xampp\Desktop\mdcnpal\htdocs\public_html\includes\header.php on line 528
[2026-07-06 17:20:52] Undefined property: app::$rs_customer in C:\xampp\Desktop\mdcnpal\htdocs\public_html\includes\header.php on line 712
[2026-07-06 17:20:52] Trying to access array offset on value of type null in C:\xampp\Desktop\mdcnpal\htdocs\public_html\includes\header.php on line 712
[2026-07-06 17:20:52] Undefined property: app::$rs_customer in C:\xampp\Desktop\mdcnpal\htdocs\public_html\includes\header.php on line 721
[2026-07-06 17:20:52] Trying to access array offset on value of type null in C:\xampp\Desktop\mdcnpal\htdocs\public_html\includes\header.php on line 721
[2026-07-06 17:20:52] Undefined property: app::$rs_customer in C:\xampp\Desktop\mdcnpal\htdocs\public_html\includes\header.php on line 730
[2026-07-06 17:20:52] Trying to access array offset on value of type null in C:\xampp\Desktop\mdcnpal\htdocs\public_html\includes\header.php on line 730
[2026-07-06 17:20:52] Undefined property: app::$rs_customer in C:\xampp\Desktop\mdcnpal\htdocs\public_html\includes\header.php on line 739
[2026-07-06 17:20:52] Trying to access array offset on value of type null in C:\xampp\Desktop\mdcnpal\htdocs\public_html\includes\header.php on line 739
[2026-07-06 17:20:52] Undefined variable $g_search_query in C:\xampp\Desktop\mdcnpal\htdocs\public_html\core\app.php(565) : eval()'d code on line 219
[2026-07-06 17:20:52] Undefined variable $department_cond in C:\xampp\Desktop\mdcnpal\htdocs\public_html\core\app.php(565) : eval()'d code on line 219
[2026-07-06 17:20:52] Undefined variable $type_cond in C:\xampp\Desktop\mdcnpal\htdocs\public_html\core\app.php(565) : eval()'d code on line 219
[2026-07-06 17:20:52] Undefined variable $dieses_cond in C:\xampp\Desktop\mdcnpal\htdocs\public_html\core\app.php(565) : eval()'d code on line 219
[2026-07-06 17:20:52] Undefined variable $popular_pack_cond in C:\xampp\Desktop\mdcnpal\htdocs\public_html\core\app.php(565) : eval()'d code on line 219
[2026-07-06 17:20:52] Undefined variable $g_search_query in C:\xampp\Desktop\mdcnpal\htdocs\public_html\core\app.php(565) : eval()'d code on line 219
[2026-07-06 17:20:52] Undefined variable $department_cond in C:\xampp\Desktop\mdcnpal\htdocs\public_html\core\app.php(565) : eval()'d code on line 219
[2026-07-06 17:20:52] Undefined variable $type_cond in C:\xampp\Desktop\mdcnpal\htdocs\public_html\core\app.php(565) : eval()'d code on line 219
[2026-07-06 17:20:52] Undefined variable $dieses_cond in C:\xampp\Desktop\mdcnpal\htdocs\public_html\core\app.php(565) : eval()'d code on line 219
[2026-07-06 17:20:52] Undefined variable $popular_pack_cond in C:\xampp\Desktop\mdcnpal\htdocs\public_html\core\app.php(565) : eval()'d code on line 219
[2026-07-06 17:20:52] Undefined variable $g_search_query in C:\xampp\Desktop\mdcnpal\htdocs\public_html\core\app.php(565) : eval()'d code on line 219
[2026-07-06 17:20:52] Undefined variable $department_cond in C:\xampp\Desktop\mdcnpal\htdocs\public_html\core\app.php(565) : eval()'d code on line 219
[2026-07-06 17:20:52] Undefined variable $type_cond in C:\xampp\Desktop\mdcnpal\htdocs\public_html\core\app.php(565) : eval()'d code on line 219
[2026-07-06 17:20:52] Undefined variable $dieses_cond in C:\xampp\Desktop\mdcnpal\htdocs\public_html\core\app.php(565) : eval()'d code on line 219
[2026-07-06 17:20:52] Undefined variable $popular_pack_cond in C:\xampp\Desktop\mdcnpal\htdocs\public_html\core\app.php(565) : eval()'d code on line 219
[2026-07-06 17:20:52] Undefined variable $g_search_query in C:\xampp\Desktop\mdcnpal\htdocs\public_html\core\app.php(565) : eval()'d code on line 219
[2026-07-06 17:20:52] Undefined variable $department_cond in C:\xampp\Desktop\mdcnpal\htdocs\public_html\core\app.php(565) : eval()'d code on line 219
[2026-07-06 17:20:52] Undefined variable $type_cond in C:\xampp\Desktop\mdcnpal\htdocs\public_html\core\app.php(565) : eval()'d code on line 219
[2026-07-06 17:20:52] Undefined variable $dieses_cond in C:\xampp\Desktop\mdcnpal\htdocs\public_html\core\app.php(565) : eval()'d code on line 219
[2026-07-06 17:20:52] Undefined variable $popular_pack_cond in C:\xampp\Desktop\mdcnpal\htdocs\public_html\core\app.php(565) : eval()'d code on line 219
[2026-07-06 17:20:52] Undefined variable $g_search_query in C:\xampp\Desktop\mdcnpal\htdocs\public_html\core\app.php(565) : eval()'d code on line 219
[2026-07-06 17:20:52] Undefined variable $department_cond in C:\xampp\Desktop\mdcnpal\htdocs\public_html\core\app.php(565) : eval()'d code on line 219
[2026-07-06 17:20:52] Undefined variable $type_cond in C:\xampp\Desktop\mdcnpal\htdocs\public_html\core\app.php(565) : eval()'d code on line 219
[2026-07-06 17:20:52] Undefined variable $dieses_cond in C:\xampp\Desktop\mdcnpal\htdocs\public_html\core\app.php(565) : eval()'d code on line 219
[2026-07-06 17:20:52] Undefined variable $popular_pack_cond in C:\xampp\Desktop\mdcnpal\htdocs\public_html\core\app.php(565) : eval()'d code on line 219
[2026-07-06 17:20:53] Undefined property: app::$rs_customer in C:\xampp\Desktop\mdcnpal\htdocs\public_html\includes\footer.php on line 357
[2026-07-06 17:20:53] Trying to access array offset on value of type null in C:\xampp\Desktop\mdcnpal\htdocs\public_html\includes\footer.php on line 357
[2026-07-06 17:20:53] Undefined property: app::$rs_customer in C:\xampp\Desktop\mdcnpal\htdocs\public_html\includes\footer.php on line 366
[2026-07-06 17:20:53] Trying to access array offset on value of type null in C:\xampp\Desktop\mdcnpal\htdocs\public_html\includes\footer.php on line 366
[2026-07-06 17:20:53] Undefined property: app::$rs_customer in C:\xampp\Desktop\mdcnpal\htdocs\public_html\includes\footer.php on line 372
[2026-07-06 17:20:53] Trying to access array offset on value of type null in C:\xampp\Desktop\mdcnpal\htdocs\public_html\includes\footer.php on line 372
[2026-07-06 17:20:53] Undefined property: app::$rs_customer in C:\xampp\Desktop\mdcnpal\htdocs\public_html\includes\general_data.php on line 88
[2026-07-06 17:20:53] Trying to access array offset on value of type null in C:\xampp\Desktop\mdcnpal\htdocs\public_html\includes\general_data.php on line 88
[2026-07-06 17:20:53] Undefined array key "MDRCCustID" in C:\xampp\Desktop\mdcnpal\htdocs\public_html\includes\general_data.php on line 88
[2026-07-06 17:20:53] Undefined variable $tmpStr in C:\xampp\Desktop\mdcnpal\htdocs\public_html\core\app.php on line 971
[2026-07-06 17:20:53] Creation of dynamic property dbclass::$RECORD_SET is deprecated in C:\xampp\Desktop\mdcnpal\htdocs\public_html\core\dbclass.php on line 69
[2026-07-06 17:20:53] Creation of dynamic property dbclass::$app is deprecated in C:\xampp\Desktop\mdcnpal\htdocs\public_html\core\dbclass.php on line 75
[2026-07-06 17:20:53] Creation of dynamic property model::$foreign_tables is deprecated in C:\xampp\Desktop\mdcnpal\htdocs\public_html\core\model.php on line 43
[2026-07-06 17:20:53] Creation of dynamic property app::$inputfilter is deprecated in C:\xampp\Desktop\mdcnpal\htdocs\public_html\core\app.php on line 123
[2026-07-06 17:20:53] Creation of dynamic property app::$userconfig is deprecated in C:\xampp\Desktop\mdcnpal\htdocs\public_html\core\app.php on line 124
[2026-07-06 17:20:53] Creation of dynamic property app::$global_include is deprecated in C:\xampp\Desktop\mdcnpal\htdocs\public_html\core\app.php on line 125
[2026-07-06 17:20:53] Creation of dynamic property app::$set_cache_time is deprecated in C:\xampp\Desktop\mdcnpal\htdocs\public_html\core\app.php on line 153
[2026-07-06 17:20:53] Creation of dynamic property app::$meta is deprecated in C:\xampp\Desktop\mdcnpal\htdocs\public_html\core\app.php on line 434
[2026-07-06 17:20:53] Creation of dynamic property app::$rs_gs_city is deprecated in C:\xampp\Desktop\mdcnpal\htdocs\public_html\core\app.php on line 434
[2026-07-06 17:20:53] Creation of dynamic property app::$rs_footer_popular_item is deprecated in C:\xampp\Desktop\mdcnpal\htdocs\public_html\core\app.php on line 434
[2026-07-06 17:20:53] Creation of dynamic property app::$rs_footer_popular_test is deprecated in C:\xampp\Desktop\mdcnpal\htdocs\public_html\core\app.php on line 434
[2026-07-06 17:20:53] Creation of dynamic property app::$rs_testimonial is deprecated in C:\xampp\Desktop\mdcnpal\htdocs\public_html\core\app.php on line 434
[2026-07-06 17:20:53] Creation of dynamic property app::$admin is deprecated in C:\xampp\Desktop\mdcnpal\htdocs\public_html\core\app.php on line 434
[2026-07-06 17:20:53] Undefined array key 0 in C:\xampp\Desktop\mdcnpal\htdocs\public_html\core\global_include.php on line 514
[2026-07-06 17:20:53] Creation of dynamic property app::$popup is deprecated in C:\xampp\Desktop\mdcnpal\htdocs\public_html\core\app.php on line 434
[2026-07-06 17:20:53] Undefined array key "MDRCCustID" in C:\xampp\Desktop\mdcnpal\htdocs\public_html\core\global_include.php on line 515
[2026-07-06 17:20:53] Undefined array key "MDRCToken" in C:\xampp\Desktop\mdcnpal\htdocs\public_html\core\global_include.php on line 515
[2026-07-06 17:20:53] Creation of dynamic property app::$rscategory is deprecated in C:\xampp\Desktop\mdcnpal\htdocs\public_html\core\app.php on line 434
[2026-07-06 17:20:53] Creation of dynamic property app::$rs_pages is deprecated in C:\xampp\Desktop\mdcnpal\htdocs\public_html\core\app.php on line 434
[2026-07-06 17:20:53] Creation of dynamic property app::$gs is deprecated in C:\xampp\Desktop\mdcnpal\htdocs\public_html\core\app.php on line 434
[2026-07-06 17:20:53] Undefined array key "MDRCCustID" in C:\xampp\Desktop\mdcnpal\htdocs\public_html\core\global_include.php on line 596
[2026-07-06 17:20:53] Undefined array key "MDRCCustID" in C:\xampp\Desktop\mdcnpal\htdocs\public_html\core\global_include.php on line 615
[2026-07-06 17:20:53] Undefined variable $getId in C:\xampp\Desktop\mdcnpal\htdocs\public_html\core\global_include.php on line 684
[2026-07-06 17:20:53] Undefined variable $getName in C:\xampp\Desktop\mdcnpal\htdocs\public_html\core\global_include.php on line 685
[2026-07-06 17:20:53] Undefined array key 0 in C:\xampp\Desktop\mdcnpal\htdocs\public_html\core\global_include.php on line 810
[2026-07-06 17:20:53] Creation of dynamic property app::$rs_offer_msg is deprecated in C:\xampp\Desktop\mdcnpal\htdocs\public_html\core\app.php on line 434
[2026-07-06 17:20:53] Creation of dynamic property app::$rs_for_doctors is deprecated in C:\xampp\Desktop\mdcnpal\htdocs\public_html\core\app.php on line 434
[2026-07-06 17:20:53] Creation of dynamic property app::$description is deprecated in C:\xampp\Desktop\mdcnpal\htdocs\public_html\core\app.php on line 434
[2026-07-06 17:20:53] Creation of dynamic property app::$rs_banner is deprecated in C:\xampp\Desktop\mdcnpal\htdocs\public_html\core\app.php on line 434
[2026-07-06 17:20:53] Creation of dynamic property app::$rs_item_diseases is deprecated in C:\xampp\Desktop\mdcnpal\htdocs\public_html\core\app.php on line 434
[2026-07-06 17:20:53] Creation of dynamic property app::$rs_item_home_category is deprecated in C:\xampp\Desktop\mdcnpal\htdocs\public_html\core\app.php on line 434
[2026-07-06 17:20:53] Creation of dynamic property app::$rs_item_banner_category is deprecated in C:\xampp\Desktop\mdcnpal\htdocs\public_html\core\app.php on line 434
[2026-07-06 17:20:53] Creation of dynamic property app::$rs_services is deprecated in C:\xampp\Desktop\mdcnpal\htdocs\public_html\core\app.php on line 434
[2026-07-06 17:20:53] Creation of dynamic property app::$rs_blog is deprecated in C:\xampp\Desktop\mdcnpal\htdocs\public_html\core\app.php on line 434
[2026-07-06 17:20:53] Creation of dynamic property app::$rs_category is deprecated in C:\xampp\Desktop\mdcnpal\htdocs\public_html\core\app.php on line 434
[2026-07-06 17:20:53] Creation of dynamic property app::$rs_faq_data is deprecated in C:\xampp\Desktop\mdcnpal\htdocs\public_html\core\app.php on line 434
[2026-07-06 17:20:53] Creation of dynamic property app::$rs_gallery_data is deprecated in C:\xampp\Desktop\mdcnpal\htdocs\public_html\core\app.php on line 434
[2026-07-06 17:20:53] Undefined property: app::$rs_cartmini in C:\xampp\Desktop\mdcnpal\htdocs\public_html\includes\header.php on line 131
[2026-07-06 17:20:53] Undefined array key "MDRCCustID" in C:\xampp\Desktop\mdcnpal\htdocs\public_html\includes\header.php on line 134
[2026-07-06 17:20:53] Undefined property: app::$rs_cartmini in C:\xampp\Desktop\mdcnpal\htdocs\public_html\includes\header.php on line 197
[2026-07-06 17:20:53] Undefined array key "MDRCCustID" in C:\xampp\Desktop\mdcnpal\htdocs\public_html\includes\header.php on line 200
[2026-07-06 17:20:53] Undefined property: app::$rs_cartmini in C:\xampp\Desktop\mdcnpal\htdocs\public_html\includes\header.php on line 469
[2026-07-06 17:20:53] Undefined array key "MDRCCustID" in C:\xampp\Desktop\mdcnpal\htdocs\public_html\includes\header.php on line 472
[2026-07-06 17:20:53] Undefined property: app::$rs_cartmini in C:\xampp\Desktop\mdcnpal\htdocs\public_html\includes\header.php on line 525
[2026-07-06 17:20:53] Undefined array key "MDRCCustID" in C:\xampp\Desktop\mdcnpal\htdocs\public_html\includes\header.php on line 528
[2026-07-06 17:20:53] Undefined property: app::$rs_customer in C:\xampp\Desktop\mdcnpal\htdocs\public_html\includes\header.php on line 712
[2026-07-06 17:20:53] Trying to access array offset on value of type null in C:\xampp\Desktop\mdcnpal\htdocs\public_html\includes\header.php on line 712
[2026-07-06 17:20:53] Undefined property: app::$rs_customer in C:\xampp\Desktop\mdcnpal\htdocs\public_html\includes\header.php on line 721
[2026-07-06 17:20:53] Trying to access array offset on value of type null in C:\xampp\Desktop\mdcnpal\htdocs\public_html\includes\header.php on line 721
[2026-07-06 17:20:53] Undefined property: app::$rs_customer in C:\xampp\Desktop\mdcnpal\htdocs\public_html\includes\header.php on line 730
[2026-07-06 17:20:53] Trying to access array offset on value of type null in C:\xampp\Desktop\mdcnpal\htdocs\public_html\includes\header.php on line 730
[2026-07-06 17:20:53] Undefined property: app::$rs_customer in C:\xampp\Desktop\mdcnpal\htdocs\public_html\includes\header.php on line 739
[2026-07-06 17:20:53] Trying to access array offset on value of type null in C:\xampp\Desktop\mdcnpal\htdocs\public_html\includes\header.php on line 739
[2026-07-06 17:20:53] Undefined variable $g_search_query in C:\xampp\Desktop\mdcnpal\htdocs\public_html\core\app.php(565) : eval()'d code on line 219
[2026-07-06 17:20:53] Undefined variable $department_cond in C:\xampp\Desktop\mdcnpal\htdocs\public_html\core\app.php(565) : eval()'d code on line 219
[2026-07-06 17:20:53] Undefined variable $type_cond in C:\xampp\Desktop\mdcnpal\htdocs\public_html\core\app.php(565) : eval()'d code on line 219
[2026-07-06 17:20:53] Undefined variable $dieses_cond in C:\xampp\Desktop\mdcnpal\htdocs\public_html\core\app.php(565) : eval()'d code on line 219
[2026-07-06 17:20:53] Undefined variable $popular_pack_cond in C:\xampp\Desktop\mdcnpal\htdocs\public_html\core\app.php(565) : eval()'d code on line 219
[2026-07-06 17:20:53] Undefined variable $g_search_query in C:\xampp\Desktop\mdcnpal\htdocs\public_html\core\app.php(565) : eval()'d code on line 219
[2026-07-06 17:20:53] Undefined variable $department_cond in C:\xampp\Desktop\mdcnpal\htdocs\public_html\core\app.php(565) : eval()'d code on line 219
[2026-07-06 17:20:53] Undefined variable $type_cond in C:\xampp\Desktop\mdcnpal\htdocs\public_html\core\app.php(565) : eval()'d code on line 219
[2026-07-06 17:20:53] Undefined variable $dieses_cond in C:\xampp\Desktop\mdcnpal\htdocs\public_html\core\app.php(565) : eval()'d code on line 219
[2026-07-06 17:20:53] Undefined variable $popular_pack_cond in C:\xampp\Desktop\mdcnpal\htdocs\public_html\core\app.php(565) : eval()'d code on line 219
[2026-07-06 17:20:53] Undefined variable $g_search_query in C:\xampp\Desktop\mdcnpal\htdocs\public_html\core\app.php(565) : eval()'d code on line 219
[2026-07-06 17:20:53] Undefined variable $department_cond in C:\xampp\Desktop\mdcnpal\htdocs\public_html\core\app.php(565) : eval()'d code on line 219
[2026-07-06 17:20:53] Undefined variable $type_cond in C:\xampp\Desktop\mdcnpal\htdocs\public_html\core\app.php(565) : eval()'d code on line 219
[2026-07-06 17:20:53] Undefined variable $dieses_cond in C:\xampp\Desktop\mdcnpal\htdocs\public_html\core\app.php(565) : eval()'d code on line 219
[2026-07-06 17:20:53] Undefined variable $popular_pack_cond in C:\xampp\Desktop\mdcnpal\htdocs\public_html\core\app.php(565) : eval()'d code on line 219
[2026-07-06 17:20:53] Undefined variable $g_search_query in C:\xampp\Desktop\mdcnpal\htdocs\public_html\core\app.php(565) : eval()'d code on line 219
[2026-07-06 17:20:53] Undefined variable $department_cond in C:\xampp\Desktop\mdcnpal\htdocs\public_html\core\app.php(565) : eval()'d code on line 219
[2026-07-06 17:20:53] Undefined variable $type_cond in C:\xampp\Desktop\mdcnpal\htdocs\public_html\core\app.php(565) : eval()'d code on line 219
[2026-07-06 17:20:53] Undefined variable $dieses_cond in C:\xampp\Desktop\mdcnpal\htdocs\public_html\core\app.php(565) : eval()'d code on line 219
[2026-07-06 17:20:53] Undefined variable $popular_pack_cond in C:\xampp\Desktop\mdcnpal\htdocs\public_html\core\app.php(565) : eval()'d code on line 219
[2026-07-06 17:20:53] Undefined variable $g_search_query in C:\xampp\Desktop\mdcnpal\htdocs\public_html\core\app.php(565) : eval()'d code on line 219
[2026-07-06 17:20:53] Undefined variable $department_cond in C:\xampp\Desktop\mdcnpal\htdocs\public_html\core\app.php(565) : eval()'d code on line 219
[2026-07-06 17:20:53] Undefined variable $type_cond in C:\xampp\Desktop\mdcnpal\htdocs\public_html\core\app.php(565) : eval()'d code on line 219
[2026-07-06 17:20:53] Undefined variable $dieses_cond in C:\xampp\Desktop\mdcnpal\htdocs\public_html\core\app.php(565) : eval()'d code on line 219
[2026-07-06 17:20:53] Undefined variable $popular_pack_cond in C:\xampp\Desktop\mdcnpal\htdocs\public_html\core\app.php(565) : eval()'d code on line 219
[2026-07-06 17:20:53] Undefined property: app::$rs_customer in C:\xampp\Desktop\mdcnpal\htdocs\public_html\includes\footer.php on line 357
[2026-07-06 17:20:53] Trying to access array offset on value of type null in C:\xampp\Desktop\mdcnpal\htdocs\public_html\includes\footer.php on line 357
[2026-07-06 17:20:53] Undefined property: app::$rs_customer in C:\xampp\Desktop\mdcnpal\htdocs\public_html\includes\footer.php on line 366
[2026-07-06 17:20:53] Trying to access array offset on value of type null in C:\xampp\Desktop\mdcnpal\htdocs\public_html\includes\footer.php on line 366
[2026-07-06 17:20:53] Undefined property: app::$rs_customer in C:\xampp\Desktop\mdcnpal\htdocs\public_html\includes\footer.php on line 372
[2026-07-06 17:20:53] Trying to access array offset on value of type null in C:\xampp\Desktop\mdcnpal\htdocs\public_html\includes\footer.php on line 372
[2026-07-06 17:20:53] Undefined property: app::$rs_customer in C:\xampp\Desktop\mdcnpal\htdocs\public_html\includes\general_data.php on line 88
[2026-07-06 17:20:53] Trying to access array offset on value of type null in C:\xampp\Desktop\mdcnpal\htdocs\public_html\includes\general_data.php on line 88
[2026-07-06 17:20:53] Undefined array key "MDRCCustID" in C:\xampp\Desktop\mdcnpal\htdocs\public_html\includes\general_data.php on line 88
[2026-07-06 17:20:53] Undefined variable $tmpStr in C:\xampp\Desktop\mdcnpal\htdocs\public_html\core\app.php on line 971
[2026-07-06 17:20:54] Creation of dynamic property dbclass::$RECORD_SET is deprecated in C:\xampp\Desktop\mdcnpal\htdocs\public_html\core\dbclass.php on line 69
[2026-07-06 17:20:54] Creation of dynamic property dbclass::$app is deprecated in C:\xampp\Desktop\mdcnpal\htdocs\public_html\core\dbclass.php on line 75
[2026-07-06 17:20:54] Creation of dynamic property model::$foreign_tables is deprecated in C:\xampp\Desktop\mdcnpal\htdocs\public_html\core\model.php on line 43
[2026-07-06 17:20:54] Creation of dynamic property app::$inputfilter is deprecated in C:\xampp\Desktop\mdcnpal\htdocs\public_html\core\app.php on line 123
[2026-07-06 17:20:54] Creation of dynamic property app::$userconfig is deprecated in C:\xampp\Desktop\mdcnpal\htdocs\public_html\core\app.php on line 124
[2026-07-06 17:20:54] Creation of dynamic property app::$global_include is deprecated in C:\xampp\Desktop\mdcnpal\htdocs\public_html\core\app.php on line 125
[2026-07-06 17:20:54] Creation of dynamic property app::$set_cache_time is deprecated in C:\xampp\Desktop\mdcnpal\htdocs\public_html\core\app.php on line 153
[2026-07-06 17:20:54] Undefined array key "link" in C:\xampp\Desktop\mdcnpal\htdocs\public_html\admin\scripts\modal\banner_addedit.php on line 18
[2026-07-06 17:20:54] Creation of dynamic property dbclass::$RECORD_SET is deprecated in C:\xampp\Desktop\mdcnpal\htdocs\public_html\core\dbclass.php on line 69
[2026-07-06 17:20:54] Creation of dynamic property dbclass::$app is deprecated in C:\xampp\Desktop\mdcnpal\htdocs\public_html\core\dbclass.php on line 75
[2026-07-06 17:20:54] Creation of dynamic property model::$foreign_tables is deprecated in C:\xampp\Desktop\mdcnpal\htdocs\public_html\core\model.php on line 43
[2026-07-06 17:20:54] Creation of dynamic property app::$inputfilter is deprecated in C:\xampp\Desktop\mdcnpal\htdocs\public_html\core\app.php on line 123
[2026-07-06 17:20:54] Creation of dynamic property app::$userconfig is deprecated in C:\xampp\Desktop\mdcnpal\htdocs\public_html\core\app.php on line 124
[2026-07-06 17:20:54] Creation of dynamic property app::$global_include is deprecated in C:\xampp\Desktop\mdcnpal\htdocs\public_html\core\app.php on line 125
[2026-07-06 17:20:54] Creation of dynamic property app::$set_cache_time is deprecated in C:\xampp\Desktop\mdcnpal\htdocs\public_html\core\app.php on line 153
[2026-07-06 17:20:54] Creation of dynamic property app::$meta is deprecated in C:\xampp\Desktop\mdcnpal\htdocs\public_html\core\app.php on line 434
[2026-07-06 17:20:54] Creation of dynamic property app::$rs_gs_city is deprecated in C:\xampp\Desktop\mdcnpal\htdocs\public_html\core\app.php on line 434
[2026-07-06 17:20:54] Creation of dynamic property app::$rs_footer_popular_item is deprecated in C:\xampp\Desktop\mdcnpal\htdocs\public_html\core\app.php on line 434
[2026-07-06 17:20:54] Creation of dynamic property app::$rs_footer_popular_test is deprecated in C:\xampp\Desktop\mdcnpal\htdocs\public_html\core\app.php on line 434
[2026-07-06 17:20:54] Creation of dynamic property app::$rs_testimonial is deprecated in C:\xampp\Desktop\mdcnpal\htdocs\public_html\core\app.php on line 434
[2026-07-06 17:20:54] Creation of dynamic property app::$admin is deprecated in C:\xampp\Desktop\mdcnpal\htdocs\public_html\core\app.php on line 434
[2026-07-06 17:20:54] Undefined array key 0 in C:\xampp\Desktop\mdcnpal\htdocs\public_html\core\global_include.php on line 514
[2026-07-06 17:20:54] Creation of dynamic property app::$popup is deprecated in C:\xampp\Desktop\mdcnpal\htdocs\public_html\core\app.php on line 434
[2026-07-06 17:20:54] Undefined array key "MDRCCustID" in C:\xampp\Desktop\mdcnpal\htdocs\public_html\core\global_include.php on line 515
[2026-07-06 17:20:54] Undefined array key "MDRCToken" in C:\xampp\Desktop\mdcnpal\htdocs\public_html\core\global_include.php on line 515
[2026-07-06 17:20:54] Creation of dynamic property app::$rscategory is deprecated in C:\xampp\Desktop\mdcnpal\htdocs\public_html\core\app.php on line 434
[2026-07-06 17:20:54] Creation of dynamic property app::$rs_pages is deprecated in C:\xampp\Desktop\mdcnpal\htdocs\public_html\core\app.php on line 434
[2026-07-06 17:20:54] Creation of dynamic property app::$gs is deprecated in C:\xampp\Desktop\mdcnpal\htdocs\public_html\core\app.php on line 434
[2026-07-06 17:20:54] Undefined array key "MDRCCustID" in C:\xampp\Desktop\mdcnpal\htdocs\public_html\core\global_include.php on line 596
[2026-07-06 17:20:54] Undefined array key "MDRCCustID" in C:\xampp\Desktop\mdcnpal\htdocs\public_html\core\global_include.php on line 615
[2026-07-06 17:20:54] Undefined variable $getId in C:\xampp\Desktop\mdcnpal\htdocs\public_html\core\global_include.php on line 684
[2026-07-06 17:20:54] Undefined variable $getName in C:\xampp\Desktop\mdcnpal\htdocs\public_html\core\global_include.php on line 685
[2026-07-06 17:20:54] Undefined array key 0 in C:\xampp\Desktop\mdcnpal\htdocs\public_html\core\global_include.php on line 810
[2026-07-06 17:20:54] Creation of dynamic property app::$rs_offer_msg is deprecated in C:\xampp\Desktop\mdcnpal\htdocs\public_html\core\app.php on line 434
[2026-07-06 17:20:54] Creation of dynamic property app::$rs_for_doctors is deprecated in C:\xampp\Desktop\mdcnpal\htdocs\public_html\core\app.php on line 434
[2026-07-06 17:20:54] Creation of dynamic property app::$description is deprecated in C:\xampp\Desktop\mdcnpal\htdocs\public_html\core\app.php on line 434
[2026-07-06 17:20:54] Creation of dynamic property app::$rs_banner is deprecated in C:\xampp\Desktop\mdcnpal\htdocs\public_html\core\app.php on line 434
[2026-07-06 17:20:54] Creation of dynamic property app::$rs_item_diseases is deprecated in C:\xampp\Desktop\mdcnpal\htdocs\public_html\core\app.php on line 434
[2026-07-06 17:20:54] Creation of dynamic property app::$rs_item_home_category is deprecated in C:\xampp\Desktop\mdcnpal\htdocs\public_html\core\app.php on line 434
[2026-07-06 17:20:54] Creation of dynamic property app::$rs_item_banner_category is deprecated in C:\xampp\Desktop\mdcnpal\htdocs\public_html\core\app.php on line 434
[2026-07-06 17:20:54] Creation of dynamic property app::$rs_services is deprecated in C:\xampp\Desktop\mdcnpal\htdocs\public_html\core\app.php on line 434
[2026-07-06 17:20:54] Creation of dynamic property app::$rs_blog is deprecated in C:\xampp\Desktop\mdcnpal\htdocs\public_html\core\app.php on line 434
[2026-07-06 17:20:55] Creation of dynamic property app::$rs_category is deprecated in C:\xampp\Desktop\mdcnpal\htdocs\public_html\core\app.php on line 434
[2026-07-06 17:20:55] Creation of dynamic property app::$rs_faq_data is deprecated in C:\xampp\Desktop\mdcnpal\htdocs\public_html\core\app.php on line 434
[2026-07-06 17:20:55] Creation of dynamic property app::$rs_gallery_data is deprecated in C:\xampp\Desktop\mdcnpal\htdocs\public_html\core\app.php on line 434
[2026-07-06 17:20:55] Undefined property: app::$rs_cartmini in C:\xampp\Desktop\mdcnpal\htdocs\public_html\includes\header.php on line 131
[2026-07-06 17:20:55] Undefined array key "MDRCCustID" in C:\xampp\Desktop\mdcnpal\htdocs\public_html\includes\header.php on line 134
[2026-07-06 17:20:55] Undefined property: app::$rs_cartmini in C:\xampp\Desktop\mdcnpal\htdocs\public_html\includes\header.php on line 197
[2026-07-06 17:20:55] Undefined array key "MDRCCustID" in C:\xampp\Desktop\mdcnpal\htdocs\public_html\includes\header.php on line 200
[2026-07-06 17:20:55] Undefined property: app::$rs_cartmini in C:\xampp\Desktop\mdcnpal\htdocs\public_html\includes\header.php on line 469
[2026-07-06 17:20:55] Undefined array key "MDRCCustID" in C:\xampp\Desktop\mdcnpal\htdocs\public_html\includes\header.php on line 472
[2026-07-06 17:20:55] Undefined property: app::$rs_cartmini in C:\xampp\Desktop\mdcnpal\htdocs\public_html\includes\header.php on line 525
[2026-07-06 17:20:55] Undefined array key "MDRCCustID" in C:\xampp\Desktop\mdcnpal\htdocs\public_html\includes\header.php on line 528
[2026-07-06 17:20:55] Undefined property: app::$rs_customer in C:\xampp\Desktop\mdcnpal\htdocs\public_html\includes\header.php on line 712
[2026-07-06 17:20:55] Trying to access array offset on value of type null in C:\xampp\Desktop\mdcnpal\htdocs\public_html\includes\header.php on line 712
[2026-07-06 17:20:55] Undefined property: app::$rs_customer in C:\xampp\Desktop\mdcnpal\htdocs\public_html\includes\header.php on line 721
[2026-07-06 17:20:55] Trying to access array offset on value of type null in C:\xampp\Desktop\mdcnpal\htdocs\public_html\includes\header.php on line 721
[2026-07-06 17:20:55] Undefined property: app::$rs_customer in C:\xampp\Desktop\mdcnpal\htdocs\public_html\includes\header.php on line 730
[2026-07-06 17:20:55] Trying to access array offset on value of type null in C:\xampp\Desktop\mdcnpal\htdocs\public_html\includes\header.php on line 730
[2026-07-06 17:20:55] Undefined property: app::$rs_customer in C:\xampp\Desktop\mdcnpal\htdocs\public_html\includes\header.php on line 739
[2026-07-06 17:20:55] Trying to access array offset on value of type null in C:\xampp\Desktop\mdcnpal\htdocs\public_html\includes\header.php on line 739
[2026-07-06 17:20:55] Undefined variable $g_search_query in C:\xampp\Desktop\mdcnpal\htdocs\public_html\core\app.php(565) : eval()'d code on line 219
[2026-07-06 17:20:55] Undefined variable $department_cond in C:\xampp\Desktop\mdcnpal\htdocs\public_html\core\app.php(565) : eval()'d code on line 219
[2026-07-06 17:20:55] Undefined variable $type_cond in C:\xampp\Desktop\mdcnpal\htdocs\public_html\core\app.php(565) : eval()'d code on line 219
[2026-07-06 17:20:55] Undefined variable $dieses_cond in C:\xampp\Desktop\mdcnpal\htdocs\public_html\core\app.php(565) : eval()'d code on line 219
[2026-07-06 17:20:55] Undefined variable $popular_pack_cond in C:\xampp\Desktop\mdcnpal\htdocs\public_html\core\app.php(565) : eval()'d code on line 219
[2026-07-06 17:20:55] Undefined variable $g_search_query in C:\xampp\Desktop\mdcnpal\htdocs\public_html\core\app.php(565) : eval()'d code on line 219
[2026-07-06 17:20:55] Undefined variable $department_cond in C:\xampp\Desktop\mdcnpal\htdocs\public_html\core\app.php(565) : eval()'d code on line 219
[2026-07-06 17:20:55] Undefined variable $type_cond in C:\xampp\Desktop\mdcnpal\htdocs\public_html\core\app.php(565) : eval()'d code on line 219
[2026-07-06 17:20:55] Undefined variable $dieses_cond in C:\xampp\Desktop\mdcnpal\htdocs\public_html\core\app.php(565) : eval()'d code on line 219
[2026-07-06 17:20:55] Undefined variable $popular_pack_cond in C:\xampp\Desktop\mdcnpal\htdocs\public_html\core\app.php(565) : eval()'d code on line 219
[2026-07-06 17:20:55] Undefined variable $g_search_query in C:\xampp\Desktop\mdcnpal\htdocs\public_html\core\app.php(565) : eval()'d code on line 219
[2026-07-06 17:20:55] Undefined variable $department_cond in C:\xampp\Desktop\mdcnpal\htdocs\public_html\core\app.php(565) : eval()'d code on line 219
[2026-07-06 17:20:55] Undefined variable $type_cond in C:\xampp\Desktop\mdcnpal\htdocs\public_html\core\app.php(565) : eval()'d code on line 219
[2026-07-06 17:20:55] Undefined variable $dieses_cond in C:\xampp\Desktop\mdcnpal\htdocs\public_html\core\app.php(565) : eval()'d code on line 219
[2026-07-06 17:20:55] Undefined variable $popular_pack_cond in C:\xampp\Desktop\mdcnpal\htdocs\public_html\core\app.php(565) : eval()'d code on line 219
[2026-07-06 17:20:55] Undefined variable $g_search_query in C:\xampp\Desktop\mdcnpal\htdocs\public_html\core\app.php(565) : eval()'d code on line 219
[2026-07-06 17:20:55] Undefined variable $department_cond in C:\xampp\Desktop\mdcnpal\htdocs\public_html\core\app.php(565) : eval()'d code on line 219
[2026-07-06 17:20:55] Undefined variable $type_cond in C:\xampp\Desktop\mdcnpal\htdocs\public_html\core\app.php(565) : eval()'d code on line 219
[2026-07-06 17:20:55] Undefined variable $dieses_cond in C:\xampp\Desktop\mdcnpal\htdocs\public_html\core\app.php(565) : eval()'d code on line 219
[2026-07-06 17:20:55] Undefined variable $popular_pack_cond in C:\xampp\Desktop\mdcnpal\htdocs\public_html\core\app.php(565) : eval()'d code on line 219
[2026-07-06 17:20:55] Undefined variable $g_search_query in C:\xampp\Desktop\mdcnpal\htdocs\public_html\core\app.php(565) : eval()'d code on line 219
[2026-07-06 17:20:55] Undefined variable $department_cond in C:\xampp\Desktop\mdcnpal\htdocs\public_html\core\app.php(565) : eval()'d code on line 219
[2026-07-06 17:20:55] Undefined variable $type_cond in C:\xampp\Desktop\mdcnpal\htdocs\public_html\core\app.php(565) : eval()'d code on line 219
[2026-07-06 17:20:55] Undefined variable $dieses_cond in C:\xampp\Desktop\mdcnpal\htdocs\public_html\core\app.php(565) : eval()'d code on line 219
[2026-07-06 17:20:55] Undefined variable $popular_pack_cond in C:\xampp\Desktop\mdcnpal\htdocs\public_html\core\app.php(565) : eval()'d code on line 219
[2026-07-06 17:20:55] Undefined property: app::$rs_customer in C:\xampp\Desktop\mdcnpal\htdocs\public_html\includes\footer.php on line 357
[2026-07-06 17:20:55] Trying to access array offset on value of type null in C:\xampp\Desktop\mdcnpal\htdocs\public_html\includes\footer.php on line 357
[2026-07-06 17:20:55] Undefined property: app::$rs_customer in C:\xampp\Desktop\mdcnpal\htdocs\public_html\includes\footer.php on line 366
[2026-07-06 17:20:55] Trying to access array offset on value of type null in C:\xampp\Desktop\mdcnpal\htdocs\public_html\includes\footer.php on line 366
[2026-07-06 17:20:55] Undefined property: app::$rs_customer in C:\xampp\Desktop\mdcnpal\htdocs\public_html\includes\footer.php on line 372
[2026-07-06 17:20:55] Trying to access array offset on value of type null in C:\xampp\Desktop\mdcnpal\htdocs\public_html\includes\footer.php on line 372
[2026-07-06 17:20:55] Undefined property: app::$rs_customer in C:\xampp\Desktop\mdcnpal\htdocs\public_html\includes\general_data.php on line 88
[2026-07-06 17:20:55] Trying to access array offset on value of type null in C:\xampp\Desktop\mdcnpal\htdocs\public_html\includes\general_data.php on line 88
[2026-07-06 17:20:55] Undefined array key "MDRCCustID" in C:\xampp\Desktop\mdcnpal\htdocs\public_html\includes\general_data.php on line 88
[2026-07-06 17:20:55] Undefined variable $tmpStr in C:\xampp\Desktop\mdcnpal\htdocs\public_html\core\app.php on line 971
[2026-07-06 17:20:55] Creation of dynamic property dbclass::$RECORD_SET is deprecated in C:\xampp\Desktop\mdcnpal\htdocs\public_html\core\dbclass.php on line 69
[2026-07-06 17:20:55] Creation of dynamic property dbclass::$app is deprecated in C:\xampp\Desktop\mdcnpal\htdocs\public_html\core\dbclass.php on line 75
[2026-07-06 17:20:55] Creation of dynamic property model::$foreign_tables is deprecated in C:\xampp\Desktop\mdcnpal\htdocs\public_html\core\model.php on line 43
[2026-07-06 17:20:55] Creation of dynamic property app::$inputfilter is deprecated in C:\xampp\Desktop\mdcnpal\htdocs\public_html\core\app.php on line 123
[2026-07-06 17:20:55] Creation of dynamic property app::$userconfig is deprecated in C:\xampp\Desktop\mdcnpal\htdocs\public_html\core\app.php on line 124
[2026-07-06 17:20:55] Creation of dynamic property app::$global_include is deprecated in C:\xampp\Desktop\mdcnpal\htdocs\public_html\core\app.php on line 125
[2026-07-06 17:20:55] Creation of dynamic property app::$set_cache_time is deprecated in C:\xampp\Desktop\mdcnpal\htdocs\public_html\core\app.php on line 153
[2026-07-06 17:20:55] Creation of dynamic property app::$meta is deprecated in C:\xampp\Desktop\mdcnpal\htdocs\public_html\core\app.php on line 434
[2026-07-06 17:20:55] Creation of dynamic property app::$rs_gs_city is deprecated in C:\xampp\Desktop\mdcnpal\htdocs\public_html\core\app.php on line 434
[2026-07-06 17:20:55] Creation of dynamic property app::$rs_footer_popular_item is deprecated in C:\xampp\Desktop\mdcnpal\htdocs\public_html\core\app.php on line 434
[2026-07-06 17:20:55] Creation of dynamic property app::$rs_footer_popular_test is deprecated in C:\xampp\Desktop\mdcnpal\htdocs\public_html\core\app.php on line 434
[2026-07-06 17:20:55] Creation of dynamic property app::$rs_testimonial is deprecated in C:\xampp\Desktop\mdcnpal\htdocs\public_html\core\app.php on line 434
[2026-07-06 17:20:55] Creation of dynamic property app::$admin is deprecated in C:\xampp\Desktop\mdcnpal\htdocs\public_html\core\app.php on line 434
[2026-07-06 17:20:55] Undefined array key 0 in C:\xampp\Desktop\mdcnpal\htdocs\public_html\core\global_include.php on line 514
[2026-07-06 17:20:55] Creation of dynamic property app::$popup is deprecated in C:\xampp\Desktop\mdcnpal\htdocs\public_html\core\app.php on line 434
[2026-07-06 17:20:55] Undefined array key "MDRCCustID" in C:\xampp\Desktop\mdcnpal\htdocs\public_html\core\global_include.php on line 515
[2026-07-06 17:20:55] Undefined array key "MDRCToken" in C:\xampp\Desktop\mdcnpal\htdocs\public_html\core\global_include.php on line 515
[2026-07-06 17:20:55] Creation of dynamic property app::$rscategory is deprecated in C:\xampp\Desktop\mdcnpal\htdocs\public_html\core\app.php on line 434
[2026-07-06 17:20:55] Creation of dynamic property app::$rs_pages is deprecated in C:\xampp\Desktop\mdcnpal\htdocs\public_html\core\app.php on line 434
[2026-07-06 17:20:55] Creation of dynamic property app::$gs is deprecated in C:\xampp\Desktop\mdcnpal\htdocs\public_html\core\app.php on line 434
[2026-07-06 17:20:55] Undefined array key "MDRCCustID" in C:\xampp\Desktop\mdcnpal\htdocs\public_html\core\global_include.php on line 596
[2026-07-06 17:20:55] Undefined array key "MDRCCustID" in C:\xampp\Desktop\mdcnpal\htdocs\public_html\core\global_include.php on line 615
[2026-07-06 17:20:55] Undefined variable $getId in C:\xampp\Desktop\mdcnpal\htdocs\public_html\core\global_include.php on line 684
[2026-07-06 17:20:55] Undefined variable $getName in C:\xampp\Desktop\mdcnpal\htdocs\public_html\core\global_include.php on line 685
[2026-07-06 17:20:55] Undefined array key 0 in C:\xampp\Desktop\mdcnpal\htdocs\public_html\core\global_include.php on line 810
[2026-07-06 17:20:55] Creation of dynamic property app::$rs_offer_msg is deprecated in C:\xampp\Desktop\mdcnpal\htdocs\public_html\core\app.php on line 434
[2026-07-06 17:20:55] Creation of dynamic property app::$rs_for_doctors is deprecated in C:\xampp\Desktop\mdcnpal\htdocs\public_html\core\app.php on line 434
[2026-07-06 17:20:55] Creation of dynamic property app::$description is deprecated in C:\xampp\Desktop\mdcnpal\htdocs\public_html\core\app.php on line 434
[2026-07-06 17:20:55] Creation of dynamic property app::$rs_banner is deprecated in C:\xampp\Desktop\mdcnpal\htdocs\public_html\core\app.php on line 434
[2026-07-06 17:20:55] Creation of dynamic property app::$rs_item_diseases is deprecated in C:\xampp\Desktop\mdcnpal\htdocs\public_html\core\app.php on line 434
[2026-07-06 17:20:55] Creation of dynamic property app::$rs_item_home_category is deprecated in C:\xampp\Desktop\mdcnpal\htdocs\public_html\core\app.php on line 434
[2026-07-06 17:20:55] Creation of dynamic property app::$rs_item_banner_category is deprecated in C:\xampp\Desktop\mdcnpal\htdocs\public_html\core\app.php on line 434
[2026-07-06 17:20:55] Creation of dynamic property app::$rs_services is deprecated in C:\xampp\Desktop\mdcnpal\htdocs\public_html\core\app.php on line 434
[2026-07-06 17:20:55] Creation of dynamic property app::$rs_blog is deprecated in C:\xampp\Desktop\mdcnpal\htdocs\public_html\core\app.php on line 434
[2026-07-06 17:20:55] Creation of dynamic property app::$rs_category is deprecated in C:\xampp\Desktop\mdcnpal\htdocs\public_html\core\app.php on line 434
[2026-07-06 17:20:55] Creation of dynamic property app::$rs_faq_data is deprecated in C:\xampp\Desktop\mdcnpal\htdocs\public_html\core\app.php on line 434
[2026-07-06 17:20:55] Creation of dynamic property app::$rs_gallery_data is deprecated in C:\xampp\Desktop\mdcnpal\htdocs\public_html\core\app.php on line 434
[2026-07-06 17:20:55] Undefined property: app::$rs_cartmini in C:\xampp\Desktop\mdcnpal\htdocs\public_html\includes\header.php on line 131
[2026-07-06 17:20:55] Undefined array key "MDRCCustID" in C:\xampp\Desktop\mdcnpal\htdocs\public_html\includes\header.php on line 134
[2026-07-06 17:20:55] Undefined property: app::$rs_cartmini in C:\xampp\Desktop\mdcnpal\htdocs\public_html\includes\header.php on line 197
[2026-07-06 17:20:55] Undefined array key "MDRCCustID" in C:\xampp\Desktop\mdcnpal\htdocs\public_html\includes\header.php on line 200
[2026-07-06 17:20:55] Undefined property: app::$rs_cartmini in C:\xampp\Desktop\mdcnpal\htdocs\public_html\includes\header.php on line 469
[2026-07-06 17:20:55] Undefined array key "MDRCCustID" in C:\xampp\Desktop\mdcnpal\htdocs\public_html\includes\header.php on line 472
[2026-07-06 17:20:55] Undefined property: app::$rs_cartmini in C:\xampp\Desktop\mdcnpal\htdocs\public_html\includes\header.php on line 525
[2026-07-06 17:20:55] Undefined array key "MDRCCustID" in C:\xampp\Desktop\mdcnpal\htdocs\public_html\includes\header.php on line 528
[2026-07-06 17:20:55] Undefined property: app::$rs_customer in C:\xampp\Desktop\mdcnpal\htdocs\public_html\includes\header.php on line 712
[2026-07-06 17:20:55] Trying to access array offset on value of type null in C:\xampp\Desktop\mdcnpal\htdocs\public_html\includes\header.php on line 712
[2026-07-06 17:20:55] Undefined property: app::$rs_customer in C:\xampp\Desktop\mdcnpal\htdocs\public_html\includes\header.php on line 721
[2026-07-06 17:20:55] Trying to access array offset on value of type null in C:\xampp\Desktop\mdcnpal\htdocs\public_html\includes\header.php on line 721
[2026-07-06 17:20:55] Undefined property: app::$rs_customer in C:\xampp\Desktop\mdcnpal\htdocs\public_html\includes\header.php on line 730
[2026-07-06 17:20:55] Trying to access array offset on value of type null in C:\xampp\Desktop\mdcnpal\htdocs\public_html\includes\header.php on line 730
[2026-07-06 17:20:55] Undefined property: app::$rs_customer in C:\xampp\Desktop\mdcnpal\htdocs\public_html\includes\header.php on line 739
[2026-07-06 17:20:55] Trying to access array offset on value of type null in C:\xampp\Desktop\mdcnpal\htdocs\public_html\includes\header.php on line 739
[2026-07-06 17:20:55] Undefined variable $g_search_query in C:\xampp\Desktop\mdcnpal\htdocs\public_html\core\app.php(565) : eval()'d code on line 219
[2026-07-06 17:20:55] Undefined variable $department_cond in C:\xampp\Desktop\mdcnpal\htdocs\public_html\core\app.php(565) : eval()'d code on line 219
[2026-07-06 17:20:55] Undefined variable $type_cond in C:\xampp\Desktop\mdcnpal\htdocs\public_html\core\app.php(565) : eval()'d code on line 219
[2026-07-06 17:20:55] Undefined variable $dieses_cond in C:\xampp\Desktop\mdcnpal\htdocs\public_html\core\app.php(565) : eval()'d code on line 219
[2026-07-06 17:20:55] Undefined variable $popular_pack_cond in C:\xampp\Desktop\mdcnpal\htdocs\public_html\core\app.php(565) : eval()'d code on line 219
[2026-07-06 17:20:55] Undefined variable $g_search_query in C:\xampp\Desktop\mdcnpal\htdocs\public_html\core\app.php(565) : eval()'d code on line 219
[2026-07-06 17:20:55] Undefined variable $department_cond in C:\xampp\Desktop\mdcnpal\htdocs\public_html\core\app.php(565) : eval()'d code on line 219
[2026-07-06 17:20:55] Undefined variable $type_cond in C:\xampp\Desktop\mdcnpal\htdocs\public_html\core\app.php(565) : eval()'d code on line 219
[2026-07-06 17:20:55] Undefined variable $dieses_cond in C:\xampp\Desktop\mdcnpal\htdocs\public_html\core\app.php(565) : eval()'d code on line 219
[2026-07-06 17:20:55] Undefined variable $popular_pack_cond in C:\xampp\Desktop\mdcnpal\htdocs\public_html\core\app.php(565) : eval()'d code on line 219
[2026-07-06 17:20:55] Undefined variable $g_search_query in C:\xampp\Desktop\mdcnpal\htdocs\public_html\core\app.php(565) : eval()'d code on line 219
[2026-07-06 17:20:55] Undefined variable $department_cond in C:\xampp\Desktop\mdcnpal\htdocs\public_html\core\app.php(565) : eval()'d code on line 219
[2026-07-06 17:20:55] Undefined variable $type_cond in C:\xampp\Desktop\mdcnpal\htdocs\public_html\core\app.php(565) : eval()'d code on line 219
[2026-07-06 17:20:55] Undefined variable $dieses_cond in C:\xampp\Desktop\mdcnpal\htdocs\public_html\core\app.php(565) : eval()'d code on line 219
[2026-07-06 17:20:55] Undefined variable $popular_pack_cond in C:\xampp\Desktop\mdcnpal\htdocs\public_html\core\app.php(565) : eval()'d code on line 219
[2026-07-06 17:20:55] Undefined variable $g_search_query in C:\xampp\Desktop\mdcnpal\htdocs\public_html\core\app.php(565) : eval()'d code on line 219
[2026-07-06 17:20:55] Undefined variable $department_cond in C:\xampp\Desktop\mdcnpal\htdocs\public_html\core\app.php(565) : eval()'d code on line 219
[2026-07-06 17:20:55] Undefined variable $type_cond in C:\xampp\Desktop\mdcnpal\htdocs\public_html\core\app.php(565) : eval()'d code on line 219
[2026-07-06 17:20:55] Undefined variable $dieses_cond in C:\xampp\Desktop\mdcnpal\htdocs\public_html\core\app.php(565) : eval()'d code on line 219
[2026-07-06 17:20:55] Undefined variable $popular_pack_cond in C:\xampp\Desktop\mdcnpal\htdocs\public_html\core\app.php(565) : eval()'d code on line 219
[2026-07-06 17:20:55] Undefined variable $g_search_query in C:\xampp\Desktop\mdcnpal\htdocs\public_html\core\app.php(565) : eval()'d code on line 219
[2026-07-06 17:20:55] Undefined variable $department_cond in C:\xampp\Desktop\mdcnpal\htdocs\public_html\core\app.php(565) : eval()'d code on line 219
[2026-07-06 17:20:55] Undefined variable $type_cond in C:\xampp\Desktop\mdcnpal\htdocs\public_html\core\app.php(565) : eval()'d code on line 219
[2026-07-06 17:20:55] Undefined variable $dieses_cond in C:\xampp\Desktop\mdcnpal\htdocs\public_html\core\app.php(565) : eval()'d code on line 219
[2026-07-06 17:20:55] Undefined variable $popular_pack_cond in C:\xampp\Desktop\mdcnpal\htdocs\public_html\core\app.php(565) : eval()'d code on line 219
[2026-07-06 17:20:55] Undefined property: app::$rs_customer in C:\xampp\Desktop\mdcnpal\htdocs\public_html\includes\footer.php on line 357
[2026-07-06 17:20:55] Trying to access array offset on value of type null in C:\xampp\Desktop\mdcnpal\htdocs\public_html\includes\footer.php on line 357
[2026-07-06 17:20:55] Undefined property: app::$rs_customer in C:\xampp\Desktop\mdcnpal\htdocs\public_html\includes\footer.php on line 366
[2026-07-06 17:20:55] Trying to access array offset on value of type null in C:\xampp\Desktop\mdcnpal\htdocs\public_html\includes\footer.php on line 366
[2026-07-06 17:20:55] Undefined property: app::$rs_customer in C:\xampp\Desktop\mdcnpal\htdocs\public_html\includes\footer.php on line 372
[2026-07-06 17:20:55] Trying to access array offset on value of type null in C:\xampp\Desktop\mdcnpal\htdocs\public_html\includes\footer.php on line 372
[2026-07-06 17:20:55] Undefined property: app::$rs_customer in C:\xampp\Desktop\mdcnpal\htdocs\public_html\includes\general_data.php on line 88
[2026-07-06 17:20:55] Trying to access array offset on value of type null in C:\xampp\Desktop\mdcnpal\htdocs\public_html\includes\general_data.php on line 88
[2026-07-06 17:20:56] Undefined array key "MDRCCustID" in C:\xampp\Desktop\mdcnpal\htdocs\public_html\includes\general_data.php on line 88
[2026-07-06 17:20:56] Undefined variable $tmpStr in C:\xampp\Desktop\mdcnpal\htdocs\public_html\core\app.php on line 971
[2026-07-06 17:24:11] Creation of dynamic property dbclass::$RECORD_SET is deprecated in C:\xampp\Desktop\mdcnpal\htdocs\public_html\core\dbclass.php on line 69
[2026-07-06 17:24:11] Creation of dynamic property dbclass::$app is deprecated in C:\xampp\Desktop\mdcnpal\htdocs\public_html\core\dbclass.php on line 75
[2026-07-06 17:24:11] Creation of dynamic property model::$foreign_tables is deprecated in C:\xampp\Desktop\mdcnpal\htdocs\public_html\core\model.php on line 43
[2026-07-06 17:24:11] Creation of dynamic property app::$inputfilter is deprecated in C:\xampp\Desktop\mdcnpal\htdocs\public_html\core\app.php on line 123
[2026-07-06 17:24:11] Creation of dynamic property app::$userconfig is deprecated in C:\xampp\Desktop\mdcnpal\htdocs\public_html\core\app.php on line 124
[2026-07-06 17:24:11] Creation of dynamic property app::$global_include is deprecated in C:\xampp\Desktop\mdcnpal\htdocs\public_html\core\app.php on line 125
[2026-07-06 17:24:11] Creation of dynamic property app::$set_cache_time is deprecated in C:\xampp\Desktop\mdcnpal\htdocs\public_html\core\app.php on line 153
[2026-07-06 17:24:11] Creation of dynamic property app::$record is deprecated in C:\xampp\Desktop\mdcnpal\htdocs\public_html\core\app.php on line 434
[2026-07-06 17:24:11] Creation of dynamic property app::$field_record_per_page is deprecated in C:\xampp\Desktop\mdcnpal\htdocs\public_html\core\app.php on line 434
[2026-07-06 17:24:11] Undefined array key "search_by" in C:\xampp\Desktop\mdcnpal\htdocs\public_html\core\global_include.php on line 73
[2026-07-06 17:24:11] Creation of dynamic property app::$rs_admin is deprecated in C:\xampp\Desktop\mdcnpal\htdocs\public_html\core\app.php on line 434
[2026-07-06 17:24:11] Creation of dynamic property app::$gs is deprecated in C:\xampp\Desktop\mdcnpal\htdocs\public_html\core\app.php on line 434
[2026-07-06 17:24:11] Undefined variable $tmpStr in C:\xampp\Desktop\mdcnpal\htdocs\public_html\core\app.php on line 971
[2026-07-06 17:24:11] Creation of dynamic property dbclass::$RECORD_SET is deprecated in C:\xampp\Desktop\mdcnpal\htdocs\public_html\core\dbclass.php on line 69
[2026-07-06 17:24:11] Creation of dynamic property dbclass::$app is deprecated in C:\xampp\Desktop\mdcnpal\htdocs\public_html\core\dbclass.php on line 75
[2026-07-06 17:24:11] Creation of dynamic property model::$foreign_tables is deprecated in C:\xampp\Desktop\mdcnpal\htdocs\public_html\core\model.php on line 43
[2026-07-06 17:24:11] Creation of dynamic property app::$inputfilter is deprecated in C:\xampp\Desktop\mdcnpal\htdocs\public_html\core\app.php on line 123
[2026-07-06 17:24:11] Creation of dynamic property app::$userconfig is deprecated in C:\xampp\Desktop\mdcnpal\htdocs\public_html\core\app.php on line 124
[2026-07-06 17:24:11] Creation of dynamic property app::$global_include is deprecated in C:\xampp\Desktop\mdcnpal\htdocs\public_html\core\app.php on line 125
[2026-07-06 17:24:11] Creation of dynamic property app::$set_cache_time is deprecated in C:\xampp\Desktop\mdcnpal\htdocs\public_html\core\app.php on line 153
[2026-07-06 17:24:11] Undefined array key "designation" in C:\xampp\Desktop\mdcnpal\htdocs\public_html\admin\scripts\ajax\item.php on line 86
[2026-07-06 17:24:11] Undefined array key "designation" in C:\xampp\Desktop\mdcnpal\htdocs\public_html\admin\scripts\ajax\item.php on line 86
[2026-07-06 17:24:11] Undefined array key "designation" in C:\xampp\Desktop\mdcnpal\htdocs\public_html\admin\scripts\ajax\item.php on line 86
[2026-07-06 17:24:11] Undefined array key "designation" in C:\xampp\Desktop\mdcnpal\htdocs\public_html\admin\scripts\ajax\item.php on line 86
[2026-07-06 17:24:11] Undefined array key "designation" in C:\xampp\Desktop\mdcnpal\htdocs\public_html\admin\scripts\ajax\item.php on line 86
[2026-07-06 17:24:11] Undefined array key "designation" in C:\xampp\Desktop\mdcnpal\htdocs\public_html\admin\scripts\ajax\item.php on line 86
[2026-07-06 17:24:11] Undefined array key "designation" in C:\xampp\Desktop\mdcnpal\htdocs\public_html\admin\scripts\ajax\item.php on line 86
[2026-07-06 17:24:11] Undefined array key "designation" in C:\xampp\Desktop\mdcnpal\htdocs\public_html\admin\scripts\ajax\item.php on line 86
[2026-07-06 17:24:11] Undefined array key "designation" in C:\xampp\Desktop\mdcnpal\htdocs\public_html\admin\scripts\ajax\item.php on line 86
[2026-07-06 17:24:11] Undefined array key "designation" in C:\xampp\Desktop\mdcnpal\htdocs\public_html\admin\scripts\ajax\item.php on line 86
[2026-07-06 17:53:52] Creation of dynamic property dbclass::$RECORD_SET is deprecated in C:\xampp\Desktop\mdcnpal\htdocs\public_html\core\dbclass.php on line 69
[2026-07-06 17:53:52] Creation of dynamic property dbclass::$app is deprecated in C:\xampp\Desktop\mdcnpal\htdocs\public_html\core\dbclass.php on line 75
[2026-07-06 17:53:52] Creation of dynamic property model::$foreign_tables is deprecated in C:\xampp\Desktop\mdcnpal\htdocs\public_html\core\model.php on line 43
[2026-07-06 17:53:52] Creation of dynamic property app::$inputfilter is deprecated in C:\xampp\Desktop\mdcnpal\htdocs\public_html\core\app.php on line 123
[2026-07-06 17:53:52] Creation of dynamic property app::$userconfig is deprecated in C:\xampp\Desktop\mdcnpal\htdocs\public_html\core\app.php on line 124
[2026-07-06 17:53:52] Creation of dynamic property app::$global_include is deprecated in C:\xampp\Desktop\mdcnpal\htdocs\public_html\core\app.php on line 125
[2026-07-06 17:53:52] Creation of dynamic property app::$set_cache_time is deprecated in C:\xampp\Desktop\mdcnpal\htdocs\public_html\core\app.php on line 153
[2026-07-06 17:53:52] Creation of dynamic property app::$meta is deprecated in C:\xampp\Desktop\mdcnpal\htdocs\public_html\core\app.php on line 434
[2026-07-06 17:53:52] Creation of dynamic property app::$rs_gs_city is deprecated in C:\xampp\Desktop\mdcnpal\htdocs\public_html\core\app.php on line 434
[2026-07-06 17:53:52] Creation of dynamic property app::$rs_footer_popular_item is deprecated in C:\xampp\Desktop\mdcnpal\htdocs\public_html\core\app.php on line 434
[2026-07-06 17:53:52] Creation of dynamic property app::$rs_footer_popular_test is deprecated in C:\xampp\Desktop\mdcnpal\htdocs\public_html\core\app.php on line 434
[2026-07-06 17:53:52] Creation of dynamic property app::$rs_testimonial is deprecated in C:\xampp\Desktop\mdcnpal\htdocs\public_html\core\app.php on line 434
[2026-07-06 17:53:52] Creation of dynamic property app::$admin is deprecated in C:\xampp\Desktop\mdcnpal\htdocs\public_html\core\app.php on line 434
[2026-07-06 17:53:52] Undefined array key 0 in C:\xampp\Desktop\mdcnpal\htdocs\public_html\core\global_include.php on line 514
[2026-07-06 17:53:52] Creation of dynamic property app::$popup is deprecated in C:\xampp\Desktop\mdcnpal\htdocs\public_html\core\app.php on line 434
[2026-07-06 17:53:52] Undefined array key "MDRCCustID" in C:\xampp\Desktop\mdcnpal\htdocs\public_html\core\global_include.php on line 515
[2026-07-06 17:53:52] Undefined array key "MDRCToken" in C:\xampp\Desktop\mdcnpal\htdocs\public_html\core\global_include.php on line 515
[2026-07-06 17:53:52] Creation of dynamic property app::$rscategory is deprecated in C:\xampp\Desktop\mdcnpal\htdocs\public_html\core\app.php on line 434
[2026-07-06 17:53:52] Creation of dynamic property app::$rs_pages is deprecated in C:\xampp\Desktop\mdcnpal\htdocs\public_html\core\app.php on line 434
[2026-07-06 17:53:52] Creation of dynamic property app::$gs is deprecated in C:\xampp\Desktop\mdcnpal\htdocs\public_html\core\app.php on line 434
[2026-07-06 17:53:52] Undefined array key "MDRCCustID" in C:\xampp\Desktop\mdcnpal\htdocs\public_html\core\global_include.php on line 596
[2026-07-06 17:53:52] Undefined array key "MDRCCustID" in C:\xampp\Desktop\mdcnpal\htdocs\public_html\core\global_include.php on line 615
[2026-07-06 17:53:52] Undefined variable $getId in C:\xampp\Desktop\mdcnpal\htdocs\public_html\core\global_include.php on line 684
[2026-07-06 17:53:52] Undefined variable $getName in C:\xampp\Desktop\mdcnpal\htdocs\public_html\core\global_include.php on line 685
[2026-07-06 17:53:52] Undefined array key 0 in C:\xampp\Desktop\mdcnpal\htdocs\public_html\core\global_include.php on line 810
[2026-07-06 17:53:52] Creation of dynamic property app::$rs_offer_msg is deprecated in C:\xampp\Desktop\mdcnpal\htdocs\public_html\core\app.php on line 434
[2026-07-06 17:53:52] Creation of dynamic property app::$rs_for_doctors is deprecated in C:\xampp\Desktop\mdcnpal\htdocs\public_html\core\app.php on line 434
[2026-07-06 17:53:52] Creation of dynamic property app::$description is deprecated in C:\xampp\Desktop\mdcnpal\htdocs\public_html\core\app.php on line 434
[2026-07-06 17:53:52] Creation of dynamic property app::$rs_banner is deprecated in C:\xampp\Desktop\mdcnpal\htdocs\public_html\core\app.php on line 434
[2026-07-06 17:53:52] Creation of dynamic property app::$rs_item_diseases is deprecated in C:\xampp\Desktop\mdcnpal\htdocs\public_html\core\app.php on line 434
[2026-07-06 17:53:52] Creation of dynamic property app::$rs_item_home_category is deprecated in C:\xampp\Desktop\mdcnpal\htdocs\public_html\core\app.php on line 434
[2026-07-06 17:53:52] Creation of dynamic property app::$rs_item_banner_category is deprecated in C:\xampp\Desktop\mdcnpal\htdocs\public_html\core\app.php on line 434
[2026-07-06 17:53:52] Creation of dynamic property app::$rs_services is deprecated in C:\xampp\Desktop\mdcnpal\htdocs\public_html\core\app.php on line 434
[2026-07-06 17:53:52] Creation of dynamic property app::$rs_blog is deprecated in C:\xampp\Desktop\mdcnpal\htdocs\public_html\core\app.php on line 434
[2026-07-06 17:53:52] Creation of dynamic property app::$rs_category is deprecated in C:\xampp\Desktop\mdcnpal\htdocs\public_html\core\app.php on line 434
[2026-07-06 17:53:52] Creation of dynamic property app::$rs_faq_data is deprecated in C:\xampp\Desktop\mdcnpal\htdocs\public_html\core\app.php on line 434
[2026-07-06 17:53:52] Creation of dynamic property app::$rs_gallery_data is deprecated in C:\xampp\Desktop\mdcnpal\htdocs\public_html\core\app.php on line 434
[2026-07-06 17:53:52] Undefined property: app::$rs_cartmini in C:\xampp\Desktop\mdcnpal\htdocs\public_html\includes\header.php on line 131
[2026-07-06 17:53:52] Undefined array key "MDRCCustID" in C:\xampp\Desktop\mdcnpal\htdocs\public_html\includes\header.php on line 134
[2026-07-06 17:53:52] Undefined property: app::$rs_cartmini in C:\xampp\Desktop\mdcnpal\htdocs\public_html\includes\header.php on line 197
[2026-07-06 17:53:52] Undefined array key "MDRCCustID" in C:\xampp\Desktop\mdcnpal\htdocs\public_html\includes\header.php on line 200
[2026-07-06 17:53:52] Undefined property: app::$rs_cartmini in C:\xampp\Desktop\mdcnpal\htdocs\public_html\includes\header.php on line 469
[2026-07-06 17:53:52] Undefined array key "MDRCCustID" in C:\xampp\Desktop\mdcnpal\htdocs\public_html\includes\header.php on line 472
[2026-07-06 17:53:52] Undefined property: app::$rs_cartmini in C:\xampp\Desktop\mdcnpal\htdocs\public_html\includes\header.php on line 525
[2026-07-06 17:53:52] Undefined array key "MDRCCustID" in C:\xampp\Desktop\mdcnpal\htdocs\public_html\includes\header.php on line 528
[2026-07-06 17:53:52] Undefined property: app::$rs_customer in C:\xampp\Desktop\mdcnpal\htdocs\public_html\includes\header.php on line 712
[2026-07-06 17:53:52] Trying to access array offset on value of type null in C:\xampp\Desktop\mdcnpal\htdocs\public_html\includes\header.php on line 712
[2026-07-06 17:53:52] Undefined property: app::$rs_customer in C:\xampp\Desktop\mdcnpal\htdocs\public_html\includes\header.php on line 721
[2026-07-06 17:53:52] Trying to access array offset on value of type null in C:\xampp\Desktop\mdcnpal\htdocs\public_html\includes\header.php on line 721
[2026-07-06 17:53:52] Undefined property: app::$rs_customer in C:\xampp\Desktop\mdcnpal\htdocs\public_html\includes\header.php on line 730
[2026-07-06 17:53:52] Trying to access array offset on value of type null in C:\xampp\Desktop\mdcnpal\htdocs\public_html\includes\header.php on line 730
[2026-07-06 17:53:52] Undefined property: app::$rs_customer in C:\xampp\Desktop\mdcnpal\htdocs\public_html\includes\header.php on line 739
[2026-07-06 17:53:52] Trying to access array offset on value of type null in C:\xampp\Desktop\mdcnpal\htdocs\public_html\includes\header.php on line 739
[2026-07-06 17:53:52] Undefined variable $g_search_query in C:\xampp\Desktop\mdcnpal\htdocs\public_html\core\app.php(565) : eval()'d code on line 219
[2026-07-06 17:53:52] Undefined variable $department_cond in C:\xampp\Desktop\mdcnpal\htdocs\public_html\core\app.php(565) : eval()'d code on line 219
[2026-07-06 17:53:52] Undefined variable $type_cond in C:\xampp\Desktop\mdcnpal\htdocs\public_html\core\app.php(565) : eval()'d code on line 219
[2026-07-06 17:53:52] Undefined variable $dieses_cond in C:\xampp\Desktop\mdcnpal\htdocs\public_html\core\app.php(565) : eval()'d code on line 219
[2026-07-06 17:53:52] Undefined variable $popular_pack_cond in C:\xampp\Desktop\mdcnpal\htdocs\public_html\core\app.php(565) : eval()'d code on line 219
[2026-07-06 17:53:52] Undefined variable $g_search_query in C:\xampp\Desktop\mdcnpal\htdocs\public_html\core\app.php(565) : eval()'d code on line 219
[2026-07-06 17:53:52] Undefined variable $department_cond in C:\xampp\Desktop\mdcnpal\htdocs\public_html\core\app.php(565) : eval()'d code on line 219
[2026-07-06 17:53:52] Undefined variable $type_cond in C:\xampp\Desktop\mdcnpal\htdocs\public_html\core\app.php(565) : eval()'d code on line 219
[2026-07-06 17:53:52] Undefined variable $dieses_cond in C:\xampp\Desktop\mdcnpal\htdocs\public_html\core\app.php(565) : eval()'d code on line 219
[2026-07-06 17:53:52] Undefined variable $popular_pack_cond in C:\xampp\Desktop\mdcnpal\htdocs\public_html\core\app.php(565) : eval()'d code on line 219
[2026-07-06 17:53:52] Undefined variable $g_search_query in C:\xampp\Desktop\mdcnpal\htdocs\public_html\core\app.php(565) : eval()'d code on line 219
[2026-07-06 17:53:52] Undefined variable $department_cond in C:\xampp\Desktop\mdcnpal\htdocs\public_html\core\app.php(565) : eval()'d code on line 219
[2026-07-06 17:53:52] Undefined variable $type_cond in C:\xampp\Desktop\mdcnpal\htdocs\public_html\core\app.php(565) : eval()'d code on line 219
[2026-07-06 17:53:52] Undefined variable $dieses_cond in C:\xampp\Desktop\mdcnpal\htdocs\public_html\core\app.php(565) : eval()'d code on line 219
[2026-07-06 17:53:52] Undefined variable $popular_pack_cond in C:\xampp\Desktop\mdcnpal\htdocs\public_html\core\app.php(565) : eval()'d code on line 219
[2026-07-06 17:53:52] Undefined variable $g_search_query in C:\xampp\Desktop\mdcnpal\htdocs\public_html\core\app.php(565) : eval()'d code on line 219
[2026-07-06 17:53:52] Undefined variable $department_cond in C:\xampp\Desktop\mdcnpal\htdocs\public_html\core\app.php(565) : eval()'d code on line 219
[2026-07-06 17:53:52] Undefined variable $type_cond in C:\xampp\Desktop\mdcnpal\htdocs\public_html\core\app.php(565) : eval()'d code on line 219
[2026-07-06 17:53:52] Undefined variable $dieses_cond in C:\xampp\Desktop\mdcnpal\htdocs\public_html\core\app.php(565) : eval()'d code on line 219
[2026-07-06 17:53:52] Undefined variable $popular_pack_cond in C:\xampp\Desktop\mdcnpal\htdocs\public_html\core\app.php(565) : eval()'d code on line 219
[2026-07-06 17:53:52] Undefined variable $g_search_query in C:\xampp\Desktop\mdcnpal\htdocs\public_html\core\app.php(565) : eval()'d code on line 219
[2026-07-06 17:53:52] Undefined variable $department_cond in C:\xampp\Desktop\mdcnpal\htdocs\public_html\core\app.php(565) : eval()'d code on line 219
[2026-07-06 17:53:52] Undefined variable $type_cond in C:\xampp\Desktop\mdcnpal\htdocs\public_html\core\app.php(565) : eval()'d code on line 219
[2026-07-06 17:53:52] Undefined variable $dieses_cond in C:\xampp\Desktop\mdcnpal\htdocs\public_html\core\app.php(565) : eval()'d code on line 219
[2026-07-06 17:53:52] Undefined variable $popular_pack_cond in C:\xampp\Desktop\mdcnpal\htdocs\public_html\core\app.php(565) : eval()'d code on line 219
[2026-07-06 17:53:52] Undefined property: app::$rs_customer in C:\xampp\Desktop\mdcnpal\htdocs\public_html\includes\footer.php on line 357
[2026-07-06 17:53:52] Trying to access array offset on value of type null in C:\xampp\Desktop\mdcnpal\htdocs\public_html\includes\footer.php on line 357
[2026-07-06 17:53:52] Undefined property: app::$rs_customer in C:\xampp\Desktop\mdcnpal\htdocs\public_html\includes\footer.php on line 366
[2026-07-06 17:53:52] Trying to access array offset on value of type null in C:\xampp\Desktop\mdcnpal\htdocs\public_html\includes\footer.php on line 366
[2026-07-06 17:53:52] Undefined property: app::$rs_customer in C:\xampp\Desktop\mdcnpal\htdocs\public_html\includes\footer.php on line 372
[2026-07-06 17:53:52] Trying to access array offset on value of type null in C:\xampp\Desktop\mdcnpal\htdocs\public_html\includes\footer.php on line 372
[2026-07-06 17:53:52] Undefined property: app::$rs_customer in C:\xampp\Desktop\mdcnpal\htdocs\public_html\includes\general_data.php on line 88
[2026-07-06 17:53:52] Trying to access array offset on value of type null in C:\xampp\Desktop\mdcnpal\htdocs\public_html\includes\general_data.php on line 88
[2026-07-06 17:53:52] Undefined array key "MDRCCustID" in C:\xampp\Desktop\mdcnpal\htdocs\public_html\includes\general_data.php on line 88
[2026-07-06 17:53:52] Undefined variable $tmpStr in C:\xampp\Desktop\mdcnpal\htdocs\public_html\core\app.php on line 971
[2026-07-06 17:53:57] Creation of dynamic property dbclass::$RECORD_SET is deprecated in C:\xampp\Desktop\mdcnpal\htdocs\public_html\core\dbclass.php on line 69
[2026-07-06 17:53:57] Creation of dynamic property dbclass::$app is deprecated in C:\xampp\Desktop\mdcnpal\htdocs\public_html\core\dbclass.php on line 75
[2026-07-06 17:53:57] Creation of dynamic property model::$foreign_tables is deprecated in C:\xampp\Desktop\mdcnpal\htdocs\public_html\core\model.php on line 43
[2026-07-06 17:53:57] Creation of dynamic property app::$inputfilter is deprecated in C:\xampp\Desktop\mdcnpal\htdocs\public_html\core\app.php on line 123
[2026-07-06 17:53:57] Creation of dynamic property app::$userconfig is deprecated in C:\xampp\Desktop\mdcnpal\htdocs\public_html\core\app.php on line 124
[2026-07-06 17:53:57] Creation of dynamic property app::$global_include is deprecated in C:\xampp\Desktop\mdcnpal\htdocs\public_html\core\app.php on line 125
[2026-07-06 17:53:57] Creation of dynamic property app::$set_cache_time is deprecated in C:\xampp\Desktop\mdcnpal\htdocs\public_html\core\app.php on line 153
[2026-07-06 17:53:57] Undefined array key "cityID" in C:\xampp\Desktop\mdcnpal\htdocs\public_html\scripts\ajax\selectCityUsingGoogleMapApi.php on line 9
[2026-07-06 17:53:57] Undefined variable $RESULT in C:\xampp\Desktop\mdcnpal\htdocs\public_html\scripts\ajax\selectCityUsingGoogleMapApi.php on line 69
[2026-07-06 17:53:57] Undefined variable $URL in C:\xampp\Desktop\mdcnpal\htdocs\public_html\scripts\ajax\selectCityUsingGoogleMapApi.php on line 73
[2026-07-06 17:55:33] Creation of dynamic property dbclass::$RECORD_SET is deprecated in C:\xampp\Desktop\mdcnpal\htdocs\public_html\core\dbclass.php on line 69
[2026-07-06 17:55:33] Creation of dynamic property dbclass::$app is deprecated in C:\xampp\Desktop\mdcnpal\htdocs\public_html\core\dbclass.php on line 75
[2026-07-06 17:55:33] Creation of dynamic property model::$foreign_tables is deprecated in C:\xampp\Desktop\mdcnpal\htdocs\public_html\core\model.php on line 43
[2026-07-06 17:55:33] Creation of dynamic property app::$inputfilter is deprecated in C:\xampp\Desktop\mdcnpal\htdocs\public_html\core\app.php on line 123
[2026-07-06 17:55:33] Creation of dynamic property app::$userconfig is deprecated in C:\xampp\Desktop\mdcnpal\htdocs\public_html\core\app.php on line 124
[2026-07-06 17:55:33] Creation of dynamic property app::$global_include is deprecated in C:\xampp\Desktop\mdcnpal\htdocs\public_html\core\app.php on line 125
[2026-07-06 17:55:33] Creation of dynamic property app::$set_cache_time is deprecated in C:\xampp\Desktop\mdcnpal\htdocs\public_html\core\app.php on line 153
[2026-07-06 17:55:33] Undefined array key "cityID" in C:\xampp\Desktop\mdcnpal\htdocs\public_html\core\global_include.php on line 381
[2026-07-06 17:55:33] Undefined array key "cityID" in C:\xampp\Desktop\mdcnpal\htdocs\public_html\core\global_include.php on line 416
[2026-07-06 17:55:33] Creation of dynamic property app::$meta is deprecated in C:\xampp\Desktop\mdcnpal\htdocs\public_html\core\app.php on line 434
[2026-07-06 17:55:33] Creation of dynamic property app::$rs_gs_city is deprecated in C:\xampp\Desktop\mdcnpal\htdocs\public_html\core\app.php on line 434
[2026-07-06 17:55:33] Undefined array key "cityID" in C:\xampp\Desktop\mdcnpal\htdocs\public_html\core\global_include.php on line 468
[2026-07-06 17:55:33] Creation of dynamic property app::$rs_footer_popular_item is deprecated in C:\xampp\Desktop\mdcnpal\htdocs\public_html\core\app.php on line 434
[2026-07-06 17:55:33] Creation of dynamic property app::$rs_footer_popular_test is deprecated in C:\xampp\Desktop\mdcnpal\htdocs\public_html\core\app.php on line 434
[2026-07-06 17:55:33] Creation of dynamic property app::$rs_testimonial is deprecated in C:\xampp\Desktop\mdcnpal\htdocs\public_html\core\app.php on line 434
[2026-07-06 17:55:33] Creation of dynamic property app::$admin is deprecated in C:\xampp\Desktop\mdcnpal\htdocs\public_html\core\app.php on line 434
[2026-07-06 17:55:33] Undefined array key 0 in C:\xampp\Desktop\mdcnpal\htdocs\public_html\core\global_include.php on line 514
[2026-07-06 17:55:33] Creation of dynamic property app::$popup is deprecated in C:\xampp\Desktop\mdcnpal\htdocs\public_html\core\app.php on line 434
[2026-07-06 17:55:33] Undefined array key "MDRCCustID" in C:\xampp\Desktop\mdcnpal\htdocs\public_html\core\global_include.php on line 515
[2026-07-06 17:55:33] Undefined array key "MDRCToken" in C:\xampp\Desktop\mdcnpal\htdocs\public_html\core\global_include.php on line 515
[2026-07-06 17:55:33] Creation of dynamic property app::$rscategory is deprecated in C:\xampp\Desktop\mdcnpal\htdocs\public_html\core\app.php on line 434
[2026-07-06 17:55:33] Creation of dynamic property app::$rs_pages is deprecated in C:\xampp\Desktop\mdcnpal\htdocs\public_html\core\app.php on line 434
[2026-07-06 17:55:33] Creation of dynamic property app::$gs is deprecated in C:\xampp\Desktop\mdcnpal\htdocs\public_html\core\app.php on line 434
[2026-07-06 17:55:33] Undefined array key "MDRCCustID" in C:\xampp\Desktop\mdcnpal\htdocs\public_html\core\global_include.php on line 596
[2026-07-06 17:55:33] Undefined array key "MDRCCustID" in C:\xampp\Desktop\mdcnpal\htdocs\public_html\core\global_include.php on line 615
[2026-07-06 17:55:33] Undefined variable $getId in C:\xampp\Desktop\mdcnpal\htdocs\public_html\core\global_include.php on line 684
[2026-07-06 17:55:33] Undefined variable $getName in C:\xampp\Desktop\mdcnpal\htdocs\public_html\core\global_include.php on line 685
[2026-07-06 17:55:33] Undefined array key 0 in C:\xampp\Desktop\mdcnpal\htdocs\public_html\core\global_include.php on line 810
[2026-07-06 17:55:33] Creation of dynamic property app::$rs_offer_msg is deprecated in C:\xampp\Desktop\mdcnpal\htdocs\public_html\core\app.php on line 434
[2026-07-06 17:55:33] Creation of dynamic property app::$rs_for_doctors is deprecated in C:\xampp\Desktop\mdcnpal\htdocs\public_html\core\app.php on line 434
[2026-07-06 17:55:33] Creation of dynamic property app::$description is deprecated in C:\xampp\Desktop\mdcnpal\htdocs\public_html\core\app.php on line 434
[2026-07-06 17:55:33] Creation of dynamic property app::$rs_banner is deprecated in C:\xampp\Desktop\mdcnpal\htdocs\public_html\core\app.php on line 434
[2026-07-06 17:55:33] Creation of dynamic property app::$rs_item_diseases is deprecated in C:\xampp\Desktop\mdcnpal\htdocs\public_html\core\app.php on line 434
[2026-07-06 17:55:33] Creation of dynamic property app::$rs_item_home_category is deprecated in C:\xampp\Desktop\mdcnpal\htdocs\public_html\core\app.php on line 434
[2026-07-06 17:55:33] Creation of dynamic property app::$rs_item_banner_category is deprecated in C:\xampp\Desktop\mdcnpal\htdocs\public_html\core\app.php on line 434
[2026-07-06 17:55:33] Creation of dynamic property app::$rs_services is deprecated in C:\xampp\Desktop\mdcnpal\htdocs\public_html\core\app.php on line 434
[2026-07-06 17:55:33] Creation of dynamic property app::$rs_blog is deprecated in C:\xampp\Desktop\mdcnpal\htdocs\public_html\core\app.php on line 434
[2026-07-06 17:55:33] Creation of dynamic property app::$rs_category is deprecated in C:\xampp\Desktop\mdcnpal\htdocs\public_html\core\app.php on line 434
[2026-07-06 17:55:33] Creation of dynamic property app::$rs_faq_data is deprecated in C:\xampp\Desktop\mdcnpal\htdocs\public_html\core\app.php on line 434
[2026-07-06 17:55:33] Creation of dynamic property app::$rs_gallery_data is deprecated in C:\xampp\Desktop\mdcnpal\htdocs\public_html\core\app.php on line 434
[2026-07-06 17:55:33] Undefined array key "tempCityID" in C:\xampp\Desktop\mdcnpal\htdocs\public_html\includes\header.php on line 5
[2026-07-06 17:55:33] Undefined array key "items" in C:\xampp\Desktop\mdcnpal\htdocs\public_html\includes\header.php on line 16
[2026-07-06 17:55:33] Undefined array key "item_category" in C:\xampp\Desktop\mdcnpal\htdocs\public_html\includes\header.php on line 26
[2026-07-06 17:55:33] Undefined array key "item_diseases" in C:\xampp\Desktop\mdcnpal\htdocs\public_html\includes\header.php on line 33
[2026-07-06 17:55:33] Undefined property: app::$rs_cartmini in C:\xampp\Desktop\mdcnpal\htdocs\public_html\includes\header.php on line 131
[2026-07-06 17:55:33] Undefined array key "MDRCCustID" in C:\xampp\Desktop\mdcnpal\htdocs\public_html\includes\header.php on line 134
[2026-07-06 17:55:33] Undefined property: app::$rs_cartmini in C:\xampp\Desktop\mdcnpal\htdocs\public_html\includes\header.php on line 197
[2026-07-06 17:55:33] Undefined array key "MDRCCustID" in C:\xampp\Desktop\mdcnpal\htdocs\public_html\includes\header.php on line 200
[2026-07-06 17:55:33] Undefined property: app::$rs_cartmini in C:\xampp\Desktop\mdcnpal\htdocs\public_html\includes\header.php on line 469
[2026-07-06 17:55:33] Undefined array key "MDRCCustID" in C:\xampp\Desktop\mdcnpal\htdocs\public_html\includes\header.php on line 472
[2026-07-06 17:55:33] Undefined property: app::$rs_cartmini in C:\xampp\Desktop\mdcnpal\htdocs\public_html\includes\header.php on line 525
[2026-07-06 17:55:33] Undefined array key "MDRCCustID" in C:\xampp\Desktop\mdcnpal\htdocs\public_html\includes\header.php on line 528
[2026-07-06 17:55:33] Undefined property: app::$rs_customer in C:\xampp\Desktop\mdcnpal\htdocs\public_html\includes\header.php on line 712
[2026-07-06 17:55:33] Trying to access array offset on value of type null in C:\xampp\Desktop\mdcnpal\htdocs\public_html\includes\header.php on line 712
[2026-07-06 17:55:33] Undefined property: app::$rs_customer in C:\xampp\Desktop\mdcnpal\htdocs\public_html\includes\header.php on line 721
[2026-07-06 17:55:33] Trying to access array offset on value of type null in C:\xampp\Desktop\mdcnpal\htdocs\public_html\includes\header.php on line 721
[2026-07-06 17:55:33] Undefined property: app::$rs_customer in C:\xampp\Desktop\mdcnpal\htdocs\public_html\includes\header.php on line 730
[2026-07-06 17:55:33] Trying to access array offset on value of type null in C:\xampp\Desktop\mdcnpal\htdocs\public_html\includes\header.php on line 730
[2026-07-06 17:55:33] Undefined property: app::$rs_customer in C:\xampp\Desktop\mdcnpal\htdocs\public_html\includes\header.php on line 739
[2026-07-06 17:55:33] Trying to access array offset on value of type null in C:\xampp\Desktop\mdcnpal\htdocs\public_html\includes\header.php on line 739
[2026-07-06 17:55:33] Undefined variable $g_search_query in C:\xampp\Desktop\mdcnpal\htdocs\public_html\core\app.php(565) : eval()'d code on line 219
[2026-07-06 17:55:33] Undefined variable $department_cond in C:\xampp\Desktop\mdcnpal\htdocs\public_html\core\app.php(565) : eval()'d code on line 219
[2026-07-06 17:55:33] Undefined variable $type_cond in C:\xampp\Desktop\mdcnpal\htdocs\public_html\core\app.php(565) : eval()'d code on line 219
[2026-07-06 17:55:33] Undefined variable $dieses_cond in C:\xampp\Desktop\mdcnpal\htdocs\public_html\core\app.php(565) : eval()'d code on line 219
[2026-07-06 17:55:33] Undefined variable $popular_pack_cond in C:\xampp\Desktop\mdcnpal\htdocs\public_html\core\app.php(565) : eval()'d code on line 219
[2026-07-06 17:55:33] Undefined variable $g_search_query in C:\xampp\Desktop\mdcnpal\htdocs\public_html\core\app.php(565) : eval()'d code on line 219
[2026-07-06 17:55:33] Undefined variable $department_cond in C:\xampp\Desktop\mdcnpal\htdocs\public_html\core\app.php(565) : eval()'d code on line 219
[2026-07-06 17:55:33] Undefined variable $type_cond in C:\xampp\Desktop\mdcnpal\htdocs\public_html\core\app.php(565) : eval()'d code on line 219
[2026-07-06 17:55:33] Undefined variable $dieses_cond in C:\xampp\Desktop\mdcnpal\htdocs\public_html\core\app.php(565) : eval()'d code on line 219
[2026-07-06 17:55:33] Undefined variable $popular_pack_cond in C:\xampp\Desktop\mdcnpal\htdocs\public_html\core\app.php(565) : eval()'d code on line 219
[2026-07-06 17:55:33] Undefined variable $g_search_query in C:\xampp\Desktop\mdcnpal\htdocs\public_html\core\app.php(565) : eval()'d code on line 219
[2026-07-06 17:55:33] Undefined variable $department_cond in C:\xampp\Desktop\mdcnpal\htdocs\public_html\core\app.php(565) : eval()'d code on line 219
[2026-07-06 17:55:33] Undefined variable $type_cond in C:\xampp\Desktop\mdcnpal\htdocs\public_html\core\app.php(565) : eval()'d code on line 219
[2026-07-06 17:55:33] Undefined variable $dieses_cond in C:\xampp\Desktop\mdcnpal\htdocs\public_html\core\app.php(565) : eval()'d code on line 219
[2026-07-06 17:55:33] Undefined variable $popular_pack_cond in C:\xampp\Desktop\mdcnpal\htdocs\public_html\core\app.php(565) : eval()'d code on line 219
[2026-07-06 17:55:33] Undefined variable $g_search_query in C:\xampp\Desktop\mdcnpal\htdocs\public_html\core\app.php(565) : eval()'d code on line 219
[2026-07-06 17:55:33] Undefined variable $department_cond in C:\xampp\Desktop\mdcnpal\htdocs\public_html\core\app.php(565) : eval()'d code on line 219
[2026-07-06 17:55:33] Undefined variable $type_cond in C:\xampp\Desktop\mdcnpal\htdocs\public_html\core\app.php(565) : eval()'d code on line 219
[2026-07-06 17:55:33] Undefined variable $dieses_cond in C:\xampp\Desktop\mdcnpal\htdocs\public_html\core\app.php(565) : eval()'d code on line 219
[2026-07-06 17:55:33] Undefined variable $popular_pack_cond in C:\xampp\Desktop\mdcnpal\htdocs\public_html\core\app.php(565) : eval()'d code on line 219
[2026-07-06 17:55:33] Undefined variable $g_search_query in C:\xampp\Desktop\mdcnpal\htdocs\public_html\core\app.php(565) : eval()'d code on line 219
[2026-07-06 17:55:33] Undefined variable $department_cond in C:\xampp\Desktop\mdcnpal\htdocs\public_html\core\app.php(565) : eval()'d code on line 219
[2026-07-06 17:55:33] Undefined variable $type_cond in C:\xampp\Desktop\mdcnpal\htdocs\public_html\core\app.php(565) : eval()'d code on line 219
[2026-07-06 17:55:33] Undefined variable $dieses_cond in C:\xampp\Desktop\mdcnpal\htdocs\public_html\core\app.php(565) : eval()'d code on line 219
[2026-07-06 17:55:33] Undefined variable $popular_pack_cond in C:\xampp\Desktop\mdcnpal\htdocs\public_html\core\app.php(565) : eval()'d code on line 219
[2026-07-06 17:55:33] Undefined property: app::$rs_customer in C:\xampp\Desktop\mdcnpal\htdocs\public_html\includes\footer.php on line 357
[2026-07-06 17:55:33] Trying to access array offset on value of type null in C:\xampp\Desktop\mdcnpal\htdocs\public_html\includes\footer.php on line 357
[2026-07-06 17:55:33] Undefined property: app::$rs_customer in C:\xampp\Desktop\mdcnpal\htdocs\public_html\includes\footer.php on line 366
[2026-07-06 17:55:33] Trying to access array offset on value of type null in C:\xampp\Desktop\mdcnpal\htdocs\public_html\includes\footer.php on line 366
[2026-07-06 17:55:33] Undefined property: app::$rs_customer in C:\xampp\Desktop\mdcnpal\htdocs\public_html\includes\footer.php on line 372
[2026-07-06 17:55:33] Trying to access array offset on value of type null in C:\xampp\Desktop\mdcnpal\htdocs\public_html\includes\footer.php on line 372
[2026-07-06 17:55:33] Undefined property: app::$rs_customer in C:\xampp\Desktop\mdcnpal\htdocs\public_html\includes\general_data.php on line 88
[2026-07-06 17:55:33] Trying to access array offset on value of type null in C:\xampp\Desktop\mdcnpal\htdocs\public_html\includes\general_data.php on line 88
[2026-07-06 17:55:33] Undefined array key "MDRCCustID" in C:\xampp\Desktop\mdcnpal\htdocs\public_html\includes\general_data.php on line 88
[2026-07-06 17:55:33] Undefined variable $tmpStr in C:\xampp\Desktop\mdcnpal\htdocs\public_html\core\app.php on line 971
[2026-07-06 17:56:07] Creation of dynamic property dbclass::$RECORD_SET is deprecated in C:\xampp\Desktop\mdcnpal\htdocs\public_html\core\dbclass.php on line 69
[2026-07-06 17:56:07] Creation of dynamic property dbclass::$app is deprecated in C:\xampp\Desktop\mdcnpal\htdocs\public_html\core\dbclass.php on line 75
[2026-07-06 17:56:07] Creation of dynamic property model::$foreign_tables is deprecated in C:\xampp\Desktop\mdcnpal\htdocs\public_html\core\model.php on line 43
[2026-07-06 17:56:07] Creation of dynamic property app::$inputfilter is deprecated in C:\xampp\Desktop\mdcnpal\htdocs\public_html\core\app.php on line 123
[2026-07-06 17:56:07] Creation of dynamic property app::$userconfig is deprecated in C:\xampp\Desktop\mdcnpal\htdocs\public_html\core\app.php on line 124
[2026-07-06 17:56:07] Creation of dynamic property app::$global_include is deprecated in C:\xampp\Desktop\mdcnpal\htdocs\public_html\core\app.php on line 125
[2026-07-06 17:56:07] Creation of dynamic property app::$set_cache_time is deprecated in C:\xampp\Desktop\mdcnpal\htdocs\public_html\core\app.php on line 153
[2026-07-06 17:56:07] Undefined array key "cityID" in C:\xampp\Desktop\mdcnpal\htdocs\public_html\core\global_include.php on line 381
[2026-07-06 17:56:07] Undefined array key "cityID" in C:\xampp\Desktop\mdcnpal\htdocs\public_html\core\global_include.php on line 416
[2026-07-06 17:56:07] Creation of dynamic property app::$meta is deprecated in C:\xampp\Desktop\mdcnpal\htdocs\public_html\core\app.php on line 434
[2026-07-06 17:56:07] Creation of dynamic property app::$rs_gs_city is deprecated in C:\xampp\Desktop\mdcnpal\htdocs\public_html\core\app.php on line 434
[2026-07-06 17:56:07] Undefined array key "cityID" in C:\xampp\Desktop\mdcnpal\htdocs\public_html\core\global_include.php on line 468
[2026-07-06 17:56:07] Creation of dynamic property app::$rs_footer_popular_item is deprecated in C:\xampp\Desktop\mdcnpal\htdocs\public_html\core\app.php on line 434
[2026-07-06 17:56:07] Creation of dynamic property app::$rs_footer_popular_test is deprecated in C:\xampp\Desktop\mdcnpal\htdocs\public_html\core\app.php on line 434
[2026-07-06 17:56:07] Creation of dynamic property app::$rs_testimonial is deprecated in C:\xampp\Desktop\mdcnpal\htdocs\public_html\core\app.php on line 434
[2026-07-06 17:56:07] Creation of dynamic property app::$admin is deprecated in C:\xampp\Desktop\mdcnpal\htdocs\public_html\core\app.php on line 434
[2026-07-06 17:56:07] Undefined array key 0 in C:\xampp\Desktop\mdcnpal\htdocs\public_html\core\global_include.php on line 514
[2026-07-06 17:56:07] Creation of dynamic property app::$popup is deprecated in C:\xampp\Desktop\mdcnpal\htdocs\public_html\core\app.php on line 434
[2026-07-06 17:56:07] Undefined array key "MDRCCustID" in C:\xampp\Desktop\mdcnpal\htdocs\public_html\core\global_include.php on line 515
[2026-07-06 17:56:07] Undefined array key "MDRCToken" in C:\xampp\Desktop\mdcnpal\htdocs\public_html\core\global_include.php on line 515
[2026-07-06 17:56:07] Creation of dynamic property app::$rscategory is deprecated in C:\xampp\Desktop\mdcnpal\htdocs\public_html\core\app.php on line 434
[2026-07-06 17:56:07] Creation of dynamic property app::$rs_pages is deprecated in C:\xampp\Desktop\mdcnpal\htdocs\public_html\core\app.php on line 434
[2026-07-06 17:56:07] Creation of dynamic property app::$gs is deprecated in C:\xampp\Desktop\mdcnpal\htdocs\public_html\core\app.php on line 434
[2026-07-06 17:56:07] Undefined array key "MDRCCustID" in C:\xampp\Desktop\mdcnpal\htdocs\public_html\core\global_include.php on line 596
[2026-07-06 17:56:07] Undefined array key "MDRCCustID" in C:\xampp\Desktop\mdcnpal\htdocs\public_html\core\global_include.php on line 615
[2026-07-06 17:56:07] Undefined variable $getId in C:\xampp\Desktop\mdcnpal\htdocs\public_html\core\global_include.php on line 684
[2026-07-06 17:56:07] Undefined variable $getName in C:\xampp\Desktop\mdcnpal\htdocs\public_html\core\global_include.php on line 685
[2026-07-06 17:56:07] Undefined array key 0 in C:\xampp\Desktop\mdcnpal\htdocs\public_html\core\global_include.php on line 810
[2026-07-06 17:56:07] Creation of dynamic property app::$rs_offer_msg is deprecated in C:\xampp\Desktop\mdcnpal\htdocs\public_html\core\app.php on line 434
[2026-07-06 17:56:07] Creation of dynamic property app::$rs_for_doctors is deprecated in C:\xampp\Desktop\mdcnpal\htdocs\public_html\core\app.php on line 434
[2026-07-06 17:56:07] Creation of dynamic property app::$description is deprecated in C:\xampp\Desktop\mdcnpal\htdocs\public_html\core\app.php on line 434
[2026-07-06 17:56:07] Creation of dynamic property app::$rs_banner is deprecated in C:\xampp\Desktop\mdcnpal\htdocs\public_html\core\app.php on line 434
[2026-07-06 17:56:07] Creation of dynamic property app::$rs_item_diseases is deprecated in C:\xampp\Desktop\mdcnpal\htdocs\public_html\core\app.php on line 434
[2026-07-06 17:56:08] Creation of dynamic property app::$rs_item_home_category is deprecated in C:\xampp\Desktop\mdcnpal\htdocs\public_html\core\app.php on line 434
[2026-07-06 17:56:08] Creation of dynamic property app::$rs_item_banner_category is deprecated in C:\xampp\Desktop\mdcnpal\htdocs\public_html\core\app.php on line 434
[2026-07-06 17:56:08] Creation of dynamic property app::$rs_services is deprecated in C:\xampp\Desktop\mdcnpal\htdocs\public_html\core\app.php on line 434
[2026-07-06 17:56:08] Creation of dynamic property app::$rs_blog is deprecated in C:\xampp\Desktop\mdcnpal\htdocs\public_html\core\app.php on line 434
[2026-07-06 17:56:08] Creation of dynamic property app::$rs_category is deprecated in C:\xampp\Desktop\mdcnpal\htdocs\public_html\core\app.php on line 434
[2026-07-06 17:56:08] Creation of dynamic property app::$rs_faq_data is deprecated in C:\xampp\Desktop\mdcnpal\htdocs\public_html\core\app.php on line 434
[2026-07-06 17:56:08] Creation of dynamic property app::$rs_gallery_data is deprecated in C:\xampp\Desktop\mdcnpal\htdocs\public_html\core\app.php on line 434
[2026-07-06 17:56:08] Undefined array key "tempCityID" in C:\xampp\Desktop\mdcnpal\htdocs\public_html\includes\header.php on line 5
[2026-07-06 17:56:08] Undefined array key "items" in C:\xampp\Desktop\mdcnpal\htdocs\public_html\includes\header.php on line 16
[2026-07-06 17:56:08] Undefined array key "item_category" in C:\xampp\Desktop\mdcnpal\htdocs\public_html\includes\header.php on line 26
[2026-07-06 17:56:08] Undefined array key "item_diseases" in C:\xampp\Desktop\mdcnpal\htdocs\public_html\includes\header.php on line 33
[2026-07-06 17:56:08] Undefined property: app::$rs_cartmini in C:\xampp\Desktop\mdcnpal\htdocs\public_html\includes\header.php on line 131
[2026-07-06 17:56:08] Undefined array key "MDRCCustID" in C:\xampp\Desktop\mdcnpal\htdocs\public_html\includes\header.php on line 134
[2026-07-06 17:56:08] Undefined property: app::$rs_cartmini in C:\xampp\Desktop\mdcnpal\htdocs\public_html\includes\header.php on line 197
[2026-07-06 17:56:08] Undefined array key "MDRCCustID" in C:\xampp\Desktop\mdcnpal\htdocs\public_html\includes\header.php on line 200
[2026-07-06 17:56:08] Undefined property: app::$rs_cartmini in C:\xampp\Desktop\mdcnpal\htdocs\public_html\includes\header.php on line 469
[2026-07-06 17:56:08] Undefined array key "MDRCCustID" in C:\xampp\Desktop\mdcnpal\htdocs\public_html\includes\header.php on line 472
[2026-07-06 17:56:08] Undefined property: app::$rs_cartmini in C:\xampp\Desktop\mdcnpal\htdocs\public_html\includes\header.php on line 525
[2026-07-06 17:56:08] Undefined array key "MDRCCustID" in C:\xampp\Desktop\mdcnpal\htdocs\public_html\includes\header.php on line 528
[2026-07-06 17:56:08] Undefined property: app::$rs_customer in C:\xampp\Desktop\mdcnpal\htdocs\public_html\includes\header.php on line 712
[2026-07-06 17:56:08] Trying to access array offset on value of type null in C:\xampp\Desktop\mdcnpal\htdocs\public_html\includes\header.php on line 712
[2026-07-06 17:56:08] Undefined property: app::$rs_customer in C:\xampp\Desktop\mdcnpal\htdocs\public_html\includes\header.php on line 721
[2026-07-06 17:56:08] Trying to access array offset on value of type null in C:\xampp\Desktop\mdcnpal\htdocs\public_html\includes\header.php on line 721
[2026-07-06 17:56:08] Undefined property: app::$rs_customer in C:\xampp\Desktop\mdcnpal\htdocs\public_html\includes\header.php on line 730
[2026-07-06 17:56:08] Trying to access array offset on value of type null in C:\xampp\Desktop\mdcnpal\htdocs\public_html\includes\header.php on line 730
[2026-07-06 17:56:08] Undefined property: app::$rs_customer in C:\xampp\Desktop\mdcnpal\htdocs\public_html\includes\header.php on line 739
[2026-07-06 17:56:08] Trying to access array offset on value of type null in C:\xampp\Desktop\mdcnpal\htdocs\public_html\includes\header.php on line 739
[2026-07-06 17:56:08] Undefined variable $g_search_query in C:\xampp\Desktop\mdcnpal\htdocs\public_html\core\app.php(565) : eval()'d code on line 219
[2026-07-06 17:56:08] Undefined variable $department_cond in C:\xampp\Desktop\mdcnpal\htdocs\public_html\core\app.php(565) : eval()'d code on line 219
[2026-07-06 17:56:08] Undefined variable $type_cond in C:\xampp\Desktop\mdcnpal\htdocs\public_html\core\app.php(565) : eval()'d code on line 219
[2026-07-06 17:56:08] Undefined variable $dieses_cond in C:\xampp\Desktop\mdcnpal\htdocs\public_html\core\app.php(565) : eval()'d code on line 219
[2026-07-06 17:56:08] Undefined variable $popular_pack_cond in C:\xampp\Desktop\mdcnpal\htdocs\public_html\core\app.php(565) : eval()'d code on line 219
[2026-07-06 17:56:08] Undefined variable $g_search_query in C:\xampp\Desktop\mdcnpal\htdocs\public_html\core\app.php(565) : eval()'d code on line 219
[2026-07-06 17:56:08] Undefined variable $department_cond in C:\xampp\Desktop\mdcnpal\htdocs\public_html\core\app.php(565) : eval()'d code on line 219
[2026-07-06 17:56:08] Undefined variable $type_cond in C:\xampp\Desktop\mdcnpal\htdocs\public_html\core\app.php(565) : eval()'d code on line 219
[2026-07-06 17:56:08] Undefined variable $dieses_cond in C:\xampp\Desktop\mdcnpal\htdocs\public_html\core\app.php(565) : eval()'d code on line 219
[2026-07-06 17:56:08] Undefined variable $popular_pack_cond in C:\xampp\Desktop\mdcnpal\htdocs\public_html\core\app.php(565) : eval()'d code on line 219
[2026-07-06 17:56:08] Undefined variable $g_search_query in C:\xampp\Desktop\mdcnpal\htdocs\public_html\core\app.php(565) : eval()'d code on line 219
[2026-07-06 17:56:08] Undefined variable $department_cond in C:\xampp\Desktop\mdcnpal\htdocs\public_html\core\app.php(565) : eval()'d code on line 219
[2026-07-06 17:56:08] Undefined variable $type_cond in C:\xampp\Desktop\mdcnpal\htdocs\public_html\core\app.php(565) : eval()'d code on line 219
[2026-07-06 17:56:08] Undefined variable $dieses_cond in C:\xampp\Desktop\mdcnpal\htdocs\public_html\core\app.php(565) : eval()'d code on line 219
[2026-07-06 17:56:08] Undefined variable $popular_pack_cond in C:\xampp\Desktop\mdcnpal\htdocs\public_html\core\app.php(565) : eval()'d code on line 219
[2026-07-06 17:56:08] Undefined variable $g_search_query in C:\xampp\Desktop\mdcnpal\htdocs\public_html\core\app.php(565) : eval()'d code on line 219
[2026-07-06 17:56:08] Undefined variable $department_cond in C:\xampp\Desktop\mdcnpal\htdocs\public_html\core\app.php(565) : eval()'d code on line 219
[2026-07-06 17:56:08] Undefined variable $type_cond in C:\xampp\Desktop\mdcnpal\htdocs\public_html\core\app.php(565) : eval()'d code on line 219
[2026-07-06 17:56:08] Undefined variable $dieses_cond in C:\xampp\Desktop\mdcnpal\htdocs\public_html\core\app.php(565) : eval()'d code on line 219
[2026-07-06 17:56:08] Undefined variable $popular_pack_cond in C:\xampp\Desktop\mdcnpal\htdocs\public_html\core\app.php(565) : eval()'d code on line 219
[2026-07-06 17:56:08] Undefined variable $g_search_query in C:\xampp\Desktop\mdcnpal\htdocs\public_html\core\app.php(565) : eval()'d code on line 219
[2026-07-06 17:56:08] Undefined variable $department_cond in C:\xampp\Desktop\mdcnpal\htdocs\public_html\core\app.php(565) : eval()'d code on line 219
[2026-07-06 17:56:08] Undefined variable $type_cond in C:\xampp\Desktop\mdcnpal\htdocs\public_html\core\app.php(565) : eval()'d code on line 219
[2026-07-06 17:56:08] Undefined variable $dieses_cond in C:\xampp\Desktop\mdcnpal\htdocs\public_html\core\app.php(565) : eval()'d code on line 219
[2026-07-06 17:56:08] Undefined variable $popular_pack_cond in C:\xampp\Desktop\mdcnpal\htdocs\public_html\core\app.php(565) : eval()'d code on line 219
[2026-07-06 17:56:08] Undefined property: app::$rs_customer in C:\xampp\Desktop\mdcnpal\htdocs\public_html\includes\footer.php on line 357
[2026-07-06 17:56:08] Trying to access array offset on value of type null in C:\xampp\Desktop\mdcnpal\htdocs\public_html\includes\footer.php on line 357
[2026-07-06 17:56:08] Undefined property: app::$rs_customer in C:\xampp\Desktop\mdcnpal\htdocs\public_html\includes\footer.php on line 366
[2026-07-06 17:56:08] Trying to access array offset on value of type null in C:\xampp\Desktop\mdcnpal\htdocs\public_html\includes\footer.php on line 366
[2026-07-06 17:56:08] Undefined property: app::$rs_customer in C:\xampp\Desktop\mdcnpal\htdocs\public_html\includes\footer.php on line 372
[2026-07-06 17:56:08] Trying to access array offset on value of type null in C:\xampp\Desktop\mdcnpal\htdocs\public_html\includes\footer.php on line 372
[2026-07-06 17:56:08] Undefined property: app::$rs_customer in C:\xampp\Desktop\mdcnpal\htdocs\public_html\includes\general_data.php on line 88
[2026-07-06 17:56:08] Trying to access array offset on value of type null in C:\xampp\Desktop\mdcnpal\htdocs\public_html\includes\general_data.php on line 88
[2026-07-06 17:56:08] Undefined array key "MDRCCustID" in C:\xampp\Desktop\mdcnpal\htdocs\public_html\includes\general_data.php on line 88
[2026-07-06 17:56:08] Undefined variable $tmpStr in C:\xampp\Desktop\mdcnpal\htdocs\public_html\core\app.php on line 971
[2026-07-06 17:56:46] Creation of dynamic property dbclass::$RECORD_SET is deprecated in C:\xampp\Desktop\mdcnpal\htdocs\public_html\core\dbclass.php on line 69
[2026-07-06 17:56:46] Creation of dynamic property dbclass::$app is deprecated in C:\xampp\Desktop\mdcnpal\htdocs\public_html\core\dbclass.php on line 75
[2026-07-06 17:56:46] Creation of dynamic property model::$foreign_tables is deprecated in C:\xampp\Desktop\mdcnpal\htdocs\public_html\core\model.php on line 43
[2026-07-06 17:56:46] Creation of dynamic property app::$inputfilter is deprecated in C:\xampp\Desktop\mdcnpal\htdocs\public_html\core\app.php on line 123
[2026-07-06 17:56:46] Creation of dynamic property app::$userconfig is deprecated in C:\xampp\Desktop\mdcnpal\htdocs\public_html\core\app.php on line 124
[2026-07-06 17:56:46] Creation of dynamic property app::$global_include is deprecated in C:\xampp\Desktop\mdcnpal\htdocs\public_html\core\app.php on line 125
[2026-07-06 17:56:46] Creation of dynamic property app::$set_cache_time is deprecated in C:\xampp\Desktop\mdcnpal\htdocs\public_html\core\app.php on line 153
[2026-07-06 17:56:46] Undefined array key "cityID" in C:\xampp\Desktop\mdcnpal\htdocs\public_html\core\global_include.php on line 381
[2026-07-06 17:56:46] Undefined array key "cityID" in C:\xampp\Desktop\mdcnpal\htdocs\public_html\core\global_include.php on line 416
[2026-07-06 17:56:46] Creation of dynamic property app::$meta is deprecated in C:\xampp\Desktop\mdcnpal\htdocs\public_html\core\app.php on line 434
[2026-07-06 17:56:46] Creation of dynamic property app::$rs_gs_city is deprecated in C:\xampp\Desktop\mdcnpal\htdocs\public_html\core\app.php on line 434
[2026-07-06 17:56:46] Undefined array key "cityID" in C:\xampp\Desktop\mdcnpal\htdocs\public_html\core\global_include.php on line 468
[2026-07-06 17:56:46] Creation of dynamic property app::$rs_footer_popular_item is deprecated in C:\xampp\Desktop\mdcnpal\htdocs\public_html\core\app.php on line 434
[2026-07-06 17:56:46] Creation of dynamic property app::$rs_footer_popular_test is deprecated in C:\xampp\Desktop\mdcnpal\htdocs\public_html\core\app.php on line 434
[2026-07-06 17:56:46] Creation of dynamic property app::$rs_testimonial is deprecated in C:\xampp\Desktop\mdcnpal\htdocs\public_html\core\app.php on line 434
[2026-07-06 17:56:46] Creation of dynamic property app::$admin is deprecated in C:\xampp\Desktop\mdcnpal\htdocs\public_html\core\app.php on line 434
[2026-07-06 17:56:46] Undefined array key 0 in C:\xampp\Desktop\mdcnpal\htdocs\public_html\core\global_include.php on line 514
[2026-07-06 17:56:46] Creation of dynamic property app::$popup is deprecated in C:\xampp\Desktop\mdcnpal\htdocs\public_html\core\app.php on line 434
[2026-07-06 17:56:46] Undefined array key "MDRCCustID" in C:\xampp\Desktop\mdcnpal\htdocs\public_html\core\global_include.php on line 515
[2026-07-06 17:56:46] Undefined array key "MDRCToken" in C:\xampp\Desktop\mdcnpal\htdocs\public_html\core\global_include.php on line 515
[2026-07-06 17:56:46] Creation of dynamic property app::$rscategory is deprecated in C:\xampp\Desktop\mdcnpal\htdocs\public_html\core\app.php on line 434
[2026-07-06 17:56:46] Creation of dynamic property app::$rs_pages is deprecated in C:\xampp\Desktop\mdcnpal\htdocs\public_html\core\app.php on line 434
[2026-07-06 17:56:46] Creation of dynamic property app::$gs is deprecated in C:\xampp\Desktop\mdcnpal\htdocs\public_html\core\app.php on line 434
[2026-07-06 17:56:46] Undefined array key "MDRCCustID" in C:\xampp\Desktop\mdcnpal\htdocs\public_html\core\global_include.php on line 596
[2026-07-06 17:56:46] Undefined array key "MDRCCustID" in C:\xampp\Desktop\mdcnpal\htdocs\public_html\core\global_include.php on line 615
[2026-07-06 17:56:46] Undefined variable $getId in C:\xampp\Desktop\mdcnpal\htdocs\public_html\core\global_include.php on line 684
[2026-07-06 17:56:46] Undefined variable $getName in C:\xampp\Desktop\mdcnpal\htdocs\public_html\core\global_include.php on line 685
[2026-07-06 17:56:46] Undefined array key 0 in C:\xampp\Desktop\mdcnpal\htdocs\public_html\core\global_include.php on line 810
[2026-07-06 17:56:46] Creation of dynamic property app::$rs_offer_msg is deprecated in C:\xampp\Desktop\mdcnpal\htdocs\public_html\core\app.php on line 434
[2026-07-06 17:56:46] Creation of dynamic property app::$rs_for_doctors is deprecated in C:\xampp\Desktop\mdcnpal\htdocs\public_html\core\app.php on line 434
[2026-07-06 17:56:46] Creation of dynamic property app::$description is deprecated in C:\xampp\Desktop\mdcnpal\htdocs\public_html\core\app.php on line 434
[2026-07-06 17:56:46] Creation of dynamic property app::$rs_banner is deprecated in C:\xampp\Desktop\mdcnpal\htdocs\public_html\core\app.php on line 434
[2026-07-06 17:56:46] Creation of dynamic property app::$rs_item_diseases is deprecated in C:\xampp\Desktop\mdcnpal\htdocs\public_html\core\app.php on line 434
[2026-07-06 17:56:46] Creation of dynamic property app::$rs_item_home_category is deprecated in C:\xampp\Desktop\mdcnpal\htdocs\public_html\core\app.php on line 434
[2026-07-06 17:56:46] Creation of dynamic property app::$rs_item_banner_category is deprecated in C:\xampp\Desktop\mdcnpal\htdocs\public_html\core\app.php on line 434
[2026-07-06 17:56:47] Creation of dynamic property app::$rs_services is deprecated in C:\xampp\Desktop\mdcnpal\htdocs\public_html\core\app.php on line 434
[2026-07-06 17:56:47] Creation of dynamic property app::$rs_blog is deprecated in C:\xampp\Desktop\mdcnpal\htdocs\public_html\core\app.php on line 434
[2026-07-06 17:56:47] Creation of dynamic property app::$rs_category is deprecated in C:\xampp\Desktop\mdcnpal\htdocs\public_html\core\app.php on line 434
[2026-07-06 17:56:47] Creation of dynamic property app::$rs_faq_data is deprecated in C:\xampp\Desktop\mdcnpal\htdocs\public_html\core\app.php on line 434
[2026-07-06 17:56:47] Creation of dynamic property app::$rs_gallery_data is deprecated in C:\xampp\Desktop\mdcnpal\htdocs\public_html\core\app.php on line 434
[2026-07-06 17:56:47] Undefined array key "tempCityID" in C:\xampp\Desktop\mdcnpal\htdocs\public_html\includes\header.php on line 5
[2026-07-06 17:56:47] Undefined array key "items" in C:\xampp\Desktop\mdcnpal\htdocs\public_html\includes\header.php on line 16
[2026-07-06 17:56:47] Undefined array key "item_category" in C:\xampp\Desktop\mdcnpal\htdocs\public_html\includes\header.php on line 26
[2026-07-06 17:56:47] Undefined array key "item_diseases" in C:\xampp\Desktop\mdcnpal\htdocs\public_html\includes\header.php on line 33
[2026-07-06 17:56:47] Undefined property: app::$rs_cartmini in C:\xampp\Desktop\mdcnpal\htdocs\public_html\includes\header.php on line 131
[2026-07-06 17:56:47] Undefined array key "MDRCCustID" in C:\xampp\Desktop\mdcnpal\htdocs\public_html\includes\header.php on line 134
[2026-07-06 17:56:47] Undefined property: app::$rs_cartmini in C:\xampp\Desktop\mdcnpal\htdocs\public_html\includes\header.php on line 197
[2026-07-06 17:56:47] Undefined array key "MDRCCustID" in C:\xampp\Desktop\mdcnpal\htdocs\public_html\includes\header.php on line 200
[2026-07-06 17:56:47] Undefined property: app::$rs_cartmini in C:\xampp\Desktop\mdcnpal\htdocs\public_html\includes\header.php on line 469
[2026-07-06 17:56:47] Undefined array key "MDRCCustID" in C:\xampp\Desktop\mdcnpal\htdocs\public_html\includes\header.php on line 472
[2026-07-06 17:56:47] Undefined property: app::$rs_cartmini in C:\xampp\Desktop\mdcnpal\htdocs\public_html\includes\header.php on line 525
[2026-07-06 17:56:47] Undefined array key "MDRCCustID" in C:\xampp\Desktop\mdcnpal\htdocs\public_html\includes\header.php on line 528
[2026-07-06 17:56:47] Undefined property: app::$rs_customer in C:\xampp\Desktop\mdcnpal\htdocs\public_html\includes\header.php on line 712
[2026-07-06 17:56:47] Trying to access array offset on value of type null in C:\xampp\Desktop\mdcnpal\htdocs\public_html\includes\header.php on line 712
[2026-07-06 17:56:47] Undefined property: app::$rs_customer in C:\xampp\Desktop\mdcnpal\htdocs\public_html\includes\header.php on line 721
[2026-07-06 17:56:47] Trying to access array offset on value of type null in C:\xampp\Desktop\mdcnpal\htdocs\public_html\includes\header.php on line 721
[2026-07-06 17:56:47] Undefined property: app::$rs_customer in C:\xampp\Desktop\mdcnpal\htdocs\public_html\includes\header.php on line 730
[2026-07-06 17:56:47] Trying to access array offset on value of type null in C:\xampp\Desktop\mdcnpal\htdocs\public_html\includes\header.php on line 730
[2026-07-06 17:56:47] Undefined property: app::$rs_customer in C:\xampp\Desktop\mdcnpal\htdocs\public_html\includes\header.php on line 739
[2026-07-06 17:56:47] Trying to access array offset on value of type null in C:\xampp\Desktop\mdcnpal\htdocs\public_html\includes\header.php on line 739
[2026-07-06 17:56:47] Undefined variable $g_search_query in C:\xampp\Desktop\mdcnpal\htdocs\public_html\core\app.php(565) : eval()'d code on line 219
[2026-07-06 17:56:47] Undefined variable $department_cond in C:\xampp\Desktop\mdcnpal\htdocs\public_html\core\app.php(565) : eval()'d code on line 219
[2026-07-06 17:56:47] Undefined variable $type_cond in C:\xampp\Desktop\mdcnpal\htdocs\public_html\core\app.php(565) : eval()'d code on line 219
[2026-07-06 17:56:47] Undefined variable $dieses_cond in C:\xampp\Desktop\mdcnpal\htdocs\public_html\core\app.php(565) : eval()'d code on line 219
[2026-07-06 17:56:47] Undefined variable $popular_pack_cond in C:\xampp\Desktop\mdcnpal\htdocs\public_html\core\app.php(565) : eval()'d code on line 219
[2026-07-06 17:56:47] Undefined variable $g_search_query in C:\xampp\Desktop\mdcnpal\htdocs\public_html\core\app.php(565) : eval()'d code on line 219
[2026-07-06 17:56:47] Undefined variable $department_cond in C:\xampp\Desktop\mdcnpal\htdocs\public_html\core\app.php(565) : eval()'d code on line 219
[2026-07-06 17:56:47] Undefined variable $type_cond in C:\xampp\Desktop\mdcnpal\htdocs\public_html\core\app.php(565) : eval()'d code on line 219
[2026-07-06 17:56:47] Undefined variable $dieses_cond in C:\xampp\Desktop\mdcnpal\htdocs\public_html\core\app.php(565) : eval()'d code on line 219
[2026-07-06 17:56:47] Undefined variable $popular_pack_cond in C:\xampp\Desktop\mdcnpal\htdocs\public_html\core\app.php(565) : eval()'d code on line 219
[2026-07-06 17:56:47] Undefined variable $g_search_query in C:\xampp\Desktop\mdcnpal\htdocs\public_html\core\app.php(565) : eval()'d code on line 219
[2026-07-06 17:56:47] Undefined variable $department_cond in C:\xampp\Desktop\mdcnpal\htdocs\public_html\core\app.php(565) : eval()'d code on line 219
[2026-07-06 17:56:47] Undefined variable $type_cond in C:\xampp\Desktop\mdcnpal\htdocs\public_html\core\app.php(565) : eval()'d code on line 219
[2026-07-06 17:56:47] Undefined variable $dieses_cond in C:\xampp\Desktop\mdcnpal\htdocs\public_html\core\app.php(565) : eval()'d code on line 219
[2026-07-06 17:56:47] Undefined variable $popular_pack_cond in C:\xampp\Desktop\mdcnpal\htdocs\public_html\core\app.php(565) : eval()'d code on line 219
[2026-07-06 17:56:47] Undefined variable $g_search_query in C:\xampp\Desktop\mdcnpal\htdocs\public_html\core\app.php(565) : eval()'d code on line 219
[2026-07-06 17:56:47] Undefined variable $department_cond in C:\xampp\Desktop\mdcnpal\htdocs\public_html\core\app.php(565) : eval()'d code on line 219
[2026-07-06 17:56:47] Undefined variable $type_cond in C:\xampp\Desktop\mdcnpal\htdocs\public_html\core\app.php(565) : eval()'d code on line 219
[2026-07-06 17:56:47] Undefined variable $dieses_cond in C:\xampp\Desktop\mdcnpal\htdocs\public_html\core\app.php(565) : eval()'d code on line 219
[2026-07-06 17:56:47] Undefined variable $popular_pack_cond in C:\xampp\Desktop\mdcnpal\htdocs\public_html\core\app.php(565) : eval()'d code on line 219
[2026-07-06 17:56:47] Undefined variable $g_search_query in C:\xampp\Desktop\mdcnpal\htdocs\public_html\core\app.php(565) : eval()'d code on line 219
[2026-07-06 17:56:47] Undefined variable $department_cond in C:\xampp\Desktop\mdcnpal\htdocs\public_html\core\app.php(565) : eval()'d code on line 219
[2026-07-06 17:56:47] Undefined variable $type_cond in C:\xampp\Desktop\mdcnpal\htdocs\public_html\core\app.php(565) : eval()'d code on line 219
[2026-07-06 17:56:47] Undefined variable $dieses_cond in C:\xampp\Desktop\mdcnpal\htdocs\public_html\core\app.php(565) : eval()'d code on line 219
[2026-07-06 17:56:47] Undefined variable $popular_pack_cond in C:\xampp\Desktop\mdcnpal\htdocs\public_html\core\app.php(565) : eval()'d code on line 219
[2026-07-06 17:56:47] Undefined property: app::$rs_customer in C:\xampp\Desktop\mdcnpal\htdocs\public_html\includes\footer.php on line 357
[2026-07-06 17:56:47] Trying to access array offset on value of type null in C:\xampp\Desktop\mdcnpal\htdocs\public_html\includes\footer.php on line 357
[2026-07-06 17:56:47] Undefined property: app::$rs_customer in C:\xampp\Desktop\mdcnpal\htdocs\public_html\includes\footer.php on line 366
[2026-07-06 17:56:47] Trying to access array offset on value of type null in C:\xampp\Desktop\mdcnpal\htdocs\public_html\includes\footer.php on line 366
[2026-07-06 17:56:47] Undefined property: app::$rs_customer in C:\xampp\Desktop\mdcnpal\htdocs\public_html\includes\footer.php on line 372
[2026-07-06 17:56:47] Trying to access array offset on value of type null in C:\xampp\Desktop\mdcnpal\htdocs\public_html\includes\footer.php on line 372
[2026-07-06 17:56:47] Undefined property: app::$rs_customer in C:\xampp\Desktop\mdcnpal\htdocs\public_html\includes\general_data.php on line 88
[2026-07-06 17:56:47] Trying to access array offset on value of type null in C:\xampp\Desktop\mdcnpal\htdocs\public_html\includes\general_data.php on line 88
[2026-07-06 17:56:47] Undefined array key "MDRCCustID" in C:\xampp\Desktop\mdcnpal\htdocs\public_html\includes\general_data.php on line 88
[2026-07-06 17:56:47] Undefined variable $tmpStr in C:\xampp\Desktop\mdcnpal\htdocs\public_html\core\app.php on line 971
[2026-07-06 17:56:53] Creation of dynamic property dbclass::$RECORD_SET is deprecated in C:\xampp\Desktop\mdcnpal\htdocs\public_html\core\dbclass.php on line 69
[2026-07-06 17:56:53] Creation of dynamic property dbclass::$app is deprecated in C:\xampp\Desktop\mdcnpal\htdocs\public_html\core\dbclass.php on line 75
[2026-07-06 17:56:53] Creation of dynamic property model::$foreign_tables is deprecated in C:\xampp\Desktop\mdcnpal\htdocs\public_html\core\model.php on line 43
[2026-07-06 17:56:53] Creation of dynamic property app::$inputfilter is deprecated in C:\xampp\Desktop\mdcnpal\htdocs\public_html\core\app.php on line 123
[2026-07-06 17:56:53] Creation of dynamic property app::$userconfig is deprecated in C:\xampp\Desktop\mdcnpal\htdocs\public_html\core\app.php on line 124
[2026-07-06 17:56:53] Creation of dynamic property app::$global_include is deprecated in C:\xampp\Desktop\mdcnpal\htdocs\public_html\core\app.php on line 125
[2026-07-06 17:56:53] Creation of dynamic property app::$set_cache_time is deprecated in C:\xampp\Desktop\mdcnpal\htdocs\public_html\core\app.php on line 153
[2026-07-06 17:56:53] Undefined array key "cityID" in C:\xampp\Desktop\mdcnpal\htdocs\public_html\core\global_include.php on line 381
[2026-07-06 17:56:53] Undefined array key "cityID" in C:\xampp\Desktop\mdcnpal\htdocs\public_html\core\global_include.php on line 416
[2026-07-06 17:56:53] Creation of dynamic property app::$meta is deprecated in C:\xampp\Desktop\mdcnpal\htdocs\public_html\core\app.php on line 434
[2026-07-06 17:56:53] Creation of dynamic property app::$rs_gs_city is deprecated in C:\xampp\Desktop\mdcnpal\htdocs\public_html\core\app.php on line 434
[2026-07-06 17:56:53] Undefined array key "cityID" in C:\xampp\Desktop\mdcnpal\htdocs\public_html\core\global_include.php on line 468
[2026-07-06 17:56:53] Creation of dynamic property app::$rs_footer_popular_item is deprecated in C:\xampp\Desktop\mdcnpal\htdocs\public_html\core\app.php on line 434
[2026-07-06 17:56:53] Creation of dynamic property app::$rs_footer_popular_test is deprecated in C:\xampp\Desktop\mdcnpal\htdocs\public_html\core\app.php on line 434
[2026-07-06 17:56:53] Creation of dynamic property app::$rs_testimonial is deprecated in C:\xampp\Desktop\mdcnpal\htdocs\public_html\core\app.php on line 434
[2026-07-06 17:56:53] Creation of dynamic property app::$admin is deprecated in C:\xampp\Desktop\mdcnpal\htdocs\public_html\core\app.php on line 434
[2026-07-06 17:56:53] Undefined array key 0 in C:\xampp\Desktop\mdcnpal\htdocs\public_html\core\global_include.php on line 514
[2026-07-06 17:56:53] Creation of dynamic property app::$popup is deprecated in C:\xampp\Desktop\mdcnpal\htdocs\public_html\core\app.php on line 434
[2026-07-06 17:56:53] Undefined array key "MDRCCustID" in C:\xampp\Desktop\mdcnpal\htdocs\public_html\core\global_include.php on line 515
[2026-07-06 17:56:53] Undefined array key "MDRCToken" in C:\xampp\Desktop\mdcnpal\htdocs\public_html\core\global_include.php on line 515
[2026-07-06 17:56:53] Creation of dynamic property app::$rscategory is deprecated in C:\xampp\Desktop\mdcnpal\htdocs\public_html\core\app.php on line 434
[2026-07-06 17:56:53] Creation of dynamic property app::$rs_pages is deprecated in C:\xampp\Desktop\mdcnpal\htdocs\public_html\core\app.php on line 434
[2026-07-06 17:56:53] Creation of dynamic property app::$gs is deprecated in C:\xampp\Desktop\mdcnpal\htdocs\public_html\core\app.php on line 434
[2026-07-06 17:56:53] Undefined array key "MDRCCustID" in C:\xampp\Desktop\mdcnpal\htdocs\public_html\core\global_include.php on line 596
[2026-07-06 17:56:53] Undefined array key "MDRCCustID" in C:\xampp\Desktop\mdcnpal\htdocs\public_html\core\global_include.php on line 615
[2026-07-06 17:56:53] Undefined variable $getId in C:\xampp\Desktop\mdcnpal\htdocs\public_html\core\global_include.php on line 684
[2026-07-06 17:56:53] Undefined variable $getName in C:\xampp\Desktop\mdcnpal\htdocs\public_html\core\global_include.php on line 685
[2026-07-06 17:56:53] Undefined array key 0 in C:\xampp\Desktop\mdcnpal\htdocs\public_html\core\global_include.php on line 810
[2026-07-06 17:56:53] Creation of dynamic property app::$rs_offer_msg is deprecated in C:\xampp\Desktop\mdcnpal\htdocs\public_html\core\app.php on line 434
[2026-07-06 17:56:53] Creation of dynamic property app::$rs_for_doctors is deprecated in C:\xampp\Desktop\mdcnpal\htdocs\public_html\core\app.php on line 434
[2026-07-06 17:56:53] Creation of dynamic property app::$description is deprecated in C:\xampp\Desktop\mdcnpal\htdocs\public_html\core\app.php on line 434
[2026-07-06 17:56:53] Creation of dynamic property app::$rs_banner is deprecated in C:\xampp\Desktop\mdcnpal\htdocs\public_html\core\app.php on line 434
[2026-07-06 17:56:53] Creation of dynamic property app::$rs_item_diseases is deprecated in C:\xampp\Desktop\mdcnpal\htdocs\public_html\core\app.php on line 434
[2026-07-06 17:56:53] Creation of dynamic property app::$rs_item_home_category is deprecated in C:\xampp\Desktop\mdcnpal\htdocs\public_html\core\app.php on line 434
[2026-07-06 17:56:53] Creation of dynamic property app::$rs_item_banner_category is deprecated in C:\xampp\Desktop\mdcnpal\htdocs\public_html\core\app.php on line 434
[2026-07-06 17:56:53] Creation of dynamic property app::$rs_services is deprecated in C:\xampp\Desktop\mdcnpal\htdocs\public_html\core\app.php on line 434
[2026-07-06 17:56:53] Creation of dynamic property app::$rs_blog is deprecated in C:\xampp\Desktop\mdcnpal\htdocs\public_html\core\app.php on line 434
[2026-07-06 17:56:53] Creation of dynamic property app::$rs_category is deprecated in C:\xampp\Desktop\mdcnpal\htdocs\public_html\core\app.php on line 434
[2026-07-06 17:56:53] Creation of dynamic property app::$rs_faq_data is deprecated in C:\xampp\Desktop\mdcnpal\htdocs\public_html\core\app.php on line 434
[2026-07-06 17:56:54] Creation of dynamic property app::$rs_gallery_data is deprecated in C:\xampp\Desktop\mdcnpal\htdocs\public_html\core\app.php on line 434
[2026-07-06 17:56:54] Undefined array key "tempCityID" in C:\xampp\Desktop\mdcnpal\htdocs\public_html\includes\header.php on line 5
[2026-07-06 17:56:54] Undefined array key "items" in C:\xampp\Desktop\mdcnpal\htdocs\public_html\includes\header.php on line 16
[2026-07-06 17:56:54] Undefined array key "item_category" in C:\xampp\Desktop\mdcnpal\htdocs\public_html\includes\header.php on line 26
[2026-07-06 17:56:54] Undefined array key "item_diseases" in C:\xampp\Desktop\mdcnpal\htdocs\public_html\includes\header.php on line 33
[2026-07-06 17:56:54] Undefined property: app::$rs_cartmini in C:\xampp\Desktop\mdcnpal\htdocs\public_html\includes\header.php on line 131
[2026-07-06 17:56:54] Undefined array key "MDRCCustID" in C:\xampp\Desktop\mdcnpal\htdocs\public_html\includes\header.php on line 134
[2026-07-06 17:56:54] Undefined property: app::$rs_cartmini in C:\xampp\Desktop\mdcnpal\htdocs\public_html\includes\header.php on line 197
[2026-07-06 17:56:54] Undefined array key "MDRCCustID" in C:\xampp\Desktop\mdcnpal\htdocs\public_html\includes\header.php on line 200
[2026-07-06 17:56:54] Undefined property: app::$rs_cartmini in C:\xampp\Desktop\mdcnpal\htdocs\public_html\includes\header.php on line 469
[2026-07-06 17:56:54] Undefined array key "MDRCCustID" in C:\xampp\Desktop\mdcnpal\htdocs\public_html\includes\header.php on line 472
[2026-07-06 17:56:54] Undefined property: app::$rs_cartmini in C:\xampp\Desktop\mdcnpal\htdocs\public_html\includes\header.php on line 525
[2026-07-06 17:56:54] Undefined array key "MDRCCustID" in C:\xampp\Desktop\mdcnpal\htdocs\public_html\includes\header.php on line 528
[2026-07-06 17:56:54] Undefined property: app::$rs_customer in C:\xampp\Desktop\mdcnpal\htdocs\public_html\includes\header.php on line 712
[2026-07-06 17:56:54] Trying to access array offset on value of type null in C:\xampp\Desktop\mdcnpal\htdocs\public_html\includes\header.php on line 712
[2026-07-06 17:56:54] Undefined property: app::$rs_customer in C:\xampp\Desktop\mdcnpal\htdocs\public_html\includes\header.php on line 721
[2026-07-06 17:56:54] Trying to access array offset on value of type null in C:\xampp\Desktop\mdcnpal\htdocs\public_html\includes\header.php on line 721
[2026-07-06 17:56:54] Undefined property: app::$rs_customer in C:\xampp\Desktop\mdcnpal\htdocs\public_html\includes\header.php on line 730
[2026-07-06 17:56:54] Trying to access array offset on value of type null in C:\xampp\Desktop\mdcnpal\htdocs\public_html\includes\header.php on line 730
[2026-07-06 17:56:54] Undefined property: app::$rs_customer in C:\xampp\Desktop\mdcnpal\htdocs\public_html\includes\header.php on line 739
[2026-07-06 17:56:54] Trying to access array offset on value of type null in C:\xampp\Desktop\mdcnpal\htdocs\public_html\includes\header.php on line 739
[2026-07-06 17:56:54] Undefined variable $g_search_query in C:\xampp\Desktop\mdcnpal\htdocs\public_html\core\app.php(565) : eval()'d code on line 219
[2026-07-06 17:56:54] Undefined variable $department_cond in C:\xampp\Desktop\mdcnpal\htdocs\public_html\core\app.php(565) : eval()'d code on line 219
[2026-07-06 17:56:54] Undefined variable $type_cond in C:\xampp\Desktop\mdcnpal\htdocs\public_html\core\app.php(565) : eval()'d code on line 219
[2026-07-06 17:56:54] Undefined variable $dieses_cond in C:\xampp\Desktop\mdcnpal\htdocs\public_html\core\app.php(565) : eval()'d code on line 219
[2026-07-06 17:56:54] Undefined variable $popular_pack_cond in C:\xampp\Desktop\mdcnpal\htdocs\public_html\core\app.php(565) : eval()'d code on line 219
[2026-07-06 17:56:54] Undefined variable $g_search_query in C:\xampp\Desktop\mdcnpal\htdocs\public_html\core\app.php(565) : eval()'d code on line 219
[2026-07-06 17:56:54] Undefined variable $department_cond in C:\xampp\Desktop\mdcnpal\htdocs\public_html\core\app.php(565) : eval()'d code on line 219
[2026-07-06 17:56:54] Undefined variable $type_cond in C:\xampp\Desktop\mdcnpal\htdocs\public_html\core\app.php(565) : eval()'d code on line 219
[2026-07-06 17:56:54] Undefined variable $dieses_cond in C:\xampp\Desktop\mdcnpal\htdocs\public_html\core\app.php(565) : eval()'d code on line 219
[2026-07-06 17:56:54] Undefined variable $popular_pack_cond in C:\xampp\Desktop\mdcnpal\htdocs\public_html\core\app.php(565) : eval()'d code on line 219
[2026-07-06 17:56:54] Undefined variable $g_search_query in C:\xampp\Desktop\mdcnpal\htdocs\public_html\core\app.php(565) : eval()'d code on line 219
[2026-07-06 17:56:54] Undefined variable $department_cond in C:\xampp\Desktop\mdcnpal\htdocs\public_html\core\app.php(565) : eval()'d code on line 219
[2026-07-06 17:56:54] Undefined variable $type_cond in C:\xampp\Desktop\mdcnpal\htdocs\public_html\core\app.php(565) : eval()'d code on line 219
[2026-07-06 17:56:54] Undefined variable $dieses_cond in C:\xampp\Desktop\mdcnpal\htdocs\public_html\core\app.php(565) : eval()'d code on line 219
[2026-07-06 17:56:54] Undefined variable $popular_pack_cond in C:\xampp\Desktop\mdcnpal\htdocs\public_html\core\app.php(565) : eval()'d code on line 219
[2026-07-06 17:56:54] Undefined variable $g_search_query in C:\xampp\Desktop\mdcnpal\htdocs\public_html\core\app.php(565) : eval()'d code on line 219
[2026-07-06 17:56:54] Undefined variable $department_cond in C:\xampp\Desktop\mdcnpal\htdocs\public_html\core\app.php(565) : eval()'d code on line 219
[2026-07-06 17:56:54] Undefined variable $type_cond in C:\xampp\Desktop\mdcnpal\htdocs\public_html\core\app.php(565) : eval()'d code on line 219
[2026-07-06 17:56:54] Undefined variable $dieses_cond in C:\xampp\Desktop\mdcnpal\htdocs\public_html\core\app.php(565) : eval()'d code on line 219
[2026-07-06 17:56:54] Undefined variable $popular_pack_cond in C:\xampp\Desktop\mdcnpal\htdocs\public_html\core\app.php(565) : eval()'d code on line 219
[2026-07-06 17:56:54] Undefined variable $g_search_query in C:\xampp\Desktop\mdcnpal\htdocs\public_html\core\app.php(565) : eval()'d code on line 219
[2026-07-06 17:56:54] Undefined variable $department_cond in C:\xampp\Desktop\mdcnpal\htdocs\public_html\core\app.php(565) : eval()'d code on line 219
[2026-07-06 17:56:54] Undefined variable $type_cond in C:\xampp\Desktop\mdcnpal\htdocs\public_html\core\app.php(565) : eval()'d code on line 219
[2026-07-06 17:56:54] Undefined variable $dieses_cond in C:\xampp\Desktop\mdcnpal\htdocs\public_html\core\app.php(565) : eval()'d code on line 219
[2026-07-06 17:56:54] Undefined variable $popular_pack_cond in C:\xampp\Desktop\mdcnpal\htdocs\public_html\core\app.php(565) : eval()'d code on line 219
[2026-07-06 17:56:54] Undefined property: app::$rs_customer in C:\xampp\Desktop\mdcnpal\htdocs\public_html\includes\footer.php on line 357
[2026-07-06 17:56:54] Trying to access array offset on value of type null in C:\xampp\Desktop\mdcnpal\htdocs\public_html\includes\footer.php on line 357
[2026-07-06 17:56:54] Undefined property: app::$rs_customer in C:\xampp\Desktop\mdcnpal\htdocs\public_html\includes\footer.php on line 366
[2026-07-06 17:56:54] Trying to access array offset on value of type null in C:\xampp\Desktop\mdcnpal\htdocs\public_html\includes\footer.php on line 366
[2026-07-06 17:56:54] Undefined property: app::$rs_customer in C:\xampp\Desktop\mdcnpal\htdocs\public_html\includes\footer.php on line 372
[2026-07-06 17:56:54] Trying to access array offset on value of type null in C:\xampp\Desktop\mdcnpal\htdocs\public_html\includes\footer.php on line 372
[2026-07-06 17:56:54] Undefined property: app::$rs_customer in C:\xampp\Desktop\mdcnpal\htdocs\public_html\includes\general_data.php on line 88
[2026-07-06 17:56:54] Trying to access array offset on value of type null in C:\xampp\Desktop\mdcnpal\htdocs\public_html\includes\general_data.php on line 88
[2026-07-06 17:56:54] Undefined array key "MDRCCustID" in C:\xampp\Desktop\mdcnpal\htdocs\public_html\includes\general_data.php on line 88
[2026-07-06 17:56:54] Undefined variable $tmpStr in C:\xampp\Desktop\mdcnpal\htdocs\public_html\core\app.php on line 971
[2026-07-06 17:57:05] Creation of dynamic property dbclass::$RECORD_SET is deprecated in C:\xampp\Desktop\mdcnpal\htdocs\public_html\core\dbclass.php on line 69
[2026-07-06 17:57:05] Creation of dynamic property dbclass::$app is deprecated in C:\xampp\Desktop\mdcnpal\htdocs\public_html\core\dbclass.php on line 75
[2026-07-06 17:57:05] Creation of dynamic property model::$foreign_tables is deprecated in C:\xampp\Desktop\mdcnpal\htdocs\public_html\core\model.php on line 43
[2026-07-06 17:57:05] Creation of dynamic property app::$inputfilter is deprecated in C:\xampp\Desktop\mdcnpal\htdocs\public_html\core\app.php on line 123
[2026-07-06 17:57:05] Creation of dynamic property app::$userconfig is deprecated in C:\xampp\Desktop\mdcnpal\htdocs\public_html\core\app.php on line 124
[2026-07-06 17:57:05] Creation of dynamic property app::$global_include is deprecated in C:\xampp\Desktop\mdcnpal\htdocs\public_html\core\app.php on line 125
[2026-07-06 17:57:05] Creation of dynamic property app::$set_cache_time is deprecated in C:\xampp\Desktop\mdcnpal\htdocs\public_html\core\app.php on line 153
[2026-07-06 17:57:05] Undefined variable $RESULT in C:\xampp\Desktop\mdcnpal\htdocs\public_html\scripts\ajax\selectCityUsingGoogleMapApi.php on line 69
[2026-07-06 17:57:05] Undefined variable $URL in C:\xampp\Desktop\mdcnpal\htdocs\public_html\scripts\ajax\selectCityUsingGoogleMapApi.php on line 73
[2026-07-06 17:57:07] Creation of dynamic property dbclass::$RECORD_SET is deprecated in C:\xampp\Desktop\mdcnpal\htdocs\public_html\core\dbclass.php on line 69
[2026-07-06 17:57:07] Creation of dynamic property dbclass::$app is deprecated in C:\xampp\Desktop\mdcnpal\htdocs\public_html\core\dbclass.php on line 75
[2026-07-06 17:57:07] Creation of dynamic property model::$foreign_tables is deprecated in C:\xampp\Desktop\mdcnpal\htdocs\public_html\core\model.php on line 43
[2026-07-06 17:57:07] Creation of dynamic property app::$inputfilter is deprecated in C:\xampp\Desktop\mdcnpal\htdocs\public_html\core\app.php on line 123
[2026-07-06 17:57:07] Creation of dynamic property app::$userconfig is deprecated in C:\xampp\Desktop\mdcnpal\htdocs\public_html\core\app.php on line 124
[2026-07-06 17:57:07] Creation of dynamic property app::$global_include is deprecated in C:\xampp\Desktop\mdcnpal\htdocs\public_html\core\app.php on line 125
[2026-07-06 17:57:07] Creation of dynamic property app::$set_cache_time is deprecated in C:\xampp\Desktop\mdcnpal\htdocs\public_html\core\app.php on line 153
[2026-07-06 17:57:07] Undefined array key "cityID" in C:\xampp\Desktop\mdcnpal\htdocs\public_html\core\global_include.php on line 381
[2026-07-06 17:57:07] Undefined array key "cityID" in C:\xampp\Desktop\mdcnpal\htdocs\public_html\core\global_include.php on line 416
[2026-07-06 17:57:07] Creation of dynamic property app::$meta is deprecated in C:\xampp\Desktop\mdcnpal\htdocs\public_html\core\app.php on line 434
[2026-07-06 17:57:07] Creation of dynamic property app::$rs_gs_city is deprecated in C:\xampp\Desktop\mdcnpal\htdocs\public_html\core\app.php on line 434
[2026-07-06 17:57:07] Undefined array key "cityID" in C:\xampp\Desktop\mdcnpal\htdocs\public_html\core\global_include.php on line 468
[2026-07-06 17:57:07] Creation of dynamic property app::$rs_footer_popular_item is deprecated in C:\xampp\Desktop\mdcnpal\htdocs\public_html\core\app.php on line 434
[2026-07-06 17:57:07] Creation of dynamic property app::$rs_footer_popular_test is deprecated in C:\xampp\Desktop\mdcnpal\htdocs\public_html\core\app.php on line 434
[2026-07-06 17:57:07] Creation of dynamic property app::$rs_testimonial is deprecated in C:\xampp\Desktop\mdcnpal\htdocs\public_html\core\app.php on line 434
[2026-07-06 17:57:07] Creation of dynamic property app::$admin is deprecated in C:\xampp\Desktop\mdcnpal\htdocs\public_html\core\app.php on line 434
[2026-07-06 17:57:07] Undefined array key 0 in C:\xampp\Desktop\mdcnpal\htdocs\public_html\core\global_include.php on line 514
[2026-07-06 17:57:07] Creation of dynamic property app::$popup is deprecated in C:\xampp\Desktop\mdcnpal\htdocs\public_html\core\app.php on line 434
[2026-07-06 17:57:07] Undefined array key "MDRCCustID" in C:\xampp\Desktop\mdcnpal\htdocs\public_html\core\global_include.php on line 515
[2026-07-06 17:57:07] Undefined array key "MDRCToken" in C:\xampp\Desktop\mdcnpal\htdocs\public_html\core\global_include.php on line 515
[2026-07-06 17:57:07] Creation of dynamic property app::$rscategory is deprecated in C:\xampp\Desktop\mdcnpal\htdocs\public_html\core\app.php on line 434
[2026-07-06 17:57:07] Creation of dynamic property app::$rs_pages is deprecated in C:\xampp\Desktop\mdcnpal\htdocs\public_html\core\app.php on line 434
[2026-07-06 17:57:07] Creation of dynamic property app::$gs is deprecated in C:\xampp\Desktop\mdcnpal\htdocs\public_html\core\app.php on line 434
[2026-07-06 17:57:07] Undefined array key "MDRCCustID" in C:\xampp\Desktop\mdcnpal\htdocs\public_html\core\global_include.php on line 596
[2026-07-06 17:57:07] Undefined array key "MDRCCustID" in C:\xampp\Desktop\mdcnpal\htdocs\public_html\core\global_include.php on line 615
[2026-07-06 17:57:07] Undefined variable $getId in C:\xampp\Desktop\mdcnpal\htdocs\public_html\core\global_include.php on line 684
[2026-07-06 17:57:07] Undefined variable $getName in C:\xampp\Desktop\mdcnpal\htdocs\public_html\core\global_include.php on line 685
[2026-07-06 17:57:07] Undefined array key 0 in C:\xampp\Desktop\mdcnpal\htdocs\public_html\core\global_include.php on line 810
[2026-07-06 17:57:07] Creation of dynamic property app::$rs_offer_msg is deprecated in C:\xampp\Desktop\mdcnpal\htdocs\public_html\core\app.php on line 434
[2026-07-06 17:57:07] Creation of dynamic property app::$rs_for_doctors is deprecated in C:\xampp\Desktop\mdcnpal\htdocs\public_html\core\app.php on line 434
[2026-07-06 17:57:07] Creation of dynamic property app::$description is deprecated in C:\xampp\Desktop\mdcnpal\htdocs\public_html\core\app.php on line 434
[2026-07-06 17:57:07] Creation of dynamic property app::$rs_banner is deprecated in C:\xampp\Desktop\mdcnpal\htdocs\public_html\core\app.php on line 434
[2026-07-06 17:57:07] Creation of dynamic property app::$rs_item_diseases is deprecated in C:\xampp\Desktop\mdcnpal\htdocs\public_html\core\app.php on line 434
[2026-07-06 17:57:07] Creation of dynamic property app::$rs_item_home_category is deprecated in C:\xampp\Desktop\mdcnpal\htdocs\public_html\core\app.php on line 434
[2026-07-06 17:57:07] Creation of dynamic property app::$rs_item_banner_category is deprecated in C:\xampp\Desktop\mdcnpal\htdocs\public_html\core\app.php on line 434
[2026-07-06 17:57:07] Creation of dynamic property app::$rs_services is deprecated in C:\xampp\Desktop\mdcnpal\htdocs\public_html\core\app.php on line 434
[2026-07-06 17:57:07] Creation of dynamic property app::$rs_blog is deprecated in C:\xampp\Desktop\mdcnpal\htdocs\public_html\core\app.php on line 434
[2026-07-06 17:57:07] Creation of dynamic property app::$rs_category is deprecated in C:\xampp\Desktop\mdcnpal\htdocs\public_html\core\app.php on line 434
[2026-07-06 17:57:07] Creation of dynamic property app::$rs_faq_data is deprecated in C:\xampp\Desktop\mdcnpal\htdocs\public_html\core\app.php on line 434
[2026-07-06 17:57:07] Creation of dynamic property app::$rs_gallery_data is deprecated in C:\xampp\Desktop\mdcnpal\htdocs\public_html\core\app.php on line 434
[2026-07-06 17:57:07] Undefined array key "tempCityID" in C:\xampp\Desktop\mdcnpal\htdocs\public_html\includes\header.php on line 5
[2026-07-06 17:57:07] Undefined array key "items" in C:\xampp\Desktop\mdcnpal\htdocs\public_html\includes\header.php on line 16
[2026-07-06 17:57:07] Undefined array key "item_category" in C:\xampp\Desktop\mdcnpal\htdocs\public_html\includes\header.php on line 26
[2026-07-06 17:57:08] Undefined array key "item_diseases" in C:\xampp\Desktop\mdcnpal\htdocs\public_html\includes\header.php on line 33
[2026-07-06 17:57:08] Undefined property: app::$rs_cartmini in C:\xampp\Desktop\mdcnpal\htdocs\public_html\includes\header.php on line 131
[2026-07-06 17:57:08] Undefined array key "MDRCCustID" in C:\xampp\Desktop\mdcnpal\htdocs\public_html\includes\header.php on line 134
[2026-07-06 17:57:08] Undefined property: app::$rs_cartmini in C:\xampp\Desktop\mdcnpal\htdocs\public_html\includes\header.php on line 197
[2026-07-06 17:57:08] Undefined array key "MDRCCustID" in C:\xampp\Desktop\mdcnpal\htdocs\public_html\includes\header.php on line 200
[2026-07-06 17:57:08] Undefined property: app::$rs_cartmini in C:\xampp\Desktop\mdcnpal\htdocs\public_html\includes\header.php on line 469
[2026-07-06 17:57:08] Undefined array key "MDRCCustID" in C:\xampp\Desktop\mdcnpal\htdocs\public_html\includes\header.php on line 472
[2026-07-06 17:57:08] Undefined property: app::$rs_cartmini in C:\xampp\Desktop\mdcnpal\htdocs\public_html\includes\header.php on line 525
[2026-07-06 17:57:08] Undefined array key "MDRCCustID" in C:\xampp\Desktop\mdcnpal\htdocs\public_html\includes\header.php on line 528
[2026-07-06 17:57:08] Undefined property: app::$rs_customer in C:\xampp\Desktop\mdcnpal\htdocs\public_html\includes\header.php on line 712
[2026-07-06 17:57:08] Trying to access array offset on value of type null in C:\xampp\Desktop\mdcnpal\htdocs\public_html\includes\header.php on line 712
[2026-07-06 17:57:08] Undefined property: app::$rs_customer in C:\xampp\Desktop\mdcnpal\htdocs\public_html\includes\header.php on line 721
[2026-07-06 17:57:08] Trying to access array offset on value of type null in C:\xampp\Desktop\mdcnpal\htdocs\public_html\includes\header.php on line 721
[2026-07-06 17:57:08] Undefined property: app::$rs_customer in C:\xampp\Desktop\mdcnpal\htdocs\public_html\includes\header.php on line 730
[2026-07-06 17:57:08] Trying to access array offset on value of type null in C:\xampp\Desktop\mdcnpal\htdocs\public_html\includes\header.php on line 730
[2026-07-06 17:57:08] Undefined property: app::$rs_customer in C:\xampp\Desktop\mdcnpal\htdocs\public_html\includes\header.php on line 739
[2026-07-06 17:57:08] Trying to access array offset on value of type null in C:\xampp\Desktop\mdcnpal\htdocs\public_html\includes\header.php on line 739
[2026-07-06 17:57:08] Undefined variable $g_search_query in C:\xampp\Desktop\mdcnpal\htdocs\public_html\core\app.php(565) : eval()'d code on line 219
[2026-07-06 17:57:08] Undefined variable $department_cond in C:\xampp\Desktop\mdcnpal\htdocs\public_html\core\app.php(565) : eval()'d code on line 219
[2026-07-06 17:57:08] Undefined variable $type_cond in C:\xampp\Desktop\mdcnpal\htdocs\public_html\core\app.php(565) : eval()'d code on line 219
[2026-07-06 17:57:08] Undefined variable $dieses_cond in C:\xampp\Desktop\mdcnpal\htdocs\public_html\core\app.php(565) : eval()'d code on line 219
[2026-07-06 17:57:08] Undefined variable $popular_pack_cond in C:\xampp\Desktop\mdcnpal\htdocs\public_html\core\app.php(565) : eval()'d code on line 219
[2026-07-06 17:57:08] Undefined variable $g_search_query in C:\xampp\Desktop\mdcnpal\htdocs\public_html\core\app.php(565) : eval()'d code on line 219
[2026-07-06 17:57:08] Undefined variable $department_cond in C:\xampp\Desktop\mdcnpal\htdocs\public_html\core\app.php(565) : eval()'d code on line 219
[2026-07-06 17:57:08] Undefined variable $type_cond in C:\xampp\Desktop\mdcnpal\htdocs\public_html\core\app.php(565) : eval()'d code on line 219
[2026-07-06 17:57:08] Undefined variable $dieses_cond in C:\xampp\Desktop\mdcnpal\htdocs\public_html\core\app.php(565) : eval()'d code on line 219
[2026-07-06 17:57:08] Undefined variable $popular_pack_cond in C:\xampp\Desktop\mdcnpal\htdocs\public_html\core\app.php(565) : eval()'d code on line 219
[2026-07-06 17:57:08] Undefined variable $g_search_query in C:\xampp\Desktop\mdcnpal\htdocs\public_html\core\app.php(565) : eval()'d code on line 219
[2026-07-06 17:57:08] Undefined variable $department_cond in C:\xampp\Desktop\mdcnpal\htdocs\public_html\core\app.php(565) : eval()'d code on line 219
[2026-07-06 17:57:08] Undefined variable $type_cond in C:\xampp\Desktop\mdcnpal\htdocs\public_html\core\app.php(565) : eval()'d code on line 219
[2026-07-06 17:57:08] Undefined variable $dieses_cond in C:\xampp\Desktop\mdcnpal\htdocs\public_html\core\app.php(565) : eval()'d code on line 219
[2026-07-06 17:57:08] Undefined variable $popular_pack_cond in C:\xampp\Desktop\mdcnpal\htdocs\public_html\core\app.php(565) : eval()'d code on line 219
[2026-07-06 17:57:08] Undefined variable $g_search_query in C:\xampp\Desktop\mdcnpal\htdocs\public_html\core\app.php(565) : eval()'d code on line 219
[2026-07-06 17:57:08] Undefined variable $department_cond in C:\xampp\Desktop\mdcnpal\htdocs\public_html\core\app.php(565) : eval()'d code on line 219
[2026-07-06 17:57:08] Undefined variable $type_cond in C:\xampp\Desktop\mdcnpal\htdocs\public_html\core\app.php(565) : eval()'d code on line 219
[2026-07-06 17:57:08] Undefined variable $dieses_cond in C:\xampp\Desktop\mdcnpal\htdocs\public_html\core\app.php(565) : eval()'d code on line 219
[2026-07-06 17:57:08] Undefined variable $popular_pack_cond in C:\xampp\Desktop\mdcnpal\htdocs\public_html\core\app.php(565) : eval()'d code on line 219
[2026-07-06 17:57:08] Undefined variable $g_search_query in C:\xampp\Desktop\mdcnpal\htdocs\public_html\core\app.php(565) : eval()'d code on line 219
[2026-07-06 17:57:08] Undefined variable $department_cond in C:\xampp\Desktop\mdcnpal\htdocs\public_html\core\app.php(565) : eval()'d code on line 219
[2026-07-06 17:57:08] Undefined variable $type_cond in C:\xampp\Desktop\mdcnpal\htdocs\public_html\core\app.php(565) : eval()'d code on line 219
[2026-07-06 17:57:08] Undefined variable $dieses_cond in C:\xampp\Desktop\mdcnpal\htdocs\public_html\core\app.php(565) : eval()'d code on line 219
[2026-07-06 17:57:08] Undefined variable $popular_pack_cond in C:\xampp\Desktop\mdcnpal\htdocs\public_html\core\app.php(565) : eval()'d code on line 219
[2026-07-06 17:57:09] Undefined property: app::$rs_customer in C:\xampp\Desktop\mdcnpal\htdocs\public_html\includes\footer.php on line 357
[2026-07-06 17:57:09] Trying to access array offset on value of type null in C:\xampp\Desktop\mdcnpal\htdocs\public_html\includes\footer.php on line 357
[2026-07-06 17:57:09] Undefined property: app::$rs_customer in C:\xampp\Desktop\mdcnpal\htdocs\public_html\includes\footer.php on line 366
[2026-07-06 17:57:09] Trying to access array offset on value of type null in C:\xampp\Desktop\mdcnpal\htdocs\public_html\includes\footer.php on line 366
[2026-07-06 17:57:09] Undefined property: app::$rs_customer in C:\xampp\Desktop\mdcnpal\htdocs\public_html\includes\footer.php on line 372
[2026-07-06 17:57:09] Trying to access array offset on value of type null in C:\xampp\Desktop\mdcnpal\htdocs\public_html\includes\footer.php on line 372
[2026-07-06 17:57:09] Undefined property: app::$rs_customer in C:\xampp\Desktop\mdcnpal\htdocs\public_html\includes\general_data.php on line 88
[2026-07-06 17:57:09] Trying to access array offset on value of type null in C:\xampp\Desktop\mdcnpal\htdocs\public_html\includes\general_data.php on line 88
[2026-07-06 17:57:09] Undefined array key "MDRCCustID" in C:\xampp\Desktop\mdcnpal\htdocs\public_html\includes\general_data.php on line 88
[2026-07-06 17:57:09] Undefined variable $tmpStr in C:\xampp\Desktop\mdcnpal\htdocs\public_html\core\app.php on line 971
[2026-07-06 17:58:12] Creation of dynamic property dbclass::$RECORD_SET is deprecated in C:\xampp\Desktop\mdcnpal\htdocs\public_html\core\dbclass.php on line 69
[2026-07-06 17:58:12] Creation of dynamic property dbclass::$app is deprecated in C:\xampp\Desktop\mdcnpal\htdocs\public_html\core\dbclass.php on line 75
[2026-07-06 17:58:12] Creation of dynamic property model::$foreign_tables is deprecated in C:\xampp\Desktop\mdcnpal\htdocs\public_html\core\model.php on line 43
[2026-07-06 17:58:12] Creation of dynamic property app::$inputfilter is deprecated in C:\xampp\Desktop\mdcnpal\htdocs\public_html\core\app.php on line 123
[2026-07-06 17:58:12] Creation of dynamic property app::$userconfig is deprecated in C:\xampp\Desktop\mdcnpal\htdocs\public_html\core\app.php on line 124
[2026-07-06 17:58:12] Creation of dynamic property app::$global_include is deprecated in C:\xampp\Desktop\mdcnpal\htdocs\public_html\core\app.php on line 125
[2026-07-06 17:58:12] Creation of dynamic property app::$set_cache_time is deprecated in C:\xampp\Desktop\mdcnpal\htdocs\public_html\core\app.php on line 153
[2026-07-06 17:58:12] Undefined array key "cityID" in C:\xampp\Desktop\mdcnpal\htdocs\public_html\core\global_include.php on line 381
[2026-07-06 17:58:12] Undefined array key "cityID" in C:\xampp\Desktop\mdcnpal\htdocs\public_html\core\global_include.php on line 416
[2026-07-06 17:58:12] Creation of dynamic property app::$meta is deprecated in C:\xampp\Desktop\mdcnpal\htdocs\public_html\core\app.php on line 434
[2026-07-06 17:58:12] Creation of dynamic property app::$rs_gs_city is deprecated in C:\xampp\Desktop\mdcnpal\htdocs\public_html\core\app.php on line 434
[2026-07-06 17:58:12] Undefined array key "cityID" in C:\xampp\Desktop\mdcnpal\htdocs\public_html\core\global_include.php on line 468
[2026-07-06 17:58:12] Creation of dynamic property app::$rs_footer_popular_item is deprecated in C:\xampp\Desktop\mdcnpal\htdocs\public_html\core\app.php on line 434
[2026-07-06 17:58:12] Creation of dynamic property app::$rs_footer_popular_test is deprecated in C:\xampp\Desktop\mdcnpal\htdocs\public_html\core\app.php on line 434
[2026-07-06 17:58:12] Creation of dynamic property app::$rs_testimonial is deprecated in C:\xampp\Desktop\mdcnpal\htdocs\public_html\core\app.php on line 434
[2026-07-06 17:58:12] Creation of dynamic property app::$admin is deprecated in C:\xampp\Desktop\mdcnpal\htdocs\public_html\core\app.php on line 434
[2026-07-06 17:58:12] Undefined array key 0 in C:\xampp\Desktop\mdcnpal\htdocs\public_html\core\global_include.php on line 514
[2026-07-06 17:58:12] Creation of dynamic property app::$popup is deprecated in C:\xampp\Desktop\mdcnpal\htdocs\public_html\core\app.php on line 434
[2026-07-06 17:58:12] Undefined array key "MDRCCustID" in C:\xampp\Desktop\mdcnpal\htdocs\public_html\core\global_include.php on line 515
[2026-07-06 17:58:12] Undefined array key "MDRCToken" in C:\xampp\Desktop\mdcnpal\htdocs\public_html\core\global_include.php on line 515
[2026-07-06 17:58:12] Creation of dynamic property app::$rscategory is deprecated in C:\xampp\Desktop\mdcnpal\htdocs\public_html\core\app.php on line 434
[2026-07-06 17:58:12] Creation of dynamic property app::$rs_pages is deprecated in C:\xampp\Desktop\mdcnpal\htdocs\public_html\core\app.php on line 434
[2026-07-06 17:58:12] Creation of dynamic property app::$gs is deprecated in C:\xampp\Desktop\mdcnpal\htdocs\public_html\core\app.php on line 434
[2026-07-06 17:58:12] Undefined array key "MDRCCustID" in C:\xampp\Desktop\mdcnpal\htdocs\public_html\core\global_include.php on line 596
[2026-07-06 17:58:12] Undefined array key "MDRCCustID" in C:\xampp\Desktop\mdcnpal\htdocs\public_html\core\global_include.php on line 615
[2026-07-06 17:58:12] Undefined variable $getId in C:\xampp\Desktop\mdcnpal\htdocs\public_html\core\global_include.php on line 684
[2026-07-06 17:58:12] Undefined variable $getName in C:\xampp\Desktop\mdcnpal\htdocs\public_html\core\global_include.php on line 685
[2026-07-06 17:58:12] Undefined array key 0 in C:\xampp\Desktop\mdcnpal\htdocs\public_html\core\global_include.php on line 810
[2026-07-06 17:58:12] Creation of dynamic property app::$rs_offer_msg is deprecated in C:\xampp\Desktop\mdcnpal\htdocs\public_html\core\app.php on line 434
[2026-07-06 17:58:12] Creation of dynamic property app::$rs_for_doctors is deprecated in C:\xampp\Desktop\mdcnpal\htdocs\public_html\core\app.php on line 434
[2026-07-06 17:58:12] Creation of dynamic property app::$description is deprecated in C:\xampp\Desktop\mdcnpal\htdocs\public_html\core\app.php on line 434
[2026-07-06 17:58:13] Creation of dynamic property app::$rs_banner is deprecated in C:\xampp\Desktop\mdcnpal\htdocs\public_html\core\app.php on line 434
[2026-07-06 17:58:13] Creation of dynamic property app::$rs_item_diseases is deprecated in C:\xampp\Desktop\mdcnpal\htdocs\public_html\core\app.php on line 434
[2026-07-06 17:58:13] Creation of dynamic property app::$rs_item_home_category is deprecated in C:\xampp\Desktop\mdcnpal\htdocs\public_html\core\app.php on line 434
[2026-07-06 17:58:13] Creation of dynamic property app::$rs_item_banner_category is deprecated in C:\xampp\Desktop\mdcnpal\htdocs\public_html\core\app.php on line 434
[2026-07-06 17:58:13] Creation of dynamic property app::$rs_services is deprecated in C:\xampp\Desktop\mdcnpal\htdocs\public_html\core\app.php on line 434
[2026-07-06 17:58:13] Creation of dynamic property app::$rs_blog is deprecated in C:\xampp\Desktop\mdcnpal\htdocs\public_html\core\app.php on line 434
[2026-07-06 17:58:13] Creation of dynamic property app::$rs_category is deprecated in C:\xampp\Desktop\mdcnpal\htdocs\public_html\core\app.php on line 434
[2026-07-06 17:58:13] Creation of dynamic property app::$rs_faq_data is deprecated in C:\xampp\Desktop\mdcnpal\htdocs\public_html\core\app.php on line 434
[2026-07-06 17:58:13] Creation of dynamic property app::$rs_gallery_data is deprecated in C:\xampp\Desktop\mdcnpal\htdocs\public_html\core\app.php on line 434
[2026-07-06 17:58:13] Undefined array key "tempCityID" in C:\xampp\Desktop\mdcnpal\htdocs\public_html\includes\header.php on line 5
[2026-07-06 17:58:13] Undefined array key "items" in C:\xampp\Desktop\mdcnpal\htdocs\public_html\includes\header.php on line 16
[2026-07-06 17:58:13] Undefined array key "item_category" in C:\xampp\Desktop\mdcnpal\htdocs\public_html\includes\header.php on line 26
[2026-07-06 17:58:13] Undefined array key "item_diseases" in C:\xampp\Desktop\mdcnpal\htdocs\public_html\includes\header.php on line 33
[2026-07-06 17:58:13] Undefined property: app::$rs_cartmini in C:\xampp\Desktop\mdcnpal\htdocs\public_html\includes\header.php on line 131
[2026-07-06 17:58:13] Undefined array key "MDRCCustID" in C:\xampp\Desktop\mdcnpal\htdocs\public_html\includes\header.php on line 134
[2026-07-06 17:58:13] Undefined property: app::$rs_cartmini in C:\xampp\Desktop\mdcnpal\htdocs\public_html\includes\header.php on line 197
[2026-07-06 17:58:13] Undefined array key "MDRCCustID" in C:\xampp\Desktop\mdcnpal\htdocs\public_html\includes\header.php on line 200
[2026-07-06 17:58:13] Undefined property: app::$rs_cartmini in C:\xampp\Desktop\mdcnpal\htdocs\public_html\includes\header.php on line 469
[2026-07-06 17:58:13] Undefined array key "MDRCCustID" in C:\xampp\Desktop\mdcnpal\htdocs\public_html\includes\header.php on line 472
[2026-07-06 17:58:13] Undefined property: app::$rs_cartmini in C:\xampp\Desktop\mdcnpal\htdocs\public_html\includes\header.php on line 525
[2026-07-06 17:58:13] Undefined array key "MDRCCustID" in C:\xampp\Desktop\mdcnpal\htdocs\public_html\includes\header.php on line 528
[2026-07-06 17:58:13] Undefined property: app::$rs_customer in C:\xampp\Desktop\mdcnpal\htdocs\public_html\includes\header.php on line 712
[2026-07-06 17:58:13] Trying to access array offset on value of type null in C:\xampp\Desktop\mdcnpal\htdocs\public_html\includes\header.php on line 712
[2026-07-06 17:58:13] Undefined property: app::$rs_customer in C:\xampp\Desktop\mdcnpal\htdocs\public_html\includes\header.php on line 721
[2026-07-06 17:58:13] Trying to access array offset on value of type null in C:\xampp\Desktop\mdcnpal\htdocs\public_html\includes\header.php on line 721
[2026-07-06 17:58:13] Undefined property: app::$rs_customer in C:\xampp\Desktop\mdcnpal\htdocs\public_html\includes\header.php on line 730
[2026-07-06 17:58:13] Trying to access array offset on value of type null in C:\xampp\Desktop\mdcnpal\htdocs\public_html\includes\header.php on line 730
[2026-07-06 17:58:13] Undefined property: app::$rs_customer in C:\xampp\Desktop\mdcnpal\htdocs\public_html\includes\header.php on line 739
[2026-07-06 17:58:13] Trying to access array offset on value of type null in C:\xampp\Desktop\mdcnpal\htdocs\public_html\includes\header.php on line 739
[2026-07-06 17:58:13] Undefined variable $g_search_query in C:\xampp\Desktop\mdcnpal\htdocs\public_html\core\app.php(565) : eval()'d code on line 219
[2026-07-06 17:58:13] Undefined variable $department_cond in C:\xampp\Desktop\mdcnpal\htdocs\public_html\core\app.php(565) : eval()'d code on line 219
[2026-07-06 17:58:13] Undefined variable $type_cond in C:\xampp\Desktop\mdcnpal\htdocs\public_html\core\app.php(565) : eval()'d code on line 219
[2026-07-06 17:58:13] Undefined variable $dieses_cond in C:\xampp\Desktop\mdcnpal\htdocs\public_html\core\app.php(565) : eval()'d code on line 219
[2026-07-06 17:58:13] Undefined variable $popular_pack_cond in C:\xampp\Desktop\mdcnpal\htdocs\public_html\core\app.php(565) : eval()'d code on line 219
[2026-07-06 17:58:13] Undefined variable $g_search_query in C:\xampp\Desktop\mdcnpal\htdocs\public_html\core\app.php(565) : eval()'d code on line 219
[2026-07-06 17:58:13] Undefined variable $department_cond in C:\xampp\Desktop\mdcnpal\htdocs\public_html\core\app.php(565) : eval()'d code on line 219
[2026-07-06 17:58:13] Undefined variable $type_cond in C:\xampp\Desktop\mdcnpal\htdocs\public_html\core\app.php(565) : eval()'d code on line 219
[2026-07-06 17:58:13] Undefined variable $dieses_cond in C:\xampp\Desktop\mdcnpal\htdocs\public_html\core\app.php(565) : eval()'d code on line 219
[2026-07-06 17:58:13] Undefined variable $popular_pack_cond in C:\xampp\Desktop\mdcnpal\htdocs\public_html\core\app.php(565) : eval()'d code on line 219
[2026-07-06 17:58:14] Undefined variable $g_search_query in C:\xampp\Desktop\mdcnpal\htdocs\public_html\core\app.php(565) : eval()'d code on line 219
[2026-07-06 17:58:14] Undefined variable $department_cond in C:\xampp\Desktop\mdcnpal\htdocs\public_html\core\app.php(565) : eval()'d code on line 219
[2026-07-06 17:58:14] Undefined variable $type_cond in C:\xampp\Desktop\mdcnpal\htdocs\public_html\core\app.php(565) : eval()'d code on line 219
[2026-07-06 17:58:14] Undefined variable $dieses_cond in C:\xampp\Desktop\mdcnpal\htdocs\public_html\core\app.php(565) : eval()'d code on line 219
[2026-07-06 17:58:14] Undefined variable $popular_pack_cond in C:\xampp\Desktop\mdcnpal\htdocs\public_html\core\app.php(565) : eval()'d code on line 219
[2026-07-06 17:58:14] Undefined variable $g_search_query in C:\xampp\Desktop\mdcnpal\htdocs\public_html\core\app.php(565) : eval()'d code on line 219
[2026-07-06 17:58:14] Undefined variable $department_cond in C:\xampp\Desktop\mdcnpal\htdocs\public_html\core\app.php(565) : eval()'d code on line 219
[2026-07-06 17:58:14] Undefined variable $type_cond in C:\xampp\Desktop\mdcnpal\htdocs\public_html\core\app.php(565) : eval()'d code on line 219
[2026-07-06 17:58:14] Undefined variable $dieses_cond in C:\xampp\Desktop\mdcnpal\htdocs\public_html\core\app.php(565) : eval()'d code on line 219
[2026-07-06 17:58:14] Undefined variable $popular_pack_cond in C:\xampp\Desktop\mdcnpal\htdocs\public_html\core\app.php(565) : eval()'d code on line 219
[2026-07-06 17:58:14] Undefined variable $g_search_query in C:\xampp\Desktop\mdcnpal\htdocs\public_html\core\app.php(565) : eval()'d code on line 219
[2026-07-06 17:58:14] Undefined variable $department_cond in C:\xampp\Desktop\mdcnpal\htdocs\public_html\core\app.php(565) : eval()'d code on line 219
[2026-07-06 17:58:14] Undefined variable $type_cond in C:\xampp\Desktop\mdcnpal\htdocs\public_html\core\app.php(565) : eval()'d code on line 219
[2026-07-06 17:58:14] Undefined variable $dieses_cond in C:\xampp\Desktop\mdcnpal\htdocs\public_html\core\app.php(565) : eval()'d code on line 219
[2026-07-06 17:58:14] Undefined variable $popular_pack_cond in C:\xampp\Desktop\mdcnpal\htdocs\public_html\core\app.php(565) : eval()'d code on line 219
[2026-07-06 17:58:14] Undefined property: app::$rs_customer in C:\xampp\Desktop\mdcnpal\htdocs\public_html\includes\footer.php on line 357
[2026-07-06 17:58:14] Trying to access array offset on value of type null in C:\xampp\Desktop\mdcnpal\htdocs\public_html\includes\footer.php on line 357
[2026-07-06 17:58:14] Undefined property: app::$rs_customer in C:\xampp\Desktop\mdcnpal\htdocs\public_html\includes\footer.php on line 366
[2026-07-06 17:58:14] Trying to access array offset on value of type null in C:\xampp\Desktop\mdcnpal\htdocs\public_html\includes\footer.php on line 366
[2026-07-06 17:58:14] Undefined property: app::$rs_customer in C:\xampp\Desktop\mdcnpal\htdocs\public_html\includes\footer.php on line 372
[2026-07-06 17:58:14] Trying to access array offset on value of type null in C:\xampp\Desktop\mdcnpal\htdocs\public_html\includes\footer.php on line 372
[2026-07-06 17:58:14] Undefined property: app::$rs_customer in C:\xampp\Desktop\mdcnpal\htdocs\public_html\includes\general_data.php on line 88
[2026-07-06 17:58:14] Trying to access array offset on value of type null in C:\xampp\Desktop\mdcnpal\htdocs\public_html\includes\general_data.php on line 88
[2026-07-06 17:58:14] Undefined array key "MDRCCustID" in C:\xampp\Desktop\mdcnpal\htdocs\public_html\includes\general_data.php on line 88
[2026-07-06 17:58:14] Undefined variable $tmpStr in C:\xampp\Desktop\mdcnpal\htdocs\public_html\core\app.php on line 971
[2026-07-06 17:58:19] Creation of dynamic property dbclass::$RECORD_SET is deprecated in C:\xampp\Desktop\mdcnpal\htdocs\public_html\core\dbclass.php on line 69
[2026-07-06 17:58:19] Creation of dynamic property dbclass::$app is deprecated in C:\xampp\Desktop\mdcnpal\htdocs\public_html\core\dbclass.php on line 75
[2026-07-06 17:58:19] Creation of dynamic property model::$foreign_tables is deprecated in C:\xampp\Desktop\mdcnpal\htdocs\public_html\core\model.php on line 43
[2026-07-06 17:58:19] Creation of dynamic property app::$inputfilter is deprecated in C:\xampp\Desktop\mdcnpal\htdocs\public_html\core\app.php on line 123
[2026-07-06 17:58:19] Creation of dynamic property app::$userconfig is deprecated in C:\xampp\Desktop\mdcnpal\htdocs\public_html\core\app.php on line 124
[2026-07-06 17:58:19] Creation of dynamic property app::$global_include is deprecated in C:\xampp\Desktop\mdcnpal\htdocs\public_html\core\app.php on line 125
[2026-07-06 17:58:19] Creation of dynamic property app::$set_cache_time is deprecated in C:\xampp\Desktop\mdcnpal\htdocs\public_html\core\app.php on line 153
[2026-07-06 17:58:19] Undefined variable $RESULT in C:\xampp\Desktop\mdcnpal\htdocs\public_html\scripts\ajax\selectCityUsingGoogleMapApi.php on line 69
[2026-07-06 17:58:19] Undefined variable $URL in C:\xampp\Desktop\mdcnpal\htdocs\public_html\scripts\ajax\selectCityUsingGoogleMapApi.php on line 73
[2026-07-06 17:58:24] Creation of dynamic property dbclass::$RECORD_SET is deprecated in C:\xampp\Desktop\mdcnpal\htdocs\public_html\core\dbclass.php on line 69
[2026-07-06 17:58:24] Creation of dynamic property dbclass::$app is deprecated in C:\xampp\Desktop\mdcnpal\htdocs\public_html\core\dbclass.php on line 75
[2026-07-06 17:58:24] Creation of dynamic property model::$foreign_tables is deprecated in C:\xampp\Desktop\mdcnpal\htdocs\public_html\core\model.php on line 43
[2026-07-06 17:58:24] Creation of dynamic property app::$inputfilter is deprecated in C:\xampp\Desktop\mdcnpal\htdocs\public_html\core\app.php on line 123
[2026-07-06 17:58:24] Creation of dynamic property app::$userconfig is deprecated in C:\xampp\Desktop\mdcnpal\htdocs\public_html\core\app.php on line 124
[2026-07-06 17:58:24] Creation of dynamic property app::$global_include is deprecated in C:\xampp\Desktop\mdcnpal\htdocs\public_html\core\app.php on line 125
[2026-07-06 17:58:24] Creation of dynamic property app::$set_cache_time is deprecated in C:\xampp\Desktop\mdcnpal\htdocs\public_html\core\app.php on line 153
[2026-07-06 17:58:24] Creation of dynamic property app::$meta is deprecated in C:\xampp\Desktop\mdcnpal\htdocs\public_html\core\app.php on line 434
[2026-07-06 17:58:24] Creation of dynamic property app::$rs_gs_city is deprecated in C:\xampp\Desktop\mdcnpal\htdocs\public_html\core\app.php on line 434
[2026-07-06 17:58:24] Creation of dynamic property app::$rs_footer_popular_item is deprecated in C:\xampp\Desktop\mdcnpal\htdocs\public_html\core\app.php on line 434
[2026-07-06 17:58:24] Creation of dynamic property app::$rs_footer_popular_test is deprecated in C:\xampp\Desktop\mdcnpal\htdocs\public_html\core\app.php on line 434
[2026-07-06 17:58:24] Creation of dynamic property app::$rs_testimonial is deprecated in C:\xampp\Desktop\mdcnpal\htdocs\public_html\core\app.php on line 434
[2026-07-06 17:58:24] Creation of dynamic property app::$admin is deprecated in C:\xampp\Desktop\mdcnpal\htdocs\public_html\core\app.php on line 434
[2026-07-06 17:58:24] Undefined array key 0 in C:\xampp\Desktop\mdcnpal\htdocs\public_html\core\global_include.php on line 514
[2026-07-06 17:58:24] Creation of dynamic property app::$popup is deprecated in C:\xampp\Desktop\mdcnpal\htdocs\public_html\core\app.php on line 434
[2026-07-06 17:58:24] Undefined array key "MDRCCustID" in C:\xampp\Desktop\mdcnpal\htdocs\public_html\core\global_include.php on line 515
[2026-07-06 17:58:24] Undefined array key "MDRCToken" in C:\xampp\Desktop\mdcnpal\htdocs\public_html\core\global_include.php on line 515
[2026-07-06 17:58:24] Creation of dynamic property app::$rscategory is deprecated in C:\xampp\Desktop\mdcnpal\htdocs\public_html\core\app.php on line 434
[2026-07-06 17:58:24] Creation of dynamic property app::$rs_pages is deprecated in C:\xampp\Desktop\mdcnpal\htdocs\public_html\core\app.php on line 434
[2026-07-06 17:58:24] Creation of dynamic property app::$gs is deprecated in C:\xampp\Desktop\mdcnpal\htdocs\public_html\core\app.php on line 434
[2026-07-06 17:58:24] Undefined array key "MDRCCustID" in C:\xampp\Desktop\mdcnpal\htdocs\public_html\core\global_include.php on line 596
[2026-07-06 17:58:24] Undefined array key "MDRCCustID" in C:\xampp\Desktop\mdcnpal\htdocs\public_html\core\global_include.php on line 615
[2026-07-06 17:58:24] Undefined variable $getId in C:\xampp\Desktop\mdcnpal\htdocs\public_html\core\global_include.php on line 684
[2026-07-06 17:58:24] Undefined variable $getName in C:\xampp\Desktop\mdcnpal\htdocs\public_html\core\global_include.php on line 685
[2026-07-06 17:58:24] Undefined array key 0 in C:\xampp\Desktop\mdcnpal\htdocs\public_html\core\global_include.php on line 810
[2026-07-06 17:58:24] Creation of dynamic property app::$rs_offer_msg is deprecated in C:\xampp\Desktop\mdcnpal\htdocs\public_html\core\app.php on line 434
[2026-07-06 17:58:24] Creation of dynamic property app::$rs_for_doctors is deprecated in C:\xampp\Desktop\mdcnpal\htdocs\public_html\core\app.php on line 434
[2026-07-06 17:58:24] Creation of dynamic property app::$description is deprecated in C:\xampp\Desktop\mdcnpal\htdocs\public_html\core\app.php on line 434
[2026-07-06 17:58:25] Creation of dynamic property app::$rs_banner is deprecated in C:\xampp\Desktop\mdcnpal\htdocs\public_html\core\app.php on line 434
[2026-07-06 17:58:25] Creation of dynamic property app::$rs_item_diseases is deprecated in C:\xampp\Desktop\mdcnpal\htdocs\public_html\core\app.php on line 434
[2026-07-06 17:58:25] Creation of dynamic property app::$rs_item_home_category is deprecated in C:\xampp\Desktop\mdcnpal\htdocs\public_html\core\app.php on line 434
[2026-07-06 17:58:25] Creation of dynamic property app::$rs_item_banner_category is deprecated in C:\xampp\Desktop\mdcnpal\htdocs\public_html\core\app.php on line 434
[2026-07-06 17:58:25] Creation of dynamic property app::$rs_services is deprecated in C:\xampp\Desktop\mdcnpal\htdocs\public_html\core\app.php on line 434
[2026-07-06 17:58:25] Creation of dynamic property app::$rs_blog is deprecated in C:\xampp\Desktop\mdcnpal\htdocs\public_html\core\app.php on line 434
[2026-07-06 17:58:25] Creation of dynamic property app::$rs_category is deprecated in C:\xampp\Desktop\mdcnpal\htdocs\public_html\core\app.php on line 434
[2026-07-06 17:58:25] Creation of dynamic property app::$rs_faq_data is deprecated in C:\xampp\Desktop\mdcnpal\htdocs\public_html\core\app.php on line 434
[2026-07-06 17:58:25] Creation of dynamic property app::$rs_gallery_data is deprecated in C:\xampp\Desktop\mdcnpal\htdocs\public_html\core\app.php on line 434
[2026-07-06 17:58:25] Undefined property: app::$rs_cartmini in C:\xampp\Desktop\mdcnpal\htdocs\public_html\includes\header.php on line 131
[2026-07-06 17:58:25] Undefined array key "MDRCCustID" in C:\xampp\Desktop\mdcnpal\htdocs\public_html\includes\header.php on line 134
[2026-07-06 17:58:25] Undefined property: app::$rs_cartmini in C:\xampp\Desktop\mdcnpal\htdocs\public_html\includes\header.php on line 197
[2026-07-06 17:58:25] Undefined array key "MDRCCustID" in C:\xampp\Desktop\mdcnpal\htdocs\public_html\includes\header.php on line 200
[2026-07-06 17:58:25] Undefined property: app::$rs_cartmini in C:\xampp\Desktop\mdcnpal\htdocs\public_html\includes\header.php on line 469
[2026-07-06 17:58:25] Undefined array key "MDRCCustID" in C:\xampp\Desktop\mdcnpal\htdocs\public_html\includes\header.php on line 472
[2026-07-06 17:58:25] Undefined property: app::$rs_cartmini in C:\xampp\Desktop\mdcnpal\htdocs\public_html\includes\header.php on line 525
[2026-07-06 17:58:25] Undefined array key "MDRCCustID" in C:\xampp\Desktop\mdcnpal\htdocs\public_html\includes\header.php on line 528
[2026-07-06 17:58:25] Undefined property: app::$rs_customer in C:\xampp\Desktop\mdcnpal\htdocs\public_html\includes\header.php on line 712
[2026-07-06 17:58:25] Trying to access array offset on value of type null in C:\xampp\Desktop\mdcnpal\htdocs\public_html\includes\header.php on line 712
[2026-07-06 17:58:25] Undefined property: app::$rs_customer in C:\xampp\Desktop\mdcnpal\htdocs\public_html\includes\header.php on line 721
[2026-07-06 17:58:25] Trying to access array offset on value of type null in C:\xampp\Desktop\mdcnpal\htdocs\public_html\includes\header.php on line 721
[2026-07-06 17:58:25] Undefined property: app::$rs_customer in C:\xampp\Desktop\mdcnpal\htdocs\public_html\includes\header.php on line 730
[2026-07-06 17:58:25] Trying to access array offset on value of type null in C:\xampp\Desktop\mdcnpal\htdocs\public_html\includes\header.php on line 730
[2026-07-06 17:58:25] Undefined property: app::$rs_customer in C:\xampp\Desktop\mdcnpal\htdocs\public_html\includes\header.php on line 739
[2026-07-06 17:58:25] Trying to access array offset on value of type null in C:\xampp\Desktop\mdcnpal\htdocs\public_html\includes\header.php on line 739
[2026-07-06 17:58:25] Undefined variable $g_search_query in C:\xampp\Desktop\mdcnpal\htdocs\public_html\core\app.php(565) : eval()'d code on line 219
[2026-07-06 17:58:25] Undefined variable $department_cond in C:\xampp\Desktop\mdcnpal\htdocs\public_html\core\app.php(565) : eval()'d code on line 219
[2026-07-06 17:58:25] Undefined variable $type_cond in C:\xampp\Desktop\mdcnpal\htdocs\public_html\core\app.php(565) : eval()'d code on line 219
[2026-07-06 17:58:25] Undefined variable $dieses_cond in C:\xampp\Desktop\mdcnpal\htdocs\public_html\core\app.php(565) : eval()'d code on line 219
[2026-07-06 17:58:25] Undefined variable $popular_pack_cond in C:\xampp\Desktop\mdcnpal\htdocs\public_html\core\app.php(565) : eval()'d code on line 219
[2026-07-06 17:58:25] Undefined variable $g_search_query in C:\xampp\Desktop\mdcnpal\htdocs\public_html\core\app.php(565) : eval()'d code on line 219
[2026-07-06 17:58:25] Undefined variable $department_cond in C:\xampp\Desktop\mdcnpal\htdocs\public_html\core\app.php(565) : eval()'d code on line 219
[2026-07-06 17:58:25] Undefined variable $type_cond in C:\xampp\Desktop\mdcnpal\htdocs\public_html\core\app.php(565) : eval()'d code on line 219
[2026-07-06 17:58:25] Undefined variable $dieses_cond in C:\xampp\Desktop\mdcnpal\htdocs\public_html\core\app.php(565) : eval()'d code on line 219
[2026-07-06 17:58:25] Undefined variable $popular_pack_cond in C:\xampp\Desktop\mdcnpal\htdocs\public_html\core\app.php(565) : eval()'d code on line 219
[2026-07-06 17:58:25] Undefined variable $g_search_query in C:\xampp\Desktop\mdcnpal\htdocs\public_html\core\app.php(565) : eval()'d code on line 219
[2026-07-06 17:58:25] Undefined variable $department_cond in C:\xampp\Desktop\mdcnpal\htdocs\public_html\core\app.php(565) : eval()'d code on line 219
[2026-07-06 17:58:25] Undefined variable $type_cond in C:\xampp\Desktop\mdcnpal\htdocs\public_html\core\app.php(565) : eval()'d code on line 219
[2026-07-06 17:58:25] Undefined variable $dieses_cond in C:\xampp\Desktop\mdcnpal\htdocs\public_html\core\app.php(565) : eval()'d code on line 219
[2026-07-06 17:58:25] Undefined variable $popular_pack_cond in C:\xampp\Desktop\mdcnpal\htdocs\public_html\core\app.php(565) : eval()'d code on line 219
[2026-07-06 17:58:25] Undefined variable $g_search_query in C:\xampp\Desktop\mdcnpal\htdocs\public_html\core\app.php(565) : eval()'d code on line 219
[2026-07-06 17:58:25] Undefined variable $department_cond in C:\xampp\Desktop\mdcnpal\htdocs\public_html\core\app.php(565) : eval()'d code on line 219
[2026-07-06 17:58:25] Undefined variable $type_cond in C:\xampp\Desktop\mdcnpal\htdocs\public_html\core\app.php(565) : eval()'d code on line 219
[2026-07-06 17:58:25] Undefined variable $dieses_cond in C:\xampp\Desktop\mdcnpal\htdocs\public_html\core\app.php(565) : eval()'d code on line 219
[2026-07-06 17:58:25] Undefined variable $popular_pack_cond in C:\xampp\Desktop\mdcnpal\htdocs\public_html\core\app.php(565) : eval()'d code on line 219
[2026-07-06 17:58:25] Undefined variable $g_search_query in C:\xampp\Desktop\mdcnpal\htdocs\public_html\core\app.php(565) : eval()'d code on line 219
[2026-07-06 17:58:25] Undefined variable $department_cond in C:\xampp\Desktop\mdcnpal\htdocs\public_html\core\app.php(565) : eval()'d code on line 219
[2026-07-06 17:58:25] Undefined variable $type_cond in C:\xampp\Desktop\mdcnpal\htdocs\public_html\core\app.php(565) : eval()'d code on line 219
[2026-07-06 17:58:25] Undefined variable $dieses_cond in C:\xampp\Desktop\mdcnpal\htdocs\public_html\core\app.php(565) : eval()'d code on line 219
[2026-07-06 17:58:25] Undefined variable $popular_pack_cond in C:\xampp\Desktop\mdcnpal\htdocs\public_html\core\app.php(565) : eval()'d code on line 219
[2026-07-06 17:58:25] Undefined property: app::$rs_customer in C:\xampp\Desktop\mdcnpal\htdocs\public_html\includes\footer.php on line 357
[2026-07-06 17:58:25] Trying to access array offset on value of type null in C:\xampp\Desktop\mdcnpal\htdocs\public_html\includes\footer.php on line 357
[2026-07-06 17:58:25] Undefined property: app::$rs_customer in C:\xampp\Desktop\mdcnpal\htdocs\public_html\includes\footer.php on line 366
[2026-07-06 17:58:25] Trying to access array offset on value of type null in C:\xampp\Desktop\mdcnpal\htdocs\public_html\includes\footer.php on line 366
[2026-07-06 17:58:25] Undefined property: app::$rs_customer in C:\xampp\Desktop\mdcnpal\htdocs\public_html\includes\footer.php on line 372
[2026-07-06 17:58:25] Trying to access array offset on value of type null in C:\xampp\Desktop\mdcnpal\htdocs\public_html\includes\footer.php on line 372
[2026-07-06 17:58:25] Undefined property: app::$rs_customer in C:\xampp\Desktop\mdcnpal\htdocs\public_html\includes\general_data.php on line 88
[2026-07-06 17:58:25] Trying to access array offset on value of type null in C:\xampp\Desktop\mdcnpal\htdocs\public_html\includes\general_data.php on line 88
[2026-07-06 17:58:25] Undefined array key "MDRCCustID" in C:\xampp\Desktop\mdcnpal\htdocs\public_html\includes\general_data.php on line 88
[2026-07-06 17:58:25] Undefined variable $tmpStr in C:\xampp\Desktop\mdcnpal\htdocs\public_html\core\app.php on line 971
[2026-07-06 17:58:27] Creation of dynamic property dbclass::$RECORD_SET is deprecated in C:\xampp\Desktop\mdcnpal\htdocs\public_html\core\dbclass.php on line 69
[2026-07-06 17:58:27] Creation of dynamic property dbclass::$app is deprecated in C:\xampp\Desktop\mdcnpal\htdocs\public_html\core\dbclass.php on line 75
[2026-07-06 17:58:27] Creation of dynamic property model::$foreign_tables is deprecated in C:\xampp\Desktop\mdcnpal\htdocs\public_html\core\model.php on line 43
[2026-07-06 17:58:27] Creation of dynamic property app::$inputfilter is deprecated in C:\xampp\Desktop\mdcnpal\htdocs\public_html\core\app.php on line 123
[2026-07-06 17:58:27] Creation of dynamic property app::$userconfig is deprecated in C:\xampp\Desktop\mdcnpal\htdocs\public_html\core\app.php on line 124
[2026-07-06 17:58:27] Creation of dynamic property app::$global_include is deprecated in C:\xampp\Desktop\mdcnpal\htdocs\public_html\core\app.php on line 125
[2026-07-06 17:58:27] Creation of dynamic property app::$set_cache_time is deprecated in C:\xampp\Desktop\mdcnpal\htdocs\public_html\core\app.php on line 153
[2026-07-06 17:58:27] Undefined variable $RESULT in C:\xampp\Desktop\mdcnpal\htdocs\public_html\scripts\ajax\selectCityUsingGoogleMapApi.php on line 69
[2026-07-06 17:58:27] Undefined variable $URL in C:\xampp\Desktop\mdcnpal\htdocs\public_html\scripts\ajax\selectCityUsingGoogleMapApi.php on line 73
[2026-07-06 17:58:58] Creation of dynamic property dbclass::$RECORD_SET is deprecated in C:\xampp\Desktop\mdcnpal\htdocs\public_html\core\dbclass.php on line 69
[2026-07-06 17:58:58] Creation of dynamic property dbclass::$app is deprecated in C:\xampp\Desktop\mdcnpal\htdocs\public_html\core\dbclass.php on line 75
[2026-07-06 17:58:58] Creation of dynamic property model::$foreign_tables is deprecated in C:\xampp\Desktop\mdcnpal\htdocs\public_html\core\model.php on line 43
[2026-07-06 17:58:58] Creation of dynamic property app::$inputfilter is deprecated in C:\xampp\Desktop\mdcnpal\htdocs\public_html\core\app.php on line 123
[2026-07-06 17:58:58] Creation of dynamic property app::$userconfig is deprecated in C:\xampp\Desktop\mdcnpal\htdocs\public_html\core\app.php on line 124
[2026-07-06 17:58:58] Creation of dynamic property app::$global_include is deprecated in C:\xampp\Desktop\mdcnpal\htdocs\public_html\core\app.php on line 125
[2026-07-06 17:58:58] Creation of dynamic property app::$set_cache_time is deprecated in C:\xampp\Desktop\mdcnpal\htdocs\public_html\core\app.php on line 153
[2026-07-06 17:58:58] Creation of dynamic property app::$meta is deprecated in C:\xampp\Desktop\mdcnpal\htdocs\public_html\core\app.php on line 434
[2026-07-06 17:58:58] Creation of dynamic property app::$rs_gs_city is deprecated in C:\xampp\Desktop\mdcnpal\htdocs\public_html\core\app.php on line 434
[2026-07-06 17:58:58] Creation of dynamic property app::$rs_footer_popular_item is deprecated in C:\xampp\Desktop\mdcnpal\htdocs\public_html\core\app.php on line 434
[2026-07-06 17:58:58] Creation of dynamic property app::$rs_footer_popular_test is deprecated in C:\xampp\Desktop\mdcnpal\htdocs\public_html\core\app.php on line 434
[2026-07-06 17:58:58] Creation of dynamic property app::$rs_testimonial is deprecated in C:\xampp\Desktop\mdcnpal\htdocs\public_html\core\app.php on line 434
[2026-07-06 17:58:58] Creation of dynamic property app::$admin is deprecated in C:\xampp\Desktop\mdcnpal\htdocs\public_html\core\app.php on line 434
[2026-07-06 17:58:58] Undefined array key 0 in C:\xampp\Desktop\mdcnpal\htdocs\public_html\core\global_include.php on line 514
[2026-07-06 17:58:58] Creation of dynamic property app::$popup is deprecated in C:\xampp\Desktop\mdcnpal\htdocs\public_html\core\app.php on line 434
[2026-07-06 17:58:58] Undefined array key "MDRCCustID" in C:\xampp\Desktop\mdcnpal\htdocs\public_html\core\global_include.php on line 515
[2026-07-06 17:58:58] Undefined array key "MDRCToken" in C:\xampp\Desktop\mdcnpal\htdocs\public_html\core\global_include.php on line 515
[2026-07-06 17:58:58] Creation of dynamic property app::$rscategory is deprecated in C:\xampp\Desktop\mdcnpal\htdocs\public_html\core\app.php on line 434
[2026-07-06 17:58:58] Creation of dynamic property app::$rs_pages is deprecated in C:\xampp\Desktop\mdcnpal\htdocs\public_html\core\app.php on line 434
[2026-07-06 17:58:59] Creation of dynamic property app::$gs is deprecated in C:\xampp\Desktop\mdcnpal\htdocs\public_html\core\app.php on line 434
[2026-07-06 17:58:59] Undefined array key "MDRCCustID" in C:\xampp\Desktop\mdcnpal\htdocs\public_html\core\global_include.php on line 596
[2026-07-06 17:58:59] Undefined array key "MDRCCustID" in C:\xampp\Desktop\mdcnpal\htdocs\public_html\core\global_include.php on line 615
[2026-07-06 17:58:59] Undefined variable $getId in C:\xampp\Desktop\mdcnpal\htdocs\public_html\core\global_include.php on line 684
[2026-07-06 17:58:59] Undefined variable $getName in C:\xampp\Desktop\mdcnpal\htdocs\public_html\core\global_include.php on line 685
[2026-07-06 17:58:59] Undefined array key 0 in C:\xampp\Desktop\mdcnpal\htdocs\public_html\core\global_include.php on line 810
[2026-07-06 17:58:59] Creation of dynamic property app::$rs_offer_msg is deprecated in C:\xampp\Desktop\mdcnpal\htdocs\public_html\core\app.php on line 434
[2026-07-06 17:58:59] Creation of dynamic property app::$rs_for_doctors is deprecated in C:\xampp\Desktop\mdcnpal\htdocs\public_html\core\app.php on line 434
[2026-07-06 17:58:59] Creation of dynamic property app::$description is deprecated in C:\xampp\Desktop\mdcnpal\htdocs\public_html\core\app.php on line 434
[2026-07-06 17:58:59] Creation of dynamic property app::$rs_banner is deprecated in C:\xampp\Desktop\mdcnpal\htdocs\public_html\core\app.php on line 434
[2026-07-06 17:58:59] Creation of dynamic property app::$rs_item_diseases is deprecated in C:\xampp\Desktop\mdcnpal\htdocs\public_html\core\app.php on line 434
[2026-07-06 17:58:59] Creation of dynamic property app::$rs_item_home_category is deprecated in C:\xampp\Desktop\mdcnpal\htdocs\public_html\core\app.php on line 434
[2026-07-06 17:58:59] Creation of dynamic property app::$rs_item_banner_category is deprecated in C:\xampp\Desktop\mdcnpal\htdocs\public_html\core\app.php on line 434
[2026-07-06 17:58:59] Creation of dynamic property app::$rs_services is deprecated in C:\xampp\Desktop\mdcnpal\htdocs\public_html\core\app.php on line 434
[2026-07-06 17:58:59] Creation of dynamic property app::$rs_blog is deprecated in C:\xampp\Desktop\mdcnpal\htdocs\public_html\core\app.php on line 434
[2026-07-06 17:58:59] Creation of dynamic property app::$rs_category is deprecated in C:\xampp\Desktop\mdcnpal\htdocs\public_html\core\app.php on line 434
[2026-07-06 17:58:59] Creation of dynamic property app::$rs_faq_data is deprecated in C:\xampp\Desktop\mdcnpal\htdocs\public_html\core\app.php on line 434
[2026-07-06 17:58:59] Creation of dynamic property app::$rs_gallery_data is deprecated in C:\xampp\Desktop\mdcnpal\htdocs\public_html\core\app.php on line 434
[2026-07-06 17:58:59] Undefined property: app::$rs_cartmini in C:\xampp\Desktop\mdcnpal\htdocs\public_html\includes\header.php on line 131
[2026-07-06 17:58:59] Undefined array key "MDRCCustID" in C:\xampp\Desktop\mdcnpal\htdocs\public_html\includes\header.php on line 134
[2026-07-06 17:58:59] Undefined property: app::$rs_cartmini in C:\xampp\Desktop\mdcnpal\htdocs\public_html\includes\header.php on line 197
[2026-07-06 17:58:59] Undefined array key "MDRCCustID" in C:\xampp\Desktop\mdcnpal\htdocs\public_html\includes\header.php on line 200
[2026-07-06 17:58:59] Undefined property: app::$rs_cartmini in C:\xampp\Desktop\mdcnpal\htdocs\public_html\includes\header.php on line 469
[2026-07-06 17:58:59] Undefined array key "MDRCCustID" in C:\xampp\Desktop\mdcnpal\htdocs\public_html\includes\header.php on line 472
[2026-07-06 17:58:59] Undefined property: app::$rs_cartmini in C:\xampp\Desktop\mdcnpal\htdocs\public_html\includes\header.php on line 525
[2026-07-06 17:58:59] Undefined array key "MDRCCustID" in C:\xampp\Desktop\mdcnpal\htdocs\public_html\includes\header.php on line 528
[2026-07-06 17:58:59] Undefined property: app::$rs_customer in C:\xampp\Desktop\mdcnpal\htdocs\public_html\includes\header.php on line 712
[2026-07-06 17:58:59] Trying to access array offset on value of type null in C:\xampp\Desktop\mdcnpal\htdocs\public_html\includes\header.php on line 712
[2026-07-06 17:58:59] Undefined property: app::$rs_customer in C:\xampp\Desktop\mdcnpal\htdocs\public_html\includes\header.php on line 721
[2026-07-06 17:58:59] Trying to access array offset on value of type null in C:\xampp\Desktop\mdcnpal\htdocs\public_html\includes\header.php on line 721
[2026-07-06 17:58:59] Undefined property: app::$rs_customer in C:\xampp\Desktop\mdcnpal\htdocs\public_html\includes\header.php on line 730
[2026-07-06 17:58:59] Trying to access array offset on value of type null in C:\xampp\Desktop\mdcnpal\htdocs\public_html\includes\header.php on line 730
[2026-07-06 17:58:59] Undefined property: app::$rs_customer in C:\xampp\Desktop\mdcnpal\htdocs\public_html\includes\header.php on line 739
[2026-07-06 17:58:59] Trying to access array offset on value of type null in C:\xampp\Desktop\mdcnpal\htdocs\public_html\includes\header.php on line 739
[2026-07-06 17:58:59] Undefined variable $g_search_query in C:\xampp\Desktop\mdcnpal\htdocs\public_html\core\app.php(565) : eval()'d code on line 219
[2026-07-06 17:58:59] Undefined variable $department_cond in C:\xampp\Desktop\mdcnpal\htdocs\public_html\core\app.php(565) : eval()'d code on line 219
[2026-07-06 17:58:59] Undefined variable $type_cond in C:\xampp\Desktop\mdcnpal\htdocs\public_html\core\app.php(565) : eval()'d code on line 219
[2026-07-06 17:58:59] Undefined variable $dieses_cond in C:\xampp\Desktop\mdcnpal\htdocs\public_html\core\app.php(565) : eval()'d code on line 219
[2026-07-06 17:58:59] Undefined variable $popular_pack_cond in C:\xampp\Desktop\mdcnpal\htdocs\public_html\core\app.php(565) : eval()'d code on line 219
[2026-07-06 17:58:59] Undefined variable $g_search_query in C:\xampp\Desktop\mdcnpal\htdocs\public_html\core\app.php(565) : eval()'d code on line 219
[2026-07-06 17:58:59] Undefined variable $department_cond in C:\xampp\Desktop\mdcnpal\htdocs\public_html\core\app.php(565) : eval()'d code on line 219
[2026-07-06 17:58:59] Undefined variable $type_cond in C:\xampp\Desktop\mdcnpal\htdocs\public_html\core\app.php(565) : eval()'d code on line 219
[2026-07-06 17:58:59] Undefined variable $dieses_cond in C:\xampp\Desktop\mdcnpal\htdocs\public_html\core\app.php(565) : eval()'d code on line 219
[2026-07-06 17:58:59] Undefined variable $popular_pack_cond in C:\xampp\Desktop\mdcnpal\htdocs\public_html\core\app.php(565) : eval()'d code on line 219
[2026-07-06 17:58:59] Undefined variable $g_search_query in C:\xampp\Desktop\mdcnpal\htdocs\public_html\core\app.php(565) : eval()'d code on line 219
[2026-07-06 17:58:59] Undefined variable $department_cond in C:\xampp\Desktop\mdcnpal\htdocs\public_html\core\app.php(565) : eval()'d code on line 219
[2026-07-06 17:58:59] Undefined variable $type_cond in C:\xampp\Desktop\mdcnpal\htdocs\public_html\core\app.php(565) : eval()'d code on line 219
[2026-07-06 17:58:59] Undefined variable $dieses_cond in C:\xampp\Desktop\mdcnpal\htdocs\public_html\core\app.php(565) : eval()'d code on line 219
[2026-07-06 17:58:59] Undefined variable $popular_pack_cond in C:\xampp\Desktop\mdcnpal\htdocs\public_html\core\app.php(565) : eval()'d code on line 219
[2026-07-06 17:58:59] Undefined variable $g_search_query in C:\xampp\Desktop\mdcnpal\htdocs\public_html\core\app.php(565) : eval()'d code on line 219
[2026-07-06 17:58:59] Undefined variable $department_cond in C:\xampp\Desktop\mdcnpal\htdocs\public_html\core\app.php(565) : eval()'d code on line 219
[2026-07-06 17:58:59] Undefined variable $type_cond in C:\xampp\Desktop\mdcnpal\htdocs\public_html\core\app.php(565) : eval()'d code on line 219
[2026-07-06 17:58:59] Undefined variable $dieses_cond in C:\xampp\Desktop\mdcnpal\htdocs\public_html\core\app.php(565) : eval()'d code on line 219
[2026-07-06 17:58:59] Undefined variable $popular_pack_cond in C:\xampp\Desktop\mdcnpal\htdocs\public_html\core\app.php(565) : eval()'d code on line 219
[2026-07-06 17:58:59] Undefined variable $g_search_query in C:\xampp\Desktop\mdcnpal\htdocs\public_html\core\app.php(565) : eval()'d code on line 219
[2026-07-06 17:58:59] Undefined variable $department_cond in C:\xampp\Desktop\mdcnpal\htdocs\public_html\core\app.php(565) : eval()'d code on line 219
[2026-07-06 17:58:59] Undefined variable $type_cond in C:\xampp\Desktop\mdcnpal\htdocs\public_html\core\app.php(565) : eval()'d code on line 219
[2026-07-06 17:58:59] Undefined variable $dieses_cond in C:\xampp\Desktop\mdcnpal\htdocs\public_html\core\app.php(565) : eval()'d code on line 219
[2026-07-06 17:58:59] Undefined variable $popular_pack_cond in C:\xampp\Desktop\mdcnpal\htdocs\public_html\core\app.php(565) : eval()'d code on line 219
[2026-07-06 17:58:59] Undefined property: app::$rs_customer in C:\xampp\Desktop\mdcnpal\htdocs\public_html\includes\footer.php on line 357
[2026-07-06 17:58:59] Trying to access array offset on value of type null in C:\xampp\Desktop\mdcnpal\htdocs\public_html\includes\footer.php on line 357
[2026-07-06 17:58:59] Undefined property: app::$rs_customer in C:\xampp\Desktop\mdcnpal\htdocs\public_html\includes\footer.php on line 366
[2026-07-06 17:58:59] Trying to access array offset on value of type null in C:\xampp\Desktop\mdcnpal\htdocs\public_html\includes\footer.php on line 366
[2026-07-06 17:58:59] Undefined property: app::$rs_customer in C:\xampp\Desktop\mdcnpal\htdocs\public_html\includes\footer.php on line 372
[2026-07-06 17:58:59] Trying to access array offset on value of type null in C:\xampp\Desktop\mdcnpal\htdocs\public_html\includes\footer.php on line 372
[2026-07-06 17:58:59] Undefined property: app::$rs_customer in C:\xampp\Desktop\mdcnpal\htdocs\public_html\includes\general_data.php on line 88
[2026-07-06 17:58:59] Trying to access array offset on value of type null in C:\xampp\Desktop\mdcnpal\htdocs\public_html\includes\general_data.php on line 88
[2026-07-06 17:58:59] Undefined array key "MDRCCustID" in C:\xampp\Desktop\mdcnpal\htdocs\public_html\includes\general_data.php on line 88
[2026-07-06 17:58:59] Undefined variable $tmpStr in C:\xampp\Desktop\mdcnpal\htdocs\public_html\core\app.php on line 971
[2026-07-06 17:59:01] Creation of dynamic property dbclass::$RECORD_SET is deprecated in C:\xampp\Desktop\mdcnpal\htdocs\public_html\core\dbclass.php on line 69
[2026-07-06 17:59:01] Creation of dynamic property dbclass::$app is deprecated in C:\xampp\Desktop\mdcnpal\htdocs\public_html\core\dbclass.php on line 75
[2026-07-06 17:59:01] Creation of dynamic property model::$foreign_tables is deprecated in C:\xampp\Desktop\mdcnpal\htdocs\public_html\core\model.php on line 43
[2026-07-06 17:59:01] Creation of dynamic property app::$inputfilter is deprecated in C:\xampp\Desktop\mdcnpal\htdocs\public_html\core\app.php on line 123
[2026-07-06 17:59:01] Creation of dynamic property app::$userconfig is deprecated in C:\xampp\Desktop\mdcnpal\htdocs\public_html\core\app.php on line 124
[2026-07-06 17:59:01] Creation of dynamic property app::$global_include is deprecated in C:\xampp\Desktop\mdcnpal\htdocs\public_html\core\app.php on line 125
[2026-07-06 17:59:01] Creation of dynamic property app::$set_cache_time is deprecated in C:\xampp\Desktop\mdcnpal\htdocs\public_html\core\app.php on line 153
[2026-07-06 17:59:01] Undefined variable $RESULT in C:\xampp\Desktop\mdcnpal\htdocs\public_html\scripts\ajax\selectCityUsingGoogleMapApi.php on line 69
[2026-07-06 17:59:01] Undefined variable $URL in C:\xampp\Desktop\mdcnpal\htdocs\public_html\scripts\ajax\selectCityUsingGoogleMapApi.php on line 73
[2026-07-06 17:59:22] Creation of dynamic property dbclass::$RECORD_SET is deprecated in C:\xampp\Desktop\mdcnpal\htdocs\public_html\core\dbclass.php on line 69
[2026-07-06 17:59:22] Creation of dynamic property dbclass::$app is deprecated in C:\xampp\Desktop\mdcnpal\htdocs\public_html\core\dbclass.php on line 75
[2026-07-06 17:59:22] Creation of dynamic property model::$foreign_tables is deprecated in C:\xampp\Desktop\mdcnpal\htdocs\public_html\core\model.php on line 43
[2026-07-06 17:59:22] Creation of dynamic property app::$inputfilter is deprecated in C:\xampp\Desktop\mdcnpal\htdocs\public_html\core\app.php on line 123
[2026-07-06 17:59:22] Creation of dynamic property app::$userconfig is deprecated in C:\xampp\Desktop\mdcnpal\htdocs\public_html\core\app.php on line 124
[2026-07-06 17:59:22] Creation of dynamic property app::$global_include is deprecated in C:\xampp\Desktop\mdcnpal\htdocs\public_html\core\app.php on line 125
[2026-07-06 17:59:22] Creation of dynamic property app::$set_cache_time is deprecated in C:\xampp\Desktop\mdcnpal\htdocs\public_html\core\app.php on line 153
[2026-07-06 17:59:22] Creation of dynamic property app::$record is deprecated in C:\xampp\Desktop\mdcnpal\htdocs\public_html\core\app.php on line 434
[2026-07-06 17:59:22] Creation of dynamic property app::$field_record_per_page is deprecated in C:\xampp\Desktop\mdcnpal\htdocs\public_html\core\app.php on line 434
[2026-07-06 17:59:22] Undefined array key "search_by" in C:\xampp\Desktop\mdcnpal\htdocs\public_html\core\global_include.php on line 73
[2026-07-06 17:59:22] Undefined array key "current_page" in C:\xampp\Desktop\mdcnpal\htdocs\public_html\core\global_include.php on line 77
[2026-07-06 17:59:22] Undefined array key "admin" in C:\xampp\Desktop\mdcnpal\htdocs\public_html\core\global_include.php on line 90
[2026-07-06 17:59:22] Undefined array key 0 in C:\xampp\Desktop\mdcnpal\htdocs\public_html\core\global_include.php on line 91
[2026-07-06 17:59:22] Creation of dynamic property app::$rs_admin is deprecated in C:\xampp\Desktop\mdcnpal\htdocs\public_html\core\app.php on line 434
[2026-07-06 17:59:22] Undefined array key "admin" in C:\xampp\Desktop\mdcnpal\htdocs\public_html\core\global_include.php on line 92
[2026-07-06 17:59:22] Creation of dynamic property app::$gs is deprecated in C:\xampp\Desktop\mdcnpal\htdocs\public_html\core\app.php on line 434
[2026-07-06 17:59:22] Undefined variable $tmpStr in C:\xampp\Desktop\mdcnpal\htdocs\public_html\core\app.php on line 971
[2026-07-06 17:59:25] Creation of dynamic property dbclass::$RECORD_SET is deprecated in C:\xampp\Desktop\mdcnpal\htdocs\public_html\core\dbclass.php on line 69
[2026-07-06 17:59:25] Creation of dynamic property dbclass::$app is deprecated in C:\xampp\Desktop\mdcnpal\htdocs\public_html\core\dbclass.php on line 75
[2026-07-06 17:59:25] Creation of dynamic property model::$foreign_tables is deprecated in C:\xampp\Desktop\mdcnpal\htdocs\public_html\core\model.php on line 43
[2026-07-06 17:59:25] Creation of dynamic property app::$inputfilter is deprecated in C:\xampp\Desktop\mdcnpal\htdocs\public_html\core\app.php on line 123
[2026-07-06 17:59:25] Creation of dynamic property app::$userconfig is deprecated in C:\xampp\Desktop\mdcnpal\htdocs\public_html\core\app.php on line 124
[2026-07-06 17:59:25] Creation of dynamic property app::$global_include is deprecated in C:\xampp\Desktop\mdcnpal\htdocs\public_html\core\app.php on line 125
[2026-07-06 17:59:25] Creation of dynamic property app::$set_cache_time is deprecated in C:\xampp\Desktop\mdcnpal\htdocs\public_html\core\app.php on line 153
[2026-07-06 17:59:26] Creation of dynamic property dbclass::$RECORD_SET is deprecated in C:\xampp\Desktop\mdcnpal\htdocs\public_html\core\dbclass.php on line 69
[2026-07-06 17:59:26] Creation of dynamic property dbclass::$app is deprecated in C:\xampp\Desktop\mdcnpal\htdocs\public_html\core\dbclass.php on line 75
[2026-07-06 17:59:26] Creation of dynamic property model::$foreign_tables is deprecated in C:\xampp\Desktop\mdcnpal\htdocs\public_html\core\model.php on line 43
[2026-07-06 17:59:26] Creation of dynamic property app::$inputfilter is deprecated in C:\xampp\Desktop\mdcnpal\htdocs\public_html\core\app.php on line 123
[2026-07-06 17:59:26] Creation of dynamic property app::$userconfig is deprecated in C:\xampp\Desktop\mdcnpal\htdocs\public_html\core\app.php on line 124
[2026-07-06 17:59:26] Creation of dynamic property app::$global_include is deprecated in C:\xampp\Desktop\mdcnpal\htdocs\public_html\core\app.php on line 125
[2026-07-06 17:59:26] Creation of dynamic property app::$set_cache_time is deprecated in C:\xampp\Desktop\mdcnpal\htdocs\public_html\core\app.php on line 153
[2026-07-06 17:59:26] Creation of dynamic property app::$record is deprecated in C:\xampp\Desktop\mdcnpal\htdocs\public_html\core\app.php on line 434
[2026-07-06 17:59:26] Creation of dynamic property app::$field_record_per_page is deprecated in C:\xampp\Desktop\mdcnpal\htdocs\public_html\core\app.php on line 434
[2026-07-06 17:59:26] Undefined array key "search_by" in C:\xampp\Desktop\mdcnpal\htdocs\public_html\core\global_include.php on line 73
[2026-07-06 17:59:26] Creation of dynamic property app::$rs_admin is deprecated in C:\xampp\Desktop\mdcnpal\htdocs\public_html\core\app.php on line 434
[2026-07-06 17:59:26] Creation of dynamic property app::$gs is deprecated in C:\xampp\Desktop\mdcnpal\htdocs\public_html\core\app.php on line 434
[2026-07-06 17:59:26] Creation of dynamic property app::$TOTAL_PRO is deprecated in C:\xampp\Desktop\mdcnpal\htdocs\public_html\core\controller.php on line 87
[2026-07-06 17:59:26] Creation of dynamic property app::$TOTAL_OM is deprecated in C:\xampp\Desktop\mdcnpal\htdocs\public_html\core\controller.php on line 87
[2026-07-06 17:59:26] Creation of dynamic property app::$TOTAL_USER is deprecated in C:\xampp\Desktop\mdcnpal\htdocs\public_html\core\controller.php on line 87
[2026-07-06 17:59:26] Creation of dynamic property app::$TOTAL_TODAY is deprecated in C:\xampp\Desktop\mdcnpal\htdocs\public_html\core\controller.php on line 87
[2026-07-06 17:59:26] Creation of dynamic property app::$TOTAL_CONFIRM is deprecated in C:\xampp\Desktop\mdcnpal\htdocs\public_html\core\controller.php on line 87
[2026-07-06 17:59:26] Creation of dynamic property app::$TOTAL_CANCEL is deprecated in C:\xampp\Desktop\mdcnpal\htdocs\public_html\core\controller.php on line 87
[2026-07-06 17:59:26] Creation of dynamic property app::$rs_user is deprecated in C:\xampp\Desktop\mdcnpal\htdocs\public_html\core\app.php on line 434
[2026-07-06 17:59:26] Undefined variable $tmpStr in C:\xampp\Desktop\mdcnpal\htdocs\public_html\core\app.php on line 971
[2026-07-06 17:59:39] Creation of dynamic property dbclass::$RECORD_SET is deprecated in C:\xampp\Desktop\mdcnpal\htdocs\public_html\core\dbclass.php on line 69
[2026-07-06 17:59:39] Creation of dynamic property dbclass::$app is deprecated in C:\xampp\Desktop\mdcnpal\htdocs\public_html\core\dbclass.php on line 75
[2026-07-06 17:59:39] Creation of dynamic property model::$foreign_tables is deprecated in C:\xampp\Desktop\mdcnpal\htdocs\public_html\core\model.php on line 43
[2026-07-06 17:59:39] Creation of dynamic property app::$inputfilter is deprecated in C:\xampp\Desktop\mdcnpal\htdocs\public_html\core\app.php on line 123
[2026-07-06 17:59:39] Creation of dynamic property app::$userconfig is deprecated in C:\xampp\Desktop\mdcnpal\htdocs\public_html\core\app.php on line 124
[2026-07-06 17:59:39] Creation of dynamic property app::$global_include is deprecated in C:\xampp\Desktop\mdcnpal\htdocs\public_html\core\app.php on line 125
[2026-07-06 17:59:39] Creation of dynamic property app::$set_cache_time is deprecated in C:\xampp\Desktop\mdcnpal\htdocs\public_html\core\app.php on line 153
[2026-07-06 17:59:39] Creation of dynamic property app::$meta is deprecated in C:\xampp\Desktop\mdcnpal\htdocs\public_html\core\app.php on line 434
[2026-07-06 17:59:39] Creation of dynamic property app::$rs_gs_city is deprecated in C:\xampp\Desktop\mdcnpal\htdocs\public_html\core\app.php on line 434
[2026-07-06 17:59:39] Creation of dynamic property app::$rs_footer_popular_item is deprecated in C:\xampp\Desktop\mdcnpal\htdocs\public_html\core\app.php on line 434
[2026-07-06 17:59:39] Creation of dynamic property app::$rs_footer_popular_test is deprecated in C:\xampp\Desktop\mdcnpal\htdocs\public_html\core\app.php on line 434
[2026-07-06 17:59:39] Creation of dynamic property app::$rs_testimonial is deprecated in C:\xampp\Desktop\mdcnpal\htdocs\public_html\core\app.php on line 434
[2026-07-06 17:59:39] Creation of dynamic property app::$admin is deprecated in C:\xampp\Desktop\mdcnpal\htdocs\public_html\core\app.php on line 434
[2026-07-06 17:59:39] Undefined array key 0 in C:\xampp\Desktop\mdcnpal\htdocs\public_html\core\global_include.php on line 514
[2026-07-06 17:59:39] Creation of dynamic property app::$popup is deprecated in C:\xampp\Desktop\mdcnpal\htdocs\public_html\core\app.php on line 434
[2026-07-06 17:59:39] Undefined array key "MDRCCustID" in C:\xampp\Desktop\mdcnpal\htdocs\public_html\core\global_include.php on line 515
[2026-07-06 17:59:39] Undefined array key "MDRCToken" in C:\xampp\Desktop\mdcnpal\htdocs\public_html\core\global_include.php on line 515
[2026-07-06 17:59:39] Creation of dynamic property app::$rscategory is deprecated in C:\xampp\Desktop\mdcnpal\htdocs\public_html\core\app.php on line 434
[2026-07-06 17:59:39] Creation of dynamic property app::$rs_pages is deprecated in C:\xampp\Desktop\mdcnpal\htdocs\public_html\core\app.php on line 434
[2026-07-06 17:59:39] Creation of dynamic property app::$gs is deprecated in C:\xampp\Desktop\mdcnpal\htdocs\public_html\core\app.php on line 434
[2026-07-06 17:59:39] Undefined array key "MDRCCustID" in C:\xampp\Desktop\mdcnpal\htdocs\public_html\core\global_include.php on line 596
[2026-07-06 17:59:39] Undefined array key "MDRCCustID" in C:\xampp\Desktop\mdcnpal\htdocs\public_html\core\global_include.php on line 615
[2026-07-06 17:59:39] Undefined variable $getId in C:\xampp\Desktop\mdcnpal\htdocs\public_html\core\global_include.php on line 684
[2026-07-06 17:59:39] Undefined variable $getName in C:\xampp\Desktop\mdcnpal\htdocs\public_html\core\global_include.php on line 685
[2026-07-06 17:59:39] Undefined array key 0 in C:\xampp\Desktop\mdcnpal\htdocs\public_html\core\global_include.php on line 810
[2026-07-06 17:59:39] Creation of dynamic property app::$rs_offer_msg is deprecated in C:\xampp\Desktop\mdcnpal\htdocs\public_html\core\app.php on line 434
[2026-07-06 17:59:39] Creation of dynamic property app::$rs_for_doctors is deprecated in C:\xampp\Desktop\mdcnpal\htdocs\public_html\core\app.php on line 434
[2026-07-06 17:59:39] Creation of dynamic property app::$description is deprecated in C:\xampp\Desktop\mdcnpal\htdocs\public_html\core\app.php on line 434
[2026-07-06 17:59:39] Creation of dynamic property app::$rs_banner is deprecated in C:\xampp\Desktop\mdcnpal\htdocs\public_html\core\app.php on line 434
[2026-07-06 17:59:39] Creation of dynamic property app::$rs_item_diseases is deprecated in C:\xampp\Desktop\mdcnpal\htdocs\public_html\core\app.php on line 434
[2026-07-06 17:59:39] Creation of dynamic property app::$rs_item_home_category is deprecated in C:\xampp\Desktop\mdcnpal\htdocs\public_html\core\app.php on line 434
[2026-07-06 17:59:39] Creation of dynamic property app::$rs_item_banner_category is deprecated in C:\xampp\Desktop\mdcnpal\htdocs\public_html\core\app.php on line 434
[2026-07-06 17:59:39] Creation of dynamic property app::$rs_services is deprecated in C:\xampp\Desktop\mdcnpal\htdocs\public_html\core\app.php on line 434
[2026-07-06 17:59:39] Creation of dynamic property app::$rs_blog is deprecated in C:\xampp\Desktop\mdcnpal\htdocs\public_html\core\app.php on line 434
[2026-07-06 17:59:39] Creation of dynamic property app::$rs_category is deprecated in C:\xampp\Desktop\mdcnpal\htdocs\public_html\core\app.php on line 434
[2026-07-06 17:59:39] Creation of dynamic property app::$rs_faq_data is deprecated in C:\xampp\Desktop\mdcnpal\htdocs\public_html\core\app.php on line 434
[2026-07-06 17:59:39] Creation of dynamic property app::$rs_gallery_data is deprecated in C:\xampp\Desktop\mdcnpal\htdocs\public_html\core\app.php on line 434
[2026-07-06 17:59:39] Undefined property: app::$rs_cartmini in C:\xampp\Desktop\mdcnpal\htdocs\public_html\includes\header.php on line 131
[2026-07-06 17:59:39] Undefined array key "MDRCCustID" in C:\xampp\Desktop\mdcnpal\htdocs\public_html\includes\header.php on line 134
[2026-07-06 17:59:39] Undefined property: app::$rs_cartmini in C:\xampp\Desktop\mdcnpal\htdocs\public_html\includes\header.php on line 197
[2026-07-06 17:59:39] Undefined array key "MDRCCustID" in C:\xampp\Desktop\mdcnpal\htdocs\public_html\includes\header.php on line 200
[2026-07-06 17:59:39] Undefined property: app::$rs_cartmini in C:\xampp\Desktop\mdcnpal\htdocs\public_html\includes\header.php on line 469
[2026-07-06 17:59:39] Undefined array key "MDRCCustID" in C:\xampp\Desktop\mdcnpal\htdocs\public_html\includes\header.php on line 472
[2026-07-06 17:59:39] Undefined property: app::$rs_cartmini in C:\xampp\Desktop\mdcnpal\htdocs\public_html\includes\header.php on line 525
[2026-07-06 17:59:39] Undefined array key "MDRCCustID" in C:\xampp\Desktop\mdcnpal\htdocs\public_html\includes\header.php on line 528
[2026-07-06 17:59:39] Undefined property: app::$rs_customer in C:\xampp\Desktop\mdcnpal\htdocs\public_html\includes\header.php on line 712
[2026-07-06 17:59:39] Trying to access array offset on value of type null in C:\xampp\Desktop\mdcnpal\htdocs\public_html\includes\header.php on line 712
[2026-07-06 17:59:39] Undefined property: app::$rs_customer in C:\xampp\Desktop\mdcnpal\htdocs\public_html\includes\header.php on line 721
[2026-07-06 17:59:39] Trying to access array offset on value of type null in C:\xampp\Desktop\mdcnpal\htdocs\public_html\includes\header.php on line 721
[2026-07-06 17:59:39] Undefined property: app::$rs_customer in C:\xampp\Desktop\mdcnpal\htdocs\public_html\includes\header.php on line 730
[2026-07-06 17:59:39] Trying to access array offset on value of type null in C:\xampp\Desktop\mdcnpal\htdocs\public_html\includes\header.php on line 730
[2026-07-06 17:59:39] Undefined property: app::$rs_customer in C:\xampp\Desktop\mdcnpal\htdocs\public_html\includes\header.php on line 739
[2026-07-06 17:59:39] Trying to access array offset on value of type null in C:\xampp\Desktop\mdcnpal\htdocs\public_html\includes\header.php on line 739
[2026-07-06 17:59:39] Undefined variable $g_search_query in C:\xampp\Desktop\mdcnpal\htdocs\public_html\core\app.php(565) : eval()'d code on line 219
[2026-07-06 17:59:39] Undefined variable $department_cond in C:\xampp\Desktop\mdcnpal\htdocs\public_html\core\app.php(565) : eval()'d code on line 219
[2026-07-06 17:59:39] Undefined variable $type_cond in C:\xampp\Desktop\mdcnpal\htdocs\public_html\core\app.php(565) : eval()'d code on line 219
[2026-07-06 17:59:39] Undefined variable $dieses_cond in C:\xampp\Desktop\mdcnpal\htdocs\public_html\core\app.php(565) : eval()'d code on line 219
[2026-07-06 17:59:39] Undefined variable $popular_pack_cond in C:\xampp\Desktop\mdcnpal\htdocs\public_html\core\app.php(565) : eval()'d code on line 219
[2026-07-06 17:59:40] Undefined variable $g_search_query in C:\xampp\Desktop\mdcnpal\htdocs\public_html\core\app.php(565) : eval()'d code on line 219
[2026-07-06 17:59:40] Undefined variable $department_cond in C:\xampp\Desktop\mdcnpal\htdocs\public_html\core\app.php(565) : eval()'d code on line 219
[2026-07-06 17:59:40] Undefined variable $type_cond in C:\xampp\Desktop\mdcnpal\htdocs\public_html\core\app.php(565) : eval()'d code on line 219
[2026-07-06 17:59:40] Undefined variable $dieses_cond in C:\xampp\Desktop\mdcnpal\htdocs\public_html\core\app.php(565) : eval()'d code on line 219
[2026-07-06 17:59:40] Undefined variable $popular_pack_cond in C:\xampp\Desktop\mdcnpal\htdocs\public_html\core\app.php(565) : eval()'d code on line 219
[2026-07-06 17:59:40] Undefined variable $g_search_query in C:\xampp\Desktop\mdcnpal\htdocs\public_html\core\app.php(565) : eval()'d code on line 219
[2026-07-06 17:59:40] Undefined variable $department_cond in C:\xampp\Desktop\mdcnpal\htdocs\public_html\core\app.php(565) : eval()'d code on line 219
[2026-07-06 17:59:40] Undefined variable $type_cond in C:\xampp\Desktop\mdcnpal\htdocs\public_html\core\app.php(565) : eval()'d code on line 219
[2026-07-06 17:59:40] Undefined variable $dieses_cond in C:\xampp\Desktop\mdcnpal\htdocs\public_html\core\app.php(565) : eval()'d code on line 219
[2026-07-06 17:59:40] Undefined variable $popular_pack_cond in C:\xampp\Desktop\mdcnpal\htdocs\public_html\core\app.php(565) : eval()'d code on line 219
[2026-07-06 17:59:40] Undefined variable $g_search_query in C:\xampp\Desktop\mdcnpal\htdocs\public_html\core\app.php(565) : eval()'d code on line 219
[2026-07-06 17:59:40] Undefined variable $department_cond in C:\xampp\Desktop\mdcnpal\htdocs\public_html\core\app.php(565) : eval()'d code on line 219
[2026-07-06 17:59:40] Undefined variable $type_cond in C:\xampp\Desktop\mdcnpal\htdocs\public_html\core\app.php(565) : eval()'d code on line 219
[2026-07-06 17:59:40] Undefined variable $dieses_cond in C:\xampp\Desktop\mdcnpal\htdocs\public_html\core\app.php(565) : eval()'d code on line 219
[2026-07-06 17:59:40] Undefined variable $popular_pack_cond in C:\xampp\Desktop\mdcnpal\htdocs\public_html\core\app.php(565) : eval()'d code on line 219
[2026-07-06 17:59:40] Undefined variable $g_search_query in C:\xampp\Desktop\mdcnpal\htdocs\public_html\core\app.php(565) : eval()'d code on line 219
[2026-07-06 17:59:40] Undefined variable $department_cond in C:\xampp\Desktop\mdcnpal\htdocs\public_html\core\app.php(565) : eval()'d code on line 219
[2026-07-06 17:59:40] Undefined variable $type_cond in C:\xampp\Desktop\mdcnpal\htdocs\public_html\core\app.php(565) : eval()'d code on line 219
[2026-07-06 17:59:40] Undefined variable $dieses_cond in C:\xampp\Desktop\mdcnpal\htdocs\public_html\core\app.php(565) : eval()'d code on line 219
[2026-07-06 17:59:40] Undefined variable $popular_pack_cond in C:\xampp\Desktop\mdcnpal\htdocs\public_html\core\app.php(565) : eval()'d code on line 219
[2026-07-06 17:59:40] Undefined property: app::$rs_customer in C:\xampp\Desktop\mdcnpal\htdocs\public_html\includes\footer.php on line 357
[2026-07-06 17:59:40] Trying to access array offset on value of type null in C:\xampp\Desktop\mdcnpal\htdocs\public_html\includes\footer.php on line 357
[2026-07-06 17:59:40] Undefined property: app::$rs_customer in C:\xampp\Desktop\mdcnpal\htdocs\public_html\includes\footer.php on line 366
[2026-07-06 17:59:40] Trying to access array offset on value of type null in C:\xampp\Desktop\mdcnpal\htdocs\public_html\includes\footer.php on line 366
[2026-07-06 17:59:40] Undefined property: app::$rs_customer in C:\xampp\Desktop\mdcnpal\htdocs\public_html\includes\footer.php on line 372
[2026-07-06 17:59:40] Trying to access array offset on value of type null in C:\xampp\Desktop\mdcnpal\htdocs\public_html\includes\footer.php on line 372
[2026-07-06 17:59:40] Undefined property: app::$rs_customer in C:\xampp\Desktop\mdcnpal\htdocs\public_html\includes\general_data.php on line 88
[2026-07-06 17:59:40] Trying to access array offset on value of type null in C:\xampp\Desktop\mdcnpal\htdocs\public_html\includes\general_data.php on line 88
[2026-07-06 17:59:40] Undefined array key "MDRCCustID" in C:\xampp\Desktop\mdcnpal\htdocs\public_html\includes\general_data.php on line 88
[2026-07-06 17:59:40] Undefined variable $tmpStr in C:\xampp\Desktop\mdcnpal\htdocs\public_html\core\app.php on line 971
[2026-07-06 17:59:43] Creation of dynamic property dbclass::$RECORD_SET is deprecated in C:\xampp\Desktop\mdcnpal\htdocs\public_html\core\dbclass.php on line 69
[2026-07-06 17:59:43] Creation of dynamic property dbclass::$app is deprecated in C:\xampp\Desktop\mdcnpal\htdocs\public_html\core\dbclass.php on line 75
[2026-07-06 17:59:43] Creation of dynamic property model::$foreign_tables is deprecated in C:\xampp\Desktop\mdcnpal\htdocs\public_html\core\model.php on line 43
[2026-07-06 17:59:43] Creation of dynamic property app::$inputfilter is deprecated in C:\xampp\Desktop\mdcnpal\htdocs\public_html\core\app.php on line 123
[2026-07-06 17:59:43] Creation of dynamic property app::$userconfig is deprecated in C:\xampp\Desktop\mdcnpal\htdocs\public_html\core\app.php on line 124
[2026-07-06 17:59:43] Creation of dynamic property app::$global_include is deprecated in C:\xampp\Desktop\mdcnpal\htdocs\public_html\core\app.php on line 125
[2026-07-06 17:59:43] Creation of dynamic property app::$set_cache_time is deprecated in C:\xampp\Desktop\mdcnpal\htdocs\public_html\core\app.php on line 153
[2026-07-06 17:59:43] Creation of dynamic property app::$meta is deprecated in C:\xampp\Desktop\mdcnpal\htdocs\public_html\core\app.php on line 434
[2026-07-06 17:59:43] Creation of dynamic property app::$rs_gs_city is deprecated in C:\xampp\Desktop\mdcnpal\htdocs\public_html\core\app.php on line 434
[2026-07-06 17:59:43] Creation of dynamic property app::$rs_footer_popular_item is deprecated in C:\xampp\Desktop\mdcnpal\htdocs\public_html\core\app.php on line 434
[2026-07-06 17:59:43] Creation of dynamic property app::$rs_footer_popular_test is deprecated in C:\xampp\Desktop\mdcnpal\htdocs\public_html\core\app.php on line 434
[2026-07-06 17:59:43] Creation of dynamic property app::$rs_testimonial is deprecated in C:\xampp\Desktop\mdcnpal\htdocs\public_html\core\app.php on line 434
[2026-07-06 17:59:43] Creation of dynamic property app::$admin is deprecated in C:\xampp\Desktop\mdcnpal\htdocs\public_html\core\app.php on line 434
[2026-07-06 17:59:43] Undefined array key 0 in C:\xampp\Desktop\mdcnpal\htdocs\public_html\core\global_include.php on line 514
[2026-07-06 17:59:43] Creation of dynamic property app::$popup is deprecated in C:\xampp\Desktop\mdcnpal\htdocs\public_html\core\app.php on line 434
[2026-07-06 17:59:43] Undefined array key "MDRCCustID" in C:\xampp\Desktop\mdcnpal\htdocs\public_html\core\global_include.php on line 515
[2026-07-06 17:59:43] Undefined array key "MDRCToken" in C:\xampp\Desktop\mdcnpal\htdocs\public_html\core\global_include.php on line 515
[2026-07-06 17:59:43] Creation of dynamic property app::$rscategory is deprecated in C:\xampp\Desktop\mdcnpal\htdocs\public_html\core\app.php on line 434
[2026-07-06 17:59:43] Creation of dynamic property app::$rs_pages is deprecated in C:\xampp\Desktop\mdcnpal\htdocs\public_html\core\app.php on line 434
[2026-07-06 17:59:43] Creation of dynamic property app::$gs is deprecated in C:\xampp\Desktop\mdcnpal\htdocs\public_html\core\app.php on line 434
[2026-07-06 17:59:43] Undefined array key "MDRCCustID" in C:\xampp\Desktop\mdcnpal\htdocs\public_html\core\global_include.php on line 596
[2026-07-06 17:59:43] Undefined array key "MDRCCustID" in C:\xampp\Desktop\mdcnpal\htdocs\public_html\core\global_include.php on line 615
[2026-07-06 17:59:43] Undefined variable $getId in C:\xampp\Desktop\mdcnpal\htdocs\public_html\core\global_include.php on line 684
[2026-07-06 17:59:43] Undefined variable $getName in C:\xampp\Desktop\mdcnpal\htdocs\public_html\core\global_include.php on line 685
[2026-07-06 17:59:43] Undefined array key 0 in C:\xampp\Desktop\mdcnpal\htdocs\public_html\core\global_include.php on line 810
[2026-07-06 17:59:43] Creation of dynamic property app::$rs_offer_msg is deprecated in C:\xampp\Desktop\mdcnpal\htdocs\public_html\core\app.php on line 434
[2026-07-06 17:59:43] Creation of dynamic property app::$rs_for_doctors is deprecated in C:\xampp\Desktop\mdcnpal\htdocs\public_html\core\app.php on line 434
[2026-07-06 17:59:43] Creation of dynamic property app::$description is deprecated in C:\xampp\Desktop\mdcnpal\htdocs\public_html\core\app.php on line 434
[2026-07-06 17:59:43] Creation of dynamic property app::$rs_banner is deprecated in C:\xampp\Desktop\mdcnpal\htdocs\public_html\core\app.php on line 434
[2026-07-06 17:59:43] Creation of dynamic property app::$rs_item_diseases is deprecated in C:\xampp\Desktop\mdcnpal\htdocs\public_html\core\app.php on line 434
[2026-07-06 17:59:43] Creation of dynamic property app::$rs_item_home_category is deprecated in C:\xampp\Desktop\mdcnpal\htdocs\public_html\core\app.php on line 434
[2026-07-06 17:59:43] Creation of dynamic property app::$rs_item_banner_category is deprecated in C:\xampp\Desktop\mdcnpal\htdocs\public_html\core\app.php on line 434
[2026-07-06 17:59:43] Creation of dynamic property app::$rs_services is deprecated in C:\xampp\Desktop\mdcnpal\htdocs\public_html\core\app.php on line 434
[2026-07-06 17:59:43] Creation of dynamic property app::$rs_blog is deprecated in C:\xampp\Desktop\mdcnpal\htdocs\public_html\core\app.php on line 434
[2026-07-06 17:59:43] Creation of dynamic property app::$rs_category is deprecated in C:\xampp\Desktop\mdcnpal\htdocs\public_html\core\app.php on line 434
[2026-07-06 17:59:44] Creation of dynamic property app::$rs_faq_data is deprecated in C:\xampp\Desktop\mdcnpal\htdocs\public_html\core\app.php on line 434
[2026-07-06 17:59:44] Creation of dynamic property app::$rs_gallery_data is deprecated in C:\xampp\Desktop\mdcnpal\htdocs\public_html\core\app.php on line 434
[2026-07-06 17:59:44] Undefined property: app::$rs_cartmini in C:\xampp\Desktop\mdcnpal\htdocs\public_html\includes\header.php on line 131
[2026-07-06 17:59:44] Undefined array key "MDRCCustID" in C:\xampp\Desktop\mdcnpal\htdocs\public_html\includes\header.php on line 134
[2026-07-06 17:59:44] Undefined property: app::$rs_cartmini in C:\xampp\Desktop\mdcnpal\htdocs\public_html\includes\header.php on line 197
[2026-07-06 17:59:44] Undefined array key "MDRCCustID" in C:\xampp\Desktop\mdcnpal\htdocs\public_html\includes\header.php on line 200
[2026-07-06 17:59:44] Undefined property: app::$rs_cartmini in C:\xampp\Desktop\mdcnpal\htdocs\public_html\includes\header.php on line 469
[2026-07-06 17:59:44] Undefined array key "MDRCCustID" in C:\xampp\Desktop\mdcnpal\htdocs\public_html\includes\header.php on line 472
[2026-07-06 17:59:44] Undefined property: app::$rs_cartmini in C:\xampp\Desktop\mdcnpal\htdocs\public_html\includes\header.php on line 525
[2026-07-06 17:59:44] Undefined array key "MDRCCustID" in C:\xampp\Desktop\mdcnpal\htdocs\public_html\includes\header.php on line 528
[2026-07-06 17:59:44] Undefined property: app::$rs_customer in C:\xampp\Desktop\mdcnpal\htdocs\public_html\includes\header.php on line 712
[2026-07-06 17:59:44] Trying to access array offset on value of type null in C:\xampp\Desktop\mdcnpal\htdocs\public_html\includes\header.php on line 712
[2026-07-06 17:59:44] Undefined property: app::$rs_customer in C:\xampp\Desktop\mdcnpal\htdocs\public_html\includes\header.php on line 721
[2026-07-06 17:59:44] Trying to access array offset on value of type null in C:\xampp\Desktop\mdcnpal\htdocs\public_html\includes\header.php on line 721
[2026-07-06 17:59:44] Undefined property: app::$rs_customer in C:\xampp\Desktop\mdcnpal\htdocs\public_html\includes\header.php on line 730
[2026-07-06 17:59:44] Trying to access array offset on value of type null in C:\xampp\Desktop\mdcnpal\htdocs\public_html\includes\header.php on line 730
[2026-07-06 17:59:44] Undefined property: app::$rs_customer in C:\xampp\Desktop\mdcnpal\htdocs\public_html\includes\header.php on line 739
[2026-07-06 17:59:44] Trying to access array offset on value of type null in C:\xampp\Desktop\mdcnpal\htdocs\public_html\includes\header.php on line 739
[2026-07-06 17:59:44] Undefined variable $g_search_query in C:\xampp\Desktop\mdcnpal\htdocs\public_html\core\app.php(565) : eval()'d code on line 219
[2026-07-06 17:59:44] Undefined variable $department_cond in C:\xampp\Desktop\mdcnpal\htdocs\public_html\core\app.php(565) : eval()'d code on line 219
[2026-07-06 17:59:44] Undefined variable $type_cond in C:\xampp\Desktop\mdcnpal\htdocs\public_html\core\app.php(565) : eval()'d code on line 219
[2026-07-06 17:59:44] Undefined variable $dieses_cond in C:\xampp\Desktop\mdcnpal\htdocs\public_html\core\app.php(565) : eval()'d code on line 219
[2026-07-06 17:59:44] Undefined variable $popular_pack_cond in C:\xampp\Desktop\mdcnpal\htdocs\public_html\core\app.php(565) : eval()'d code on line 219
[2026-07-06 17:59:44] Undefined variable $g_search_query in C:\xampp\Desktop\mdcnpal\htdocs\public_html\core\app.php(565) : eval()'d code on line 219
[2026-07-06 17:59:44] Undefined variable $department_cond in C:\xampp\Desktop\mdcnpal\htdocs\public_html\core\app.php(565) : eval()'d code on line 219
[2026-07-06 17:59:44] Undefined variable $type_cond in C:\xampp\Desktop\mdcnpal\htdocs\public_html\core\app.php(565) : eval()'d code on line 219
[2026-07-06 17:59:44] Undefined variable $dieses_cond in C:\xampp\Desktop\mdcnpal\htdocs\public_html\core\app.php(565) : eval()'d code on line 219
[2026-07-06 17:59:44] Undefined variable $popular_pack_cond in C:\xampp\Desktop\mdcnpal\htdocs\public_html\core\app.php(565) : eval()'d code on line 219
[2026-07-06 17:59:44] Undefined variable $g_search_query in C:\xampp\Desktop\mdcnpal\htdocs\public_html\core\app.php(565) : eval()'d code on line 219
[2026-07-06 17:59:44] Undefined variable $department_cond in C:\xampp\Desktop\mdcnpal\htdocs\public_html\core\app.php(565) : eval()'d code on line 219
[2026-07-06 17:59:44] Undefined variable $type_cond in C:\xampp\Desktop\mdcnpal\htdocs\public_html\core\app.php(565) : eval()'d code on line 219
[2026-07-06 17:59:44] Undefined variable $dieses_cond in C:\xampp\Desktop\mdcnpal\htdocs\public_html\core\app.php(565) : eval()'d code on line 219
[2026-07-06 17:59:44] Undefined variable $popular_pack_cond in C:\xampp\Desktop\mdcnpal\htdocs\public_html\core\app.php(565) : eval()'d code on line 219
[2026-07-06 17:59:44] Undefined variable $g_search_query in C:\xampp\Desktop\mdcnpal\htdocs\public_html\core\app.php(565) : eval()'d code on line 219
[2026-07-06 17:59:44] Undefined variable $department_cond in C:\xampp\Desktop\mdcnpal\htdocs\public_html\core\app.php(565) : eval()'d code on line 219
[2026-07-06 17:59:44] Undefined variable $type_cond in C:\xampp\Desktop\mdcnpal\htdocs\public_html\core\app.php(565) : eval()'d code on line 219
[2026-07-06 17:59:44] Undefined variable $dieses_cond in C:\xampp\Desktop\mdcnpal\htdocs\public_html\core\app.php(565) : eval()'d code on line 219
[2026-07-06 17:59:44] Undefined variable $popular_pack_cond in C:\xampp\Desktop\mdcnpal\htdocs\public_html\core\app.php(565) : eval()'d code on line 219
[2026-07-06 17:59:44] Undefined variable $g_search_query in C:\xampp\Desktop\mdcnpal\htdocs\public_html\core\app.php(565) : eval()'d code on line 219
[2026-07-06 17:59:44] Undefined variable $department_cond in C:\xampp\Desktop\mdcnpal\htdocs\public_html\core\app.php(565) : eval()'d code on line 219
[2026-07-06 17:59:44] Undefined variable $type_cond in C:\xampp\Desktop\mdcnpal\htdocs\public_html\core\app.php(565) : eval()'d code on line 219
[2026-07-06 17:59:44] Undefined variable $dieses_cond in C:\xampp\Desktop\mdcnpal\htdocs\public_html\core\app.php(565) : eval()'d code on line 219
[2026-07-06 17:59:44] Undefined variable $popular_pack_cond in C:\xampp\Desktop\mdcnpal\htdocs\public_html\core\app.php(565) : eval()'d code on line 219
[2026-07-06 17:59:44] Undefined property: app::$rs_customer in C:\xampp\Desktop\mdcnpal\htdocs\public_html\includes\footer.php on line 357
[2026-07-06 17:59:44] Trying to access array offset on value of type null in C:\xampp\Desktop\mdcnpal\htdocs\public_html\includes\footer.php on line 357
[2026-07-06 17:59:44] Undefined property: app::$rs_customer in C:\xampp\Desktop\mdcnpal\htdocs\public_html\includes\footer.php on line 366
[2026-07-06 17:59:44] Trying to access array offset on value of type null in C:\xampp\Desktop\mdcnpal\htdocs\public_html\includes\footer.php on line 366
[2026-07-06 17:59:44] Undefined property: app::$rs_customer in C:\xampp\Desktop\mdcnpal\htdocs\public_html\includes\footer.php on line 372
[2026-07-06 17:59:44] Trying to access array offset on value of type null in C:\xampp\Desktop\mdcnpal\htdocs\public_html\includes\footer.php on line 372
[2026-07-06 17:59:44] Undefined property: app::$rs_customer in C:\xampp\Desktop\mdcnpal\htdocs\public_html\includes\general_data.php on line 88
[2026-07-06 17:59:44] Trying to access array offset on value of type null in C:\xampp\Desktop\mdcnpal\htdocs\public_html\includes\general_data.php on line 88
[2026-07-06 17:59:44] Undefined array key "MDRCCustID" in C:\xampp\Desktop\mdcnpal\htdocs\public_html\includes\general_data.php on line 88
[2026-07-06 17:59:44] Undefined variable $tmpStr in C:\xampp\Desktop\mdcnpal\htdocs\public_html\core\app.php on line 971
[2026-07-06 17:59:47] Creation of dynamic property dbclass::$RECORD_SET is deprecated in C:\xampp\Desktop\mdcnpal\htdocs\public_html\core\dbclass.php on line 69
[2026-07-06 17:59:47] Creation of dynamic property dbclass::$app is deprecated in C:\xampp\Desktop\mdcnpal\htdocs\public_html\core\dbclass.php on line 75
[2026-07-06 17:59:47] Creation of dynamic property model::$foreign_tables is deprecated in C:\xampp\Desktop\mdcnpal\htdocs\public_html\core\model.php on line 43
[2026-07-06 17:59:47] Creation of dynamic property app::$inputfilter is deprecated in C:\xampp\Desktop\mdcnpal\htdocs\public_html\core\app.php on line 123
[2026-07-06 17:59:48] Creation of dynamic property app::$userconfig is deprecated in C:\xampp\Desktop\mdcnpal\htdocs\public_html\core\app.php on line 124
[2026-07-06 17:59:48] Creation of dynamic property app::$global_include is deprecated in C:\xampp\Desktop\mdcnpal\htdocs\public_html\core\app.php on line 125
[2026-07-06 17:59:48] Creation of dynamic property app::$set_cache_time is deprecated in C:\xampp\Desktop\mdcnpal\htdocs\public_html\core\app.php on line 153
[2026-07-06 17:59:48] Undefined variable $RESULT in C:\xampp\Desktop\mdcnpal\htdocs\public_html\scripts\ajax\selectCityUsingGoogleMapApi.php on line 69
[2026-07-06 17:59:48] Undefined variable $URL in C:\xampp\Desktop\mdcnpal\htdocs\public_html\scripts\ajax\selectCityUsingGoogleMapApi.php on line 73
[2026-07-06 17:59:55] Creation of dynamic property dbclass::$RECORD_SET is deprecated in C:\xampp\Desktop\mdcnpal\htdocs\public_html\core\dbclass.php on line 69
[2026-07-06 17:59:55] Creation of dynamic property dbclass::$app is deprecated in C:\xampp\Desktop\mdcnpal\htdocs\public_html\core\dbclass.php on line 75
[2026-07-06 17:59:55] Creation of dynamic property model::$foreign_tables is deprecated in C:\xampp\Desktop\mdcnpal\htdocs\public_html\core\model.php on line 43
[2026-07-06 17:59:55] Creation of dynamic property app::$inputfilter is deprecated in C:\xampp\Desktop\mdcnpal\htdocs\public_html\core\app.php on line 123
[2026-07-06 17:59:55] Creation of dynamic property app::$userconfig is deprecated in C:\xampp\Desktop\mdcnpal\htdocs\public_html\core\app.php on line 124
[2026-07-06 17:59:55] Creation of dynamic property app::$global_include is deprecated in C:\xampp\Desktop\mdcnpal\htdocs\public_html\core\app.php on line 125
[2026-07-06 17:59:55] Creation of dynamic property app::$set_cache_time is deprecated in C:\xampp\Desktop\mdcnpal\htdocs\public_html\core\app.php on line 153
[2026-07-06 17:59:55] Undefined array key "cityID" in C:\xampp\Desktop\mdcnpal\htdocs\public_html\core\global_include.php on line 381
[2026-07-06 17:59:55] Undefined array key "cityID" in C:\xampp\Desktop\mdcnpal\htdocs\public_html\core\global_include.php on line 416
[2026-07-06 17:59:55] Creation of dynamic property app::$meta is deprecated in C:\xampp\Desktop\mdcnpal\htdocs\public_html\core\app.php on line 434
[2026-07-06 17:59:55] Creation of dynamic property app::$rs_gs_city is deprecated in C:\xampp\Desktop\mdcnpal\htdocs\public_html\core\app.php on line 434
[2026-07-06 17:59:55] Undefined array key "cityID" in C:\xampp\Desktop\mdcnpal\htdocs\public_html\core\global_include.php on line 468
[2026-07-06 17:59:55] Creation of dynamic property app::$rs_footer_popular_item is deprecated in C:\xampp\Desktop\mdcnpal\htdocs\public_html\core\app.php on line 434
[2026-07-06 17:59:55] Creation of dynamic property app::$rs_footer_popular_test is deprecated in C:\xampp\Desktop\mdcnpal\htdocs\public_html\core\app.php on line 434
[2026-07-06 17:59:55] Creation of dynamic property app::$rs_testimonial is deprecated in C:\xampp\Desktop\mdcnpal\htdocs\public_html\core\app.php on line 434
[2026-07-06 17:59:55] Creation of dynamic property app::$admin is deprecated in C:\xampp\Desktop\mdcnpal\htdocs\public_html\core\app.php on line 434
[2026-07-06 17:59:55] Undefined array key 0 in C:\xampp\Desktop\mdcnpal\htdocs\public_html\core\global_include.php on line 514
[2026-07-06 17:59:55] Creation of dynamic property app::$popup is deprecated in C:\xampp\Desktop\mdcnpal\htdocs\public_html\core\app.php on line 434
[2026-07-06 17:59:55] Undefined array key "MDRCCustID" in C:\xampp\Desktop\mdcnpal\htdocs\public_html\core\global_include.php on line 515
[2026-07-06 17:59:55] Undefined array key "MDRCToken" in C:\xampp\Desktop\mdcnpal\htdocs\public_html\core\global_include.php on line 515
[2026-07-06 17:59:55] Creation of dynamic property app::$rscategory is deprecated in C:\xampp\Desktop\mdcnpal\htdocs\public_html\core\app.php on line 434
[2026-07-06 17:59:55] Creation of dynamic property app::$rs_pages is deprecated in C:\xampp\Desktop\mdcnpal\htdocs\public_html\core\app.php on line 434
[2026-07-06 17:59:55] Creation of dynamic property app::$gs is deprecated in C:\xampp\Desktop\mdcnpal\htdocs\public_html\core\app.php on line 434
[2026-07-06 17:59:55] Undefined array key "MDRCCustID" in C:\xampp\Desktop\mdcnpal\htdocs\public_html\core\global_include.php on line 596
[2026-07-06 17:59:55] Undefined array key "MDRCCustID" in C:\xampp\Desktop\mdcnpal\htdocs\public_html\core\global_include.php on line 615
[2026-07-06 17:59:55] Undefined variable $getId in C:\xampp\Desktop\mdcnpal\htdocs\public_html\core\global_include.php on line 684
[2026-07-06 17:59:55] Undefined variable $getName in C:\xampp\Desktop\mdcnpal\htdocs\public_html\core\global_include.php on line 685
[2026-07-06 17:59:55] Undefined array key 0 in C:\xampp\Desktop\mdcnpal\htdocs\public_html\core\global_include.php on line 810
[2026-07-06 17:59:55] Creation of dynamic property app::$rs_offer_msg is deprecated in C:\xampp\Desktop\mdcnpal\htdocs\public_html\core\app.php on line 434
[2026-07-06 17:59:55] Creation of dynamic property app::$rs_for_doctors is deprecated in C:\xampp\Desktop\mdcnpal\htdocs\public_html\core\app.php on line 434
[2026-07-06 17:59:55] Creation of dynamic property app::$description is deprecated in C:\xampp\Desktop\mdcnpal\htdocs\public_html\core\app.php on line 434
[2026-07-06 17:59:55] Creation of dynamic property app::$rs_banner is deprecated in C:\xampp\Desktop\mdcnpal\htdocs\public_html\core\app.php on line 434
[2026-07-06 17:59:55] Creation of dynamic property app::$rs_item_diseases is deprecated in C:\xampp\Desktop\mdcnpal\htdocs\public_html\core\app.php on line 434
[2026-07-06 17:59:55] Creation of dynamic property app::$rs_item_home_category is deprecated in C:\xampp\Desktop\mdcnpal\htdocs\public_html\core\app.php on line 434
[2026-07-06 17:59:55] Creation of dynamic property app::$rs_item_banner_category is deprecated in C:\xampp\Desktop\mdcnpal\htdocs\public_html\core\app.php on line 434
[2026-07-06 17:59:55] Creation of dynamic property app::$rs_services is deprecated in C:\xampp\Desktop\mdcnpal\htdocs\public_html\core\app.php on line 434
[2026-07-06 17:59:55] Creation of dynamic property app::$rs_blog is deprecated in C:\xampp\Desktop\mdcnpal\htdocs\public_html\core\app.php on line 434
[2026-07-06 17:59:55] Creation of dynamic property app::$rs_category is deprecated in C:\xampp\Desktop\mdcnpal\htdocs\public_html\core\app.php on line 434
[2026-07-06 17:59:55] Creation of dynamic property app::$rs_faq_data is deprecated in C:\xampp\Desktop\mdcnpal\htdocs\public_html\core\app.php on line 434
[2026-07-06 17:59:55] Creation of dynamic property app::$rs_gallery_data is deprecated in C:\xampp\Desktop\mdcnpal\htdocs\public_html\core\app.php on line 434
[2026-07-06 17:59:55] Undefined array key "tempCityID" in C:\xampp\Desktop\mdcnpal\htdocs\public_html\includes\header.php on line 5
[2026-07-06 17:59:55] Undefined array key "items" in C:\xampp\Desktop\mdcnpal\htdocs\public_html\includes\header.php on line 16
[2026-07-06 17:59:55] Undefined array key "item_category" in C:\xampp\Desktop\mdcnpal\htdocs\public_html\includes\header.php on line 26
[2026-07-06 17:59:55] Undefined array key "item_diseases" in C:\xampp\Desktop\mdcnpal\htdocs\public_html\includes\header.php on line 33
[2026-07-06 17:59:55] Undefined property: app::$rs_cartmini in C:\xampp\Desktop\mdcnpal\htdocs\public_html\includes\header.php on line 131
[2026-07-06 17:59:55] Undefined array key "MDRCCustID" in C:\xampp\Desktop\mdcnpal\htdocs\public_html\includes\header.php on line 134
[2026-07-06 17:59:55] Undefined property: app::$rs_cartmini in C:\xampp\Desktop\mdcnpal\htdocs\public_html\includes\header.php on line 197
[2026-07-06 17:59:55] Undefined array key "MDRCCustID" in C:\xampp\Desktop\mdcnpal\htdocs\public_html\includes\header.php on line 200
[2026-07-06 17:59:55] Undefined property: app::$rs_cartmini in C:\xampp\Desktop\mdcnpal\htdocs\public_html\includes\header.php on line 469
[2026-07-06 17:59:55] Undefined array key "MDRCCustID" in C:\xampp\Desktop\mdcnpal\htdocs\public_html\includes\header.php on line 472
[2026-07-06 17:59:55] Undefined property: app::$rs_cartmini in C:\xampp\Desktop\mdcnpal\htdocs\public_html\includes\header.php on line 525
[2026-07-06 17:59:55] Undefined array key "MDRCCustID" in C:\xampp\Desktop\mdcnpal\htdocs\public_html\includes\header.php on line 528
[2026-07-06 17:59:55] Undefined property: app::$rs_customer in C:\xampp\Desktop\mdcnpal\htdocs\public_html\includes\header.php on line 712
[2026-07-06 17:59:55] Trying to access array offset on value of type null in C:\xampp\Desktop\mdcnpal\htdocs\public_html\includes\header.php on line 712
[2026-07-06 17:59:55] Undefined property: app::$rs_customer in C:\xampp\Desktop\mdcnpal\htdocs\public_html\includes\header.php on line 721
[2026-07-06 17:59:55] Trying to access array offset on value of type null in C:\xampp\Desktop\mdcnpal\htdocs\public_html\includes\header.php on line 721
[2026-07-06 17:59:55] Undefined property: app::$rs_customer in C:\xampp\Desktop\mdcnpal\htdocs\public_html\includes\header.php on line 730
[2026-07-06 17:59:55] Trying to access array offset on value of type null in C:\xampp\Desktop\mdcnpal\htdocs\public_html\includes\header.php on line 730
[2026-07-06 17:59:55] Undefined property: app::$rs_customer in C:\xampp\Desktop\mdcnpal\htdocs\public_html\includes\header.php on line 739
[2026-07-06 17:59:55] Trying to access array offset on value of type null in C:\xampp\Desktop\mdcnpal\htdocs\public_html\includes\header.php on line 739
[2026-07-06 17:59:55] Undefined variable $g_search_query in C:\xampp\Desktop\mdcnpal\htdocs\public_html\core\app.php(565) : eval()'d code on line 219
[2026-07-06 17:59:55] Undefined variable $department_cond in C:\xampp\Desktop\mdcnpal\htdocs\public_html\core\app.php(565) : eval()'d code on line 219
[2026-07-06 17:59:55] Undefined variable $type_cond in C:\xampp\Desktop\mdcnpal\htdocs\public_html\core\app.php(565) : eval()'d code on line 219
[2026-07-06 17:59:55] Undefined variable $dieses_cond in C:\xampp\Desktop\mdcnpal\htdocs\public_html\core\app.php(565) : eval()'d code on line 219
[2026-07-06 17:59:55] Undefined variable $popular_pack_cond in C:\xampp\Desktop\mdcnpal\htdocs\public_html\core\app.php(565) : eval()'d code on line 219
[2026-07-06 17:59:56] Undefined variable $g_search_query in C:\xampp\Desktop\mdcnpal\htdocs\public_html\core\app.php(565) : eval()'d code on line 219
[2026-07-06 17:59:56] Undefined variable $department_cond in C:\xampp\Desktop\mdcnpal\htdocs\public_html\core\app.php(565) : eval()'d code on line 219
[2026-07-06 17:59:56] Undefined variable $type_cond in C:\xampp\Desktop\mdcnpal\htdocs\public_html\core\app.php(565) : eval()'d code on line 219
[2026-07-06 17:59:56] Undefined variable $dieses_cond in C:\xampp\Desktop\mdcnpal\htdocs\public_html\core\app.php(565) : eval()'d code on line 219
[2026-07-06 17:59:56] Undefined variable $popular_pack_cond in C:\xampp\Desktop\mdcnpal\htdocs\public_html\core\app.php(565) : eval()'d code on line 219
[2026-07-06 17:59:56] Undefined variable $g_search_query in C:\xampp\Desktop\mdcnpal\htdocs\public_html\core\app.php(565) : eval()'d code on line 219
[2026-07-06 17:59:56] Undefined variable $department_cond in C:\xampp\Desktop\mdcnpal\htdocs\public_html\core\app.php(565) : eval()'d code on line 219
[2026-07-06 17:59:56] Undefined variable $type_cond in C:\xampp\Desktop\mdcnpal\htdocs\public_html\core\app.php(565) : eval()'d code on line 219
[2026-07-06 17:59:56] Undefined variable $dieses_cond in C:\xampp\Desktop\mdcnpal\htdocs\public_html\core\app.php(565) : eval()'d code on line 219
[2026-07-06 17:59:56] Undefined variable $popular_pack_cond in C:\xampp\Desktop\mdcnpal\htdocs\public_html\core\app.php(565) : eval()'d code on line 219
[2026-07-06 17:59:56] Undefined variable $g_search_query in C:\xampp\Desktop\mdcnpal\htdocs\public_html\core\app.php(565) : eval()'d code on line 219
[2026-07-06 17:59:56] Undefined variable $department_cond in C:\xampp\Desktop\mdcnpal\htdocs\public_html\core\app.php(565) : eval()'d code on line 219
[2026-07-06 17:59:56] Undefined variable $type_cond in C:\xampp\Desktop\mdcnpal\htdocs\public_html\core\app.php(565) : eval()'d code on line 219
[2026-07-06 17:59:56] Undefined variable $dieses_cond in C:\xampp\Desktop\mdcnpal\htdocs\public_html\core\app.php(565) : eval()'d code on line 219
[2026-07-06 17:59:56] Undefined variable $popular_pack_cond in C:\xampp\Desktop\mdcnpal\htdocs\public_html\core\app.php(565) : eval()'d code on line 219
[2026-07-06 17:59:56] Undefined variable $g_search_query in C:\xampp\Desktop\mdcnpal\htdocs\public_html\core\app.php(565) : eval()'d code on line 219
[2026-07-06 17:59:56] Undefined variable $department_cond in C:\xampp\Desktop\mdcnpal\htdocs\public_html\core\app.php(565) : eval()'d code on line 219
[2026-07-06 17:59:56] Undefined variable $type_cond in C:\xampp\Desktop\mdcnpal\htdocs\public_html\core\app.php(565) : eval()'d code on line 219
[2026-07-06 17:59:56] Undefined variable $dieses_cond in C:\xampp\Desktop\mdcnpal\htdocs\public_html\core\app.php(565) : eval()'d code on line 219
[2026-07-06 17:59:56] Undefined variable $popular_pack_cond in C:\xampp\Desktop\mdcnpal\htdocs\public_html\core\app.php(565) : eval()'d code on line 219
[2026-07-06 17:59:56] Undefined property: app::$rs_customer in C:\xampp\Desktop\mdcnpal\htdocs\public_html\includes\footer.php on line 357
[2026-07-06 17:59:56] Trying to access array offset on value of type null in C:\xampp\Desktop\mdcnpal\htdocs\public_html\includes\footer.php on line 357
[2026-07-06 17:59:56] Undefined property: app::$rs_customer in C:\xampp\Desktop\mdcnpal\htdocs\public_html\includes\footer.php on line 366
[2026-07-06 17:59:56] Trying to access array offset on value of type null in C:\xampp\Desktop\mdcnpal\htdocs\public_html\includes\footer.php on line 366
[2026-07-06 17:59:56] Undefined property: app::$rs_customer in C:\xampp\Desktop\mdcnpal\htdocs\public_html\includes\footer.php on line 372
[2026-07-06 17:59:56] Trying to access array offset on value of type null in C:\xampp\Desktop\mdcnpal\htdocs\public_html\includes\footer.php on line 372
[2026-07-06 17:59:56] Undefined property: app::$rs_customer in C:\xampp\Desktop\mdcnpal\htdocs\public_html\includes\general_data.php on line 88
[2026-07-06 17:59:56] Trying to access array offset on value of type null in C:\xampp\Desktop\mdcnpal\htdocs\public_html\includes\general_data.php on line 88
[2026-07-06 17:59:56] Undefined array key "MDRCCustID" in C:\xampp\Desktop\mdcnpal\htdocs\public_html\includes\general_data.php on line 88
[2026-07-06 17:59:56] Undefined variable $tmpStr in C:\xampp\Desktop\mdcnpal\htdocs\public_html\core\app.php on line 971
[2026-07-06 18:00:25] Creation of dynamic property dbclass::$RECORD_SET is deprecated in C:\xampp\Desktop\mdcnpal\htdocs\public_html\core\dbclass.php on line 69
[2026-07-06 18:00:25] Creation of dynamic property dbclass::$app is deprecated in C:\xampp\Desktop\mdcnpal\htdocs\public_html\core\dbclass.php on line 75
[2026-07-06 18:00:25] Creation of dynamic property model::$foreign_tables is deprecated in C:\xampp\Desktop\mdcnpal\htdocs\public_html\core\model.php on line 43
[2026-07-06 18:00:25] Creation of dynamic property app::$inputfilter is deprecated in C:\xampp\Desktop\mdcnpal\htdocs\public_html\core\app.php on line 123
[2026-07-06 18:00:25] Creation of dynamic property app::$userconfig is deprecated in C:\xampp\Desktop\mdcnpal\htdocs\public_html\core\app.php on line 124
[2026-07-06 18:00:25] Creation of dynamic property app::$global_include is deprecated in C:\xampp\Desktop\mdcnpal\htdocs\public_html\core\app.php on line 125
[2026-07-06 18:00:25] Creation of dynamic property app::$set_cache_time is deprecated in C:\xampp\Desktop\mdcnpal\htdocs\public_html\core\app.php on line 153
[2026-07-06 18:00:25] Undefined array key "cityID" in C:\xampp\Desktop\mdcnpal\htdocs\public_html\core\global_include.php on line 381
[2026-07-06 18:00:25] Undefined array key "cityID" in C:\xampp\Desktop\mdcnpal\htdocs\public_html\core\global_include.php on line 416
[2026-07-06 18:00:25] Creation of dynamic property app::$meta is deprecated in C:\xampp\Desktop\mdcnpal\htdocs\public_html\core\app.php on line 434
[2026-07-06 18:00:25] Creation of dynamic property app::$rs_gs_city is deprecated in C:\xampp\Desktop\mdcnpal\htdocs\public_html\core\app.php on line 434
[2026-07-06 18:00:25] Undefined array key "cityID" in C:\xampp\Desktop\mdcnpal\htdocs\public_html\core\global_include.php on line 468
[2026-07-06 18:00:25] Creation of dynamic property app::$rs_footer_popular_item is deprecated in C:\xampp\Desktop\mdcnpal\htdocs\public_html\core\app.php on line 434
[2026-07-06 18:00:25] Creation of dynamic property app::$rs_footer_popular_test is deprecated in C:\xampp\Desktop\mdcnpal\htdocs\public_html\core\app.php on line 434
[2026-07-06 18:00:25] Creation of dynamic property app::$rs_testimonial is deprecated in C:\xampp\Desktop\mdcnpal\htdocs\public_html\core\app.php on line 434
[2026-07-06 18:00:25] Creation of dynamic property app::$admin is deprecated in C:\xampp\Desktop\mdcnpal\htdocs\public_html\core\app.php on line 434
[2026-07-06 18:00:25] Undefined array key 0 in C:\xampp\Desktop\mdcnpal\htdocs\public_html\core\global_include.php on line 514
[2026-07-06 18:00:25] Creation of dynamic property app::$popup is deprecated in C:\xampp\Desktop\mdcnpal\htdocs\public_html\core\app.php on line 434
[2026-07-06 18:00:25] Undefined array key "MDRCCustID" in C:\xampp\Desktop\mdcnpal\htdocs\public_html\core\global_include.php on line 515
[2026-07-06 18:00:25] Undefined array key "MDRCToken" in C:\xampp\Desktop\mdcnpal\htdocs\public_html\core\global_include.php on line 515
[2026-07-06 18:00:25] Creation of dynamic property app::$rscategory is deprecated in C:\xampp\Desktop\mdcnpal\htdocs\public_html\core\app.php on line 434
[2026-07-06 18:00:25] Creation of dynamic property app::$rs_pages is deprecated in C:\xampp\Desktop\mdcnpal\htdocs\public_html\core\app.php on line 434
[2026-07-06 18:00:25] Creation of dynamic property app::$gs is deprecated in C:\xampp\Desktop\mdcnpal\htdocs\public_html\core\app.php on line 434
[2026-07-06 18:00:25] Undefined array key "MDRCCustID" in C:\xampp\Desktop\mdcnpal\htdocs\public_html\core\global_include.php on line 596
[2026-07-06 18:00:25] Undefined array key "MDRCCustID" in C:\xampp\Desktop\mdcnpal\htdocs\public_html\core\global_include.php on line 615
[2026-07-06 18:00:25] Undefined variable $getId in C:\xampp\Desktop\mdcnpal\htdocs\public_html\core\global_include.php on line 684
[2026-07-06 18:00:25] Undefined variable $getName in C:\xampp\Desktop\mdcnpal\htdocs\public_html\core\global_include.php on line 685
[2026-07-06 18:00:25] Undefined array key 0 in C:\xampp\Desktop\mdcnpal\htdocs\public_html\core\global_include.php on line 810
[2026-07-06 18:00:25] Creation of dynamic property app::$rs_offer_msg is deprecated in C:\xampp\Desktop\mdcnpal\htdocs\public_html\core\app.php on line 434
[2026-07-06 18:00:25] Creation of dynamic property app::$rs_for_doctors is deprecated in C:\xampp\Desktop\mdcnpal\htdocs\public_html\core\app.php on line 434
[2026-07-06 18:00:25] Creation of dynamic property app::$description is deprecated in C:\xampp\Desktop\mdcnpal\htdocs\public_html\core\app.php on line 434
[2026-07-06 18:00:25] Creation of dynamic property app::$rs_banner is deprecated in C:\xampp\Desktop\mdcnpal\htdocs\public_html\core\app.php on line 434
[2026-07-06 18:00:25] Creation of dynamic property app::$rs_item_diseases is deprecated in C:\xampp\Desktop\mdcnpal\htdocs\public_html\core\app.php on line 434
[2026-07-06 18:00:25] Creation of dynamic property app::$rs_item_home_category is deprecated in C:\xampp\Desktop\mdcnpal\htdocs\public_html\core\app.php on line 434
[2026-07-06 18:00:25] Creation of dynamic property app::$rs_item_banner_category is deprecated in C:\xampp\Desktop\mdcnpal\htdocs\public_html\core\app.php on line 434
[2026-07-06 18:00:25] Creation of dynamic property app::$rs_services is deprecated in C:\xampp\Desktop\mdcnpal\htdocs\public_html\core\app.php on line 434
[2026-07-06 18:00:25] Creation of dynamic property app::$rs_blog is deprecated in C:\xampp\Desktop\mdcnpal\htdocs\public_html\core\app.php on line 434
[2026-07-06 18:00:25] Creation of dynamic property app::$rs_category is deprecated in C:\xampp\Desktop\mdcnpal\htdocs\public_html\core\app.php on line 434
[2026-07-06 18:00:25] Creation of dynamic property app::$rs_faq_data is deprecated in C:\xampp\Desktop\mdcnpal\htdocs\public_html\core\app.php on line 434
[2026-07-06 18:00:25] Creation of dynamic property app::$rs_gallery_data is deprecated in C:\xampp\Desktop\mdcnpal\htdocs\public_html\core\app.php on line 434
[2026-07-06 18:00:25] Undefined array key "tempCityID" in C:\xampp\Desktop\mdcnpal\htdocs\public_html\includes\header.php on line 5
[2026-07-06 18:00:25] Undefined array key "items" in C:\xampp\Desktop\mdcnpal\htdocs\public_html\includes\header.php on line 16
[2026-07-06 18:00:25] Undefined array key "item_category" in C:\xampp\Desktop\mdcnpal\htdocs\public_html\includes\header.php on line 26
[2026-07-06 18:00:25] Undefined array key "item_diseases" in C:\xampp\Desktop\mdcnpal\htdocs\public_html\includes\header.php on line 33
[2026-07-06 18:00:25] Undefined property: app::$rs_cartmini in C:\xampp\Desktop\mdcnpal\htdocs\public_html\includes\header.php on line 131
[2026-07-06 18:00:25] Undefined array key "MDRCCustID" in C:\xampp\Desktop\mdcnpal\htdocs\public_html\includes\header.php on line 134
[2026-07-06 18:00:25] Undefined property: app::$rs_cartmini in C:\xampp\Desktop\mdcnpal\htdocs\public_html\includes\header.php on line 197
[2026-07-06 18:00:25] Undefined array key "MDRCCustID" in C:\xampp\Desktop\mdcnpal\htdocs\public_html\includes\header.php on line 200
[2026-07-06 18:00:25] Undefined property: app::$rs_cartmini in C:\xampp\Desktop\mdcnpal\htdocs\public_html\includes\header.php on line 469
[2026-07-06 18:00:25] Undefined array key "MDRCCustID" in C:\xampp\Desktop\mdcnpal\htdocs\public_html\includes\header.php on line 472
[2026-07-06 18:00:25] Undefined property: app::$rs_cartmini in C:\xampp\Desktop\mdcnpal\htdocs\public_html\includes\header.php on line 525
[2026-07-06 18:00:25] Undefined array key "MDRCCustID" in C:\xampp\Desktop\mdcnpal\htdocs\public_html\includes\header.php on line 528
[2026-07-06 18:00:25] Undefined property: app::$rs_customer in C:\xampp\Desktop\mdcnpal\htdocs\public_html\includes\header.php on line 712
[2026-07-06 18:00:25] Trying to access array offset on value of type null in C:\xampp\Desktop\mdcnpal\htdocs\public_html\includes\header.php on line 712
[2026-07-06 18:00:25] Undefined property: app::$rs_customer in C:\xampp\Desktop\mdcnpal\htdocs\public_html\includes\header.php on line 721
[2026-07-06 18:00:25] Trying to access array offset on value of type null in C:\xampp\Desktop\mdcnpal\htdocs\public_html\includes\header.php on line 721
[2026-07-06 18:00:25] Undefined property: app::$rs_customer in C:\xampp\Desktop\mdcnpal\htdocs\public_html\includes\header.php on line 730
[2026-07-06 18:00:25] Trying to access array offset on value of type null in C:\xampp\Desktop\mdcnpal\htdocs\public_html\includes\header.php on line 730
[2026-07-06 18:00:25] Undefined property: app::$rs_customer in C:\xampp\Desktop\mdcnpal\htdocs\public_html\includes\header.php on line 739
[2026-07-06 18:00:25] Trying to access array offset on value of type null in C:\xampp\Desktop\mdcnpal\htdocs\public_html\includes\header.php on line 739
[2026-07-06 18:00:25] Undefined variable $g_search_query in C:\xampp\Desktop\mdcnpal\htdocs\public_html\core\app.php(565) : eval()'d code on line 219
[2026-07-06 18:00:25] Undefined variable $department_cond in C:\xampp\Desktop\mdcnpal\htdocs\public_html\core\app.php(565) : eval()'d code on line 219
[2026-07-06 18:00:25] Undefined variable $type_cond in C:\xampp\Desktop\mdcnpal\htdocs\public_html\core\app.php(565) : eval()'d code on line 219
[2026-07-06 18:00:25] Undefined variable $dieses_cond in C:\xampp\Desktop\mdcnpal\htdocs\public_html\core\app.php(565) : eval()'d code on line 219
[2026-07-06 18:00:25] Undefined variable $popular_pack_cond in C:\xampp\Desktop\mdcnpal\htdocs\public_html\core\app.php(565) : eval()'d code on line 219
[2026-07-06 18:00:26] Undefined variable $g_search_query in C:\xampp\Desktop\mdcnpal\htdocs\public_html\core\app.php(565) : eval()'d code on line 219
[2026-07-06 18:00:26] Undefined variable $department_cond in C:\xampp\Desktop\mdcnpal\htdocs\public_html\core\app.php(565) : eval()'d code on line 219
[2026-07-06 18:00:26] Undefined variable $type_cond in C:\xampp\Desktop\mdcnpal\htdocs\public_html\core\app.php(565) : eval()'d code on line 219
[2026-07-06 18:00:26] Undefined variable $dieses_cond in C:\xampp\Desktop\mdcnpal\htdocs\public_html\core\app.php(565) : eval()'d code on line 219
[2026-07-06 18:00:26] Undefined variable $popular_pack_cond in C:\xampp\Desktop\mdcnpal\htdocs\public_html\core\app.php(565) : eval()'d code on line 219
[2026-07-06 18:00:26] Undefined variable $g_search_query in C:\xampp\Desktop\mdcnpal\htdocs\public_html\core\app.php(565) : eval()'d code on line 219
[2026-07-06 18:00:26] Undefined variable $department_cond in C:\xampp\Desktop\mdcnpal\htdocs\public_html\core\app.php(565) : eval()'d code on line 219
[2026-07-06 18:00:26] Undefined variable $type_cond in C:\xampp\Desktop\mdcnpal\htdocs\public_html\core\app.php(565) : eval()'d code on line 219
[2026-07-06 18:00:26] Undefined variable $dieses_cond in C:\xampp\Desktop\mdcnpal\htdocs\public_html\core\app.php(565) : eval()'d code on line 219
[2026-07-06 18:00:26] Undefined variable $popular_pack_cond in C:\xampp\Desktop\mdcnpal\htdocs\public_html\core\app.php(565) : eval()'d code on line 219
[2026-07-06 18:00:26] Undefined variable $g_search_query in C:\xampp\Desktop\mdcnpal\htdocs\public_html\core\app.php(565) : eval()'d code on line 219
[2026-07-06 18:00:26] Undefined variable $department_cond in C:\xampp\Desktop\mdcnpal\htdocs\public_html\core\app.php(565) : eval()'d code on line 219
[2026-07-06 18:00:26] Undefined variable $type_cond in C:\xampp\Desktop\mdcnpal\htdocs\public_html\core\app.php(565) : eval()'d code on line 219
[2026-07-06 18:00:26] Undefined variable $dieses_cond in C:\xampp\Desktop\mdcnpal\htdocs\public_html\core\app.php(565) : eval()'d code on line 219
[2026-07-06 18:00:26] Undefined variable $popular_pack_cond in C:\xampp\Desktop\mdcnpal\htdocs\public_html\core\app.php(565) : eval()'d code on line 219
[2026-07-06 18:00:26] Undefined variable $g_search_query in C:\xampp\Desktop\mdcnpal\htdocs\public_html\core\app.php(565) : eval()'d code on line 219
[2026-07-06 18:00:26] Undefined variable $department_cond in C:\xampp\Desktop\mdcnpal\htdocs\public_html\core\app.php(565) : eval()'d code on line 219
[2026-07-06 18:00:26] Undefined variable $type_cond in C:\xampp\Desktop\mdcnpal\htdocs\public_html\core\app.php(565) : eval()'d code on line 219
[2026-07-06 18:00:26] Undefined variable $dieses_cond in C:\xampp\Desktop\mdcnpal\htdocs\public_html\core\app.php(565) : eval()'d code on line 219
[2026-07-06 18:00:26] Undefined variable $popular_pack_cond in C:\xampp\Desktop\mdcnpal\htdocs\public_html\core\app.php(565) : eval()'d code on line 219
[2026-07-06 18:00:26] Undefined property: app::$rs_customer in C:\xampp\Desktop\mdcnpal\htdocs\public_html\includes\footer.php on line 357
[2026-07-06 18:00:26] Trying to access array offset on value of type null in C:\xampp\Desktop\mdcnpal\htdocs\public_html\includes\footer.php on line 357
[2026-07-06 18:00:26] Undefined property: app::$rs_customer in C:\xampp\Desktop\mdcnpal\htdocs\public_html\includes\footer.php on line 366
[2026-07-06 18:00:26] Trying to access array offset on value of type null in C:\xampp\Desktop\mdcnpal\htdocs\public_html\includes\footer.php on line 366
[2026-07-06 18:00:26] Undefined property: app::$rs_customer in C:\xampp\Desktop\mdcnpal\htdocs\public_html\includes\footer.php on line 372
[2026-07-06 18:00:26] Trying to access array offset on value of type null in C:\xampp\Desktop\mdcnpal\htdocs\public_html\includes\footer.php on line 372
[2026-07-06 18:00:26] Undefined property: app::$rs_customer in C:\xampp\Desktop\mdcnpal\htdocs\public_html\includes\general_data.php on line 88
[2026-07-06 18:00:26] Trying to access array offset on value of type null in C:\xampp\Desktop\mdcnpal\htdocs\public_html\includes\general_data.php on line 88
[2026-07-06 18:00:26] Undefined array key "MDRCCustID" in C:\xampp\Desktop\mdcnpal\htdocs\public_html\includes\general_data.php on line 88
[2026-07-06 18:00:26] Undefined variable $tmpStr in C:\xampp\Desktop\mdcnpal\htdocs\public_html\core\app.php on line 971
[2026-07-06 18:00:59] Creation of dynamic property dbclass::$RECORD_SET is deprecated in C:\xampp\Desktop\mdcnpal\htdocs\public_html\core\dbclass.php on line 69
[2026-07-06 18:00:59] Creation of dynamic property dbclass::$app is deprecated in C:\xampp\Desktop\mdcnpal\htdocs\public_html\core\dbclass.php on line 75
[2026-07-06 18:00:59] Creation of dynamic property model::$foreign_tables is deprecated in C:\xampp\Desktop\mdcnpal\htdocs\public_html\core\model.php on line 43
[2026-07-06 18:00:59] Creation of dynamic property app::$inputfilter is deprecated in C:\xampp\Desktop\mdcnpal\htdocs\public_html\core\app.php on line 123
[2026-07-06 18:00:59] Creation of dynamic property app::$userconfig is deprecated in C:\xampp\Desktop\mdcnpal\htdocs\public_html\core\app.php on line 124
[2026-07-06 18:00:59] Creation of dynamic property app::$global_include is deprecated in C:\xampp\Desktop\mdcnpal\htdocs\public_html\core\app.php on line 125
[2026-07-06 18:00:59] Creation of dynamic property app::$set_cache_time is deprecated in C:\xampp\Desktop\mdcnpal\htdocs\public_html\core\app.php on line 153
[2026-07-06 18:00:59] Undefined array key "cityID" in C:\xampp\Desktop\mdcnpal\htdocs\public_html\core\global_include.php on line 381
[2026-07-06 18:00:59] Undefined array key "cityID" in C:\xampp\Desktop\mdcnpal\htdocs\public_html\core\global_include.php on line 416
[2026-07-06 18:00:59] Creation of dynamic property app::$meta is deprecated in C:\xampp\Desktop\mdcnpal\htdocs\public_html\core\app.php on line 434
[2026-07-06 18:00:59] Creation of dynamic property app::$rs_gs_city is deprecated in C:\xampp\Desktop\mdcnpal\htdocs\public_html\core\app.php on line 434
[2026-07-06 18:00:59] Undefined array key "cityID" in C:\xampp\Desktop\mdcnpal\htdocs\public_html\core\global_include.php on line 468
[2026-07-06 18:00:59] Creation of dynamic property app::$rs_footer_popular_item is deprecated in C:\xampp\Desktop\mdcnpal\htdocs\public_html\core\app.php on line 434
[2026-07-06 18:00:59] Creation of dynamic property app::$rs_footer_popular_test is deprecated in C:\xampp\Desktop\mdcnpal\htdocs\public_html\core\app.php on line 434
[2026-07-06 18:00:59] Creation of dynamic property app::$rs_testimonial is deprecated in C:\xampp\Desktop\mdcnpal\htdocs\public_html\core\app.php on line 434
[2026-07-06 18:00:59] Creation of dynamic property app::$admin is deprecated in C:\xampp\Desktop\mdcnpal\htdocs\public_html\core\app.php on line 434
[2026-07-06 18:00:59] Undefined array key 0 in C:\xampp\Desktop\mdcnpal\htdocs\public_html\core\global_include.php on line 514
[2026-07-06 18:00:59] Creation of dynamic property app::$popup is deprecated in C:\xampp\Desktop\mdcnpal\htdocs\public_html\core\app.php on line 434
[2026-07-06 18:00:59] Undefined array key "MDRCCustID" in C:\xampp\Desktop\mdcnpal\htdocs\public_html\core\global_include.php on line 515
[2026-07-06 18:00:59] Undefined array key "MDRCToken" in C:\xampp\Desktop\mdcnpal\htdocs\public_html\core\global_include.php on line 515
[2026-07-06 18:00:59] Creation of dynamic property app::$rscategory is deprecated in C:\xampp\Desktop\mdcnpal\htdocs\public_html\core\app.php on line 434
[2026-07-06 18:00:59] Creation of dynamic property app::$rs_pages is deprecated in C:\xampp\Desktop\mdcnpal\htdocs\public_html\core\app.php on line 434
[2026-07-06 18:00:59] Creation of dynamic property app::$gs is deprecated in C:\xampp\Desktop\mdcnpal\htdocs\public_html\core\app.php on line 434
[2026-07-06 18:00:59] Undefined array key "MDRCCustID" in C:\xampp\Desktop\mdcnpal\htdocs\public_html\core\global_include.php on line 596
[2026-07-06 18:00:59] Undefined array key "MDRCCustID" in C:\xampp\Desktop\mdcnpal\htdocs\public_html\core\global_include.php on line 615
[2026-07-06 18:00:59] Undefined variable $getId in C:\xampp\Desktop\mdcnpal\htdocs\public_html\core\global_include.php on line 684
[2026-07-06 18:00:59] Undefined variable $getName in C:\xampp\Desktop\mdcnpal\htdocs\public_html\core\global_include.php on line 685
[2026-07-06 18:00:59] Undefined array key 0 in C:\xampp\Desktop\mdcnpal\htdocs\public_html\core\global_include.php on line 810
[2026-07-06 18:00:59] Creation of dynamic property app::$rs_offer_msg is deprecated in C:\xampp\Desktop\mdcnpal\htdocs\public_html\core\app.php on line 434
[2026-07-06 18:00:59] Creation of dynamic property app::$rs_for_doctors is deprecated in C:\xampp\Desktop\mdcnpal\htdocs\public_html\core\app.php on line 434
[2026-07-06 18:00:59] Creation of dynamic property app::$description is deprecated in C:\xampp\Desktop\mdcnpal\htdocs\public_html\core\app.php on line 434
[2026-07-06 18:00:59] Creation of dynamic property app::$rs_banner is deprecated in C:\xampp\Desktop\mdcnpal\htdocs\public_html\core\app.php on line 434
[2026-07-06 18:00:59] Creation of dynamic property app::$rs_item_diseases is deprecated in C:\xampp\Desktop\mdcnpal\htdocs\public_html\core\app.php on line 434
[2026-07-06 18:00:59] Creation of dynamic property app::$rs_item_home_category is deprecated in C:\xampp\Desktop\mdcnpal\htdocs\public_html\core\app.php on line 434
[2026-07-06 18:00:59] Creation of dynamic property app::$rs_item_banner_category is deprecated in C:\xampp\Desktop\mdcnpal\htdocs\public_html\core\app.php on line 434
[2026-07-06 18:00:59] Creation of dynamic property app::$rs_services is deprecated in C:\xampp\Desktop\mdcnpal\htdocs\public_html\core\app.php on line 434
[2026-07-06 18:00:59] Creation of dynamic property app::$rs_blog is deprecated in C:\xampp\Desktop\mdcnpal\htdocs\public_html\core\app.php on line 434
[2026-07-06 18:00:59] Creation of dynamic property app::$rs_category is deprecated in C:\xampp\Desktop\mdcnpal\htdocs\public_html\core\app.php on line 434
[2026-07-06 18:00:59] Creation of dynamic property app::$rs_faq_data is deprecated in C:\xampp\Desktop\mdcnpal\htdocs\public_html\core\app.php on line 434
[2026-07-06 18:00:59] Creation of dynamic property app::$rs_gallery_data is deprecated in C:\xampp\Desktop\mdcnpal\htdocs\public_html\core\app.php on line 434
[2026-07-06 18:00:59] Undefined array key "tempCityID" in C:\xampp\Desktop\mdcnpal\htdocs\public_html\includes\header.php on line 5
[2026-07-06 18:00:59] Undefined array key "items" in C:\xampp\Desktop\mdcnpal\htdocs\public_html\includes\header.php on line 16
[2026-07-06 18:00:59] Undefined array key "item_category" in C:\xampp\Desktop\mdcnpal\htdocs\public_html\includes\header.php on line 26
[2026-07-06 18:00:59] Undefined array key "item_diseases" in C:\xampp\Desktop\mdcnpal\htdocs\public_html\includes\header.php on line 33
[2026-07-06 18:00:59] Undefined property: app::$rs_cartmini in C:\xampp\Desktop\mdcnpal\htdocs\public_html\includes\header.php on line 131
[2026-07-06 18:00:59] Undefined array key "MDRCCustID" in C:\xampp\Desktop\mdcnpal\htdocs\public_html\includes\header.php on line 134
[2026-07-06 18:00:59] Undefined property: app::$rs_cartmini in C:\xampp\Desktop\mdcnpal\htdocs\public_html\includes\header.php on line 197
[2026-07-06 18:00:59] Undefined array key "MDRCCustID" in C:\xampp\Desktop\mdcnpal\htdocs\public_html\includes\header.php on line 200
[2026-07-06 18:00:59] Undefined property: app::$rs_cartmini in C:\xampp\Desktop\mdcnpal\htdocs\public_html\includes\header.php on line 469
[2026-07-06 18:00:59] Undefined array key "MDRCCustID" in C:\xampp\Desktop\mdcnpal\htdocs\public_html\includes\header.php on line 472
[2026-07-06 18:00:59] Undefined property: app::$rs_cartmini in C:\xampp\Desktop\mdcnpal\htdocs\public_html\includes\header.php on line 525
[2026-07-06 18:00:59] Undefined array key "MDRCCustID" in C:\xampp\Desktop\mdcnpal\htdocs\public_html\includes\header.php on line 528
[2026-07-06 18:00:59] Undefined property: app::$rs_customer in C:\xampp\Desktop\mdcnpal\htdocs\public_html\includes\header.php on line 712
[2026-07-06 18:00:59] Trying to access array offset on value of type null in C:\xampp\Desktop\mdcnpal\htdocs\public_html\includes\header.php on line 712
[2026-07-06 18:00:59] Undefined property: app::$rs_customer in C:\xampp\Desktop\mdcnpal\htdocs\public_html\includes\header.php on line 721
[2026-07-06 18:00:59] Trying to access array offset on value of type null in C:\xampp\Desktop\mdcnpal\htdocs\public_html\includes\header.php on line 721
[2026-07-06 18:00:59] Undefined property: app::$rs_customer in C:\xampp\Desktop\mdcnpal\htdocs\public_html\includes\header.php on line 730
[2026-07-06 18:00:59] Trying to access array offset on value of type null in C:\xampp\Desktop\mdcnpal\htdocs\public_html\includes\header.php on line 730
[2026-07-06 18:00:59] Undefined property: app::$rs_customer in C:\xampp\Desktop\mdcnpal\htdocs\public_html\includes\header.php on line 739
[2026-07-06 18:00:59] Trying to access array offset on value of type null in C:\xampp\Desktop\mdcnpal\htdocs\public_html\includes\header.php on line 739
[2026-07-06 18:00:59] Undefined variable $g_search_query in C:\xampp\Desktop\mdcnpal\htdocs\public_html\core\app.php(565) : eval()'d code on line 219
[2026-07-06 18:00:59] Undefined variable $department_cond in C:\xampp\Desktop\mdcnpal\htdocs\public_html\core\app.php(565) : eval()'d code on line 219
[2026-07-06 18:00:59] Undefined variable $type_cond in C:\xampp\Desktop\mdcnpal\htdocs\public_html\core\app.php(565) : eval()'d code on line 219
[2026-07-06 18:00:59] Undefined variable $dieses_cond in C:\xampp\Desktop\mdcnpal\htdocs\public_html\core\app.php(565) : eval()'d code on line 219
[2026-07-06 18:00:59] Undefined variable $popular_pack_cond in C:\xampp\Desktop\mdcnpal\htdocs\public_html\core\app.php(565) : eval()'d code on line 219
[2026-07-06 18:00:59] Undefined variable $g_search_query in C:\xampp\Desktop\mdcnpal\htdocs\public_html\core\app.php(565) : eval()'d code on line 219
[2026-07-06 18:00:59] Undefined variable $department_cond in C:\xampp\Desktop\mdcnpal\htdocs\public_html\core\app.php(565) : eval()'d code on line 219
[2026-07-06 18:00:59] Undefined variable $type_cond in C:\xampp\Desktop\mdcnpal\htdocs\public_html\core\app.php(565) : eval()'d code on line 219
[2026-07-06 18:00:59] Undefined variable $dieses_cond in C:\xampp\Desktop\mdcnpal\htdocs\public_html\core\app.php(565) : eval()'d code on line 219
[2026-07-06 18:00:59] Undefined variable $popular_pack_cond in C:\xampp\Desktop\mdcnpal\htdocs\public_html\core\app.php(565) : eval()'d code on line 219
[2026-07-06 18:00:59] Undefined variable $g_search_query in C:\xampp\Desktop\mdcnpal\htdocs\public_html\core\app.php(565) : eval()'d code on line 219
[2026-07-06 18:00:59] Undefined variable $department_cond in C:\xampp\Desktop\mdcnpal\htdocs\public_html\core\app.php(565) : eval()'d code on line 219
[2026-07-06 18:00:59] Undefined variable $type_cond in C:\xampp\Desktop\mdcnpal\htdocs\public_html\core\app.php(565) : eval()'d code on line 219
[2026-07-06 18:00:59] Undefined variable $dieses_cond in C:\xampp\Desktop\mdcnpal\htdocs\public_html\core\app.php(565) : eval()'d code on line 219
[2026-07-06 18:00:59] Undefined variable $popular_pack_cond in C:\xampp\Desktop\mdcnpal\htdocs\public_html\core\app.php(565) : eval()'d code on line 219
[2026-07-06 18:00:59] Undefined variable $g_search_query in C:\xampp\Desktop\mdcnpal\htdocs\public_html\core\app.php(565) : eval()'d code on line 219
[2026-07-06 18:00:59] Undefined variable $department_cond in C:\xampp\Desktop\mdcnpal\htdocs\public_html\core\app.php(565) : eval()'d code on line 219
[2026-07-06 18:00:59] Undefined variable $type_cond in C:\xampp\Desktop\mdcnpal\htdocs\public_html\core\app.php(565) : eval()'d code on line 219
[2026-07-06 18:00:59] Undefined variable $dieses_cond in C:\xampp\Desktop\mdcnpal\htdocs\public_html\core\app.php(565) : eval()'d code on line 219
[2026-07-06 18:00:59] Undefined variable $popular_pack_cond in C:\xampp\Desktop\mdcnpal\htdocs\public_html\core\app.php(565) : eval()'d code on line 219
[2026-07-06 18:00:59] Undefined variable $g_search_query in C:\xampp\Desktop\mdcnpal\htdocs\public_html\core\app.php(565) : eval()'d code on line 219
[2026-07-06 18:00:59] Undefined variable $department_cond in C:\xampp\Desktop\mdcnpal\htdocs\public_html\core\app.php(565) : eval()'d code on line 219
[2026-07-06 18:00:59] Undefined variable $type_cond in C:\xampp\Desktop\mdcnpal\htdocs\public_html\core\app.php(565) : eval()'d code on line 219
[2026-07-06 18:00:59] Undefined variable $dieses_cond in C:\xampp\Desktop\mdcnpal\htdocs\public_html\core\app.php(565) : eval()'d code on line 219
[2026-07-06 18:00:59] Undefined variable $popular_pack_cond in C:\xampp\Desktop\mdcnpal\htdocs\public_html\core\app.php(565) : eval()'d code on line 219
[2026-07-06 18:01:00] Undefined property: app::$rs_customer in C:\xampp\Desktop\mdcnpal\htdocs\public_html\includes\footer.php on line 357
[2026-07-06 18:01:00] Trying to access array offset on value of type null in C:\xampp\Desktop\mdcnpal\htdocs\public_html\includes\footer.php on line 357
[2026-07-06 18:01:00] Undefined property: app::$rs_customer in C:\xampp\Desktop\mdcnpal\htdocs\public_html\includes\footer.php on line 366
[2026-07-06 18:01:00] Trying to access array offset on value of type null in C:\xampp\Desktop\mdcnpal\htdocs\public_html\includes\footer.php on line 366
[2026-07-06 18:01:00] Undefined property: app::$rs_customer in C:\xampp\Desktop\mdcnpal\htdocs\public_html\includes\footer.php on line 372
[2026-07-06 18:01:00] Trying to access array offset on value of type null in C:\xampp\Desktop\mdcnpal\htdocs\public_html\includes\footer.php on line 372
[2026-07-06 18:01:00] Undefined property: app::$rs_customer in C:\xampp\Desktop\mdcnpal\htdocs\public_html\includes\general_data.php on line 88
[2026-07-06 18:01:00] Trying to access array offset on value of type null in C:\xampp\Desktop\mdcnpal\htdocs\public_html\includes\general_data.php on line 88
[2026-07-06 18:01:00] Undefined array key "MDRCCustID" in C:\xampp\Desktop\mdcnpal\htdocs\public_html\includes\general_data.php on line 88
[2026-07-06 18:01:00] Undefined variable $tmpStr in C:\xampp\Desktop\mdcnpal\htdocs\public_html\core\app.php on line 971
[2026-07-06 18:01:26] Creation of dynamic property dbclass::$RECORD_SET is deprecated in C:\xampp\Desktop\mdcnpal\htdocs\public_html\core\dbclass.php on line 69
[2026-07-06 18:01:26] Creation of dynamic property dbclass::$app is deprecated in C:\xampp\Desktop\mdcnpal\htdocs\public_html\core\dbclass.php on line 75
[2026-07-06 18:01:26] Creation of dynamic property model::$foreign_tables is deprecated in C:\xampp\Desktop\mdcnpal\htdocs\public_html\core\model.php on line 43
[2026-07-06 18:01:26] Creation of dynamic property app::$inputfilter is deprecated in C:\xampp\Desktop\mdcnpal\htdocs\public_html\core\app.php on line 123
[2026-07-06 18:01:26] Creation of dynamic property app::$userconfig is deprecated in C:\xampp\Desktop\mdcnpal\htdocs\public_html\core\app.php on line 124
[2026-07-06 18:01:26] Creation of dynamic property app::$global_include is deprecated in C:\xampp\Desktop\mdcnpal\htdocs\public_html\core\app.php on line 125
[2026-07-06 18:01:26] Creation of dynamic property app::$set_cache_time is deprecated in C:\xampp\Desktop\mdcnpal\htdocs\public_html\core\app.php on line 153
[2026-07-06 18:01:26] Creation of dynamic property app::$record is deprecated in C:\xampp\Desktop\mdcnpal\htdocs\public_html\core\app.php on line 434
[2026-07-06 18:01:26] Creation of dynamic property app::$field_record_per_page is deprecated in C:\xampp\Desktop\mdcnpal\htdocs\public_html\core\app.php on line 434
[2026-07-06 18:01:26] Undefined array key "search_by" in C:\xampp\Desktop\mdcnpal\htdocs\public_html\core\global_include.php on line 73
[2026-07-06 18:01:26] Undefined array key "current_page" in C:\xampp\Desktop\mdcnpal\htdocs\public_html\core\global_include.php on line 77
[2026-07-06 18:01:26] Undefined array key "admin" in C:\xampp\Desktop\mdcnpal\htdocs\public_html\core\global_include.php on line 90
[2026-07-06 18:01:26] Undefined array key 0 in C:\xampp\Desktop\mdcnpal\htdocs\public_html\core\global_include.php on line 91
[2026-07-06 18:01:26] Creation of dynamic property app::$rs_admin is deprecated in C:\xampp\Desktop\mdcnpal\htdocs\public_html\core\app.php on line 434
[2026-07-06 18:01:26] Undefined array key "admin" in C:\xampp\Desktop\mdcnpal\htdocs\public_html\core\global_include.php on line 92
[2026-07-06 18:01:26] Creation of dynamic property app::$gs is deprecated in C:\xampp\Desktop\mdcnpal\htdocs\public_html\core\app.php on line 434
[2026-07-06 18:01:26] Undefined variable $tmpStr in C:\xampp\Desktop\mdcnpal\htdocs\public_html\core\app.php on line 971
[2026-07-06 18:01:26] Creation of dynamic property dbclass::$RECORD_SET is deprecated in C:\xampp\Desktop\mdcnpal\htdocs\public_html\core\dbclass.php on line 69
[2026-07-06 18:01:26] Creation of dynamic property dbclass::$app is deprecated in C:\xampp\Desktop\mdcnpal\htdocs\public_html\core\dbclass.php on line 75
[2026-07-06 18:01:26] Creation of dynamic property model::$foreign_tables is deprecated in C:\xampp\Desktop\mdcnpal\htdocs\public_html\core\model.php on line 43
[2026-07-06 18:01:26] Creation of dynamic property app::$inputfilter is deprecated in C:\xampp\Desktop\mdcnpal\htdocs\public_html\core\app.php on line 123
[2026-07-06 18:01:26] Creation of dynamic property app::$userconfig is deprecated in C:\xampp\Desktop\mdcnpal\htdocs\public_html\core\app.php on line 124
[2026-07-06 18:01:26] Creation of dynamic property app::$global_include is deprecated in C:\xampp\Desktop\mdcnpal\htdocs\public_html\core\app.php on line 125
[2026-07-06 18:01:26] Creation of dynamic property app::$set_cache_time is deprecated in C:\xampp\Desktop\mdcnpal\htdocs\public_html\core\app.php on line 153
[2026-07-06 18:01:26] Undefined array key "cityID" in C:\xampp\Desktop\mdcnpal\htdocs\public_html\core\global_include.php on line 381
[2026-07-06 18:01:26] Undefined array key "cityID" in C:\xampp\Desktop\mdcnpal\htdocs\public_html\core\global_include.php on line 416
[2026-07-06 18:01:26] Creation of dynamic property app::$meta is deprecated in C:\xampp\Desktop\mdcnpal\htdocs\public_html\core\app.php on line 434
[2026-07-06 18:01:26] Creation of dynamic property app::$rs_gs_city is deprecated in C:\xampp\Desktop\mdcnpal\htdocs\public_html\core\app.php on line 434
[2026-07-06 18:01:26] Undefined array key "cityID" in C:\xampp\Desktop\mdcnpal\htdocs\public_html\core\global_include.php on line 468
[2026-07-06 18:01:26] Creation of dynamic property app::$rs_footer_popular_item is deprecated in C:\xampp\Desktop\mdcnpal\htdocs\public_html\core\app.php on line 434
[2026-07-06 18:01:27] Creation of dynamic property app::$rs_footer_popular_test is deprecated in C:\xampp\Desktop\mdcnpal\htdocs\public_html\core\app.php on line 434
[2026-07-06 18:01:27] Creation of dynamic property app::$rs_testimonial is deprecated in C:\xampp\Desktop\mdcnpal\htdocs\public_html\core\app.php on line 434
[2026-07-06 18:01:27] Creation of dynamic property app::$admin is deprecated in C:\xampp\Desktop\mdcnpal\htdocs\public_html\core\app.php on line 434
[2026-07-06 18:01:27] Undefined array key 0 in C:\xampp\Desktop\mdcnpal\htdocs\public_html\core\global_include.php on line 514
[2026-07-06 18:01:27] Creation of dynamic property app::$popup is deprecated in C:\xampp\Desktop\mdcnpal\htdocs\public_html\core\app.php on line 434
[2026-07-06 18:01:27] Undefined array key "MDRCCustID" in C:\xampp\Desktop\mdcnpal\htdocs\public_html\core\global_include.php on line 515
[2026-07-06 18:01:27] Undefined array key "MDRCToken" in C:\xampp\Desktop\mdcnpal\htdocs\public_html\core\global_include.php on line 515
[2026-07-06 18:01:27] Creation of dynamic property app::$rscategory is deprecated in C:\xampp\Desktop\mdcnpal\htdocs\public_html\core\app.php on line 434
[2026-07-06 18:01:27] Creation of dynamic property app::$rs_pages is deprecated in C:\xampp\Desktop\mdcnpal\htdocs\public_html\core\app.php on line 434
[2026-07-06 18:01:27] Creation of dynamic property app::$gs is deprecated in C:\xampp\Desktop\mdcnpal\htdocs\public_html\core\app.php on line 434
[2026-07-06 18:01:27] Undefined array key "MDRCCustID" in C:\xampp\Desktop\mdcnpal\htdocs\public_html\core\global_include.php on line 596
[2026-07-06 18:01:27] Undefined array key "MDRCCustID" in C:\xampp\Desktop\mdcnpal\htdocs\public_html\core\global_include.php on line 615
[2026-07-06 18:01:27] Undefined variable $getId in C:\xampp\Desktop\mdcnpal\htdocs\public_html\core\global_include.php on line 684
[2026-07-06 18:01:27] Undefined variable $getName in C:\xampp\Desktop\mdcnpal\htdocs\public_html\core\global_include.php on line 685
[2026-07-06 18:01:27] Undefined array key 0 in C:\xampp\Desktop\mdcnpal\htdocs\public_html\core\global_include.php on line 810
[2026-07-06 18:01:27] Creation of dynamic property app::$rs_offer_msg is deprecated in C:\xampp\Desktop\mdcnpal\htdocs\public_html\core\app.php on line 434
[2026-07-06 18:01:27] Creation of dynamic property app::$rs_for_doctors is deprecated in C:\xampp\Desktop\mdcnpal\htdocs\public_html\core\app.php on line 434
[2026-07-06 18:01:27] Creation of dynamic property app::$rs_gallery_data is deprecated in C:\xampp\Desktop\mdcnpal\htdocs\public_html\core\app.php on line 434
[2026-07-06 18:01:27] Creation of dynamic property app::$category is deprecated in C:\xampp\Desktop\mdcnpal\htdocs\public_html\core\app.php on line 434
[2026-07-06 18:01:27] Undefined array key 0 in C:\xampp\Desktop\mdcnpal\htdocs\public_html\controllers\controller_for_doctors.php on line 22
[2026-07-06 18:01:27] Creation of dynamic property app::$records_doctors is deprecated in C:\xampp\Desktop\mdcnpal\htdocs\public_html\core\app.php on line 434
[2026-07-06 18:01:27] Undefined array key 0 in C:\xampp\Desktop\mdcnpal\htdocs\public_html\controllers\controller_for_doctors.php on line 25
[2026-07-06 18:01:27] Trying to access array offset on value of type null in C:\xampp\Desktop\mdcnpal\htdocs\public_html\controllers\controller_for_doctors.php on line 25
[2026-07-06 18:01:27] Creation of dynamic property app::$records_services is deprecated in C:\xampp\Desktop\mdcnpal\htdocs\public_html\core\app.php on line 434
[2026-07-06 18:01:27] Undefined array key 0 in C:\xampp\Desktop\mdcnpal\htdocs\public_html\controllers\controller_for_doctors.php on line 31
[2026-07-06 18:01:27] Trying to access array offset on value of type null in C:\xampp\Desktop\mdcnpal\htdocs\public_html\controllers\controller_for_doctors.php on line 31
[2026-07-06 18:01:27] str_replace(): Passing null to parameter #3 ($subject) of type array|string is deprecated in C:\xampp\Desktop\mdcnpal\htdocs\public_html\controllers\controller_for_doctors.php on line 31
[2026-07-06 18:01:27] Undefined array key 0 in C:\xampp\Desktop\mdcnpal\htdocs\public_html\controllers\controller_for_doctors.php on line 32
[2026-07-06 18:01:27] Trying to access array offset on value of type null in C:\xampp\Desktop\mdcnpal\htdocs\public_html\controllers\controller_for_doctors.php on line 32
[2026-07-06 18:01:27] str_replace(): Passing null to parameter #3 ($subject) of type array|string is deprecated in C:\xampp\Desktop\mdcnpal\htdocs\public_html\controllers\controller_for_doctors.php on line 32
[2026-07-06 18:01:27] Undefined array key 0 in C:\xampp\Desktop\mdcnpal\htdocs\public_html\controllers\controller_for_doctors.php on line 33
[2026-07-06 18:01:27] Trying to access array offset on value of type null in C:\xampp\Desktop\mdcnpal\htdocs\public_html\controllers\controller_for_doctors.php on line 33
[2026-07-06 18:01:27] str_replace(): Passing null to parameter #3 ($subject) of type array|string is deprecated in C:\xampp\Desktop\mdcnpal\htdocs\public_html\controllers\controller_for_doctors.php on line 33
[2026-07-06 18:01:27] Creation of dynamic property dbclass::$RECORD_SET is deprecated in C:\xampp\Desktop\mdcnpal\htdocs\public_html\core\dbclass.php on line 69
[2026-07-06 18:01:27] Creation of dynamic property dbclass::$app is deprecated in C:\xampp\Desktop\mdcnpal\htdocs\public_html\core\dbclass.php on line 75
[2026-07-06 18:01:27] Creation of dynamic property model::$foreign_tables is deprecated in C:\xampp\Desktop\mdcnpal\htdocs\public_html\core\model.php on line 43
[2026-07-06 18:01:27] Creation of dynamic property app::$inputfilter is deprecated in C:\xampp\Desktop\mdcnpal\htdocs\public_html\core\app.php on line 123
[2026-07-06 18:01:27] Creation of dynamic property app::$userconfig is deprecated in C:\xampp\Desktop\mdcnpal\htdocs\public_html\core\app.php on line 124
[2026-07-06 18:01:27] Creation of dynamic property app::$global_include is deprecated in C:\xampp\Desktop\mdcnpal\htdocs\public_html\core\app.php on line 125
[2026-07-06 18:01:27] Creation of dynamic property app::$set_cache_time is deprecated in C:\xampp\Desktop\mdcnpal\htdocs\public_html\core\app.php on line 153
[2026-07-06 18:01:27] Creation of dynamic property app::$meta is deprecated in C:\xampp\Desktop\mdcnpal\htdocs\public_html\core\app.php on line 434
[2026-07-06 18:01:27] Creation of dynamic property app::$rs_gs_city is deprecated in C:\xampp\Desktop\mdcnpal\htdocs\public_html\core\app.php on line 434
[2026-07-06 18:01:27] Creation of dynamic property app::$rs_footer_popular_item is deprecated in C:\xampp\Desktop\mdcnpal\htdocs\public_html\core\app.php on line 434
[2026-07-06 18:01:27] Creation of dynamic property app::$rs_footer_popular_test is deprecated in C:\xampp\Desktop\mdcnpal\htdocs\public_html\core\app.php on line 434
[2026-07-06 18:01:27] Creation of dynamic property app::$rs_testimonial is deprecated in C:\xampp\Desktop\mdcnpal\htdocs\public_html\core\app.php on line 434
[2026-07-06 18:01:27] Creation of dynamic property app::$admin is deprecated in C:\xampp\Desktop\mdcnpal\htdocs\public_html\core\app.php on line 434
[2026-07-06 18:01:27] Undefined array key 0 in C:\xampp\Desktop\mdcnpal\htdocs\public_html\core\global_include.php on line 514
[2026-07-06 18:01:27] Creation of dynamic property app::$popup is deprecated in C:\xampp\Desktop\mdcnpal\htdocs\public_html\core\app.php on line 434
[2026-07-06 18:01:27] Undefined array key "MDRCCustID" in C:\xampp\Desktop\mdcnpal\htdocs\public_html\core\global_include.php on line 515
[2026-07-06 18:01:27] Undefined array key "MDRCToken" in C:\xampp\Desktop\mdcnpal\htdocs\public_html\core\global_include.php on line 515
[2026-07-06 18:01:27] Creation of dynamic property app::$rscategory is deprecated in C:\xampp\Desktop\mdcnpal\htdocs\public_html\core\app.php on line 434
[2026-07-06 18:01:27] Creation of dynamic property app::$rs_pages is deprecated in C:\xampp\Desktop\mdcnpal\htdocs\public_html\core\app.php on line 434
[2026-07-06 18:01:27] Creation of dynamic property app::$gs is deprecated in C:\xampp\Desktop\mdcnpal\htdocs\public_html\core\app.php on line 434
[2026-07-06 18:01:27] Undefined array key "MDRCCustID" in C:\xampp\Desktop\mdcnpal\htdocs\public_html\core\global_include.php on line 596
[2026-07-06 18:01:27] Undefined array key "MDRCCustID" in C:\xampp\Desktop\mdcnpal\htdocs\public_html\core\global_include.php on line 615
[2026-07-06 18:01:27] Undefined variable $getId in C:\xampp\Desktop\mdcnpal\htdocs\public_html\core\global_include.php on line 684
[2026-07-06 18:01:27] Undefined variable $getName in C:\xampp\Desktop\mdcnpal\htdocs\public_html\core\global_include.php on line 685
[2026-07-06 18:01:27] Undefined array key 0 in C:\xampp\Desktop\mdcnpal\htdocs\public_html\core\global_include.php on line 810
[2026-07-06 18:01:27] Creation of dynamic property app::$rs_offer_msg is deprecated in C:\xampp\Desktop\mdcnpal\htdocs\public_html\core\app.php on line 434
[2026-07-06 18:01:27] Creation of dynamic property app::$rs_for_doctors is deprecated in C:\xampp\Desktop\mdcnpal\htdocs\public_html\core\app.php on line 434
[2026-07-06 18:01:27] Undefined array key "tempCityID" in C:\xampp\Desktop\mdcnpal\htdocs\public_html\includes\header.php on line 5
[2026-07-06 18:01:27] Undefined array key "items" in C:\xampp\Desktop\mdcnpal\htdocs\public_html\includes\header.php on line 16
[2026-07-06 18:01:27] Undefined array key "item_category" in C:\xampp\Desktop\mdcnpal\htdocs\public_html\includes\header.php on line 26
[2026-07-06 18:01:27] Undefined array key "item_diseases" in C:\xampp\Desktop\mdcnpal\htdocs\public_html\includes\header.php on line 33
[2026-07-06 18:01:27] Undefined property: app::$rs_cartmini in C:\xampp\Desktop\mdcnpal\htdocs\public_html\includes\header.php on line 131
[2026-07-06 18:01:27] Undefined array key "MDRCCustID" in C:\xampp\Desktop\mdcnpal\htdocs\public_html\includes\header.php on line 134
[2026-07-06 18:01:27] Undefined property: app::$rs_cartmini in C:\xampp\Desktop\mdcnpal\htdocs\public_html\includes\header.php on line 197
[2026-07-06 18:01:27] Undefined array key "MDRCCustID" in C:\xampp\Desktop\mdcnpal\htdocs\public_html\includes\header.php on line 200
[2026-07-06 18:01:27] Undefined property: app::$rs_cartmini in C:\xampp\Desktop\mdcnpal\htdocs\public_html\includes\header.php on line 469
[2026-07-06 18:01:27] Undefined array key "MDRCCustID" in C:\xampp\Desktop\mdcnpal\htdocs\public_html\includes\header.php on line 472
[2026-07-06 18:01:27] Undefined property: app::$rs_cartmini in C:\xampp\Desktop\mdcnpal\htdocs\public_html\includes\header.php on line 525
[2026-07-06 18:01:27] Undefined array key "MDRCCustID" in C:\xampp\Desktop\mdcnpal\htdocs\public_html\includes\header.php on line 528
[2026-07-06 18:01:27] Undefined property: app::$rs_customer in C:\xampp\Desktop\mdcnpal\htdocs\public_html\includes\header.php on line 712
[2026-07-06 18:01:27] Trying to access array offset on value of type null in C:\xampp\Desktop\mdcnpal\htdocs\public_html\includes\header.php on line 712
[2026-07-06 18:01:27] Undefined property: app::$rs_customer in C:\xampp\Desktop\mdcnpal\htdocs\public_html\includes\header.php on line 721
[2026-07-06 18:01:27] Trying to access array offset on value of type null in C:\xampp\Desktop\mdcnpal\htdocs\public_html\includes\header.php on line 721
[2026-07-06 18:01:27] Undefined property: app::$rs_customer in C:\xampp\Desktop\mdcnpal\htdocs\public_html\includes\header.php on line 730
[2026-07-06 18:01:27] Trying to access array offset on value of type null in C:\xampp\Desktop\mdcnpal\htdocs\public_html\includes\header.php on line 730
[2026-07-06 18:01:27] Undefined property: app::$rs_customer in C:\xampp\Desktop\mdcnpal\htdocs\public_html\includes\header.php on line 739
[2026-07-06 18:01:27] Trying to access array offset on value of type null in C:\xampp\Desktop\mdcnpal\htdocs\public_html\includes\header.php on line 739
[2026-07-06 18:01:27] Undefined property: app::$rs_customer in C:\xampp\Desktop\mdcnpal\htdocs\public_html\includes\footer.php on line 357
[2026-07-06 18:01:27] Trying to access array offset on value of type null in C:\xampp\Desktop\mdcnpal\htdocs\public_html\includes\footer.php on line 357
[2026-07-06 18:01:27] Undefined property: app::$rs_customer in C:\xampp\Desktop\mdcnpal\htdocs\public_html\includes\footer.php on line 366
[2026-07-06 18:01:27] Trying to access array offset on value of type null in C:\xampp\Desktop\mdcnpal\htdocs\public_html\includes\footer.php on line 366
[2026-07-06 18:01:27] Undefined property: app::$rs_customer in C:\xampp\Desktop\mdcnpal\htdocs\public_html\includes\footer.php on line 372
[2026-07-06 18:01:27] Trying to access array offset on value of type null in C:\xampp\Desktop\mdcnpal\htdocs\public_html\includes\footer.php on line 372
[2026-07-06 18:01:27] Undefined property: app::$rs_customer in C:\xampp\Desktop\mdcnpal\htdocs\public_html\includes\general_data.php on line 88
[2026-07-06 18:01:27] Trying to access array offset on value of type null in C:\xampp\Desktop\mdcnpal\htdocs\public_html\includes\general_data.php on line 88
[2026-07-06 18:01:27] Undefined array key "MDRCCustID" in C:\xampp\Desktop\mdcnpal\htdocs\public_html\includes\general_data.php on line 88
[2026-07-06 18:01:27] Undefined variable $tmpStr in C:\xampp\Desktop\mdcnpal\htdocs\public_html\core\app.php on line 971
[2026-07-06 18:03:31] Creation of dynamic property dbclass::$RECORD_SET is deprecated in C:\xampp\Desktop\mdcnpal\htdocs\public_html\core\dbclass.php on line 69
[2026-07-06 18:03:31] Creation of dynamic property dbclass::$app is deprecated in C:\xampp\Desktop\mdcnpal\htdocs\public_html\core\dbclass.php on line 75
[2026-07-06 18:03:31] Creation of dynamic property model::$foreign_tables is deprecated in C:\xampp\Desktop\mdcnpal\htdocs\public_html\core\model.php on line 43
[2026-07-06 18:03:31] Creation of dynamic property app::$inputfilter is deprecated in C:\xampp\Desktop\mdcnpal\htdocs\public_html\core\app.php on line 123
[2026-07-06 18:03:31] Creation of dynamic property app::$userconfig is deprecated in C:\xampp\Desktop\mdcnpal\htdocs\public_html\core\app.php on line 124
[2026-07-06 18:03:31] Creation of dynamic property app::$global_include is deprecated in C:\xampp\Desktop\mdcnpal\htdocs\public_html\core\app.php on line 125
[2026-07-06 18:03:31] Creation of dynamic property app::$set_cache_time is deprecated in C:\xampp\Desktop\mdcnpal\htdocs\public_html\core\app.php on line 153
[2026-07-06 18:03:31] Creation of dynamic property app::$meta is deprecated in C:\xampp\Desktop\mdcnpal\htdocs\public_html\core\app.php on line 434
[2026-07-06 18:03:31] Creation of dynamic property app::$rs_gs_city is deprecated in C:\xampp\Desktop\mdcnpal\htdocs\public_html\core\app.php on line 434
[2026-07-06 18:03:31] Creation of dynamic property app::$rs_footer_popular_item is deprecated in C:\xampp\Desktop\mdcnpal\htdocs\public_html\core\app.php on line 434
[2026-07-06 18:03:31] Creation of dynamic property app::$rs_footer_popular_test is deprecated in C:\xampp\Desktop\mdcnpal\htdocs\public_html\core\app.php on line 434
[2026-07-06 18:03:31] Creation of dynamic property app::$rs_testimonial is deprecated in C:\xampp\Desktop\mdcnpal\htdocs\public_html\core\app.php on line 434
[2026-07-06 18:03:31] Creation of dynamic property app::$admin is deprecated in C:\xampp\Desktop\mdcnpal\htdocs\public_html\core\app.php on line 434
[2026-07-06 18:03:31] Undefined array key 0 in C:\xampp\Desktop\mdcnpal\htdocs\public_html\core\global_include.php on line 514
[2026-07-06 18:03:31] Creation of dynamic property app::$popup is deprecated in C:\xampp\Desktop\mdcnpal\htdocs\public_html\core\app.php on line 434
[2026-07-06 18:03:31] Undefined array key "MDRCCustID" in C:\xampp\Desktop\mdcnpal\htdocs\public_html\core\global_include.php on line 515
[2026-07-06 18:03:31] Undefined array key "MDRCToken" in C:\xampp\Desktop\mdcnpal\htdocs\public_html\core\global_include.php on line 515
[2026-07-06 18:03:31] Creation of dynamic property app::$rscategory is deprecated in C:\xampp\Desktop\mdcnpal\htdocs\public_html\core\app.php on line 434
[2026-07-06 18:03:31] Creation of dynamic property app::$rs_pages is deprecated in C:\xampp\Desktop\mdcnpal\htdocs\public_html\core\app.php on line 434
[2026-07-06 18:03:31] Creation of dynamic property app::$gs is deprecated in C:\xampp\Desktop\mdcnpal\htdocs\public_html\core\app.php on line 434
[2026-07-06 18:03:31] Undefined array key "MDRCCustID" in C:\xampp\Desktop\mdcnpal\htdocs\public_html\core\global_include.php on line 596
[2026-07-06 18:03:31] Undefined array key "MDRCCustID" in C:\xampp\Desktop\mdcnpal\htdocs\public_html\core\global_include.php on line 615
[2026-07-06 18:03:31] Undefined variable $getId in C:\xampp\Desktop\mdcnpal\htdocs\public_html\core\global_include.php on line 684
[2026-07-06 18:03:31] Undefined variable $getName in C:\xampp\Desktop\mdcnpal\htdocs\public_html\core\global_include.php on line 685
[2026-07-06 18:03:31] Undefined array key 0 in C:\xampp\Desktop\mdcnpal\htdocs\public_html\core\global_include.php on line 810
[2026-07-06 18:03:31] Creation of dynamic property app::$rs_offer_msg is deprecated in C:\xampp\Desktop\mdcnpal\htdocs\public_html\core\app.php on line 434
[2026-07-06 18:03:31] Creation of dynamic property app::$rs_for_doctors is deprecated in C:\xampp\Desktop\mdcnpal\htdocs\public_html\core\app.php on line 434
[2026-07-06 18:03:31] Creation of dynamic property app::$description is deprecated in C:\xampp\Desktop\mdcnpal\htdocs\public_html\core\app.php on line 434
[2026-07-06 18:03:31] Creation of dynamic property app::$rs_banner is deprecated in C:\xampp\Desktop\mdcnpal\htdocs\public_html\core\app.php on line 434
[2026-07-06 18:03:31] Creation of dynamic property app::$rs_item_diseases is deprecated in C:\xampp\Desktop\mdcnpal\htdocs\public_html\core\app.php on line 434
[2026-07-06 18:03:31] Creation of dynamic property app::$rs_item_home_category is deprecated in C:\xampp\Desktop\mdcnpal\htdocs\public_html\core\app.php on line 434
[2026-07-06 18:03:31] Creation of dynamic property app::$rs_item_banner_category is deprecated in C:\xampp\Desktop\mdcnpal\htdocs\public_html\core\app.php on line 434
[2026-07-06 18:03:31] Creation of dynamic property app::$rs_services is deprecated in C:\xampp\Desktop\mdcnpal\htdocs\public_html\core\app.php on line 434
[2026-07-06 18:03:31] Creation of dynamic property app::$rs_blog is deprecated in C:\xampp\Desktop\mdcnpal\htdocs\public_html\core\app.php on line 434
[2026-07-06 18:03:31] Creation of dynamic property app::$rs_category is deprecated in C:\xampp\Desktop\mdcnpal\htdocs\public_html\core\app.php on line 434
[2026-07-06 18:03:31] Creation of dynamic property app::$rs_faq_data is deprecated in C:\xampp\Desktop\mdcnpal\htdocs\public_html\core\app.php on line 434
[2026-07-06 18:03:31] Creation of dynamic property app::$rs_gallery_data is deprecated in C:\xampp\Desktop\mdcnpal\htdocs\public_html\core\app.php on line 434
[2026-07-06 18:03:31] Undefined property: app::$rs_cartmini in C:\xampp\Desktop\mdcnpal\htdocs\public_html\includes\header.php on line 131
[2026-07-06 18:03:31] Undefined array key "MDRCCustID" in C:\xampp\Desktop\mdcnpal\htdocs\public_html\includes\header.php on line 134
[2026-07-06 18:03:31] Undefined property: app::$rs_cartmini in C:\xampp\Desktop\mdcnpal\htdocs\public_html\includes\header.php on line 197
[2026-07-06 18:03:31] Undefined array key "MDRCCustID" in C:\xampp\Desktop\mdcnpal\htdocs\public_html\includes\header.php on line 200
[2026-07-06 18:03:31] Undefined property: app::$rs_cartmini in C:\xampp\Desktop\mdcnpal\htdocs\public_html\includes\header.php on line 469
[2026-07-06 18:03:31] Undefined array key "MDRCCustID" in C:\xampp\Desktop\mdcnpal\htdocs\public_html\includes\header.php on line 472
[2026-07-06 18:03:31] Undefined property: app::$rs_cartmini in C:\xampp\Desktop\mdcnpal\htdocs\public_html\includes\header.php on line 525
[2026-07-06 18:03:31] Undefined array key "MDRCCustID" in C:\xampp\Desktop\mdcnpal\htdocs\public_html\includes\header.php on line 528
[2026-07-06 18:03:31] Undefined property: app::$rs_customer in C:\xampp\Desktop\mdcnpal\htdocs\public_html\includes\header.php on line 712
[2026-07-06 18:03:31] Trying to access array offset on value of type null in C:\xampp\Desktop\mdcnpal\htdocs\public_html\includes\header.php on line 712
[2026-07-06 18:03:31] Undefined property: app::$rs_customer in C:\xampp\Desktop\mdcnpal\htdocs\public_html\includes\header.php on line 721
[2026-07-06 18:03:31] Trying to access array offset on value of type null in C:\xampp\Desktop\mdcnpal\htdocs\public_html\includes\header.php on line 721
[2026-07-06 18:03:31] Undefined property: app::$rs_customer in C:\xampp\Desktop\mdcnpal\htdocs\public_html\includes\header.php on line 730
[2026-07-06 18:03:31] Trying to access array offset on value of type null in C:\xampp\Desktop\mdcnpal\htdocs\public_html\includes\header.php on line 730
[2026-07-06 18:03:31] Undefined property: app::$rs_customer in C:\xampp\Desktop\mdcnpal\htdocs\public_html\includes\header.php on line 739
[2026-07-06 18:03:31] Trying to access array offset on value of type null in C:\xampp\Desktop\mdcnpal\htdocs\public_html\includes\header.php on line 739
[2026-07-06 18:03:31] Undefined variable $g_search_query in C:\xampp\Desktop\mdcnpal\htdocs\public_html\core\app.php(565) : eval()'d code on line 219
[2026-07-06 18:03:31] Undefined variable $department_cond in C:\xampp\Desktop\mdcnpal\htdocs\public_html\core\app.php(565) : eval()'d code on line 219
[2026-07-06 18:03:31] Undefined variable $type_cond in C:\xampp\Desktop\mdcnpal\htdocs\public_html\core\app.php(565) : eval()'d code on line 219
[2026-07-06 18:03:31] Undefined variable $dieses_cond in C:\xampp\Desktop\mdcnpal\htdocs\public_html\core\app.php(565) : eval()'d code on line 219
[2026-07-06 18:03:31] Undefined variable $popular_pack_cond in C:\xampp\Desktop\mdcnpal\htdocs\public_html\core\app.php(565) : eval()'d code on line 219
[2026-07-06 18:03:31] Undefined variable $g_search_query in C:\xampp\Desktop\mdcnpal\htdocs\public_html\core\app.php(565) : eval()'d code on line 219
[2026-07-06 18:03:31] Undefined variable $department_cond in C:\xampp\Desktop\mdcnpal\htdocs\public_html\core\app.php(565) : eval()'d code on line 219
[2026-07-06 18:03:31] Undefined variable $type_cond in C:\xampp\Desktop\mdcnpal\htdocs\public_html\core\app.php(565) : eval()'d code on line 219
[2026-07-06 18:03:31] Undefined variable $dieses_cond in C:\xampp\Desktop\mdcnpal\htdocs\public_html\core\app.php(565) : eval()'d code on line 219
[2026-07-06 18:03:31] Undefined variable $popular_pack_cond in C:\xampp\Desktop\mdcnpal\htdocs\public_html\core\app.php(565) : eval()'d code on line 219
[2026-07-06 18:03:31] Undefined variable $g_search_query in C:\xampp\Desktop\mdcnpal\htdocs\public_html\core\app.php(565) : eval()'d code on line 219
[2026-07-06 18:03:31] Undefined variable $department_cond in C:\xampp\Desktop\mdcnpal\htdocs\public_html\core\app.php(565) : eval()'d code on line 219
[2026-07-06 18:03:31] Undefined variable $type_cond in C:\xampp\Desktop\mdcnpal\htdocs\public_html\core\app.php(565) : eval()'d code on line 219
[2026-07-06 18:03:31] Undefined variable $dieses_cond in C:\xampp\Desktop\mdcnpal\htdocs\public_html\core\app.php(565) : eval()'d code on line 219
[2026-07-06 18:03:31] Undefined variable $popular_pack_cond in C:\xampp\Desktop\mdcnpal\htdocs\public_html\core\app.php(565) : eval()'d code on line 219
[2026-07-06 18:03:31] Undefined variable $g_search_query in C:\xampp\Desktop\mdcnpal\htdocs\public_html\core\app.php(565) : eval()'d code on line 219
[2026-07-06 18:03:31] Undefined variable $department_cond in C:\xampp\Desktop\mdcnpal\htdocs\public_html\core\app.php(565) : eval()'d code on line 219
[2026-07-06 18:03:31] Undefined variable $type_cond in C:\xampp\Desktop\mdcnpal\htdocs\public_html\core\app.php(565) : eval()'d code on line 219
[2026-07-06 18:03:31] Undefined variable $dieses_cond in C:\xampp\Desktop\mdcnpal\htdocs\public_html\core\app.php(565) : eval()'d code on line 219
[2026-07-06 18:03:31] Undefined variable $popular_pack_cond in C:\xampp\Desktop\mdcnpal\htdocs\public_html\core\app.php(565) : eval()'d code on line 219
[2026-07-06 18:03:31] Undefined variable $g_search_query in C:\xampp\Desktop\mdcnpal\htdocs\public_html\core\app.php(565) : eval()'d code on line 219
[2026-07-06 18:03:31] Undefined variable $department_cond in C:\xampp\Desktop\mdcnpal\htdocs\public_html\core\app.php(565) : eval()'d code on line 219
[2026-07-06 18:03:31] Undefined variable $type_cond in C:\xampp\Desktop\mdcnpal\htdocs\public_html\core\app.php(565) : eval()'d code on line 219
[2026-07-06 18:03:31] Undefined variable $dieses_cond in C:\xampp\Desktop\mdcnpal\htdocs\public_html\core\app.php(565) : eval()'d code on line 219
[2026-07-06 18:03:31] Undefined variable $popular_pack_cond in C:\xampp\Desktop\mdcnpal\htdocs\public_html\core\app.php(565) : eval()'d code on line 219
[2026-07-06 18:03:31] Undefined property: app::$rs_customer in C:\xampp\Desktop\mdcnpal\htdocs\public_html\includes\footer.php on line 357
[2026-07-06 18:03:31] Trying to access array offset on value of type null in C:\xampp\Desktop\mdcnpal\htdocs\public_html\includes\footer.php on line 357
[2026-07-06 18:03:31] Undefined property: app::$rs_customer in C:\xampp\Desktop\mdcnpal\htdocs\public_html\includes\footer.php on line 366
[2026-07-06 18:03:31] Trying to access array offset on value of type null in C:\xampp\Desktop\mdcnpal\htdocs\public_html\includes\footer.php on line 366
[2026-07-06 18:03:31] Undefined property: app::$rs_customer in C:\xampp\Desktop\mdcnpal\htdocs\public_html\includes\footer.php on line 372
[2026-07-06 18:03:31] Trying to access array offset on value of type null in C:\xampp\Desktop\mdcnpal\htdocs\public_html\includes\footer.php on line 372
[2026-07-06 18:03:31] Undefined property: app::$rs_customer in C:\xampp\Desktop\mdcnpal\htdocs\public_html\includes\general_data.php on line 88
[2026-07-06 18:03:31] Trying to access array offset on value of type null in C:\xampp\Desktop\mdcnpal\htdocs\public_html\includes\general_data.php on line 88
[2026-07-06 18:03:31] Undefined array key "MDRCCustID" in C:\xampp\Desktop\mdcnpal\htdocs\public_html\includes\general_data.php on line 88
[2026-07-06 18:03:31] Undefined variable $tmpStr in C:\xampp\Desktop\mdcnpal\htdocs\public_html\core\app.php on line 971
[2026-07-06 18:03:39] Creation of dynamic property dbclass::$RECORD_SET is deprecated in C:\xampp\Desktop\mdcnpal\htdocs\public_html\core\dbclass.php on line 69
[2026-07-06 18:03:39] Creation of dynamic property dbclass::$app is deprecated in C:\xampp\Desktop\mdcnpal\htdocs\public_html\core\dbclass.php on line 75
[2026-07-06 18:03:39] Creation of dynamic property model::$foreign_tables is deprecated in C:\xampp\Desktop\mdcnpal\htdocs\public_html\core\model.php on line 43
[2026-07-06 18:03:39] Creation of dynamic property app::$inputfilter is deprecated in C:\xampp\Desktop\mdcnpal\htdocs\public_html\core\app.php on line 123
[2026-07-06 18:03:39] Creation of dynamic property app::$userconfig is deprecated in C:\xampp\Desktop\mdcnpal\htdocs\public_html\core\app.php on line 124
[2026-07-06 18:03:39] Creation of dynamic property app::$global_include is deprecated in C:\xampp\Desktop\mdcnpal\htdocs\public_html\core\app.php on line 125
[2026-07-06 18:03:39] Creation of dynamic property app::$set_cache_time is deprecated in C:\xampp\Desktop\mdcnpal\htdocs\public_html\core\app.php on line 153
[2026-07-06 18:03:39] Undefined variable $RESULT in C:\xampp\Desktop\mdcnpal\htdocs\public_html\scripts\ajax\selectCityUsingGoogleMapApi.php on line 69
[2026-07-06 18:03:39] Undefined variable $URL in C:\xampp\Desktop\mdcnpal\htdocs\public_html\scripts\ajax\selectCityUsingGoogleMapApi.php on line 73
[2026-07-06 18:04:09] Creation of dynamic property dbclass::$RECORD_SET is deprecated in C:\xampp\Desktop\mdcnpal\htdocs\public_html\core\dbclass.php on line 69
[2026-07-06 18:04:09] Creation of dynamic property dbclass::$app is deprecated in C:\xampp\Desktop\mdcnpal\htdocs\public_html\core\dbclass.php on line 75
[2026-07-06 18:04:09] Creation of dynamic property model::$foreign_tables is deprecated in C:\xampp\Desktop\mdcnpal\htdocs\public_html\core\model.php on line 43
[2026-07-06 18:04:09] Creation of dynamic property app::$inputfilter is deprecated in C:\xampp\Desktop\mdcnpal\htdocs\public_html\core\app.php on line 123
[2026-07-06 18:04:09] Creation of dynamic property app::$userconfig is deprecated in C:\xampp\Desktop\mdcnpal\htdocs\public_html\core\app.php on line 124
[2026-07-06 18:04:09] Creation of dynamic property app::$global_include is deprecated in C:\xampp\Desktop\mdcnpal\htdocs\public_html\core\app.php on line 125
[2026-07-06 18:04:09] Creation of dynamic property app::$set_cache_time is deprecated in C:\xampp\Desktop\mdcnpal\htdocs\public_html\core\app.php on line 153
[2026-07-06 18:04:09] Creation of dynamic property app::$meta is deprecated in C:\xampp\Desktop\mdcnpal\htdocs\public_html\core\app.php on line 434
[2026-07-06 18:04:09] Creation of dynamic property app::$rs_gs_city is deprecated in C:\xampp\Desktop\mdcnpal\htdocs\public_html\core\app.php on line 434
[2026-07-06 18:04:09] Creation of dynamic property app::$rs_footer_popular_item is deprecated in C:\xampp\Desktop\mdcnpal\htdocs\public_html\core\app.php on line 434
[2026-07-06 18:04:09] Creation of dynamic property app::$rs_footer_popular_test is deprecated in C:\xampp\Desktop\mdcnpal\htdocs\public_html\core\app.php on line 434
[2026-07-06 18:04:09] Creation of dynamic property app::$rs_testimonial is deprecated in C:\xampp\Desktop\mdcnpal\htdocs\public_html\core\app.php on line 434
[2026-07-06 18:04:09] Creation of dynamic property app::$admin is deprecated in C:\xampp\Desktop\mdcnpal\htdocs\public_html\core\app.php on line 434
[2026-07-06 18:04:09] Undefined array key 0 in C:\xampp\Desktop\mdcnpal\htdocs\public_html\core\global_include.php on line 514
[2026-07-06 18:04:09] Creation of dynamic property app::$popup is deprecated in C:\xampp\Desktop\mdcnpal\htdocs\public_html\core\app.php on line 434
[2026-07-06 18:04:09] Undefined array key "MDRCCustID" in C:\xampp\Desktop\mdcnpal\htdocs\public_html\core\global_include.php on line 515
[2026-07-06 18:04:09] Undefined array key "MDRCToken" in C:\xampp\Desktop\mdcnpal\htdocs\public_html\core\global_include.php on line 515
[2026-07-06 18:04:09] Creation of dynamic property app::$rscategory is deprecated in C:\xampp\Desktop\mdcnpal\htdocs\public_html\core\app.php on line 434
[2026-07-06 18:04:09] Creation of dynamic property app::$rs_pages is deprecated in C:\xampp\Desktop\mdcnpal\htdocs\public_html\core\app.php on line 434
[2026-07-06 18:04:09] Creation of dynamic property app::$gs is deprecated in C:\xampp\Desktop\mdcnpal\htdocs\public_html\core\app.php on line 434
[2026-07-06 18:04:09] Undefined array key "MDRCCustID" in C:\xampp\Desktop\mdcnpal\htdocs\public_html\core\global_include.php on line 596
[2026-07-06 18:04:09] Undefined array key "MDRCCustID" in C:\xampp\Desktop\mdcnpal\htdocs\public_html\core\global_include.php on line 615
[2026-07-06 18:04:09] Undefined variable $getId in C:\xampp\Desktop\mdcnpal\htdocs\public_html\core\global_include.php on line 684
[2026-07-06 18:04:09] Undefined variable $getName in C:\xampp\Desktop\mdcnpal\htdocs\public_html\core\global_include.php on line 685
[2026-07-06 18:04:09] Undefined array key 0 in C:\xampp\Desktop\mdcnpal\htdocs\public_html\core\global_include.php on line 810
[2026-07-06 18:04:09] Creation of dynamic property app::$rs_offer_msg is deprecated in C:\xampp\Desktop\mdcnpal\htdocs\public_html\core\app.php on line 434
[2026-07-06 18:04:09] Creation of dynamic property app::$rs_for_doctors is deprecated in C:\xampp\Desktop\mdcnpal\htdocs\public_html\core\app.php on line 434
[2026-07-06 18:04:09] Creation of dynamic property app::$rs_area is deprecated in C:\xampp\Desktop\mdcnpal\htdocs\public_html\core\app.php on line 434
[2026-07-06 18:04:09] Creation of dynamic property app::$areaName is deprecated in C:\xampp\Desktop\mdcnpal\htdocs\public_html\core\app.php on line 434
[2026-07-06 18:04:09] Creation of dynamic property app::$rs_banner is deprecated in C:\xampp\Desktop\mdcnpal\htdocs\public_html\core\app.php on line 434
[2026-07-06 18:04:09] Creation of dynamic property app::$rs_department is deprecated in C:\xampp\Desktop\mdcnpal\htdocs\public_html\core\app.php on line 434
[2026-07-06 18:04:10] Creation of dynamic property app::$rs_diseases is deprecated in C:\xampp\Desktop\mdcnpal\htdocs\public_html\core\app.php on line 434
[2026-07-06 18:04:10] Creation of dynamic property app::$rs_category is deprecated in C:\xampp\Desktop\mdcnpal\htdocs\public_html\core\app.php on line 434
[2026-07-06 18:04:10] Creation of dynamic property app::$rs_type is deprecated in C:\xampp\Desktop\mdcnpal\htdocs\public_html\core\app.php on line 434
[2026-07-06 18:04:10] Creation of dynamic property app::$department_id is deprecated in C:\xampp\Desktop\mdcnpal\htdocs\public_html\core\app.php on line 434
[2026-07-06 18:04:10] Creation of dynamic property app::$city_id is deprecated in C:\xampp\Desktop\mdcnpal\htdocs\public_html\core\app.php on line 434
[2026-07-06 18:04:10] Creation of dynamic property app::$city_name is deprecated in C:\xampp\Desktop\mdcnpal\htdocs\public_html\core\app.php on line 434
[2026-07-06 18:04:10] Creation of dynamic property app::$pageType is deprecated in C:\xampp\Desktop\mdcnpal\htdocs\public_html\core\app.php on line 434
[2026-07-06 18:04:10] Creation of dynamic property app::$rs_faq_data is deprecated in C:\xampp\Desktop\mdcnpal\htdocs\public_html\core\app.php on line 434
[2026-07-06 18:04:10] Undefined property: app::$rs_cartmini in C:\xampp\Desktop\mdcnpal\htdocs\public_html\includes\header.php on line 131
[2026-07-06 18:04:10] Undefined array key "MDRCCustID" in C:\xampp\Desktop\mdcnpal\htdocs\public_html\includes\header.php on line 134
[2026-07-06 18:04:10] Undefined property: app::$rs_cartmini in C:\xampp\Desktop\mdcnpal\htdocs\public_html\includes\header.php on line 197
[2026-07-06 18:04:10] Undefined array key "MDRCCustID" in C:\xampp\Desktop\mdcnpal\htdocs\public_html\includes\header.php on line 200
[2026-07-06 18:04:10] Undefined property: app::$rs_cartmini in C:\xampp\Desktop\mdcnpal\htdocs\public_html\includes\header.php on line 469
[2026-07-06 18:04:10] Undefined array key "MDRCCustID" in C:\xampp\Desktop\mdcnpal\htdocs\public_html\includes\header.php on line 472
[2026-07-06 18:04:10] Undefined property: app::$rs_cartmini in C:\xampp\Desktop\mdcnpal\htdocs\public_html\includes\header.php on line 525
[2026-07-06 18:04:10] Undefined array key "MDRCCustID" in C:\xampp\Desktop\mdcnpal\htdocs\public_html\includes\header.php on line 528
[2026-07-06 18:04:10] Undefined property: app::$rs_customer in C:\xampp\Desktop\mdcnpal\htdocs\public_html\includes\header.php on line 712
[2026-07-06 18:04:10] Trying to access array offset on value of type null in C:\xampp\Desktop\mdcnpal\htdocs\public_html\includes\header.php on line 712
[2026-07-06 18:04:10] Undefined property: app::$rs_customer in C:\xampp\Desktop\mdcnpal\htdocs\public_html\includes\header.php on line 721
[2026-07-06 18:04:10] Trying to access array offset on value of type null in C:\xampp\Desktop\mdcnpal\htdocs\public_html\includes\header.php on line 721
[2026-07-06 18:04:10] Undefined property: app::$rs_customer in C:\xampp\Desktop\mdcnpal\htdocs\public_html\includes\header.php on line 730
[2026-07-06 18:04:10] Trying to access array offset on value of type null in C:\xampp\Desktop\mdcnpal\htdocs\public_html\includes\header.php on line 730
[2026-07-06 18:04:10] Undefined property: app::$rs_customer in C:\xampp\Desktop\mdcnpal\htdocs\public_html\includes\header.php on line 739
[2026-07-06 18:04:10] Trying to access array offset on value of type null in C:\xampp\Desktop\mdcnpal\htdocs\public_html\includes\header.php on line 739
[2026-07-06 18:04:10] Undefined property: app::$rs_customer in C:\xampp\Desktop\mdcnpal\htdocs\public_html\includes\footer.php on line 357
[2026-07-06 18:04:10] Trying to access array offset on value of type null in C:\xampp\Desktop\mdcnpal\htdocs\public_html\includes\footer.php on line 357
[2026-07-06 18:04:10] Undefined property: app::$rs_customer in C:\xampp\Desktop\mdcnpal\htdocs\public_html\includes\footer.php on line 366
[2026-07-06 18:04:10] Trying to access array offset on value of type null in C:\xampp\Desktop\mdcnpal\htdocs\public_html\includes\footer.php on line 366
[2026-07-06 18:04:10] Undefined property: app::$rs_customer in C:\xampp\Desktop\mdcnpal\htdocs\public_html\includes\footer.php on line 372
[2026-07-06 18:04:10] Trying to access array offset on value of type null in C:\xampp\Desktop\mdcnpal\htdocs\public_html\includes\footer.php on line 372
[2026-07-06 18:04:10] Undefined property: app::$rs_customer in C:\xampp\Desktop\mdcnpal\htdocs\public_html\includes\general_data.php on line 88
[2026-07-06 18:04:10] Trying to access array offset on value of type null in C:\xampp\Desktop\mdcnpal\htdocs\public_html\includes\general_data.php on line 88
[2026-07-06 18:04:10] Undefined array key "MDRCCustID" in C:\xampp\Desktop\mdcnpal\htdocs\public_html\includes\general_data.php on line 88
[2026-07-06 18:04:10] Undefined variable $tmpStr in C:\xampp\Desktop\mdcnpal\htdocs\public_html\core\app.php on line 971
[2026-07-06 18:04:10] Creation of dynamic property dbclass::$RECORD_SET is deprecated in C:\xampp\Desktop\mdcnpal\htdocs\public_html\core\dbclass.php on line 69
[2026-07-06 18:04:10] Creation of dynamic property dbclass::$app is deprecated in C:\xampp\Desktop\mdcnpal\htdocs\public_html\core\dbclass.php on line 75
[2026-07-06 18:04:10] Creation of dynamic property model::$foreign_tables is deprecated in C:\xampp\Desktop\mdcnpal\htdocs\public_html\core\model.php on line 43
[2026-07-06 18:04:10] Creation of dynamic property app::$inputfilter is deprecated in C:\xampp\Desktop\mdcnpal\htdocs\public_html\core\app.php on line 123
[2026-07-06 18:04:10] Creation of dynamic property app::$userconfig is deprecated in C:\xampp\Desktop\mdcnpal\htdocs\public_html\core\app.php on line 124
[2026-07-06 18:04:10] Creation of dynamic property app::$global_include is deprecated in C:\xampp\Desktop\mdcnpal\htdocs\public_html\core\app.php on line 125
[2026-07-06 18:04:10] Creation of dynamic property app::$set_cache_time is deprecated in C:\xampp\Desktop\mdcnpal\htdocs\public_html\core\app.php on line 153
[06-Jul-2026 18:04:11 Asia/Kathmandu] PHP Fatal error:  Uncaught ArgumentCountError: mysqli_set_charset() expects exactly 2 arguments, 1 given in C:\xampp\Desktop\mdcnpal\htdocs\public_html\scripts\ajax\packages.php:2
Stack trace:
#0 C:\xampp\Desktop\mdcnpal\htdocs\public_html\scripts\ajax\packages.php(2): mysqli_set_charset('utf8')
#1 C:\xampp\Desktop\mdcnpal\htdocs\public_html\scripts\ajax\index.php(15): include('C:\\xampp\\Deskto...')
#2 {main}
  thrown in C:\xampp\Desktop\mdcnpal\htdocs\public_html\scripts\ajax\packages.php on line 2
[2026-07-06 18:04:12] Creation of dynamic property dbclass::$RECORD_SET is deprecated in C:\xampp\Desktop\mdcnpal\htdocs\public_html\core\dbclass.php on line 69
[2026-07-06 18:04:12] Creation of dynamic property dbclass::$app is deprecated in C:\xampp\Desktop\mdcnpal\htdocs\public_html\core\dbclass.php on line 75
[2026-07-06 18:04:12] Creation of dynamic property model::$foreign_tables is deprecated in C:\xampp\Desktop\mdcnpal\htdocs\public_html\core\model.php on line 43
[2026-07-06 18:04:12] Creation of dynamic property app::$inputfilter is deprecated in C:\xampp\Desktop\mdcnpal\htdocs\public_html\core\app.php on line 123
[2026-07-06 18:04:12] Creation of dynamic property app::$userconfig is deprecated in C:\xampp\Desktop\mdcnpal\htdocs\public_html\core\app.php on line 124
[2026-07-06 18:04:12] Creation of dynamic property app::$global_include is deprecated in C:\xampp\Desktop\mdcnpal\htdocs\public_html\core\app.php on line 125
[2026-07-06 18:04:12] Creation of dynamic property app::$set_cache_time is deprecated in C:\xampp\Desktop\mdcnpal\htdocs\public_html\core\app.php on line 153
[2026-07-06 18:04:12] Undefined variable $RESULT in C:\xampp\Desktop\mdcnpal\htdocs\public_html\scripts\ajax\selectCityUsingGoogleMapApi.php on line 69
[2026-07-06 18:04:12] Undefined variable $URL in C:\xampp\Desktop\mdcnpal\htdocs\public_html\scripts\ajax\selectCityUsingGoogleMapApi.php on line 73
[2026-07-06 18:04:21] Creation of dynamic property dbclass::$RECORD_SET is deprecated in C:\xampp\Desktop\mdcnpal\htdocs\public_html\core\dbclass.php on line 69
[2026-07-06 18:04:21] Creation of dynamic property dbclass::$app is deprecated in C:\xampp\Desktop\mdcnpal\htdocs\public_html\core\dbclass.php on line 75
[2026-07-06 18:04:21] Creation of dynamic property model::$foreign_tables is deprecated in C:\xampp\Desktop\mdcnpal\htdocs\public_html\core\model.php on line 43
[2026-07-06 18:04:21] Creation of dynamic property app::$inputfilter is deprecated in C:\xampp\Desktop\mdcnpal\htdocs\public_html\core\app.php on line 123
[2026-07-06 18:04:21] Creation of dynamic property app::$userconfig is deprecated in C:\xampp\Desktop\mdcnpal\htdocs\public_html\core\app.php on line 124
[2026-07-06 18:04:21] Creation of dynamic property app::$global_include is deprecated in C:\xampp\Desktop\mdcnpal\htdocs\public_html\core\app.php on line 125
[2026-07-06 18:04:21] Creation of dynamic property app::$set_cache_time is deprecated in C:\xampp\Desktop\mdcnpal\htdocs\public_html\core\app.php on line 153
[2026-07-06 18:04:21] Creation of dynamic property app::$meta is deprecated in C:\xampp\Desktop\mdcnpal\htdocs\public_html\core\app.php on line 434
[2026-07-06 18:04:21] Creation of dynamic property app::$rs_gs_city is deprecated in C:\xampp\Desktop\mdcnpal\htdocs\public_html\core\app.php on line 434
[2026-07-06 18:04:21] Creation of dynamic property app::$rs_footer_popular_item is deprecated in C:\xampp\Desktop\mdcnpal\htdocs\public_html\core\app.php on line 434
[2026-07-06 18:04:21] Creation of dynamic property app::$rs_footer_popular_test is deprecated in C:\xampp\Desktop\mdcnpal\htdocs\public_html\core\app.php on line 434
[2026-07-06 18:04:21] Creation of dynamic property app::$rs_testimonial is deprecated in C:\xampp\Desktop\mdcnpal\htdocs\public_html\core\app.php on line 434
[2026-07-06 18:04:21] Creation of dynamic property app::$admin is deprecated in C:\xampp\Desktop\mdcnpal\htdocs\public_html\core\app.php on line 434
[2026-07-06 18:04:21] Undefined array key 0 in C:\xampp\Desktop\mdcnpal\htdocs\public_html\core\global_include.php on line 514
[2026-07-06 18:04:21] Creation of dynamic property app::$popup is deprecated in C:\xampp\Desktop\mdcnpal\htdocs\public_html\core\app.php on line 434
[2026-07-06 18:04:21] Undefined array key "MDRCCustID" in C:\xampp\Desktop\mdcnpal\htdocs\public_html\core\global_include.php on line 515
[2026-07-06 18:04:21] Undefined array key "MDRCToken" in C:\xampp\Desktop\mdcnpal\htdocs\public_html\core\global_include.php on line 515
[2026-07-06 18:04:21] Creation of dynamic property app::$rscategory is deprecated in C:\xampp\Desktop\mdcnpal\htdocs\public_html\core\app.php on line 434
[2026-07-06 18:04:21] Creation of dynamic property app::$rs_pages is deprecated in C:\xampp\Desktop\mdcnpal\htdocs\public_html\core\app.php on line 434
[2026-07-06 18:04:21] Creation of dynamic property app::$gs is deprecated in C:\xampp\Desktop\mdcnpal\htdocs\public_html\core\app.php on line 434
[2026-07-06 18:04:21] Undefined array key "MDRCCustID" in C:\xampp\Desktop\mdcnpal\htdocs\public_html\core\global_include.php on line 596
[2026-07-06 18:04:21] Undefined array key "MDRCCustID" in C:\xampp\Desktop\mdcnpal\htdocs\public_html\core\global_include.php on line 615
[2026-07-06 18:04:21] Undefined variable $getId in C:\xampp\Desktop\mdcnpal\htdocs\public_html\core\global_include.php on line 684
[2026-07-06 18:04:21] Undefined variable $getName in C:\xampp\Desktop\mdcnpal\htdocs\public_html\core\global_include.php on line 685
[2026-07-06 18:04:21] Undefined array key 0 in C:\xampp\Desktop\mdcnpal\htdocs\public_html\core\global_include.php on line 810
[2026-07-06 18:04:21] Creation of dynamic property app::$rs_offer_msg is deprecated in C:\xampp\Desktop\mdcnpal\htdocs\public_html\core\app.php on line 434
[2026-07-06 18:04:21] Creation of dynamic property app::$rs_for_doctors is deprecated in C:\xampp\Desktop\mdcnpal\htdocs\public_html\core\app.php on line 434
[2026-07-06 18:04:21] Creation of dynamic property app::$rs_blog_category is deprecated in C:\xampp\Desktop\mdcnpal\htdocs\public_html\core\app.php on line 434
[2026-07-06 18:04:21] Undefined variable $array_bread in C:\xampp\Desktop\mdcnpal\htdocs\public_html\controllers\controller_blog.php on line 62
[2026-07-06 18:04:21] Creation of dynamic property app::$array_bread is deprecated in C:\xampp\Desktop\mdcnpal\htdocs\public_html\core\app.php on line 434
[2026-07-06 18:04:21] Creation of dynamic property app::$CatId is deprecated in C:\xampp\Desktop\mdcnpal\htdocs\public_html\core\app.php on line 434
[2026-07-06 18:04:21] Creation of dynamic property app::$TagId is deprecated in C:\xampp\Desktop\mdcnpal\htdocs\public_html\core\app.php on line 434
[2026-07-06 18:04:21] Creation of dynamic property app::$rs_data is deprecated in C:\xampp\Desktop\mdcnpal\htdocs\public_html\core\app.php on line 434
[2026-07-06 18:04:21] Undefined property: app::$rs_cartmini in C:\xampp\Desktop\mdcnpal\htdocs\public_html\includes\header.php on line 131
[2026-07-06 18:04:21] Undefined array key "MDRCCustID" in C:\xampp\Desktop\mdcnpal\htdocs\public_html\includes\header.php on line 134
[2026-07-06 18:04:21] Undefined property: app::$rs_cartmini in C:\xampp\Desktop\mdcnpal\htdocs\public_html\includes\header.php on line 197
[2026-07-06 18:04:21] Undefined array key "MDRCCustID" in C:\xampp\Desktop\mdcnpal\htdocs\public_html\includes\header.php on line 200
[2026-07-06 18:04:21] Undefined property: app::$rs_cartmini in C:\xampp\Desktop\mdcnpal\htdocs\public_html\includes\header.php on line 469
[2026-07-06 18:04:21] Undefined array key "MDRCCustID" in C:\xampp\Desktop\mdcnpal\htdocs\public_html\includes\header.php on line 472
[2026-07-06 18:04:21] Undefined property: app::$rs_cartmini in C:\xampp\Desktop\mdcnpal\htdocs\public_html\includes\header.php on line 525
[2026-07-06 18:04:21] Undefined array key "MDRCCustID" in C:\xampp\Desktop\mdcnpal\htdocs\public_html\includes\header.php on line 528
[2026-07-06 18:04:21] Undefined property: app::$rs_customer in C:\xampp\Desktop\mdcnpal\htdocs\public_html\includes\header.php on line 712
[2026-07-06 18:04:21] Trying to access array offset on value of type null in C:\xampp\Desktop\mdcnpal\htdocs\public_html\includes\header.php on line 712
[2026-07-06 18:04:21] Undefined property: app::$rs_customer in C:\xampp\Desktop\mdcnpal\htdocs\public_html\includes\header.php on line 721
[2026-07-06 18:04:21] Trying to access array offset on value of type null in C:\xampp\Desktop\mdcnpal\htdocs\public_html\includes\header.php on line 721
[2026-07-06 18:04:21] Undefined property: app::$rs_customer in C:\xampp\Desktop\mdcnpal\htdocs\public_html\includes\header.php on line 730
[2026-07-06 18:04:21] Trying to access array offset on value of type null in C:\xampp\Desktop\mdcnpal\htdocs\public_html\includes\header.php on line 730
[2026-07-06 18:04:21] Undefined property: app::$rs_customer in C:\xampp\Desktop\mdcnpal\htdocs\public_html\includes\header.php on line 739
[2026-07-06 18:04:21] Trying to access array offset on value of type null in C:\xampp\Desktop\mdcnpal\htdocs\public_html\includes\header.php on line 739
[06-Jul-2026 18:04:21 Asia/Kathmandu] PHP Fatal error:  Uncaught TypeError: count(): Argument #1 ($value) must be of type Countable|array, int given in C:\xampp\Desktop\mdcnpal\htdocs\public_html\core\app.php(565) : eval()'d code:81
Stack trace:
#0 C:\xampp\Desktop\mdcnpal\htdocs\public_html\core\app.php(565): eval()
#1 C:\xampp\Desktop\mdcnpal\htdocs\public_html\core\app.php(535): app->compile()
#2 C:\xampp\Desktop\mdcnpal\htdocs\public_html\core\app.php(516): app->package()
#3 C:\xampp\Desktop\mdcnpal\htdocs\public_html\index.php(6): app->execute()
#4 {main}
  thrown in C:\xampp\Desktop\mdcnpal\htdocs\public_html\core\app.php(565) : eval()'d code on line 81
[2026-07-06 18:04:49] Creation of dynamic property dbclass::$RECORD_SET is deprecated in C:\xampp\Desktop\mdcnpal\htdocs\public_html\core\dbclass.php on line 69
[2026-07-06 18:04:49] Creation of dynamic property dbclass::$app is deprecated in C:\xampp\Desktop\mdcnpal\htdocs\public_html\core\dbclass.php on line 75
[2026-07-06 18:04:49] Creation of dynamic property model::$foreign_tables is deprecated in C:\xampp\Desktop\mdcnpal\htdocs\public_html\core\model.php on line 43
[2026-07-06 18:04:49] Creation of dynamic property app::$inputfilter is deprecated in C:\xampp\Desktop\mdcnpal\htdocs\public_html\core\app.php on line 123
[2026-07-06 18:04:49] Creation of dynamic property app::$userconfig is deprecated in C:\xampp\Desktop\mdcnpal\htdocs\public_html\core\app.php on line 124
[2026-07-06 18:04:49] Creation of dynamic property app::$global_include is deprecated in C:\xampp\Desktop\mdcnpal\htdocs\public_html\core\app.php on line 125
[2026-07-06 18:04:49] Creation of dynamic property app::$set_cache_time is deprecated in C:\xampp\Desktop\mdcnpal\htdocs\public_html\core\app.php on line 153
[2026-07-06 18:04:49] Creation of dynamic property app::$meta is deprecated in C:\xampp\Desktop\mdcnpal\htdocs\public_html\core\app.php on line 434
[2026-07-06 18:04:49] Creation of dynamic property app::$rs_gs_city is deprecated in C:\xampp\Desktop\mdcnpal\htdocs\public_html\core\app.php on line 434
[2026-07-06 18:04:49] Creation of dynamic property app::$rs_footer_popular_item is deprecated in C:\xampp\Desktop\mdcnpal\htdocs\public_html\core\app.php on line 434
[2026-07-06 18:04:49] Creation of dynamic property app::$rs_footer_popular_test is deprecated in C:\xampp\Desktop\mdcnpal\htdocs\public_html\core\app.php on line 434
[2026-07-06 18:04:49] Creation of dynamic property app::$rs_testimonial is deprecated in C:\xampp\Desktop\mdcnpal\htdocs\public_html\core\app.php on line 434
[2026-07-06 18:04:49] Creation of dynamic property app::$admin is deprecated in C:\xampp\Desktop\mdcnpal\htdocs\public_html\core\app.php on line 434
[2026-07-06 18:04:49] Undefined array key 0 in C:\xampp\Desktop\mdcnpal\htdocs\public_html\core\global_include.php on line 514
[2026-07-06 18:04:49] Creation of dynamic property app::$popup is deprecated in C:\xampp\Desktop\mdcnpal\htdocs\public_html\core\app.php on line 434
[2026-07-06 18:04:49] Undefined array key "MDRCCustID" in C:\xampp\Desktop\mdcnpal\htdocs\public_html\core\global_include.php on line 515
[2026-07-06 18:04:49] Undefined array key "MDRCToken" in C:\xampp\Desktop\mdcnpal\htdocs\public_html\core\global_include.php on line 515
[2026-07-06 18:04:49] Creation of dynamic property app::$rscategory is deprecated in C:\xampp\Desktop\mdcnpal\htdocs\public_html\core\app.php on line 434
[2026-07-06 18:04:49] Creation of dynamic property app::$rs_pages is deprecated in C:\xampp\Desktop\mdcnpal\htdocs\public_html\core\app.php on line 434
[2026-07-06 18:04:49] Creation of dynamic property app::$gs is deprecated in C:\xampp\Desktop\mdcnpal\htdocs\public_html\core\app.php on line 434
[2026-07-06 18:04:49] Undefined array key "MDRCCustID" in C:\xampp\Desktop\mdcnpal\htdocs\public_html\core\global_include.php on line 596
[2026-07-06 18:04:49] Undefined array key "MDRCCustID" in C:\xampp\Desktop\mdcnpal\htdocs\public_html\core\global_include.php on line 615
[2026-07-06 18:04:49] Undefined variable $getId in C:\xampp\Desktop\mdcnpal\htdocs\public_html\core\global_include.php on line 684
[2026-07-06 18:04:49] Undefined variable $getName in C:\xampp\Desktop\mdcnpal\htdocs\public_html\core\global_include.php on line 685
[2026-07-06 18:04:49] Undefined array key 0 in C:\xampp\Desktop\mdcnpal\htdocs\public_html\core\global_include.php on line 810
[2026-07-06 18:04:49] Creation of dynamic property app::$rs_offer_msg is deprecated in C:\xampp\Desktop\mdcnpal\htdocs\public_html\core\app.php on line 434
[2026-07-06 18:04:49] Creation of dynamic property app::$rs_for_doctors is deprecated in C:\xampp\Desktop\mdcnpal\htdocs\public_html\core\app.php on line 434
[2026-07-06 18:04:49] Creation of dynamic property app::$rs_area is deprecated in C:\xampp\Desktop\mdcnpal\htdocs\public_html\core\app.php on line 434
[2026-07-06 18:04:49] Creation of dynamic property app::$areaName is deprecated in C:\xampp\Desktop\mdcnpal\htdocs\public_html\core\app.php on line 434
[2026-07-06 18:04:49] Creation of dynamic property app::$rs_banner is deprecated in C:\xampp\Desktop\mdcnpal\htdocs\public_html\core\app.php on line 434
[2026-07-06 18:04:49] Creation of dynamic property app::$rs_department is deprecated in C:\xampp\Desktop\mdcnpal\htdocs\public_html\core\app.php on line 434
[2026-07-06 18:04:49] Creation of dynamic property app::$rs_diseases is deprecated in C:\xampp\Desktop\mdcnpal\htdocs\public_html\core\app.php on line 434
[2026-07-06 18:04:49] Creation of dynamic property app::$rs_category is deprecated in C:\xampp\Desktop\mdcnpal\htdocs\public_html\core\app.php on line 434
[2026-07-06 18:04:49] Creation of dynamic property app::$rs_type is deprecated in C:\xampp\Desktop\mdcnpal\htdocs\public_html\core\app.php on line 434
[2026-07-06 18:04:49] Creation of dynamic property app::$department_id is deprecated in C:\xampp\Desktop\mdcnpal\htdocs\public_html\core\app.php on line 434
[2026-07-06 18:04:49] Creation of dynamic property app::$city_id is deprecated in C:\xampp\Desktop\mdcnpal\htdocs\public_html\core\app.php on line 434
[2026-07-06 18:04:49] Creation of dynamic property app::$city_name is deprecated in C:\xampp\Desktop\mdcnpal\htdocs\public_html\core\app.php on line 434
[2026-07-06 18:04:49] Creation of dynamic property app::$pageType is deprecated in C:\xampp\Desktop\mdcnpal\htdocs\public_html\core\app.php on line 434
[2026-07-06 18:04:49] Creation of dynamic property app::$rs_faq_data is deprecated in C:\xampp\Desktop\mdcnpal\htdocs\public_html\core\app.php on line 434
[2026-07-06 18:04:49] Undefined property: app::$rs_cartmini in C:\xampp\Desktop\mdcnpal\htdocs\public_html\includes\header.php on line 131
[2026-07-06 18:04:49] Undefined array key "MDRCCustID" in C:\xampp\Desktop\mdcnpal\htdocs\public_html\includes\header.php on line 134
[2026-07-06 18:04:49] Undefined property: app::$rs_cartmini in C:\xampp\Desktop\mdcnpal\htdocs\public_html\includes\header.php on line 197
[2026-07-06 18:04:49] Undefined array key "MDRCCustID" in C:\xampp\Desktop\mdcnpal\htdocs\public_html\includes\header.php on line 200
[2026-07-06 18:04:49] Undefined property: app::$rs_cartmini in C:\xampp\Desktop\mdcnpal\htdocs\public_html\includes\header.php on line 469
[2026-07-06 18:04:49] Undefined array key "MDRCCustID" in C:\xampp\Desktop\mdcnpal\htdocs\public_html\includes\header.php on line 472
[2026-07-06 18:04:49] Undefined property: app::$rs_cartmini in C:\xampp\Desktop\mdcnpal\htdocs\public_html\includes\header.php on line 525
[2026-07-06 18:04:49] Undefined array key "MDRCCustID" in C:\xampp\Desktop\mdcnpal\htdocs\public_html\includes\header.php on line 528
[2026-07-06 18:04:49] Undefined property: app::$rs_customer in C:\xampp\Desktop\mdcnpal\htdocs\public_html\includes\header.php on line 712
[2026-07-06 18:04:49] Trying to access array offset on value of type null in C:\xampp\Desktop\mdcnpal\htdocs\public_html\includes\header.php on line 712
[2026-07-06 18:04:49] Undefined property: app::$rs_customer in C:\xampp\Desktop\mdcnpal\htdocs\public_html\includes\header.php on line 721
[2026-07-06 18:04:49] Trying to access array offset on value of type null in C:\xampp\Desktop\mdcnpal\htdocs\public_html\includes\header.php on line 721
[2026-07-06 18:04:49] Undefined property: app::$rs_customer in C:\xampp\Desktop\mdcnpal\htdocs\public_html\includes\header.php on line 730
[2026-07-06 18:04:49] Trying to access array offset on value of type null in C:\xampp\Desktop\mdcnpal\htdocs\public_html\includes\header.php on line 730
[2026-07-06 18:04:49] Undefined property: app::$rs_customer in C:\xampp\Desktop\mdcnpal\htdocs\public_html\includes\header.php on line 739
[2026-07-06 18:04:49] Trying to access array offset on value of type null in C:\xampp\Desktop\mdcnpal\htdocs\public_html\includes\header.php on line 739
[2026-07-06 18:04:49] Undefined property: app::$rs_customer in C:\xampp\Desktop\mdcnpal\htdocs\public_html\includes\footer.php on line 357
[2026-07-06 18:04:49] Trying to access array offset on value of type null in C:\xampp\Desktop\mdcnpal\htdocs\public_html\includes\footer.php on line 357
[2026-07-06 18:04:49] Undefined property: app::$rs_customer in C:\xampp\Desktop\mdcnpal\htdocs\public_html\includes\footer.php on line 366
[2026-07-06 18:04:49] Trying to access array offset on value of type null in C:\xampp\Desktop\mdcnpal\htdocs\public_html\includes\footer.php on line 366
[2026-07-06 18:04:49] Undefined property: app::$rs_customer in C:\xampp\Desktop\mdcnpal\htdocs\public_html\includes\footer.php on line 372
[2026-07-06 18:04:49] Trying to access array offset on value of type null in C:\xampp\Desktop\mdcnpal\htdocs\public_html\includes\footer.php on line 372
[2026-07-06 18:04:49] Undefined property: app::$rs_customer in C:\xampp\Desktop\mdcnpal\htdocs\public_html\includes\general_data.php on line 88
[2026-07-06 18:04:49] Trying to access array offset on value of type null in C:\xampp\Desktop\mdcnpal\htdocs\public_html\includes\general_data.php on line 88
[2026-07-06 18:04:49] Undefined array key "MDRCCustID" in C:\xampp\Desktop\mdcnpal\htdocs\public_html\includes\general_data.php on line 88
[2026-07-06 18:04:49] Undefined variable $tmpStr in C:\xampp\Desktop\mdcnpal\htdocs\public_html\core\app.php on line 971
[2026-07-06 18:04:50] Creation of dynamic property dbclass::$RECORD_SET is deprecated in C:\xampp\Desktop\mdcnpal\htdocs\public_html\core\dbclass.php on line 69
[2026-07-06 18:04:50] Creation of dynamic property dbclass::$app is deprecated in C:\xampp\Desktop\mdcnpal\htdocs\public_html\core\dbclass.php on line 75
[2026-07-06 18:04:50] Creation of dynamic property model::$foreign_tables is deprecated in C:\xampp\Desktop\mdcnpal\htdocs\public_html\core\model.php on line 43
[2026-07-06 18:04:50] Creation of dynamic property app::$inputfilter is deprecated in C:\xampp\Desktop\mdcnpal\htdocs\public_html\core\app.php on line 123
[2026-07-06 18:04:50] Creation of dynamic property app::$userconfig is deprecated in C:\xampp\Desktop\mdcnpal\htdocs\public_html\core\app.php on line 124
[2026-07-06 18:04:50] Creation of dynamic property app::$global_include is deprecated in C:\xampp\Desktop\mdcnpal\htdocs\public_html\core\app.php on line 125
[2026-07-06 18:04:50] Creation of dynamic property app::$set_cache_time is deprecated in C:\xampp\Desktop\mdcnpal\htdocs\public_html\core\app.php on line 153
[06-Jul-2026 18:04:50 Asia/Kathmandu] PHP Fatal error:  Uncaught ArgumentCountError: mysqli_set_charset() expects exactly 2 arguments, 1 given in C:\xampp\Desktop\mdcnpal\htdocs\public_html\scripts\ajax\packages.php:2
Stack trace:
#0 C:\xampp\Desktop\mdcnpal\htdocs\public_html\scripts\ajax\packages.php(2): mysqli_set_charset('utf8')
#1 C:\xampp\Desktop\mdcnpal\htdocs\public_html\scripts\ajax\index.php(15): include('C:\\xampp\\Deskto...')
#2 {main}
  thrown in C:\xampp\Desktop\mdcnpal\htdocs\public_html\scripts\ajax\packages.php on line 2
[2026-07-06 18:04:53] Creation of dynamic property dbclass::$RECORD_SET is deprecated in C:\xampp\Desktop\mdcnpal\htdocs\public_html\core\dbclass.php on line 69
[2026-07-06 18:04:53] Creation of dynamic property dbclass::$app is deprecated in C:\xampp\Desktop\mdcnpal\htdocs\public_html\core\dbclass.php on line 75
[2026-07-06 18:04:53] Creation of dynamic property model::$foreign_tables is deprecated in C:\xampp\Desktop\mdcnpal\htdocs\public_html\core\model.php on line 43
[2026-07-06 18:04:53] Creation of dynamic property app::$inputfilter is deprecated in C:\xampp\Desktop\mdcnpal\htdocs\public_html\core\app.php on line 123
[2026-07-06 18:04:53] Creation of dynamic property app::$userconfig is deprecated in C:\xampp\Desktop\mdcnpal\htdocs\public_html\core\app.php on line 124
[2026-07-06 18:04:53] Creation of dynamic property app::$global_include is deprecated in C:\xampp\Desktop\mdcnpal\htdocs\public_html\core\app.php on line 125
[2026-07-06 18:04:53] Creation of dynamic property app::$set_cache_time is deprecated in C:\xampp\Desktop\mdcnpal\htdocs\public_html\core\app.php on line 153
[2026-07-06 18:04:53] Undefined variable $RESULT in C:\xampp\Desktop\mdcnpal\htdocs\public_html\scripts\ajax\selectCityUsingGoogleMapApi.php on line 69
[2026-07-06 18:04:53] Undefined variable $URL in C:\xampp\Desktop\mdcnpal\htdocs\public_html\scripts\ajax\selectCityUsingGoogleMapApi.php on line 73
[2026-07-06 18:04:57] Creation of dynamic property dbclass::$RECORD_SET is deprecated in C:\xampp\Desktop\mdcnpal\htdocs\public_html\core\dbclass.php on line 69
[2026-07-06 18:04:57] Creation of dynamic property dbclass::$app is deprecated in C:\xampp\Desktop\mdcnpal\htdocs\public_html\core\dbclass.php on line 75
[2026-07-06 18:04:57] Creation of dynamic property model::$foreign_tables is deprecated in C:\xampp\Desktop\mdcnpal\htdocs\public_html\core\model.php on line 43
[2026-07-06 18:04:57] Creation of dynamic property app::$inputfilter is deprecated in C:\xampp\Desktop\mdcnpal\htdocs\public_html\core\app.php on line 123
[2026-07-06 18:04:57] Creation of dynamic property app::$userconfig is deprecated in C:\xampp\Desktop\mdcnpal\htdocs\public_html\core\app.php on line 124
[2026-07-06 18:04:57] Creation of dynamic property app::$global_include is deprecated in C:\xampp\Desktop\mdcnpal\htdocs\public_html\core\app.php on line 125
[2026-07-06 18:04:57] Creation of dynamic property app::$set_cache_time is deprecated in C:\xampp\Desktop\mdcnpal\htdocs\public_html\core\app.php on line 153
[2026-07-06 18:04:57] Creation of dynamic property app::$meta is deprecated in C:\xampp\Desktop\mdcnpal\htdocs\public_html\core\app.php on line 434
[2026-07-06 18:04:57] Creation of dynamic property app::$rs_gs_city is deprecated in C:\xampp\Desktop\mdcnpal\htdocs\public_html\core\app.php on line 434
[2026-07-06 18:04:57] Creation of dynamic property app::$rs_footer_popular_item is deprecated in C:\xampp\Desktop\mdcnpal\htdocs\public_html\core\app.php on line 434
[2026-07-06 18:04:57] Creation of dynamic property app::$rs_footer_popular_test is deprecated in C:\xampp\Desktop\mdcnpal\htdocs\public_html\core\app.php on line 434
[2026-07-06 18:04:57] Creation of dynamic property app::$rs_testimonial is deprecated in C:\xampp\Desktop\mdcnpal\htdocs\public_html\core\app.php on line 434
[2026-07-06 18:04:57] Creation of dynamic property app::$admin is deprecated in C:\xampp\Desktop\mdcnpal\htdocs\public_html\core\app.php on line 434
[2026-07-06 18:04:57] Undefined array key 0 in C:\xampp\Desktop\mdcnpal\htdocs\public_html\core\global_include.php on line 514
[2026-07-06 18:04:57] Creation of dynamic property app::$popup is deprecated in C:\xampp\Desktop\mdcnpal\htdocs\public_html\core\app.php on line 434
[2026-07-06 18:04:57] Undefined array key "MDRCCustID" in C:\xampp\Desktop\mdcnpal\htdocs\public_html\core\global_include.php on line 515
[2026-07-06 18:04:57] Undefined array key "MDRCToken" in C:\xampp\Desktop\mdcnpal\htdocs\public_html\core\global_include.php on line 515
[2026-07-06 18:04:57] Creation of dynamic property app::$rscategory is deprecated in C:\xampp\Desktop\mdcnpal\htdocs\public_html\core\app.php on line 434
[2026-07-06 18:04:57] Creation of dynamic property app::$rs_pages is deprecated in C:\xampp\Desktop\mdcnpal\htdocs\public_html\core\app.php on line 434
[2026-07-06 18:04:57] Creation of dynamic property app::$gs is deprecated in C:\xampp\Desktop\mdcnpal\htdocs\public_html\core\app.php on line 434
[2026-07-06 18:04:57] Undefined array key "MDRCCustID" in C:\xampp\Desktop\mdcnpal\htdocs\public_html\core\global_include.php on line 596
[2026-07-06 18:04:57] Undefined array key "MDRCCustID" in C:\xampp\Desktop\mdcnpal\htdocs\public_html\core\global_include.php on line 615
[2026-07-06 18:04:57] Undefined variable $getId in C:\xampp\Desktop\mdcnpal\htdocs\public_html\core\global_include.php on line 684
[2026-07-06 18:04:57] Undefined variable $getName in C:\xampp\Desktop\mdcnpal\htdocs\public_html\core\global_include.php on line 685
[2026-07-06 18:04:57] Undefined array key 0 in C:\xampp\Desktop\mdcnpal\htdocs\public_html\core\global_include.php on line 810
[2026-07-06 18:04:57] Creation of dynamic property app::$rs_offer_msg is deprecated in C:\xampp\Desktop\mdcnpal\htdocs\public_html\core\app.php on line 434
[2026-07-06 18:04:57] Creation of dynamic property app::$rs_for_doctors is deprecated in C:\xampp\Desktop\mdcnpal\htdocs\public_html\core\app.php on line 434
[2026-07-06 18:04:57] Creation of dynamic property app::$description is deprecated in C:\xampp\Desktop\mdcnpal\htdocs\public_html\core\app.php on line 434
[2026-07-06 18:04:57] Creation of dynamic property app::$rs_banner is deprecated in C:\xampp\Desktop\mdcnpal\htdocs\public_html\core\app.php on line 434
[2026-07-06 18:04:57] Creation of dynamic property app::$rs_item_diseases is deprecated in C:\xampp\Desktop\mdcnpal\htdocs\public_html\core\app.php on line 434
[2026-07-06 18:04:58] Creation of dynamic property app::$rs_item_home_category is deprecated in C:\xampp\Desktop\mdcnpal\htdocs\public_html\core\app.php on line 434
[2026-07-06 18:04:58] Creation of dynamic property app::$rs_item_banner_category is deprecated in C:\xampp\Desktop\mdcnpal\htdocs\public_html\core\app.php on line 434
[2026-07-06 18:04:58] Creation of dynamic property app::$rs_services is deprecated in C:\xampp\Desktop\mdcnpal\htdocs\public_html\core\app.php on line 434
[2026-07-06 18:04:58] Creation of dynamic property app::$rs_blog is deprecated in C:\xampp\Desktop\mdcnpal\htdocs\public_html\core\app.php on line 434
[2026-07-06 18:04:58] Creation of dynamic property app::$rs_category is deprecated in C:\xampp\Desktop\mdcnpal\htdocs\public_html\core\app.php on line 434
[2026-07-06 18:04:58] Creation of dynamic property app::$rs_faq_data is deprecated in C:\xampp\Desktop\mdcnpal\htdocs\public_html\core\app.php on line 434
[2026-07-06 18:04:58] Creation of dynamic property app::$rs_gallery_data is deprecated in C:\xampp\Desktop\mdcnpal\htdocs\public_html\core\app.php on line 434
[2026-07-06 18:04:58] Undefined property: app::$rs_cartmini in C:\xampp\Desktop\mdcnpal\htdocs\public_html\includes\header.php on line 131
[2026-07-06 18:04:58] Undefined array key "MDRCCustID" in C:\xampp\Desktop\mdcnpal\htdocs\public_html\includes\header.php on line 134
[2026-07-06 18:04:58] Undefined property: app::$rs_cartmini in C:\xampp\Desktop\mdcnpal\htdocs\public_html\includes\header.php on line 197
[2026-07-06 18:04:58] Undefined array key "MDRCCustID" in C:\xampp\Desktop\mdcnpal\htdocs\public_html\includes\header.php on line 200
[2026-07-06 18:04:58] Undefined property: app::$rs_cartmini in C:\xampp\Desktop\mdcnpal\htdocs\public_html\includes\header.php on line 469
[2026-07-06 18:04:58] Undefined array key "MDRCCustID" in C:\xampp\Desktop\mdcnpal\htdocs\public_html\includes\header.php on line 472
[2026-07-06 18:04:58] Undefined property: app::$rs_cartmini in C:\xampp\Desktop\mdcnpal\htdocs\public_html\includes\header.php on line 525
[2026-07-06 18:04:58] Undefined array key "MDRCCustID" in C:\xampp\Desktop\mdcnpal\htdocs\public_html\includes\header.php on line 528
[2026-07-06 18:04:58] Undefined property: app::$rs_customer in C:\xampp\Desktop\mdcnpal\htdocs\public_html\includes\header.php on line 712
[2026-07-06 18:04:58] Trying to access array offset on value of type null in C:\xampp\Desktop\mdcnpal\htdocs\public_html\includes\header.php on line 712
[2026-07-06 18:04:58] Undefined property: app::$rs_customer in C:\xampp\Desktop\mdcnpal\htdocs\public_html\includes\header.php on line 721
[2026-07-06 18:04:58] Trying to access array offset on value of type null in C:\xampp\Desktop\mdcnpal\htdocs\public_html\includes\header.php on line 721
[2026-07-06 18:04:58] Undefined property: app::$rs_customer in C:\xampp\Desktop\mdcnpal\htdocs\public_html\includes\header.php on line 730
[2026-07-06 18:04:58] Trying to access array offset on value of type null in C:\xampp\Desktop\mdcnpal\htdocs\public_html\includes\header.php on line 730
[2026-07-06 18:04:58] Undefined property: app::$rs_customer in C:\xampp\Desktop\mdcnpal\htdocs\public_html\includes\header.php on line 739
[2026-07-06 18:04:58] Trying to access array offset on value of type null in C:\xampp\Desktop\mdcnpal\htdocs\public_html\includes\header.php on line 739
[2026-07-06 18:04:58] Undefined variable $g_search_query in C:\xampp\Desktop\mdcnpal\htdocs\public_html\core\app.php(565) : eval()'d code on line 219
[2026-07-06 18:04:58] Undefined variable $department_cond in C:\xampp\Desktop\mdcnpal\htdocs\public_html\core\app.php(565) : eval()'d code on line 219
[2026-07-06 18:04:58] Undefined variable $type_cond in C:\xampp\Desktop\mdcnpal\htdocs\public_html\core\app.php(565) : eval()'d code on line 219
[2026-07-06 18:04:58] Undefined variable $dieses_cond in C:\xampp\Desktop\mdcnpal\htdocs\public_html\core\app.php(565) : eval()'d code on line 219
[2026-07-06 18:04:58] Undefined variable $popular_pack_cond in C:\xampp\Desktop\mdcnpal\htdocs\public_html\core\app.php(565) : eval()'d code on line 219
[2026-07-06 18:04:58] Undefined variable $g_search_query in C:\xampp\Desktop\mdcnpal\htdocs\public_html\core\app.php(565) : eval()'d code on line 219
[2026-07-06 18:04:58] Undefined variable $department_cond in C:\xampp\Desktop\mdcnpal\htdocs\public_html\core\app.php(565) : eval()'d code on line 219
[2026-07-06 18:04:58] Undefined variable $type_cond in C:\xampp\Desktop\mdcnpal\htdocs\public_html\core\app.php(565) : eval()'d code on line 219
[2026-07-06 18:04:58] Undefined variable $dieses_cond in C:\xampp\Desktop\mdcnpal\htdocs\public_html\core\app.php(565) : eval()'d code on line 219
[2026-07-06 18:04:58] Undefined variable $popular_pack_cond in C:\xampp\Desktop\mdcnpal\htdocs\public_html\core\app.php(565) : eval()'d code on line 219
[2026-07-06 18:04:58] Undefined variable $g_search_query in C:\xampp\Desktop\mdcnpal\htdocs\public_html\core\app.php(565) : eval()'d code on line 219
[2026-07-06 18:04:58] Undefined variable $department_cond in C:\xampp\Desktop\mdcnpal\htdocs\public_html\core\app.php(565) : eval()'d code on line 219
[2026-07-06 18:04:58] Undefined variable $type_cond in C:\xampp\Desktop\mdcnpal\htdocs\public_html\core\app.php(565) : eval()'d code on line 219
[2026-07-06 18:04:58] Undefined variable $dieses_cond in C:\xampp\Desktop\mdcnpal\htdocs\public_html\core\app.php(565) : eval()'d code on line 219
[2026-07-06 18:04:58] Undefined variable $popular_pack_cond in C:\xampp\Desktop\mdcnpal\htdocs\public_html\core\app.php(565) : eval()'d code on line 219
[2026-07-06 18:04:58] Undefined variable $g_search_query in C:\xampp\Desktop\mdcnpal\htdocs\public_html\core\app.php(565) : eval()'d code on line 219
[2026-07-06 18:04:58] Undefined variable $department_cond in C:\xampp\Desktop\mdcnpal\htdocs\public_html\core\app.php(565) : eval()'d code on line 219
[2026-07-06 18:04:58] Undefined variable $type_cond in C:\xampp\Desktop\mdcnpal\htdocs\public_html\core\app.php(565) : eval()'d code on line 219
[2026-07-06 18:04:58] Undefined variable $dieses_cond in C:\xampp\Desktop\mdcnpal\htdocs\public_html\core\app.php(565) : eval()'d code on line 219
[2026-07-06 18:04:58] Undefined variable $popular_pack_cond in C:\xampp\Desktop\mdcnpal\htdocs\public_html\core\app.php(565) : eval()'d code on line 219
[2026-07-06 18:04:58] Undefined variable $g_search_query in C:\xampp\Desktop\mdcnpal\htdocs\public_html\core\app.php(565) : eval()'d code on line 219
[2026-07-06 18:04:58] Undefined variable $department_cond in C:\xampp\Desktop\mdcnpal\htdocs\public_html\core\app.php(565) : eval()'d code on line 219
[2026-07-06 18:04:58] Undefined variable $type_cond in C:\xampp\Desktop\mdcnpal\htdocs\public_html\core\app.php(565) : eval()'d code on line 219
[2026-07-06 18:04:58] Undefined variable $dieses_cond in C:\xampp\Desktop\mdcnpal\htdocs\public_html\core\app.php(565) : eval()'d code on line 219
[2026-07-06 18:04:58] Undefined variable $popular_pack_cond in C:\xampp\Desktop\mdcnpal\htdocs\public_html\core\app.php(565) : eval()'d code on line 219
[2026-07-06 18:04:58] Undefined property: app::$rs_customer in C:\xampp\Desktop\mdcnpal\htdocs\public_html\includes\footer.php on line 357
[2026-07-06 18:04:58] Trying to access array offset on value of type null in C:\xampp\Desktop\mdcnpal\htdocs\public_html\includes\footer.php on line 357
[2026-07-06 18:04:58] Undefined property: app::$rs_customer in C:\xampp\Desktop\mdcnpal\htdocs\public_html\includes\footer.php on line 366
[2026-07-06 18:04:58] Trying to access array offset on value of type null in C:\xampp\Desktop\mdcnpal\htdocs\public_html\includes\footer.php on line 366
[2026-07-06 18:04:58] Undefined property: app::$rs_customer in C:\xampp\Desktop\mdcnpal\htdocs\public_html\includes\footer.php on line 372
[2026-07-06 18:04:58] Trying to access array offset on value of type null in C:\xampp\Desktop\mdcnpal\htdocs\public_html\includes\footer.php on line 372
[2026-07-06 18:04:58] Undefined property: app::$rs_customer in C:\xampp\Desktop\mdcnpal\htdocs\public_html\includes\general_data.php on line 88
[2026-07-06 18:04:58] Trying to access array offset on value of type null in C:\xampp\Desktop\mdcnpal\htdocs\public_html\includes\general_data.php on line 88
[2026-07-06 18:04:58] Undefined array key "MDRCCustID" in C:\xampp\Desktop\mdcnpal\htdocs\public_html\includes\general_data.php on line 88
[2026-07-06 18:04:58] Undefined variable $tmpStr in C:\xampp\Desktop\mdcnpal\htdocs\public_html\core\app.php on line 971
[2026-07-06 18:04:59] Creation of dynamic property dbclass::$RECORD_SET is deprecated in C:\xampp\Desktop\mdcnpal\htdocs\public_html\core\dbclass.php on line 69
[2026-07-06 18:04:59] Creation of dynamic property dbclass::$app is deprecated in C:\xampp\Desktop\mdcnpal\htdocs\public_html\core\dbclass.php on line 75
[2026-07-06 18:04:59] Creation of dynamic property model::$foreign_tables is deprecated in C:\xampp\Desktop\mdcnpal\htdocs\public_html\core\model.php on line 43
[2026-07-06 18:04:59] Creation of dynamic property app::$inputfilter is deprecated in C:\xampp\Desktop\mdcnpal\htdocs\public_html\core\app.php on line 123
[2026-07-06 18:04:59] Creation of dynamic property app::$userconfig is deprecated in C:\xampp\Desktop\mdcnpal\htdocs\public_html\core\app.php on line 124
[2026-07-06 18:04:59] Creation of dynamic property app::$global_include is deprecated in C:\xampp\Desktop\mdcnpal\htdocs\public_html\core\app.php on line 125
[2026-07-06 18:04:59] Creation of dynamic property app::$set_cache_time is deprecated in C:\xampp\Desktop\mdcnpal\htdocs\public_html\core\app.php on line 153
[2026-07-06 18:04:59] Undefined variable $RESULT in C:\xampp\Desktop\mdcnpal\htdocs\public_html\scripts\ajax\selectCityUsingGoogleMapApi.php on line 69
[2026-07-06 18:04:59] Undefined variable $URL in C:\xampp\Desktop\mdcnpal\htdocs\public_html\scripts\ajax\selectCityUsingGoogleMapApi.php on line 73
[2026-07-06 18:05:00] Creation of dynamic property dbclass::$RECORD_SET is deprecated in C:\xampp\Desktop\mdcnpal\htdocs\public_html\core\dbclass.php on line 69
[2026-07-06 18:05:00] Creation of dynamic property dbclass::$app is deprecated in C:\xampp\Desktop\mdcnpal\htdocs\public_html\core\dbclass.php on line 75
[2026-07-06 18:05:00] Creation of dynamic property model::$foreign_tables is deprecated in C:\xampp\Desktop\mdcnpal\htdocs\public_html\core\model.php on line 43
[2026-07-06 18:05:00] Creation of dynamic property app::$inputfilter is deprecated in C:\xampp\Desktop\mdcnpal\htdocs\public_html\core\app.php on line 123
[2026-07-06 18:05:00] Creation of dynamic property app::$userconfig is deprecated in C:\xampp\Desktop\mdcnpal\htdocs\public_html\core\app.php on line 124
[2026-07-06 18:05:00] Creation of dynamic property app::$global_include is deprecated in C:\xampp\Desktop\mdcnpal\htdocs\public_html\core\app.php on line 125
[2026-07-06 18:05:00] Creation of dynamic property app::$set_cache_time is deprecated in C:\xampp\Desktop\mdcnpal\htdocs\public_html\core\app.php on line 153
[2026-07-06 18:05:00] Creation of dynamic property app::$meta is deprecated in C:\xampp\Desktop\mdcnpal\htdocs\public_html\core\app.php on line 434
[2026-07-06 18:05:00] Creation of dynamic property app::$rs_gs_city is deprecated in C:\xampp\Desktop\mdcnpal\htdocs\public_html\core\app.php on line 434
[2026-07-06 18:05:00] Creation of dynamic property app::$rs_footer_popular_item is deprecated in C:\xampp\Desktop\mdcnpal\htdocs\public_html\core\app.php on line 434
[2026-07-06 18:05:00] Creation of dynamic property app::$rs_footer_popular_test is deprecated in C:\xampp\Desktop\mdcnpal\htdocs\public_html\core\app.php on line 434
[2026-07-06 18:05:00] Creation of dynamic property app::$rs_testimonial is deprecated in C:\xampp\Desktop\mdcnpal\htdocs\public_html\core\app.php on line 434
[2026-07-06 18:05:00] Creation of dynamic property app::$admin is deprecated in C:\xampp\Desktop\mdcnpal\htdocs\public_html\core\app.php on line 434
[2026-07-06 18:05:00] Undefined array key 0 in C:\xampp\Desktop\mdcnpal\htdocs\public_html\core\global_include.php on line 514
[2026-07-06 18:05:00] Creation of dynamic property app::$popup is deprecated in C:\xampp\Desktop\mdcnpal\htdocs\public_html\core\app.php on line 434
[2026-07-06 18:05:00] Undefined array key "MDRCCustID" in C:\xampp\Desktop\mdcnpal\htdocs\public_html\core\global_include.php on line 515
[2026-07-06 18:05:00] Undefined array key "MDRCToken" in C:\xampp\Desktop\mdcnpal\htdocs\public_html\core\global_include.php on line 515
[2026-07-06 18:05:00] Creation of dynamic property app::$rscategory is deprecated in C:\xampp\Desktop\mdcnpal\htdocs\public_html\core\app.php on line 434
[2026-07-06 18:05:00] Creation of dynamic property app::$rs_pages is deprecated in C:\xampp\Desktop\mdcnpal\htdocs\public_html\core\app.php on line 434
[2026-07-06 18:05:00] Creation of dynamic property app::$gs is deprecated in C:\xampp\Desktop\mdcnpal\htdocs\public_html\core\app.php on line 434
[2026-07-06 18:05:00] Undefined array key "MDRCCustID" in C:\xampp\Desktop\mdcnpal\htdocs\public_html\core\global_include.php on line 596
[2026-07-06 18:05:00] Undefined array key "MDRCCustID" in C:\xampp\Desktop\mdcnpal\htdocs\public_html\core\global_include.php on line 615
[2026-07-06 18:05:01] Undefined variable $getId in C:\xampp\Desktop\mdcnpal\htdocs\public_html\core\global_include.php on line 684
[2026-07-06 18:05:01] Undefined variable $getName in C:\xampp\Desktop\mdcnpal\htdocs\public_html\core\global_include.php on line 685
[2026-07-06 18:05:01] Undefined array key 0 in C:\xampp\Desktop\mdcnpal\htdocs\public_html\core\global_include.php on line 810
[2026-07-06 18:05:01] Creation of dynamic property app::$rs_offer_msg is deprecated in C:\xampp\Desktop\mdcnpal\htdocs\public_html\core\app.php on line 434
[2026-07-06 18:05:01] Creation of dynamic property app::$rs_for_doctors is deprecated in C:\xampp\Desktop\mdcnpal\htdocs\public_html\core\app.php on line 434
[2026-07-06 18:05:01] Creation of dynamic property app::$rs_area is deprecated in C:\xampp\Desktop\mdcnpal\htdocs\public_html\core\app.php on line 434
[2026-07-06 18:05:01] Creation of dynamic property app::$areaName is deprecated in C:\xampp\Desktop\mdcnpal\htdocs\public_html\core\app.php on line 434
[2026-07-06 18:05:01] Creation of dynamic property app::$rs_banner is deprecated in C:\xampp\Desktop\mdcnpal\htdocs\public_html\core\app.php on line 434
[2026-07-06 18:05:01] Creation of dynamic property app::$rs_department is deprecated in C:\xampp\Desktop\mdcnpal\htdocs\public_html\core\app.php on line 434
[2026-07-06 18:05:01] Creation of dynamic property app::$rs_diseases is deprecated in C:\xampp\Desktop\mdcnpal\htdocs\public_html\core\app.php on line 434
[2026-07-06 18:05:01] Creation of dynamic property app::$rs_category is deprecated in C:\xampp\Desktop\mdcnpal\htdocs\public_html\core\app.php on line 434
[2026-07-06 18:05:01] Creation of dynamic property app::$rs_type is deprecated in C:\xampp\Desktop\mdcnpal\htdocs\public_html\core\app.php on line 434
[2026-07-06 18:05:01] Creation of dynamic property app::$department_id is deprecated in C:\xampp\Desktop\mdcnpal\htdocs\public_html\core\app.php on line 434
[2026-07-06 18:05:01] Creation of dynamic property app::$city_id is deprecated in C:\xampp\Desktop\mdcnpal\htdocs\public_html\core\app.php on line 434
[2026-07-06 18:05:01] Creation of dynamic property app::$city_name is deprecated in C:\xampp\Desktop\mdcnpal\htdocs\public_html\core\app.php on line 434
[2026-07-06 18:05:01] Creation of dynamic property app::$pageType is deprecated in C:\xampp\Desktop\mdcnpal\htdocs\public_html\core\app.php on line 434
[2026-07-06 18:05:01] Creation of dynamic property app::$rs_faq_data is deprecated in C:\xampp\Desktop\mdcnpal\htdocs\public_html\core\app.php on line 434
[2026-07-06 18:05:01] Undefined property: app::$rs_cartmini in C:\xampp\Desktop\mdcnpal\htdocs\public_html\includes\header.php on line 131
[2026-07-06 18:05:01] Undefined array key "MDRCCustID" in C:\xampp\Desktop\mdcnpal\htdocs\public_html\includes\header.php on line 134
[2026-07-06 18:05:01] Undefined property: app::$rs_cartmini in C:\xampp\Desktop\mdcnpal\htdocs\public_html\includes\header.php on line 197
[2026-07-06 18:05:01] Undefined array key "MDRCCustID" in C:\xampp\Desktop\mdcnpal\htdocs\public_html\includes\header.php on line 200
[2026-07-06 18:05:01] Undefined property: app::$rs_cartmini in C:\xampp\Desktop\mdcnpal\htdocs\public_html\includes\header.php on line 469
[2026-07-06 18:05:01] Undefined array key "MDRCCustID" in C:\xampp\Desktop\mdcnpal\htdocs\public_html\includes\header.php on line 472
[2026-07-06 18:05:01] Undefined property: app::$rs_cartmini in C:\xampp\Desktop\mdcnpal\htdocs\public_html\includes\header.php on line 525
[2026-07-06 18:05:01] Undefined array key "MDRCCustID" in C:\xampp\Desktop\mdcnpal\htdocs\public_html\includes\header.php on line 528
[2026-07-06 18:05:01] Undefined property: app::$rs_customer in C:\xampp\Desktop\mdcnpal\htdocs\public_html\includes\header.php on line 712
[2026-07-06 18:05:01] Trying to access array offset on value of type null in C:\xampp\Desktop\mdcnpal\htdocs\public_html\includes\header.php on line 712
[2026-07-06 18:05:01] Undefined property: app::$rs_customer in C:\xampp\Desktop\mdcnpal\htdocs\public_html\includes\header.php on line 721
[2026-07-06 18:05:01] Trying to access array offset on value of type null in C:\xampp\Desktop\mdcnpal\htdocs\public_html\includes\header.php on line 721
[2026-07-06 18:05:01] Undefined property: app::$rs_customer in C:\xampp\Desktop\mdcnpal\htdocs\public_html\includes\header.php on line 730
[2026-07-06 18:05:01] Trying to access array offset on value of type null in C:\xampp\Desktop\mdcnpal\htdocs\public_html\includes\header.php on line 730
[2026-07-06 18:05:01] Undefined property: app::$rs_customer in C:\xampp\Desktop\mdcnpal\htdocs\public_html\includes\header.php on line 739
[2026-07-06 18:05:01] Trying to access array offset on value of type null in C:\xampp\Desktop\mdcnpal\htdocs\public_html\includes\header.php on line 739
[2026-07-06 18:05:01] Undefined property: app::$rs_customer in C:\xampp\Desktop\mdcnpal\htdocs\public_html\includes\footer.php on line 357
[2026-07-06 18:05:01] Trying to access array offset on value of type null in C:\xampp\Desktop\mdcnpal\htdocs\public_html\includes\footer.php on line 357
[2026-07-06 18:05:01] Undefined property: app::$rs_customer in C:\xampp\Desktop\mdcnpal\htdocs\public_html\includes\footer.php on line 366
[2026-07-06 18:05:01] Trying to access array offset on value of type null in C:\xampp\Desktop\mdcnpal\htdocs\public_html\includes\footer.php on line 366
[2026-07-06 18:05:01] Undefined property: app::$rs_customer in C:\xampp\Desktop\mdcnpal\htdocs\public_html\includes\footer.php on line 372
[2026-07-06 18:05:01] Trying to access array offset on value of type null in C:\xampp\Desktop\mdcnpal\htdocs\public_html\includes\footer.php on line 372
[2026-07-06 18:05:01] Undefined property: app::$rs_customer in C:\xampp\Desktop\mdcnpal\htdocs\public_html\includes\general_data.php on line 88
[2026-07-06 18:05:01] Trying to access array offset on value of type null in C:\xampp\Desktop\mdcnpal\htdocs\public_html\includes\general_data.php on line 88
[2026-07-06 18:05:01] Undefined array key "MDRCCustID" in C:\xampp\Desktop\mdcnpal\htdocs\public_html\includes\general_data.php on line 88
[2026-07-06 18:05:01] Undefined variable $tmpStr in C:\xampp\Desktop\mdcnpal\htdocs\public_html\core\app.php on line 971
[2026-07-06 18:05:01] Creation of dynamic property dbclass::$RECORD_SET is deprecated in C:\xampp\Desktop\mdcnpal\htdocs\public_html\core\dbclass.php on line 69
[2026-07-06 18:05:01] Creation of dynamic property dbclass::$app is deprecated in C:\xampp\Desktop\mdcnpal\htdocs\public_html\core\dbclass.php on line 75
[2026-07-06 18:05:01] Creation of dynamic property model::$foreign_tables is deprecated in C:\xampp\Desktop\mdcnpal\htdocs\public_html\core\model.php on line 43
[2026-07-06 18:05:01] Creation of dynamic property app::$inputfilter is deprecated in C:\xampp\Desktop\mdcnpal\htdocs\public_html\core\app.php on line 123
[2026-07-06 18:05:01] Creation of dynamic property app::$userconfig is deprecated in C:\xampp\Desktop\mdcnpal\htdocs\public_html\core\app.php on line 124
[2026-07-06 18:05:01] Creation of dynamic property app::$global_include is deprecated in C:\xampp\Desktop\mdcnpal\htdocs\public_html\core\app.php on line 125
[2026-07-06 18:05:01] Creation of dynamic property app::$set_cache_time is deprecated in C:\xampp\Desktop\mdcnpal\htdocs\public_html\core\app.php on line 153
[06-Jul-2026 18:05:01 Asia/Kathmandu] PHP Fatal error:  Uncaught ArgumentCountError: mysqli_set_charset() expects exactly 2 arguments, 1 given in C:\xampp\Desktop\mdcnpal\htdocs\public_html\scripts\ajax\packages.php:2
Stack trace:
#0 C:\xampp\Desktop\mdcnpal\htdocs\public_html\scripts\ajax\packages.php(2): mysqli_set_charset('utf8')
#1 C:\xampp\Desktop\mdcnpal\htdocs\public_html\scripts\ajax\index.php(15): include('C:\\xampp\\Deskto...')
#2 {main}
  thrown in C:\xampp\Desktop\mdcnpal\htdocs\public_html\scripts\ajax\packages.php on line 2
[2026-07-06 18:05:02] Creation of dynamic property dbclass::$RECORD_SET is deprecated in C:\xampp\Desktop\mdcnpal\htdocs\public_html\core\dbclass.php on line 69
[2026-07-06 18:05:02] Creation of dynamic property dbclass::$app is deprecated in C:\xampp\Desktop\mdcnpal\htdocs\public_html\core\dbclass.php on line 75
[2026-07-06 18:05:02] Creation of dynamic property model::$foreign_tables is deprecated in C:\xampp\Desktop\mdcnpal\htdocs\public_html\core\model.php on line 43
[2026-07-06 18:05:02] Creation of dynamic property app::$inputfilter is deprecated in C:\xampp\Desktop\mdcnpal\htdocs\public_html\core\app.php on line 123
[2026-07-06 18:05:02] Creation of dynamic property app::$userconfig is deprecated in C:\xampp\Desktop\mdcnpal\htdocs\public_html\core\app.php on line 124
[2026-07-06 18:05:02] Creation of dynamic property app::$global_include is deprecated in C:\xampp\Desktop\mdcnpal\htdocs\public_html\core\app.php on line 125
[2026-07-06 18:05:02] Creation of dynamic property app::$set_cache_time is deprecated in C:\xampp\Desktop\mdcnpal\htdocs\public_html\core\app.php on line 153
[2026-07-06 18:05:02] Undefined variable $RESULT in C:\xampp\Desktop\mdcnpal\htdocs\public_html\scripts\ajax\selectCityUsingGoogleMapApi.php on line 69
[2026-07-06 18:05:02] Undefined variable $URL in C:\xampp\Desktop\mdcnpal\htdocs\public_html\scripts\ajax\selectCityUsingGoogleMapApi.php on line 73
[2026-07-06 18:05:16] Creation of dynamic property dbclass::$RECORD_SET is deprecated in C:\xampp\Desktop\mdcnpal\htdocs\public_html\core\dbclass.php on line 69
[2026-07-06 18:05:16] Creation of dynamic property dbclass::$app is deprecated in C:\xampp\Desktop\mdcnpal\htdocs\public_html\core\dbclass.php on line 75
[2026-07-06 18:05:16] Creation of dynamic property model::$foreign_tables is deprecated in C:\xampp\Desktop\mdcnpal\htdocs\public_html\core\model.php on line 43
[2026-07-06 18:05:16] Creation of dynamic property app::$inputfilter is deprecated in C:\xampp\Desktop\mdcnpal\htdocs\public_html\core\app.php on line 123
[2026-07-06 18:05:16] Creation of dynamic property app::$userconfig is deprecated in C:\xampp\Desktop\mdcnpal\htdocs\public_html\core\app.php on line 124
[2026-07-06 18:05:16] Creation of dynamic property app::$global_include is deprecated in C:\xampp\Desktop\mdcnpal\htdocs\public_html\core\app.php on line 125
[2026-07-06 18:05:16] Creation of dynamic property app::$set_cache_time is deprecated in C:\xampp\Desktop\mdcnpal\htdocs\public_html\core\app.php on line 153
[2026-07-06 18:05:16] Creation of dynamic property app::$meta is deprecated in C:\xampp\Desktop\mdcnpal\htdocs\public_html\core\app.php on line 434
[2026-07-06 18:05:16] Creation of dynamic property app::$rs_gs_city is deprecated in C:\xampp\Desktop\mdcnpal\htdocs\public_html\core\app.php on line 434
[2026-07-06 18:05:16] Creation of dynamic property app::$rs_footer_popular_item is deprecated in C:\xampp\Desktop\mdcnpal\htdocs\public_html\core\app.php on line 434
[2026-07-06 18:05:16] Creation of dynamic property app::$rs_footer_popular_test is deprecated in C:\xampp\Desktop\mdcnpal\htdocs\public_html\core\app.php on line 434
[2026-07-06 18:05:16] Creation of dynamic property app::$rs_testimonial is deprecated in C:\xampp\Desktop\mdcnpal\htdocs\public_html\core\app.php on line 434
[2026-07-06 18:05:16] Creation of dynamic property app::$admin is deprecated in C:\xampp\Desktop\mdcnpal\htdocs\public_html\core\app.php on line 434
[2026-07-06 18:05:16] Undefined array key 0 in C:\xampp\Desktop\mdcnpal\htdocs\public_html\core\global_include.php on line 514
[2026-07-06 18:05:16] Creation of dynamic property app::$popup is deprecated in C:\xampp\Desktop\mdcnpal\htdocs\public_html\core\app.php on line 434
[2026-07-06 18:05:16] Undefined array key "MDRCCustID" in C:\xampp\Desktop\mdcnpal\htdocs\public_html\core\global_include.php on line 515
[2026-07-06 18:05:16] Undefined array key "MDRCToken" in C:\xampp\Desktop\mdcnpal\htdocs\public_html\core\global_include.php on line 515
[2026-07-06 18:05:16] Creation of dynamic property app::$rscategory is deprecated in C:\xampp\Desktop\mdcnpal\htdocs\public_html\core\app.php on line 434
[2026-07-06 18:05:16] Creation of dynamic property app::$rs_pages is deprecated in C:\xampp\Desktop\mdcnpal\htdocs\public_html\core\app.php on line 434
[2026-07-06 18:05:16] Creation of dynamic property app::$gs is deprecated in C:\xampp\Desktop\mdcnpal\htdocs\public_html\core\app.php on line 434
[2026-07-06 18:05:16] Undefined array key "MDRCCustID" in C:\xampp\Desktop\mdcnpal\htdocs\public_html\core\global_include.php on line 596
[2026-07-06 18:05:16] Undefined array key "MDRCCustID" in C:\xampp\Desktop\mdcnpal\htdocs\public_html\core\global_include.php on line 615
[2026-07-06 18:05:16] Undefined variable $getId in C:\xampp\Desktop\mdcnpal\htdocs\public_html\core\global_include.php on line 684
[2026-07-06 18:05:16] Undefined variable $getName in C:\xampp\Desktop\mdcnpal\htdocs\public_html\core\global_include.php on line 685
[2026-07-06 18:05:17] Undefined array key 0 in C:\xampp\Desktop\mdcnpal\htdocs\public_html\core\global_include.php on line 810
[2026-07-06 18:05:17] Creation of dynamic property app::$rs_offer_msg is deprecated in C:\xampp\Desktop\mdcnpal\htdocs\public_html\core\app.php on line 434
[2026-07-06 18:05:17] Creation of dynamic property app::$rs_for_doctors is deprecated in C:\xampp\Desktop\mdcnpal\htdocs\public_html\core\app.php on line 434
[2026-07-06 18:05:17] Creation of dynamic property app::$description is deprecated in C:\xampp\Desktop\mdcnpal\htdocs\public_html\core\app.php on line 434
[2026-07-06 18:05:17] Creation of dynamic property app::$rs_banner is deprecated in C:\xampp\Desktop\mdcnpal\htdocs\public_html\core\app.php on line 434
[2026-07-06 18:05:17] Creation of dynamic property app::$rs_item_diseases is deprecated in C:\xampp\Desktop\mdcnpal\htdocs\public_html\core\app.php on line 434
[2026-07-06 18:05:17] Creation of dynamic property app::$rs_item_home_category is deprecated in C:\xampp\Desktop\mdcnpal\htdocs\public_html\core\app.php on line 434
[2026-07-06 18:05:17] Creation of dynamic property app::$rs_item_banner_category is deprecated in C:\xampp\Desktop\mdcnpal\htdocs\public_html\core\app.php on line 434
[2026-07-06 18:05:17] Creation of dynamic property app::$rs_services is deprecated in C:\xampp\Desktop\mdcnpal\htdocs\public_html\core\app.php on line 434
[2026-07-06 18:05:17] Creation of dynamic property app::$rs_blog is deprecated in C:\xampp\Desktop\mdcnpal\htdocs\public_html\core\app.php on line 434
[2026-07-06 18:05:17] Creation of dynamic property app::$rs_category is deprecated in C:\xampp\Desktop\mdcnpal\htdocs\public_html\core\app.php on line 434
[2026-07-06 18:05:17] Creation of dynamic property app::$rs_faq_data is deprecated in C:\xampp\Desktop\mdcnpal\htdocs\public_html\core\app.php on line 434
[2026-07-06 18:05:17] Creation of dynamic property app::$rs_gallery_data is deprecated in C:\xampp\Desktop\mdcnpal\htdocs\public_html\core\app.php on line 434
[2026-07-06 18:05:17] Undefined property: app::$rs_cartmini in C:\xampp\Desktop\mdcnpal\htdocs\public_html\includes\header.php on line 131
[2026-07-06 18:05:17] Undefined array key "MDRCCustID" in C:\xampp\Desktop\mdcnpal\htdocs\public_html\includes\header.php on line 134
[2026-07-06 18:05:17] Undefined property: app::$rs_cartmini in C:\xampp\Desktop\mdcnpal\htdocs\public_html\includes\header.php on line 197
[2026-07-06 18:05:17] Undefined array key "MDRCCustID" in C:\xampp\Desktop\mdcnpal\htdocs\public_html\includes\header.php on line 200
[2026-07-06 18:05:17] Undefined property: app::$rs_cartmini in C:\xampp\Desktop\mdcnpal\htdocs\public_html\includes\header.php on line 469
[2026-07-06 18:05:17] Undefined array key "MDRCCustID" in C:\xampp\Desktop\mdcnpal\htdocs\public_html\includes\header.php on line 472
[2026-07-06 18:05:17] Undefined property: app::$rs_cartmini in C:\xampp\Desktop\mdcnpal\htdocs\public_html\includes\header.php on line 525
[2026-07-06 18:05:17] Undefined array key "MDRCCustID" in C:\xampp\Desktop\mdcnpal\htdocs\public_html\includes\header.php on line 528
[2026-07-06 18:05:17] Undefined property: app::$rs_customer in C:\xampp\Desktop\mdcnpal\htdocs\public_html\includes\header.php on line 712
[2026-07-06 18:05:17] Trying to access array offset on value of type null in C:\xampp\Desktop\mdcnpal\htdocs\public_html\includes\header.php on line 712
[2026-07-06 18:05:17] Undefined property: app::$rs_customer in C:\xampp\Desktop\mdcnpal\htdocs\public_html\includes\header.php on line 721
[2026-07-06 18:05:17] Trying to access array offset on value of type null in C:\xampp\Desktop\mdcnpal\htdocs\public_html\includes\header.php on line 721
[2026-07-06 18:05:17] Undefined property: app::$rs_customer in C:\xampp\Desktop\mdcnpal\htdocs\public_html\includes\header.php on line 730
[2026-07-06 18:05:17] Trying to access array offset on value of type null in C:\xampp\Desktop\mdcnpal\htdocs\public_html\includes\header.php on line 730
[2026-07-06 18:05:17] Undefined property: app::$rs_customer in C:\xampp\Desktop\mdcnpal\htdocs\public_html\includes\header.php on line 739
[2026-07-06 18:05:17] Trying to access array offset on value of type null in C:\xampp\Desktop\mdcnpal\htdocs\public_html\includes\header.php on line 739
[2026-07-06 18:05:17] Undefined variable $g_search_query in C:\xampp\Desktop\mdcnpal\htdocs\public_html\core\app.php(565) : eval()'d code on line 219
[2026-07-06 18:05:17] Undefined variable $department_cond in C:\xampp\Desktop\mdcnpal\htdocs\public_html\core\app.php(565) : eval()'d code on line 219
[2026-07-06 18:05:17] Undefined variable $type_cond in C:\xampp\Desktop\mdcnpal\htdocs\public_html\core\app.php(565) : eval()'d code on line 219
[2026-07-06 18:05:17] Undefined variable $dieses_cond in C:\xampp\Desktop\mdcnpal\htdocs\public_html\core\app.php(565) : eval()'d code on line 219
[2026-07-06 18:05:17] Undefined variable $popular_pack_cond in C:\xampp\Desktop\mdcnpal\htdocs\public_html\core\app.php(565) : eval()'d code on line 219
[2026-07-06 18:05:17] Undefined variable $g_search_query in C:\xampp\Desktop\mdcnpal\htdocs\public_html\core\app.php(565) : eval()'d code on line 219
[2026-07-06 18:05:17] Undefined variable $department_cond in C:\xampp\Desktop\mdcnpal\htdocs\public_html\core\app.php(565) : eval()'d code on line 219
[2026-07-06 18:05:17] Undefined variable $type_cond in C:\xampp\Desktop\mdcnpal\htdocs\public_html\core\app.php(565) : eval()'d code on line 219
[2026-07-06 18:05:17] Undefined variable $dieses_cond in C:\xampp\Desktop\mdcnpal\htdocs\public_html\core\app.php(565) : eval()'d code on line 219
[2026-07-06 18:05:17] Undefined variable $popular_pack_cond in C:\xampp\Desktop\mdcnpal\htdocs\public_html\core\app.php(565) : eval()'d code on line 219
[2026-07-06 18:05:17] Undefined variable $g_search_query in C:\xampp\Desktop\mdcnpal\htdocs\public_html\core\app.php(565) : eval()'d code on line 219
[2026-07-06 18:05:17] Undefined variable $department_cond in C:\xampp\Desktop\mdcnpal\htdocs\public_html\core\app.php(565) : eval()'d code on line 219
[2026-07-06 18:05:17] Undefined variable $type_cond in C:\xampp\Desktop\mdcnpal\htdocs\public_html\core\app.php(565) : eval()'d code on line 219
[2026-07-06 18:05:17] Undefined variable $dieses_cond in C:\xampp\Desktop\mdcnpal\htdocs\public_html\core\app.php(565) : eval()'d code on line 219
[2026-07-06 18:05:17] Undefined variable $popular_pack_cond in C:\xampp\Desktop\mdcnpal\htdocs\public_html\core\app.php(565) : eval()'d code on line 219
[2026-07-06 18:05:17] Undefined variable $g_search_query in C:\xampp\Desktop\mdcnpal\htdocs\public_html\core\app.php(565) : eval()'d code on line 219
[2026-07-06 18:05:17] Undefined variable $department_cond in C:\xampp\Desktop\mdcnpal\htdocs\public_html\core\app.php(565) : eval()'d code on line 219
[2026-07-06 18:05:17] Undefined variable $type_cond in C:\xampp\Desktop\mdcnpal\htdocs\public_html\core\app.php(565) : eval()'d code on line 219
[2026-07-06 18:05:17] Undefined variable $dieses_cond in C:\xampp\Desktop\mdcnpal\htdocs\public_html\core\app.php(565) : eval()'d code on line 219
[2026-07-06 18:05:17] Undefined variable $popular_pack_cond in C:\xampp\Desktop\mdcnpal\htdocs\public_html\core\app.php(565) : eval()'d code on line 219
[2026-07-06 18:05:17] Undefined variable $g_search_query in C:\xampp\Desktop\mdcnpal\htdocs\public_html\core\app.php(565) : eval()'d code on line 219
[2026-07-06 18:05:17] Undefined variable $department_cond in C:\xampp\Desktop\mdcnpal\htdocs\public_html\core\app.php(565) : eval()'d code on line 219
[2026-07-06 18:05:17] Undefined variable $type_cond in C:\xampp\Desktop\mdcnpal\htdocs\public_html\core\app.php(565) : eval()'d code on line 219
[2026-07-06 18:05:17] Undefined variable $dieses_cond in C:\xampp\Desktop\mdcnpal\htdocs\public_html\core\app.php(565) : eval()'d code on line 219
[2026-07-06 18:05:17] Undefined variable $popular_pack_cond in C:\xampp\Desktop\mdcnpal\htdocs\public_html\core\app.php(565) : eval()'d code on line 219
[2026-07-06 18:05:17] Undefined property: app::$rs_customer in C:\xampp\Desktop\mdcnpal\htdocs\public_html\includes\footer.php on line 357
[2026-07-06 18:05:17] Trying to access array offset on value of type null in C:\xampp\Desktop\mdcnpal\htdocs\public_html\includes\footer.php on line 357
[2026-07-06 18:05:17] Undefined property: app::$rs_customer in C:\xampp\Desktop\mdcnpal\htdocs\public_html\includes\footer.php on line 366
[2026-07-06 18:05:17] Trying to access array offset on value of type null in C:\xampp\Desktop\mdcnpal\htdocs\public_html\includes\footer.php on line 366
[2026-07-06 18:05:17] Undefined property: app::$rs_customer in C:\xampp\Desktop\mdcnpal\htdocs\public_html\includes\footer.php on line 372
[2026-07-06 18:05:17] Trying to access array offset on value of type null in C:\xampp\Desktop\mdcnpal\htdocs\public_html\includes\footer.php on line 372
[2026-07-06 18:05:17] Undefined property: app::$rs_customer in C:\xampp\Desktop\mdcnpal\htdocs\public_html\includes\general_data.php on line 88
[2026-07-06 18:05:17] Trying to access array offset on value of type null in C:\xampp\Desktop\mdcnpal\htdocs\public_html\includes\general_data.php on line 88
[2026-07-06 18:05:17] Undefined array key "MDRCCustID" in C:\xampp\Desktop\mdcnpal\htdocs\public_html\includes\general_data.php on line 88
[2026-07-06 18:05:17] Undefined variable $tmpStr in C:\xampp\Desktop\mdcnpal\htdocs\public_html\core\app.php on line 971
[2026-07-06 18:05:19] Creation of dynamic property dbclass::$RECORD_SET is deprecated in C:\xampp\Desktop\mdcnpal\htdocs\public_html\core\dbclass.php on line 69
[2026-07-06 18:05:19] Creation of dynamic property dbclass::$app is deprecated in C:\xampp\Desktop\mdcnpal\htdocs\public_html\core\dbclass.php on line 75
[2026-07-06 18:05:19] Creation of dynamic property model::$foreign_tables is deprecated in C:\xampp\Desktop\mdcnpal\htdocs\public_html\core\model.php on line 43
[2026-07-06 18:05:19] Creation of dynamic property app::$inputfilter is deprecated in C:\xampp\Desktop\mdcnpal\htdocs\public_html\core\app.php on line 123
[2026-07-06 18:05:19] Creation of dynamic property app::$userconfig is deprecated in C:\xampp\Desktop\mdcnpal\htdocs\public_html\core\app.php on line 124
[2026-07-06 18:05:19] Creation of dynamic property app::$global_include is deprecated in C:\xampp\Desktop\mdcnpal\htdocs\public_html\core\app.php on line 125
[2026-07-06 18:05:19] Creation of dynamic property app::$set_cache_time is deprecated in C:\xampp\Desktop\mdcnpal\htdocs\public_html\core\app.php on line 153
[2026-07-06 18:05:19] Undefined variable $RESULT in C:\xampp\Desktop\mdcnpal\htdocs\public_html\scripts\ajax\selectCityUsingGoogleMapApi.php on line 69
[2026-07-06 18:05:19] Undefined variable $URL in C:\xampp\Desktop\mdcnpal\htdocs\public_html\scripts\ajax\selectCityUsingGoogleMapApi.php on line 73
[2026-07-06 18:05:26] Creation of dynamic property dbclass::$RECORD_SET is deprecated in C:\xampp\Desktop\mdcnpal\htdocs\public_html\core\dbclass.php on line 69
[2026-07-06 18:05:26] Creation of dynamic property dbclass::$app is deprecated in C:\xampp\Desktop\mdcnpal\htdocs\public_html\core\dbclass.php on line 75
[2026-07-06 18:05:26] Creation of dynamic property model::$foreign_tables is deprecated in C:\xampp\Desktop\mdcnpal\htdocs\public_html\core\model.php on line 43
[2026-07-06 18:05:26] Creation of dynamic property app::$inputfilter is deprecated in C:\xampp\Desktop\mdcnpal\htdocs\public_html\core\app.php on line 123
[2026-07-06 18:05:26] Creation of dynamic property app::$userconfig is deprecated in C:\xampp\Desktop\mdcnpal\htdocs\public_html\core\app.php on line 124
[2026-07-06 18:05:26] Creation of dynamic property app::$global_include is deprecated in C:\xampp\Desktop\mdcnpal\htdocs\public_html\core\app.php on line 125
[2026-07-06 18:05:26] Creation of dynamic property app::$set_cache_time is deprecated in C:\xampp\Desktop\mdcnpal\htdocs\public_html\core\app.php on line 153
[2026-07-06 18:05:26] Undefined array key "MDRCCustID" in C:\xampp\Desktop\mdcnpal\htdocs\public_html\scripts\ajax\changeCity.php on line 60
[2026-07-06 18:05:26] Creation of dynamic property dbclass::$RECORD_SET is deprecated in C:\xampp\Desktop\mdcnpal\htdocs\public_html\core\dbclass.php on line 69
[2026-07-06 18:05:26] Creation of dynamic property dbclass::$app is deprecated in C:\xampp\Desktop\mdcnpal\htdocs\public_html\core\dbclass.php on line 75
[2026-07-06 18:05:26] Creation of dynamic property model::$foreign_tables is deprecated in C:\xampp\Desktop\mdcnpal\htdocs\public_html\core\model.php on line 43
[2026-07-06 18:05:26] Creation of dynamic property app::$inputfilter is deprecated in C:\xampp\Desktop\mdcnpal\htdocs\public_html\core\app.php on line 123
[2026-07-06 18:05:26] Creation of dynamic property app::$userconfig is deprecated in C:\xampp\Desktop\mdcnpal\htdocs\public_html\core\app.php on line 124
[2026-07-06 18:05:26] Creation of dynamic property app::$global_include is deprecated in C:\xampp\Desktop\mdcnpal\htdocs\public_html\core\app.php on line 125
[2026-07-06 18:05:26] Creation of dynamic property app::$set_cache_time is deprecated in C:\xampp\Desktop\mdcnpal\htdocs\public_html\core\app.php on line 153
[2026-07-06 18:05:26] Creation of dynamic property app::$meta is deprecated in C:\xampp\Desktop\mdcnpal\htdocs\public_html\core\app.php on line 434
[2026-07-06 18:05:26] Creation of dynamic property app::$rs_gs_city is deprecated in C:\xampp\Desktop\mdcnpal\htdocs\public_html\core\app.php on line 434
[2026-07-06 18:05:26] Creation of dynamic property app::$rs_footer_popular_item is deprecated in C:\xampp\Desktop\mdcnpal\htdocs\public_html\core\app.php on line 434
[2026-07-06 18:05:26] Creation of dynamic property app::$rs_footer_popular_test is deprecated in C:\xampp\Desktop\mdcnpal\htdocs\public_html\core\app.php on line 434
[2026-07-06 18:05:26] Creation of dynamic property app::$rs_testimonial is deprecated in C:\xampp\Desktop\mdcnpal\htdocs\public_html\core\app.php on line 434
[2026-07-06 18:05:26] Creation of dynamic property app::$admin is deprecated in C:\xampp\Desktop\mdcnpal\htdocs\public_html\core\app.php on line 434
[2026-07-06 18:05:26] Undefined array key 0 in C:\xampp\Desktop\mdcnpal\htdocs\public_html\core\global_include.php on line 514
[2026-07-06 18:05:26] Creation of dynamic property app::$popup is deprecated in C:\xampp\Desktop\mdcnpal\htdocs\public_html\core\app.php on line 434
[2026-07-06 18:05:26] Undefined array key "MDRCCustID" in C:\xampp\Desktop\mdcnpal\htdocs\public_html\core\global_include.php on line 515
[2026-07-06 18:05:26] Undefined array key "MDRCToken" in C:\xampp\Desktop\mdcnpal\htdocs\public_html\core\global_include.php on line 515
[2026-07-06 18:05:26] Creation of dynamic property app::$rscategory is deprecated in C:\xampp\Desktop\mdcnpal\htdocs\public_html\core\app.php on line 434
[2026-07-06 18:05:26] Creation of dynamic property app::$rs_pages is deprecated in C:\xampp\Desktop\mdcnpal\htdocs\public_html\core\app.php on line 434
[2026-07-06 18:05:26] Creation of dynamic property app::$gs is deprecated in C:\xampp\Desktop\mdcnpal\htdocs\public_html\core\app.php on line 434
[2026-07-06 18:05:26] Undefined array key "MDRCCustID" in C:\xampp\Desktop\mdcnpal\htdocs\public_html\core\global_include.php on line 596
[2026-07-06 18:05:26] Undefined array key "MDRCCustID" in C:\xampp\Desktop\mdcnpal\htdocs\public_html\core\global_include.php on line 615
[2026-07-06 18:05:26] Undefined variable $getId in C:\xampp\Desktop\mdcnpal\htdocs\public_html\core\global_include.php on line 684
[2026-07-06 18:05:26] Undefined variable $getName in C:\xampp\Desktop\mdcnpal\htdocs\public_html\core\global_include.php on line 685
[2026-07-06 18:05:26] Undefined array key 0 in C:\xampp\Desktop\mdcnpal\htdocs\public_html\core\global_include.php on line 810
[2026-07-06 18:05:26] Creation of dynamic property app::$rs_offer_msg is deprecated in C:\xampp\Desktop\mdcnpal\htdocs\public_html\core\app.php on line 434
[2026-07-06 18:05:26] Creation of dynamic property app::$rs_for_doctors is deprecated in C:\xampp\Desktop\mdcnpal\htdocs\public_html\core\app.php on line 434
[2026-07-06 18:05:26] Creation of dynamic property dbclass::$RECORD_SET is deprecated in C:\xampp\Desktop\mdcnpal\htdocs\public_html\core\dbclass.php on line 69
[2026-07-06 18:05:26] Creation of dynamic property dbclass::$app is deprecated in C:\xampp\Desktop\mdcnpal\htdocs\public_html\core\dbclass.php on line 75
[2026-07-06 18:05:26] Creation of dynamic property model::$foreign_tables is deprecated in C:\xampp\Desktop\mdcnpal\htdocs\public_html\core\model.php on line 43
[2026-07-06 18:05:26] Creation of dynamic property app::$inputfilter is deprecated in C:\xampp\Desktop\mdcnpal\htdocs\public_html\core\app.php on line 123
[2026-07-06 18:05:26] Creation of dynamic property app::$userconfig is deprecated in C:\xampp\Desktop\mdcnpal\htdocs\public_html\core\app.php on line 124
[2026-07-06 18:05:26] Creation of dynamic property app::$global_include is deprecated in C:\xampp\Desktop\mdcnpal\htdocs\public_html\core\app.php on line 125
[2026-07-06 18:05:26] Creation of dynamic property app::$set_cache_time is deprecated in C:\xampp\Desktop\mdcnpal\htdocs\public_html\core\app.php on line 153
[2026-07-06 18:05:26] Creation of dynamic property app::$meta is deprecated in C:\xampp\Desktop\mdcnpal\htdocs\public_html\core\app.php on line 434
[2026-07-06 18:05:26] Creation of dynamic property app::$rs_gs_city is deprecated in C:\xampp\Desktop\mdcnpal\htdocs\public_html\core\app.php on line 434
[2026-07-06 18:05:26] Creation of dynamic property app::$rs_footer_popular_item is deprecated in C:\xampp\Desktop\mdcnpal\htdocs\public_html\core\app.php on line 434
[2026-07-06 18:05:27] Creation of dynamic property app::$rs_footer_popular_test is deprecated in C:\xampp\Desktop\mdcnpal\htdocs\public_html\core\app.php on line 434
[2026-07-06 18:05:27] Creation of dynamic property app::$rs_testimonial is deprecated in C:\xampp\Desktop\mdcnpal\htdocs\public_html\core\app.php on line 434
[2026-07-06 18:05:27] Creation of dynamic property app::$admin is deprecated in C:\xampp\Desktop\mdcnpal\htdocs\public_html\core\app.php on line 434
[2026-07-06 18:05:27] Undefined array key 0 in C:\xampp\Desktop\mdcnpal\htdocs\public_html\core\global_include.php on line 514
[2026-07-06 18:05:27] Creation of dynamic property app::$popup is deprecated in C:\xampp\Desktop\mdcnpal\htdocs\public_html\core\app.php on line 434
[2026-07-06 18:05:27] Undefined array key "MDRCCustID" in C:\xampp\Desktop\mdcnpal\htdocs\public_html\core\global_include.php on line 515
[2026-07-06 18:05:27] Undefined array key "MDRCToken" in C:\xampp\Desktop\mdcnpal\htdocs\public_html\core\global_include.php on line 515
[2026-07-06 18:05:27] Creation of dynamic property app::$rscategory is deprecated in C:\xampp\Desktop\mdcnpal\htdocs\public_html\core\app.php on line 434
[2026-07-06 18:05:27] Creation of dynamic property app::$rs_pages is deprecated in C:\xampp\Desktop\mdcnpal\htdocs\public_html\core\app.php on line 434
[2026-07-06 18:05:27] Creation of dynamic property app::$gs is deprecated in C:\xampp\Desktop\mdcnpal\htdocs\public_html\core\app.php on line 434
[2026-07-06 18:05:27] Undefined array key "MDRCCustID" in C:\xampp\Desktop\mdcnpal\htdocs\public_html\core\global_include.php on line 596
[2026-07-06 18:05:27] Undefined array key "MDRCCustID" in C:\xampp\Desktop\mdcnpal\htdocs\public_html\core\global_include.php on line 615
[2026-07-06 18:05:27] Undefined variable $getId in C:\xampp\Desktop\mdcnpal\htdocs\public_html\core\global_include.php on line 684
[2026-07-06 18:05:27] Undefined variable $getName in C:\xampp\Desktop\mdcnpal\htdocs\public_html\core\global_include.php on line 685
[2026-07-06 18:05:27] Undefined array key 0 in C:\xampp\Desktop\mdcnpal\htdocs\public_html\core\global_include.php on line 810
[2026-07-06 18:05:27] Creation of dynamic property app::$rs_offer_msg is deprecated in C:\xampp\Desktop\mdcnpal\htdocs\public_html\core\app.php on line 434
[2026-07-06 18:05:27] Creation of dynamic property app::$rs_for_doctors is deprecated in C:\xampp\Desktop\mdcnpal\htdocs\public_html\core\app.php on line 434
[2026-07-06 18:05:27] Creation of dynamic property app::$description is deprecated in C:\xampp\Desktop\mdcnpal\htdocs\public_html\core\app.php on line 434
[2026-07-06 18:05:27] Creation of dynamic property app::$rs_banner is deprecated in C:\xampp\Desktop\mdcnpal\htdocs\public_html\core\app.php on line 434
[2026-07-06 18:05:27] Creation of dynamic property app::$rs_item_diseases is deprecated in C:\xampp\Desktop\mdcnpal\htdocs\public_html\core\app.php on line 434
[2026-07-06 18:05:27] Creation of dynamic property app::$rs_item_home_category is deprecated in C:\xampp\Desktop\mdcnpal\htdocs\public_html\core\app.php on line 434
[2026-07-06 18:05:27] Creation of dynamic property app::$rs_item_banner_category is deprecated in C:\xampp\Desktop\mdcnpal\htdocs\public_html\core\app.php on line 434
[2026-07-06 18:05:27] Creation of dynamic property app::$rs_services is deprecated in C:\xampp\Desktop\mdcnpal\htdocs\public_html\core\app.php on line 434
[2026-07-06 18:05:27] Creation of dynamic property app::$rs_blog is deprecated in C:\xampp\Desktop\mdcnpal\htdocs\public_html\core\app.php on line 434
[2026-07-06 18:05:27] Creation of dynamic property app::$rs_category is deprecated in C:\xampp\Desktop\mdcnpal\htdocs\public_html\core\app.php on line 434
[2026-07-06 18:05:27] Creation of dynamic property app::$rs_faq_data is deprecated in C:\xampp\Desktop\mdcnpal\htdocs\public_html\core\app.php on line 434
[2026-07-06 18:05:27] Creation of dynamic property app::$rs_gallery_data is deprecated in C:\xampp\Desktop\mdcnpal\htdocs\public_html\core\app.php on line 434
[2026-07-06 18:05:27] Undefined property: app::$rs_cartmini in C:\xampp\Desktop\mdcnpal\htdocs\public_html\includes\header.php on line 131
[2026-07-06 18:05:27] Undefined array key "MDRCCustID" in C:\xampp\Desktop\mdcnpal\htdocs\public_html\includes\header.php on line 134
[2026-07-06 18:05:27] Undefined property: app::$rs_cartmini in C:\xampp\Desktop\mdcnpal\htdocs\public_html\includes\header.php on line 197
[2026-07-06 18:05:27] Undefined array key "MDRCCustID" in C:\xampp\Desktop\mdcnpal\htdocs\public_html\includes\header.php on line 200
[2026-07-06 18:05:27] Undefined property: app::$rs_cartmini in C:\xampp\Desktop\mdcnpal\htdocs\public_html\includes\header.php on line 469
[2026-07-06 18:05:27] Undefined array key "MDRCCustID" in C:\xampp\Desktop\mdcnpal\htdocs\public_html\includes\header.php on line 472
[2026-07-06 18:05:27] Undefined property: app::$rs_cartmini in C:\xampp\Desktop\mdcnpal\htdocs\public_html\includes\header.php on line 525
[2026-07-06 18:05:27] Undefined array key "MDRCCustID" in C:\xampp\Desktop\mdcnpal\htdocs\public_html\includes\header.php on line 528
[2026-07-06 18:05:27] Undefined property: app::$rs_customer in C:\xampp\Desktop\mdcnpal\htdocs\public_html\includes\header.php on line 712
[2026-07-06 18:05:27] Trying to access array offset on value of type null in C:\xampp\Desktop\mdcnpal\htdocs\public_html\includes\header.php on line 712
[2026-07-06 18:05:27] Undefined property: app::$rs_customer in C:\xampp\Desktop\mdcnpal\htdocs\public_html\includes\header.php on line 721
[2026-07-06 18:05:27] Trying to access array offset on value of type null in C:\xampp\Desktop\mdcnpal\htdocs\public_html\includes\header.php on line 721
[2026-07-06 18:05:27] Undefined property: app::$rs_customer in C:\xampp\Desktop\mdcnpal\htdocs\public_html\includes\header.php on line 730
[2026-07-06 18:05:27] Trying to access array offset on value of type null in C:\xampp\Desktop\mdcnpal\htdocs\public_html\includes\header.php on line 730
[2026-07-06 18:05:27] Undefined property: app::$rs_customer in C:\xampp\Desktop\mdcnpal\htdocs\public_html\includes\header.php on line 739
[2026-07-06 18:05:27] Trying to access array offset on value of type null in C:\xampp\Desktop\mdcnpal\htdocs\public_html\includes\header.php on line 739
[2026-07-06 18:05:27] Undefined variable $g_search_query in C:\xampp\Desktop\mdcnpal\htdocs\public_html\core\app.php(565) : eval()'d code on line 219
[2026-07-06 18:05:27] Undefined variable $department_cond in C:\xampp\Desktop\mdcnpal\htdocs\public_html\core\app.php(565) : eval()'d code on line 219
[2026-07-06 18:05:27] Undefined variable $type_cond in C:\xampp\Desktop\mdcnpal\htdocs\public_html\core\app.php(565) : eval()'d code on line 219
[2026-07-06 18:05:27] Undefined variable $dieses_cond in C:\xampp\Desktop\mdcnpal\htdocs\public_html\core\app.php(565) : eval()'d code on line 219
[2026-07-06 18:05:27] Undefined variable $popular_pack_cond in C:\xampp\Desktop\mdcnpal\htdocs\public_html\core\app.php(565) : eval()'d code on line 219
[2026-07-06 18:05:27] Undefined variable $g_search_query in C:\xampp\Desktop\mdcnpal\htdocs\public_html\core\app.php(565) : eval()'d code on line 219
[2026-07-06 18:05:27] Undefined variable $department_cond in C:\xampp\Desktop\mdcnpal\htdocs\public_html\core\app.php(565) : eval()'d code on line 219
[2026-07-06 18:05:27] Undefined variable $type_cond in C:\xampp\Desktop\mdcnpal\htdocs\public_html\core\app.php(565) : eval()'d code on line 219
[2026-07-06 18:05:27] Undefined variable $dieses_cond in C:\xampp\Desktop\mdcnpal\htdocs\public_html\core\app.php(565) : eval()'d code on line 219
[2026-07-06 18:05:27] Undefined variable $popular_pack_cond in C:\xampp\Desktop\mdcnpal\htdocs\public_html\core\app.php(565) : eval()'d code on line 219
[2026-07-06 18:05:27] Undefined variable $g_search_query in C:\xampp\Desktop\mdcnpal\htdocs\public_html\core\app.php(565) : eval()'d code on line 219
[2026-07-06 18:05:27] Undefined variable $department_cond in C:\xampp\Desktop\mdcnpal\htdocs\public_html\core\app.php(565) : eval()'d code on line 219
[2026-07-06 18:05:27] Undefined variable $type_cond in C:\xampp\Desktop\mdcnpal\htdocs\public_html\core\app.php(565) : eval()'d code on line 219
[2026-07-06 18:05:27] Undefined variable $dieses_cond in C:\xampp\Desktop\mdcnpal\htdocs\public_html\core\app.php(565) : eval()'d code on line 219
[2026-07-06 18:05:27] Undefined variable $popular_pack_cond in C:\xampp\Desktop\mdcnpal\htdocs\public_html\core\app.php(565) : eval()'d code on line 219
[2026-07-06 18:05:27] Undefined variable $g_search_query in C:\xampp\Desktop\mdcnpal\htdocs\public_html\core\app.php(565) : eval()'d code on line 219
[2026-07-06 18:05:27] Undefined variable $department_cond in C:\xampp\Desktop\mdcnpal\htdocs\public_html\core\app.php(565) : eval()'d code on line 219
[2026-07-06 18:05:27] Undefined variable $type_cond in C:\xampp\Desktop\mdcnpal\htdocs\public_html\core\app.php(565) : eval()'d code on line 219
[2026-07-06 18:05:27] Undefined variable $dieses_cond in C:\xampp\Desktop\mdcnpal\htdocs\public_html\core\app.php(565) : eval()'d code on line 219
[2026-07-06 18:05:27] Undefined variable $popular_pack_cond in C:\xampp\Desktop\mdcnpal\htdocs\public_html\core\app.php(565) : eval()'d code on line 219
[2026-07-06 18:05:28] Undefined variable $g_search_query in C:\xampp\Desktop\mdcnpal\htdocs\public_html\core\app.php(565) : eval()'d code on line 219
[2026-07-06 18:05:28] Undefined variable $department_cond in C:\xampp\Desktop\mdcnpal\htdocs\public_html\core\app.php(565) : eval()'d code on line 219
[2026-07-06 18:05:28] Undefined variable $type_cond in C:\xampp\Desktop\mdcnpal\htdocs\public_html\core\app.php(565) : eval()'d code on line 219
[2026-07-06 18:05:28] Undefined variable $dieses_cond in C:\xampp\Desktop\mdcnpal\htdocs\public_html\core\app.php(565) : eval()'d code on line 219
[2026-07-06 18:05:28] Undefined variable $popular_pack_cond in C:\xampp\Desktop\mdcnpal\htdocs\public_html\core\app.php(565) : eval()'d code on line 219
[2026-07-06 18:05:28] Undefined property: app::$rs_customer in C:\xampp\Desktop\mdcnpal\htdocs\public_html\includes\footer.php on line 357
[2026-07-06 18:05:28] Trying to access array offset on value of type null in C:\xampp\Desktop\mdcnpal\htdocs\public_html\includes\footer.php on line 357
[2026-07-06 18:05:28] Undefined property: app::$rs_customer in C:\xampp\Desktop\mdcnpal\htdocs\public_html\includes\footer.php on line 366
[2026-07-06 18:05:28] Trying to access array offset on value of type null in C:\xampp\Desktop\mdcnpal\htdocs\public_html\includes\footer.php on line 366
[2026-07-06 18:05:28] Undefined property: app::$rs_customer in C:\xampp\Desktop\mdcnpal\htdocs\public_html\includes\footer.php on line 372
[2026-07-06 18:05:28] Trying to access array offset on value of type null in C:\xampp\Desktop\mdcnpal\htdocs\public_html\includes\footer.php on line 372
[2026-07-06 18:05:28] Undefined property: app::$rs_customer in C:\xampp\Desktop\mdcnpal\htdocs\public_html\includes\general_data.php on line 88
[2026-07-06 18:05:28] Trying to access array offset on value of type null in C:\xampp\Desktop\mdcnpal\htdocs\public_html\includes\general_data.php on line 88
[2026-07-06 18:05:28] Undefined array key "MDRCCustID" in C:\xampp\Desktop\mdcnpal\htdocs\public_html\includes\general_data.php on line 88
[2026-07-06 18:05:28] Undefined variable $tmpStr in C:\xampp\Desktop\mdcnpal\htdocs\public_html\core\app.php on line 971
[2026-07-06 18:05:29] Creation of dynamic property dbclass::$RECORD_SET is deprecated in C:\xampp\Desktop\mdcnpal\htdocs\public_html\core\dbclass.php on line 69
[2026-07-06 18:05:29] Creation of dynamic property dbclass::$app is deprecated in C:\xampp\Desktop\mdcnpal\htdocs\public_html\core\dbclass.php on line 75
[2026-07-06 18:05:29] Creation of dynamic property model::$foreign_tables is deprecated in C:\xampp\Desktop\mdcnpal\htdocs\public_html\core\model.php on line 43
[2026-07-06 18:05:29] Creation of dynamic property app::$inputfilter is deprecated in C:\xampp\Desktop\mdcnpal\htdocs\public_html\core\app.php on line 123
[2026-07-06 18:05:29] Creation of dynamic property app::$userconfig is deprecated in C:\xampp\Desktop\mdcnpal\htdocs\public_html\core\app.php on line 124
[2026-07-06 18:05:29] Creation of dynamic property app::$global_include is deprecated in C:\xampp\Desktop\mdcnpal\htdocs\public_html\core\app.php on line 125
[2026-07-06 18:05:29] Creation of dynamic property app::$set_cache_time is deprecated in C:\xampp\Desktop\mdcnpal\htdocs\public_html\core\app.php on line 153
[2026-07-06 18:05:29] Undefined variable $RESULT in C:\xampp\Desktop\mdcnpal\htdocs\public_html\scripts\ajax\selectCityUsingGoogleMapApi.php on line 69
[2026-07-06 18:05:29] Undefined variable $URL in C:\xampp\Desktop\mdcnpal\htdocs\public_html\scripts\ajax\selectCityUsingGoogleMapApi.php on line 73
[2026-07-06 18:05:36] Creation of dynamic property dbclass::$RECORD_SET is deprecated in C:\xampp\Desktop\mdcnpal\htdocs\public_html\core\dbclass.php on line 69
[2026-07-06 18:05:36] Creation of dynamic property dbclass::$app is deprecated in C:\xampp\Desktop\mdcnpal\htdocs\public_html\core\dbclass.php on line 75
[2026-07-06 18:05:36] Creation of dynamic property model::$foreign_tables is deprecated in C:\xampp\Desktop\mdcnpal\htdocs\public_html\core\model.php on line 43
[2026-07-06 18:05:36] Creation of dynamic property app::$inputfilter is deprecated in C:\xampp\Desktop\mdcnpal\htdocs\public_html\core\app.php on line 123
[2026-07-06 18:05:36] Creation of dynamic property app::$userconfig is deprecated in C:\xampp\Desktop\mdcnpal\htdocs\public_html\core\app.php on line 124
[2026-07-06 18:05:36] Creation of dynamic property app::$global_include is deprecated in C:\xampp\Desktop\mdcnpal\htdocs\public_html\core\app.php on line 125
[2026-07-06 18:05:36] Creation of dynamic property app::$set_cache_time is deprecated in C:\xampp\Desktop\mdcnpal\htdocs\public_html\core\app.php on line 153
[2026-07-06 18:05:36] Creation of dynamic property app::$meta is deprecated in C:\xampp\Desktop\mdcnpal\htdocs\public_html\core\app.php on line 434
[2026-07-06 18:05:36] Creation of dynamic property app::$rs_gs_city is deprecated in C:\xampp\Desktop\mdcnpal\htdocs\public_html\core\app.php on line 434
[2026-07-06 18:05:37] Creation of dynamic property app::$rs_footer_popular_item is deprecated in C:\xampp\Desktop\mdcnpal\htdocs\public_html\core\app.php on line 434
[2026-07-06 18:05:37] Creation of dynamic property app::$rs_footer_popular_test is deprecated in C:\xampp\Desktop\mdcnpal\htdocs\public_html\core\app.php on line 434
[2026-07-06 18:05:37] Creation of dynamic property app::$rs_testimonial is deprecated in C:\xampp\Desktop\mdcnpal\htdocs\public_html\core\app.php on line 434
[2026-07-06 18:05:37] Creation of dynamic property app::$admin is deprecated in C:\xampp\Desktop\mdcnpal\htdocs\public_html\core\app.php on line 434
[2026-07-06 18:05:37] Undefined array key 0 in C:\xampp\Desktop\mdcnpal\htdocs\public_html\core\global_include.php on line 514
[2026-07-06 18:05:37] Creation of dynamic property app::$popup is deprecated in C:\xampp\Desktop\mdcnpal\htdocs\public_html\core\app.php on line 434
[2026-07-06 18:05:37] Undefined array key "MDRCCustID" in C:\xampp\Desktop\mdcnpal\htdocs\public_html\core\global_include.php on line 515
[2026-07-06 18:05:37] Undefined array key "MDRCToken" in C:\xampp\Desktop\mdcnpal\htdocs\public_html\core\global_include.php on line 515
[2026-07-06 18:05:37] Creation of dynamic property app::$rscategory is deprecated in C:\xampp\Desktop\mdcnpal\htdocs\public_html\core\app.php on line 434
[2026-07-06 18:05:37] Creation of dynamic property app::$rs_pages is deprecated in C:\xampp\Desktop\mdcnpal\htdocs\public_html\core\app.php on line 434
[2026-07-06 18:05:37] Creation of dynamic property app::$gs is deprecated in C:\xampp\Desktop\mdcnpal\htdocs\public_html\core\app.php on line 434
[2026-07-06 18:05:37] Undefined array key "MDRCCustID" in C:\xampp\Desktop\mdcnpal\htdocs\public_html\core\global_include.php on line 596
[2026-07-06 18:05:37] Undefined array key "MDRCCustID" in C:\xampp\Desktop\mdcnpal\htdocs\public_html\core\global_include.php on line 615
[2026-07-06 18:05:37] Undefined variable $getId in C:\xampp\Desktop\mdcnpal\htdocs\public_html\core\global_include.php on line 684
[2026-07-06 18:05:37] Undefined variable $getName in C:\xampp\Desktop\mdcnpal\htdocs\public_html\core\global_include.php on line 685
[2026-07-06 18:05:37] Undefined array key 0 in C:\xampp\Desktop\mdcnpal\htdocs\public_html\core\global_include.php on line 810
[2026-07-06 18:05:37] Creation of dynamic property app::$rs_offer_msg is deprecated in C:\xampp\Desktop\mdcnpal\htdocs\public_html\core\app.php on line 434
[2026-07-06 18:05:37] Creation of dynamic property app::$rs_for_doctors is deprecated in C:\xampp\Desktop\mdcnpal\htdocs\public_html\core\app.php on line 434
[2026-07-06 18:05:37] Creation of dynamic property app::$rs_data is deprecated in C:\xampp\Desktop\mdcnpal\htdocs\public_html\core\app.php on line 434
[2026-07-06 18:05:37] Creation of dynamic property app::$rs_certi_data is deprecated in C:\xampp\Desktop\mdcnpal\htdocs\public_html\core\app.php on line 434
[2026-07-06 18:05:37] Creation of dynamic property app::$rs_key_fetures_data is deprecated in C:\xampp\Desktop\mdcnpal\htdocs\public_html\core\app.php on line 434
[2026-07-06 18:05:37] Creation of dynamic property app::$rs_banner is deprecated in C:\xampp\Desktop\mdcnpal\htdocs\public_html\core\app.php on line 434
[2026-07-06 18:05:37] Creation of dynamic property app::$rs_package_data is deprecated in C:\xampp\Desktop\mdcnpal\htdocs\public_html\core\app.php on line 434
[2026-07-06 18:05:37] Creation of dynamic property app::$city_id is deprecated in C:\xampp\Desktop\mdcnpal\htdocs\public_html\core\app.php on line 434
[2026-07-06 18:05:37] Creation of dynamic property app::$city_name is deprecated in C:\xampp\Desktop\mdcnpal\htdocs\public_html\core\app.php on line 434
[2026-07-06 18:05:37] Creation of dynamic property app::$rs_faq_data is deprecated in C:\xampp\Desktop\mdcnpal\htdocs\public_html\core\app.php on line 434
[2026-07-06 18:05:37] Undefined property: app::$rs_cartmini in C:\xampp\Desktop\mdcnpal\htdocs\public_html\includes\header.php on line 131
[2026-07-06 18:05:37] Undefined array key "MDRCCustID" in C:\xampp\Desktop\mdcnpal\htdocs\public_html\includes\header.php on line 134
[2026-07-06 18:05:37] Undefined property: app::$rs_cartmini in C:\xampp\Desktop\mdcnpal\htdocs\public_html\includes\header.php on line 197
[2026-07-06 18:05:37] Undefined array key "MDRCCustID" in C:\xampp\Desktop\mdcnpal\htdocs\public_html\includes\header.php on line 200
[2026-07-06 18:05:37] Undefined property: app::$rs_cartmini in C:\xampp\Desktop\mdcnpal\htdocs\public_html\includes\header.php on line 469
[2026-07-06 18:05:37] Undefined array key "MDRCCustID" in C:\xampp\Desktop\mdcnpal\htdocs\public_html\includes\header.php on line 472
[2026-07-06 18:05:37] Undefined property: app::$rs_cartmini in C:\xampp\Desktop\mdcnpal\htdocs\public_html\includes\header.php on line 525
[2026-07-06 18:05:37] Undefined array key "MDRCCustID" in C:\xampp\Desktop\mdcnpal\htdocs\public_html\includes\header.php on line 528
[2026-07-06 18:05:37] Undefined property: app::$rs_customer in C:\xampp\Desktop\mdcnpal\htdocs\public_html\includes\header.php on line 712
[2026-07-06 18:05:37] Trying to access array offset on value of type null in C:\xampp\Desktop\mdcnpal\htdocs\public_html\includes\header.php on line 712
[2026-07-06 18:05:37] Undefined property: app::$rs_customer in C:\xampp\Desktop\mdcnpal\htdocs\public_html\includes\header.php on line 721
[2026-07-06 18:05:37] Trying to access array offset on value of type null in C:\xampp\Desktop\mdcnpal\htdocs\public_html\includes\header.php on line 721
[2026-07-06 18:05:37] Undefined property: app::$rs_customer in C:\xampp\Desktop\mdcnpal\htdocs\public_html\includes\header.php on line 730
[2026-07-06 18:05:37] Trying to access array offset on value of type null in C:\xampp\Desktop\mdcnpal\htdocs\public_html\includes\header.php on line 730
[2026-07-06 18:05:37] Undefined property: app::$rs_customer in C:\xampp\Desktop\mdcnpal\htdocs\public_html\includes\header.php on line 739
[2026-07-06 18:05:37] Trying to access array offset on value of type null in C:\xampp\Desktop\mdcnpal\htdocs\public_html\includes\header.php on line 739
[2026-07-06 18:05:37] Undefined property: app::$rs_customer in C:\xampp\Desktop\mdcnpal\htdocs\public_html\includes\footer.php on line 357
[2026-07-06 18:05:37] Trying to access array offset on value of type null in C:\xampp\Desktop\mdcnpal\htdocs\public_html\includes\footer.php on line 357
[2026-07-06 18:05:37] Undefined property: app::$rs_customer in C:\xampp\Desktop\mdcnpal\htdocs\public_html\includes\footer.php on line 366
[2026-07-06 18:05:37] Trying to access array offset on value of type null in C:\xampp\Desktop\mdcnpal\htdocs\public_html\includes\footer.php on line 366
[2026-07-06 18:05:37] Undefined property: app::$rs_customer in C:\xampp\Desktop\mdcnpal\htdocs\public_html\includes\footer.php on line 372
[2026-07-06 18:05:37] Trying to access array offset on value of type null in C:\xampp\Desktop\mdcnpal\htdocs\public_html\includes\footer.php on line 372
[2026-07-06 18:05:37] Undefined property: app::$rs_customer in C:\xampp\Desktop\mdcnpal\htdocs\public_html\includes\general_data.php on line 88
[2026-07-06 18:05:37] Trying to access array offset on value of type null in C:\xampp\Desktop\mdcnpal\htdocs\public_html\includes\general_data.php on line 88
[2026-07-06 18:05:37] Undefined array key "MDRCCustID" in C:\xampp\Desktop\mdcnpal\htdocs\public_html\includes\general_data.php on line 88
[2026-07-06 18:05:37] Undefined variable $tmpStr in C:\xampp\Desktop\mdcnpal\htdocs\public_html\core\app.php on line 971
[2026-07-06 18:05:38] Creation of dynamic property dbclass::$RECORD_SET is deprecated in C:\xampp\Desktop\mdcnpal\htdocs\public_html\core\dbclass.php on line 69
[2026-07-06 18:05:38] Creation of dynamic property dbclass::$app is deprecated in C:\xampp\Desktop\mdcnpal\htdocs\public_html\core\dbclass.php on line 75
[2026-07-06 18:05:38] Creation of dynamic property model::$foreign_tables is deprecated in C:\xampp\Desktop\mdcnpal\htdocs\public_html\core\model.php on line 43
[2026-07-06 18:05:38] Creation of dynamic property app::$inputfilter is deprecated in C:\xampp\Desktop\mdcnpal\htdocs\public_html\core\app.php on line 123
[2026-07-06 18:05:38] Creation of dynamic property app::$userconfig is deprecated in C:\xampp\Desktop\mdcnpal\htdocs\public_html\core\app.php on line 124
[2026-07-06 18:05:38] Creation of dynamic property app::$global_include is deprecated in C:\xampp\Desktop\mdcnpal\htdocs\public_html\core\app.php on line 125
[2026-07-06 18:05:38] Creation of dynamic property app::$set_cache_time is deprecated in C:\xampp\Desktop\mdcnpal\htdocs\public_html\core\app.php on line 153
[2026-07-06 18:05:38] Undefined variable $RESULT in C:\xampp\Desktop\mdcnpal\htdocs\public_html\scripts\ajax\selectCityUsingGoogleMapApi.php on line 69
[2026-07-06 18:05:38] Undefined variable $URL in C:\xampp\Desktop\mdcnpal\htdocs\public_html\scripts\ajax\selectCityUsingGoogleMapApi.php on line 73
[2026-07-06 18:05:45] Creation of dynamic property dbclass::$RECORD_SET is deprecated in C:\xampp\Desktop\mdcnpal\htdocs\public_html\core\dbclass.php on line 69
[2026-07-06 18:05:45] Creation of dynamic property dbclass::$app is deprecated in C:\xampp\Desktop\mdcnpal\htdocs\public_html\core\dbclass.php on line 75
[2026-07-06 18:05:45] Creation of dynamic property model::$foreign_tables is deprecated in C:\xampp\Desktop\mdcnpal\htdocs\public_html\core\model.php on line 43
[2026-07-06 18:05:45] Creation of dynamic property app::$inputfilter is deprecated in C:\xampp\Desktop\mdcnpal\htdocs\public_html\core\app.php on line 123
[2026-07-06 18:05:45] Creation of dynamic property app::$userconfig is deprecated in C:\xampp\Desktop\mdcnpal\htdocs\public_html\core\app.php on line 124
[2026-07-06 18:05:45] Creation of dynamic property app::$global_include is deprecated in C:\xampp\Desktop\mdcnpal\htdocs\public_html\core\app.php on line 125
[2026-07-06 18:05:45] Creation of dynamic property app::$set_cache_time is deprecated in C:\xampp\Desktop\mdcnpal\htdocs\public_html\core\app.php on line 153
[2026-07-06 18:05:45] Undefined array key "MDRCCustID" in C:\xampp\Desktop\mdcnpal\htdocs\public_html\scripts\ajax\changeCity.php on line 60
[2026-07-06 18:05:46] Creation of dynamic property dbclass::$RECORD_SET is deprecated in C:\xampp\Desktop\mdcnpal\htdocs\public_html\core\dbclass.php on line 69
[2026-07-06 18:05:46] Creation of dynamic property dbclass::$app is deprecated in C:\xampp\Desktop\mdcnpal\htdocs\public_html\core\dbclass.php on line 75
[2026-07-06 18:05:46] Creation of dynamic property model::$foreign_tables is deprecated in C:\xampp\Desktop\mdcnpal\htdocs\public_html\core\model.php on line 43
[2026-07-06 18:05:46] Creation of dynamic property app::$inputfilter is deprecated in C:\xampp\Desktop\mdcnpal\htdocs\public_html\core\app.php on line 123
[2026-07-06 18:05:46] Creation of dynamic property app::$userconfig is deprecated in C:\xampp\Desktop\mdcnpal\htdocs\public_html\core\app.php on line 124
[2026-07-06 18:05:46] Creation of dynamic property app::$global_include is deprecated in C:\xampp\Desktop\mdcnpal\htdocs\public_html\core\app.php on line 125
[2026-07-06 18:05:46] Creation of dynamic property app::$set_cache_time is deprecated in C:\xampp\Desktop\mdcnpal\htdocs\public_html\core\app.php on line 153
[2026-07-06 18:05:46] Creation of dynamic property app::$meta is deprecated in C:\xampp\Desktop\mdcnpal\htdocs\public_html\core\app.php on line 434
[2026-07-06 18:05:46] Creation of dynamic property app::$rs_gs_city is deprecated in C:\xampp\Desktop\mdcnpal\htdocs\public_html\core\app.php on line 434
[2026-07-06 18:05:46] Creation of dynamic property app::$rs_footer_popular_item is deprecated in C:\xampp\Desktop\mdcnpal\htdocs\public_html\core\app.php on line 434
[2026-07-06 18:05:46] Creation of dynamic property app::$rs_footer_popular_test is deprecated in C:\xampp\Desktop\mdcnpal\htdocs\public_html\core\app.php on line 434
[2026-07-06 18:05:46] Creation of dynamic property app::$rs_testimonial is deprecated in C:\xampp\Desktop\mdcnpal\htdocs\public_html\core\app.php on line 434
[2026-07-06 18:05:46] Creation of dynamic property app::$admin is deprecated in C:\xampp\Desktop\mdcnpal\htdocs\public_html\core\app.php on line 434
[2026-07-06 18:05:46] Undefined array key 0 in C:\xampp\Desktop\mdcnpal\htdocs\public_html\core\global_include.php on line 514
[2026-07-06 18:05:46] Creation of dynamic property app::$popup is deprecated in C:\xampp\Desktop\mdcnpal\htdocs\public_html\core\app.php on line 434
[2026-07-06 18:05:46] Undefined array key "MDRCCustID" in C:\xampp\Desktop\mdcnpal\htdocs\public_html\core\global_include.php on line 515
[2026-07-06 18:05:46] Undefined array key "MDRCToken" in C:\xampp\Desktop\mdcnpal\htdocs\public_html\core\global_include.php on line 515
[2026-07-06 18:05:46] Creation of dynamic property app::$rscategory is deprecated in C:\xampp\Desktop\mdcnpal\htdocs\public_html\core\app.php on line 434
[2026-07-06 18:05:46] Creation of dynamic property app::$rs_pages is deprecated in C:\xampp\Desktop\mdcnpal\htdocs\public_html\core\app.php on line 434
[2026-07-06 18:05:46] Creation of dynamic property app::$gs is deprecated in C:\xampp\Desktop\mdcnpal\htdocs\public_html\core\app.php on line 434
[2026-07-06 18:05:46] Undefined array key "MDRCCustID" in C:\xampp\Desktop\mdcnpal\htdocs\public_html\core\global_include.php on line 596
[2026-07-06 18:05:46] Undefined array key "MDRCCustID" in C:\xampp\Desktop\mdcnpal\htdocs\public_html\core\global_include.php on line 615
[2026-07-06 18:05:46] Undefined variable $getId in C:\xampp\Desktop\mdcnpal\htdocs\public_html\core\global_include.php on line 684
[2026-07-06 18:05:46] Undefined variable $getName in C:\xampp\Desktop\mdcnpal\htdocs\public_html\core\global_include.php on line 685
[2026-07-06 18:05:46] Undefined array key 0 in C:\xampp\Desktop\mdcnpal\htdocs\public_html\core\global_include.php on line 810
[2026-07-06 18:05:46] Creation of dynamic property app::$rs_offer_msg is deprecated in C:\xampp\Desktop\mdcnpal\htdocs\public_html\core\app.php on line 434
[2026-07-06 18:05:46] Creation of dynamic property app::$rs_for_doctors is deprecated in C:\xampp\Desktop\mdcnpal\htdocs\public_html\core\app.php on line 434
[2026-07-06 18:05:46] Creation of dynamic property dbclass::$RECORD_SET is deprecated in C:\xampp\Desktop\mdcnpal\htdocs\public_html\core\dbclass.php on line 69
[2026-07-06 18:05:46] Creation of dynamic property dbclass::$app is deprecated in C:\xampp\Desktop\mdcnpal\htdocs\public_html\core\dbclass.php on line 75
[2026-07-06 18:05:46] Creation of dynamic property model::$foreign_tables is deprecated in C:\xampp\Desktop\mdcnpal\htdocs\public_html\core\model.php on line 43
[2026-07-06 18:05:46] Creation of dynamic property app::$inputfilter is deprecated in C:\xampp\Desktop\mdcnpal\htdocs\public_html\core\app.php on line 123
[2026-07-06 18:05:46] Creation of dynamic property app::$userconfig is deprecated in C:\xampp\Desktop\mdcnpal\htdocs\public_html\core\app.php on line 124
[2026-07-06 18:05:46] Creation of dynamic property app::$global_include is deprecated in C:\xampp\Desktop\mdcnpal\htdocs\public_html\core\app.php on line 125
[2026-07-06 18:05:46] Creation of dynamic property app::$set_cache_time is deprecated in C:\xampp\Desktop\mdcnpal\htdocs\public_html\core\app.php on line 153
[2026-07-06 18:05:46] Creation of dynamic property app::$meta is deprecated in C:\xampp\Desktop\mdcnpal\htdocs\public_html\core\app.php on line 434
[2026-07-06 18:05:46] Creation of dynamic property app::$rs_gs_city is deprecated in C:\xampp\Desktop\mdcnpal\htdocs\public_html\core\app.php on line 434
[2026-07-06 18:05:46] Creation of dynamic property app::$rs_footer_popular_item is deprecated in C:\xampp\Desktop\mdcnpal\htdocs\public_html\core\app.php on line 434
[2026-07-06 18:05:46] Creation of dynamic property app::$rs_footer_popular_test is deprecated in C:\xampp\Desktop\mdcnpal\htdocs\public_html\core\app.php on line 434
[2026-07-06 18:05:46] Creation of dynamic property app::$rs_testimonial is deprecated in C:\xampp\Desktop\mdcnpal\htdocs\public_html\core\app.php on line 434
[2026-07-06 18:05:46] Creation of dynamic property app::$admin is deprecated in C:\xampp\Desktop\mdcnpal\htdocs\public_html\core\app.php on line 434
[2026-07-06 18:05:46] Undefined array key 0 in C:\xampp\Desktop\mdcnpal\htdocs\public_html\core\global_include.php on line 514
[2026-07-06 18:05:46] Creation of dynamic property app::$popup is deprecated in C:\xampp\Desktop\mdcnpal\htdocs\public_html\core\app.php on line 434
[2026-07-06 18:05:46] Undefined array key "MDRCCustID" in C:\xampp\Desktop\mdcnpal\htdocs\public_html\core\global_include.php on line 515
[2026-07-06 18:05:46] Undefined array key "MDRCToken" in C:\xampp\Desktop\mdcnpal\htdocs\public_html\core\global_include.php on line 515
[2026-07-06 18:05:46] Creation of dynamic property app::$rscategory is deprecated in C:\xampp\Desktop\mdcnpal\htdocs\public_html\core\app.php on line 434
[2026-07-06 18:05:46] Creation of dynamic property app::$rs_pages is deprecated in C:\xampp\Desktop\mdcnpal\htdocs\public_html\core\app.php on line 434
[2026-07-06 18:05:46] Creation of dynamic property app::$gs is deprecated in C:\xampp\Desktop\mdcnpal\htdocs\public_html\core\app.php on line 434
[2026-07-06 18:05:46] Undefined array key "MDRCCustID" in C:\xampp\Desktop\mdcnpal\htdocs\public_html\core\global_include.php on line 596
[2026-07-06 18:05:46] Undefined array key "MDRCCustID" in C:\xampp\Desktop\mdcnpal\htdocs\public_html\core\global_include.php on line 615
[2026-07-06 18:05:46] Undefined variable $getId in C:\xampp\Desktop\mdcnpal\htdocs\public_html\core\global_include.php on line 684
[2026-07-06 18:05:46] Undefined variable $getName in C:\xampp\Desktop\mdcnpal\htdocs\public_html\core\global_include.php on line 685
[2026-07-06 18:05:46] Undefined array key 0 in C:\xampp\Desktop\mdcnpal\htdocs\public_html\core\global_include.php on line 810
[2026-07-06 18:05:46] Creation of dynamic property app::$rs_offer_msg is deprecated in C:\xampp\Desktop\mdcnpal\htdocs\public_html\core\app.php on line 434
[2026-07-06 18:05:46] Creation of dynamic property app::$rs_for_doctors is deprecated in C:\xampp\Desktop\mdcnpal\htdocs\public_html\core\app.php on line 434
[2026-07-06 18:05:46] Creation of dynamic property app::$description is deprecated in C:\xampp\Desktop\mdcnpal\htdocs\public_html\core\app.php on line 434
[2026-07-06 18:05:46] Creation of dynamic property app::$rs_banner is deprecated in C:\xampp\Desktop\mdcnpal\htdocs\public_html\core\app.php on line 434
[2026-07-06 18:05:46] Creation of dynamic property app::$rs_item_diseases is deprecated in C:\xampp\Desktop\mdcnpal\htdocs\public_html\core\app.php on line 434
[2026-07-06 18:05:46] Creation of dynamic property app::$rs_item_home_category is deprecated in C:\xampp\Desktop\mdcnpal\htdocs\public_html\core\app.php on line 434
[2026-07-06 18:05:46] Creation of dynamic property app::$rs_item_banner_category is deprecated in C:\xampp\Desktop\mdcnpal\htdocs\public_html\core\app.php on line 434
[2026-07-06 18:05:46] Creation of dynamic property app::$rs_services is deprecated in C:\xampp\Desktop\mdcnpal\htdocs\public_html\core\app.php on line 434
[2026-07-06 18:05:46] Creation of dynamic property app::$rs_blog is deprecated in C:\xampp\Desktop\mdcnpal\htdocs\public_html\core\app.php on line 434
[2026-07-06 18:05:46] Creation of dynamic property app::$rs_category is deprecated in C:\xampp\Desktop\mdcnpal\htdocs\public_html\core\app.php on line 434
[2026-07-06 18:05:46] Creation of dynamic property app::$rs_faq_data is deprecated in C:\xampp\Desktop\mdcnpal\htdocs\public_html\core\app.php on line 434
[2026-07-06 18:05:46] Creation of dynamic property app::$rs_gallery_data is deprecated in C:\xampp\Desktop\mdcnpal\htdocs\public_html\core\app.php on line 434
[2026-07-06 18:05:46] Undefined property: app::$rs_cartmini in C:\xampp\Desktop\mdcnpal\htdocs\public_html\includes\header.php on line 131
[2026-07-06 18:05:46] Undefined array key "MDRCCustID" in C:\xampp\Desktop\mdcnpal\htdocs\public_html\includes\header.php on line 134
[2026-07-06 18:05:46] Undefined property: app::$rs_cartmini in C:\xampp\Desktop\mdcnpal\htdocs\public_html\includes\header.php on line 197
[2026-07-06 18:05:46] Undefined array key "MDRCCustID" in C:\xampp\Desktop\mdcnpal\htdocs\public_html\includes\header.php on line 200
[2026-07-06 18:05:46] Undefined property: app::$rs_cartmini in C:\xampp\Desktop\mdcnpal\htdocs\public_html\includes\header.php on line 469
[2026-07-06 18:05:46] Undefined array key "MDRCCustID" in C:\xampp\Desktop\mdcnpal\htdocs\public_html\includes\header.php on line 472
[2026-07-06 18:05:46] Undefined property: app::$rs_cartmini in C:\xampp\Desktop\mdcnpal\htdocs\public_html\includes\header.php on line 525
[2026-07-06 18:05:46] Undefined array key "MDRCCustID" in C:\xampp\Desktop\mdcnpal\htdocs\public_html\includes\header.php on line 528
[2026-07-06 18:05:46] Undefined property: app::$rs_customer in C:\xampp\Desktop\mdcnpal\htdocs\public_html\includes\header.php on line 712
[2026-07-06 18:05:46] Trying to access array offset on value of type null in C:\xampp\Desktop\mdcnpal\htdocs\public_html\includes\header.php on line 712
[2026-07-06 18:05:46] Undefined property: app::$rs_customer in C:\xampp\Desktop\mdcnpal\htdocs\public_html\includes\header.php on line 721
[2026-07-06 18:05:46] Trying to access array offset on value of type null in C:\xampp\Desktop\mdcnpal\htdocs\public_html\includes\header.php on line 721
[2026-07-06 18:05:46] Undefined property: app::$rs_customer in C:\xampp\Desktop\mdcnpal\htdocs\public_html\includes\header.php on line 730
[2026-07-06 18:05:46] Trying to access array offset on value of type null in C:\xampp\Desktop\mdcnpal\htdocs\public_html\includes\header.php on line 730
[2026-07-06 18:05:46] Undefined property: app::$rs_customer in C:\xampp\Desktop\mdcnpal\htdocs\public_html\includes\header.php on line 739
[2026-07-06 18:05:46] Trying to access array offset on value of type null in C:\xampp\Desktop\mdcnpal\htdocs\public_html\includes\header.php on line 739
[2026-07-06 18:05:46] Undefined variable $g_search_query in C:\xampp\Desktop\mdcnpal\htdocs\public_html\core\app.php(565) : eval()'d code on line 219
[2026-07-06 18:05:46] Undefined variable $department_cond in C:\xampp\Desktop\mdcnpal\htdocs\public_html\core\app.php(565) : eval()'d code on line 219
[2026-07-06 18:05:46] Undefined variable $type_cond in C:\xampp\Desktop\mdcnpal\htdocs\public_html\core\app.php(565) : eval()'d code on line 219
[2026-07-06 18:05:46] Undefined variable $dieses_cond in C:\xampp\Desktop\mdcnpal\htdocs\public_html\core\app.php(565) : eval()'d code on line 219
[2026-07-06 18:05:46] Undefined variable $popular_pack_cond in C:\xampp\Desktop\mdcnpal\htdocs\public_html\core\app.php(565) : eval()'d code on line 219
[2026-07-06 18:05:46] Undefined variable $g_search_query in C:\xampp\Desktop\mdcnpal\htdocs\public_html\core\app.php(565) : eval()'d code on line 219
[2026-07-06 18:05:46] Undefined variable $department_cond in C:\xampp\Desktop\mdcnpal\htdocs\public_html\core\app.php(565) : eval()'d code on line 219
[2026-07-06 18:05:46] Undefined variable $type_cond in C:\xampp\Desktop\mdcnpal\htdocs\public_html\core\app.php(565) : eval()'d code on line 219
[2026-07-06 18:05:46] Undefined variable $dieses_cond in C:\xampp\Desktop\mdcnpal\htdocs\public_html\core\app.php(565) : eval()'d code on line 219
[2026-07-06 18:05:46] Undefined variable $popular_pack_cond in C:\xampp\Desktop\mdcnpal\htdocs\public_html\core\app.php(565) : eval()'d code on line 219
[2026-07-06 18:05:46] Undefined variable $g_search_query in C:\xampp\Desktop\mdcnpal\htdocs\public_html\core\app.php(565) : eval()'d code on line 219
[2026-07-06 18:05:46] Undefined variable $department_cond in C:\xampp\Desktop\mdcnpal\htdocs\public_html\core\app.php(565) : eval()'d code on line 219
[2026-07-06 18:05:46] Undefined variable $type_cond in C:\xampp\Desktop\mdcnpal\htdocs\public_html\core\app.php(565) : eval()'d code on line 219
[2026-07-06 18:05:46] Undefined variable $dieses_cond in C:\xampp\Desktop\mdcnpal\htdocs\public_html\core\app.php(565) : eval()'d code on line 219
[2026-07-06 18:05:46] Undefined variable $popular_pack_cond in C:\xampp\Desktop\mdcnpal\htdocs\public_html\core\app.php(565) : eval()'d code on line 219
[2026-07-06 18:05:46] Undefined variable $g_search_query in C:\xampp\Desktop\mdcnpal\htdocs\public_html\core\app.php(565) : eval()'d code on line 219
[2026-07-06 18:05:46] Undefined variable $department_cond in C:\xampp\Desktop\mdcnpal\htdocs\public_html\core\app.php(565) : eval()'d code on line 219
[2026-07-06 18:05:46] Undefined variable $type_cond in C:\xampp\Desktop\mdcnpal\htdocs\public_html\core\app.php(565) : eval()'d code on line 219
[2026-07-06 18:05:46] Undefined variable $dieses_cond in C:\xampp\Desktop\mdcnpal\htdocs\public_html\core\app.php(565) : eval()'d code on line 219
[2026-07-06 18:05:46] Undefined variable $popular_pack_cond in C:\xampp\Desktop\mdcnpal\htdocs\public_html\core\app.php(565) : eval()'d code on line 219
[2026-07-06 18:05:46] Undefined variable $g_search_query in C:\xampp\Desktop\mdcnpal\htdocs\public_html\core\app.php(565) : eval()'d code on line 219
[2026-07-06 18:05:46] Undefined variable $department_cond in C:\xampp\Desktop\mdcnpal\htdocs\public_html\core\app.php(565) : eval()'d code on line 219
[2026-07-06 18:05:46] Undefined variable $type_cond in C:\xampp\Desktop\mdcnpal\htdocs\public_html\core\app.php(565) : eval()'d code on line 219
[2026-07-06 18:05:46] Undefined variable $dieses_cond in C:\xampp\Desktop\mdcnpal\htdocs\public_html\core\app.php(565) : eval()'d code on line 219
[2026-07-06 18:05:46] Undefined variable $popular_pack_cond in C:\xampp\Desktop\mdcnpal\htdocs\public_html\core\app.php(565) : eval()'d code on line 219
[2026-07-06 18:05:46] Undefined property: app::$rs_customer in C:\xampp\Desktop\mdcnpal\htdocs\public_html\includes\footer.php on line 357
[2026-07-06 18:05:46] Trying to access array offset on value of type null in C:\xampp\Desktop\mdcnpal\htdocs\public_html\includes\footer.php on line 357
[2026-07-06 18:05:46] Undefined property: app::$rs_customer in C:\xampp\Desktop\mdcnpal\htdocs\public_html\includes\footer.php on line 366
[2026-07-06 18:05:46] Trying to access array offset on value of type null in C:\xampp\Desktop\mdcnpal\htdocs\public_html\includes\footer.php on line 366
[2026-07-06 18:05:46] Undefined property: app::$rs_customer in C:\xampp\Desktop\mdcnpal\htdocs\public_html\includes\footer.php on line 372
[2026-07-06 18:05:46] Trying to access array offset on value of type null in C:\xampp\Desktop\mdcnpal\htdocs\public_html\includes\footer.php on line 372
[2026-07-06 18:05:46] Undefined property: app::$rs_customer in C:\xampp\Desktop\mdcnpal\htdocs\public_html\includes\general_data.php on line 88
[2026-07-06 18:05:46] Trying to access array offset on value of type null in C:\xampp\Desktop\mdcnpal\htdocs\public_html\includes\general_data.php on line 88
[2026-07-06 18:05:46] Undefined array key "MDRCCustID" in C:\xampp\Desktop\mdcnpal\htdocs\public_html\includes\general_data.php on line 88
[2026-07-06 18:05:46] Undefined variable $tmpStr in C:\xampp\Desktop\mdcnpal\htdocs\public_html\core\app.php on line 971
[2026-07-06 18:05:48] Creation of dynamic property dbclass::$RECORD_SET is deprecated in C:\xampp\Desktop\mdcnpal\htdocs\public_html\core\dbclass.php on line 69
[2026-07-06 18:05:48] Creation of dynamic property dbclass::$app is deprecated in C:\xampp\Desktop\mdcnpal\htdocs\public_html\core\dbclass.php on line 75
[2026-07-06 18:05:48] Creation of dynamic property model::$foreign_tables is deprecated in C:\xampp\Desktop\mdcnpal\htdocs\public_html\core\model.php on line 43
[2026-07-06 18:05:48] Creation of dynamic property app::$inputfilter is deprecated in C:\xampp\Desktop\mdcnpal\htdocs\public_html\core\app.php on line 123
[2026-07-06 18:05:48] Creation of dynamic property app::$userconfig is deprecated in C:\xampp\Desktop\mdcnpal\htdocs\public_html\core\app.php on line 124
[2026-07-06 18:05:48] Creation of dynamic property app::$global_include is deprecated in C:\xampp\Desktop\mdcnpal\htdocs\public_html\core\app.php on line 125
[2026-07-06 18:05:48] Creation of dynamic property app::$set_cache_time is deprecated in C:\xampp\Desktop\mdcnpal\htdocs\public_html\core\app.php on line 153
[2026-07-06 18:05:48] Undefined variable $RESULT in C:\xampp\Desktop\mdcnpal\htdocs\public_html\scripts\ajax\selectCityUsingGoogleMapApi.php on line 69
[2026-07-06 18:05:48] Undefined variable $URL in C:\xampp\Desktop\mdcnpal\htdocs\public_html\scripts\ajax\selectCityUsingGoogleMapApi.php on line 73
[2026-07-06 18:05:51] Creation of dynamic property dbclass::$RECORD_SET is deprecated in C:\xampp\Desktop\mdcnpal\htdocs\public_html\core\dbclass.php on line 69
[2026-07-06 18:05:51] Creation of dynamic property dbclass::$app is deprecated in C:\xampp\Desktop\mdcnpal\htdocs\public_html\core\dbclass.php on line 75
[2026-07-06 18:05:51] Creation of dynamic property model::$foreign_tables is deprecated in C:\xampp\Desktop\mdcnpal\htdocs\public_html\core\model.php on line 43
[2026-07-06 18:05:51] Creation of dynamic property app::$inputfilter is deprecated in C:\xampp\Desktop\mdcnpal\htdocs\public_html\core\app.php on line 123
[2026-07-06 18:05:51] Creation of dynamic property app::$userconfig is deprecated in C:\xampp\Desktop\mdcnpal\htdocs\public_html\core\app.php on line 124
[2026-07-06 18:05:51] Creation of dynamic property app::$global_include is deprecated in C:\xampp\Desktop\mdcnpal\htdocs\public_html\core\app.php on line 125
[2026-07-06 18:05:51] Creation of dynamic property app::$set_cache_time is deprecated in C:\xampp\Desktop\mdcnpal\htdocs\public_html\core\app.php on line 153
[2026-07-06 18:05:51] Creation of dynamic property app::$meta is deprecated in C:\xampp\Desktop\mdcnpal\htdocs\public_html\core\app.php on line 434
[2026-07-06 18:05:51] Creation of dynamic property app::$rs_gs_city is deprecated in C:\xampp\Desktop\mdcnpal\htdocs\public_html\core\app.php on line 434
[2026-07-06 18:05:51] Creation of dynamic property app::$rs_footer_popular_item is deprecated in C:\xampp\Desktop\mdcnpal\htdocs\public_html\core\app.php on line 434
[2026-07-06 18:05:51] Creation of dynamic property app::$rs_footer_popular_test is deprecated in C:\xampp\Desktop\mdcnpal\htdocs\public_html\core\app.php on line 434
[2026-07-06 18:05:51] Creation of dynamic property app::$rs_testimonial is deprecated in C:\xampp\Desktop\mdcnpal\htdocs\public_html\core\app.php on line 434
[2026-07-06 18:05:51] Creation of dynamic property app::$admin is deprecated in C:\xampp\Desktop\mdcnpal\htdocs\public_html\core\app.php on line 434
[2026-07-06 18:05:52] Undefined array key 0 in C:\xampp\Desktop\mdcnpal\htdocs\public_html\core\global_include.php on line 514
[2026-07-06 18:05:52] Creation of dynamic property app::$popup is deprecated in C:\xampp\Desktop\mdcnpal\htdocs\public_html\core\app.php on line 434
[2026-07-06 18:05:52] Undefined array key "MDRCCustID" in C:\xampp\Desktop\mdcnpal\htdocs\public_html\core\global_include.php on line 515
[2026-07-06 18:05:52] Undefined array key "MDRCToken" in C:\xampp\Desktop\mdcnpal\htdocs\public_html\core\global_include.php on line 515
[2026-07-06 18:05:52] Creation of dynamic property app::$rscategory is deprecated in C:\xampp\Desktop\mdcnpal\htdocs\public_html\core\app.php on line 434
[2026-07-06 18:05:52] Creation of dynamic property app::$rs_pages is deprecated in C:\xampp\Desktop\mdcnpal\htdocs\public_html\core\app.php on line 434
[2026-07-06 18:05:52] Creation of dynamic property app::$gs is deprecated in C:\xampp\Desktop\mdcnpal\htdocs\public_html\core\app.php on line 434
[2026-07-06 18:05:52] Undefined array key "MDRCCustID" in C:\xampp\Desktop\mdcnpal\htdocs\public_html\core\global_include.php on line 596
[2026-07-06 18:05:52] Undefined array key "MDRCCustID" in C:\xampp\Desktop\mdcnpal\htdocs\public_html\core\global_include.php on line 615
[2026-07-06 18:05:52] Undefined variable $getId in C:\xampp\Desktop\mdcnpal\htdocs\public_html\core\global_include.php on line 684
[2026-07-06 18:05:52] Undefined variable $getName in C:\xampp\Desktop\mdcnpal\htdocs\public_html\core\global_include.php on line 685
[2026-07-06 18:05:52] Undefined array key 0 in C:\xampp\Desktop\mdcnpal\htdocs\public_html\core\global_include.php on line 810
[2026-07-06 18:05:52] Creation of dynamic property app::$rs_offer_msg is deprecated in C:\xampp\Desktop\mdcnpal\htdocs\public_html\core\app.php on line 434
[2026-07-06 18:05:52] Creation of dynamic property app::$rs_for_doctors is deprecated in C:\xampp\Desktop\mdcnpal\htdocs\public_html\core\app.php on line 434
[2026-07-06 18:05:52] Creation of dynamic property app::$description is deprecated in C:\xampp\Desktop\mdcnpal\htdocs\public_html\core\app.php on line 434
[2026-07-06 18:05:52] Creation of dynamic property app::$rs_banner is deprecated in C:\xampp\Desktop\mdcnpal\htdocs\public_html\core\app.php on line 434
[2026-07-06 18:05:52] Creation of dynamic property app::$rs_item_diseases is deprecated in C:\xampp\Desktop\mdcnpal\htdocs\public_html\core\app.php on line 434
[2026-07-06 18:05:52] Creation of dynamic property app::$rs_item_home_category is deprecated in C:\xampp\Desktop\mdcnpal\htdocs\public_html\core\app.php on line 434
[2026-07-06 18:05:52] Creation of dynamic property app::$rs_item_banner_category is deprecated in C:\xampp\Desktop\mdcnpal\htdocs\public_html\core\app.php on line 434
[2026-07-06 18:05:52] Creation of dynamic property app::$rs_services is deprecated in C:\xampp\Desktop\mdcnpal\htdocs\public_html\core\app.php on line 434
[2026-07-06 18:05:52] Creation of dynamic property app::$rs_blog is deprecated in C:\xampp\Desktop\mdcnpal\htdocs\public_html\core\app.php on line 434
[2026-07-06 18:05:52] Creation of dynamic property app::$rs_category is deprecated in C:\xampp\Desktop\mdcnpal\htdocs\public_html\core\app.php on line 434
[2026-07-06 18:05:52] Creation of dynamic property app::$rs_faq_data is deprecated in C:\xampp\Desktop\mdcnpal\htdocs\public_html\core\app.php on line 434
[2026-07-06 18:05:52] Creation of dynamic property app::$rs_gallery_data is deprecated in C:\xampp\Desktop\mdcnpal\htdocs\public_html\core\app.php on line 434
[2026-07-06 18:05:52] Undefined property: app::$rs_cartmini in C:\xampp\Desktop\mdcnpal\htdocs\public_html\includes\header.php on line 131
[2026-07-06 18:05:52] Undefined array key "MDRCCustID" in C:\xampp\Desktop\mdcnpal\htdocs\public_html\includes\header.php on line 134
[2026-07-06 18:05:52] Undefined property: app::$rs_cartmini in C:\xampp\Desktop\mdcnpal\htdocs\public_html\includes\header.php on line 197
[2026-07-06 18:05:52] Undefined array key "MDRCCustID" in C:\xampp\Desktop\mdcnpal\htdocs\public_html\includes\header.php on line 200
[2026-07-06 18:05:52] Undefined property: app::$rs_cartmini in C:\xampp\Desktop\mdcnpal\htdocs\public_html\includes\header.php on line 469
[2026-07-06 18:05:52] Undefined array key "MDRCCustID" in C:\xampp\Desktop\mdcnpal\htdocs\public_html\includes\header.php on line 472
[2026-07-06 18:05:52] Undefined property: app::$rs_cartmini in C:\xampp\Desktop\mdcnpal\htdocs\public_html\includes\header.php on line 525
[2026-07-06 18:05:52] Undefined array key "MDRCCustID" in C:\xampp\Desktop\mdcnpal\htdocs\public_html\includes\header.php on line 528
[2026-07-06 18:05:52] Undefined property: app::$rs_customer in C:\xampp\Desktop\mdcnpal\htdocs\public_html\includes\header.php on line 712
[2026-07-06 18:05:52] Trying to access array offset on value of type null in C:\xampp\Desktop\mdcnpal\htdocs\public_html\includes\header.php on line 712
[2026-07-06 18:05:52] Undefined property: app::$rs_customer in C:\xampp\Desktop\mdcnpal\htdocs\public_html\includes\header.php on line 721
[2026-07-06 18:05:52] Trying to access array offset on value of type null in C:\xampp\Desktop\mdcnpal\htdocs\public_html\includes\header.php on line 721
[2026-07-06 18:05:52] Undefined property: app::$rs_customer in C:\xampp\Desktop\mdcnpal\htdocs\public_html\includes\header.php on line 730
[2026-07-06 18:05:52] Trying to access array offset on value of type null in C:\xampp\Desktop\mdcnpal\htdocs\public_html\includes\header.php on line 730
[2026-07-06 18:05:52] Undefined property: app::$rs_customer in C:\xampp\Desktop\mdcnpal\htdocs\public_html\includes\header.php on line 739
[2026-07-06 18:05:52] Trying to access array offset on value of type null in C:\xampp\Desktop\mdcnpal\htdocs\public_html\includes\header.php on line 739
[2026-07-06 18:05:52] Undefined variable $g_search_query in C:\xampp\Desktop\mdcnpal\htdocs\public_html\core\app.php(565) : eval()'d code on line 219
[2026-07-06 18:05:52] Undefined variable $department_cond in C:\xampp\Desktop\mdcnpal\htdocs\public_html\core\app.php(565) : eval()'d code on line 219
[2026-07-06 18:05:52] Undefined variable $type_cond in C:\xampp\Desktop\mdcnpal\htdocs\public_html\core\app.php(565) : eval()'d code on line 219
[2026-07-06 18:05:52] Undefined variable $dieses_cond in C:\xampp\Desktop\mdcnpal\htdocs\public_html\core\app.php(565) : eval()'d code on line 219
[2026-07-06 18:05:52] Undefined variable $popular_pack_cond in C:\xampp\Desktop\mdcnpal\htdocs\public_html\core\app.php(565) : eval()'d code on line 219
[2026-07-06 18:05:52] Undefined variable $g_search_query in C:\xampp\Desktop\mdcnpal\htdocs\public_html\core\app.php(565) : eval()'d code on line 219
[2026-07-06 18:05:52] Undefined variable $department_cond in C:\xampp\Desktop\mdcnpal\htdocs\public_html\core\app.php(565) : eval()'d code on line 219
[2026-07-06 18:05:52] Undefined variable $type_cond in C:\xampp\Desktop\mdcnpal\htdocs\public_html\core\app.php(565) : eval()'d code on line 219
[2026-07-06 18:05:52] Undefined variable $dieses_cond in C:\xampp\Desktop\mdcnpal\htdocs\public_html\core\app.php(565) : eval()'d code on line 219
[2026-07-06 18:05:52] Undefined variable $popular_pack_cond in C:\xampp\Desktop\mdcnpal\htdocs\public_html\core\app.php(565) : eval()'d code on line 219
[2026-07-06 18:05:52] Undefined variable $g_search_query in C:\xampp\Desktop\mdcnpal\htdocs\public_html\core\app.php(565) : eval()'d code on line 219
[2026-07-06 18:05:52] Undefined variable $department_cond in C:\xampp\Desktop\mdcnpal\htdocs\public_html\core\app.php(565) : eval()'d code on line 219
[2026-07-06 18:05:52] Undefined variable $type_cond in C:\xampp\Desktop\mdcnpal\htdocs\public_html\core\app.php(565) : eval()'d code on line 219
[2026-07-06 18:05:52] Undefined variable $dieses_cond in C:\xampp\Desktop\mdcnpal\htdocs\public_html\core\app.php(565) : eval()'d code on line 219
[2026-07-06 18:05:52] Undefined variable $popular_pack_cond in C:\xampp\Desktop\mdcnpal\htdocs\public_html\core\app.php(565) : eval()'d code on line 219
[2026-07-06 18:05:52] Undefined variable $g_search_query in C:\xampp\Desktop\mdcnpal\htdocs\public_html\core\app.php(565) : eval()'d code on line 219
[2026-07-06 18:05:52] Undefined variable $department_cond in C:\xampp\Desktop\mdcnpal\htdocs\public_html\core\app.php(565) : eval()'d code on line 219
[2026-07-06 18:05:52] Undefined variable $type_cond in C:\xampp\Desktop\mdcnpal\htdocs\public_html\core\app.php(565) : eval()'d code on line 219
[2026-07-06 18:05:52] Undefined variable $dieses_cond in C:\xampp\Desktop\mdcnpal\htdocs\public_html\core\app.php(565) : eval()'d code on line 219
[2026-07-06 18:05:52] Undefined variable $popular_pack_cond in C:\xampp\Desktop\mdcnpal\htdocs\public_html\core\app.php(565) : eval()'d code on line 219
[2026-07-06 18:05:52] Undefined variable $g_search_query in C:\xampp\Desktop\mdcnpal\htdocs\public_html\core\app.php(565) : eval()'d code on line 219
[2026-07-06 18:05:52] Undefined variable $department_cond in C:\xampp\Desktop\mdcnpal\htdocs\public_html\core\app.php(565) : eval()'d code on line 219
[2026-07-06 18:05:52] Undefined variable $type_cond in C:\xampp\Desktop\mdcnpal\htdocs\public_html\core\app.php(565) : eval()'d code on line 219
[2026-07-06 18:05:52] Undefined variable $dieses_cond in C:\xampp\Desktop\mdcnpal\htdocs\public_html\core\app.php(565) : eval()'d code on line 219
[2026-07-06 18:05:52] Undefined variable $popular_pack_cond in C:\xampp\Desktop\mdcnpal\htdocs\public_html\core\app.php(565) : eval()'d code on line 219
[2026-07-06 18:05:52] Undefined property: app::$rs_customer in C:\xampp\Desktop\mdcnpal\htdocs\public_html\includes\footer.php on line 357
[2026-07-06 18:05:52] Trying to access array offset on value of type null in C:\xampp\Desktop\mdcnpal\htdocs\public_html\includes\footer.php on line 357
[2026-07-06 18:05:52] Undefined property: app::$rs_customer in C:\xampp\Desktop\mdcnpal\htdocs\public_html\includes\footer.php on line 366
[2026-07-06 18:05:52] Trying to access array offset on value of type null in C:\xampp\Desktop\mdcnpal\htdocs\public_html\includes\footer.php on line 366
[2026-07-06 18:05:52] Undefined property: app::$rs_customer in C:\xampp\Desktop\mdcnpal\htdocs\public_html\includes\footer.php on line 372
[2026-07-06 18:05:52] Trying to access array offset on value of type null in C:\xampp\Desktop\mdcnpal\htdocs\public_html\includes\footer.php on line 372
[2026-07-06 18:05:52] Undefined property: app::$rs_customer in C:\xampp\Desktop\mdcnpal\htdocs\public_html\includes\general_data.php on line 88
[2026-07-06 18:05:52] Trying to access array offset on value of type null in C:\xampp\Desktop\mdcnpal\htdocs\public_html\includes\general_data.php on line 88
[2026-07-06 18:05:52] Undefined array key "MDRCCustID" in C:\xampp\Desktop\mdcnpal\htdocs\public_html\includes\general_data.php on line 88
[2026-07-06 18:05:52] Undefined variable $tmpStr in C:\xampp\Desktop\mdcnpal\htdocs\public_html\core\app.php on line 971
[2026-07-06 18:05:53] Creation of dynamic property dbclass::$RECORD_SET is deprecated in C:\xampp\Desktop\mdcnpal\htdocs\public_html\core\dbclass.php on line 69
[2026-07-06 18:05:53] Creation of dynamic property dbclass::$app is deprecated in C:\xampp\Desktop\mdcnpal\htdocs\public_html\core\dbclass.php on line 75
[2026-07-06 18:05:53] Creation of dynamic property model::$foreign_tables is deprecated in C:\xampp\Desktop\mdcnpal\htdocs\public_html\core\model.php on line 43
[2026-07-06 18:05:53] Creation of dynamic property app::$inputfilter is deprecated in C:\xampp\Desktop\mdcnpal\htdocs\public_html\core\app.php on line 123
[2026-07-06 18:05:53] Creation of dynamic property app::$userconfig is deprecated in C:\xampp\Desktop\mdcnpal\htdocs\public_html\core\app.php on line 124
[2026-07-06 18:05:53] Creation of dynamic property app::$global_include is deprecated in C:\xampp\Desktop\mdcnpal\htdocs\public_html\core\app.php on line 125
[2026-07-06 18:05:53] Creation of dynamic property app::$set_cache_time is deprecated in C:\xampp\Desktop\mdcnpal\htdocs\public_html\core\app.php on line 153
[2026-07-06 18:05:53] Undefined variable $RESULT in C:\xampp\Desktop\mdcnpal\htdocs\public_html\scripts\ajax\selectCityUsingGoogleMapApi.php on line 69
[2026-07-06 18:05:53] Undefined variable $URL in C:\xampp\Desktop\mdcnpal\htdocs\public_html\scripts\ajax\selectCityUsingGoogleMapApi.php on line 73
[2026-07-06 18:05:54] Creation of dynamic property dbclass::$RECORD_SET is deprecated in C:\xampp\Desktop\mdcnpal\htdocs\public_html\core\dbclass.php on line 69
[2026-07-06 18:05:54] Creation of dynamic property dbclass::$app is deprecated in C:\xampp\Desktop\mdcnpal\htdocs\public_html\core\dbclass.php on line 75
[2026-07-06 18:05:54] Creation of dynamic property model::$foreign_tables is deprecated in C:\xampp\Desktop\mdcnpal\htdocs\public_html\core\model.php on line 43
[2026-07-06 18:05:54] Creation of dynamic property app::$inputfilter is deprecated in C:\xampp\Desktop\mdcnpal\htdocs\public_html\core\app.php on line 123
[2026-07-06 18:05:54] Creation of dynamic property app::$userconfig is deprecated in C:\xampp\Desktop\mdcnpal\htdocs\public_html\core\app.php on line 124
[2026-07-06 18:05:54] Creation of dynamic property app::$global_include is deprecated in C:\xampp\Desktop\mdcnpal\htdocs\public_html\core\app.php on line 125
[2026-07-06 18:05:54] Creation of dynamic property app::$set_cache_time is deprecated in C:\xampp\Desktop\mdcnpal\htdocs\public_html\core\app.php on line 153
[2026-07-06 18:05:54] Creation of dynamic property app::$meta is deprecated in C:\xampp\Desktop\mdcnpal\htdocs\public_html\core\app.php on line 434
[2026-07-06 18:05:54] Creation of dynamic property app::$rs_gs_city is deprecated in C:\xampp\Desktop\mdcnpal\htdocs\public_html\core\app.php on line 434
[2026-07-06 18:05:54] Creation of dynamic property app::$rs_footer_popular_item is deprecated in C:\xampp\Desktop\mdcnpal\htdocs\public_html\core\app.php on line 434
[2026-07-06 18:05:54] Creation of dynamic property app::$rs_footer_popular_test is deprecated in C:\xampp\Desktop\mdcnpal\htdocs\public_html\core\app.php on line 434
[2026-07-06 18:05:54] Creation of dynamic property app::$rs_testimonial is deprecated in C:\xampp\Desktop\mdcnpal\htdocs\public_html\core\app.php on line 434
[2026-07-06 18:05:55] Creation of dynamic property app::$admin is deprecated in C:\xampp\Desktop\mdcnpal\htdocs\public_html\core\app.php on line 434
[2026-07-06 18:05:55] Undefined array key 0 in C:\xampp\Desktop\mdcnpal\htdocs\public_html\core\global_include.php on line 514
[2026-07-06 18:05:55] Creation of dynamic property app::$popup is deprecated in C:\xampp\Desktop\mdcnpal\htdocs\public_html\core\app.php on line 434
[2026-07-06 18:05:55] Undefined array key "MDRCCustID" in C:\xampp\Desktop\mdcnpal\htdocs\public_html\core\global_include.php on line 515
[2026-07-06 18:05:55] Undefined array key "MDRCToken" in C:\xampp\Desktop\mdcnpal\htdocs\public_html\core\global_include.php on line 515
[2026-07-06 18:05:55] Creation of dynamic property app::$rscategory is deprecated in C:\xampp\Desktop\mdcnpal\htdocs\public_html\core\app.php on line 434
[2026-07-06 18:05:55] Creation of dynamic property app::$rs_pages is deprecated in C:\xampp\Desktop\mdcnpal\htdocs\public_html\core\app.php on line 434
[2026-07-06 18:05:55] Creation of dynamic property app::$gs is deprecated in C:\xampp\Desktop\mdcnpal\htdocs\public_html\core\app.php on line 434
[2026-07-06 18:05:55] Undefined array key "MDRCCustID" in C:\xampp\Desktop\mdcnpal\htdocs\public_html\core\global_include.php on line 596
[2026-07-06 18:05:55] Undefined array key "MDRCCustID" in C:\xampp\Desktop\mdcnpal\htdocs\public_html\core\global_include.php on line 615
[2026-07-06 18:05:55] Undefined variable $getId in C:\xampp\Desktop\mdcnpal\htdocs\public_html\core\global_include.php on line 684
[2026-07-06 18:05:55] Undefined variable $getName in C:\xampp\Desktop\mdcnpal\htdocs\public_html\core\global_include.php on line 685
[2026-07-06 18:05:55] Undefined array key 0 in C:\xampp\Desktop\mdcnpal\htdocs\public_html\core\global_include.php on line 810
[2026-07-06 18:05:55] Creation of dynamic property app::$rs_offer_msg is deprecated in C:\xampp\Desktop\mdcnpal\htdocs\public_html\core\app.php on line 434
[2026-07-06 18:05:55] Creation of dynamic property app::$rs_for_doctors is deprecated in C:\xampp\Desktop\mdcnpal\htdocs\public_html\core\app.php on line 434
[2026-07-06 18:05:55] Creation of dynamic property app::$rs_data is deprecated in C:\xampp\Desktop\mdcnpal\htdocs\public_html\core\app.php on line 434
[2026-07-06 18:05:55] Creation of dynamic property app::$rs_certi_data is deprecated in C:\xampp\Desktop\mdcnpal\htdocs\public_html\core\app.php on line 434
[2026-07-06 18:05:55] Creation of dynamic property app::$rs_key_fetures_data is deprecated in C:\xampp\Desktop\mdcnpal\htdocs\public_html\core\app.php on line 434
[2026-07-06 18:05:55] Creation of dynamic property app::$rs_banner is deprecated in C:\xampp\Desktop\mdcnpal\htdocs\public_html\core\app.php on line 434
[2026-07-06 18:05:55] Creation of dynamic property app::$rs_package_data is deprecated in C:\xampp\Desktop\mdcnpal\htdocs\public_html\core\app.php on line 434
[2026-07-06 18:05:55] Creation of dynamic property app::$city_id is deprecated in C:\xampp\Desktop\mdcnpal\htdocs\public_html\core\app.php on line 434
[2026-07-06 18:05:55] Creation of dynamic property app::$city_name is deprecated in C:\xampp\Desktop\mdcnpal\htdocs\public_html\core\app.php on line 434
[2026-07-06 18:05:55] Creation of dynamic property app::$rs_faq_data is deprecated in C:\xampp\Desktop\mdcnpal\htdocs\public_html\core\app.php on line 434
[2026-07-06 18:05:55] Undefined property: app::$rs_cartmini in C:\xampp\Desktop\mdcnpal\htdocs\public_html\includes\header.php on line 131
[2026-07-06 18:05:55] Undefined array key "MDRCCustID" in C:\xampp\Desktop\mdcnpal\htdocs\public_html\includes\header.php on line 134
[2026-07-06 18:05:55] Undefined property: app::$rs_cartmini in C:\xampp\Desktop\mdcnpal\htdocs\public_html\includes\header.php on line 197
[2026-07-06 18:05:55] Undefined array key "MDRCCustID" in C:\xampp\Desktop\mdcnpal\htdocs\public_html\includes\header.php on line 200
[2026-07-06 18:05:55] Undefined property: app::$rs_cartmini in C:\xampp\Desktop\mdcnpal\htdocs\public_html\includes\header.php on line 469
[2026-07-06 18:05:55] Undefined array key "MDRCCustID" in C:\xampp\Desktop\mdcnpal\htdocs\public_html\includes\header.php on line 472
[2026-07-06 18:05:55] Undefined property: app::$rs_cartmini in C:\xampp\Desktop\mdcnpal\htdocs\public_html\includes\header.php on line 525
[2026-07-06 18:05:55] Undefined array key "MDRCCustID" in C:\xampp\Desktop\mdcnpal\htdocs\public_html\includes\header.php on line 528
[2026-07-06 18:05:55] Undefined property: app::$rs_customer in C:\xampp\Desktop\mdcnpal\htdocs\public_html\includes\header.php on line 712
[2026-07-06 18:05:55] Trying to access array offset on value of type null in C:\xampp\Desktop\mdcnpal\htdocs\public_html\includes\header.php on line 712
[2026-07-06 18:05:55] Undefined property: app::$rs_customer in C:\xampp\Desktop\mdcnpal\htdocs\public_html\includes\header.php on line 721
[2026-07-06 18:05:55] Trying to access array offset on value of type null in C:\xampp\Desktop\mdcnpal\htdocs\public_html\includes\header.php on line 721
[2026-07-06 18:05:55] Undefined property: app::$rs_customer in C:\xampp\Desktop\mdcnpal\htdocs\public_html\includes\header.php on line 730
[2026-07-06 18:05:55] Trying to access array offset on value of type null in C:\xampp\Desktop\mdcnpal\htdocs\public_html\includes\header.php on line 730
[2026-07-06 18:05:55] Undefined property: app::$rs_customer in C:\xampp\Desktop\mdcnpal\htdocs\public_html\includes\header.php on line 739
[2026-07-06 18:05:55] Trying to access array offset on value of type null in C:\xampp\Desktop\mdcnpal\htdocs\public_html\includes\header.php on line 739
[2026-07-06 18:05:55] Undefined property: app::$rs_customer in C:\xampp\Desktop\mdcnpal\htdocs\public_html\includes\footer.php on line 357
[2026-07-06 18:05:55] Trying to access array offset on value of type null in C:\xampp\Desktop\mdcnpal\htdocs\public_html\includes\footer.php on line 357
[2026-07-06 18:05:55] Undefined property: app::$rs_customer in C:\xampp\Desktop\mdcnpal\htdocs\public_html\includes\footer.php on line 366
[2026-07-06 18:05:55] Trying to access array offset on value of type null in C:\xampp\Desktop\mdcnpal\htdocs\public_html\includes\footer.php on line 366
[2026-07-06 18:05:55] Undefined property: app::$rs_customer in C:\xampp\Desktop\mdcnpal\htdocs\public_html\includes\footer.php on line 372
[2026-07-06 18:05:55] Trying to access array offset on value of type null in C:\xampp\Desktop\mdcnpal\htdocs\public_html\includes\footer.php on line 372
[2026-07-06 18:05:55] Undefined property: app::$rs_customer in C:\xampp\Desktop\mdcnpal\htdocs\public_html\includes\general_data.php on line 88
[2026-07-06 18:05:55] Trying to access array offset on value of type null in C:\xampp\Desktop\mdcnpal\htdocs\public_html\includes\general_data.php on line 88
[2026-07-06 18:05:55] Undefined array key "MDRCCustID" in C:\xampp\Desktop\mdcnpal\htdocs\public_html\includes\general_data.php on line 88
[2026-07-06 18:05:55] Undefined variable $tmpStr in C:\xampp\Desktop\mdcnpal\htdocs\public_html\core\app.php on line 971
[2026-07-06 18:05:56] Creation of dynamic property dbclass::$RECORD_SET is deprecated in C:\xampp\Desktop\mdcnpal\htdocs\public_html\core\dbclass.php on line 69
[2026-07-06 18:05:56] Creation of dynamic property dbclass::$app is deprecated in C:\xampp\Desktop\mdcnpal\htdocs\public_html\core\dbclass.php on line 75
[2026-07-06 18:05:56] Creation of dynamic property model::$foreign_tables is deprecated in C:\xampp\Desktop\mdcnpal\htdocs\public_html\core\model.php on line 43
[2026-07-06 18:05:56] Creation of dynamic property app::$inputfilter is deprecated in C:\xampp\Desktop\mdcnpal\htdocs\public_html\core\app.php on line 123
[2026-07-06 18:05:56] Creation of dynamic property app::$userconfig is deprecated in C:\xampp\Desktop\mdcnpal\htdocs\public_html\core\app.php on line 124
[2026-07-06 18:05:56] Creation of dynamic property app::$global_include is deprecated in C:\xampp\Desktop\mdcnpal\htdocs\public_html\core\app.php on line 125
[2026-07-06 18:05:56] Creation of dynamic property app::$set_cache_time is deprecated in C:\xampp\Desktop\mdcnpal\htdocs\public_html\core\app.php on line 153
[2026-07-06 18:05:56] Undefined variable $RESULT in C:\xampp\Desktop\mdcnpal\htdocs\public_html\scripts\ajax\selectCityUsingGoogleMapApi.php on line 69
[2026-07-06 18:05:56] Undefined variable $URL in C:\xampp\Desktop\mdcnpal\htdocs\public_html\scripts\ajax\selectCityUsingGoogleMapApi.php on line 73
[2026-07-06 18:05:58] Creation of dynamic property dbclass::$RECORD_SET is deprecated in C:\xampp\Desktop\mdcnpal\htdocs\public_html\core\dbclass.php on line 69
[2026-07-06 18:05:58] Creation of dynamic property dbclass::$app is deprecated in C:\xampp\Desktop\mdcnpal\htdocs\public_html\core\dbclass.php on line 75
[2026-07-06 18:05:58] Creation of dynamic property model::$foreign_tables is deprecated in C:\xampp\Desktop\mdcnpal\htdocs\public_html\core\model.php on line 43
[2026-07-06 18:05:58] Creation of dynamic property app::$inputfilter is deprecated in C:\xampp\Desktop\mdcnpal\htdocs\public_html\core\app.php on line 123
[2026-07-06 18:05:58] Creation of dynamic property app::$userconfig is deprecated in C:\xampp\Desktop\mdcnpal\htdocs\public_html\core\app.php on line 124
[2026-07-06 18:05:58] Creation of dynamic property app::$global_include is deprecated in C:\xampp\Desktop\mdcnpal\htdocs\public_html\core\app.php on line 125
[2026-07-06 18:05:58] Creation of dynamic property app::$set_cache_time is deprecated in C:\xampp\Desktop\mdcnpal\htdocs\public_html\core\app.php on line 153
[2026-07-06 18:05:58] Creation of dynamic property app::$meta is deprecated in C:\xampp\Desktop\mdcnpal\htdocs\public_html\core\app.php on line 434
[2026-07-06 18:05:58] Creation of dynamic property app::$rs_gs_city is deprecated in C:\xampp\Desktop\mdcnpal\htdocs\public_html\core\app.php on line 434
[2026-07-06 18:05:58] Creation of dynamic property app::$rs_footer_popular_item is deprecated in C:\xampp\Desktop\mdcnpal\htdocs\public_html\core\app.php on line 434
[2026-07-06 18:05:59] Creation of dynamic property app::$rs_footer_popular_test is deprecated in C:\xampp\Desktop\mdcnpal\htdocs\public_html\core\app.php on line 434
[2026-07-06 18:05:59] Creation of dynamic property app::$rs_testimonial is deprecated in C:\xampp\Desktop\mdcnpal\htdocs\public_html\core\app.php on line 434
[2026-07-06 18:05:59] Creation of dynamic property app::$admin is deprecated in C:\xampp\Desktop\mdcnpal\htdocs\public_html\core\app.php on line 434
[2026-07-06 18:05:59] Undefined array key 0 in C:\xampp\Desktop\mdcnpal\htdocs\public_html\core\global_include.php on line 514
[2026-07-06 18:05:59] Creation of dynamic property app::$popup is deprecated in C:\xampp\Desktop\mdcnpal\htdocs\public_html\core\app.php on line 434
[2026-07-06 18:05:59] Undefined array key "MDRCCustID" in C:\xampp\Desktop\mdcnpal\htdocs\public_html\core\global_include.php on line 515
[2026-07-06 18:05:59] Undefined array key "MDRCToken" in C:\xampp\Desktop\mdcnpal\htdocs\public_html\core\global_include.php on line 515
[2026-07-06 18:05:59] Creation of dynamic property app::$rscategory is deprecated in C:\xampp\Desktop\mdcnpal\htdocs\public_html\core\app.php on line 434
[2026-07-06 18:05:59] Creation of dynamic property app::$rs_pages is deprecated in C:\xampp\Desktop\mdcnpal\htdocs\public_html\core\app.php on line 434
[2026-07-06 18:05:59] Creation of dynamic property app::$gs is deprecated in C:\xampp\Desktop\mdcnpal\htdocs\public_html\core\app.php on line 434
[2026-07-06 18:05:59] Undefined array key "MDRCCustID" in C:\xampp\Desktop\mdcnpal\htdocs\public_html\core\global_include.php on line 596
[2026-07-06 18:05:59] Undefined array key "MDRCCustID" in C:\xampp\Desktop\mdcnpal\htdocs\public_html\core\global_include.php on line 615
[2026-07-06 18:05:59] Undefined variable $getId in C:\xampp\Desktop\mdcnpal\htdocs\public_html\core\global_include.php on line 684
[2026-07-06 18:05:59] Undefined variable $getName in C:\xampp\Desktop\mdcnpal\htdocs\public_html\core\global_include.php on line 685
[2026-07-06 18:05:59] Undefined array key 0 in C:\xampp\Desktop\mdcnpal\htdocs\public_html\core\global_include.php on line 810
[2026-07-06 18:05:59] Creation of dynamic property app::$rs_offer_msg is deprecated in C:\xampp\Desktop\mdcnpal\htdocs\public_html\core\app.php on line 434
[2026-07-06 18:05:59] Creation of dynamic property app::$rs_for_doctors is deprecated in C:\xampp\Desktop\mdcnpal\htdocs\public_html\core\app.php on line 434
[2026-07-06 18:05:59] Creation of dynamic property app::$rs_blog_category is deprecated in C:\xampp\Desktop\mdcnpal\htdocs\public_html\core\app.php on line 434
[2026-07-06 18:05:59] Undefined variable $array_bread in C:\xampp\Desktop\mdcnpal\htdocs\public_html\controllers\controller_blog.php on line 62
[2026-07-06 18:05:59] Creation of dynamic property app::$array_bread is deprecated in C:\xampp\Desktop\mdcnpal\htdocs\public_html\core\app.php on line 434
[2026-07-06 18:05:59] Creation of dynamic property app::$CatId is deprecated in C:\xampp\Desktop\mdcnpal\htdocs\public_html\core\app.php on line 434
[2026-07-06 18:05:59] Creation of dynamic property app::$TagId is deprecated in C:\xampp\Desktop\mdcnpal\htdocs\public_html\core\app.php on line 434
[2026-07-06 18:05:59] Creation of dynamic property app::$rs_data is deprecated in C:\xampp\Desktop\mdcnpal\htdocs\public_html\core\app.php on line 434
[2026-07-06 18:05:59] Undefined property: app::$rs_cartmini in C:\xampp\Desktop\mdcnpal\htdocs\public_html\includes\header.php on line 131
[2026-07-06 18:05:59] Undefined array key "MDRCCustID" in C:\xampp\Desktop\mdcnpal\htdocs\public_html\includes\header.php on line 134
[2026-07-06 18:05:59] Undefined property: app::$rs_cartmini in C:\xampp\Desktop\mdcnpal\htdocs\public_html\includes\header.php on line 197
[2026-07-06 18:05:59] Undefined array key "MDRCCustID" in C:\xampp\Desktop\mdcnpal\htdocs\public_html\includes\header.php on line 200
[2026-07-06 18:05:59] Undefined property: app::$rs_cartmini in C:\xampp\Desktop\mdcnpal\htdocs\public_html\includes\header.php on line 469
[2026-07-06 18:05:59] Undefined array key "MDRCCustID" in C:\xampp\Desktop\mdcnpal\htdocs\public_html\includes\header.php on line 472
[2026-07-06 18:05:59] Undefined property: app::$rs_cartmini in C:\xampp\Desktop\mdcnpal\htdocs\public_html\includes\header.php on line 525
[2026-07-06 18:05:59] Undefined array key "MDRCCustID" in C:\xampp\Desktop\mdcnpal\htdocs\public_html\includes\header.php on line 528
[2026-07-06 18:05:59] Undefined property: app::$rs_customer in C:\xampp\Desktop\mdcnpal\htdocs\public_html\includes\header.php on line 712
[2026-07-06 18:05:59] Trying to access array offset on value of type null in C:\xampp\Desktop\mdcnpal\htdocs\public_html\includes\header.php on line 712
[2026-07-06 18:05:59] Undefined property: app::$rs_customer in C:\xampp\Desktop\mdcnpal\htdocs\public_html\includes\header.php on line 721
[2026-07-06 18:05:59] Trying to access array offset on value of type null in C:\xampp\Desktop\mdcnpal\htdocs\public_html\includes\header.php on line 721
[2026-07-06 18:05:59] Undefined property: app::$rs_customer in C:\xampp\Desktop\mdcnpal\htdocs\public_html\includes\header.php on line 730
[2026-07-06 18:05:59] Trying to access array offset on value of type null in C:\xampp\Desktop\mdcnpal\htdocs\public_html\includes\header.php on line 730
[2026-07-06 18:05:59] Undefined property: app::$rs_customer in C:\xampp\Desktop\mdcnpal\htdocs\public_html\includes\header.php on line 739
[2026-07-06 18:05:59] Trying to access array offset on value of type null in C:\xampp\Desktop\mdcnpal\htdocs\public_html\includes\header.php on line 739
[06-Jul-2026 18:05:59 Asia/Kathmandu] PHP Fatal error:  Uncaught TypeError: count(): Argument #1 ($value) must be of type Countable|array, int given in C:\xampp\Desktop\mdcnpal\htdocs\public_html\core\app.php(565) : eval()'d code:81
Stack trace:
#0 C:\xampp\Desktop\mdcnpal\htdocs\public_html\core\app.php(565): eval()
#1 C:\xampp\Desktop\mdcnpal\htdocs\public_html\core\app.php(535): app->compile()
#2 C:\xampp\Desktop\mdcnpal\htdocs\public_html\core\app.php(516): app->package()
#3 C:\xampp\Desktop\mdcnpal\htdocs\public_html\index.php(6): app->execute()
#4 {main}
  thrown in C:\xampp\Desktop\mdcnpal\htdocs\public_html\core\app.php(565) : eval()'d code on line 81
[2026-07-06 18:06:11] Creation of dynamic property dbclass::$RECORD_SET is deprecated in C:\xampp\Desktop\mdcnpal\htdocs\public_html\core\dbclass.php on line 69
[2026-07-06 18:06:11] Creation of dynamic property dbclass::$app is deprecated in C:\xampp\Desktop\mdcnpal\htdocs\public_html\core\dbclass.php on line 75
[2026-07-06 18:06:11] Creation of dynamic property model::$foreign_tables is deprecated in C:\xampp\Desktop\mdcnpal\htdocs\public_html\core\model.php on line 43
[2026-07-06 18:06:11] Creation of dynamic property app::$inputfilter is deprecated in C:\xampp\Desktop\mdcnpal\htdocs\public_html\core\app.php on line 123
[2026-07-06 18:06:11] Creation of dynamic property app::$userconfig is deprecated in C:\xampp\Desktop\mdcnpal\htdocs\public_html\core\app.php on line 124
[2026-07-06 18:06:11] Creation of dynamic property app::$global_include is deprecated in C:\xampp\Desktop\mdcnpal\htdocs\public_html\core\app.php on line 125
[2026-07-06 18:06:11] Creation of dynamic property app::$set_cache_time is deprecated in C:\xampp\Desktop\mdcnpal\htdocs\public_html\core\app.php on line 153
[2026-07-06 18:06:11] Creation of dynamic property app::$meta is deprecated in C:\xampp\Desktop\mdcnpal\htdocs\public_html\core\app.php on line 434
[2026-07-06 18:06:11] Creation of dynamic property app::$rs_gs_city is deprecated in C:\xampp\Desktop\mdcnpal\htdocs\public_html\core\app.php on line 434
[2026-07-06 18:06:11] Creation of dynamic property app::$rs_footer_popular_item is deprecated in C:\xampp\Desktop\mdcnpal\htdocs\public_html\core\app.php on line 434
[2026-07-06 18:06:11] Creation of dynamic property app::$rs_footer_popular_test is deprecated in C:\xampp\Desktop\mdcnpal\htdocs\public_html\core\app.php on line 434
[2026-07-06 18:06:11] Creation of dynamic property app::$rs_testimonial is deprecated in C:\xampp\Desktop\mdcnpal\htdocs\public_html\core\app.php on line 434
[2026-07-06 18:06:11] Creation of dynamic property app::$admin is deprecated in C:\xampp\Desktop\mdcnpal\htdocs\public_html\core\app.php on line 434
[2026-07-06 18:06:11] Undefined array key 0 in C:\xampp\Desktop\mdcnpal\htdocs\public_html\core\global_include.php on line 514
[2026-07-06 18:06:11] Creation of dynamic property app::$popup is deprecated in C:\xampp\Desktop\mdcnpal\htdocs\public_html\core\app.php on line 434
[2026-07-06 18:06:11] Undefined array key "MDRCCustID" in C:\xampp\Desktop\mdcnpal\htdocs\public_html\core\global_include.php on line 515
[2026-07-06 18:06:11] Undefined array key "MDRCToken" in C:\xampp\Desktop\mdcnpal\htdocs\public_html\core\global_include.php on line 515
[2026-07-06 18:06:11] Creation of dynamic property app::$rscategory is deprecated in C:\xampp\Desktop\mdcnpal\htdocs\public_html\core\app.php on line 434
[2026-07-06 18:06:11] Creation of dynamic property app::$rs_pages is deprecated in C:\xampp\Desktop\mdcnpal\htdocs\public_html\core\app.php on line 434
[2026-07-06 18:06:11] Creation of dynamic property app::$gs is deprecated in C:\xampp\Desktop\mdcnpal\htdocs\public_html\core\app.php on line 434
[2026-07-06 18:06:11] Undefined array key "MDRCCustID" in C:\xampp\Desktop\mdcnpal\htdocs\public_html\core\global_include.php on line 596
[2026-07-06 18:06:11] Undefined array key "MDRCCustID" in C:\xampp\Desktop\mdcnpal\htdocs\public_html\core\global_include.php on line 615
[2026-07-06 18:06:11] Undefined variable $getId in C:\xampp\Desktop\mdcnpal\htdocs\public_html\core\global_include.php on line 684
[2026-07-06 18:06:11] Undefined variable $getName in C:\xampp\Desktop\mdcnpal\htdocs\public_html\core\global_include.php on line 685
[2026-07-06 18:06:11] Undefined array key 0 in C:\xampp\Desktop\mdcnpal\htdocs\public_html\core\global_include.php on line 810
[2026-07-06 18:06:11] Creation of dynamic property app::$rs_offer_msg is deprecated in C:\xampp\Desktop\mdcnpal\htdocs\public_html\core\app.php on line 434
[2026-07-06 18:06:11] Creation of dynamic property app::$rs_for_doctors is deprecated in C:\xampp\Desktop\mdcnpal\htdocs\public_html\core\app.php on line 434
[2026-07-06 18:06:11] Creation of dynamic property app::$description is deprecated in C:\xampp\Desktop\mdcnpal\htdocs\public_html\core\app.php on line 434
[2026-07-06 18:06:11] Creation of dynamic property app::$rs_banner is deprecated in C:\xampp\Desktop\mdcnpal\htdocs\public_html\core\app.php on line 434
[2026-07-06 18:06:11] Creation of dynamic property app::$rs_item_diseases is deprecated in C:\xampp\Desktop\mdcnpal\htdocs\public_html\core\app.php on line 434
[2026-07-06 18:06:11] Creation of dynamic property app::$rs_item_home_category is deprecated in C:\xampp\Desktop\mdcnpal\htdocs\public_html\core\app.php on line 434
[2026-07-06 18:06:11] Creation of dynamic property app::$rs_item_banner_category is deprecated in C:\xampp\Desktop\mdcnpal\htdocs\public_html\core\app.php on line 434
[2026-07-06 18:06:11] Creation of dynamic property app::$rs_services is deprecated in C:\xampp\Desktop\mdcnpal\htdocs\public_html\core\app.php on line 434
[2026-07-06 18:06:11] Creation of dynamic property app::$rs_blog is deprecated in C:\xampp\Desktop\mdcnpal\htdocs\public_html\core\app.php on line 434
[2026-07-06 18:06:11] Creation of dynamic property app::$rs_category is deprecated in C:\xampp\Desktop\mdcnpal\htdocs\public_html\core\app.php on line 434
[2026-07-06 18:06:11] Creation of dynamic property app::$rs_faq_data is deprecated in C:\xampp\Desktop\mdcnpal\htdocs\public_html\core\app.php on line 434
[2026-07-06 18:06:11] Creation of dynamic property app::$rs_gallery_data is deprecated in C:\xampp\Desktop\mdcnpal\htdocs\public_html\core\app.php on line 434
[2026-07-06 18:06:11] Undefined property: app::$rs_cartmini in C:\xampp\Desktop\mdcnpal\htdocs\public_html\includes\header.php on line 131
[2026-07-06 18:06:11] Undefined array key "MDRCCustID" in C:\xampp\Desktop\mdcnpal\htdocs\public_html\includes\header.php on line 134
[2026-07-06 18:06:11] Undefined property: app::$rs_cartmini in C:\xampp\Desktop\mdcnpal\htdocs\public_html\includes\header.php on line 197
[2026-07-06 18:06:11] Undefined array key "MDRCCustID" in C:\xampp\Desktop\mdcnpal\htdocs\public_html\includes\header.php on line 200
[2026-07-06 18:06:11] Undefined property: app::$rs_cartmini in C:\xampp\Desktop\mdcnpal\htdocs\public_html\includes\header.php on line 469
[2026-07-06 18:06:11] Undefined array key "MDRCCustID" in C:\xampp\Desktop\mdcnpal\htdocs\public_html\includes\header.php on line 472
[2026-07-06 18:06:11] Undefined property: app::$rs_cartmini in C:\xampp\Desktop\mdcnpal\htdocs\public_html\includes\header.php on line 525
[2026-07-06 18:06:11] Undefined array key "MDRCCustID" in C:\xampp\Desktop\mdcnpal\htdocs\public_html\includes\header.php on line 528
[2026-07-06 18:06:11] Undefined property: app::$rs_customer in C:\xampp\Desktop\mdcnpal\htdocs\public_html\includes\header.php on line 712
[2026-07-06 18:06:11] Trying to access array offset on value of type null in C:\xampp\Desktop\mdcnpal\htdocs\public_html\includes\header.php on line 712
[2026-07-06 18:06:11] Undefined property: app::$rs_customer in C:\xampp\Desktop\mdcnpal\htdocs\public_html\includes\header.php on line 721
[2026-07-06 18:06:11] Trying to access array offset on value of type null in C:\xampp\Desktop\mdcnpal\htdocs\public_html\includes\header.php on line 721
[2026-07-06 18:06:11] Undefined property: app::$rs_customer in C:\xampp\Desktop\mdcnpal\htdocs\public_html\includes\header.php on line 730
[2026-07-06 18:06:11] Trying to access array offset on value of type null in C:\xampp\Desktop\mdcnpal\htdocs\public_html\includes\header.php on line 730
[2026-07-06 18:06:11] Undefined property: app::$rs_customer in C:\xampp\Desktop\mdcnpal\htdocs\public_html\includes\header.php on line 739
[2026-07-06 18:06:11] Trying to access array offset on value of type null in C:\xampp\Desktop\mdcnpal\htdocs\public_html\includes\header.php on line 739
[2026-07-06 18:06:11] Undefined variable $g_search_query in C:\xampp\Desktop\mdcnpal\htdocs\public_html\core\app.php(565) : eval()'d code on line 219
[2026-07-06 18:06:11] Undefined variable $department_cond in C:\xampp\Desktop\mdcnpal\htdocs\public_html\core\app.php(565) : eval()'d code on line 219
[2026-07-06 18:06:11] Undefined variable $type_cond in C:\xampp\Desktop\mdcnpal\htdocs\public_html\core\app.php(565) : eval()'d code on line 219
[2026-07-06 18:06:11] Undefined variable $dieses_cond in C:\xampp\Desktop\mdcnpal\htdocs\public_html\core\app.php(565) : eval()'d code on line 219
[2026-07-06 18:06:11] Undefined variable $popular_pack_cond in C:\xampp\Desktop\mdcnpal\htdocs\public_html\core\app.php(565) : eval()'d code on line 219
[2026-07-06 18:06:11] Undefined variable $g_search_query in C:\xampp\Desktop\mdcnpal\htdocs\public_html\core\app.php(565) : eval()'d code on line 219
[2026-07-06 18:06:11] Undefined variable $department_cond in C:\xampp\Desktop\mdcnpal\htdocs\public_html\core\app.php(565) : eval()'d code on line 219
[2026-07-06 18:06:11] Undefined variable $type_cond in C:\xampp\Desktop\mdcnpal\htdocs\public_html\core\app.php(565) : eval()'d code on line 219
[2026-07-06 18:06:11] Undefined variable $dieses_cond in C:\xampp\Desktop\mdcnpal\htdocs\public_html\core\app.php(565) : eval()'d code on line 219
[2026-07-06 18:06:11] Undefined variable $popular_pack_cond in C:\xampp\Desktop\mdcnpal\htdocs\public_html\core\app.php(565) : eval()'d code on line 219
[2026-07-06 18:06:11] Undefined variable $g_search_query in C:\xampp\Desktop\mdcnpal\htdocs\public_html\core\app.php(565) : eval()'d code on line 219
[2026-07-06 18:06:11] Undefined variable $department_cond in C:\xampp\Desktop\mdcnpal\htdocs\public_html\core\app.php(565) : eval()'d code on line 219
[2026-07-06 18:06:11] Undefined variable $type_cond in C:\xampp\Desktop\mdcnpal\htdocs\public_html\core\app.php(565) : eval()'d code on line 219
[2026-07-06 18:06:11] Undefined variable $dieses_cond in C:\xampp\Desktop\mdcnpal\htdocs\public_html\core\app.php(565) : eval()'d code on line 219
[2026-07-06 18:06:11] Undefined variable $popular_pack_cond in C:\xampp\Desktop\mdcnpal\htdocs\public_html\core\app.php(565) : eval()'d code on line 219
[2026-07-06 18:06:11] Undefined variable $g_search_query in C:\xampp\Desktop\mdcnpal\htdocs\public_html\core\app.php(565) : eval()'d code on line 219
[2026-07-06 18:06:11] Undefined variable $department_cond in C:\xampp\Desktop\mdcnpal\htdocs\public_html\core\app.php(565) : eval()'d code on line 219
[2026-07-06 18:06:11] Undefined variable $type_cond in C:\xampp\Desktop\mdcnpal\htdocs\public_html\core\app.php(565) : eval()'d code on line 219
[2026-07-06 18:06:11] Undefined variable $dieses_cond in C:\xampp\Desktop\mdcnpal\htdocs\public_html\core\app.php(565) : eval()'d code on line 219
[2026-07-06 18:06:11] Undefined variable $popular_pack_cond in C:\xampp\Desktop\mdcnpal\htdocs\public_html\core\app.php(565) : eval()'d code on line 219
[2026-07-06 18:06:11] Undefined variable $g_search_query in C:\xampp\Desktop\mdcnpal\htdocs\public_html\core\app.php(565) : eval()'d code on line 219
[2026-07-06 18:06:11] Undefined variable $department_cond in C:\xampp\Desktop\mdcnpal\htdocs\public_html\core\app.php(565) : eval()'d code on line 219
[2026-07-06 18:06:11] Undefined variable $type_cond in C:\xampp\Desktop\mdcnpal\htdocs\public_html\core\app.php(565) : eval()'d code on line 219
[2026-07-06 18:06:11] Undefined variable $dieses_cond in C:\xampp\Desktop\mdcnpal\htdocs\public_html\core\app.php(565) : eval()'d code on line 219
[2026-07-06 18:06:11] Undefined variable $popular_pack_cond in C:\xampp\Desktop\mdcnpal\htdocs\public_html\core\app.php(565) : eval()'d code on line 219
[2026-07-06 18:06:12] Undefined property: app::$rs_customer in C:\xampp\Desktop\mdcnpal\htdocs\public_html\includes\footer.php on line 357
[2026-07-06 18:06:12] Trying to access array offset on value of type null in C:\xampp\Desktop\mdcnpal\htdocs\public_html\includes\footer.php on line 357
[2026-07-06 18:06:12] Undefined property: app::$rs_customer in C:\xampp\Desktop\mdcnpal\htdocs\public_html\includes\footer.php on line 366
[2026-07-06 18:06:12] Trying to access array offset on value of type null in C:\xampp\Desktop\mdcnpal\htdocs\public_html\includes\footer.php on line 366
[2026-07-06 18:06:12] Undefined property: app::$rs_customer in C:\xampp\Desktop\mdcnpal\htdocs\public_html\includes\footer.php on line 372
[2026-07-06 18:06:12] Trying to access array offset on value of type null in C:\xampp\Desktop\mdcnpal\htdocs\public_html\includes\footer.php on line 372
[2026-07-06 18:06:12] Undefined property: app::$rs_customer in C:\xampp\Desktop\mdcnpal\htdocs\public_html\includes\general_data.php on line 88
[2026-07-06 18:06:12] Trying to access array offset on value of type null in C:\xampp\Desktop\mdcnpal\htdocs\public_html\includes\general_data.php on line 88
[2026-07-06 18:06:12] Undefined array key "MDRCCustID" in C:\xampp\Desktop\mdcnpal\htdocs\public_html\includes\general_data.php on line 88
[2026-07-06 18:06:12] Undefined variable $tmpStr in C:\xampp\Desktop\mdcnpal\htdocs\public_html\core\app.php on line 971
[2026-07-06 18:06:14] Creation of dynamic property dbclass::$RECORD_SET is deprecated in C:\xampp\Desktop\mdcnpal\htdocs\public_html\core\dbclass.php on line 69
[2026-07-06 18:06:14] Creation of dynamic property dbclass::$app is deprecated in C:\xampp\Desktop\mdcnpal\htdocs\public_html\core\dbclass.php on line 75
[2026-07-06 18:06:14] Creation of dynamic property model::$foreign_tables is deprecated in C:\xampp\Desktop\mdcnpal\htdocs\public_html\core\model.php on line 43
[2026-07-06 18:06:14] Creation of dynamic property app::$inputfilter is deprecated in C:\xampp\Desktop\mdcnpal\htdocs\public_html\core\app.php on line 123
[2026-07-06 18:06:14] Creation of dynamic property app::$userconfig is deprecated in C:\xampp\Desktop\mdcnpal\htdocs\public_html\core\app.php on line 124
[2026-07-06 18:06:14] Creation of dynamic property app::$global_include is deprecated in C:\xampp\Desktop\mdcnpal\htdocs\public_html\core\app.php on line 125
[2026-07-06 18:06:14] Creation of dynamic property app::$set_cache_time is deprecated in C:\xampp\Desktop\mdcnpal\htdocs\public_html\core\app.php on line 153
[2026-07-06 18:06:14] Undefined array key "MDRCCustID" in C:\xampp\Desktop\mdcnpal\htdocs\public_html\scripts\ajax\changeCity.php on line 60
[2026-07-06 18:06:14] Creation of dynamic property dbclass::$RECORD_SET is deprecated in C:\xampp\Desktop\mdcnpal\htdocs\public_html\core\dbclass.php on line 69
[2026-07-06 18:06:14] Creation of dynamic property dbclass::$app is deprecated in C:\xampp\Desktop\mdcnpal\htdocs\public_html\core\dbclass.php on line 75
[2026-07-06 18:06:14] Creation of dynamic property model::$foreign_tables is deprecated in C:\xampp\Desktop\mdcnpal\htdocs\public_html\core\model.php on line 43
[2026-07-06 18:06:14] Creation of dynamic property app::$inputfilter is deprecated in C:\xampp\Desktop\mdcnpal\htdocs\public_html\core\app.php on line 123
[2026-07-06 18:06:14] Creation of dynamic property app::$userconfig is deprecated in C:\xampp\Desktop\mdcnpal\htdocs\public_html\core\app.php on line 124
[2026-07-06 18:06:14] Creation of dynamic property app::$global_include is deprecated in C:\xampp\Desktop\mdcnpal\htdocs\public_html\core\app.php on line 125
[2026-07-06 18:06:14] Creation of dynamic property app::$set_cache_time is deprecated in C:\xampp\Desktop\mdcnpal\htdocs\public_html\core\app.php on line 153
[2026-07-06 18:06:14] Creation of dynamic property app::$meta is deprecated in C:\xampp\Desktop\mdcnpal\htdocs\public_html\core\app.php on line 434
[2026-07-06 18:06:14] Creation of dynamic property app::$rs_gs_city is deprecated in C:\xampp\Desktop\mdcnpal\htdocs\public_html\core\app.php on line 434
[2026-07-06 18:06:14] Creation of dynamic property app::$rs_footer_popular_item is deprecated in C:\xampp\Desktop\mdcnpal\htdocs\public_html\core\app.php on line 434
[2026-07-06 18:06:15] Creation of dynamic property app::$rs_footer_popular_test is deprecated in C:\xampp\Desktop\mdcnpal\htdocs\public_html\core\app.php on line 434
[2026-07-06 18:06:15] Creation of dynamic property app::$rs_testimonial is deprecated in C:\xampp\Desktop\mdcnpal\htdocs\public_html\core\app.php on line 434
[2026-07-06 18:06:15] Creation of dynamic property app::$admin is deprecated in C:\xampp\Desktop\mdcnpal\htdocs\public_html\core\app.php on line 434
[2026-07-06 18:06:15] Undefined array key 0 in C:\xampp\Desktop\mdcnpal\htdocs\public_html\core\global_include.php on line 514
[2026-07-06 18:06:15] Creation of dynamic property app::$popup is deprecated in C:\xampp\Desktop\mdcnpal\htdocs\public_html\core\app.php on line 434
[2026-07-06 18:06:15] Undefined array key "MDRCCustID" in C:\xampp\Desktop\mdcnpal\htdocs\public_html\core\global_include.php on line 515
[2026-07-06 18:06:15] Undefined array key "MDRCToken" in C:\xampp\Desktop\mdcnpal\htdocs\public_html\core\global_include.php on line 515
[2026-07-06 18:06:15] Creation of dynamic property app::$rscategory is deprecated in C:\xampp\Desktop\mdcnpal\htdocs\public_html\core\app.php on line 434
[2026-07-06 18:06:15] Creation of dynamic property app::$rs_pages is deprecated in C:\xampp\Desktop\mdcnpal\htdocs\public_html\core\app.php on line 434
[2026-07-06 18:06:15] Creation of dynamic property app::$gs is deprecated in C:\xampp\Desktop\mdcnpal\htdocs\public_html\core\app.php on line 434
[2026-07-06 18:06:15] Undefined array key "MDRCCustID" in C:\xampp\Desktop\mdcnpal\htdocs\public_html\core\global_include.php on line 596
[2026-07-06 18:06:15] Undefined array key "MDRCCustID" in C:\xampp\Desktop\mdcnpal\htdocs\public_html\core\global_include.php on line 615
[2026-07-06 18:06:15] Undefined variable $getId in C:\xampp\Desktop\mdcnpal\htdocs\public_html\core\global_include.php on line 684
[2026-07-06 18:06:15] Undefined variable $getName in C:\xampp\Desktop\mdcnpal\htdocs\public_html\core\global_include.php on line 685
[2026-07-06 18:06:15] Undefined array key 0 in C:\xampp\Desktop\mdcnpal\htdocs\public_html\core\global_include.php on line 810
[2026-07-06 18:06:15] Creation of dynamic property app::$rs_offer_msg is deprecated in C:\xampp\Desktop\mdcnpal\htdocs\public_html\core\app.php on line 434
[2026-07-06 18:06:15] Creation of dynamic property app::$rs_for_doctors is deprecated in C:\xampp\Desktop\mdcnpal\htdocs\public_html\core\app.php on line 434
[2026-07-06 18:06:15] Creation of dynamic property dbclass::$RECORD_SET is deprecated in C:\xampp\Desktop\mdcnpal\htdocs\public_html\core\dbclass.php on line 69
[2026-07-06 18:06:15] Creation of dynamic property dbclass::$app is deprecated in C:\xampp\Desktop\mdcnpal\htdocs\public_html\core\dbclass.php on line 75
[2026-07-06 18:06:15] Creation of dynamic property model::$foreign_tables is deprecated in C:\xampp\Desktop\mdcnpal\htdocs\public_html\core\model.php on line 43
[2026-07-06 18:06:15] Creation of dynamic property app::$inputfilter is deprecated in C:\xampp\Desktop\mdcnpal\htdocs\public_html\core\app.php on line 123
[2026-07-06 18:06:15] Creation of dynamic property app::$userconfig is deprecated in C:\xampp\Desktop\mdcnpal\htdocs\public_html\core\app.php on line 124
[2026-07-06 18:06:15] Creation of dynamic property app::$global_include is deprecated in C:\xampp\Desktop\mdcnpal\htdocs\public_html\core\app.php on line 125
[2026-07-06 18:06:15] Creation of dynamic property app::$set_cache_time is deprecated in C:\xampp\Desktop\mdcnpal\htdocs\public_html\core\app.php on line 153
[2026-07-06 18:06:15] Creation of dynamic property app::$meta is deprecated in C:\xampp\Desktop\mdcnpal\htdocs\public_html\core\app.php on line 434
[2026-07-06 18:06:15] Creation of dynamic property app::$rs_gs_city is deprecated in C:\xampp\Desktop\mdcnpal\htdocs\public_html\core\app.php on line 434
[2026-07-06 18:06:15] Creation of dynamic property app::$rs_footer_popular_item is deprecated in C:\xampp\Desktop\mdcnpal\htdocs\public_html\core\app.php on line 434
[2026-07-06 18:06:15] Creation of dynamic property app::$rs_footer_popular_test is deprecated in C:\xampp\Desktop\mdcnpal\htdocs\public_html\core\app.php on line 434
[2026-07-06 18:06:15] Creation of dynamic property app::$rs_testimonial is deprecated in C:\xampp\Desktop\mdcnpal\htdocs\public_html\core\app.php on line 434
[2026-07-06 18:06:15] Creation of dynamic property app::$admin is deprecated in C:\xampp\Desktop\mdcnpal\htdocs\public_html\core\app.php on line 434
[2026-07-06 18:06:15] Undefined array key 0 in C:\xampp\Desktop\mdcnpal\htdocs\public_html\core\global_include.php on line 514
[2026-07-06 18:06:15] Creation of dynamic property app::$popup is deprecated in C:\xampp\Desktop\mdcnpal\htdocs\public_html\core\app.php on line 434
[2026-07-06 18:06:15] Undefined array key "MDRCCustID" in C:\xampp\Desktop\mdcnpal\htdocs\public_html\core\global_include.php on line 515
[2026-07-06 18:06:15] Undefined array key "MDRCToken" in C:\xampp\Desktop\mdcnpal\htdocs\public_html\core\global_include.php on line 515
[2026-07-06 18:06:15] Creation of dynamic property app::$rscategory is deprecated in C:\xampp\Desktop\mdcnpal\htdocs\public_html\core\app.php on line 434
[2026-07-06 18:06:15] Creation of dynamic property app::$rs_pages is deprecated in C:\xampp\Desktop\mdcnpal\htdocs\public_html\core\app.php on line 434
[2026-07-06 18:06:15] Creation of dynamic property app::$gs is deprecated in C:\xampp\Desktop\mdcnpal\htdocs\public_html\core\app.php on line 434
[2026-07-06 18:06:15] Undefined array key "MDRCCustID" in C:\xampp\Desktop\mdcnpal\htdocs\public_html\core\global_include.php on line 596
[2026-07-06 18:06:15] Undefined array key "MDRCCustID" in C:\xampp\Desktop\mdcnpal\htdocs\public_html\core\global_include.php on line 615
[2026-07-06 18:06:15] Undefined variable $getId in C:\xampp\Desktop\mdcnpal\htdocs\public_html\core\global_include.php on line 684
[2026-07-06 18:06:15] Undefined variable $getName in C:\xampp\Desktop\mdcnpal\htdocs\public_html\core\global_include.php on line 685
[2026-07-06 18:06:15] Undefined array key 0 in C:\xampp\Desktop\mdcnpal\htdocs\public_html\core\global_include.php on line 810
[2026-07-06 18:06:15] Creation of dynamic property app::$rs_offer_msg is deprecated in C:\xampp\Desktop\mdcnpal\htdocs\public_html\core\app.php on line 434
[2026-07-06 18:06:15] Creation of dynamic property app::$rs_for_doctors is deprecated in C:\xampp\Desktop\mdcnpal\htdocs\public_html\core\app.php on line 434
[2026-07-06 18:06:15] Creation of dynamic property app::$description is deprecated in C:\xampp\Desktop\mdcnpal\htdocs\public_html\core\app.php on line 434
[2026-07-06 18:06:15] Creation of dynamic property app::$rs_banner is deprecated in C:\xampp\Desktop\mdcnpal\htdocs\public_html\core\app.php on line 434
[2026-07-06 18:06:15] Creation of dynamic property app::$rs_item_diseases is deprecated in C:\xampp\Desktop\mdcnpal\htdocs\public_html\core\app.php on line 434
[2026-07-06 18:06:15] Creation of dynamic property app::$rs_item_home_category is deprecated in C:\xampp\Desktop\mdcnpal\htdocs\public_html\core\app.php on line 434
[2026-07-06 18:06:15] Creation of dynamic property app::$rs_item_banner_category is deprecated in C:\xampp\Desktop\mdcnpal\htdocs\public_html\core\app.php on line 434
[2026-07-06 18:06:15] Creation of dynamic property app::$rs_services is deprecated in C:\xampp\Desktop\mdcnpal\htdocs\public_html\core\app.php on line 434
[2026-07-06 18:06:15] Creation of dynamic property app::$rs_blog is deprecated in C:\xampp\Desktop\mdcnpal\htdocs\public_html\core\app.php on line 434
[2026-07-06 18:06:15] Creation of dynamic property app::$rs_category is deprecated in C:\xampp\Desktop\mdcnpal\htdocs\public_html\core\app.php on line 434
[2026-07-06 18:06:15] Creation of dynamic property app::$rs_faq_data is deprecated in C:\xampp\Desktop\mdcnpal\htdocs\public_html\core\app.php on line 434
[2026-07-06 18:06:15] Creation of dynamic property app::$rs_gallery_data is deprecated in C:\xampp\Desktop\mdcnpal\htdocs\public_html\core\app.php on line 434
[2026-07-06 18:06:15] Undefined property: app::$rs_cartmini in C:\xampp\Desktop\mdcnpal\htdocs\public_html\includes\header.php on line 131
[2026-07-06 18:06:15] Undefined array key "MDRCCustID" in C:\xampp\Desktop\mdcnpal\htdocs\public_html\includes\header.php on line 134
[2026-07-06 18:06:15] Undefined property: app::$rs_cartmini in C:\xampp\Desktop\mdcnpal\htdocs\public_html\includes\header.php on line 197
[2026-07-06 18:06:15] Undefined array key "MDRCCustID" in C:\xampp\Desktop\mdcnpal\htdocs\public_html\includes\header.php on line 200
[2026-07-06 18:06:15] Undefined property: app::$rs_cartmini in C:\xampp\Desktop\mdcnpal\htdocs\public_html\includes\header.php on line 469
[2026-07-06 18:06:15] Undefined array key "MDRCCustID" in C:\xampp\Desktop\mdcnpal\htdocs\public_html\includes\header.php on line 472
[2026-07-06 18:06:15] Undefined property: app::$rs_cartmini in C:\xampp\Desktop\mdcnpal\htdocs\public_html\includes\header.php on line 525
[2026-07-06 18:06:15] Undefined array key "MDRCCustID" in C:\xampp\Desktop\mdcnpal\htdocs\public_html\includes\header.php on line 528
[2026-07-06 18:06:15] Undefined property: app::$rs_customer in C:\xampp\Desktop\mdcnpal\htdocs\public_html\includes\header.php on line 712
[2026-07-06 18:06:15] Trying to access array offset on value of type null in C:\xampp\Desktop\mdcnpal\htdocs\public_html\includes\header.php on line 712
[2026-07-06 18:06:15] Undefined property: app::$rs_customer in C:\xampp\Desktop\mdcnpal\htdocs\public_html\includes\header.php on line 721
[2026-07-06 18:06:15] Trying to access array offset on value of type null in C:\xampp\Desktop\mdcnpal\htdocs\public_html\includes\header.php on line 721
[2026-07-06 18:06:15] Undefined property: app::$rs_customer in C:\xampp\Desktop\mdcnpal\htdocs\public_html\includes\header.php on line 730
[2026-07-06 18:06:15] Trying to access array offset on value of type null in C:\xampp\Desktop\mdcnpal\htdocs\public_html\includes\header.php on line 730
[2026-07-06 18:06:15] Undefined property: app::$rs_customer in C:\xampp\Desktop\mdcnpal\htdocs\public_html\includes\header.php on line 739
[2026-07-06 18:06:15] Trying to access array offset on value of type null in C:\xampp\Desktop\mdcnpal\htdocs\public_html\includes\header.php on line 739
[2026-07-06 18:06:15] Undefined variable $g_search_query in C:\xampp\Desktop\mdcnpal\htdocs\public_html\core\app.php(565) : eval()'d code on line 219
[2026-07-06 18:06:15] Undefined variable $department_cond in C:\xampp\Desktop\mdcnpal\htdocs\public_html\core\app.php(565) : eval()'d code on line 219
[2026-07-06 18:06:15] Undefined variable $type_cond in C:\xampp\Desktop\mdcnpal\htdocs\public_html\core\app.php(565) : eval()'d code on line 219
[2026-07-06 18:06:15] Undefined variable $dieses_cond in C:\xampp\Desktop\mdcnpal\htdocs\public_html\core\app.php(565) : eval()'d code on line 219
[2026-07-06 18:06:15] Undefined variable $popular_pack_cond in C:\xampp\Desktop\mdcnpal\htdocs\public_html\core\app.php(565) : eval()'d code on line 219
[2026-07-06 18:06:15] Undefined variable $g_search_query in C:\xampp\Desktop\mdcnpal\htdocs\public_html\core\app.php(565) : eval()'d code on line 219
[2026-07-06 18:06:15] Undefined variable $department_cond in C:\xampp\Desktop\mdcnpal\htdocs\public_html\core\app.php(565) : eval()'d code on line 219
[2026-07-06 18:06:15] Undefined variable $type_cond in C:\xampp\Desktop\mdcnpal\htdocs\public_html\core\app.php(565) : eval()'d code on line 219
[2026-07-06 18:06:15] Undefined variable $dieses_cond in C:\xampp\Desktop\mdcnpal\htdocs\public_html\core\app.php(565) : eval()'d code on line 219
[2026-07-06 18:06:15] Undefined variable $popular_pack_cond in C:\xampp\Desktop\mdcnpal\htdocs\public_html\core\app.php(565) : eval()'d code on line 219
[2026-07-06 18:06:15] Undefined variable $g_search_query in C:\xampp\Desktop\mdcnpal\htdocs\public_html\core\app.php(565) : eval()'d code on line 219
[2026-07-06 18:06:15] Undefined variable $department_cond in C:\xampp\Desktop\mdcnpal\htdocs\public_html\core\app.php(565) : eval()'d code on line 219
[2026-07-06 18:06:15] Undefined variable $type_cond in C:\xampp\Desktop\mdcnpal\htdocs\public_html\core\app.php(565) : eval()'d code on line 219
[2026-07-06 18:06:15] Undefined variable $dieses_cond in C:\xampp\Desktop\mdcnpal\htdocs\public_html\core\app.php(565) : eval()'d code on line 219
[2026-07-06 18:06:15] Undefined variable $popular_pack_cond in C:\xampp\Desktop\mdcnpal\htdocs\public_html\core\app.php(565) : eval()'d code on line 219
[2026-07-06 18:06:15] Undefined variable $g_search_query in C:\xampp\Desktop\mdcnpal\htdocs\public_html\core\app.php(565) : eval()'d code on line 219
[2026-07-06 18:06:15] Undefined variable $department_cond in C:\xampp\Desktop\mdcnpal\htdocs\public_html\core\app.php(565) : eval()'d code on line 219
[2026-07-06 18:06:15] Undefined variable $type_cond in C:\xampp\Desktop\mdcnpal\htdocs\public_html\core\app.php(565) : eval()'d code on line 219
[2026-07-06 18:06:15] Undefined variable $dieses_cond in C:\xampp\Desktop\mdcnpal\htdocs\public_html\core\app.php(565) : eval()'d code on line 219
[2026-07-06 18:06:15] Undefined variable $popular_pack_cond in C:\xampp\Desktop\mdcnpal\htdocs\public_html\core\app.php(565) : eval()'d code on line 219
[2026-07-06 18:06:16] Undefined variable $g_search_query in C:\xampp\Desktop\mdcnpal\htdocs\public_html\core\app.php(565) : eval()'d code on line 219
[2026-07-06 18:06:16] Undefined variable $department_cond in C:\xampp\Desktop\mdcnpal\htdocs\public_html\core\app.php(565) : eval()'d code on line 219
[2026-07-06 18:06:16] Undefined variable $type_cond in C:\xampp\Desktop\mdcnpal\htdocs\public_html\core\app.php(565) : eval()'d code on line 219
[2026-07-06 18:06:16] Undefined variable $dieses_cond in C:\xampp\Desktop\mdcnpal\htdocs\public_html\core\app.php(565) : eval()'d code on line 219
[2026-07-06 18:06:16] Undefined variable $popular_pack_cond in C:\xampp\Desktop\mdcnpal\htdocs\public_html\core\app.php(565) : eval()'d code on line 219
[2026-07-06 18:06:16] Undefined property: app::$rs_customer in C:\xampp\Desktop\mdcnpal\htdocs\public_html\includes\footer.php on line 357
[2026-07-06 18:06:16] Trying to access array offset on value of type null in C:\xampp\Desktop\mdcnpal\htdocs\public_html\includes\footer.php on line 357
[2026-07-06 18:06:16] Undefined property: app::$rs_customer in C:\xampp\Desktop\mdcnpal\htdocs\public_html\includes\footer.php on line 366
[2026-07-06 18:06:16] Trying to access array offset on value of type null in C:\xampp\Desktop\mdcnpal\htdocs\public_html\includes\footer.php on line 366
[2026-07-06 18:06:16] Undefined property: app::$rs_customer in C:\xampp\Desktop\mdcnpal\htdocs\public_html\includes\footer.php on line 372
[2026-07-06 18:06:16] Trying to access array offset on value of type null in C:\xampp\Desktop\mdcnpal\htdocs\public_html\includes\footer.php on line 372
[2026-07-06 18:06:16] Undefined property: app::$rs_customer in C:\xampp\Desktop\mdcnpal\htdocs\public_html\includes\general_data.php on line 88
[2026-07-06 18:06:16] Trying to access array offset on value of type null in C:\xampp\Desktop\mdcnpal\htdocs\public_html\includes\general_data.php on line 88
[2026-07-06 18:06:16] Undefined array key "MDRCCustID" in C:\xampp\Desktop\mdcnpal\htdocs\public_html\includes\general_data.php on line 88
[2026-07-06 18:06:16] Undefined variable $tmpStr in C:\xampp\Desktop\mdcnpal\htdocs\public_html\core\app.php on line 971
[2026-07-06 18:06:16] Creation of dynamic property dbclass::$RECORD_SET is deprecated in C:\xampp\Desktop\mdcnpal\htdocs\public_html\core\dbclass.php on line 69
[2026-07-06 18:06:16] Creation of dynamic property dbclass::$app is deprecated in C:\xampp\Desktop\mdcnpal\htdocs\public_html\core\dbclass.php on line 75
[2026-07-06 18:06:16] Creation of dynamic property model::$foreign_tables is deprecated in C:\xampp\Desktop\mdcnpal\htdocs\public_html\core\model.php on line 43
[2026-07-06 18:06:16] Creation of dynamic property app::$inputfilter is deprecated in C:\xampp\Desktop\mdcnpal\htdocs\public_html\core\app.php on line 123
[2026-07-06 18:06:16] Creation of dynamic property app::$userconfig is deprecated in C:\xampp\Desktop\mdcnpal\htdocs\public_html\core\app.php on line 124
[2026-07-06 18:06:16] Creation of dynamic property app::$global_include is deprecated in C:\xampp\Desktop\mdcnpal\htdocs\public_html\core\app.php on line 125
[2026-07-06 18:06:16] Creation of dynamic property app::$set_cache_time is deprecated in C:\xampp\Desktop\mdcnpal\htdocs\public_html\core\app.php on line 153
[2026-07-06 18:06:16] Undefined variable $RESULT in C:\xampp\Desktop\mdcnpal\htdocs\public_html\scripts\ajax\selectCityUsingGoogleMapApi.php on line 69
[2026-07-06 18:06:16] Undefined variable $URL in C:\xampp\Desktop\mdcnpal\htdocs\public_html\scripts\ajax\selectCityUsingGoogleMapApi.php on line 73
[2026-07-06 18:06:17] Creation of dynamic property dbclass::$RECORD_SET is deprecated in C:\xampp\Desktop\mdcnpal\htdocs\public_html\core\dbclass.php on line 69
[2026-07-06 18:06:17] Creation of dynamic property dbclass::$app is deprecated in C:\xampp\Desktop\mdcnpal\htdocs\public_html\core\dbclass.php on line 75
[2026-07-06 18:06:17] Creation of dynamic property model::$foreign_tables is deprecated in C:\xampp\Desktop\mdcnpal\htdocs\public_html\core\model.php on line 43
[2026-07-06 18:06:17] Creation of dynamic property app::$inputfilter is deprecated in C:\xampp\Desktop\mdcnpal\htdocs\public_html\core\app.php on line 123
[2026-07-06 18:06:17] Creation of dynamic property app::$userconfig is deprecated in C:\xampp\Desktop\mdcnpal\htdocs\public_html\core\app.php on line 124
[2026-07-06 18:06:17] Creation of dynamic property app::$global_include is deprecated in C:\xampp\Desktop\mdcnpal\htdocs\public_html\core\app.php on line 125
[2026-07-06 18:06:17] Creation of dynamic property app::$set_cache_time is deprecated in C:\xampp\Desktop\mdcnpal\htdocs\public_html\core\app.php on line 153
[2026-07-06 18:06:17] Undefined variable $RESULT in C:\xampp\Desktop\mdcnpal\htdocs\public_html\scripts\ajax\selectCityUsingGoogleMapApi.php on line 69
[2026-07-06 18:06:17] Undefined variable $URL in C:\xampp\Desktop\mdcnpal\htdocs\public_html\scripts\ajax\selectCityUsingGoogleMapApi.php on line 73
[2026-07-06 18:06:19] Creation of dynamic property dbclass::$RECORD_SET is deprecated in C:\xampp\Desktop\mdcnpal\htdocs\public_html\core\dbclass.php on line 69
[2026-07-06 18:06:19] Creation of dynamic property dbclass::$app is deprecated in C:\xampp\Desktop\mdcnpal\htdocs\public_html\core\dbclass.php on line 75
[2026-07-06 18:06:19] Creation of dynamic property model::$foreign_tables is deprecated in C:\xampp\Desktop\mdcnpal\htdocs\public_html\core\model.php on line 43
[2026-07-06 18:06:19] Creation of dynamic property app::$inputfilter is deprecated in C:\xampp\Desktop\mdcnpal\htdocs\public_html\core\app.php on line 123
[2026-07-06 18:06:19] Creation of dynamic property app::$userconfig is deprecated in C:\xampp\Desktop\mdcnpal\htdocs\public_html\core\app.php on line 124
[2026-07-06 18:06:19] Creation of dynamic property app::$global_include is deprecated in C:\xampp\Desktop\mdcnpal\htdocs\public_html\core\app.php on line 125
[2026-07-06 18:06:19] Creation of dynamic property app::$set_cache_time is deprecated in C:\xampp\Desktop\mdcnpal\htdocs\public_html\core\app.php on line 153
[2026-07-06 18:06:19] Creation of dynamic property app::$meta is deprecated in C:\xampp\Desktop\mdcnpal\htdocs\public_html\core\app.php on line 434
[2026-07-06 18:06:19] Creation of dynamic property app::$rs_gs_city is deprecated in C:\xampp\Desktop\mdcnpal\htdocs\public_html\core\app.php on line 434
[2026-07-06 18:06:19] Creation of dynamic property app::$rs_footer_popular_item is deprecated in C:\xampp\Desktop\mdcnpal\htdocs\public_html\core\app.php on line 434
[2026-07-06 18:06:20] Creation of dynamic property app::$rs_footer_popular_test is deprecated in C:\xampp\Desktop\mdcnpal\htdocs\public_html\core\app.php on line 434
[2026-07-06 18:06:20] Creation of dynamic property app::$rs_testimonial is deprecated in C:\xampp\Desktop\mdcnpal\htdocs\public_html\core\app.php on line 434
[2026-07-06 18:06:20] Creation of dynamic property app::$admin is deprecated in C:\xampp\Desktop\mdcnpal\htdocs\public_html\core\app.php on line 434
[2026-07-06 18:06:20] Undefined array key 0 in C:\xampp\Desktop\mdcnpal\htdocs\public_html\core\global_include.php on line 514
[2026-07-06 18:06:20] Creation of dynamic property app::$popup is deprecated in C:\xampp\Desktop\mdcnpal\htdocs\public_html\core\app.php on line 434
[2026-07-06 18:06:20] Undefined array key "MDRCCustID" in C:\xampp\Desktop\mdcnpal\htdocs\public_html\core\global_include.php on line 515
[2026-07-06 18:06:20] Undefined array key "MDRCToken" in C:\xampp\Desktop\mdcnpal\htdocs\public_html\core\global_include.php on line 515
[2026-07-06 18:06:20] Creation of dynamic property app::$rscategory is deprecated in C:\xampp\Desktop\mdcnpal\htdocs\public_html\core\app.php on line 434
[2026-07-06 18:06:20] Creation of dynamic property app::$rs_pages is deprecated in C:\xampp\Desktop\mdcnpal\htdocs\public_html\core\app.php on line 434
[2026-07-06 18:06:20] Creation of dynamic property app::$gs is deprecated in C:\xampp\Desktop\mdcnpal\htdocs\public_html\core\app.php on line 434
[2026-07-06 18:06:20] Undefined array key "MDRCCustID" in C:\xampp\Desktop\mdcnpal\htdocs\public_html\core\global_include.php on line 596
[2026-07-06 18:06:20] Undefined array key "MDRCCustID" in C:\xampp\Desktop\mdcnpal\htdocs\public_html\core\global_include.php on line 615
[2026-07-06 18:06:20] Undefined variable $getId in C:\xampp\Desktop\mdcnpal\htdocs\public_html\core\global_include.php on line 684
[2026-07-06 18:06:20] Undefined variable $getName in C:\xampp\Desktop\mdcnpal\htdocs\public_html\core\global_include.php on line 685
[2026-07-06 18:06:20] Undefined array key 0 in C:\xampp\Desktop\mdcnpal\htdocs\public_html\core\global_include.php on line 810
[2026-07-06 18:06:20] Creation of dynamic property app::$rs_offer_msg is deprecated in C:\xampp\Desktop\mdcnpal\htdocs\public_html\core\app.php on line 434
[2026-07-06 18:06:20] Creation of dynamic property app::$rs_for_doctors is deprecated in C:\xampp\Desktop\mdcnpal\htdocs\public_html\core\app.php on line 434
[2026-07-06 18:06:20] Creation of dynamic property app::$rs_blog_category is deprecated in C:\xampp\Desktop\mdcnpal\htdocs\public_html\core\app.php on line 434
[2026-07-06 18:06:20] Undefined variable $array_bread in C:\xampp\Desktop\mdcnpal\htdocs\public_html\controllers\controller_blog.php on line 62
[2026-07-06 18:06:20] Creation of dynamic property app::$array_bread is deprecated in C:\xampp\Desktop\mdcnpal\htdocs\public_html\core\app.php on line 434
[2026-07-06 18:06:20] Creation of dynamic property app::$CatId is deprecated in C:\xampp\Desktop\mdcnpal\htdocs\public_html\core\app.php on line 434
[2026-07-06 18:06:20] Creation of dynamic property app::$TagId is deprecated in C:\xampp\Desktop\mdcnpal\htdocs\public_html\core\app.php on line 434
[2026-07-06 18:06:20] Creation of dynamic property app::$rs_data is deprecated in C:\xampp\Desktop\mdcnpal\htdocs\public_html\core\app.php on line 434
[2026-07-06 18:06:20] Undefined property: app::$rs_cartmini in C:\xampp\Desktop\mdcnpal\htdocs\public_html\includes\header.php on line 131
[2026-07-06 18:06:20] Undefined array key "MDRCCustID" in C:\xampp\Desktop\mdcnpal\htdocs\public_html\includes\header.php on line 134
[2026-07-06 18:06:20] Undefined property: app::$rs_cartmini in C:\xampp\Desktop\mdcnpal\htdocs\public_html\includes\header.php on line 197
[2026-07-06 18:06:20] Undefined array key "MDRCCustID" in C:\xampp\Desktop\mdcnpal\htdocs\public_html\includes\header.php on line 200
[2026-07-06 18:06:20] Undefined property: app::$rs_cartmini in C:\xampp\Desktop\mdcnpal\htdocs\public_html\includes\header.php on line 469
[2026-07-06 18:06:20] Undefined array key "MDRCCustID" in C:\xampp\Desktop\mdcnpal\htdocs\public_html\includes\header.php on line 472
[2026-07-06 18:06:20] Undefined property: app::$rs_cartmini in C:\xampp\Desktop\mdcnpal\htdocs\public_html\includes\header.php on line 525
[2026-07-06 18:06:20] Undefined array key "MDRCCustID" in C:\xampp\Desktop\mdcnpal\htdocs\public_html\includes\header.php on line 528
[2026-07-06 18:06:20] Undefined property: app::$rs_customer in C:\xampp\Desktop\mdcnpal\htdocs\public_html\includes\header.php on line 712
[2026-07-06 18:06:20] Trying to access array offset on value of type null in C:\xampp\Desktop\mdcnpal\htdocs\public_html\includes\header.php on line 712
[2026-07-06 18:06:20] Undefined property: app::$rs_customer in C:\xampp\Desktop\mdcnpal\htdocs\public_html\includes\header.php on line 721
[2026-07-06 18:06:20] Trying to access array offset on value of type null in C:\xampp\Desktop\mdcnpal\htdocs\public_html\includes\header.php on line 721
[2026-07-06 18:06:20] Undefined property: app::$rs_customer in C:\xampp\Desktop\mdcnpal\htdocs\public_html\includes\header.php on line 730
[2026-07-06 18:06:20] Trying to access array offset on value of type null in C:\xampp\Desktop\mdcnpal\htdocs\public_html\includes\header.php on line 730
[2026-07-06 18:06:20] Undefined property: app::$rs_customer in C:\xampp\Desktop\mdcnpal\htdocs\public_html\includes\header.php on line 739
[2026-07-06 18:06:20] Trying to access array offset on value of type null in C:\xampp\Desktop\mdcnpal\htdocs\public_html\includes\header.php on line 739
[06-Jul-2026 18:06:20 Asia/Kathmandu] PHP Fatal error:  Uncaught TypeError: count(): Argument #1 ($value) must be of type Countable|array, int given in C:\xampp\Desktop\mdcnpal\htdocs\public_html\core\app.php(565) : eval()'d code:81
Stack trace:
#0 C:\xampp\Desktop\mdcnpal\htdocs\public_html\core\app.php(565): eval()
#1 C:\xampp\Desktop\mdcnpal\htdocs\public_html\core\app.php(535): app->compile()
#2 C:\xampp\Desktop\mdcnpal\htdocs\public_html\core\app.php(516): app->package()
#3 C:\xampp\Desktop\mdcnpal\htdocs\public_html\index.php(6): app->execute()
#4 {main}
  thrown in C:\xampp\Desktop\mdcnpal\htdocs\public_html\core\app.php(565) : eval()'d code on line 81
[2026-07-06 18:06:24] Creation of dynamic property dbclass::$RECORD_SET is deprecated in C:\xampp\Desktop\mdcnpal\htdocs\public_html\core\dbclass.php on line 69
[2026-07-06 18:06:24] Creation of dynamic property dbclass::$app is deprecated in C:\xampp\Desktop\mdcnpal\htdocs\public_html\core\dbclass.php on line 75
[2026-07-06 18:06:24] Creation of dynamic property model::$foreign_tables is deprecated in C:\xampp\Desktop\mdcnpal\htdocs\public_html\core\model.php on line 43
[2026-07-06 18:06:24] Creation of dynamic property app::$inputfilter is deprecated in C:\xampp\Desktop\mdcnpal\htdocs\public_html\core\app.php on line 123
[2026-07-06 18:06:24] Creation of dynamic property app::$userconfig is deprecated in C:\xampp\Desktop\mdcnpal\htdocs\public_html\core\app.php on line 124
[2026-07-06 18:06:24] Creation of dynamic property app::$global_include is deprecated in C:\xampp\Desktop\mdcnpal\htdocs\public_html\core\app.php on line 125
[2026-07-06 18:06:24] Creation of dynamic property app::$set_cache_time is deprecated in C:\xampp\Desktop\mdcnpal\htdocs\public_html\core\app.php on line 153
[2026-07-06 18:06:24] Creation of dynamic property app::$meta is deprecated in C:\xampp\Desktop\mdcnpal\htdocs\public_html\core\app.php on line 434
[2026-07-06 18:06:24] Creation of dynamic property app::$rs_gs_city is deprecated in C:\xampp\Desktop\mdcnpal\htdocs\public_html\core\app.php on line 434
[2026-07-06 18:06:24] Creation of dynamic property app::$rs_footer_popular_item is deprecated in C:\xampp\Desktop\mdcnpal\htdocs\public_html\core\app.php on line 434
[2026-07-06 18:06:24] Creation of dynamic property app::$rs_footer_popular_test is deprecated in C:\xampp\Desktop\mdcnpal\htdocs\public_html\core\app.php on line 434
[2026-07-06 18:06:24] Creation of dynamic property app::$rs_testimonial is deprecated in C:\xampp\Desktop\mdcnpal\htdocs\public_html\core\app.php on line 434
[2026-07-06 18:06:24] Creation of dynamic property app::$admin is deprecated in C:\xampp\Desktop\mdcnpal\htdocs\public_html\core\app.php on line 434
[2026-07-06 18:06:24] Undefined array key 0 in C:\xampp\Desktop\mdcnpal\htdocs\public_html\core\global_include.php on line 514
[2026-07-06 18:06:24] Creation of dynamic property app::$popup is deprecated in C:\xampp\Desktop\mdcnpal\htdocs\public_html\core\app.php on line 434
[2026-07-06 18:06:24] Undefined array key "MDRCCustID" in C:\xampp\Desktop\mdcnpal\htdocs\public_html\core\global_include.php on line 515
[2026-07-06 18:06:24] Undefined array key "MDRCToken" in C:\xampp\Desktop\mdcnpal\htdocs\public_html\core\global_include.php on line 515
[2026-07-06 18:06:24] Creation of dynamic property app::$rscategory is deprecated in C:\xampp\Desktop\mdcnpal\htdocs\public_html\core\app.php on line 434
[2026-07-06 18:06:24] Creation of dynamic property app::$rs_pages is deprecated in C:\xampp\Desktop\mdcnpal\htdocs\public_html\core\app.php on line 434
[2026-07-06 18:06:24] Creation of dynamic property app::$gs is deprecated in C:\xampp\Desktop\mdcnpal\htdocs\public_html\core\app.php on line 434
[2026-07-06 18:06:24] Undefined array key "MDRCCustID" in C:\xampp\Desktop\mdcnpal\htdocs\public_html\core\global_include.php on line 596
[2026-07-06 18:06:24] Undefined array key "MDRCCustID" in C:\xampp\Desktop\mdcnpal\htdocs\public_html\core\global_include.php on line 615
[2026-07-06 18:06:24] Undefined variable $getId in C:\xampp\Desktop\mdcnpal\htdocs\public_html\core\global_include.php on line 684
[2026-07-06 18:06:24] Undefined variable $getName in C:\xampp\Desktop\mdcnpal\htdocs\public_html\core\global_include.php on line 685
[2026-07-06 18:06:24] Undefined array key 0 in C:\xampp\Desktop\mdcnpal\htdocs\public_html\core\global_include.php on line 810
[2026-07-06 18:06:24] Creation of dynamic property app::$rs_offer_msg is deprecated in C:\xampp\Desktop\mdcnpal\htdocs\public_html\core\app.php on line 434
[2026-07-06 18:06:24] Creation of dynamic property app::$rs_for_doctors is deprecated in C:\xampp\Desktop\mdcnpal\htdocs\public_html\core\app.php on line 434
[2026-07-06 18:06:24] Creation of dynamic property app::$description is deprecated in C:\xampp\Desktop\mdcnpal\htdocs\public_html\core\app.php on line 434
[2026-07-06 18:06:24] Creation of dynamic property app::$rs_banner is deprecated in C:\xampp\Desktop\mdcnpal\htdocs\public_html\core\app.php on line 434
[2026-07-06 18:06:24] Creation of dynamic property app::$rs_item_diseases is deprecated in C:\xampp\Desktop\mdcnpal\htdocs\public_html\core\app.php on line 434
[2026-07-06 18:06:25] Creation of dynamic property app::$rs_item_home_category is deprecated in C:\xampp\Desktop\mdcnpal\htdocs\public_html\core\app.php on line 434
[2026-07-06 18:06:25] Creation of dynamic property app::$rs_item_banner_category is deprecated in C:\xampp\Desktop\mdcnpal\htdocs\public_html\core\app.php on line 434
[2026-07-06 18:06:25] Creation of dynamic property app::$rs_services is deprecated in C:\xampp\Desktop\mdcnpal\htdocs\public_html\core\app.php on line 434
[2026-07-06 18:06:25] Creation of dynamic property app::$rs_blog is deprecated in C:\xampp\Desktop\mdcnpal\htdocs\public_html\core\app.php on line 434
[2026-07-06 18:06:25] Creation of dynamic property app::$rs_category is deprecated in C:\xampp\Desktop\mdcnpal\htdocs\public_html\core\app.php on line 434
[2026-07-06 18:06:25] Creation of dynamic property app::$rs_faq_data is deprecated in C:\xampp\Desktop\mdcnpal\htdocs\public_html\core\app.php on line 434
[2026-07-06 18:06:25] Creation of dynamic property app::$rs_gallery_data is deprecated in C:\xampp\Desktop\mdcnpal\htdocs\public_html\core\app.php on line 434
[2026-07-06 18:06:25] Undefined property: app::$rs_cartmini in C:\xampp\Desktop\mdcnpal\htdocs\public_html\includes\header.php on line 131
[2026-07-06 18:06:25] Undefined array key "MDRCCustID" in C:\xampp\Desktop\mdcnpal\htdocs\public_html\includes\header.php on line 134
[2026-07-06 18:06:25] Undefined property: app::$rs_cartmini in C:\xampp\Desktop\mdcnpal\htdocs\public_html\includes\header.php on line 197
[2026-07-06 18:06:25] Undefined array key "MDRCCustID" in C:\xampp\Desktop\mdcnpal\htdocs\public_html\includes\header.php on line 200
[2026-07-06 18:06:25] Undefined property: app::$rs_cartmini in C:\xampp\Desktop\mdcnpal\htdocs\public_html\includes\header.php on line 469
[2026-07-06 18:06:25] Undefined array key "MDRCCustID" in C:\xampp\Desktop\mdcnpal\htdocs\public_html\includes\header.php on line 472
[2026-07-06 18:06:25] Undefined property: app::$rs_cartmini in C:\xampp\Desktop\mdcnpal\htdocs\public_html\includes\header.php on line 525
[2026-07-06 18:06:25] Undefined array key "MDRCCustID" in C:\xampp\Desktop\mdcnpal\htdocs\public_html\includes\header.php on line 528
[2026-07-06 18:06:25] Undefined property: app::$rs_customer in C:\xampp\Desktop\mdcnpal\htdocs\public_html\includes\header.php on line 712
[2026-07-06 18:06:25] Trying to access array offset on value of type null in C:\xampp\Desktop\mdcnpal\htdocs\public_html\includes\header.php on line 712
[2026-07-06 18:06:25] Undefined property: app::$rs_customer in C:\xampp\Desktop\mdcnpal\htdocs\public_html\includes\header.php on line 721
[2026-07-06 18:06:25] Trying to access array offset on value of type null in C:\xampp\Desktop\mdcnpal\htdocs\public_html\includes\header.php on line 721
[2026-07-06 18:06:25] Undefined property: app::$rs_customer in C:\xampp\Desktop\mdcnpal\htdocs\public_html\includes\header.php on line 730
[2026-07-06 18:06:25] Trying to access array offset on value of type null in C:\xampp\Desktop\mdcnpal\htdocs\public_html\includes\header.php on line 730
[2026-07-06 18:06:25] Undefined property: app::$rs_customer in C:\xampp\Desktop\mdcnpal\htdocs\public_html\includes\header.php on line 739
[2026-07-06 18:06:25] Trying to access array offset on value of type null in C:\xampp\Desktop\mdcnpal\htdocs\public_html\includes\header.php on line 739
[2026-07-06 18:06:25] Undefined variable $g_search_query in C:\xampp\Desktop\mdcnpal\htdocs\public_html\core\app.php(565) : eval()'d code on line 219
[2026-07-06 18:06:25] Undefined variable $department_cond in C:\xampp\Desktop\mdcnpal\htdocs\public_html\core\app.php(565) : eval()'d code on line 219
[2026-07-06 18:06:25] Undefined variable $type_cond in C:\xampp\Desktop\mdcnpal\htdocs\public_html\core\app.php(565) : eval()'d code on line 219
[2026-07-06 18:06:25] Undefined variable $dieses_cond in C:\xampp\Desktop\mdcnpal\htdocs\public_html\core\app.php(565) : eval()'d code on line 219
[2026-07-06 18:06:25] Undefined variable $popular_pack_cond in C:\xampp\Desktop\mdcnpal\htdocs\public_html\core\app.php(565) : eval()'d code on line 219
[2026-07-06 18:06:25] Undefined variable $g_search_query in C:\xampp\Desktop\mdcnpal\htdocs\public_html\core\app.php(565) : eval()'d code on line 219
[2026-07-06 18:06:25] Undefined variable $department_cond in C:\xampp\Desktop\mdcnpal\htdocs\public_html\core\app.php(565) : eval()'d code on line 219
[2026-07-06 18:06:25] Undefined variable $type_cond in C:\xampp\Desktop\mdcnpal\htdocs\public_html\core\app.php(565) : eval()'d code on line 219
[2026-07-06 18:06:25] Undefined variable $dieses_cond in C:\xampp\Desktop\mdcnpal\htdocs\public_html\core\app.php(565) : eval()'d code on line 219
[2026-07-06 18:06:25] Undefined variable $popular_pack_cond in C:\xampp\Desktop\mdcnpal\htdocs\public_html\core\app.php(565) : eval()'d code on line 219
[2026-07-06 18:06:25] Undefined variable $g_search_query in C:\xampp\Desktop\mdcnpal\htdocs\public_html\core\app.php(565) : eval()'d code on line 219
[2026-07-06 18:06:25] Undefined variable $department_cond in C:\xampp\Desktop\mdcnpal\htdocs\public_html\core\app.php(565) : eval()'d code on line 219
[2026-07-06 18:06:25] Undefined variable $type_cond in C:\xampp\Desktop\mdcnpal\htdocs\public_html\core\app.php(565) : eval()'d code on line 219
[2026-07-06 18:06:25] Undefined variable $dieses_cond in C:\xampp\Desktop\mdcnpal\htdocs\public_html\core\app.php(565) : eval()'d code on line 219
[2026-07-06 18:06:25] Undefined variable $popular_pack_cond in C:\xampp\Desktop\mdcnpal\htdocs\public_html\core\app.php(565) : eval()'d code on line 219
[2026-07-06 18:06:25] Undefined variable $g_search_query in C:\xampp\Desktop\mdcnpal\htdocs\public_html\core\app.php(565) : eval()'d code on line 219
[2026-07-06 18:06:25] Undefined variable $department_cond in C:\xampp\Desktop\mdcnpal\htdocs\public_html\core\app.php(565) : eval()'d code on line 219
[2026-07-06 18:06:25] Undefined variable $type_cond in C:\xampp\Desktop\mdcnpal\htdocs\public_html\core\app.php(565) : eval()'d code on line 219
[2026-07-06 18:06:25] Undefined variable $dieses_cond in C:\xampp\Desktop\mdcnpal\htdocs\public_html\core\app.php(565) : eval()'d code on line 219
[2026-07-06 18:06:25] Undefined variable $popular_pack_cond in C:\xampp\Desktop\mdcnpal\htdocs\public_html\core\app.php(565) : eval()'d code on line 219
[2026-07-06 18:06:25] Undefined variable $g_search_query in C:\xampp\Desktop\mdcnpal\htdocs\public_html\core\app.php(565) : eval()'d code on line 219
[2026-07-06 18:06:25] Undefined variable $department_cond in C:\xampp\Desktop\mdcnpal\htdocs\public_html\core\app.php(565) : eval()'d code on line 219
[2026-07-06 18:06:25] Undefined variable $type_cond in C:\xampp\Desktop\mdcnpal\htdocs\public_html\core\app.php(565) : eval()'d code on line 219
[2026-07-06 18:06:25] Undefined variable $dieses_cond in C:\xampp\Desktop\mdcnpal\htdocs\public_html\core\app.php(565) : eval()'d code on line 219
[2026-07-06 18:06:25] Undefined variable $popular_pack_cond in C:\xampp\Desktop\mdcnpal\htdocs\public_html\core\app.php(565) : eval()'d code on line 219
[2026-07-06 18:06:25] Undefined property: app::$rs_customer in C:\xampp\Desktop\mdcnpal\htdocs\public_html\includes\footer.php on line 357
[2026-07-06 18:06:25] Trying to access array offset on value of type null in C:\xampp\Desktop\mdcnpal\htdocs\public_html\includes\footer.php on line 357
[2026-07-06 18:06:25] Undefined property: app::$rs_customer in C:\xampp\Desktop\mdcnpal\htdocs\public_html\includes\footer.php on line 366
[2026-07-06 18:06:25] Trying to access array offset on value of type null in C:\xampp\Desktop\mdcnpal\htdocs\public_html\includes\footer.php on line 366
[2026-07-06 18:06:25] Undefined property: app::$rs_customer in C:\xampp\Desktop\mdcnpal\htdocs\public_html\includes\footer.php on line 372
[2026-07-06 18:06:25] Trying to access array offset on value of type null in C:\xampp\Desktop\mdcnpal\htdocs\public_html\includes\footer.php on line 372
[2026-07-06 18:06:25] Undefined property: app::$rs_customer in C:\xampp\Desktop\mdcnpal\htdocs\public_html\includes\general_data.php on line 88
[2026-07-06 18:06:25] Trying to access array offset on value of type null in C:\xampp\Desktop\mdcnpal\htdocs\public_html\includes\general_data.php on line 88
[2026-07-06 18:06:25] Undefined array key "MDRCCustID" in C:\xampp\Desktop\mdcnpal\htdocs\public_html\includes\general_data.php on line 88
[2026-07-06 18:06:25] Undefined variable $tmpStr in C:\xampp\Desktop\mdcnpal\htdocs\public_html\core\app.php on line 971
[2026-07-06 18:06:26] Creation of dynamic property dbclass::$RECORD_SET is deprecated in C:\xampp\Desktop\mdcnpal\htdocs\public_html\core\dbclass.php on line 69
[2026-07-06 18:06:26] Creation of dynamic property dbclass::$app is deprecated in C:\xampp\Desktop\mdcnpal\htdocs\public_html\core\dbclass.php on line 75
[2026-07-06 18:06:26] Creation of dynamic property model::$foreign_tables is deprecated in C:\xampp\Desktop\mdcnpal\htdocs\public_html\core\model.php on line 43
[2026-07-06 18:06:26] Creation of dynamic property app::$inputfilter is deprecated in C:\xampp\Desktop\mdcnpal\htdocs\public_html\core\app.php on line 123
[2026-07-06 18:06:26] Creation of dynamic property app::$userconfig is deprecated in C:\xampp\Desktop\mdcnpal\htdocs\public_html\core\app.php on line 124
[2026-07-06 18:06:26] Creation of dynamic property app::$global_include is deprecated in C:\xampp\Desktop\mdcnpal\htdocs\public_html\core\app.php on line 125
[2026-07-06 18:06:26] Creation of dynamic property app::$set_cache_time is deprecated in C:\xampp\Desktop\mdcnpal\htdocs\public_html\core\app.php on line 153
[2026-07-06 18:06:26] Undefined variable $RESULT in C:\xampp\Desktop\mdcnpal\htdocs\public_html\scripts\ajax\selectCityUsingGoogleMapApi.php on line 69
[2026-07-06 18:06:26] Undefined variable $URL in C:\xampp\Desktop\mdcnpal\htdocs\public_html\scripts\ajax\selectCityUsingGoogleMapApi.php on line 73
[2026-07-06 18:07:46] Creation of dynamic property dbclass::$RECORD_SET is deprecated in C:\xampp\Desktop\mdcnpal\htdocs\public_html\core\dbclass.php on line 69
[2026-07-06 18:07:46] Creation of dynamic property dbclass::$app is deprecated in C:\xampp\Desktop\mdcnpal\htdocs\public_html\core\dbclass.php on line 75
[2026-07-06 18:07:46] Creation of dynamic property model::$foreign_tables is deprecated in C:\xampp\Desktop\mdcnpal\htdocs\public_html\core\model.php on line 43
[2026-07-06 18:07:46] Creation of dynamic property app::$inputfilter is deprecated in C:\xampp\Desktop\mdcnpal\htdocs\public_html\core\app.php on line 123
[2026-07-06 18:07:46] Creation of dynamic property app::$userconfig is deprecated in C:\xampp\Desktop\mdcnpal\htdocs\public_html\core\app.php on line 124
[2026-07-06 18:07:46] Creation of dynamic property app::$global_include is deprecated in C:\xampp\Desktop\mdcnpal\htdocs\public_html\core\app.php on line 125
[2026-07-06 18:07:46] Creation of dynamic property app::$set_cache_time is deprecated in C:\xampp\Desktop\mdcnpal\htdocs\public_html\core\app.php on line 153
[2026-07-06 18:07:46] Undefined array key "cityID" in C:\xampp\Desktop\mdcnpal\htdocs\public_html\core\global_include.php on line 381
[2026-07-06 18:07:46] Undefined array key "cityID" in C:\xampp\Desktop\mdcnpal\htdocs\public_html\core\global_include.php on line 416
[2026-07-06 18:07:46] Creation of dynamic property app::$meta is deprecated in C:\xampp\Desktop\mdcnpal\htdocs\public_html\core\app.php on line 434
[2026-07-06 18:07:46] Creation of dynamic property app::$rs_gs_city is deprecated in C:\xampp\Desktop\mdcnpal\htdocs\public_html\core\app.php on line 434
[2026-07-06 18:07:46] Undefined array key "cityID" in C:\xampp\Desktop\mdcnpal\htdocs\public_html\core\global_include.php on line 468
[2026-07-06 18:07:46] Creation of dynamic property app::$rs_footer_popular_item is deprecated in C:\xampp\Desktop\mdcnpal\htdocs\public_html\core\app.php on line 434
[2026-07-06 18:07:46] Creation of dynamic property dbclass::$RECORD_SET is deprecated in C:\xampp\Desktop\mdcnpal\htdocs\public_html\core\dbclass.php on line 69
[2026-07-06 18:07:46] Creation of dynamic property dbclass::$app is deprecated in C:\xampp\Desktop\mdcnpal\htdocs\public_html\core\dbclass.php on line 75
[2026-07-06 18:07:46] Creation of dynamic property model::$foreign_tables is deprecated in C:\xampp\Desktop\mdcnpal\htdocs\public_html\core\model.php on line 43
[2026-07-06 18:07:46] Creation of dynamic property app::$inputfilter is deprecated in C:\xampp\Desktop\mdcnpal\htdocs\public_html\core\app.php on line 123
[2026-07-06 18:07:46] Creation of dynamic property app::$userconfig is deprecated in C:\xampp\Desktop\mdcnpal\htdocs\public_html\core\app.php on line 124
[2026-07-06 18:07:46] Creation of dynamic property app::$global_include is deprecated in C:\xampp\Desktop\mdcnpal\htdocs\public_html\core\app.php on line 125
[2026-07-06 18:07:46] Creation of dynamic property app::$set_cache_time is deprecated in C:\xampp\Desktop\mdcnpal\htdocs\public_html\core\app.php on line 153
[2026-07-06 18:07:46] Undefined array key "MDRCCustID" in C:\xampp\Desktop\mdcnpal\htdocs\public_html\scripts\ajax\changeCity.php on line 60
[2026-07-06 18:07:46] Creation of dynamic property app::$rs_footer_popular_test is deprecated in C:\xampp\Desktop\mdcnpal\htdocs\public_html\core\app.php on line 434
[2026-07-06 18:07:47] Creation of dynamic property app::$rs_testimonial is deprecated in C:\xampp\Desktop\mdcnpal\htdocs\public_html\core\app.php on line 434
[2026-07-06 18:07:47] Creation of dynamic property app::$admin is deprecated in C:\xampp\Desktop\mdcnpal\htdocs\public_html\core\app.php on line 434
[2026-07-06 18:07:47] Creation of dynamic property dbclass::$RECORD_SET is deprecated in C:\xampp\Desktop\mdcnpal\htdocs\public_html\core\dbclass.php on line 69
[2026-07-06 18:07:47] Creation of dynamic property dbclass::$app is deprecated in C:\xampp\Desktop\mdcnpal\htdocs\public_html\core\dbclass.php on line 75
[2026-07-06 18:07:47] Creation of dynamic property model::$foreign_tables is deprecated in C:\xampp\Desktop\mdcnpal\htdocs\public_html\core\model.php on line 43
[2026-07-06 18:07:47] Creation of dynamic property app::$inputfilter is deprecated in C:\xampp\Desktop\mdcnpal\htdocs\public_html\core\app.php on line 123
[2026-07-06 18:07:47] Creation of dynamic property app::$userconfig is deprecated in C:\xampp\Desktop\mdcnpal\htdocs\public_html\core\app.php on line 124
[2026-07-06 18:07:47] Creation of dynamic property app::$global_include is deprecated in C:\xampp\Desktop\mdcnpal\htdocs\public_html\core\app.php on line 125
[2026-07-06 18:07:47] Creation of dynamic property app::$set_cache_time is deprecated in C:\xampp\Desktop\mdcnpal\htdocs\public_html\core\app.php on line 153
[2026-07-06 18:07:47] Undefined array key 0 in C:\xampp\Desktop\mdcnpal\htdocs\public_html\core\global_include.php on line 514
[2026-07-06 18:07:47] Creation of dynamic property app::$popup is deprecated in C:\xampp\Desktop\mdcnpal\htdocs\public_html\core\app.php on line 434
[2026-07-06 18:07:47] Undefined array key "MDRCCustID" in C:\xampp\Desktop\mdcnpal\htdocs\public_html\core\global_include.php on line 515
[2026-07-06 18:07:47] Undefined array key "MDRCToken" in C:\xampp\Desktop\mdcnpal\htdocs\public_html\core\global_include.php on line 515
[2026-07-06 18:07:47] Creation of dynamic property app::$rscategory is deprecated in C:\xampp\Desktop\mdcnpal\htdocs\public_html\core\app.php on line 434
[2026-07-06 18:07:47] Creation of dynamic property app::$rs_pages is deprecated in C:\xampp\Desktop\mdcnpal\htdocs\public_html\core\app.php on line 434
[2026-07-06 18:07:47] Creation of dynamic property app::$gs is deprecated in C:\xampp\Desktop\mdcnpal\htdocs\public_html\core\app.php on line 434
[2026-07-06 18:07:47] Undefined array key "MDRCCustID" in C:\xampp\Desktop\mdcnpal\htdocs\public_html\core\global_include.php on line 596
[2026-07-06 18:07:47] Undefined array key "MDRCCustID" in C:\xampp\Desktop\mdcnpal\htdocs\public_html\core\global_include.php on line 615
[2026-07-06 18:07:47] Creation of dynamic property app::$meta is deprecated in C:\xampp\Desktop\mdcnpal\htdocs\public_html\core\app.php on line 434
[2026-07-06 18:07:47] Undefined variable $getId in C:\xampp\Desktop\mdcnpal\htdocs\public_html\core\global_include.php on line 684
[2026-07-06 18:07:47] Undefined variable $getName in C:\xampp\Desktop\mdcnpal\htdocs\public_html\core\global_include.php on line 685
[2026-07-06 18:07:47] Creation of dynamic property app::$rs_gs_city is deprecated in C:\xampp\Desktop\mdcnpal\htdocs\public_html\core\app.php on line 434
[2026-07-06 18:07:47] Undefined array key 0 in C:\xampp\Desktop\mdcnpal\htdocs\public_html\core\global_include.php on line 810
[2026-07-06 18:07:47] Creation of dynamic property app::$rs_offer_msg is deprecated in C:\xampp\Desktop\mdcnpal\htdocs\public_html\core\app.php on line 434
[2026-07-06 18:07:47] Creation of dynamic property app::$rs_for_doctors is deprecated in C:\xampp\Desktop\mdcnpal\htdocs\public_html\core\app.php on line 434
[2026-07-06 18:07:47] Creation of dynamic property app::$rs_blog_category is deprecated in C:\xampp\Desktop\mdcnpal\htdocs\public_html\core\app.php on line 434
[2026-07-06 18:07:47] Undefined variable $array_bread in C:\xampp\Desktop\mdcnpal\htdocs\public_html\controllers\controller_blog.php on line 62
[2026-07-06 18:07:47] Creation of dynamic property app::$array_bread is deprecated in C:\xampp\Desktop\mdcnpal\htdocs\public_html\core\app.php on line 434
[2026-07-06 18:07:47] Creation of dynamic property app::$CatId is deprecated in C:\xampp\Desktop\mdcnpal\htdocs\public_html\core\app.php on line 434
[2026-07-06 18:07:47] Creation of dynamic property app::$TagId is deprecated in C:\xampp\Desktop\mdcnpal\htdocs\public_html\core\app.php on line 434
[2026-07-06 18:07:47] Creation of dynamic property app::$rs_data is deprecated in C:\xampp\Desktop\mdcnpal\htdocs\public_html\core\app.php on line 434
[2026-07-06 18:07:47] Undefined array key "tempCityID" in C:\xampp\Desktop\mdcnpal\htdocs\public_html\includes\header.php on line 5
[2026-07-06 18:07:47] Undefined array key "items" in C:\xampp\Desktop\mdcnpal\htdocs\public_html\includes\header.php on line 16
[2026-07-06 18:07:47] Creation of dynamic property app::$rs_footer_popular_item is deprecated in C:\xampp\Desktop\mdcnpal\htdocs\public_html\core\app.php on line 434
[2026-07-06 18:07:47] Undefined array key "item_category" in C:\xampp\Desktop\mdcnpal\htdocs\public_html\includes\header.php on line 26
[2026-07-06 18:07:47] Creation of dynamic property app::$rs_footer_popular_test is deprecated in C:\xampp\Desktop\mdcnpal\htdocs\public_html\core\app.php on line 434
[2026-07-06 18:07:47] Creation of dynamic property app::$rs_testimonial is deprecated in C:\xampp\Desktop\mdcnpal\htdocs\public_html\core\app.php on line 434
[2026-07-06 18:07:47] Undefined array key "item_diseases" in C:\xampp\Desktop\mdcnpal\htdocs\public_html\includes\header.php on line 33
[2026-07-06 18:07:47] Undefined property: app::$rs_cartmini in C:\xampp\Desktop\mdcnpal\htdocs\public_html\includes\header.php on line 131
[2026-07-06 18:07:47] Undefined array key "MDRCCustID" in C:\xampp\Desktop\mdcnpal\htdocs\public_html\includes\header.php on line 134
[2026-07-06 18:07:47] Undefined property: app::$rs_cartmini in C:\xampp\Desktop\mdcnpal\htdocs\public_html\includes\header.php on line 197
[2026-07-06 18:07:47] Undefined array key "MDRCCustID" in C:\xampp\Desktop\mdcnpal\htdocs\public_html\includes\header.php on line 200
[2026-07-06 18:07:47] Undefined property: app::$rs_cartmini in C:\xampp\Desktop\mdcnpal\htdocs\public_html\includes\header.php on line 469
[2026-07-06 18:07:47] Undefined array key "MDRCCustID" in C:\xampp\Desktop\mdcnpal\htdocs\public_html\includes\header.php on line 472
[2026-07-06 18:07:47] Undefined property: app::$rs_cartmini in C:\xampp\Desktop\mdcnpal\htdocs\public_html\includes\header.php on line 525
[2026-07-06 18:07:47] Undefined array key "MDRCCustID" in C:\xampp\Desktop\mdcnpal\htdocs\public_html\includes\header.php on line 528
[2026-07-06 18:07:47] Undefined property: app::$rs_customer in C:\xampp\Desktop\mdcnpal\htdocs\public_html\includes\header.php on line 712
[2026-07-06 18:07:47] Trying to access array offset on value of type null in C:\xampp\Desktop\mdcnpal\htdocs\public_html\includes\header.php on line 712
[2026-07-06 18:07:47] Undefined property: app::$rs_customer in C:\xampp\Desktop\mdcnpal\htdocs\public_html\includes\header.php on line 721
[2026-07-06 18:07:47] Trying to access array offset on value of type null in C:\xampp\Desktop\mdcnpal\htdocs\public_html\includes\header.php on line 721
[2026-07-06 18:07:47] Undefined property: app::$rs_customer in C:\xampp\Desktop\mdcnpal\htdocs\public_html\includes\header.php on line 730
[2026-07-06 18:07:47] Trying to access array offset on value of type null in C:\xampp\Desktop\mdcnpal\htdocs\public_html\includes\header.php on line 730
[2026-07-06 18:07:47] Undefined property: app::$rs_customer in C:\xampp\Desktop\mdcnpal\htdocs\public_html\includes\header.php on line 739
[2026-07-06 18:07:47] Trying to access array offset on value of type null in C:\xampp\Desktop\mdcnpal\htdocs\public_html\includes\header.php on line 739
[06-Jul-2026 18:07:47 Asia/Kathmandu] PHP Fatal error:  Uncaught TypeError: count(): Argument #1 ($value) must be of type Countable|array, int given in C:\xampp\Desktop\mdcnpal\htdocs\public_html\core\app.php(565) : eval()'d code:81
Stack trace:
#0 C:\xampp\Desktop\mdcnpal\htdocs\public_html\core\app.php(565): eval()
#1 C:\xampp\Desktop\mdcnpal\htdocs\public_html\core\app.php(535): app->compile()
#2 C:\xampp\Desktop\mdcnpal\htdocs\public_html\core\app.php(516): app->package()
#3 C:\xampp\Desktop\mdcnpal\htdocs\public_html\index.php(6): app->execute()
#4 {main}
  thrown in C:\xampp\Desktop\mdcnpal\htdocs\public_html\core\app.php(565) : eval()'d code on line 81
[2026-07-06 18:07:47] Creation of dynamic property app::$admin is deprecated in C:\xampp\Desktop\mdcnpal\htdocs\public_html\core\app.php on line 434
[2026-07-06 18:07:47] Undefined array key 0 in C:\xampp\Desktop\mdcnpal\htdocs\public_html\core\global_include.php on line 514
[2026-07-06 18:07:47] Creation of dynamic property app::$popup is deprecated in C:\xampp\Desktop\mdcnpal\htdocs\public_html\core\app.php on line 434
[2026-07-06 18:07:47] Undefined array key "MDRCCustID" in C:\xampp\Desktop\mdcnpal\htdocs\public_html\core\global_include.php on line 515
[2026-07-06 18:07:47] Undefined array key "MDRCToken" in C:\xampp\Desktop\mdcnpal\htdocs\public_html\core\global_include.php on line 515
[2026-07-06 18:07:47] Creation of dynamic property app::$rscategory is deprecated in C:\xampp\Desktop\mdcnpal\htdocs\public_html\core\app.php on line 434
[2026-07-06 18:07:47] Creation of dynamic property app::$rs_pages is deprecated in C:\xampp\Desktop\mdcnpal\htdocs\public_html\core\app.php on line 434
[2026-07-06 18:07:47] Creation of dynamic property app::$gs is deprecated in C:\xampp\Desktop\mdcnpal\htdocs\public_html\core\app.php on line 434
[2026-07-06 18:07:47] Undefined array key "MDRCCustID" in C:\xampp\Desktop\mdcnpal\htdocs\public_html\core\global_include.php on line 596
[2026-07-06 18:07:47] Undefined array key "MDRCCustID" in C:\xampp\Desktop\mdcnpal\htdocs\public_html\core\global_include.php on line 615
[2026-07-06 18:07:47] Undefined variable $getId in C:\xampp\Desktop\mdcnpal\htdocs\public_html\core\global_include.php on line 684
[2026-07-06 18:07:47] Undefined variable $getName in C:\xampp\Desktop\mdcnpal\htdocs\public_html\core\global_include.php on line 685
[2026-07-06 18:07:47] Undefined array key 0 in C:\xampp\Desktop\mdcnpal\htdocs\public_html\core\global_include.php on line 810
[2026-07-06 18:07:47] Creation of dynamic property app::$rs_offer_msg is deprecated in C:\xampp\Desktop\mdcnpal\htdocs\public_html\core\app.php on line 434
[2026-07-06 18:07:47] Creation of dynamic property app::$rs_for_doctors is deprecated in C:\xampp\Desktop\mdcnpal\htdocs\public_html\core\app.php on line 434
[2026-07-06 18:07:48] Creation of dynamic property dbclass::$RECORD_SET is deprecated in C:\xampp\Desktop\mdcnpal\htdocs\public_html\core\dbclass.php on line 69
[2026-07-06 18:07:48] Creation of dynamic property dbclass::$app is deprecated in C:\xampp\Desktop\mdcnpal\htdocs\public_html\core\dbclass.php on line 75
[2026-07-06 18:07:48] Creation of dynamic property model::$foreign_tables is deprecated in C:\xampp\Desktop\mdcnpal\htdocs\public_html\core\model.php on line 43
[2026-07-06 18:07:48] Creation of dynamic property app::$inputfilter is deprecated in C:\xampp\Desktop\mdcnpal\htdocs\public_html\core\app.php on line 123
[2026-07-06 18:07:48] Creation of dynamic property app::$userconfig is deprecated in C:\xampp\Desktop\mdcnpal\htdocs\public_html\core\app.php on line 124
[2026-07-06 18:07:48] Creation of dynamic property app::$global_include is deprecated in C:\xampp\Desktop\mdcnpal\htdocs\public_html\core\app.php on line 125
[2026-07-06 18:07:48] Creation of dynamic property app::$set_cache_time is deprecated in C:\xampp\Desktop\mdcnpal\htdocs\public_html\core\app.php on line 153
[2026-07-06 18:07:48] Creation of dynamic property dbclass::$RECORD_SET is deprecated in C:\xampp\Desktop\mdcnpal\htdocs\public_html\core\dbclass.php on line 69
[2026-07-06 18:07:48] Creation of dynamic property dbclass::$app is deprecated in C:\xampp\Desktop\mdcnpal\htdocs\public_html\core\dbclass.php on line 75
[2026-07-06 18:07:48] Creation of dynamic property model::$foreign_tables is deprecated in C:\xampp\Desktop\mdcnpal\htdocs\public_html\core\model.php on line 43
[2026-07-06 18:07:48] Creation of dynamic property app::$inputfilter is deprecated in C:\xampp\Desktop\mdcnpal\htdocs\public_html\core\app.php on line 123
[2026-07-06 18:07:48] Creation of dynamic property app::$userconfig is deprecated in C:\xampp\Desktop\mdcnpal\htdocs\public_html\core\app.php on line 124
[2026-07-06 18:07:48] Creation of dynamic property app::$global_include is deprecated in C:\xampp\Desktop\mdcnpal\htdocs\public_html\core\app.php on line 125
[2026-07-06 18:07:48] Creation of dynamic property app::$set_cache_time is deprecated in C:\xampp\Desktop\mdcnpal\htdocs\public_html\core\app.php on line 153
[2026-07-06 18:07:48] Creation of dynamic property app::$meta is deprecated in C:\xampp\Desktop\mdcnpal\htdocs\public_html\core\app.php on line 434
[2026-07-06 18:07:48] Creation of dynamic property app::$rs_gs_city is deprecated in C:\xampp\Desktop\mdcnpal\htdocs\public_html\core\app.php on line 434
[2026-07-06 18:07:48] Creation of dynamic property app::$rs_footer_popular_item is deprecated in C:\xampp\Desktop\mdcnpal\htdocs\public_html\core\app.php on line 434
[2026-07-06 18:07:48] Undefined array key "cityID" in C:\xampp\Desktop\mdcnpal\htdocs\public_html\core\global_include.php on line 381
[2026-07-06 18:07:48] Undefined array key "cityID" in C:\xampp\Desktop\mdcnpal\htdocs\public_html\core\global_include.php on line 416
[2026-07-06 18:07:48] Creation of dynamic property app::$meta is deprecated in C:\xampp\Desktop\mdcnpal\htdocs\public_html\core\app.php on line 434
[2026-07-06 18:07:48] Creation of dynamic property app::$rs_gs_city is deprecated in C:\xampp\Desktop\mdcnpal\htdocs\public_html\core\app.php on line 434
[2026-07-06 18:07:48] Undefined array key "cityID" in C:\xampp\Desktop\mdcnpal\htdocs\public_html\core\global_include.php on line 468
[2026-07-06 18:07:48] Creation of dynamic property app::$rs_footer_popular_test is deprecated in C:\xampp\Desktop\mdcnpal\htdocs\public_html\core\app.php on line 434
[2026-07-06 18:07:48] Creation of dynamic property app::$rs_testimonial is deprecated in C:\xampp\Desktop\mdcnpal\htdocs\public_html\core\app.php on line 434
[2026-07-06 18:07:48] Creation of dynamic property app::$admin is deprecated in C:\xampp\Desktop\mdcnpal\htdocs\public_html\core\app.php on line 434
[2026-07-06 18:07:48] Undefined array key 0 in C:\xampp\Desktop\mdcnpal\htdocs\public_html\core\global_include.php on line 514
[2026-07-06 18:07:48] Creation of dynamic property app::$popup is deprecated in C:\xampp\Desktop\mdcnpal\htdocs\public_html\core\app.php on line 434
[2026-07-06 18:07:48] Undefined array key "MDRCCustID" in C:\xampp\Desktop\mdcnpal\htdocs\public_html\core\global_include.php on line 515
[2026-07-06 18:07:48] Undefined array key "MDRCToken" in C:\xampp\Desktop\mdcnpal\htdocs\public_html\core\global_include.php on line 515
[2026-07-06 18:07:48] Creation of dynamic property app::$rscategory is deprecated in C:\xampp\Desktop\mdcnpal\htdocs\public_html\core\app.php on line 434
[2026-07-06 18:07:48] Creation of dynamic property app::$rs_pages is deprecated in C:\xampp\Desktop\mdcnpal\htdocs\public_html\core\app.php on line 434
[2026-07-06 18:07:48] Creation of dynamic property app::$gs is deprecated in C:\xampp\Desktop\mdcnpal\htdocs\public_html\core\app.php on line 434
[2026-07-06 18:07:48] Undefined array key "MDRCCustID" in C:\xampp\Desktop\mdcnpal\htdocs\public_html\core\global_include.php on line 596
[2026-07-06 18:07:48] Undefined array key "MDRCCustID" in C:\xampp\Desktop\mdcnpal\htdocs\public_html\core\global_include.php on line 615
[2026-07-06 18:07:48] Undefined variable $getId in C:\xampp\Desktop\mdcnpal\htdocs\public_html\core\global_include.php on line 684
[2026-07-06 18:07:48] Undefined variable $getName in C:\xampp\Desktop\mdcnpal\htdocs\public_html\core\global_include.php on line 685
[2026-07-06 18:07:48] Undefined array key 0 in C:\xampp\Desktop\mdcnpal\htdocs\public_html\core\global_include.php on line 810
[2026-07-06 18:07:48] Creation of dynamic property app::$rs_offer_msg is deprecated in C:\xampp\Desktop\mdcnpal\htdocs\public_html\core\app.php on line 434
[2026-07-06 18:07:48] Creation of dynamic property app::$rs_for_doctors is deprecated in C:\xampp\Desktop\mdcnpal\htdocs\public_html\core\app.php on line 434
[2026-07-06 18:07:48] Creation of dynamic property app::$description is deprecated in C:\xampp\Desktop\mdcnpal\htdocs\public_html\core\app.php on line 434
[2026-07-06 18:07:48] Creation of dynamic property app::$rs_banner is deprecated in C:\xampp\Desktop\mdcnpal\htdocs\public_html\core\app.php on line 434
[2026-07-06 18:07:48] Creation of dynamic property app::$rs_item_diseases is deprecated in C:\xampp\Desktop\mdcnpal\htdocs\public_html\core\app.php on line 434
[2026-07-06 18:07:48] Creation of dynamic property app::$rs_item_home_category is deprecated in C:\xampp\Desktop\mdcnpal\htdocs\public_html\core\app.php on line 434
[2026-07-06 18:07:48] Creation of dynamic property app::$rs_item_banner_category is deprecated in C:\xampp\Desktop\mdcnpal\htdocs\public_html\core\app.php on line 434
[2026-07-06 18:07:48] Creation of dynamic property app::$rs_services is deprecated in C:\xampp\Desktop\mdcnpal\htdocs\public_html\core\app.php on line 434
[2026-07-06 18:07:48] Creation of dynamic property app::$rs_blog is deprecated in C:\xampp\Desktop\mdcnpal\htdocs\public_html\core\app.php on line 434
[2026-07-06 18:07:48] Creation of dynamic property app::$rs_category is deprecated in C:\xampp\Desktop\mdcnpal\htdocs\public_html\core\app.php on line 434
[2026-07-06 18:07:48] Creation of dynamic property app::$rs_faq_data is deprecated in C:\xampp\Desktop\mdcnpal\htdocs\public_html\core\app.php on line 434
[2026-07-06 18:07:48] Creation of dynamic property app::$rs_gallery_data is deprecated in C:\xampp\Desktop\mdcnpal\htdocs\public_html\core\app.php on line 434
[2026-07-06 18:07:48] Creation of dynamic property app::$rs_footer_popular_item is deprecated in C:\xampp\Desktop\mdcnpal\htdocs\public_html\core\app.php on line 434
[2026-07-06 18:07:48] Undefined property: app::$rs_cartmini in C:\xampp\Desktop\mdcnpal\htdocs\public_html\includes\header.php on line 131
[2026-07-06 18:07:48] Undefined array key "MDRCCustID" in C:\xampp\Desktop\mdcnpal\htdocs\public_html\includes\header.php on line 134
[2026-07-06 18:07:48] Undefined property: app::$rs_cartmini in C:\xampp\Desktop\mdcnpal\htdocs\public_html\includes\header.php on line 197
[2026-07-06 18:07:48] Undefined array key "MDRCCustID" in C:\xampp\Desktop\mdcnpal\htdocs\public_html\includes\header.php on line 200
[2026-07-06 18:07:48] Undefined property: app::$rs_cartmini in C:\xampp\Desktop\mdcnpal\htdocs\public_html\includes\header.php on line 469
[2026-07-06 18:07:48] Undefined array key "MDRCCustID" in C:\xampp\Desktop\mdcnpal\htdocs\public_html\includes\header.php on line 472
[2026-07-06 18:07:48] Undefined property: app::$rs_cartmini in C:\xampp\Desktop\mdcnpal\htdocs\public_html\includes\header.php on line 525
[2026-07-06 18:07:48] Undefined array key "MDRCCustID" in C:\xampp\Desktop\mdcnpal\htdocs\public_html\includes\header.php on line 528
[2026-07-06 18:07:48] Undefined property: app::$rs_customer in C:\xampp\Desktop\mdcnpal\htdocs\public_html\includes\header.php on line 712
[2026-07-06 18:07:48] Trying to access array offset on value of type null in C:\xampp\Desktop\mdcnpal\htdocs\public_html\includes\header.php on line 712
[2026-07-06 18:07:48] Undefined property: app::$rs_customer in C:\xampp\Desktop\mdcnpal\htdocs\public_html\includes\header.php on line 721
[2026-07-06 18:07:48] Trying to access array offset on value of type null in C:\xampp\Desktop\mdcnpal\htdocs\public_html\includes\header.php on line 721
[2026-07-06 18:07:48] Undefined property: app::$rs_customer in C:\xampp\Desktop\mdcnpal\htdocs\public_html\includes\header.php on line 730
[2026-07-06 18:07:48] Trying to access array offset on value of type null in C:\xampp\Desktop\mdcnpal\htdocs\public_html\includes\header.php on line 730
[2026-07-06 18:07:48] Undefined property: app::$rs_customer in C:\xampp\Desktop\mdcnpal\htdocs\public_html\includes\header.php on line 739
[2026-07-06 18:07:48] Trying to access array offset on value of type null in C:\xampp\Desktop\mdcnpal\htdocs\public_html\includes\header.php on line 739
[2026-07-06 18:07:48] Undefined variable $g_search_query in C:\xampp\Desktop\mdcnpal\htdocs\public_html\core\app.php(565) : eval()'d code on line 219
[2026-07-06 18:07:48] Undefined variable $department_cond in C:\xampp\Desktop\mdcnpal\htdocs\public_html\core\app.php(565) : eval()'d code on line 219
[2026-07-06 18:07:48] Undefined variable $type_cond in C:\xampp\Desktop\mdcnpal\htdocs\public_html\core\app.php(565) : eval()'d code on line 219
[2026-07-06 18:07:48] Undefined variable $dieses_cond in C:\xampp\Desktop\mdcnpal\htdocs\public_html\core\app.php(565) : eval()'d code on line 219
[2026-07-06 18:07:48] Undefined variable $popular_pack_cond in C:\xampp\Desktop\mdcnpal\htdocs\public_html\core\app.php(565) : eval()'d code on line 219
[2026-07-06 18:07:48] Creation of dynamic property app::$rs_footer_popular_test is deprecated in C:\xampp\Desktop\mdcnpal\htdocs\public_html\core\app.php on line 434
[2026-07-06 18:07:48] Creation of dynamic property app::$rs_testimonial is deprecated in C:\xampp\Desktop\mdcnpal\htdocs\public_html\core\app.php on line 434
[2026-07-06 18:07:48] Creation of dynamic property app::$admin is deprecated in C:\xampp\Desktop\mdcnpal\htdocs\public_html\core\app.php on line 434
[2026-07-06 18:07:48] Undefined array key 0 in C:\xampp\Desktop\mdcnpal\htdocs\public_html\core\global_include.php on line 514
[2026-07-06 18:07:48] Creation of dynamic property app::$popup is deprecated in C:\xampp\Desktop\mdcnpal\htdocs\public_html\core\app.php on line 434
[2026-07-06 18:07:48] Undefined array key "MDRCCustID" in C:\xampp\Desktop\mdcnpal\htdocs\public_html\core\global_include.php on line 515
[2026-07-06 18:07:48] Undefined array key "MDRCToken" in C:\xampp\Desktop\mdcnpal\htdocs\public_html\core\global_include.php on line 515
[2026-07-06 18:07:48] Creation of dynamic property app::$rscategory is deprecated in C:\xampp\Desktop\mdcnpal\htdocs\public_html\core\app.php on line 434
[2026-07-06 18:07:48] Creation of dynamic property app::$rs_pages is deprecated in C:\xampp\Desktop\mdcnpal\htdocs\public_html\core\app.php on line 434
[2026-07-06 18:07:48] Creation of dynamic property app::$gs is deprecated in C:\xampp\Desktop\mdcnpal\htdocs\public_html\core\app.php on line 434
[2026-07-06 18:07:48] Undefined array key "MDRCCustID" in C:\xampp\Desktop\mdcnpal\htdocs\public_html\core\global_include.php on line 596
[2026-07-06 18:07:48] Undefined array key "MDRCCustID" in C:\xampp\Desktop\mdcnpal\htdocs\public_html\core\global_include.php on line 615
[2026-07-06 18:07:48] Undefined variable $getId in C:\xampp\Desktop\mdcnpal\htdocs\public_html\core\global_include.php on line 684
[2026-07-06 18:07:48] Undefined variable $getName in C:\xampp\Desktop\mdcnpal\htdocs\public_html\core\global_include.php on line 685
[2026-07-06 18:07:48] Undefined array key 0 in C:\xampp\Desktop\mdcnpal\htdocs\public_html\core\global_include.php on line 810
[2026-07-06 18:07:48] Creation of dynamic property app::$rs_offer_msg is deprecated in C:\xampp\Desktop\mdcnpal\htdocs\public_html\core\app.php on line 434
[2026-07-06 18:07:49] Creation of dynamic property app::$rs_for_doctors is deprecated in C:\xampp\Desktop\mdcnpal\htdocs\public_html\core\app.php on line 434
[2026-07-06 18:07:49] Creation of dynamic property app::$rs_blog_category is deprecated in C:\xampp\Desktop\mdcnpal\htdocs\public_html\core\app.php on line 434
[2026-07-06 18:07:49] Undefined variable $array_bread in C:\xampp\Desktop\mdcnpal\htdocs\public_html\controllers\controller_blog.php on line 62
[2026-07-06 18:07:49] Creation of dynamic property app::$array_bread is deprecated in C:\xampp\Desktop\mdcnpal\htdocs\public_html\core\app.php on line 434
[2026-07-06 18:07:49] Creation of dynamic property app::$CatId is deprecated in C:\xampp\Desktop\mdcnpal\htdocs\public_html\core\app.php on line 434
[2026-07-06 18:07:49] Creation of dynamic property app::$TagId is deprecated in C:\xampp\Desktop\mdcnpal\htdocs\public_html\core\app.php on line 434
[2026-07-06 18:07:49] Creation of dynamic property app::$rs_data is deprecated in C:\xampp\Desktop\mdcnpal\htdocs\public_html\core\app.php on line 434
[2026-07-06 18:07:49] Undefined array key "tempCityID" in C:\xampp\Desktop\mdcnpal\htdocs\public_html\includes\header.php on line 5
[2026-07-06 18:07:49] Undefined array key "items" in C:\xampp\Desktop\mdcnpal\htdocs\public_html\includes\header.php on line 16
[2026-07-06 18:07:49] Undefined variable $g_search_query in C:\xampp\Desktop\mdcnpal\htdocs\public_html\core\app.php(565) : eval()'d code on line 219
[2026-07-06 18:07:49] Undefined variable $department_cond in C:\xampp\Desktop\mdcnpal\htdocs\public_html\core\app.php(565) : eval()'d code on line 219
[2026-07-06 18:07:49] Undefined variable $type_cond in C:\xampp\Desktop\mdcnpal\htdocs\public_html\core\app.php(565) : eval()'d code on line 219
[2026-07-06 18:07:49] Undefined variable $dieses_cond in C:\xampp\Desktop\mdcnpal\htdocs\public_html\core\app.php(565) : eval()'d code on line 219
[2026-07-06 18:07:49] Undefined variable $popular_pack_cond in C:\xampp\Desktop\mdcnpal\htdocs\public_html\core\app.php(565) : eval()'d code on line 219
[2026-07-06 18:07:49] Undefined array key "item_category" in C:\xampp\Desktop\mdcnpal\htdocs\public_html\includes\header.php on line 26
[2026-07-06 18:07:49] Undefined variable $g_search_query in C:\xampp\Desktop\mdcnpal\htdocs\public_html\core\app.php(565) : eval()'d code on line 219
[2026-07-06 18:07:49] Undefined variable $department_cond in C:\xampp\Desktop\mdcnpal\htdocs\public_html\core\app.php(565) : eval()'d code on line 219
[2026-07-06 18:07:49] Undefined variable $type_cond in C:\xampp\Desktop\mdcnpal\htdocs\public_html\core\app.php(565) : eval()'d code on line 219
[2026-07-06 18:07:49] Undefined variable $dieses_cond in C:\xampp\Desktop\mdcnpal\htdocs\public_html\core\app.php(565) : eval()'d code on line 219
[2026-07-06 18:07:49] Undefined variable $popular_pack_cond in C:\xampp\Desktop\mdcnpal\htdocs\public_html\core\app.php(565) : eval()'d code on line 219
[2026-07-06 18:07:49] Undefined array key "item_diseases" in C:\xampp\Desktop\mdcnpal\htdocs\public_html\includes\header.php on line 33
[2026-07-06 18:07:49] Undefined property: app::$rs_cartmini in C:\xampp\Desktop\mdcnpal\htdocs\public_html\includes\header.php on line 131
[2026-07-06 18:07:49] Undefined array key "MDRCCustID" in C:\xampp\Desktop\mdcnpal\htdocs\public_html\includes\header.php on line 134
[2026-07-06 18:07:49] Undefined property: app::$rs_cartmini in C:\xampp\Desktop\mdcnpal\htdocs\public_html\includes\header.php on line 197
[2026-07-06 18:07:49] Undefined array key "MDRCCustID" in C:\xampp\Desktop\mdcnpal\htdocs\public_html\includes\header.php on line 200
[2026-07-06 18:07:49] Undefined property: app::$rs_cartmini in C:\xampp\Desktop\mdcnpal\htdocs\public_html\includes\header.php on line 469
[2026-07-06 18:07:49] Undefined array key "MDRCCustID" in C:\xampp\Desktop\mdcnpal\htdocs\public_html\includes\header.php on line 472
[2026-07-06 18:07:49] Undefined property: app::$rs_cartmini in C:\xampp\Desktop\mdcnpal\htdocs\public_html\includes\header.php on line 525
[2026-07-06 18:07:49] Undefined array key "MDRCCustID" in C:\xampp\Desktop\mdcnpal\htdocs\public_html\includes\header.php on line 528
[2026-07-06 18:07:49] Undefined property: app::$rs_customer in C:\xampp\Desktop\mdcnpal\htdocs\public_html\includes\header.php on line 712
[2026-07-06 18:07:49] Trying to access array offset on value of type null in C:\xampp\Desktop\mdcnpal\htdocs\public_html\includes\header.php on line 712
[2026-07-06 18:07:49] Undefined property: app::$rs_customer in C:\xampp\Desktop\mdcnpal\htdocs\public_html\includes\header.php on line 721
[2026-07-06 18:07:49] Trying to access array offset on value of type null in C:\xampp\Desktop\mdcnpal\htdocs\public_html\includes\header.php on line 721
[2026-07-06 18:07:49] Undefined property: app::$rs_customer in C:\xampp\Desktop\mdcnpal\htdocs\public_html\includes\header.php on line 730
[2026-07-06 18:07:49] Trying to access array offset on value of type null in C:\xampp\Desktop\mdcnpal\htdocs\public_html\includes\header.php on line 730
[2026-07-06 18:07:49] Undefined property: app::$rs_customer in C:\xampp\Desktop\mdcnpal\htdocs\public_html\includes\header.php on line 739
[2026-07-06 18:07:49] Trying to access array offset on value of type null in C:\xampp\Desktop\mdcnpal\htdocs\public_html\includes\header.php on line 739
[06-Jul-2026 18:07:49 Asia/Kathmandu] PHP Fatal error:  Uncaught TypeError: count(): Argument #1 ($value) must be of type Countable|array, int given in C:\xampp\Desktop\mdcnpal\htdocs\public_html\core\app.php(565) : eval()'d code:81
Stack trace:
#0 C:\xampp\Desktop\mdcnpal\htdocs\public_html\core\app.php(565): eval()
#1 C:\xampp\Desktop\mdcnpal\htdocs\public_html\core\app.php(535): app->compile()
#2 C:\xampp\Desktop\mdcnpal\htdocs\public_html\core\app.php(516): app->package()
#3 C:\xampp\Desktop\mdcnpal\htdocs\public_html\index.php(6): app->execute()
#4 {main}
  thrown in C:\xampp\Desktop\mdcnpal\htdocs\public_html\core\app.php(565) : eval()'d code on line 81
[2026-07-06 18:07:49] Undefined variable $g_search_query in C:\xampp\Desktop\mdcnpal\htdocs\public_html\core\app.php(565) : eval()'d code on line 219
[2026-07-06 18:07:49] Undefined variable $department_cond in C:\xampp\Desktop\mdcnpal\htdocs\public_html\core\app.php(565) : eval()'d code on line 219
[2026-07-06 18:07:49] Undefined variable $type_cond in C:\xampp\Desktop\mdcnpal\htdocs\public_html\core\app.php(565) : eval()'d code on line 219
[2026-07-06 18:07:49] Undefined variable $dieses_cond in C:\xampp\Desktop\mdcnpal\htdocs\public_html\core\app.php(565) : eval()'d code on line 219
[2026-07-06 18:07:49] Undefined variable $popular_pack_cond in C:\xampp\Desktop\mdcnpal\htdocs\public_html\core\app.php(565) : eval()'d code on line 219
[2026-07-06 18:07:49] Undefined variable $g_search_query in C:\xampp\Desktop\mdcnpal\htdocs\public_html\core\app.php(565) : eval()'d code on line 219
[2026-07-06 18:07:49] Undefined variable $department_cond in C:\xampp\Desktop\mdcnpal\htdocs\public_html\core\app.php(565) : eval()'d code on line 219
[2026-07-06 18:07:49] Undefined variable $type_cond in C:\xampp\Desktop\mdcnpal\htdocs\public_html\core\app.php(565) : eval()'d code on line 219
[2026-07-06 18:07:49] Undefined variable $dieses_cond in C:\xampp\Desktop\mdcnpal\htdocs\public_html\core\app.php(565) : eval()'d code on line 219
[2026-07-06 18:07:49] Undefined variable $popular_pack_cond in C:\xampp\Desktop\mdcnpal\htdocs\public_html\core\app.php(565) : eval()'d code on line 219
[2026-07-06 18:07:49] Creation of dynamic property dbclass::$RECORD_SET is deprecated in C:\xampp\Desktop\mdcnpal\htdocs\public_html\core\dbclass.php on line 69
[2026-07-06 18:07:49] Creation of dynamic property dbclass::$app is deprecated in C:\xampp\Desktop\mdcnpal\htdocs\public_html\core\dbclass.php on line 75
[2026-07-06 18:07:49] Creation of dynamic property model::$foreign_tables is deprecated in C:\xampp\Desktop\mdcnpal\htdocs\public_html\core\model.php on line 43
[2026-07-06 18:07:49] Creation of dynamic property app::$inputfilter is deprecated in C:\xampp\Desktop\mdcnpal\htdocs\public_html\core\app.php on line 123
[2026-07-06 18:07:49] Creation of dynamic property app::$userconfig is deprecated in C:\xampp\Desktop\mdcnpal\htdocs\public_html\core\app.php on line 124
[2026-07-06 18:07:49] Creation of dynamic property app::$global_include is deprecated in C:\xampp\Desktop\mdcnpal\htdocs\public_html\core\app.php on line 125
[2026-07-06 18:07:49] Creation of dynamic property app::$set_cache_time is deprecated in C:\xampp\Desktop\mdcnpal\htdocs\public_html\core\app.php on line 153
[2026-07-06 18:07:49] Undefined array key "cityID" in C:\xampp\Desktop\mdcnpal\htdocs\public_html\core\global_include.php on line 381
[2026-07-06 18:07:49] Undefined array key "cityID" in C:\xampp\Desktop\mdcnpal\htdocs\public_html\core\global_include.php on line 416
[2026-07-06 18:07:49] Creation of dynamic property app::$meta is deprecated in C:\xampp\Desktop\mdcnpal\htdocs\public_html\core\app.php on line 434
[2026-07-06 18:07:49] Creation of dynamic property app::$rs_gs_city is deprecated in C:\xampp\Desktop\mdcnpal\htdocs\public_html\core\app.php on line 434
[2026-07-06 18:07:49] Undefined array key "cityID" in C:\xampp\Desktop\mdcnpal\htdocs\public_html\core\global_include.php on line 468
[2026-07-06 18:07:49] Creation of dynamic property app::$rs_footer_popular_item is deprecated in C:\xampp\Desktop\mdcnpal\htdocs\public_html\core\app.php on line 434
[2026-07-06 18:07:49] Creation of dynamic property app::$rs_footer_popular_test is deprecated in C:\xampp\Desktop\mdcnpal\htdocs\public_html\core\app.php on line 434
[2026-07-06 18:07:49] Creation of dynamic property app::$rs_testimonial is deprecated in C:\xampp\Desktop\mdcnpal\htdocs\public_html\core\app.php on line 434
[2026-07-06 18:07:49] Creation of dynamic property app::$admin is deprecated in C:\xampp\Desktop\mdcnpal\htdocs\public_html\core\app.php on line 434
[2026-07-06 18:07:49] Undefined array key 0 in C:\xampp\Desktop\mdcnpal\htdocs\public_html\core\global_include.php on line 514
[2026-07-06 18:07:49] Creation of dynamic property app::$popup is deprecated in C:\xampp\Desktop\mdcnpal\htdocs\public_html\core\app.php on line 434
[2026-07-06 18:07:49] Undefined property: app::$rs_customer in C:\xampp\Desktop\mdcnpal\htdocs\public_html\includes\footer.php on line 357
[2026-07-06 18:07:49] Undefined array key "MDRCToken" in C:\xampp\Desktop\mdcnpal\htdocs\public_html\core\global_include.php on line 515
[2026-07-06 18:07:49] Creation of dynamic property app::$rscategory is deprecated in C:\xampp\Desktop\mdcnpal\htdocs\public_html\core\app.php on line 434
[2026-07-06 18:07:49] Creation of dynamic property app::$rs_pages is deprecated in C:\xampp\Desktop\mdcnpal\htdocs\public_html\core\app.php on line 434
[2026-07-06 18:07:49] Creation of dynamic property app::$gs is deprecated in C:\xampp\Desktop\mdcnpal\htdocs\public_html\core\app.php on line 434
[2026-07-06 18:07:49] Undefined array key "MDRCCustID" in C:\xampp\Desktop\mdcnpal\htdocs\public_html\core\global_include.php on line 596
[2026-07-06 18:07:49] Undefined array key "MDRCCustID" in C:\xampp\Desktop\mdcnpal\htdocs\public_html\core\global_include.php on line 615
[2026-07-06 18:07:49] Undefined variable $getId in C:\xampp\Desktop\mdcnpal\htdocs\public_html\core\global_include.php on line 684
[2026-07-06 18:07:49] Undefined variable $getName in C:\xampp\Desktop\mdcnpal\htdocs\public_html\core\global_include.php on line 685
[2026-07-06 18:07:49] Undefined array key 0 in C:\xampp\Desktop\mdcnpal\htdocs\public_html\core\global_include.php on line 810
[2026-07-06 18:07:49] Creation of dynamic property app::$rs_offer_msg is deprecated in C:\xampp\Desktop\mdcnpal\htdocs\public_html\core\app.php on line 434
[2026-07-06 18:07:49] Creation of dynamic property app::$rs_for_doctors is deprecated in C:\xampp\Desktop\mdcnpal\htdocs\public_html\core\app.php on line 434
[2026-07-06 18:07:49] Trying to access array offset on value of type null in C:\xampp\Desktop\mdcnpal\htdocs\public_html\includes\footer.php on line 357
[2026-07-06 18:07:49] Undefined property: app::$rs_customer in C:\xampp\Desktop\mdcnpal\htdocs\public_html\includes\footer.php on line 366
[2026-07-06 18:07:49] Trying to access array offset on value of type null in C:\xampp\Desktop\mdcnpal\htdocs\public_html\includes\footer.php on line 366
[2026-07-06 18:07:49] Undefined property: app::$rs_customer in C:\xampp\Desktop\mdcnpal\htdocs\public_html\includes\footer.php on line 372
[2026-07-06 18:07:49] Trying to access array offset on value of type null in C:\xampp\Desktop\mdcnpal\htdocs\public_html\includes\footer.php on line 372
[2026-07-06 18:07:49] Undefined property: app::$rs_customer in C:\xampp\Desktop\mdcnpal\htdocs\public_html\includes\general_data.php on line 88
[2026-07-06 18:07:49] Trying to access array offset on value of type null in C:\xampp\Desktop\mdcnpal\htdocs\public_html\includes\general_data.php on line 88
[2026-07-06 18:07:49] Undefined array key "MDRCCustID" in C:\xampp\Desktop\mdcnpal\htdocs\public_html\includes\general_data.php on line 88
[2026-07-06 18:07:49] Creation of dynamic property app::$rs_types is deprecated in C:\xampp\Desktop\mdcnpal\htdocs\public_html\core\app.php on line 434
[2026-07-06 18:07:49] Undefined variable $tmpStr in C:\xampp\Desktop\mdcnpal\htdocs\public_html\core\app.php on line 971
[2026-07-06 18:07:50] Creation of dynamic property app::$rs_gallery_data is deprecated in C:\xampp\Desktop\mdcnpal\htdocs\public_html\core\app.php on line 434
[2026-07-06 18:07:50] Undefined array key "tempCityID" in C:\xampp\Desktop\mdcnpal\htdocs\public_html\includes\header.php on line 5
[2026-07-06 18:07:50] Undefined array key "items" in C:\xampp\Desktop\mdcnpal\htdocs\public_html\includes\header.php on line 16
[2026-07-06 18:07:50] Undefined array key "item_category" in C:\xampp\Desktop\mdcnpal\htdocs\public_html\includes\header.php on line 26
[2026-07-06 18:07:50] Undefined array key "item_diseases" in C:\xampp\Desktop\mdcnpal\htdocs\public_html\includes\header.php on line 33
[2026-07-06 18:07:50] Undefined property: app::$rs_cartmini in C:\xampp\Desktop\mdcnpal\htdocs\public_html\includes\header.php on line 131
[2026-07-06 18:07:50] Undefined array key "MDRCCustID" in C:\xampp\Desktop\mdcnpal\htdocs\public_html\includes\header.php on line 134
[2026-07-06 18:07:50] Undefined property: app::$rs_cartmini in C:\xampp\Desktop\mdcnpal\htdocs\public_html\includes\header.php on line 197
[2026-07-06 18:07:50] Undefined array key "MDRCCustID" in C:\xampp\Desktop\mdcnpal\htdocs\public_html\includes\header.php on line 200
[2026-07-06 18:07:50] Undefined property: app::$rs_cartmini in C:\xampp\Desktop\mdcnpal\htdocs\public_html\includes\header.php on line 469
[2026-07-06 18:07:50] Undefined array key "MDRCCustID" in C:\xampp\Desktop\mdcnpal\htdocs\public_html\includes\header.php on line 472
[2026-07-06 18:07:50] Undefined property: app::$rs_cartmini in C:\xampp\Desktop\mdcnpal\htdocs\public_html\includes\header.php on line 525
[2026-07-06 18:07:50] Undefined array key "MDRCCustID" in C:\xampp\Desktop\mdcnpal\htdocs\public_html\includes\header.php on line 528
[2026-07-06 18:07:50] Undefined property: app::$rs_customer in C:\xampp\Desktop\mdcnpal\htdocs\public_html\includes\header.php on line 712
[2026-07-06 18:07:50] Trying to access array offset on value of type null in C:\xampp\Desktop\mdcnpal\htdocs\public_html\includes\header.php on line 712
[2026-07-06 18:07:50] Undefined property: app::$rs_customer in C:\xampp\Desktop\mdcnpal\htdocs\public_html\includes\header.php on line 721
[2026-07-06 18:07:50] Trying to access array offset on value of type null in C:\xampp\Desktop\mdcnpal\htdocs\public_html\includes\header.php on line 721
[2026-07-06 18:07:50] Undefined property: app::$rs_customer in C:\xampp\Desktop\mdcnpal\htdocs\public_html\includes\header.php on line 730
[2026-07-06 18:07:50] Trying to access array offset on value of type null in C:\xampp\Desktop\mdcnpal\htdocs\public_html\includes\header.php on line 730
[2026-07-06 18:07:50] Undefined property: app::$rs_customer in C:\xampp\Desktop\mdcnpal\htdocs\public_html\includes\header.php on line 739
[2026-07-06 18:07:50] Trying to access array offset on value of type null in C:\xampp\Desktop\mdcnpal\htdocs\public_html\includes\header.php on line 739
[2026-07-06 18:07:50] Undefined property: app::$rs_customer in C:\xampp\Desktop\mdcnpal\htdocs\public_html\includes\footer.php on line 357
[2026-07-06 18:07:50] Trying to access array offset on value of type null in C:\xampp\Desktop\mdcnpal\htdocs\public_html\includes\footer.php on line 357
[2026-07-06 18:07:50] Undefined property: app::$rs_customer in C:\xampp\Desktop\mdcnpal\htdocs\public_html\includes\footer.php on line 366
[2026-07-06 18:07:50] Trying to access array offset on value of type null in C:\xampp\Desktop\mdcnpal\htdocs\public_html\includes\footer.php on line 366
[2026-07-06 18:07:50] Undefined property: app::$rs_customer in C:\xampp\Desktop\mdcnpal\htdocs\public_html\includes\footer.php on line 372
[2026-07-06 18:07:50] Trying to access array offset on value of type null in C:\xampp\Desktop\mdcnpal\htdocs\public_html\includes\footer.php on line 372
[2026-07-06 18:07:50] Undefined property: app::$rs_customer in C:\xampp\Desktop\mdcnpal\htdocs\public_html\includes\general_data.php on line 88
[2026-07-06 18:07:50] Trying to access array offset on value of type null in C:\xampp\Desktop\mdcnpal\htdocs\public_html\includes\general_data.php on line 88
[2026-07-06 18:07:50] Undefined array key "MDRCCustID" in C:\xampp\Desktop\mdcnpal\htdocs\public_html\includes\general_data.php on line 88
[2026-07-06 18:07:50] Undefined variable $tmpStr in C:\xampp\Desktop\mdcnpal\htdocs\public_html\core\app.php on line 971
[2026-07-06 18:07:52] Creation of dynamic property dbclass::$RECORD_SET is deprecated in C:\xampp\Desktop\mdcnpal\htdocs\public_html\core\dbclass.php on line 69
[2026-07-06 18:07:52] Creation of dynamic property dbclass::$app is deprecated in C:\xampp\Desktop\mdcnpal\htdocs\public_html\core\dbclass.php on line 75
[2026-07-06 18:07:52] Creation of dynamic property model::$foreign_tables is deprecated in C:\xampp\Desktop\mdcnpal\htdocs\public_html\core\model.php on line 43
[2026-07-06 18:07:53] Creation of dynamic property app::$inputfilter is deprecated in C:\xampp\Desktop\mdcnpal\htdocs\public_html\core\app.php on line 123
[2026-07-06 18:07:53] Creation of dynamic property app::$userconfig is deprecated in C:\xampp\Desktop\mdcnpal\htdocs\public_html\core\app.php on line 124
[2026-07-06 18:07:53] Creation of dynamic property app::$global_include is deprecated in C:\xampp\Desktop\mdcnpal\htdocs\public_html\core\app.php on line 125
[2026-07-06 18:07:53] Creation of dynamic property app::$set_cache_time is deprecated in C:\xampp\Desktop\mdcnpal\htdocs\public_html\core\app.php on line 153
[2026-07-06 18:07:53] Creation of dynamic property app::$meta is deprecated in C:\xampp\Desktop\mdcnpal\htdocs\public_html\core\app.php on line 434
[2026-07-06 18:07:53] Creation of dynamic property app::$rs_gs_city is deprecated in C:\xampp\Desktop\mdcnpal\htdocs\public_html\core\app.php on line 434
[2026-07-06 18:07:53] Creation of dynamic property app::$rs_footer_popular_item is deprecated in C:\xampp\Desktop\mdcnpal\htdocs\public_html\core\app.php on line 434
[2026-07-06 18:07:53] Creation of dynamic property app::$rs_footer_popular_test is deprecated in C:\xampp\Desktop\mdcnpal\htdocs\public_html\core\app.php on line 434
[2026-07-06 18:07:53] Creation of dynamic property app::$rs_testimonial is deprecated in C:\xampp\Desktop\mdcnpal\htdocs\public_html\core\app.php on line 434
[2026-07-06 18:07:53] Creation of dynamic property app::$admin is deprecated in C:\xampp\Desktop\mdcnpal\htdocs\public_html\core\app.php on line 434
[2026-07-06 18:07:53] Undefined array key 0 in C:\xampp\Desktop\mdcnpal\htdocs\public_html\core\global_include.php on line 514
[2026-07-06 18:07:53] Creation of dynamic property app::$popup is deprecated in C:\xampp\Desktop\mdcnpal\htdocs\public_html\core\app.php on line 434
[2026-07-06 18:07:53] Undefined array key "MDRCCustID" in C:\xampp\Desktop\mdcnpal\htdocs\public_html\core\global_include.php on line 515
[2026-07-06 18:07:53] Undefined array key "MDRCToken" in C:\xampp\Desktop\mdcnpal\htdocs\public_html\core\global_include.php on line 515
[2026-07-06 18:07:53] Creation of dynamic property app::$rscategory is deprecated in C:\xampp\Desktop\mdcnpal\htdocs\public_html\core\app.php on line 434
[2026-07-06 18:07:53] Creation of dynamic property app::$rs_pages is deprecated in C:\xampp\Desktop\mdcnpal\htdocs\public_html\core\app.php on line 434
[2026-07-06 18:07:53] Creation of dynamic property app::$gs is deprecated in C:\xampp\Desktop\mdcnpal\htdocs\public_html\core\app.php on line 434
[2026-07-06 18:07:53] Undefined array key "MDRCCustID" in C:\xampp\Desktop\mdcnpal\htdocs\public_html\core\global_include.php on line 596
[2026-07-06 18:07:53] Undefined array key "MDRCCustID" in C:\xampp\Desktop\mdcnpal\htdocs\public_html\core\global_include.php on line 615
[2026-07-06 18:07:53] Undefined variable $getId in C:\xampp\Desktop\mdcnpal\htdocs\public_html\core\global_include.php on line 684
[2026-07-06 18:07:53] Undefined variable $getName in C:\xampp\Desktop\mdcnpal\htdocs\public_html\core\global_include.php on line 685
[2026-07-06 18:07:53] Undefined array key 0 in C:\xampp\Desktop\mdcnpal\htdocs\public_html\core\global_include.php on line 810
[2026-07-06 18:07:53] Creation of dynamic property app::$rs_offer_msg is deprecated in C:\xampp\Desktop\mdcnpal\htdocs\public_html\core\app.php on line 434
[2026-07-06 18:07:53] Creation of dynamic property app::$rs_for_doctors is deprecated in C:\xampp\Desktop\mdcnpal\htdocs\public_html\core\app.php on line 434
[2026-07-06 18:07:53] Creation of dynamic property app::$description is deprecated in C:\xampp\Desktop\mdcnpal\htdocs\public_html\core\app.php on line 434
[2026-07-06 18:07:53] Creation of dynamic property app::$rs_banner is deprecated in C:\xampp\Desktop\mdcnpal\htdocs\public_html\core\app.php on line 434
[2026-07-06 18:07:53] Creation of dynamic property app::$rs_item_diseases is deprecated in C:\xampp\Desktop\mdcnpal\htdocs\public_html\core\app.php on line 434
[2026-07-06 18:07:53] Creation of dynamic property app::$rs_item_home_category is deprecated in C:\xampp\Desktop\mdcnpal\htdocs\public_html\core\app.php on line 434
[2026-07-06 18:07:53] Creation of dynamic property app::$rs_item_banner_category is deprecated in C:\xampp\Desktop\mdcnpal\htdocs\public_html\core\app.php on line 434
[2026-07-06 18:07:53] Creation of dynamic property app::$rs_services is deprecated in C:\xampp\Desktop\mdcnpal\htdocs\public_html\core\app.php on line 434
[2026-07-06 18:07:53] Creation of dynamic property app::$rs_blog is deprecated in C:\xampp\Desktop\mdcnpal\htdocs\public_html\core\app.php on line 434
[2026-07-06 18:07:53] Creation of dynamic property app::$rs_category is deprecated in C:\xampp\Desktop\mdcnpal\htdocs\public_html\core\app.php on line 434
[2026-07-06 18:07:53] Creation of dynamic property app::$rs_faq_data is deprecated in C:\xampp\Desktop\mdcnpal\htdocs\public_html\core\app.php on line 434
[2026-07-06 18:07:53] Creation of dynamic property app::$rs_gallery_data is deprecated in C:\xampp\Desktop\mdcnpal\htdocs\public_html\core\app.php on line 434
[2026-07-06 18:07:53] Undefined property: app::$rs_cartmini in C:\xampp\Desktop\mdcnpal\htdocs\public_html\includes\header.php on line 131
[2026-07-06 18:07:53] Undefined array key "MDRCCustID" in C:\xampp\Desktop\mdcnpal\htdocs\public_html\includes\header.php on line 134
[2026-07-06 18:07:53] Undefined property: app::$rs_cartmini in C:\xampp\Desktop\mdcnpal\htdocs\public_html\includes\header.php on line 197
[2026-07-06 18:07:53] Undefined array key "MDRCCustID" in C:\xampp\Desktop\mdcnpal\htdocs\public_html\includes\header.php on line 200
[2026-07-06 18:07:53] Undefined property: app::$rs_cartmini in C:\xampp\Desktop\mdcnpal\htdocs\public_html\includes\header.php on line 469
[2026-07-06 18:07:53] Undefined array key "MDRCCustID" in C:\xampp\Desktop\mdcnpal\htdocs\public_html\includes\header.php on line 472
[2026-07-06 18:07:53] Undefined property: app::$rs_cartmini in C:\xampp\Desktop\mdcnpal\htdocs\public_html\includes\header.php on line 525
[2026-07-06 18:07:53] Undefined array key "MDRCCustID" in C:\xampp\Desktop\mdcnpal\htdocs\public_html\includes\header.php on line 528
[2026-07-06 18:07:53] Undefined property: app::$rs_customer in C:\xampp\Desktop\mdcnpal\htdocs\public_html\includes\header.php on line 712
[2026-07-06 18:07:53] Trying to access array offset on value of type null in C:\xampp\Desktop\mdcnpal\htdocs\public_html\includes\header.php on line 712
[2026-07-06 18:07:53] Undefined property: app::$rs_customer in C:\xampp\Desktop\mdcnpal\htdocs\public_html\includes\header.php on line 721
[2026-07-06 18:07:53] Trying to access array offset on value of type null in C:\xampp\Desktop\mdcnpal\htdocs\public_html\includes\header.php on line 721
[2026-07-06 18:07:53] Undefined property: app::$rs_customer in C:\xampp\Desktop\mdcnpal\htdocs\public_html\includes\header.php on line 730
[2026-07-06 18:07:53] Trying to access array offset on value of type null in C:\xampp\Desktop\mdcnpal\htdocs\public_html\includes\header.php on line 730
[2026-07-06 18:07:53] Undefined property: app::$rs_customer in C:\xampp\Desktop\mdcnpal\htdocs\public_html\includes\header.php on line 739
[2026-07-06 18:07:53] Trying to access array offset on value of type null in C:\xampp\Desktop\mdcnpal\htdocs\public_html\includes\header.php on line 739
[2026-07-06 18:07:53] Undefined variable $g_search_query in C:\xampp\Desktop\mdcnpal\htdocs\public_html\core\app.php(565) : eval()'d code on line 219
[2026-07-06 18:07:53] Undefined variable $department_cond in C:\xampp\Desktop\mdcnpal\htdocs\public_html\core\app.php(565) : eval()'d code on line 219
[2026-07-06 18:07:53] Undefined variable $type_cond in C:\xampp\Desktop\mdcnpal\htdocs\public_html\core\app.php(565) : eval()'d code on line 219
[2026-07-06 18:07:53] Undefined variable $dieses_cond in C:\xampp\Desktop\mdcnpal\htdocs\public_html\core\app.php(565) : eval()'d code on line 219
[2026-07-06 18:07:53] Undefined variable $popular_pack_cond in C:\xampp\Desktop\mdcnpal\htdocs\public_html\core\app.php(565) : eval()'d code on line 219
[2026-07-06 18:07:53] Undefined variable $g_search_query in C:\xampp\Desktop\mdcnpal\htdocs\public_html\core\app.php(565) : eval()'d code on line 219
[2026-07-06 18:07:53] Undefined variable $department_cond in C:\xampp\Desktop\mdcnpal\htdocs\public_html\core\app.php(565) : eval()'d code on line 219
[2026-07-06 18:07:53] Undefined variable $type_cond in C:\xampp\Desktop\mdcnpal\htdocs\public_html\core\app.php(565) : eval()'d code on line 219
[2026-07-06 18:07:53] Undefined variable $dieses_cond in C:\xampp\Desktop\mdcnpal\htdocs\public_html\core\app.php(565) : eval()'d code on line 219
[2026-07-06 18:07:53] Undefined variable $popular_pack_cond in C:\xampp\Desktop\mdcnpal\htdocs\public_html\core\app.php(565) : eval()'d code on line 219
[2026-07-06 18:07:53] Undefined variable $g_search_query in C:\xampp\Desktop\mdcnpal\htdocs\public_html\core\app.php(565) : eval()'d code on line 219
[2026-07-06 18:07:53] Undefined variable $department_cond in C:\xampp\Desktop\mdcnpal\htdocs\public_html\core\app.php(565) : eval()'d code on line 219
[2026-07-06 18:07:53] Undefined variable $type_cond in C:\xampp\Desktop\mdcnpal\htdocs\public_html\core\app.php(565) : eval()'d code on line 219
[2026-07-06 18:07:53] Undefined variable $dieses_cond in C:\xampp\Desktop\mdcnpal\htdocs\public_html\core\app.php(565) : eval()'d code on line 219
[2026-07-06 18:07:53] Undefined variable $popular_pack_cond in C:\xampp\Desktop\mdcnpal\htdocs\public_html\core\app.php(565) : eval()'d code on line 219
[2026-07-06 18:07:53] Undefined variable $g_search_query in C:\xampp\Desktop\mdcnpal\htdocs\public_html\core\app.php(565) : eval()'d code on line 219
[2026-07-06 18:07:53] Undefined variable $department_cond in C:\xampp\Desktop\mdcnpal\htdocs\public_html\core\app.php(565) : eval()'d code on line 219
[2026-07-06 18:07:53] Undefined variable $type_cond in C:\xampp\Desktop\mdcnpal\htdocs\public_html\core\app.php(565) : eval()'d code on line 219
[2026-07-06 18:07:53] Undefined variable $dieses_cond in C:\xampp\Desktop\mdcnpal\htdocs\public_html\core\app.php(565) : eval()'d code on line 219
[2026-07-06 18:07:53] Undefined variable $popular_pack_cond in C:\xampp\Desktop\mdcnpal\htdocs\public_html\core\app.php(565) : eval()'d code on line 219
[2026-07-06 18:07:53] Undefined variable $g_search_query in C:\xampp\Desktop\mdcnpal\htdocs\public_html\core\app.php(565) : eval()'d code on line 219
[2026-07-06 18:07:53] Undefined variable $department_cond in C:\xampp\Desktop\mdcnpal\htdocs\public_html\core\app.php(565) : eval()'d code on line 219
[2026-07-06 18:07:53] Undefined variable $type_cond in C:\xampp\Desktop\mdcnpal\htdocs\public_html\core\app.php(565) : eval()'d code on line 219
[2026-07-06 18:07:53] Undefined variable $dieses_cond in C:\xampp\Desktop\mdcnpal\htdocs\public_html\core\app.php(565) : eval()'d code on line 219
[2026-07-06 18:07:53] Undefined variable $popular_pack_cond in C:\xampp\Desktop\mdcnpal\htdocs\public_html\core\app.php(565) : eval()'d code on line 219
[2026-07-06 18:07:53] Undefined property: app::$rs_customer in C:\xampp\Desktop\mdcnpal\htdocs\public_html\includes\footer.php on line 357
[2026-07-06 18:07:53] Trying to access array offset on value of type null in C:\xampp\Desktop\mdcnpal\htdocs\public_html\includes\footer.php on line 357
[2026-07-06 18:07:53] Undefined property: app::$rs_customer in C:\xampp\Desktop\mdcnpal\htdocs\public_html\includes\footer.php on line 366
[2026-07-06 18:07:53] Trying to access array offset on value of type null in C:\xampp\Desktop\mdcnpal\htdocs\public_html\includes\footer.php on line 366
[2026-07-06 18:07:53] Undefined property: app::$rs_customer in C:\xampp\Desktop\mdcnpal\htdocs\public_html\includes\footer.php on line 372
[2026-07-06 18:07:53] Trying to access array offset on value of type null in C:\xampp\Desktop\mdcnpal\htdocs\public_html\includes\footer.php on line 372
[2026-07-06 18:07:53] Undefined property: app::$rs_customer in C:\xampp\Desktop\mdcnpal\htdocs\public_html\includes\general_data.php on line 88
[2026-07-06 18:07:53] Trying to access array offset on value of type null in C:\xampp\Desktop\mdcnpal\htdocs\public_html\includes\general_data.php on line 88
[2026-07-06 18:07:53] Undefined array key "MDRCCustID" in C:\xampp\Desktop\mdcnpal\htdocs\public_html\includes\general_data.php on line 88
[2026-07-06 18:07:53] Undefined variable $tmpStr in C:\xampp\Desktop\mdcnpal\htdocs\public_html\core\app.php on line 971
[2026-07-06 18:07:56] Creation of dynamic property dbclass::$RECORD_SET is deprecated in C:\xampp\Desktop\mdcnpal\htdocs\public_html\core\dbclass.php on line 69
[2026-07-06 18:07:56] Creation of dynamic property dbclass::$app is deprecated in C:\xampp\Desktop\mdcnpal\htdocs\public_html\core\dbclass.php on line 75
[2026-07-06 18:07:56] Creation of dynamic property model::$foreign_tables is deprecated in C:\xampp\Desktop\mdcnpal\htdocs\public_html\core\model.php on line 43
[2026-07-06 18:07:56] Creation of dynamic property app::$inputfilter is deprecated in C:\xampp\Desktop\mdcnpal\htdocs\public_html\core\app.php on line 123
[2026-07-06 18:07:56] Creation of dynamic property app::$userconfig is deprecated in C:\xampp\Desktop\mdcnpal\htdocs\public_html\core\app.php on line 124
[2026-07-06 18:07:56] Creation of dynamic property app::$global_include is deprecated in C:\xampp\Desktop\mdcnpal\htdocs\public_html\core\app.php on line 125
[2026-07-06 18:07:56] Creation of dynamic property app::$set_cache_time is deprecated in C:\xampp\Desktop\mdcnpal\htdocs\public_html\core\app.php on line 153
[2026-07-06 18:07:56] Undefined array key "cityID" in C:\xampp\Desktop\mdcnpal\htdocs\public_html\core\global_include.php on line 381
[2026-07-06 18:07:56] Undefined array key "cityID" in C:\xampp\Desktop\mdcnpal\htdocs\public_html\core\global_include.php on line 416
[2026-07-06 18:07:56] Creation of dynamic property app::$meta is deprecated in C:\xampp\Desktop\mdcnpal\htdocs\public_html\core\app.php on line 434
[2026-07-06 18:07:56] Creation of dynamic property app::$rs_gs_city is deprecated in C:\xampp\Desktop\mdcnpal\htdocs\public_html\core\app.php on line 434
[2026-07-06 18:07:56] Undefined array key "cityID" in C:\xampp\Desktop\mdcnpal\htdocs\public_html\core\global_include.php on line 468
[2026-07-06 18:07:56] Creation of dynamic property app::$rs_footer_popular_item is deprecated in C:\xampp\Desktop\mdcnpal\htdocs\public_html\core\app.php on line 434
[2026-07-06 18:07:56] Creation of dynamic property app::$rs_footer_popular_test is deprecated in C:\xampp\Desktop\mdcnpal\htdocs\public_html\core\app.php on line 434
[2026-07-06 18:07:56] Creation of dynamic property app::$rs_testimonial is deprecated in C:\xampp\Desktop\mdcnpal\htdocs\public_html\core\app.php on line 434
[2026-07-06 18:07:56] Creation of dynamic property app::$admin is deprecated in C:\xampp\Desktop\mdcnpal\htdocs\public_html\core\app.php on line 434
[2026-07-06 18:07:56] Undefined array key 0 in C:\xampp\Desktop\mdcnpal\htdocs\public_html\core\global_include.php on line 514
[2026-07-06 18:07:56] Creation of dynamic property app::$popup is deprecated in C:\xampp\Desktop\mdcnpal\htdocs\public_html\core\app.php on line 434
[2026-07-06 18:07:56] Undefined array key "MDRCCustID" in C:\xampp\Desktop\mdcnpal\htdocs\public_html\core\global_include.php on line 515
[2026-07-06 18:07:56] Undefined array key "MDRCToken" in C:\xampp\Desktop\mdcnpal\htdocs\public_html\core\global_include.php on line 515
[2026-07-06 18:07:56] Creation of dynamic property app::$rscategory is deprecated in C:\xampp\Desktop\mdcnpal\htdocs\public_html\core\app.php on line 434
[2026-07-06 18:07:56] Creation of dynamic property dbclass::$RECORD_SET is deprecated in C:\xampp\Desktop\mdcnpal\htdocs\public_html\core\dbclass.php on line 69
[2026-07-06 18:07:56] Creation of dynamic property dbclass::$app is deprecated in C:\xampp\Desktop\mdcnpal\htdocs\public_html\core\dbclass.php on line 75
[2026-07-06 18:07:56] Creation of dynamic property model::$foreign_tables is deprecated in C:\xampp\Desktop\mdcnpal\htdocs\public_html\core\model.php on line 43
[2026-07-06 18:07:56] Creation of dynamic property app::$inputfilter is deprecated in C:\xampp\Desktop\mdcnpal\htdocs\public_html\core\app.php on line 123
[2026-07-06 18:07:56] Creation of dynamic property app::$userconfig is deprecated in C:\xampp\Desktop\mdcnpal\htdocs\public_html\core\app.php on line 124
[2026-07-06 18:07:56] Creation of dynamic property app::$global_include is deprecated in C:\xampp\Desktop\mdcnpal\htdocs\public_html\core\app.php on line 125
[2026-07-06 18:07:56] Creation of dynamic property app::$set_cache_time is deprecated in C:\xampp\Desktop\mdcnpal\htdocs\public_html\core\app.php on line 153
[2026-07-06 18:07:56] Creation of dynamic property app::$rs_pages is deprecated in C:\xampp\Desktop\mdcnpal\htdocs\public_html\core\app.php on line 434
[2026-07-06 18:07:56] Creation of dynamic property app::$gs is deprecated in C:\xampp\Desktop\mdcnpal\htdocs\public_html\core\app.php on line 434
[2026-07-06 18:07:56] Undefined array key "MDRCCustID" in C:\xampp\Desktop\mdcnpal\htdocs\public_html\core\global_include.php on line 596
[2026-07-06 18:07:56] Undefined array key "MDRCCustID" in C:\xampp\Desktop\mdcnpal\htdocs\public_html\core\global_include.php on line 615
[2026-07-06 18:07:56] Undefined variable $getId in C:\xampp\Desktop\mdcnpal\htdocs\public_html\core\global_include.php on line 684
[2026-07-06 18:07:56] Undefined variable $getName in C:\xampp\Desktop\mdcnpal\htdocs\public_html\core\global_include.php on line 685
[2026-07-06 18:07:56] Undefined array key 0 in C:\xampp\Desktop\mdcnpal\htdocs\public_html\core\global_include.php on line 810
[2026-07-06 18:07:56] Creation of dynamic property app::$rs_offer_msg is deprecated in C:\xampp\Desktop\mdcnpal\htdocs\public_html\core\app.php on line 434
[2026-07-06 18:07:56] Creation of dynamic property app::$rs_for_doctors is deprecated in C:\xampp\Desktop\mdcnpal\htdocs\public_html\core\app.php on line 434
[2026-07-06 18:07:56] Creation of dynamic property app::$rs_category is deprecated in C:\xampp\Desktop\mdcnpal\htdocs\public_html\core\app.php on line 434
[2026-07-06 18:07:56] Creation of dynamic property app::$rs_gallery is deprecated in C:\xampp\Desktop\mdcnpal\htdocs\public_html\core\app.php on line 434
[2026-07-06 18:07:56] Undefined array key "tempCityID" in C:\xampp\Desktop\mdcnpal\htdocs\public_html\includes\header.php on line 5
[2026-07-06 18:07:56] Undefined array key "items" in C:\xampp\Desktop\mdcnpal\htdocs\public_html\includes\header.php on line 16
[2026-07-06 18:07:56] Undefined variable $RESULT in C:\xampp\Desktop\mdcnpal\htdocs\public_html\scripts\ajax\selectCityUsingGoogleMapApi.php on line 69
[2026-07-06 18:07:56] Undefined variable $URL in C:\xampp\Desktop\mdcnpal\htdocs\public_html\scripts\ajax\selectCityUsingGoogleMapApi.php on line 73
[2026-07-06 18:07:56] Undefined array key "item_category" in C:\xampp\Desktop\mdcnpal\htdocs\public_html\includes\header.php on line 26
[2026-07-06 18:07:56] Undefined array key "item_diseases" in C:\xampp\Desktop\mdcnpal\htdocs\public_html\includes\header.php on line 33
[2026-07-06 18:07:56] Undefined property: app::$rs_cartmini in C:\xampp\Desktop\mdcnpal\htdocs\public_html\includes\header.php on line 131
[2026-07-06 18:07:56] Undefined array key "MDRCCustID" in C:\xampp\Desktop\mdcnpal\htdocs\public_html\includes\header.php on line 134
[2026-07-06 18:07:56] Undefined property: app::$rs_cartmini in C:\xampp\Desktop\mdcnpal\htdocs\public_html\includes\header.php on line 197
[2026-07-06 18:07:56] Undefined array key "MDRCCustID" in C:\xampp\Desktop\mdcnpal\htdocs\public_html\includes\header.php on line 200
[2026-07-06 18:07:56] Undefined property: app::$rs_cartmini in C:\xampp\Desktop\mdcnpal\htdocs\public_html\includes\header.php on line 469
[2026-07-06 18:07:56] Undefined array key "MDRCCustID" in C:\xampp\Desktop\mdcnpal\htdocs\public_html\includes\header.php on line 472
[2026-07-06 18:07:56] Undefined property: app::$rs_cartmini in C:\xampp\Desktop\mdcnpal\htdocs\public_html\includes\header.php on line 525
[2026-07-06 18:07:56] Undefined array key "MDRCCustID" in C:\xampp\Desktop\mdcnpal\htdocs\public_html\includes\header.php on line 528
[2026-07-06 18:07:56] Undefined property: app::$rs_customer in C:\xampp\Desktop\mdcnpal\htdocs\public_html\includes\header.php on line 712
[2026-07-06 18:07:56] Trying to access array offset on value of type null in C:\xampp\Desktop\mdcnpal\htdocs\public_html\includes\header.php on line 712
[2026-07-06 18:07:56] Undefined property: app::$rs_customer in C:\xampp\Desktop\mdcnpal\htdocs\public_html\includes\header.php on line 721
[2026-07-06 18:07:56] Trying to access array offset on value of type null in C:\xampp\Desktop\mdcnpal\htdocs\public_html\includes\header.php on line 721
[2026-07-06 18:07:56] Undefined property: app::$rs_customer in C:\xampp\Desktop\mdcnpal\htdocs\public_html\includes\header.php on line 730
[2026-07-06 18:07:56] Trying to access array offset on value of type null in C:\xampp\Desktop\mdcnpal\htdocs\public_html\includes\header.php on line 730
[2026-07-06 18:07:56] Undefined property: app::$rs_customer in C:\xampp\Desktop\mdcnpal\htdocs\public_html\includes\header.php on line 739
[2026-07-06 18:07:56] Trying to access array offset on value of type null in C:\xampp\Desktop\mdcnpal\htdocs\public_html\includes\header.php on line 739
[2026-07-06 18:07:56] Undefined property: app::$rs_customer in C:\xampp\Desktop\mdcnpal\htdocs\public_html\includes\footer.php on line 357
[2026-07-06 18:07:56] Trying to access array offset on value of type null in C:\xampp\Desktop\mdcnpal\htdocs\public_html\includes\footer.php on line 357
[2026-07-06 18:07:56] Undefined property: app::$rs_customer in C:\xampp\Desktop\mdcnpal\htdocs\public_html\includes\footer.php on line 366
[2026-07-06 18:07:56] Trying to access array offset on value of type null in C:\xampp\Desktop\mdcnpal\htdocs\public_html\includes\footer.php on line 366
[2026-07-06 18:07:56] Undefined property: app::$rs_customer in C:\xampp\Desktop\mdcnpal\htdocs\public_html\includes\footer.php on line 372
[2026-07-06 18:07:56] Trying to access array offset on value of type null in C:\xampp\Desktop\mdcnpal\htdocs\public_html\includes\footer.php on line 372
[2026-07-06 18:07:56] Undefined property: app::$rs_customer in C:\xampp\Desktop\mdcnpal\htdocs\public_html\includes\general_data.php on line 88
[2026-07-06 18:07:56] Trying to access array offset on value of type null in C:\xampp\Desktop\mdcnpal\htdocs\public_html\includes\general_data.php on line 88
[2026-07-06 18:07:56] Undefined array key "MDRCCustID" in C:\xampp\Desktop\mdcnpal\htdocs\public_html\includes\general_data.php on line 88
[2026-07-06 18:07:56] Undefined variable $tmpStr in C:\xampp\Desktop\mdcnpal\htdocs\public_html\core\app.php on line 971
[2026-07-06 18:07:58] Creation of dynamic property dbclass::$RECORD_SET is deprecated in C:\xampp\Desktop\mdcnpal\htdocs\public_html\core\dbclass.php on line 69
[2026-07-06 18:07:58] Creation of dynamic property dbclass::$app is deprecated in C:\xampp\Desktop\mdcnpal\htdocs\public_html\core\dbclass.php on line 75
[2026-07-06 18:07:58] Creation of dynamic property model::$foreign_tables is deprecated in C:\xampp\Desktop\mdcnpal\htdocs\public_html\core\model.php on line 43
[2026-07-06 18:07:58] Creation of dynamic property app::$inputfilter is deprecated in C:\xampp\Desktop\mdcnpal\htdocs\public_html\core\app.php on line 123
[2026-07-06 18:07:58] Creation of dynamic property app::$userconfig is deprecated in C:\xampp\Desktop\mdcnpal\htdocs\public_html\core\app.php on line 124
[2026-07-06 18:07:58] Creation of dynamic property app::$global_include is deprecated in C:\xampp\Desktop\mdcnpal\htdocs\public_html\core\app.php on line 125
[2026-07-06 18:07:58] Creation of dynamic property app::$set_cache_time is deprecated in C:\xampp\Desktop\mdcnpal\htdocs\public_html\core\app.php on line 153
[2026-07-06 18:07:58] Creation of dynamic property app::$meta is deprecated in C:\xampp\Desktop\mdcnpal\htdocs\public_html\core\app.php on line 434
[2026-07-06 18:07:58] Creation of dynamic property app::$rs_gs_city is deprecated in C:\xampp\Desktop\mdcnpal\htdocs\public_html\core\app.php on line 434
[2026-07-06 18:07:58] Creation of dynamic property app::$rs_footer_popular_item is deprecated in C:\xampp\Desktop\mdcnpal\htdocs\public_html\core\app.php on line 434
[2026-07-06 18:07:58] Creation of dynamic property app::$rs_footer_popular_test is deprecated in C:\xampp\Desktop\mdcnpal\htdocs\public_html\core\app.php on line 434
[2026-07-06 18:07:58] Creation of dynamic property app::$rs_testimonial is deprecated in C:\xampp\Desktop\mdcnpal\htdocs\public_html\core\app.php on line 434
[2026-07-06 18:07:58] Creation of dynamic property app::$admin is deprecated in C:\xampp\Desktop\mdcnpal\htdocs\public_html\core\app.php on line 434
[2026-07-06 18:07:58] Undefined array key 0 in C:\xampp\Desktop\mdcnpal\htdocs\public_html\core\global_include.php on line 514
[2026-07-06 18:07:58] Creation of dynamic property app::$popup is deprecated in C:\xampp\Desktop\mdcnpal\htdocs\public_html\core\app.php on line 434
[2026-07-06 18:07:58] Undefined array key "MDRCCustID" in C:\xampp\Desktop\mdcnpal\htdocs\public_html\core\global_include.php on line 515
[2026-07-06 18:07:58] Undefined array key "MDRCToken" in C:\xampp\Desktop\mdcnpal\htdocs\public_html\core\global_include.php on line 515
[2026-07-06 18:07:58] Creation of dynamic property app::$rscategory is deprecated in C:\xampp\Desktop\mdcnpal\htdocs\public_html\core\app.php on line 434
[2026-07-06 18:07:58] Creation of dynamic property app::$rs_pages is deprecated in C:\xampp\Desktop\mdcnpal\htdocs\public_html\core\app.php on line 434
[2026-07-06 18:07:58] Creation of dynamic property app::$gs is deprecated in C:\xampp\Desktop\mdcnpal\htdocs\public_html\core\app.php on line 434
[2026-07-06 18:07:58] Undefined array key "MDRCCustID" in C:\xampp\Desktop\mdcnpal\htdocs\public_html\core\global_include.php on line 596
[2026-07-06 18:07:58] Undefined array key "MDRCCustID" in C:\xampp\Desktop\mdcnpal\htdocs\public_html\core\global_include.php on line 615
[2026-07-06 18:07:58] Undefined variable $getId in C:\xampp\Desktop\mdcnpal\htdocs\public_html\core\global_include.php on line 684
[2026-07-06 18:07:58] Undefined variable $getName in C:\xampp\Desktop\mdcnpal\htdocs\public_html\core\global_include.php on line 685
[2026-07-06 18:07:58] Undefined array key 0 in C:\xampp\Desktop\mdcnpal\htdocs\public_html\core\global_include.php on line 810
[2026-07-06 18:07:58] Creation of dynamic property app::$rs_offer_msg is deprecated in C:\xampp\Desktop\mdcnpal\htdocs\public_html\core\app.php on line 434
[2026-07-06 18:07:58] Creation of dynamic property app::$rs_for_doctors is deprecated in C:\xampp\Desktop\mdcnpal\htdocs\public_html\core\app.php on line 434
[2026-07-06 18:07:59] Creation of dynamic property app::$rs_data is deprecated in C:\xampp\Desktop\mdcnpal\htdocs\public_html\core\app.php on line 434
[2026-07-06 18:07:59] Creation of dynamic property app::$rs_certi_data is deprecated in C:\xampp\Desktop\mdcnpal\htdocs\public_html\core\app.php on line 434
[2026-07-06 18:07:59] Creation of dynamic property app::$rs_key_fetures_data is deprecated in C:\xampp\Desktop\mdcnpal\htdocs\public_html\core\app.php on line 434
[2026-07-06 18:07:59] Creation of dynamic property app::$rs_banner is deprecated in C:\xampp\Desktop\mdcnpal\htdocs\public_html\core\app.php on line 434
[2026-07-06 18:07:59] Creation of dynamic property app::$rs_package_data is deprecated in C:\xampp\Desktop\mdcnpal\htdocs\public_html\core\app.php on line 434
[2026-07-06 18:07:59] Creation of dynamic property app::$city_id is deprecated in C:\xampp\Desktop\mdcnpal\htdocs\public_html\core\app.php on line 434
[2026-07-06 18:07:59] Creation of dynamic property app::$city_name is deprecated in C:\xampp\Desktop\mdcnpal\htdocs\public_html\core\app.php on line 434
[2026-07-06 18:07:59] Creation of dynamic property app::$rs_faq_data is deprecated in C:\xampp\Desktop\mdcnpal\htdocs\public_html\core\app.php on line 434
[2026-07-06 18:07:59] Undefined property: app::$rs_cartmini in C:\xampp\Desktop\mdcnpal\htdocs\public_html\includes\header.php on line 131
[2026-07-06 18:07:59] Undefined array key "MDRCCustID" in C:\xampp\Desktop\mdcnpal\htdocs\public_html\includes\header.php on line 134
[2026-07-06 18:07:59] Undefined property: app::$rs_cartmini in C:\xampp\Desktop\mdcnpal\htdocs\public_html\includes\header.php on line 197
[2026-07-06 18:07:59] Undefined array key "MDRCCustID" in C:\xampp\Desktop\mdcnpal\htdocs\public_html\includes\header.php on line 200
[2026-07-06 18:07:59] Undefined property: app::$rs_cartmini in C:\xampp\Desktop\mdcnpal\htdocs\public_html\includes\header.php on line 469
[2026-07-06 18:07:59] Undefined array key "MDRCCustID" in C:\xampp\Desktop\mdcnpal\htdocs\public_html\includes\header.php on line 472
[2026-07-06 18:07:59] Undefined property: app::$rs_cartmini in C:\xampp\Desktop\mdcnpal\htdocs\public_html\includes\header.php on line 525
[2026-07-06 18:07:59] Undefined array key "MDRCCustID" in C:\xampp\Desktop\mdcnpal\htdocs\public_html\includes\header.php on line 528
[2026-07-06 18:07:59] Undefined property: app::$rs_customer in C:\xampp\Desktop\mdcnpal\htdocs\public_html\includes\header.php on line 712
[2026-07-06 18:07:59] Trying to access array offset on value of type null in C:\xampp\Desktop\mdcnpal\htdocs\public_html\includes\header.php on line 712
[2026-07-06 18:07:59] Undefined property: app::$rs_customer in C:\xampp\Desktop\mdcnpal\htdocs\public_html\includes\header.php on line 721
[2026-07-06 18:07:59] Trying to access array offset on value of type null in C:\xampp\Desktop\mdcnpal\htdocs\public_html\includes\header.php on line 721
[2026-07-06 18:07:59] Undefined property: app::$rs_customer in C:\xampp\Desktop\mdcnpal\htdocs\public_html\includes\header.php on line 730
[2026-07-06 18:07:59] Trying to access array offset on value of type null in C:\xampp\Desktop\mdcnpal\htdocs\public_html\includes\header.php on line 730
[2026-07-06 18:07:59] Undefined property: app::$rs_customer in C:\xampp\Desktop\mdcnpal\htdocs\public_html\includes\header.php on line 739
[2026-07-06 18:07:59] Trying to access array offset on value of type null in C:\xampp\Desktop\mdcnpal\htdocs\public_html\includes\header.php on line 739
[2026-07-06 18:07:59] Undefined property: app::$rs_customer in C:\xampp\Desktop\mdcnpal\htdocs\public_html\includes\footer.php on line 357
[2026-07-06 18:07:59] Trying to access array offset on value of type null in C:\xampp\Desktop\mdcnpal\htdocs\public_html\includes\footer.php on line 357
[2026-07-06 18:07:59] Undefined property: app::$rs_customer in C:\xampp\Desktop\mdcnpal\htdocs\public_html\includes\footer.php on line 366
[2026-07-06 18:07:59] Trying to access array offset on value of type null in C:\xampp\Desktop\mdcnpal\htdocs\public_html\includes\footer.php on line 366
[2026-07-06 18:07:59] Undefined property: app::$rs_customer in C:\xampp\Desktop\mdcnpal\htdocs\public_html\includes\footer.php on line 372
[2026-07-06 18:07:59] Trying to access array offset on value of type null in C:\xampp\Desktop\mdcnpal\htdocs\public_html\includes\footer.php on line 372
[2026-07-06 18:07:59] Undefined property: app::$rs_customer in C:\xampp\Desktop\mdcnpal\htdocs\public_html\includes\general_data.php on line 88
[2026-07-06 18:07:59] Trying to access array offset on value of type null in C:\xampp\Desktop\mdcnpal\htdocs\public_html\includes\general_data.php on line 88
[2026-07-06 18:07:59] Undefined array key "MDRCCustID" in C:\xampp\Desktop\mdcnpal\htdocs\public_html\includes\general_data.php on line 88
[2026-07-06 18:07:59] Undefined variable $tmpStr in C:\xampp\Desktop\mdcnpal\htdocs\public_html\core\app.php on line 971
[2026-07-06 18:08:00] Creation of dynamic property dbclass::$RECORD_SET is deprecated in C:\xampp\Desktop\mdcnpal\htdocs\public_html\core\dbclass.php on line 69
[2026-07-06 18:08:00] Creation of dynamic property dbclass::$app is deprecated in C:\xampp\Desktop\mdcnpal\htdocs\public_html\core\dbclass.php on line 75
[2026-07-06 18:08:00] Creation of dynamic property model::$foreign_tables is deprecated in C:\xampp\Desktop\mdcnpal\htdocs\public_html\core\model.php on line 43
[2026-07-06 18:08:00] Creation of dynamic property app::$inputfilter is deprecated in C:\xampp\Desktop\mdcnpal\htdocs\public_html\core\app.php on line 123
[2026-07-06 18:08:00] Creation of dynamic property app::$userconfig is deprecated in C:\xampp\Desktop\mdcnpal\htdocs\public_html\core\app.php on line 124
[2026-07-06 18:08:00] Creation of dynamic property app::$global_include is deprecated in C:\xampp\Desktop\mdcnpal\htdocs\public_html\core\app.php on line 125
[2026-07-06 18:08:00] Creation of dynamic property app::$set_cache_time is deprecated in C:\xampp\Desktop\mdcnpal\htdocs\public_html\core\app.php on line 153
[2026-07-06 18:08:00] Undefined array key "cityID" in C:\xampp\Desktop\mdcnpal\htdocs\public_html\core\global_include.php on line 381
[2026-07-06 18:08:00] Undefined array key "cityID" in C:\xampp\Desktop\mdcnpal\htdocs\public_html\core\global_include.php on line 416
[2026-07-06 18:08:00] Creation of dynamic property app::$meta is deprecated in C:\xampp\Desktop\mdcnpal\htdocs\public_html\core\app.php on line 434
[2026-07-06 18:08:00] Creation of dynamic property app::$rs_gs_city is deprecated in C:\xampp\Desktop\mdcnpal\htdocs\public_html\core\app.php on line 434
[2026-07-06 18:08:00] Undefined array key "cityID" in C:\xampp\Desktop\mdcnpal\htdocs\public_html\core\global_include.php on line 468
[2026-07-06 18:08:00] Creation of dynamic property app::$rs_footer_popular_item is deprecated in C:\xampp\Desktop\mdcnpal\htdocs\public_html\core\app.php on line 434
[2026-07-06 18:08:00] Creation of dynamic property app::$rs_footer_popular_test is deprecated in C:\xampp\Desktop\mdcnpal\htdocs\public_html\core\app.php on line 434
[2026-07-06 18:08:00] Creation of dynamic property app::$rs_testimonial is deprecated in C:\xampp\Desktop\mdcnpal\htdocs\public_html\core\app.php on line 434
[2026-07-06 18:08:00] Creation of dynamic property app::$admin is deprecated in C:\xampp\Desktop\mdcnpal\htdocs\public_html\core\app.php on line 434
[2026-07-06 18:08:00] Undefined array key 0 in C:\xampp\Desktop\mdcnpal\htdocs\public_html\core\global_include.php on line 514
[2026-07-06 18:08:00] Creation of dynamic property app::$popup is deprecated in C:\xampp\Desktop\mdcnpal\htdocs\public_html\core\app.php on line 434
[2026-07-06 18:08:00] Undefined array key "MDRCCustID" in C:\xampp\Desktop\mdcnpal\htdocs\public_html\core\global_include.php on line 515
[2026-07-06 18:08:00] Undefined array key "MDRCToken" in C:\xampp\Desktop\mdcnpal\htdocs\public_html\core\global_include.php on line 515
[2026-07-06 18:08:00] Creation of dynamic property app::$rscategory is deprecated in C:\xampp\Desktop\mdcnpal\htdocs\public_html\core\app.php on line 434
[2026-07-06 18:08:00] Creation of dynamic property app::$rs_pages is deprecated in C:\xampp\Desktop\mdcnpal\htdocs\public_html\core\app.php on line 434
[2026-07-06 18:08:00] Creation of dynamic property app::$gs is deprecated in C:\xampp\Desktop\mdcnpal\htdocs\public_html\core\app.php on line 434
[2026-07-06 18:08:00] Undefined array key "MDRCCustID" in C:\xampp\Desktop\mdcnpal\htdocs\public_html\core\global_include.php on line 596
[2026-07-06 18:08:00] Undefined array key "MDRCCustID" in C:\xampp\Desktop\mdcnpal\htdocs\public_html\core\global_include.php on line 615
[2026-07-06 18:08:00] Undefined variable $getId in C:\xampp\Desktop\mdcnpal\htdocs\public_html\core\global_include.php on line 684
[2026-07-06 18:08:00] Undefined variable $getName in C:\xampp\Desktop\mdcnpal\htdocs\public_html\core\global_include.php on line 685
[2026-07-06 18:08:00] Undefined array key 0 in C:\xampp\Desktop\mdcnpal\htdocs\public_html\core\global_include.php on line 810
[2026-07-06 18:08:00] Creation of dynamic property app::$rs_offer_msg is deprecated in C:\xampp\Desktop\mdcnpal\htdocs\public_html\core\app.php on line 434
[2026-07-06 18:08:00] Creation of dynamic property app::$rs_for_doctors is deprecated in C:\xampp\Desktop\mdcnpal\htdocs\public_html\core\app.php on line 434
[2026-07-06 18:08:01] Creation of dynamic property app::$rs_branch is deprecated in C:\xampp\Desktop\mdcnpal\htdocs\public_html\core\app.php on line 434
[2026-07-06 18:08:01] Undefined array key "tempCityID" in C:\xampp\Desktop\mdcnpal\htdocs\public_html\includes\header.php on line 5
[2026-07-06 18:08:01] Undefined array key "items" in C:\xampp\Desktop\mdcnpal\htdocs\public_html\includes\header.php on line 16
[2026-07-06 18:08:01] Undefined array key "item_category" in C:\xampp\Desktop\mdcnpal\htdocs\public_html\includes\header.php on line 26
[2026-07-06 18:08:01] Undefined array key "item_diseases" in C:\xampp\Desktop\mdcnpal\htdocs\public_html\includes\header.php on line 33
[2026-07-06 18:08:01] Undefined property: app::$rs_cartmini in C:\xampp\Desktop\mdcnpal\htdocs\public_html\includes\header.php on line 131
[2026-07-06 18:08:01] Undefined array key "MDRCCustID" in C:\xampp\Desktop\mdcnpal\htdocs\public_html\includes\header.php on line 134
[2026-07-06 18:08:01] Undefined property: app::$rs_cartmini in C:\xampp\Desktop\mdcnpal\htdocs\public_html\includes\header.php on line 197
[2026-07-06 18:08:01] Undefined array key "MDRCCustID" in C:\xampp\Desktop\mdcnpal\htdocs\public_html\includes\header.php on line 200
[2026-07-06 18:08:01] Undefined property: app::$rs_cartmini in C:\xampp\Desktop\mdcnpal\htdocs\public_html\includes\header.php on line 469
[2026-07-06 18:08:01] Undefined array key "MDRCCustID" in C:\xampp\Desktop\mdcnpal\htdocs\public_html\includes\header.php on line 472
[2026-07-06 18:08:01] Undefined property: app::$rs_cartmini in C:\xampp\Desktop\mdcnpal\htdocs\public_html\includes\header.php on line 525
[2026-07-06 18:08:01] Undefined array key "MDRCCustID" in C:\xampp\Desktop\mdcnpal\htdocs\public_html\includes\header.php on line 528
[2026-07-06 18:08:01] Undefined property: app::$rs_customer in C:\xampp\Desktop\mdcnpal\htdocs\public_html\includes\header.php on line 712
[2026-07-06 18:08:01] Trying to access array offset on value of type null in C:\xampp\Desktop\mdcnpal\htdocs\public_html\includes\header.php on line 712
[2026-07-06 18:08:01] Undefined property: app::$rs_customer in C:\xampp\Desktop\mdcnpal\htdocs\public_html\includes\header.php on line 721
[2026-07-06 18:08:01] Trying to access array offset on value of type null in C:\xampp\Desktop\mdcnpal\htdocs\public_html\includes\header.php on line 721
[2026-07-06 18:08:01] Undefined property: app::$rs_customer in C:\xampp\Desktop\mdcnpal\htdocs\public_html\includes\header.php on line 730
[2026-07-06 18:08:01] Trying to access array offset on value of type null in C:\xampp\Desktop\mdcnpal\htdocs\public_html\includes\header.php on line 730
[2026-07-06 18:08:01] Undefined property: app::$rs_customer in C:\xampp\Desktop\mdcnpal\htdocs\public_html\includes\header.php on line 739
[2026-07-06 18:08:01] Trying to access array offset on value of type null in C:\xampp\Desktop\mdcnpal\htdocs\public_html\includes\header.php on line 739
[2026-07-06 18:08:01] Undefined property: app::$rs_customer in C:\xampp\Desktop\mdcnpal\htdocs\public_html\includes\footer.php on line 357
[2026-07-06 18:08:01] Trying to access array offset on value of type null in C:\xampp\Desktop\mdcnpal\htdocs\public_html\includes\footer.php on line 357
[2026-07-06 18:08:01] Undefined property: app::$rs_customer in C:\xampp\Desktop\mdcnpal\htdocs\public_html\includes\footer.php on line 366
[2026-07-06 18:08:01] Trying to access array offset on value of type null in C:\xampp\Desktop\mdcnpal\htdocs\public_html\includes\footer.php on line 366
[2026-07-06 18:08:01] Undefined property: app::$rs_customer in C:\xampp\Desktop\mdcnpal\htdocs\public_html\includes\footer.php on line 372
[2026-07-06 18:08:01] Trying to access array offset on value of type null in C:\xampp\Desktop\mdcnpal\htdocs\public_html\includes\footer.php on line 372
[2026-07-06 18:08:01] Undefined property: app::$rs_customer in C:\xampp\Desktop\mdcnpal\htdocs\public_html\includes\general_data.php on line 88
[2026-07-06 18:08:01] Trying to access array offset on value of type null in C:\xampp\Desktop\mdcnpal\htdocs\public_html\includes\general_data.php on line 88
[2026-07-06 18:08:01] Undefined array key "MDRCCustID" in C:\xampp\Desktop\mdcnpal\htdocs\public_html\includes\general_data.php on line 88
[2026-07-06 18:08:01] Undefined variable $tmpStr in C:\xampp\Desktop\mdcnpal\htdocs\public_html\core\app.php on line 971
[2026-07-06 18:08:01] Creation of dynamic property dbclass::$RECORD_SET is deprecated in C:\xampp\Desktop\mdcnpal\htdocs\public_html\core\dbclass.php on line 69
[2026-07-06 18:08:01] Creation of dynamic property dbclass::$app is deprecated in C:\xampp\Desktop\mdcnpal\htdocs\public_html\core\dbclass.php on line 75
[2026-07-06 18:08:01] Creation of dynamic property model::$foreign_tables is deprecated in C:\xampp\Desktop\mdcnpal\htdocs\public_html\core\model.php on line 43
[2026-07-06 18:08:01] Creation of dynamic property app::$inputfilter is deprecated in C:\xampp\Desktop\mdcnpal\htdocs\public_html\core\app.php on line 123
[2026-07-06 18:08:01] Creation of dynamic property app::$userconfig is deprecated in C:\xampp\Desktop\mdcnpal\htdocs\public_html\core\app.php on line 124
[2026-07-06 18:08:01] Creation of dynamic property app::$global_include is deprecated in C:\xampp\Desktop\mdcnpal\htdocs\public_html\core\app.php on line 125
[2026-07-06 18:08:01] Creation of dynamic property app::$set_cache_time is deprecated in C:\xampp\Desktop\mdcnpal\htdocs\public_html\core\app.php on line 153
[2026-07-06 18:08:01] Undefined variable $RESULT in C:\xampp\Desktop\mdcnpal\htdocs\public_html\scripts\ajax\selectCityUsingGoogleMapApi.php on line 69
[2026-07-06 18:08:01] Undefined variable $URL in C:\xampp\Desktop\mdcnpal\htdocs\public_html\scripts\ajax\selectCityUsingGoogleMapApi.php on line 73
[2026-07-06 18:08:04] Creation of dynamic property dbclass::$RECORD_SET is deprecated in C:\xampp\Desktop\mdcnpal\htdocs\public_html\core\dbclass.php on line 69
[2026-07-06 18:08:04] Creation of dynamic property dbclass::$app is deprecated in C:\xampp\Desktop\mdcnpal\htdocs\public_html\core\dbclass.php on line 75
[2026-07-06 18:08:04] Creation of dynamic property model::$foreign_tables is deprecated in C:\xampp\Desktop\mdcnpal\htdocs\public_html\core\model.php on line 43
[2026-07-06 18:08:04] Creation of dynamic property app::$inputfilter is deprecated in C:\xampp\Desktop\mdcnpal\htdocs\public_html\core\app.php on line 123
[2026-07-06 18:08:04] Creation of dynamic property app::$userconfig is deprecated in C:\xampp\Desktop\mdcnpal\htdocs\public_html\core\app.php on line 124
[2026-07-06 18:08:04] Creation of dynamic property app::$global_include is deprecated in C:\xampp\Desktop\mdcnpal\htdocs\public_html\core\app.php on line 125
[2026-07-06 18:08:04] Creation of dynamic property app::$set_cache_time is deprecated in C:\xampp\Desktop\mdcnpal\htdocs\public_html\core\app.php on line 153
[2026-07-06 18:08:04] Creation of dynamic property app::$meta is deprecated in C:\xampp\Desktop\mdcnpal\htdocs\public_html\core\app.php on line 434
[2026-07-06 18:08:04] Creation of dynamic property app::$rs_gs_city is deprecated in C:\xampp\Desktop\mdcnpal\htdocs\public_html\core\app.php on line 434
[2026-07-06 18:08:04] Creation of dynamic property app::$rs_footer_popular_item is deprecated in C:\xampp\Desktop\mdcnpal\htdocs\public_html\core\app.php on line 434
[2026-07-06 18:08:04] Creation of dynamic property app::$rs_footer_popular_test is deprecated in C:\xampp\Desktop\mdcnpal\htdocs\public_html\core\app.php on line 434
[2026-07-06 18:08:04] Creation of dynamic property app::$rs_testimonial is deprecated in C:\xampp\Desktop\mdcnpal\htdocs\public_html\core\app.php on line 434
[2026-07-06 18:08:04] Creation of dynamic property app::$admin is deprecated in C:\xampp\Desktop\mdcnpal\htdocs\public_html\core\app.php on line 434
[2026-07-06 18:08:04] Undefined array key 0 in C:\xampp\Desktop\mdcnpal\htdocs\public_html\core\global_include.php on line 514
[2026-07-06 18:08:04] Creation of dynamic property app::$popup is deprecated in C:\xampp\Desktop\mdcnpal\htdocs\public_html\core\app.php on line 434
[2026-07-06 18:08:04] Undefined array key "MDRCCustID" in C:\xampp\Desktop\mdcnpal\htdocs\public_html\core\global_include.php on line 515
[2026-07-06 18:08:04] Undefined array key "MDRCToken" in C:\xampp\Desktop\mdcnpal\htdocs\public_html\core\global_include.php on line 515
[2026-07-06 18:08:04] Creation of dynamic property app::$rscategory is deprecated in C:\xampp\Desktop\mdcnpal\htdocs\public_html\core\app.php on line 434
[2026-07-06 18:08:04] Creation of dynamic property app::$rs_pages is deprecated in C:\xampp\Desktop\mdcnpal\htdocs\public_html\core\app.php on line 434
[2026-07-06 18:08:04] Creation of dynamic property app::$gs is deprecated in C:\xampp\Desktop\mdcnpal\htdocs\public_html\core\app.php on line 434
[2026-07-06 18:08:04] Undefined array key "MDRCCustID" in C:\xampp\Desktop\mdcnpal\htdocs\public_html\core\global_include.php on line 596
[2026-07-06 18:08:04] Undefined array key "MDRCCustID" in C:\xampp\Desktop\mdcnpal\htdocs\public_html\core\global_include.php on line 615
[2026-07-06 18:08:04] Undefined variable $getId in C:\xampp\Desktop\mdcnpal\htdocs\public_html\core\global_include.php on line 684
[2026-07-06 18:08:04] Undefined variable $getName in C:\xampp\Desktop\mdcnpal\htdocs\public_html\core\global_include.php on line 685
[2026-07-06 18:08:04] Undefined array key 0 in C:\xampp\Desktop\mdcnpal\htdocs\public_html\core\global_include.php on line 810
[2026-07-06 18:08:04] Creation of dynamic property app::$rs_offer_msg is deprecated in C:\xampp\Desktop\mdcnpal\htdocs\public_html\core\app.php on line 434
[2026-07-06 18:08:05] Creation of dynamic property app::$rs_for_doctors is deprecated in C:\xampp\Desktop\mdcnpal\htdocs\public_html\core\app.php on line 434
[2026-07-06 18:08:05] Creation of dynamic property app::$description is deprecated in C:\xampp\Desktop\mdcnpal\htdocs\public_html\core\app.php on line 434
[2026-07-06 18:08:05] Creation of dynamic property app::$rs_banner is deprecated in C:\xampp\Desktop\mdcnpal\htdocs\public_html\core\app.php on line 434
[2026-07-06 18:08:05] Creation of dynamic property app::$rs_item_diseases is deprecated in C:\xampp\Desktop\mdcnpal\htdocs\public_html\core\app.php on line 434
[2026-07-06 18:08:05] Creation of dynamic property app::$rs_item_home_category is deprecated in C:\xampp\Desktop\mdcnpal\htdocs\public_html\core\app.php on line 434
[2026-07-06 18:08:05] Creation of dynamic property app::$rs_item_banner_category is deprecated in C:\xampp\Desktop\mdcnpal\htdocs\public_html\core\app.php on line 434
[2026-07-06 18:08:05] Creation of dynamic property app::$rs_services is deprecated in C:\xampp\Desktop\mdcnpal\htdocs\public_html\core\app.php on line 434
[2026-07-06 18:08:05] Creation of dynamic property app::$rs_blog is deprecated in C:\xampp\Desktop\mdcnpal\htdocs\public_html\core\app.php on line 434
[2026-07-06 18:08:05] Creation of dynamic property app::$rs_category is deprecated in C:\xampp\Desktop\mdcnpal\htdocs\public_html\core\app.php on line 434
[2026-07-06 18:08:05] Creation of dynamic property app::$rs_faq_data is deprecated in C:\xampp\Desktop\mdcnpal\htdocs\public_html\core\app.php on line 434
[2026-07-06 18:08:05] Creation of dynamic property app::$rs_gallery_data is deprecated in C:\xampp\Desktop\mdcnpal\htdocs\public_html\core\app.php on line 434
[2026-07-06 18:08:05] Undefined property: app::$rs_cartmini in C:\xampp\Desktop\mdcnpal\htdocs\public_html\includes\header.php on line 131
[2026-07-06 18:08:05] Undefined array key "MDRCCustID" in C:\xampp\Desktop\mdcnpal\htdocs\public_html\includes\header.php on line 134
[2026-07-06 18:08:05] Undefined property: app::$rs_cartmini in C:\xampp\Desktop\mdcnpal\htdocs\public_html\includes\header.php on line 197
[2026-07-06 18:08:05] Undefined array key "MDRCCustID" in C:\xampp\Desktop\mdcnpal\htdocs\public_html\includes\header.php on line 200
[2026-07-06 18:08:05] Undefined property: app::$rs_cartmini in C:\xampp\Desktop\mdcnpal\htdocs\public_html\includes\header.php on line 469
[2026-07-06 18:08:05] Undefined array key "MDRCCustID" in C:\xampp\Desktop\mdcnpal\htdocs\public_html\includes\header.php on line 472
[2026-07-06 18:08:05] Undefined property: app::$rs_cartmini in C:\xampp\Desktop\mdcnpal\htdocs\public_html\includes\header.php on line 525
[2026-07-06 18:08:05] Undefined array key "MDRCCustID" in C:\xampp\Desktop\mdcnpal\htdocs\public_html\includes\header.php on line 528
[2026-07-06 18:08:05] Undefined property: app::$rs_customer in C:\xampp\Desktop\mdcnpal\htdocs\public_html\includes\header.php on line 712
[2026-07-06 18:08:05] Trying to access array offset on value of type null in C:\xampp\Desktop\mdcnpal\htdocs\public_html\includes\header.php on line 712
[2026-07-06 18:08:05] Undefined property: app::$rs_customer in C:\xampp\Desktop\mdcnpal\htdocs\public_html\includes\header.php on line 721
[2026-07-06 18:08:05] Trying to access array offset on value of type null in C:\xampp\Desktop\mdcnpal\htdocs\public_html\includes\header.php on line 721
[2026-07-06 18:08:05] Undefined property: app::$rs_customer in C:\xampp\Desktop\mdcnpal\htdocs\public_html\includes\header.php on line 730
[2026-07-06 18:08:05] Trying to access array offset on value of type null in C:\xampp\Desktop\mdcnpal\htdocs\public_html\includes\header.php on line 730
[2026-07-06 18:08:05] Undefined property: app::$rs_customer in C:\xampp\Desktop\mdcnpal\htdocs\public_html\includes\header.php on line 739
[2026-07-06 18:08:05] Trying to access array offset on value of type null in C:\xampp\Desktop\mdcnpal\htdocs\public_html\includes\header.php on line 739
[2026-07-06 18:08:05] Undefined variable $g_search_query in C:\xampp\Desktop\mdcnpal\htdocs\public_html\core\app.php(565) : eval()'d code on line 219
[2026-07-06 18:08:05] Undefined variable $department_cond in C:\xampp\Desktop\mdcnpal\htdocs\public_html\core\app.php(565) : eval()'d code on line 219
[2026-07-06 18:08:05] Undefined variable $type_cond in C:\xampp\Desktop\mdcnpal\htdocs\public_html\core\app.php(565) : eval()'d code on line 219
[2026-07-06 18:08:05] Undefined variable $dieses_cond in C:\xampp\Desktop\mdcnpal\htdocs\public_html\core\app.php(565) : eval()'d code on line 219
[2026-07-06 18:08:05] Undefined variable $popular_pack_cond in C:\xampp\Desktop\mdcnpal\htdocs\public_html\core\app.php(565) : eval()'d code on line 219
[2026-07-06 18:08:05] Undefined variable $g_search_query in C:\xampp\Desktop\mdcnpal\htdocs\public_html\core\app.php(565) : eval()'d code on line 219
[2026-07-06 18:08:05] Undefined variable $department_cond in C:\xampp\Desktop\mdcnpal\htdocs\public_html\core\app.php(565) : eval()'d code on line 219
[2026-07-06 18:08:05] Undefined variable $type_cond in C:\xampp\Desktop\mdcnpal\htdocs\public_html\core\app.php(565) : eval()'d code on line 219
[2026-07-06 18:08:05] Undefined variable $dieses_cond in C:\xampp\Desktop\mdcnpal\htdocs\public_html\core\app.php(565) : eval()'d code on line 219
[2026-07-06 18:08:05] Undefined variable $popular_pack_cond in C:\xampp\Desktop\mdcnpal\htdocs\public_html\core\app.php(565) : eval()'d code on line 219
[2026-07-06 18:08:05] Undefined variable $g_search_query in C:\xampp\Desktop\mdcnpal\htdocs\public_html\core\app.php(565) : eval()'d code on line 219
[2026-07-06 18:08:05] Undefined variable $department_cond in C:\xampp\Desktop\mdcnpal\htdocs\public_html\core\app.php(565) : eval()'d code on line 219
[2026-07-06 18:08:05] Undefined variable $type_cond in C:\xampp\Desktop\mdcnpal\htdocs\public_html\core\app.php(565) : eval()'d code on line 219
[2026-07-06 18:08:05] Undefined variable $dieses_cond in C:\xampp\Desktop\mdcnpal\htdocs\public_html\core\app.php(565) : eval()'d code on line 219
[2026-07-06 18:08:05] Undefined variable $popular_pack_cond in C:\xampp\Desktop\mdcnpal\htdocs\public_html\core\app.php(565) : eval()'d code on line 219
[2026-07-06 18:08:05] Undefined variable $g_search_query in C:\xampp\Desktop\mdcnpal\htdocs\public_html\core\app.php(565) : eval()'d code on line 219
[2026-07-06 18:08:05] Undefined variable $department_cond in C:\xampp\Desktop\mdcnpal\htdocs\public_html\core\app.php(565) : eval()'d code on line 219
[2026-07-06 18:08:05] Undefined variable $type_cond in C:\xampp\Desktop\mdcnpal\htdocs\public_html\core\app.php(565) : eval()'d code on line 219
[2026-07-06 18:08:05] Undefined variable $dieses_cond in C:\xampp\Desktop\mdcnpal\htdocs\public_html\core\app.php(565) : eval()'d code on line 219
[2026-07-06 18:08:05] Undefined variable $popular_pack_cond in C:\xampp\Desktop\mdcnpal\htdocs\public_html\core\app.php(565) : eval()'d code on line 219
[2026-07-06 18:08:05] Undefined variable $g_search_query in C:\xampp\Desktop\mdcnpal\htdocs\public_html\core\app.php(565) : eval()'d code on line 219
[2026-07-06 18:08:05] Undefined variable $department_cond in C:\xampp\Desktop\mdcnpal\htdocs\public_html\core\app.php(565) : eval()'d code on line 219
[2026-07-06 18:08:05] Undefined variable $type_cond in C:\xampp\Desktop\mdcnpal\htdocs\public_html\core\app.php(565) : eval()'d code on line 219
[2026-07-06 18:08:05] Undefined variable $dieses_cond in C:\xampp\Desktop\mdcnpal\htdocs\public_html\core\app.php(565) : eval()'d code on line 219
[2026-07-06 18:08:05] Undefined variable $popular_pack_cond in C:\xampp\Desktop\mdcnpal\htdocs\public_html\core\app.php(565) : eval()'d code on line 219
[2026-07-06 18:08:05] Undefined property: app::$rs_customer in C:\xampp\Desktop\mdcnpal\htdocs\public_html\includes\footer.php on line 357
[2026-07-06 18:08:05] Trying to access array offset on value of type null in C:\xampp\Desktop\mdcnpal\htdocs\public_html\includes\footer.php on line 357
[2026-07-06 18:08:05] Undefined property: app::$rs_customer in C:\xampp\Desktop\mdcnpal\htdocs\public_html\includes\footer.php on line 366
[2026-07-06 18:08:05] Trying to access array offset on value of type null in C:\xampp\Desktop\mdcnpal\htdocs\public_html\includes\footer.php on line 366
[2026-07-06 18:08:05] Undefined property: app::$rs_customer in C:\xampp\Desktop\mdcnpal\htdocs\public_html\includes\footer.php on line 372
[2026-07-06 18:08:05] Trying to access array offset on value of type null in C:\xampp\Desktop\mdcnpal\htdocs\public_html\includes\footer.php on line 372
[2026-07-06 18:08:05] Undefined property: app::$rs_customer in C:\xampp\Desktop\mdcnpal\htdocs\public_html\includes\general_data.php on line 88
[2026-07-06 18:08:05] Trying to access array offset on value of type null in C:\xampp\Desktop\mdcnpal\htdocs\public_html\includes\general_data.php on line 88
[2026-07-06 18:08:05] Undefined array key "MDRCCustID" in C:\xampp\Desktop\mdcnpal\htdocs\public_html\includes\general_data.php on line 88
[2026-07-06 18:08:05] Undefined variable $tmpStr in C:\xampp\Desktop\mdcnpal\htdocs\public_html\core\app.php on line 971
[2026-07-06 18:08:10] Creation of dynamic property dbclass::$RECORD_SET is deprecated in C:\xampp\Desktop\mdcnpal\htdocs\public_html\core\dbclass.php on line 69
[2026-07-06 18:08:10] Creation of dynamic property dbclass::$app is deprecated in C:\xampp\Desktop\mdcnpal\htdocs\public_html\core\dbclass.php on line 75
[2026-07-06 18:08:10] Creation of dynamic property model::$foreign_tables is deprecated in C:\xampp\Desktop\mdcnpal\htdocs\public_html\core\model.php on line 43
[2026-07-06 18:08:10] Creation of dynamic property app::$inputfilter is deprecated in C:\xampp\Desktop\mdcnpal\htdocs\public_html\core\app.php on line 123
[2026-07-06 18:08:10] Creation of dynamic property app::$userconfig is deprecated in C:\xampp\Desktop\mdcnpal\htdocs\public_html\core\app.php on line 124
[2026-07-06 18:08:10] Creation of dynamic property app::$global_include is deprecated in C:\xampp\Desktop\mdcnpal\htdocs\public_html\core\app.php on line 125
[2026-07-06 18:08:10] Creation of dynamic property app::$set_cache_time is deprecated in C:\xampp\Desktop\mdcnpal\htdocs\public_html\core\app.php on line 153
[2026-07-06 18:08:10] Undefined variable $RESULT in C:\xampp\Desktop\mdcnpal\htdocs\public_html\scripts\ajax\selectCityUsingGoogleMapApi.php on line 69
[2026-07-06 18:08:10] Undefined variable $URL in C:\xampp\Desktop\mdcnpal\htdocs\public_html\scripts\ajax\selectCityUsingGoogleMapApi.php on line 73
[2026-07-06 18:08:23] Creation of dynamic property dbclass::$RECORD_SET is deprecated in C:\xampp\Desktop\mdcnpal\htdocs\public_html\core\dbclass.php on line 69
[2026-07-06 18:08:23] Creation of dynamic property dbclass::$app is deprecated in C:\xampp\Desktop\mdcnpal\htdocs\public_html\core\dbclass.php on line 75
[2026-07-06 18:08:23] Creation of dynamic property model::$foreign_tables is deprecated in C:\xampp\Desktop\mdcnpal\htdocs\public_html\core\model.php on line 43
[2026-07-06 18:08:23] Creation of dynamic property app::$inputfilter is deprecated in C:\xampp\Desktop\mdcnpal\htdocs\public_html\core\app.php on line 123
[2026-07-06 18:08:23] Creation of dynamic property app::$userconfig is deprecated in C:\xampp\Desktop\mdcnpal\htdocs\public_html\core\app.php on line 124
[2026-07-06 18:08:23] Creation of dynamic property app::$global_include is deprecated in C:\xampp\Desktop\mdcnpal\htdocs\public_html\core\app.php on line 125
[2026-07-06 18:08:23] Creation of dynamic property app::$set_cache_time is deprecated in C:\xampp\Desktop\mdcnpal\htdocs\public_html\core\app.php on line 153
[2026-07-06 18:08:23] Creation of dynamic property app::$meta is deprecated in C:\xampp\Desktop\mdcnpal\htdocs\public_html\core\app.php on line 434
[2026-07-06 18:08:23] Creation of dynamic property app::$rs_gs_city is deprecated in C:\xampp\Desktop\mdcnpal\htdocs\public_html\core\app.php on line 434
[2026-07-06 18:08:23] Creation of dynamic property app::$rs_footer_popular_item is deprecated in C:\xampp\Desktop\mdcnpal\htdocs\public_html\core\app.php on line 434
[2026-07-06 18:08:23] Creation of dynamic property app::$rs_footer_popular_test is deprecated in C:\xampp\Desktop\mdcnpal\htdocs\public_html\core\app.php on line 434
[2026-07-06 18:08:24] Creation of dynamic property app::$rs_testimonial is deprecated in C:\xampp\Desktop\mdcnpal\htdocs\public_html\core\app.php on line 434
[2026-07-06 18:08:24] Creation of dynamic property app::$admin is deprecated in C:\xampp\Desktop\mdcnpal\htdocs\public_html\core\app.php on line 434
[2026-07-06 18:08:24] Undefined array key 0 in C:\xampp\Desktop\mdcnpal\htdocs\public_html\core\global_include.php on line 514
[2026-07-06 18:08:24] Creation of dynamic property app::$popup is deprecated in C:\xampp\Desktop\mdcnpal\htdocs\public_html\core\app.php on line 434
[2026-07-06 18:08:24] Undefined array key "MDRCCustID" in C:\xampp\Desktop\mdcnpal\htdocs\public_html\core\global_include.php on line 515
[2026-07-06 18:08:24] Undefined array key "MDRCToken" in C:\xampp\Desktop\mdcnpal\htdocs\public_html\core\global_include.php on line 515
[2026-07-06 18:08:24] Creation of dynamic property app::$rscategory is deprecated in C:\xampp\Desktop\mdcnpal\htdocs\public_html\core\app.php on line 434
[2026-07-06 18:08:24] Creation of dynamic property app::$rs_pages is deprecated in C:\xampp\Desktop\mdcnpal\htdocs\public_html\core\app.php on line 434
[2026-07-06 18:08:24] Creation of dynamic property app::$gs is deprecated in C:\xampp\Desktop\mdcnpal\htdocs\public_html\core\app.php on line 434
[2026-07-06 18:08:24] Undefined array key "MDRCCustID" in C:\xampp\Desktop\mdcnpal\htdocs\public_html\core\global_include.php on line 596
[2026-07-06 18:08:24] Undefined array key "MDRCCustID" in C:\xampp\Desktop\mdcnpal\htdocs\public_html\core\global_include.php on line 615
[2026-07-06 18:08:24] Undefined variable $getId in C:\xampp\Desktop\mdcnpal\htdocs\public_html\core\global_include.php on line 684
[2026-07-06 18:08:24] Undefined variable $getName in C:\xampp\Desktop\mdcnpal\htdocs\public_html\core\global_include.php on line 685
[2026-07-06 18:08:24] Undefined array key 0 in C:\xampp\Desktop\mdcnpal\htdocs\public_html\core\global_include.php on line 810
[2026-07-06 18:08:24] Creation of dynamic property app::$rs_offer_msg is deprecated in C:\xampp\Desktop\mdcnpal\htdocs\public_html\core\app.php on line 434
[2026-07-06 18:08:24] Creation of dynamic property app::$rs_for_doctors is deprecated in C:\xampp\Desktop\mdcnpal\htdocs\public_html\core\app.php on line 434
[2026-07-06 18:08:24] Creation of dynamic property app::$rs_blog_category is deprecated in C:\xampp\Desktop\mdcnpal\htdocs\public_html\core\app.php on line 434
[2026-07-06 18:08:24] Undefined variable $array_bread in C:\xampp\Desktop\mdcnpal\htdocs\public_html\controllers\controller_blog.php on line 62
[2026-07-06 18:08:24] Creation of dynamic property app::$array_bread is deprecated in C:\xampp\Desktop\mdcnpal\htdocs\public_html\core\app.php on line 434
[2026-07-06 18:08:24] Creation of dynamic property app::$CatId is deprecated in C:\xampp\Desktop\mdcnpal\htdocs\public_html\core\app.php on line 434
[2026-07-06 18:08:24] Creation of dynamic property app::$TagId is deprecated in C:\xampp\Desktop\mdcnpal\htdocs\public_html\core\app.php on line 434
[2026-07-06 18:08:24] Creation of dynamic property app::$rs_data is deprecated in C:\xampp\Desktop\mdcnpal\htdocs\public_html\core\app.php on line 434
[2026-07-06 18:08:24] Undefined property: app::$rs_cartmini in C:\xampp\Desktop\mdcnpal\htdocs\public_html\includes\header.php on line 131
[2026-07-06 18:08:24] Undefined array key "MDRCCustID" in C:\xampp\Desktop\mdcnpal\htdocs\public_html\includes\header.php on line 134
[2026-07-06 18:08:24] Undefined property: app::$rs_cartmini in C:\xampp\Desktop\mdcnpal\htdocs\public_html\includes\header.php on line 197
[2026-07-06 18:08:24] Undefined array key "MDRCCustID" in C:\xampp\Desktop\mdcnpal\htdocs\public_html\includes\header.php on line 200
[2026-07-06 18:08:24] Undefined property: app::$rs_cartmini in C:\xampp\Desktop\mdcnpal\htdocs\public_html\includes\header.php on line 469
[2026-07-06 18:08:24] Undefined array key "MDRCCustID" in C:\xampp\Desktop\mdcnpal\htdocs\public_html\includes\header.php on line 472
[2026-07-06 18:08:24] Undefined property: app::$rs_cartmini in C:\xampp\Desktop\mdcnpal\htdocs\public_html\includes\header.php on line 525
[2026-07-06 18:08:24] Undefined array key "MDRCCustID" in C:\xampp\Desktop\mdcnpal\htdocs\public_html\includes\header.php on line 528
[2026-07-06 18:08:24] Undefined property: app::$rs_customer in C:\xampp\Desktop\mdcnpal\htdocs\public_html\includes\header.php on line 712
[2026-07-06 18:08:24] Trying to access array offset on value of type null in C:\xampp\Desktop\mdcnpal\htdocs\public_html\includes\header.php on line 712
[2026-07-06 18:08:24] Undefined property: app::$rs_customer in C:\xampp\Desktop\mdcnpal\htdocs\public_html\includes\header.php on line 721
[2026-07-06 18:08:24] Trying to access array offset on value of type null in C:\xampp\Desktop\mdcnpal\htdocs\public_html\includes\header.php on line 721
[2026-07-06 18:08:24] Undefined property: app::$rs_customer in C:\xampp\Desktop\mdcnpal\htdocs\public_html\includes\header.php on line 730
[2026-07-06 18:08:24] Trying to access array offset on value of type null in C:\xampp\Desktop\mdcnpal\htdocs\public_html\includes\header.php on line 730
[2026-07-06 18:08:24] Undefined property: app::$rs_customer in C:\xampp\Desktop\mdcnpal\htdocs\public_html\includes\header.php on line 739
[2026-07-06 18:08:24] Trying to access array offset on value of type null in C:\xampp\Desktop\mdcnpal\htdocs\public_html\includes\header.php on line 739
[06-Jul-2026 18:08:24 Asia/Kathmandu] PHP Fatal error:  Uncaught TypeError: count(): Argument #1 ($value) must be of type Countable|array, int given in C:\xampp\Desktop\mdcnpal\htdocs\public_html\core\app.php(565) : eval()'d code:81
Stack trace:
#0 C:\xampp\Desktop\mdcnpal\htdocs\public_html\core\app.php(565): eval()
#1 C:\xampp\Desktop\mdcnpal\htdocs\public_html\core\app.php(535): app->compile()
#2 C:\xampp\Desktop\mdcnpal\htdocs\public_html\core\app.php(516): app->package()
#3 C:\xampp\Desktop\mdcnpal\htdocs\public_html\index.php(6): app->execute()
#4 {main}
  thrown in C:\xampp\Desktop\mdcnpal\htdocs\public_html\core\app.php(565) : eval()'d code on line 81
[2026-07-06 18:08:26] Creation of dynamic property dbclass::$RECORD_SET is deprecated in C:\xampp\Desktop\mdcnpal\htdocs\public_html\core\dbclass.php on line 69
[2026-07-06 18:08:26] Creation of dynamic property dbclass::$app is deprecated in C:\xampp\Desktop\mdcnpal\htdocs\public_html\core\dbclass.php on line 75
[2026-07-06 18:08:26] Creation of dynamic property model::$foreign_tables is deprecated in C:\xampp\Desktop\mdcnpal\htdocs\public_html\core\model.php on line 43
[2026-07-06 18:08:26] Undefined array key "REMOTE_ADDR" in C:\xampp\Desktop\mdcnpal\htdocs\public_html\core\domsecure.php on line 29
[2026-07-06 18:08:26] gethostbyaddr(): Passing null to parameter #1 ($ip) of type string is deprecated in C:\xampp\Desktop\mdcnpal\htdocs\public_html\core\domsecure.php on line 29
[2026-07-06 18:08:26] gethostbyaddr(): Address is not a valid IPv4 or IPv6 address in C:\xampp\Desktop\mdcnpal\htdocs\public_html\core\domsecure.php on line 29
[2026-07-06 18:08:26] Creation of dynamic property app::$inputfilter is deprecated in C:\xampp\Desktop\mdcnpal\htdocs\public_html\core\app.php on line 123
[2026-07-06 18:08:26] Creation of dynamic property app::$userconfig is deprecated in C:\xampp\Desktop\mdcnpal\htdocs\public_html\core\app.php on line 124
[2026-07-06 18:08:26] Creation of dynamic property app::$global_include is deprecated in C:\xampp\Desktop\mdcnpal\htdocs\public_html\core\app.php on line 125
[2026-07-06 18:08:26] Creation of dynamic property app::$set_cache_time is deprecated in C:\xampp\Desktop\mdcnpal\htdocs\public_html\core\app.php on line 153
[2026-07-06 18:08:26] Undefined array key "REQUEST_METHOD" in C:\xampp\Desktop\mdcnpal\htdocs\public_html\core\app.php on line 233
[2026-07-06 18:08:26] Undefined array key "HTTP_HOST" in C:\xampp\Desktop\mdcnpal\htdocs\public_html\core\global_include.php on line 308
[2026-07-06 18:08:26] Undefined array key "HTTP_HOST" in C:\xampp\Desktop\mdcnpal\htdocs\public_html\core\global_include.php on line 327
[2026-07-06 18:08:26] Undefined array key "HTTP_HOST" in C:\xampp\Desktop\mdcnpal\htdocs\public_html\core\global_include.php on line 334
[2026-07-06 18:08:34] Creation of dynamic property dbclass::$RECORD_SET is deprecated in C:\xampp\Desktop\mdcnpal\htdocs\public_html\core\dbclass.php on line 69
[2026-07-06 18:08:34] Creation of dynamic property dbclass::$app is deprecated in C:\xampp\Desktop\mdcnpal\htdocs\public_html\core\dbclass.php on line 75
[2026-07-06 18:08:34] Creation of dynamic property model::$foreign_tables is deprecated in C:\xampp\Desktop\mdcnpal\htdocs\public_html\core\model.php on line 43
[2026-07-06 18:08:34] Creation of dynamic property app::$inputfilter is deprecated in C:\xampp\Desktop\mdcnpal\htdocs\public_html\core\app.php on line 123
[2026-07-06 18:08:34] Creation of dynamic property app::$userconfig is deprecated in C:\xampp\Desktop\mdcnpal\htdocs\public_html\core\app.php on line 124
[2026-07-06 18:08:34] Creation of dynamic property app::$global_include is deprecated in C:\xampp\Desktop\mdcnpal\htdocs\public_html\core\app.php on line 125
[2026-07-06 18:08:34] Creation of dynamic property app::$set_cache_time is deprecated in C:\xampp\Desktop\mdcnpal\htdocs\public_html\core\app.php on line 153
[2026-07-06 18:08:34] Creation of dynamic property app::$meta is deprecated in C:\xampp\Desktop\mdcnpal\htdocs\public_html\core\app.php on line 434
[2026-07-06 18:08:34] Creation of dynamic property app::$rs_gs_city is deprecated in C:\xampp\Desktop\mdcnpal\htdocs\public_html\core\app.php on line 434
[2026-07-06 18:08:34] Creation of dynamic property app::$rs_footer_popular_item is deprecated in C:\xampp\Desktop\mdcnpal\htdocs\public_html\core\app.php on line 434
[2026-07-06 18:08:35] Creation of dynamic property app::$rs_footer_popular_test is deprecated in C:\xampp\Desktop\mdcnpal\htdocs\public_html\core\app.php on line 434
[2026-07-06 18:08:35] Creation of dynamic property app::$rs_testimonial is deprecated in C:\xampp\Desktop\mdcnpal\htdocs\public_html\core\app.php on line 434
[2026-07-06 18:08:35] Creation of dynamic property app::$admin is deprecated in C:\xampp\Desktop\mdcnpal\htdocs\public_html\core\app.php on line 434
[2026-07-06 18:08:35] Undefined array key 0 in C:\xampp\Desktop\mdcnpal\htdocs\public_html\core\global_include.php on line 514
[2026-07-06 18:08:35] Creation of dynamic property app::$popup is deprecated in C:\xampp\Desktop\mdcnpal\htdocs\public_html\core\app.php on line 434
[2026-07-06 18:08:35] Undefined array key "MDRCCustID" in C:\xampp\Desktop\mdcnpal\htdocs\public_html\core\global_include.php on line 515
[2026-07-06 18:08:35] Undefined array key "MDRCToken" in C:\xampp\Desktop\mdcnpal\htdocs\public_html\core\global_include.php on line 515
[2026-07-06 18:08:35] Creation of dynamic property app::$rscategory is deprecated in C:\xampp\Desktop\mdcnpal\htdocs\public_html\core\app.php on line 434
[2026-07-06 18:08:35] Creation of dynamic property app::$rs_pages is deprecated in C:\xampp\Desktop\mdcnpal\htdocs\public_html\core\app.php on line 434
[2026-07-06 18:08:35] Creation of dynamic property app::$gs is deprecated in C:\xampp\Desktop\mdcnpal\htdocs\public_html\core\app.php on line 434
[2026-07-06 18:08:35] Undefined array key "MDRCCustID" in C:\xampp\Desktop\mdcnpal\htdocs\public_html\core\global_include.php on line 596
[2026-07-06 18:08:35] Undefined array key "MDRCCustID" in C:\xampp\Desktop\mdcnpal\htdocs\public_html\core\global_include.php on line 615
[2026-07-06 18:08:35] Undefined variable $getId in C:\xampp\Desktop\mdcnpal\htdocs\public_html\core\global_include.php on line 684
[2026-07-06 18:08:35] Undefined variable $getName in C:\xampp\Desktop\mdcnpal\htdocs\public_html\core\global_include.php on line 685
[2026-07-06 18:08:35] Undefined array key 0 in C:\xampp\Desktop\mdcnpal\htdocs\public_html\core\global_include.php on line 810
[2026-07-06 18:08:35] Creation of dynamic property app::$rs_offer_msg is deprecated in C:\xampp\Desktop\mdcnpal\htdocs\public_html\core\app.php on line 434
[2026-07-06 18:08:35] Creation of dynamic property app::$rs_for_doctors is deprecated in C:\xampp\Desktop\mdcnpal\htdocs\public_html\core\app.php on line 434
[2026-07-06 18:08:35] Creation of dynamic property app::$description is deprecated in C:\xampp\Desktop\mdcnpal\htdocs\public_html\core\app.php on line 434
[2026-07-06 18:08:35] Creation of dynamic property app::$rs_banner is deprecated in C:\xampp\Desktop\mdcnpal\htdocs\public_html\core\app.php on line 434
[2026-07-06 18:08:35] Creation of dynamic property app::$rs_item_diseases is deprecated in C:\xampp\Desktop\mdcnpal\htdocs\public_html\core\app.php on line 434
[2026-07-06 18:08:35] Creation of dynamic property app::$rs_item_home_category is deprecated in C:\xampp\Desktop\mdcnpal\htdocs\public_html\core\app.php on line 434
[2026-07-06 18:08:35] Creation of dynamic property app::$rs_item_banner_category is deprecated in C:\xampp\Desktop\mdcnpal\htdocs\public_html\core\app.php on line 434
[2026-07-06 18:08:35] Creation of dynamic property app::$rs_services is deprecated in C:\xampp\Desktop\mdcnpal\htdocs\public_html\core\app.php on line 434
[2026-07-06 18:08:35] Creation of dynamic property app::$rs_blog is deprecated in C:\xampp\Desktop\mdcnpal\htdocs\public_html\core\app.php on line 434
[2026-07-06 18:08:35] Creation of dynamic property app::$rs_category is deprecated in C:\xampp\Desktop\mdcnpal\htdocs\public_html\core\app.php on line 434
[2026-07-06 18:08:35] Creation of dynamic property app::$rs_faq_data is deprecated in C:\xampp\Desktop\mdcnpal\htdocs\public_html\core\app.php on line 434
[2026-07-06 18:08:35] Creation of dynamic property app::$rs_gallery_data is deprecated in C:\xampp\Desktop\mdcnpal\htdocs\public_html\core\app.php on line 434
[2026-07-06 18:08:35] Undefined property: app::$rs_cartmini in C:\xampp\Desktop\mdcnpal\htdocs\public_html\includes\header.php on line 131
[2026-07-06 18:08:35] Undefined array key "MDRCCustID" in C:\xampp\Desktop\mdcnpal\htdocs\public_html\includes\header.php on line 134
[2026-07-06 18:08:35] Undefined property: app::$rs_cartmini in C:\xampp\Desktop\mdcnpal\htdocs\public_html\includes\header.php on line 197
[2026-07-06 18:08:35] Undefined array key "MDRCCustID" in C:\xampp\Desktop\mdcnpal\htdocs\public_html\includes\header.php on line 200
[2026-07-06 18:08:35] Undefined property: app::$rs_cartmini in C:\xampp\Desktop\mdcnpal\htdocs\public_html\includes\header.php on line 469
[2026-07-06 18:08:35] Undefined array key "MDRCCustID" in C:\xampp\Desktop\mdcnpal\htdocs\public_html\includes\header.php on line 472
[2026-07-06 18:08:35] Undefined property: app::$rs_cartmini in C:\xampp\Desktop\mdcnpal\htdocs\public_html\includes\header.php on line 525
[2026-07-06 18:08:35] Undefined array key "MDRCCustID" in C:\xampp\Desktop\mdcnpal\htdocs\public_html\includes\header.php on line 528
[2026-07-06 18:08:35] Undefined property: app::$rs_customer in C:\xampp\Desktop\mdcnpal\htdocs\public_html\includes\header.php on line 712
[2026-07-06 18:08:35] Trying to access array offset on value of type null in C:\xampp\Desktop\mdcnpal\htdocs\public_html\includes\header.php on line 712
[2026-07-06 18:08:35] Undefined property: app::$rs_customer in C:\xampp\Desktop\mdcnpal\htdocs\public_html\includes\header.php on line 721
[2026-07-06 18:08:35] Trying to access array offset on value of type null in C:\xampp\Desktop\mdcnpal\htdocs\public_html\includes\header.php on line 721
[2026-07-06 18:08:35] Undefined property: app::$rs_customer in C:\xampp\Desktop\mdcnpal\htdocs\public_html\includes\header.php on line 730
[2026-07-06 18:08:35] Trying to access array offset on value of type null in C:\xampp\Desktop\mdcnpal\htdocs\public_html\includes\header.php on line 730
[2026-07-06 18:08:35] Undefined property: app::$rs_customer in C:\xampp\Desktop\mdcnpal\htdocs\public_html\includes\header.php on line 739
[2026-07-06 18:08:35] Trying to access array offset on value of type null in C:\xampp\Desktop\mdcnpal\htdocs\public_html\includes\header.php on line 739
[2026-07-06 18:08:35] Undefined variable $g_search_query in C:\xampp\Desktop\mdcnpal\htdocs\public_html\core\app.php(565) : eval()'d code on line 219
[2026-07-06 18:08:35] Undefined variable $department_cond in C:\xampp\Desktop\mdcnpal\htdocs\public_html\core\app.php(565) : eval()'d code on line 219
[2026-07-06 18:08:35] Undefined variable $type_cond in C:\xampp\Desktop\mdcnpal\htdocs\public_html\core\app.php(565) : eval()'d code on line 219
[2026-07-06 18:08:35] Undefined variable $dieses_cond in C:\xampp\Desktop\mdcnpal\htdocs\public_html\core\app.php(565) : eval()'d code on line 219
[2026-07-06 18:08:35] Undefined variable $popular_pack_cond in C:\xampp\Desktop\mdcnpal\htdocs\public_html\core\app.php(565) : eval()'d code on line 219
[2026-07-06 18:08:35] Undefined variable $g_search_query in C:\xampp\Desktop\mdcnpal\htdocs\public_html\core\app.php(565) : eval()'d code on line 219
[2026-07-06 18:08:35] Undefined variable $department_cond in C:\xampp\Desktop\mdcnpal\htdocs\public_html\core\app.php(565) : eval()'d code on line 219
[2026-07-06 18:08:35] Undefined variable $type_cond in C:\xampp\Desktop\mdcnpal\htdocs\public_html\core\app.php(565) : eval()'d code on line 219
[2026-07-06 18:08:35] Undefined variable $dieses_cond in C:\xampp\Desktop\mdcnpal\htdocs\public_html\core\app.php(565) : eval()'d code on line 219
[2026-07-06 18:08:35] Undefined variable $popular_pack_cond in C:\xampp\Desktop\mdcnpal\htdocs\public_html\core\app.php(565) : eval()'d code on line 219
[2026-07-06 18:08:35] Undefined variable $g_search_query in C:\xampp\Desktop\mdcnpal\htdocs\public_html\core\app.php(565) : eval()'d code on line 219
[2026-07-06 18:08:35] Undefined variable $department_cond in C:\xampp\Desktop\mdcnpal\htdocs\public_html\core\app.php(565) : eval()'d code on line 219
[2026-07-06 18:08:35] Undefined variable $type_cond in C:\xampp\Desktop\mdcnpal\htdocs\public_html\core\app.php(565) : eval()'d code on line 219
[2026-07-06 18:08:35] Undefined variable $dieses_cond in C:\xampp\Desktop\mdcnpal\htdocs\public_html\core\app.php(565) : eval()'d code on line 219
[2026-07-06 18:08:35] Undefined variable $popular_pack_cond in C:\xampp\Desktop\mdcnpal\htdocs\public_html\core\app.php(565) : eval()'d code on line 219
[2026-07-06 18:08:35] Undefined variable $g_search_query in C:\xampp\Desktop\mdcnpal\htdocs\public_html\core\app.php(565) : eval()'d code on line 219
[2026-07-06 18:08:35] Undefined variable $department_cond in C:\xampp\Desktop\mdcnpal\htdocs\public_html\core\app.php(565) : eval()'d code on line 219
[2026-07-06 18:08:35] Undefined variable $type_cond in C:\xampp\Desktop\mdcnpal\htdocs\public_html\core\app.php(565) : eval()'d code on line 219
[2026-07-06 18:08:35] Undefined variable $dieses_cond in C:\xampp\Desktop\mdcnpal\htdocs\public_html\core\app.php(565) : eval()'d code on line 219
[2026-07-06 18:08:35] Undefined variable $popular_pack_cond in C:\xampp\Desktop\mdcnpal\htdocs\public_html\core\app.php(565) : eval()'d code on line 219
[2026-07-06 18:08:36] Undefined variable $g_search_query in C:\xampp\Desktop\mdcnpal\htdocs\public_html\core\app.php(565) : eval()'d code on line 219
[2026-07-06 18:08:36] Undefined variable $department_cond in C:\xampp\Desktop\mdcnpal\htdocs\public_html\core\app.php(565) : eval()'d code on line 219
[2026-07-06 18:08:36] Undefined variable $type_cond in C:\xampp\Desktop\mdcnpal\htdocs\public_html\core\app.php(565) : eval()'d code on line 219
[2026-07-06 18:08:36] Undefined variable $dieses_cond in C:\xampp\Desktop\mdcnpal\htdocs\public_html\core\app.php(565) : eval()'d code on line 219
[2026-07-06 18:08:36] Undefined variable $popular_pack_cond in C:\xampp\Desktop\mdcnpal\htdocs\public_html\core\app.php(565) : eval()'d code on line 219
[2026-07-06 18:08:36] Undefined property: app::$rs_customer in C:\xampp\Desktop\mdcnpal\htdocs\public_html\includes\footer.php on line 357
[2026-07-06 18:08:36] Trying to access array offset on value of type null in C:\xampp\Desktop\mdcnpal\htdocs\public_html\includes\footer.php on line 357
[2026-07-06 18:08:36] Undefined property: app::$rs_customer in C:\xampp\Desktop\mdcnpal\htdocs\public_html\includes\footer.php on line 366
[2026-07-06 18:08:36] Trying to access array offset on value of type null in C:\xampp\Desktop\mdcnpal\htdocs\public_html\includes\footer.php on line 366
[2026-07-06 18:08:36] Undefined property: app::$rs_customer in C:\xampp\Desktop\mdcnpal\htdocs\public_html\includes\footer.php on line 372
[2026-07-06 18:08:36] Trying to access array offset on value of type null in C:\xampp\Desktop\mdcnpal\htdocs\public_html\includes\footer.php on line 372
[2026-07-06 18:08:36] Undefined property: app::$rs_customer in C:\xampp\Desktop\mdcnpal\htdocs\public_html\includes\general_data.php on line 88
[2026-07-06 18:08:36] Trying to access array offset on value of type null in C:\xampp\Desktop\mdcnpal\htdocs\public_html\includes\general_data.php on line 88
[2026-07-06 18:08:36] Undefined array key "MDRCCustID" in C:\xampp\Desktop\mdcnpal\htdocs\public_html\includes\general_data.php on line 88
[2026-07-06 18:08:36] Undefined variable $tmpStr in C:\xampp\Desktop\mdcnpal\htdocs\public_html\core\app.php on line 971
[2026-07-06 18:08:54] Creation of dynamic property dbclass::$RECORD_SET is deprecated in C:\xampp\Desktop\mdcnpal\htdocs\public_html\core\dbclass.php on line 69
[2026-07-06 18:08:54] Creation of dynamic property dbclass::$app is deprecated in C:\xampp\Desktop\mdcnpal\htdocs\public_html\core\dbclass.php on line 75
[2026-07-06 18:08:54] Creation of dynamic property model::$foreign_tables is deprecated in C:\xampp\Desktop\mdcnpal\htdocs\public_html\core\model.php on line 43
[2026-07-06 18:08:54] Creation of dynamic property app::$inputfilter is deprecated in C:\xampp\Desktop\mdcnpal\htdocs\public_html\core\app.php on line 123
[2026-07-06 18:08:54] Creation of dynamic property app::$userconfig is deprecated in C:\xampp\Desktop\mdcnpal\htdocs\public_html\core\app.php on line 124
[2026-07-06 18:08:54] Creation of dynamic property app::$global_include is deprecated in C:\xampp\Desktop\mdcnpal\htdocs\public_html\core\app.php on line 125
[2026-07-06 18:08:54] Creation of dynamic property app::$set_cache_time is deprecated in C:\xampp\Desktop\mdcnpal\htdocs\public_html\core\app.php on line 153
[2026-07-06 18:08:54] Undefined variable $RESULT in C:\xampp\Desktop\mdcnpal\htdocs\public_html\scripts\ajax\selectCityUsingGoogleMapApi.php on line 69
[2026-07-06 18:08:54] Undefined variable $URL in C:\xampp\Desktop\mdcnpal\htdocs\public_html\scripts\ajax\selectCityUsingGoogleMapApi.php on line 73
[2026-07-06 18:08:58] Creation of dynamic property dbclass::$RECORD_SET is deprecated in C:\xampp\Desktop\mdcnpal\htdocs\public_html\core\dbclass.php on line 69
[2026-07-06 18:08:58] Creation of dynamic property dbclass::$app is deprecated in C:\xampp\Desktop\mdcnpal\htdocs\public_html\core\dbclass.php on line 75
[2026-07-06 18:08:58] Creation of dynamic property model::$foreign_tables is deprecated in C:\xampp\Desktop\mdcnpal\htdocs\public_html\core\model.php on line 43
[2026-07-06 18:08:58] Creation of dynamic property app::$inputfilter is deprecated in C:\xampp\Desktop\mdcnpal\htdocs\public_html\core\app.php on line 123
[2026-07-06 18:08:58] Creation of dynamic property app::$userconfig is deprecated in C:\xampp\Desktop\mdcnpal\htdocs\public_html\core\app.php on line 124
[2026-07-06 18:08:58] Creation of dynamic property app::$global_include is deprecated in C:\xampp\Desktop\mdcnpal\htdocs\public_html\core\app.php on line 125
[2026-07-06 18:08:58] Creation of dynamic property app::$set_cache_time is deprecated in C:\xampp\Desktop\mdcnpal\htdocs\public_html\core\app.php on line 153
[2026-07-06 18:08:58] Creation of dynamic property app::$meta is deprecated in C:\xampp\Desktop\mdcnpal\htdocs\public_html\core\app.php on line 434
[2026-07-06 18:08:58] Creation of dynamic property app::$rs_gs_city is deprecated in C:\xampp\Desktop\mdcnpal\htdocs\public_html\core\app.php on line 434
[2026-07-06 18:09:00] Creation of dynamic property app::$rs_footer_popular_item is deprecated in C:\xampp\Desktop\mdcnpal\htdocs\public_html\core\app.php on line 434
[2026-07-06 18:09:00] Creation of dynamic property app::$rs_footer_popular_test is deprecated in C:\xampp\Desktop\mdcnpal\htdocs\public_html\core\app.php on line 434
[2026-07-06 18:09:00] Creation of dynamic property app::$rs_testimonial is deprecated in C:\xampp\Desktop\mdcnpal\htdocs\public_html\core\app.php on line 434
[2026-07-06 18:09:00] Creation of dynamic property app::$admin is deprecated in C:\xampp\Desktop\mdcnpal\htdocs\public_html\core\app.php on line 434
[2026-07-06 18:09:00] Undefined array key 0 in C:\xampp\Desktop\mdcnpal\htdocs\public_html\core\global_include.php on line 514
[2026-07-06 18:09:00] Creation of dynamic property app::$popup is deprecated in C:\xampp\Desktop\mdcnpal\htdocs\public_html\core\app.php on line 434
[2026-07-06 18:09:00] Undefined array key "MDRCCustID" in C:\xampp\Desktop\mdcnpal\htdocs\public_html\core\global_include.php on line 515
[2026-07-06 18:09:00] Undefined array key "MDRCToken" in C:\xampp\Desktop\mdcnpal\htdocs\public_html\core\global_include.php on line 515
[2026-07-06 18:09:00] Creation of dynamic property app::$rscategory is deprecated in C:\xampp\Desktop\mdcnpal\htdocs\public_html\core\app.php on line 434
[2026-07-06 18:09:00] Creation of dynamic property app::$rs_pages is deprecated in C:\xampp\Desktop\mdcnpal\htdocs\public_html\core\app.php on line 434
[2026-07-06 18:09:00] Creation of dynamic property app::$gs is deprecated in C:\xampp\Desktop\mdcnpal\htdocs\public_html\core\app.php on line 434
[2026-07-06 18:09:00] Undefined array key "MDRCCustID" in C:\xampp\Desktop\mdcnpal\htdocs\public_html\core\global_include.php on line 596
[2026-07-06 18:09:00] Undefined array key "MDRCCustID" in C:\xampp\Desktop\mdcnpal\htdocs\public_html\core\global_include.php on line 615
[2026-07-06 18:09:00] Undefined variable $getId in C:\xampp\Desktop\mdcnpal\htdocs\public_html\core\global_include.php on line 684
[2026-07-06 18:09:00] Undefined variable $getName in C:\xampp\Desktop\mdcnpal\htdocs\public_html\core\global_include.php on line 685
[2026-07-06 18:09:00] Undefined array key 0 in C:\xampp\Desktop\mdcnpal\htdocs\public_html\core\global_include.php on line 810
[2026-07-06 18:09:00] Creation of dynamic property app::$rs_offer_msg is deprecated in C:\xampp\Desktop\mdcnpal\htdocs\public_html\core\app.php on line 434
[2026-07-06 18:09:00] Creation of dynamic property app::$rs_for_doctors is deprecated in C:\xampp\Desktop\mdcnpal\htdocs\public_html\core\app.php on line 434
[2026-07-06 18:09:00] Creation of dynamic property app::$rs_data is deprecated in C:\xampp\Desktop\mdcnpal\htdocs\public_html\core\app.php on line 434
[2026-07-06 18:09:00] Creation of dynamic property app::$rs_certi_data is deprecated in C:\xampp\Desktop\mdcnpal\htdocs\public_html\core\app.php on line 434
[2026-07-06 18:09:00] Creation of dynamic property app::$rs_key_fetures_data is deprecated in C:\xampp\Desktop\mdcnpal\htdocs\public_html\core\app.php on line 434
[2026-07-06 18:09:00] Creation of dynamic property app::$rs_banner is deprecated in C:\xampp\Desktop\mdcnpal\htdocs\public_html\core\app.php on line 434
[2026-07-06 18:09:00] Undefined variable $rs_package_data in C:\xampp\Desktop\mdcnpal\htdocs\public_html\controllers\controller_detail.php on line 94
[2026-07-06 18:09:00] Creation of dynamic property app::$rs_package_data is deprecated in C:\xampp\Desktop\mdcnpal\htdocs\public_html\core\app.php on line 434
[2026-07-06 18:09:00] Creation of dynamic property app::$city_id is deprecated in C:\xampp\Desktop\mdcnpal\htdocs\public_html\core\app.php on line 434
[2026-07-06 18:09:00] Creation of dynamic property app::$city_name is deprecated in C:\xampp\Desktop\mdcnpal\htdocs\public_html\core\app.php on line 434
[2026-07-06 18:09:00] Creation of dynamic property app::$rs_faq_data is deprecated in C:\xampp\Desktop\mdcnpal\htdocs\public_html\core\app.php on line 434
[2026-07-06 18:09:00] Undefined property: app::$rs_cartmini in C:\xampp\Desktop\mdcnpal\htdocs\public_html\includes\header.php on line 131
[2026-07-06 18:09:00] Undefined array key "MDRCCustID" in C:\xampp\Desktop\mdcnpal\htdocs\public_html\includes\header.php on line 134
[2026-07-06 18:09:00] Undefined property: app::$rs_cartmini in C:\xampp\Desktop\mdcnpal\htdocs\public_html\includes\header.php on line 197
[2026-07-06 18:09:00] Undefined array key "MDRCCustID" in C:\xampp\Desktop\mdcnpal\htdocs\public_html\includes\header.php on line 200
[2026-07-06 18:09:00] Undefined property: app::$rs_cartmini in C:\xampp\Desktop\mdcnpal\htdocs\public_html\includes\header.php on line 469
[2026-07-06 18:09:00] Undefined array key "MDRCCustID" in C:\xampp\Desktop\mdcnpal\htdocs\public_html\includes\header.php on line 472
[2026-07-06 18:09:00] Undefined property: app::$rs_cartmini in C:\xampp\Desktop\mdcnpal\htdocs\public_html\includes\header.php on line 525
[2026-07-06 18:09:00] Undefined array key "MDRCCustID" in C:\xampp\Desktop\mdcnpal\htdocs\public_html\includes\header.php on line 528
[2026-07-06 18:09:00] Undefined property: app::$rs_customer in C:\xampp\Desktop\mdcnpal\htdocs\public_html\includes\header.php on line 712
[2026-07-06 18:09:00] Trying to access array offset on value of type null in C:\xampp\Desktop\mdcnpal\htdocs\public_html\includes\header.php on line 712
[2026-07-06 18:09:00] Undefined property: app::$rs_customer in C:\xampp\Desktop\mdcnpal\htdocs\public_html\includes\header.php on line 721
[2026-07-06 18:09:00] Trying to access array offset on value of type null in C:\xampp\Desktop\mdcnpal\htdocs\public_html\includes\header.php on line 721
[2026-07-06 18:09:00] Undefined property: app::$rs_customer in C:\xampp\Desktop\mdcnpal\htdocs\public_html\includes\header.php on line 730
[2026-07-06 18:09:00] Trying to access array offset on value of type null in C:\xampp\Desktop\mdcnpal\htdocs\public_html\includes\header.php on line 730
[2026-07-06 18:09:00] Undefined property: app::$rs_customer in C:\xampp\Desktop\mdcnpal\htdocs\public_html\includes\header.php on line 739
[2026-07-06 18:09:00] Trying to access array offset on value of type null in C:\xampp\Desktop\mdcnpal\htdocs\public_html\includes\header.php on line 739
[06-Jul-2026 18:09:00 Asia/Kathmandu] PHP Fatal error:  Uncaught TypeError: count(): Argument #1 ($value) must be of type Countable|array, null given in C:\xampp\Desktop\mdcnpal\htdocs\public_html\core\app.php(565) : eval()'d code:42
Stack trace:
#0 C:\xampp\Desktop\mdcnpal\htdocs\public_html\core\app.php(565): eval()
#1 C:\xampp\Desktop\mdcnpal\htdocs\public_html\core\app.php(535): app->compile()
#2 C:\xampp\Desktop\mdcnpal\htdocs\public_html\core\app.php(516): app->package()
#3 C:\xampp\Desktop\mdcnpal\htdocs\public_html\index.php(6): app->execute()
#4 {main}
  thrown in C:\xampp\Desktop\mdcnpal\htdocs\public_html\core\app.php(565) : eval()'d code on line 42
[2026-07-06 18:09:01] Creation of dynamic property dbclass::$RECORD_SET is deprecated in C:\xampp\Desktop\mdcnpal\htdocs\public_html\core\dbclass.php on line 69
[2026-07-06 18:09:01] Creation of dynamic property dbclass::$app is deprecated in C:\xampp\Desktop\mdcnpal\htdocs\public_html\core\dbclass.php on line 75
[2026-07-06 18:09:01] Creation of dynamic property model::$foreign_tables is deprecated in C:\xampp\Desktop\mdcnpal\htdocs\public_html\core\model.php on line 43
[2026-07-06 18:09:01] Creation of dynamic property app::$inputfilter is deprecated in C:\xampp\Desktop\mdcnpal\htdocs\public_html\core\app.php on line 123
[2026-07-06 18:09:01] Creation of dynamic property app::$userconfig is deprecated in C:\xampp\Desktop\mdcnpal\htdocs\public_html\core\app.php on line 124
[2026-07-06 18:09:01] Creation of dynamic property app::$global_include is deprecated in C:\xampp\Desktop\mdcnpal\htdocs\public_html\core\app.php on line 125
[2026-07-06 18:09:01] Creation of dynamic property app::$set_cache_time is deprecated in C:\xampp\Desktop\mdcnpal\htdocs\public_html\core\app.php on line 153
[2026-07-06 18:09:01] Creation of dynamic property app::$meta is deprecated in C:\xampp\Desktop\mdcnpal\htdocs\public_html\core\app.php on line 434
[2026-07-06 18:09:01] Creation of dynamic property app::$rs_gs_city is deprecated in C:\xampp\Desktop\mdcnpal\htdocs\public_html\core\app.php on line 434
[2026-07-06 18:09:01] Creation of dynamic property app::$rs_footer_popular_item is deprecated in C:\xampp\Desktop\mdcnpal\htdocs\public_html\core\app.php on line 434
[2026-07-06 18:09:01] Creation of dynamic property app::$rs_footer_popular_test is deprecated in C:\xampp\Desktop\mdcnpal\htdocs\public_html\core\app.php on line 434
[2026-07-06 18:09:01] Creation of dynamic property app::$rs_testimonial is deprecated in C:\xampp\Desktop\mdcnpal\htdocs\public_html\core\app.php on line 434
[2026-07-06 18:09:02] Creation of dynamic property app::$admin is deprecated in C:\xampp\Desktop\mdcnpal\htdocs\public_html\core\app.php on line 434
[2026-07-06 18:09:02] Undefined array key 0 in C:\xampp\Desktop\mdcnpal\htdocs\public_html\core\global_include.php on line 514
[2026-07-06 18:09:02] Creation of dynamic property app::$popup is deprecated in C:\xampp\Desktop\mdcnpal\htdocs\public_html\core\app.php on line 434
[2026-07-06 18:09:02] Undefined array key "MDRCCustID" in C:\xampp\Desktop\mdcnpal\htdocs\public_html\core\global_include.php on line 515
[2026-07-06 18:09:02] Undefined array key "MDRCToken" in C:\xampp\Desktop\mdcnpal\htdocs\public_html\core\global_include.php on line 515
[2026-07-06 18:09:02] Creation of dynamic property app::$rscategory is deprecated in C:\xampp\Desktop\mdcnpal\htdocs\public_html\core\app.php on line 434
[2026-07-06 18:09:02] Creation of dynamic property app::$rs_pages is deprecated in C:\xampp\Desktop\mdcnpal\htdocs\public_html\core\app.php on line 434
[2026-07-06 18:09:02] Creation of dynamic property app::$gs is deprecated in C:\xampp\Desktop\mdcnpal\htdocs\public_html\core\app.php on line 434
[2026-07-06 18:09:02] Undefined array key "MDRCCustID" in C:\xampp\Desktop\mdcnpal\htdocs\public_html\core\global_include.php on line 596
[2026-07-06 18:09:02] Undefined array key "MDRCCustID" in C:\xampp\Desktop\mdcnpal\htdocs\public_html\core\global_include.php on line 615
[2026-07-06 18:09:02] Undefined variable $getId in C:\xampp\Desktop\mdcnpal\htdocs\public_html\core\global_include.php on line 684
[2026-07-06 18:09:02] Undefined variable $getName in C:\xampp\Desktop\mdcnpal\htdocs\public_html\core\global_include.php on line 685
[2026-07-06 18:09:02] Undefined array key 0 in C:\xampp\Desktop\mdcnpal\htdocs\public_html\core\global_include.php on line 810
[2026-07-06 18:09:02] Creation of dynamic property app::$rs_offer_msg is deprecated in C:\xampp\Desktop\mdcnpal\htdocs\public_html\core\app.php on line 434
[2026-07-06 18:09:02] Creation of dynamic property app::$rs_for_doctors is deprecated in C:\xampp\Desktop\mdcnpal\htdocs\public_html\core\app.php on line 434
[2026-07-06 18:09:02] Undefined property: app::$rs_cartmini in C:\xampp\Desktop\mdcnpal\htdocs\public_html\includes\header.php on line 131
[2026-07-06 18:09:02] Undefined array key "MDRCCustID" in C:\xampp\Desktop\mdcnpal\htdocs\public_html\includes\header.php on line 134
[2026-07-06 18:09:02] Undefined property: app::$rs_cartmini in C:\xampp\Desktop\mdcnpal\htdocs\public_html\includes\header.php on line 197
[2026-07-06 18:09:02] Undefined array key "MDRCCustID" in C:\xampp\Desktop\mdcnpal\htdocs\public_html\includes\header.php on line 200
[2026-07-06 18:09:02] Undefined property: app::$rs_cartmini in C:\xampp\Desktop\mdcnpal\htdocs\public_html\includes\header.php on line 469
[2026-07-06 18:09:02] Undefined array key "MDRCCustID" in C:\xampp\Desktop\mdcnpal\htdocs\public_html\includes\header.php on line 472
[2026-07-06 18:09:02] Undefined property: app::$rs_cartmini in C:\xampp\Desktop\mdcnpal\htdocs\public_html\includes\header.php on line 525
[2026-07-06 18:09:02] Undefined array key "MDRCCustID" in C:\xampp\Desktop\mdcnpal\htdocs\public_html\includes\header.php on line 528
[2026-07-06 18:09:02] Undefined property: app::$rs_customer in C:\xampp\Desktop\mdcnpal\htdocs\public_html\includes\header.php on line 712
[2026-07-06 18:09:02] Trying to access array offset on value of type null in C:\xampp\Desktop\mdcnpal\htdocs\public_html\includes\header.php on line 712
[2026-07-06 18:09:02] Undefined property: app::$rs_customer in C:\xampp\Desktop\mdcnpal\htdocs\public_html\includes\header.php on line 721
[2026-07-06 18:09:02] Trying to access array offset on value of type null in C:\xampp\Desktop\mdcnpal\htdocs\public_html\includes\header.php on line 721
[2026-07-06 18:09:02] Undefined property: app::$rs_customer in C:\xampp\Desktop\mdcnpal\htdocs\public_html\includes\header.php on line 730
[2026-07-06 18:09:02] Trying to access array offset on value of type null in C:\xampp\Desktop\mdcnpal\htdocs\public_html\includes\header.php on line 730
[2026-07-06 18:09:02] Undefined property: app::$rs_customer in C:\xampp\Desktop\mdcnpal\htdocs\public_html\includes\header.php on line 739
[2026-07-06 18:09:02] Trying to access array offset on value of type null in C:\xampp\Desktop\mdcnpal\htdocs\public_html\includes\header.php on line 739
[2026-07-06 18:09:02] Undefined property: app::$rs_customer in C:\xampp\Desktop\mdcnpal\htdocs\public_html\includes\footer.php on line 357
[2026-07-06 18:09:02] Trying to access array offset on value of type null in C:\xampp\Desktop\mdcnpal\htdocs\public_html\includes\footer.php on line 357
[2026-07-06 18:09:02] Undefined property: app::$rs_customer in C:\xampp\Desktop\mdcnpal\htdocs\public_html\includes\footer.php on line 366
[2026-07-06 18:09:02] Trying to access array offset on value of type null in C:\xampp\Desktop\mdcnpal\htdocs\public_html\includes\footer.php on line 366
[2026-07-06 18:09:02] Undefined property: app::$rs_customer in C:\xampp\Desktop\mdcnpal\htdocs\public_html\includes\footer.php on line 372
[2026-07-06 18:09:02] Trying to access array offset on value of type null in C:\xampp\Desktop\mdcnpal\htdocs\public_html\includes\footer.php on line 372
[2026-07-06 18:09:02] Undefined property: app::$rs_customer in C:\xampp\Desktop\mdcnpal\htdocs\public_html\includes\general_data.php on line 88
[2026-07-06 18:09:02] Trying to access array offset on value of type null in C:\xampp\Desktop\mdcnpal\htdocs\public_html\includes\general_data.php on line 88
[2026-07-06 18:09:02] Undefined array key "MDRCCustID" in C:\xampp\Desktop\mdcnpal\htdocs\public_html\includes\general_data.php on line 88
[2026-07-06 18:09:02] Undefined variable $tmpStr in C:\xampp\Desktop\mdcnpal\htdocs\public_html\core\app.php on line 971
[2026-07-06 18:09:02] Creation of dynamic property dbclass::$RECORD_SET is deprecated in C:\xampp\Desktop\mdcnpal\htdocs\public_html\core\dbclass.php on line 69
[2026-07-06 18:09:02] Creation of dynamic property dbclass::$app is deprecated in C:\xampp\Desktop\mdcnpal\htdocs\public_html\core\dbclass.php on line 75
[2026-07-06 18:09:02] Creation of dynamic property model::$foreign_tables is deprecated in C:\xampp\Desktop\mdcnpal\htdocs\public_html\core\model.php on line 43
[2026-07-06 18:09:02] Creation of dynamic property app::$inputfilter is deprecated in C:\xampp\Desktop\mdcnpal\htdocs\public_html\core\app.php on line 123
[2026-07-06 18:09:02] Creation of dynamic property app::$userconfig is deprecated in C:\xampp\Desktop\mdcnpal\htdocs\public_html\core\app.php on line 124
[2026-07-06 18:09:02] Creation of dynamic property app::$global_include is deprecated in C:\xampp\Desktop\mdcnpal\htdocs\public_html\core\app.php on line 125
[2026-07-06 18:09:02] Creation of dynamic property app::$set_cache_time is deprecated in C:\xampp\Desktop\mdcnpal\htdocs\public_html\core\app.php on line 153
[2026-07-06 18:09:02] Creation of dynamic property app::$meta is deprecated in C:\xampp\Desktop\mdcnpal\htdocs\public_html\core\app.php on line 434
[2026-07-06 18:09:02] Creation of dynamic property app::$rs_gs_city is deprecated in C:\xampp\Desktop\mdcnpal\htdocs\public_html\core\app.php on line 434
[2026-07-06 18:09:03] Creation of dynamic property app::$rs_footer_popular_item is deprecated in C:\xampp\Desktop\mdcnpal\htdocs\public_html\core\app.php on line 434
[2026-07-06 18:09:03] Creation of dynamic property app::$rs_footer_popular_test is deprecated in C:\xampp\Desktop\mdcnpal\htdocs\public_html\core\app.php on line 434
[2026-07-06 18:09:03] Creation of dynamic property app::$rs_testimonial is deprecated in C:\xampp\Desktop\mdcnpal\htdocs\public_html\core\app.php on line 434
[2026-07-06 18:09:03] Creation of dynamic property app::$admin is deprecated in C:\xampp\Desktop\mdcnpal\htdocs\public_html\core\app.php on line 434
[2026-07-06 18:09:03] Undefined array key 0 in C:\xampp\Desktop\mdcnpal\htdocs\public_html\core\global_include.php on line 514
[2026-07-06 18:09:03] Creation of dynamic property app::$popup is deprecated in C:\xampp\Desktop\mdcnpal\htdocs\public_html\core\app.php on line 434
[2026-07-06 18:09:03] Undefined array key "MDRCCustID" in C:\xampp\Desktop\mdcnpal\htdocs\public_html\core\global_include.php on line 515
[2026-07-06 18:09:03] Undefined array key "MDRCToken" in C:\xampp\Desktop\mdcnpal\htdocs\public_html\core\global_include.php on line 515
[2026-07-06 18:09:03] Creation of dynamic property app::$rscategory is deprecated in C:\xampp\Desktop\mdcnpal\htdocs\public_html\core\app.php on line 434
[2026-07-06 18:09:03] Creation of dynamic property app::$rs_pages is deprecated in C:\xampp\Desktop\mdcnpal\htdocs\public_html\core\app.php on line 434
[2026-07-06 18:09:03] Creation of dynamic property app::$gs is deprecated in C:\xampp\Desktop\mdcnpal\htdocs\public_html\core\app.php on line 434
[2026-07-06 18:09:03] Undefined array key "MDRCCustID" in C:\xampp\Desktop\mdcnpal\htdocs\public_html\core\global_include.php on line 596
[2026-07-06 18:09:03] Undefined array key "MDRCCustID" in C:\xampp\Desktop\mdcnpal\htdocs\public_html\core\global_include.php on line 615
[2026-07-06 18:09:03] Undefined variable $getId in C:\xampp\Desktop\mdcnpal\htdocs\public_html\core\global_include.php on line 684
[2026-07-06 18:09:03] Undefined variable $getName in C:\xampp\Desktop\mdcnpal\htdocs\public_html\core\global_include.php on line 685
[2026-07-06 18:09:03] Undefined array key 0 in C:\xampp\Desktop\mdcnpal\htdocs\public_html\core\global_include.php on line 810
[2026-07-06 18:09:03] Creation of dynamic property app::$rs_offer_msg is deprecated in C:\xampp\Desktop\mdcnpal\htdocs\public_html\core\app.php on line 434
[2026-07-06 18:09:03] Creation of dynamic property app::$rs_for_doctors is deprecated in C:\xampp\Desktop\mdcnpal\htdocs\public_html\core\app.php on line 434
[2026-07-06 18:09:03] Undefined property: app::$rs_cartmini in C:\xampp\Desktop\mdcnpal\htdocs\public_html\includes\header.php on line 131
[2026-07-06 18:09:03] Undefined array key "MDRCCustID" in C:\xampp\Desktop\mdcnpal\htdocs\public_html\includes\header.php on line 134
[2026-07-06 18:09:03] Undefined property: app::$rs_cartmini in C:\xampp\Desktop\mdcnpal\htdocs\public_html\includes\header.php on line 197
[2026-07-06 18:09:03] Undefined array key "MDRCCustID" in C:\xampp\Desktop\mdcnpal\htdocs\public_html\includes\header.php on line 200
[2026-07-06 18:09:03] Undefined property: app::$rs_cartmini in C:\xampp\Desktop\mdcnpal\htdocs\public_html\includes\header.php on line 469
[2026-07-06 18:09:03] Undefined array key "MDRCCustID" in C:\xampp\Desktop\mdcnpal\htdocs\public_html\includes\header.php on line 472
[2026-07-06 18:09:03] Undefined property: app::$rs_cartmini in C:\xampp\Desktop\mdcnpal\htdocs\public_html\includes\header.php on line 525
[2026-07-06 18:09:03] Undefined array key "MDRCCustID" in C:\xampp\Desktop\mdcnpal\htdocs\public_html\includes\header.php on line 528
[2026-07-06 18:09:03] Undefined property: app::$rs_customer in C:\xampp\Desktop\mdcnpal\htdocs\public_html\includes\header.php on line 712
[2026-07-06 18:09:03] Trying to access array offset on value of type null in C:\xampp\Desktop\mdcnpal\htdocs\public_html\includes\header.php on line 712
[2026-07-06 18:09:03] Undefined property: app::$rs_customer in C:\xampp\Desktop\mdcnpal\htdocs\public_html\includes\header.php on line 721
[2026-07-06 18:09:03] Trying to access array offset on value of type null in C:\xampp\Desktop\mdcnpal\htdocs\public_html\includes\header.php on line 721
[2026-07-06 18:09:03] Undefined property: app::$rs_customer in C:\xampp\Desktop\mdcnpal\htdocs\public_html\includes\header.php on line 730
[2026-07-06 18:09:03] Trying to access array offset on value of type null in C:\xampp\Desktop\mdcnpal\htdocs\public_html\includes\header.php on line 730
[2026-07-06 18:09:03] Undefined property: app::$rs_customer in C:\xampp\Desktop\mdcnpal\htdocs\public_html\includes\header.php on line 739
[2026-07-06 18:09:03] Trying to access array offset on value of type null in C:\xampp\Desktop\mdcnpal\htdocs\public_html\includes\header.php on line 739
[2026-07-06 18:09:03] Undefined property: app::$rs_customer in C:\xampp\Desktop\mdcnpal\htdocs\public_html\includes\footer.php on line 357
[2026-07-06 18:09:03] Trying to access array offset on value of type null in C:\xampp\Desktop\mdcnpal\htdocs\public_html\includes\footer.php on line 357
[2026-07-06 18:09:03] Undefined property: app::$rs_customer in C:\xampp\Desktop\mdcnpal\htdocs\public_html\includes\footer.php on line 366
[2026-07-06 18:09:03] Trying to access array offset on value of type null in C:\xampp\Desktop\mdcnpal\htdocs\public_html\includes\footer.php on line 366
[2026-07-06 18:09:03] Undefined property: app::$rs_customer in C:\xampp\Desktop\mdcnpal\htdocs\public_html\includes\footer.php on line 372
[2026-07-06 18:09:03] Trying to access array offset on value of type null in C:\xampp\Desktop\mdcnpal\htdocs\public_html\includes\footer.php on line 372
[2026-07-06 18:09:03] Undefined property: app::$rs_customer in C:\xampp\Desktop\mdcnpal\htdocs\public_html\includes\general_data.php on line 88
[2026-07-06 18:09:03] Trying to access array offset on value of type null in C:\xampp\Desktop\mdcnpal\htdocs\public_html\includes\general_data.php on line 88
[2026-07-06 18:09:03] Undefined array key "MDRCCustID" in C:\xampp\Desktop\mdcnpal\htdocs\public_html\includes\general_data.php on line 88
[2026-07-06 18:09:03] Undefined variable $tmpStr in C:\xampp\Desktop\mdcnpal\htdocs\public_html\core\app.php on line 971
[2026-07-06 18:09:03] Creation of dynamic property dbclass::$RECORD_SET is deprecated in C:\xampp\Desktop\mdcnpal\htdocs\public_html\core\dbclass.php on line 69
[2026-07-06 18:09:03] Creation of dynamic property dbclass::$app is deprecated in C:\xampp\Desktop\mdcnpal\htdocs\public_html\core\dbclass.php on line 75
[2026-07-06 18:09:03] Creation of dynamic property model::$foreign_tables is deprecated in C:\xampp\Desktop\mdcnpal\htdocs\public_html\core\model.php on line 43
[2026-07-06 18:09:03] Creation of dynamic property app::$inputfilter is deprecated in C:\xampp\Desktop\mdcnpal\htdocs\public_html\core\app.php on line 123
[2026-07-06 18:09:03] Creation of dynamic property app::$userconfig is deprecated in C:\xampp\Desktop\mdcnpal\htdocs\public_html\core\app.php on line 124
[2026-07-06 18:09:03] Creation of dynamic property app::$global_include is deprecated in C:\xampp\Desktop\mdcnpal\htdocs\public_html\core\app.php on line 125
[2026-07-06 18:09:03] Creation of dynamic property app::$set_cache_time is deprecated in C:\xampp\Desktop\mdcnpal\htdocs\public_html\core\app.php on line 153
[2026-07-06 18:09:03] Creation of dynamic property app::$meta is deprecated in C:\xampp\Desktop\mdcnpal\htdocs\public_html\core\app.php on line 434
[2026-07-06 18:09:03] Creation of dynamic property app::$rs_gs_city is deprecated in C:\xampp\Desktop\mdcnpal\htdocs\public_html\core\app.php on line 434
[2026-07-06 18:09:03] Creation of dynamic property app::$rs_footer_popular_item is deprecated in C:\xampp\Desktop\mdcnpal\htdocs\public_html\core\app.php on line 434
[2026-07-06 18:09:03] Creation of dynamic property app::$rs_footer_popular_test is deprecated in C:\xampp\Desktop\mdcnpal\htdocs\public_html\core\app.php on line 434
[2026-07-06 18:09:03] Creation of dynamic property app::$rs_testimonial is deprecated in C:\xampp\Desktop\mdcnpal\htdocs\public_html\core\app.php on line 434
[2026-07-06 18:09:03] Creation of dynamic property app::$admin is deprecated in C:\xampp\Desktop\mdcnpal\htdocs\public_html\core\app.php on line 434
[2026-07-06 18:09:03] Undefined array key 0 in C:\xampp\Desktop\mdcnpal\htdocs\public_html\core\global_include.php on line 514
[2026-07-06 18:09:03] Creation of dynamic property app::$popup is deprecated in C:\xampp\Desktop\mdcnpal\htdocs\public_html\core\app.php on line 434
[2026-07-06 18:09:03] Undefined array key "MDRCCustID" in C:\xampp\Desktop\mdcnpal\htdocs\public_html\core\global_include.php on line 515
[2026-07-06 18:09:03] Undefined array key "MDRCToken" in C:\xampp\Desktop\mdcnpal\htdocs\public_html\core\global_include.php on line 515
[2026-07-06 18:09:03] Creation of dynamic property app::$rscategory is deprecated in C:\xampp\Desktop\mdcnpal\htdocs\public_html\core\app.php on line 434
[2026-07-06 18:09:03] Creation of dynamic property app::$rs_pages is deprecated in C:\xampp\Desktop\mdcnpal\htdocs\public_html\core\app.php on line 434
[2026-07-06 18:09:03] Creation of dynamic property app::$gs is deprecated in C:\xampp\Desktop\mdcnpal\htdocs\public_html\core\app.php on line 434
[2026-07-06 18:09:03] Undefined array key "MDRCCustID" in C:\xampp\Desktop\mdcnpal\htdocs\public_html\core\global_include.php on line 596
[2026-07-06 18:09:03] Undefined array key "MDRCCustID" in C:\xampp\Desktop\mdcnpal\htdocs\public_html\core\global_include.php on line 615
[2026-07-06 18:09:03] Undefined variable $getId in C:\xampp\Desktop\mdcnpal\htdocs\public_html\core\global_include.php on line 684
[2026-07-06 18:09:03] Undefined variable $getName in C:\xampp\Desktop\mdcnpal\htdocs\public_html\core\global_include.php on line 685
[2026-07-06 18:09:03] Undefined array key 0 in C:\xampp\Desktop\mdcnpal\htdocs\public_html\core\global_include.php on line 810
[2026-07-06 18:09:03] Creation of dynamic property app::$rs_offer_msg is deprecated in C:\xampp\Desktop\mdcnpal\htdocs\public_html\core\app.php on line 434
[2026-07-06 18:09:03] Creation of dynamic property app::$rs_for_doctors is deprecated in C:\xampp\Desktop\mdcnpal\htdocs\public_html\core\app.php on line 434
[2026-07-06 18:09:03] Undefined property: app::$rs_cartmini in C:\xampp\Desktop\mdcnpal\htdocs\public_html\includes\header.php on line 131
[2026-07-06 18:09:03] Undefined array key "MDRCCustID" in C:\xampp\Desktop\mdcnpal\htdocs\public_html\includes\header.php on line 134
[2026-07-06 18:09:03] Undefined property: app::$rs_cartmini in C:\xampp\Desktop\mdcnpal\htdocs\public_html\includes\header.php on line 197
[2026-07-06 18:09:03] Undefined array key "MDRCCustID" in C:\xampp\Desktop\mdcnpal\htdocs\public_html\includes\header.php on line 200
[2026-07-06 18:09:03] Undefined property: app::$rs_cartmini in C:\xampp\Desktop\mdcnpal\htdocs\public_html\includes\header.php on line 469
[2026-07-06 18:09:03] Undefined array key "MDRCCustID" in C:\xampp\Desktop\mdcnpal\htdocs\public_html\includes\header.php on line 472
[2026-07-06 18:09:03] Undefined property: app::$rs_cartmini in C:\xampp\Desktop\mdcnpal\htdocs\public_html\includes\header.php on line 525
[2026-07-06 18:09:03] Undefined array key "MDRCCustID" in C:\xampp\Desktop\mdcnpal\htdocs\public_html\includes\header.php on line 528
[2026-07-06 18:09:03] Undefined property: app::$rs_customer in C:\xampp\Desktop\mdcnpal\htdocs\public_html\includes\header.php on line 712
[2026-07-06 18:09:03] Trying to access array offset on value of type null in C:\xampp\Desktop\mdcnpal\htdocs\public_html\includes\header.php on line 712
[2026-07-06 18:09:03] Undefined property: app::$rs_customer in C:\xampp\Desktop\mdcnpal\htdocs\public_html\includes\header.php on line 721
[2026-07-06 18:09:03] Trying to access array offset on value of type null in C:\xampp\Desktop\mdcnpal\htdocs\public_html\includes\header.php on line 721
[2026-07-06 18:09:03] Undefined property: app::$rs_customer in C:\xampp\Desktop\mdcnpal\htdocs\public_html\includes\header.php on line 730
[2026-07-06 18:09:03] Trying to access array offset on value of type null in C:\xampp\Desktop\mdcnpal\htdocs\public_html\includes\header.php on line 730
[2026-07-06 18:09:03] Undefined property: app::$rs_customer in C:\xampp\Desktop\mdcnpal\htdocs\public_html\includes\header.php on line 739
[2026-07-06 18:09:03] Trying to access array offset on value of type null in C:\xampp\Desktop\mdcnpal\htdocs\public_html\includes\header.php on line 739
[2026-07-06 18:09:03] Undefined property: app::$rs_customer in C:\xampp\Desktop\mdcnpal\htdocs\public_html\includes\footer.php on line 357
[2026-07-06 18:09:03] Trying to access array offset on value of type null in C:\xampp\Desktop\mdcnpal\htdocs\public_html\includes\footer.php on line 357
[2026-07-06 18:09:03] Undefined property: app::$rs_customer in C:\xampp\Desktop\mdcnpal\htdocs\public_html\includes\footer.php on line 366
[2026-07-06 18:09:03] Trying to access array offset on value of type null in C:\xampp\Desktop\mdcnpal\htdocs\public_html\includes\footer.php on line 366
[2026-07-06 18:09:03] Undefined property: app::$rs_customer in C:\xampp\Desktop\mdcnpal\htdocs\public_html\includes\footer.php on line 372
[2026-07-06 18:09:03] Trying to access array offset on value of type null in C:\xampp\Desktop\mdcnpal\htdocs\public_html\includes\footer.php on line 372
[2026-07-06 18:09:03] Undefined property: app::$rs_customer in C:\xampp\Desktop\mdcnpal\htdocs\public_html\includes\general_data.php on line 88
[2026-07-06 18:09:03] Trying to access array offset on value of type null in C:\xampp\Desktop\mdcnpal\htdocs\public_html\includes\general_data.php on line 88
[2026-07-06 18:09:03] Undefined array key "MDRCCustID" in C:\xampp\Desktop\mdcnpal\htdocs\public_html\includes\general_data.php on line 88
[2026-07-06 18:09:03] Undefined variable $tmpStr in C:\xampp\Desktop\mdcnpal\htdocs\public_html\core\app.php on line 971
[2026-07-06 18:09:04] Creation of dynamic property dbclass::$RECORD_SET is deprecated in C:\xampp\Desktop\mdcnpal\htdocs\public_html\core\dbclass.php on line 69
[2026-07-06 18:09:04] Creation of dynamic property dbclass::$app is deprecated in C:\xampp\Desktop\mdcnpal\htdocs\public_html\core\dbclass.php on line 75
[2026-07-06 18:09:04] Creation of dynamic property model::$foreign_tables is deprecated in C:\xampp\Desktop\mdcnpal\htdocs\public_html\core\model.php on line 43
[2026-07-06 18:09:04] Creation of dynamic property app::$inputfilter is deprecated in C:\xampp\Desktop\mdcnpal\htdocs\public_html\core\app.php on line 123
[2026-07-06 18:09:04] Creation of dynamic property app::$userconfig is deprecated in C:\xampp\Desktop\mdcnpal\htdocs\public_html\core\app.php on line 124
[2026-07-06 18:09:04] Creation of dynamic property app::$global_include is deprecated in C:\xampp\Desktop\mdcnpal\htdocs\public_html\core\app.php on line 125
[2026-07-06 18:09:04] Creation of dynamic property app::$set_cache_time is deprecated in C:\xampp\Desktop\mdcnpal\htdocs\public_html\core\app.php on line 153
[2026-07-06 18:09:04] Creation of dynamic property app::$meta is deprecated in C:\xampp\Desktop\mdcnpal\htdocs\public_html\core\app.php on line 434
[2026-07-06 18:09:04] Creation of dynamic property app::$rs_gs_city is deprecated in C:\xampp\Desktop\mdcnpal\htdocs\public_html\core\app.php on line 434
[2026-07-06 18:09:04] Creation of dynamic property app::$rs_footer_popular_item is deprecated in C:\xampp\Desktop\mdcnpal\htdocs\public_html\core\app.php on line 434
[2026-07-06 18:09:04] Creation of dynamic property app::$rs_footer_popular_test is deprecated in C:\xampp\Desktop\mdcnpal\htdocs\public_html\core\app.php on line 434
[2026-07-06 18:09:04] Creation of dynamic property app::$rs_testimonial is deprecated in C:\xampp\Desktop\mdcnpal\htdocs\public_html\core\app.php on line 434
[2026-07-06 18:09:04] Creation of dynamic property app::$admin is deprecated in C:\xampp\Desktop\mdcnpal\htdocs\public_html\core\app.php on line 434
[2026-07-06 18:09:04] Undefined array key 0 in C:\xampp\Desktop\mdcnpal\htdocs\public_html\core\global_include.php on line 514
[2026-07-06 18:09:04] Creation of dynamic property app::$popup is deprecated in C:\xampp\Desktop\mdcnpal\htdocs\public_html\core\app.php on line 434
[2026-07-06 18:09:04] Undefined array key "MDRCCustID" in C:\xampp\Desktop\mdcnpal\htdocs\public_html\core\global_include.php on line 515
[2026-07-06 18:09:04] Undefined array key "MDRCToken" in C:\xampp\Desktop\mdcnpal\htdocs\public_html\core\global_include.php on line 515
[2026-07-06 18:09:04] Creation of dynamic property app::$rscategory is deprecated in C:\xampp\Desktop\mdcnpal\htdocs\public_html\core\app.php on line 434
[2026-07-06 18:09:04] Creation of dynamic property app::$rs_pages is deprecated in C:\xampp\Desktop\mdcnpal\htdocs\public_html\core\app.php on line 434
[2026-07-06 18:09:04] Creation of dynamic property app::$gs is deprecated in C:\xampp\Desktop\mdcnpal\htdocs\public_html\core\app.php on line 434
[2026-07-06 18:09:04] Undefined array key "MDRCCustID" in C:\xampp\Desktop\mdcnpal\htdocs\public_html\core\global_include.php on line 596
[2026-07-06 18:09:04] Undefined array key "MDRCCustID" in C:\xampp\Desktop\mdcnpal\htdocs\public_html\core\global_include.php on line 615
[2026-07-06 18:09:04] Undefined variable $getId in C:\xampp\Desktop\mdcnpal\htdocs\public_html\core\global_include.php on line 684
[2026-07-06 18:09:04] Undefined variable $getName in C:\xampp\Desktop\mdcnpal\htdocs\public_html\core\global_include.php on line 685
[2026-07-06 18:09:04] Undefined array key 0 in C:\xampp\Desktop\mdcnpal\htdocs\public_html\core\global_include.php on line 810
[2026-07-06 18:09:04] Creation of dynamic property app::$rs_offer_msg is deprecated in C:\xampp\Desktop\mdcnpal\htdocs\public_html\core\app.php on line 434
[2026-07-06 18:09:04] Creation of dynamic property app::$rs_for_doctors is deprecated in C:\xampp\Desktop\mdcnpal\htdocs\public_html\core\app.php on line 434
[2026-07-06 18:09:04] Undefined property: app::$rs_cartmini in C:\xampp\Desktop\mdcnpal\htdocs\public_html\includes\header.php on line 131
[2026-07-06 18:09:04] Undefined array key "MDRCCustID" in C:\xampp\Desktop\mdcnpal\htdocs\public_html\includes\header.php on line 134
[2026-07-06 18:09:04] Undefined property: app::$rs_cartmini in C:\xampp\Desktop\mdcnpal\htdocs\public_html\includes\header.php on line 197
[2026-07-06 18:09:04] Undefined array key "MDRCCustID" in C:\xampp\Desktop\mdcnpal\htdocs\public_html\includes\header.php on line 200
[2026-07-06 18:09:04] Undefined property: app::$rs_cartmini in C:\xampp\Desktop\mdcnpal\htdocs\public_html\includes\header.php on line 469
[2026-07-06 18:09:04] Undefined array key "MDRCCustID" in C:\xampp\Desktop\mdcnpal\htdocs\public_html\includes\header.php on line 472
[2026-07-06 18:09:04] Undefined property: app::$rs_cartmini in C:\xampp\Desktop\mdcnpal\htdocs\public_html\includes\header.php on line 525
[2026-07-06 18:09:04] Undefined array key "MDRCCustID" in C:\xampp\Desktop\mdcnpal\htdocs\public_html\includes\header.php on line 528
[2026-07-06 18:09:04] Undefined property: app::$rs_customer in C:\xampp\Desktop\mdcnpal\htdocs\public_html\includes\header.php on line 712
[2026-07-06 18:09:04] Trying to access array offset on value of type null in C:\xampp\Desktop\mdcnpal\htdocs\public_html\includes\header.php on line 712
[2026-07-06 18:09:04] Undefined property: app::$rs_customer in C:\xampp\Desktop\mdcnpal\htdocs\public_html\includes\header.php on line 721
[2026-07-06 18:09:04] Trying to access array offset on value of type null in C:\xampp\Desktop\mdcnpal\htdocs\public_html\includes\header.php on line 721
[2026-07-06 18:09:04] Undefined property: app::$rs_customer in C:\xampp\Desktop\mdcnpal\htdocs\public_html\includes\header.php on line 730
[2026-07-06 18:09:04] Trying to access array offset on value of type null in C:\xampp\Desktop\mdcnpal\htdocs\public_html\includes\header.php on line 730
[2026-07-06 18:09:04] Undefined property: app::$rs_customer in C:\xampp\Desktop\mdcnpal\htdocs\public_html\includes\header.php on line 739
[2026-07-06 18:09:04] Trying to access array offset on value of type null in C:\xampp\Desktop\mdcnpal\htdocs\public_html\includes\header.php on line 739
[2026-07-06 18:09:04] Undefined property: app::$rs_customer in C:\xampp\Desktop\mdcnpal\htdocs\public_html\includes\footer.php on line 357
[2026-07-06 18:09:04] Trying to access array offset on value of type null in C:\xampp\Desktop\mdcnpal\htdocs\public_html\includes\footer.php on line 357
[2026-07-06 18:09:04] Undefined property: app::$rs_customer in C:\xampp\Desktop\mdcnpal\htdocs\public_html\includes\footer.php on line 366
[2026-07-06 18:09:04] Trying to access array offset on value of type null in C:\xampp\Desktop\mdcnpal\htdocs\public_html\includes\footer.php on line 366
[2026-07-06 18:09:04] Undefined property: app::$rs_customer in C:\xampp\Desktop\mdcnpal\htdocs\public_html\includes\footer.php on line 372
[2026-07-06 18:09:04] Trying to access array offset on value of type null in C:\xampp\Desktop\mdcnpal\htdocs\public_html\includes\footer.php on line 372
[2026-07-06 18:09:04] Undefined property: app::$rs_customer in C:\xampp\Desktop\mdcnpal\htdocs\public_html\includes\general_data.php on line 88
[2026-07-06 18:09:04] Trying to access array offset on value of type null in C:\xampp\Desktop\mdcnpal\htdocs\public_html\includes\general_data.php on line 88
[2026-07-06 18:09:04] Undefined array key "MDRCCustID" in C:\xampp\Desktop\mdcnpal\htdocs\public_html\includes\general_data.php on line 88
[2026-07-06 18:09:04] Undefined variable $tmpStr in C:\xampp\Desktop\mdcnpal\htdocs\public_html\core\app.php on line 971
[2026-07-06 18:09:04] Creation of dynamic property dbclass::$RECORD_SET is deprecated in C:\xampp\Desktop\mdcnpal\htdocs\public_html\core\dbclass.php on line 69
[2026-07-06 18:09:04] Creation of dynamic property dbclass::$app is deprecated in C:\xampp\Desktop\mdcnpal\htdocs\public_html\core\dbclass.php on line 75
[2026-07-06 18:09:04] Creation of dynamic property model::$foreign_tables is deprecated in C:\xampp\Desktop\mdcnpal\htdocs\public_html\core\model.php on line 43
[2026-07-06 18:09:04] Creation of dynamic property app::$inputfilter is deprecated in C:\xampp\Desktop\mdcnpal\htdocs\public_html\core\app.php on line 123
[2026-07-06 18:09:04] Creation of dynamic property app::$userconfig is deprecated in C:\xampp\Desktop\mdcnpal\htdocs\public_html\core\app.php on line 124
[2026-07-06 18:09:04] Creation of dynamic property app::$global_include is deprecated in C:\xampp\Desktop\mdcnpal\htdocs\public_html\core\app.php on line 125
[2026-07-06 18:09:04] Creation of dynamic property app::$set_cache_time is deprecated in C:\xampp\Desktop\mdcnpal\htdocs\public_html\core\app.php on line 153
[2026-07-06 18:09:04] Creation of dynamic property app::$meta is deprecated in C:\xampp\Desktop\mdcnpal\htdocs\public_html\core\app.php on line 434
[2026-07-06 18:09:04] Creation of dynamic property app::$rs_gs_city is deprecated in C:\xampp\Desktop\mdcnpal\htdocs\public_html\core\app.php on line 434
[2026-07-06 18:09:05] Creation of dynamic property app::$rs_footer_popular_item is deprecated in C:\xampp\Desktop\mdcnpal\htdocs\public_html\core\app.php on line 434
[2026-07-06 18:09:05] Creation of dynamic property app::$rs_footer_popular_test is deprecated in C:\xampp\Desktop\mdcnpal\htdocs\public_html\core\app.php on line 434
[2026-07-06 18:09:05] Creation of dynamic property app::$rs_testimonial is deprecated in C:\xampp\Desktop\mdcnpal\htdocs\public_html\core\app.php on line 434
[2026-07-06 18:09:05] Creation of dynamic property app::$admin is deprecated in C:\xampp\Desktop\mdcnpal\htdocs\public_html\core\app.php on line 434
[2026-07-06 18:09:05] Undefined array key 0 in C:\xampp\Desktop\mdcnpal\htdocs\public_html\core\global_include.php on line 514
[2026-07-06 18:09:05] Creation of dynamic property app::$popup is deprecated in C:\xampp\Desktop\mdcnpal\htdocs\public_html\core\app.php on line 434
[2026-07-06 18:09:05] Undefined array key "MDRCCustID" in C:\xampp\Desktop\mdcnpal\htdocs\public_html\core\global_include.php on line 515
[2026-07-06 18:09:05] Undefined array key "MDRCToken" in C:\xampp\Desktop\mdcnpal\htdocs\public_html\core\global_include.php on line 515
[2026-07-06 18:09:05] Creation of dynamic property app::$rscategory is deprecated in C:\xampp\Desktop\mdcnpal\htdocs\public_html\core\app.php on line 434
[2026-07-06 18:09:05] Creation of dynamic property app::$rs_pages is deprecated in C:\xampp\Desktop\mdcnpal\htdocs\public_html\core\app.php on line 434
[2026-07-06 18:09:05] Creation of dynamic property app::$gs is deprecated in C:\xampp\Desktop\mdcnpal\htdocs\public_html\core\app.php on line 434
[2026-07-06 18:09:05] Undefined array key "MDRCCustID" in C:\xampp\Desktop\mdcnpal\htdocs\public_html\core\global_include.php on line 596
[2026-07-06 18:09:05] Undefined array key "MDRCCustID" in C:\xampp\Desktop\mdcnpal\htdocs\public_html\core\global_include.php on line 615
[2026-07-06 18:09:05] Undefined variable $getId in C:\xampp\Desktop\mdcnpal\htdocs\public_html\core\global_include.php on line 684
[2026-07-06 18:09:05] Undefined variable $getName in C:\xampp\Desktop\mdcnpal\htdocs\public_html\core\global_include.php on line 685
[2026-07-06 18:09:05] Undefined array key 0 in C:\xampp\Desktop\mdcnpal\htdocs\public_html\core\global_include.php on line 810
[2026-07-06 18:09:05] Creation of dynamic property app::$rs_offer_msg is deprecated in C:\xampp\Desktop\mdcnpal\htdocs\public_html\core\app.php on line 434
[2026-07-06 18:09:05] Creation of dynamic property app::$rs_for_doctors is deprecated in C:\xampp\Desktop\mdcnpal\htdocs\public_html\core\app.php on line 434
[2026-07-06 18:09:05] Undefined property: app::$rs_cartmini in C:\xampp\Desktop\mdcnpal\htdocs\public_html\includes\header.php on line 131
[2026-07-06 18:09:05] Undefined array key "MDRCCustID" in C:\xampp\Desktop\mdcnpal\htdocs\public_html\includes\header.php on line 134
[2026-07-06 18:09:05] Undefined property: app::$rs_cartmini in C:\xampp\Desktop\mdcnpal\htdocs\public_html\includes\header.php on line 197
[2026-07-06 18:09:05] Undefined array key "MDRCCustID" in C:\xampp\Desktop\mdcnpal\htdocs\public_html\includes\header.php on line 200
[2026-07-06 18:09:05] Undefined property: app::$rs_cartmini in C:\xampp\Desktop\mdcnpal\htdocs\public_html\includes\header.php on line 469
[2026-07-06 18:09:05] Undefined array key "MDRCCustID" in C:\xampp\Desktop\mdcnpal\htdocs\public_html\includes\header.php on line 472
[2026-07-06 18:09:05] Undefined property: app::$rs_cartmini in C:\xampp\Desktop\mdcnpal\htdocs\public_html\includes\header.php on line 525
[2026-07-06 18:09:05] Undefined array key "MDRCCustID" in C:\xampp\Desktop\mdcnpal\htdocs\public_html\includes\header.php on line 528
[2026-07-06 18:09:05] Undefined property: app::$rs_customer in C:\xampp\Desktop\mdcnpal\htdocs\public_html\includes\header.php on line 712
[2026-07-06 18:09:05] Trying to access array offset on value of type null in C:\xampp\Desktop\mdcnpal\htdocs\public_html\includes\header.php on line 712
[2026-07-06 18:09:05] Undefined property: app::$rs_customer in C:\xampp\Desktop\mdcnpal\htdocs\public_html\includes\header.php on line 721
[2026-07-06 18:09:05] Trying to access array offset on value of type null in C:\xampp\Desktop\mdcnpal\htdocs\public_html\includes\header.php on line 721
[2026-07-06 18:09:05] Undefined property: app::$rs_customer in C:\xampp\Desktop\mdcnpal\htdocs\public_html\includes\header.php on line 730
[2026-07-06 18:09:05] Trying to access array offset on value of type null in C:\xampp\Desktop\mdcnpal\htdocs\public_html\includes\header.php on line 730
[2026-07-06 18:09:05] Undefined property: app::$rs_customer in C:\xampp\Desktop\mdcnpal\htdocs\public_html\includes\header.php on line 739
[2026-07-06 18:09:05] Trying to access array offset on value of type null in C:\xampp\Desktop\mdcnpal\htdocs\public_html\includes\header.php on line 739
[2026-07-06 18:09:05] Undefined property: app::$rs_customer in C:\xampp\Desktop\mdcnpal\htdocs\public_html\includes\footer.php on line 357
[2026-07-06 18:09:05] Trying to access array offset on value of type null in C:\xampp\Desktop\mdcnpal\htdocs\public_html\includes\footer.php on line 357
[2026-07-06 18:09:05] Undefined property: app::$rs_customer in C:\xampp\Desktop\mdcnpal\htdocs\public_html\includes\footer.php on line 366
[2026-07-06 18:09:05] Trying to access array offset on value of type null in C:\xampp\Desktop\mdcnpal\htdocs\public_html\includes\footer.php on line 366
[2026-07-06 18:09:05] Undefined property: app::$rs_customer in C:\xampp\Desktop\mdcnpal\htdocs\public_html\includes\footer.php on line 372
[2026-07-06 18:09:05] Trying to access array offset on value of type null in C:\xampp\Desktop\mdcnpal\htdocs\public_html\includes\footer.php on line 372
[2026-07-06 18:09:05] Undefined property: app::$rs_customer in C:\xampp\Desktop\mdcnpal\htdocs\public_html\includes\general_data.php on line 88
[2026-07-06 18:09:05] Trying to access array offset on value of type null in C:\xampp\Desktop\mdcnpal\htdocs\public_html\includes\general_data.php on line 88
[2026-07-06 18:09:05] Undefined array key "MDRCCustID" in C:\xampp\Desktop\mdcnpal\htdocs\public_html\includes\general_data.php on line 88
[2026-07-06 18:09:05] Undefined variable $tmpStr in C:\xampp\Desktop\mdcnpal\htdocs\public_html\core\app.php on line 971
[2026-07-06 18:09:05] Creation of dynamic property dbclass::$RECORD_SET is deprecated in C:\xampp\Desktop\mdcnpal\htdocs\public_html\core\dbclass.php on line 69
[2026-07-06 18:09:05] Creation of dynamic property dbclass::$app is deprecated in C:\xampp\Desktop\mdcnpal\htdocs\public_html\core\dbclass.php on line 75
[2026-07-06 18:09:05] Creation of dynamic property model::$foreign_tables is deprecated in C:\xampp\Desktop\mdcnpal\htdocs\public_html\core\model.php on line 43
[2026-07-06 18:09:05] Creation of dynamic property app::$inputfilter is deprecated in C:\xampp\Desktop\mdcnpal\htdocs\public_html\core\app.php on line 123
[2026-07-06 18:09:05] Creation of dynamic property app::$userconfig is deprecated in C:\xampp\Desktop\mdcnpal\htdocs\public_html\core\app.php on line 124
[2026-07-06 18:09:05] Creation of dynamic property app::$global_include is deprecated in C:\xampp\Desktop\mdcnpal\htdocs\public_html\core\app.php on line 125
[2026-07-06 18:09:05] Creation of dynamic property app::$set_cache_time is deprecated in C:\xampp\Desktop\mdcnpal\htdocs\public_html\core\app.php on line 153
[2026-07-06 18:09:05] Creation of dynamic property app::$meta is deprecated in C:\xampp\Desktop\mdcnpal\htdocs\public_html\core\app.php on line 434
[2026-07-06 18:09:05] Creation of dynamic property app::$rs_gs_city is deprecated in C:\xampp\Desktop\mdcnpal\htdocs\public_html\core\app.php on line 434
[2026-07-06 18:09:05] Creation of dynamic property app::$rs_footer_popular_item is deprecated in C:\xampp\Desktop\mdcnpal\htdocs\public_html\core\app.php on line 434
[2026-07-06 18:09:05] Creation of dynamic property app::$rs_footer_popular_test is deprecated in C:\xampp\Desktop\mdcnpal\htdocs\public_html\core\app.php on line 434
[2026-07-06 18:09:05] Creation of dynamic property app::$rs_testimonial is deprecated in C:\xampp\Desktop\mdcnpal\htdocs\public_html\core\app.php on line 434
[2026-07-06 18:09:05] Creation of dynamic property app::$admin is deprecated in C:\xampp\Desktop\mdcnpal\htdocs\public_html\core\app.php on line 434
[2026-07-06 18:09:05] Undefined array key 0 in C:\xampp\Desktop\mdcnpal\htdocs\public_html\core\global_include.php on line 514
[2026-07-06 18:09:05] Creation of dynamic property app::$popup is deprecated in C:\xampp\Desktop\mdcnpal\htdocs\public_html\core\app.php on line 434
[2026-07-06 18:09:05] Undefined array key "MDRCCustID" in C:\xampp\Desktop\mdcnpal\htdocs\public_html\core\global_include.php on line 515
[2026-07-06 18:09:05] Undefined array key "MDRCToken" in C:\xampp\Desktop\mdcnpal\htdocs\public_html\core\global_include.php on line 515
[2026-07-06 18:09:05] Creation of dynamic property app::$rscategory is deprecated in C:\xampp\Desktop\mdcnpal\htdocs\public_html\core\app.php on line 434
[2026-07-06 18:09:05] Creation of dynamic property app::$rs_pages is deprecated in C:\xampp\Desktop\mdcnpal\htdocs\public_html\core\app.php on line 434
[2026-07-06 18:09:05] Creation of dynamic property app::$gs is deprecated in C:\xampp\Desktop\mdcnpal\htdocs\public_html\core\app.php on line 434
[2026-07-06 18:09:05] Undefined array key "MDRCCustID" in C:\xampp\Desktop\mdcnpal\htdocs\public_html\core\global_include.php on line 596
[2026-07-06 18:09:05] Undefined array key "MDRCCustID" in C:\xampp\Desktop\mdcnpal\htdocs\public_html\core\global_include.php on line 615
[2026-07-06 18:09:05] Undefined variable $getId in C:\xampp\Desktop\mdcnpal\htdocs\public_html\core\global_include.php on line 684
[2026-07-06 18:09:05] Undefined variable $getName in C:\xampp\Desktop\mdcnpal\htdocs\public_html\core\global_include.php on line 685
[2026-07-06 18:09:05] Undefined array key 0 in C:\xampp\Desktop\mdcnpal\htdocs\public_html\core\global_include.php on line 810
[2026-07-06 18:09:05] Creation of dynamic property app::$rs_offer_msg is deprecated in C:\xampp\Desktop\mdcnpal\htdocs\public_html\core\app.php on line 434
[2026-07-06 18:09:05] Creation of dynamic property app::$rs_for_doctors is deprecated in C:\xampp\Desktop\mdcnpal\htdocs\public_html\core\app.php on line 434
[2026-07-06 18:09:05] Undefined property: app::$rs_cartmini in C:\xampp\Desktop\mdcnpal\htdocs\public_html\includes\header.php on line 131
[2026-07-06 18:09:05] Undefined array key "MDRCCustID" in C:\xampp\Desktop\mdcnpal\htdocs\public_html\includes\header.php on line 134
[2026-07-06 18:09:05] Undefined property: app::$rs_cartmini in C:\xampp\Desktop\mdcnpal\htdocs\public_html\includes\header.php on line 197
[2026-07-06 18:09:05] Undefined array key "MDRCCustID" in C:\xampp\Desktop\mdcnpal\htdocs\public_html\includes\header.php on line 200
[2026-07-06 18:09:05] Undefined property: app::$rs_cartmini in C:\xampp\Desktop\mdcnpal\htdocs\public_html\includes\header.php on line 469
[2026-07-06 18:09:05] Undefined array key "MDRCCustID" in C:\xampp\Desktop\mdcnpal\htdocs\public_html\includes\header.php on line 472
[2026-07-06 18:09:05] Undefined property: app::$rs_cartmini in C:\xampp\Desktop\mdcnpal\htdocs\public_html\includes\header.php on line 525
[2026-07-06 18:09:05] Undefined array key "MDRCCustID" in C:\xampp\Desktop\mdcnpal\htdocs\public_html\includes\header.php on line 528
[2026-07-06 18:09:05] Undefined property: app::$rs_customer in C:\xampp\Desktop\mdcnpal\htdocs\public_html\includes\header.php on line 712
[2026-07-06 18:09:05] Trying to access array offset on value of type null in C:\xampp\Desktop\mdcnpal\htdocs\public_html\includes\header.php on line 712
[2026-07-06 18:09:05] Undefined property: app::$rs_customer in C:\xampp\Desktop\mdcnpal\htdocs\public_html\includes\header.php on line 721
[2026-07-06 18:09:05] Trying to access array offset on value of type null in C:\xampp\Desktop\mdcnpal\htdocs\public_html\includes\header.php on line 721
[2026-07-06 18:09:05] Undefined property: app::$rs_customer in C:\xampp\Desktop\mdcnpal\htdocs\public_html\includes\header.php on line 730
[2026-07-06 18:09:05] Trying to access array offset on value of type null in C:\xampp\Desktop\mdcnpal\htdocs\public_html\includes\header.php on line 730
[2026-07-06 18:09:05] Undefined property: app::$rs_customer in C:\xampp\Desktop\mdcnpal\htdocs\public_html\includes\header.php on line 739
[2026-07-06 18:09:05] Trying to access array offset on value of type null in C:\xampp\Desktop\mdcnpal\htdocs\public_html\includes\header.php on line 739
[2026-07-06 18:09:05] Undefined property: app::$rs_customer in C:\xampp\Desktop\mdcnpal\htdocs\public_html\includes\footer.php on line 357
[2026-07-06 18:09:05] Trying to access array offset on value of type null in C:\xampp\Desktop\mdcnpal\htdocs\public_html\includes\footer.php on line 357
[2026-07-06 18:09:05] Undefined property: app::$rs_customer in C:\xampp\Desktop\mdcnpal\htdocs\public_html\includes\footer.php on line 366
[2026-07-06 18:09:05] Trying to access array offset on value of type null in C:\xampp\Desktop\mdcnpal\htdocs\public_html\includes\footer.php on line 366
[2026-07-06 18:09:05] Undefined property: app::$rs_customer in C:\xampp\Desktop\mdcnpal\htdocs\public_html\includes\footer.php on line 372
[2026-07-06 18:09:05] Trying to access array offset on value of type null in C:\xampp\Desktop\mdcnpal\htdocs\public_html\includes\footer.php on line 372
[2026-07-06 18:09:05] Undefined property: app::$rs_customer in C:\xampp\Desktop\mdcnpal\htdocs\public_html\includes\general_data.php on line 88
[2026-07-06 18:09:05] Trying to access array offset on value of type null in C:\xampp\Desktop\mdcnpal\htdocs\public_html\includes\general_data.php on line 88
[2026-07-06 18:09:05] Undefined array key "MDRCCustID" in C:\xampp\Desktop\mdcnpal\htdocs\public_html\includes\general_data.php on line 88
[2026-07-06 18:09:05] Undefined variable $tmpStr in C:\xampp\Desktop\mdcnpal\htdocs\public_html\core\app.php on line 971
[2026-07-06 18:09:05] Creation of dynamic property dbclass::$RECORD_SET is deprecated in C:\xampp\Desktop\mdcnpal\htdocs\public_html\core\dbclass.php on line 69
[2026-07-06 18:09:05] Creation of dynamic property dbclass::$app is deprecated in C:\xampp\Desktop\mdcnpal\htdocs\public_html\core\dbclass.php on line 75
[2026-07-06 18:09:05] Creation of dynamic property model::$foreign_tables is deprecated in C:\xampp\Desktop\mdcnpal\htdocs\public_html\core\model.php on line 43
[2026-07-06 18:09:05] Creation of dynamic property app::$inputfilter is deprecated in C:\xampp\Desktop\mdcnpal\htdocs\public_html\core\app.php on line 123
[2026-07-06 18:09:05] Creation of dynamic property app::$userconfig is deprecated in C:\xampp\Desktop\mdcnpal\htdocs\public_html\core\app.php on line 124
[2026-07-06 18:09:05] Creation of dynamic property app::$global_include is deprecated in C:\xampp\Desktop\mdcnpal\htdocs\public_html\core\app.php on line 125
[2026-07-06 18:09:05] Creation of dynamic property app::$set_cache_time is deprecated in C:\xampp\Desktop\mdcnpal\htdocs\public_html\core\app.php on line 153
[2026-07-06 18:09:05] Creation of dynamic property app::$meta is deprecated in C:\xampp\Desktop\mdcnpal\htdocs\public_html\core\app.php on line 434
[2026-07-06 18:09:05] Creation of dynamic property app::$rs_gs_city is deprecated in C:\xampp\Desktop\mdcnpal\htdocs\public_html\core\app.php on line 434
[2026-07-06 18:09:05] Creation of dynamic property app::$rs_footer_popular_item is deprecated in C:\xampp\Desktop\mdcnpal\htdocs\public_html\core\app.php on line 434
[2026-07-06 18:09:05] Creation of dynamic property app::$rs_footer_popular_test is deprecated in C:\xampp\Desktop\mdcnpal\htdocs\public_html\core\app.php on line 434
[2026-07-06 18:09:05] Creation of dynamic property app::$rs_testimonial is deprecated in C:\xampp\Desktop\mdcnpal\htdocs\public_html\core\app.php on line 434
[2026-07-06 18:09:05] Creation of dynamic property app::$admin is deprecated in C:\xampp\Desktop\mdcnpal\htdocs\public_html\core\app.php on line 434
[2026-07-06 18:09:05] Undefined array key 0 in C:\xampp\Desktop\mdcnpal\htdocs\public_html\core\global_include.php on line 514
[2026-07-06 18:09:05] Creation of dynamic property app::$popup is deprecated in C:\xampp\Desktop\mdcnpal\htdocs\public_html\core\app.php on line 434
[2026-07-06 18:09:05] Undefined array key "MDRCCustID" in C:\xampp\Desktop\mdcnpal\htdocs\public_html\core\global_include.php on line 515
[2026-07-06 18:09:05] Undefined array key "MDRCToken" in C:\xampp\Desktop\mdcnpal\htdocs\public_html\core\global_include.php on line 515
[2026-07-06 18:09:05] Creation of dynamic property app::$rscategory is deprecated in C:\xampp\Desktop\mdcnpal\htdocs\public_html\core\app.php on line 434
[2026-07-06 18:09:05] Creation of dynamic property app::$rs_pages is deprecated in C:\xampp\Desktop\mdcnpal\htdocs\public_html\core\app.php on line 434
[2026-07-06 18:09:05] Creation of dynamic property app::$gs is deprecated in C:\xampp\Desktop\mdcnpal\htdocs\public_html\core\app.php on line 434
[2026-07-06 18:09:05] Undefined array key "MDRCCustID" in C:\xampp\Desktop\mdcnpal\htdocs\public_html\core\global_include.php on line 596
[2026-07-06 18:09:05] Undefined array key "MDRCCustID" in C:\xampp\Desktop\mdcnpal\htdocs\public_html\core\global_include.php on line 615
[2026-07-06 18:09:05] Undefined variable $getId in C:\xampp\Desktop\mdcnpal\htdocs\public_html\core\global_include.php on line 684
[2026-07-06 18:09:05] Undefined variable $getName in C:\xampp\Desktop\mdcnpal\htdocs\public_html\core\global_include.php on line 685
[2026-07-06 18:09:05] Undefined array key 0 in C:\xampp\Desktop\mdcnpal\htdocs\public_html\core\global_include.php on line 810
[2026-07-06 18:09:05] Creation of dynamic property app::$rs_offer_msg is deprecated in C:\xampp\Desktop\mdcnpal\htdocs\public_html\core\app.php on line 434
[2026-07-06 18:09:05] Creation of dynamic property app::$rs_for_doctors is deprecated in C:\xampp\Desktop\mdcnpal\htdocs\public_html\core\app.php on line 434
[2026-07-06 18:09:05] Undefined property: app::$rs_cartmini in C:\xampp\Desktop\mdcnpal\htdocs\public_html\includes\header.php on line 131
[2026-07-06 18:09:05] Undefined array key "MDRCCustID" in C:\xampp\Desktop\mdcnpal\htdocs\public_html\includes\header.php on line 134
[2026-07-06 18:09:05] Undefined property: app::$rs_cartmini in C:\xampp\Desktop\mdcnpal\htdocs\public_html\includes\header.php on line 197
[2026-07-06 18:09:05] Undefined array key "MDRCCustID" in C:\xampp\Desktop\mdcnpal\htdocs\public_html\includes\header.php on line 200
[2026-07-06 18:09:06] Undefined property: app::$rs_cartmini in C:\xampp\Desktop\mdcnpal\htdocs\public_html\includes\header.php on line 469
[2026-07-06 18:09:06] Undefined array key "MDRCCustID" in C:\xampp\Desktop\mdcnpal\htdocs\public_html\includes\header.php on line 472
[2026-07-06 18:09:06] Undefined property: app::$rs_cartmini in C:\xampp\Desktop\mdcnpal\htdocs\public_html\includes\header.php on line 525
[2026-07-06 18:09:06] Undefined array key "MDRCCustID" in C:\xampp\Desktop\mdcnpal\htdocs\public_html\includes\header.php on line 528
[2026-07-06 18:09:06] Undefined property: app::$rs_customer in C:\xampp\Desktop\mdcnpal\htdocs\public_html\includes\header.php on line 712
[2026-07-06 18:09:06] Trying to access array offset on value of type null in C:\xampp\Desktop\mdcnpal\htdocs\public_html\includes\header.php on line 712
[2026-07-06 18:09:06] Undefined property: app::$rs_customer in C:\xampp\Desktop\mdcnpal\htdocs\public_html\includes\header.php on line 721
[2026-07-06 18:09:06] Trying to access array offset on value of type null in C:\xampp\Desktop\mdcnpal\htdocs\public_html\includes\header.php on line 721
[2026-07-06 18:09:06] Undefined property: app::$rs_customer in C:\xampp\Desktop\mdcnpal\htdocs\public_html\includes\header.php on line 730
[2026-07-06 18:09:06] Trying to access array offset on value of type null in C:\xampp\Desktop\mdcnpal\htdocs\public_html\includes\header.php on line 730
[2026-07-06 18:09:06] Undefined property: app::$rs_customer in C:\xampp\Desktop\mdcnpal\htdocs\public_html\includes\header.php on line 739
[2026-07-06 18:09:06] Trying to access array offset on value of type null in C:\xampp\Desktop\mdcnpal\htdocs\public_html\includes\header.php on line 739
[2026-07-06 18:09:06] Undefined property: app::$rs_customer in C:\xampp\Desktop\mdcnpal\htdocs\public_html\includes\footer.php on line 357
[2026-07-06 18:09:06] Trying to access array offset on value of type null in C:\xampp\Desktop\mdcnpal\htdocs\public_html\includes\footer.php on line 357
[2026-07-06 18:09:06] Undefined property: app::$rs_customer in C:\xampp\Desktop\mdcnpal\htdocs\public_html\includes\footer.php on line 366
[2026-07-06 18:09:06] Trying to access array offset on value of type null in C:\xampp\Desktop\mdcnpal\htdocs\public_html\includes\footer.php on line 366
[2026-07-06 18:09:06] Undefined property: app::$rs_customer in C:\xampp\Desktop\mdcnpal\htdocs\public_html\includes\footer.php on line 372
[2026-07-06 18:09:06] Trying to access array offset on value of type null in C:\xampp\Desktop\mdcnpal\htdocs\public_html\includes\footer.php on line 372
[2026-07-06 18:09:06] Undefined property: app::$rs_customer in C:\xampp\Desktop\mdcnpal\htdocs\public_html\includes\general_data.php on line 88
[2026-07-06 18:09:06] Trying to access array offset on value of type null in C:\xampp\Desktop\mdcnpal\htdocs\public_html\includes\general_data.php on line 88
[2026-07-06 18:09:06] Undefined array key "MDRCCustID" in C:\xampp\Desktop\mdcnpal\htdocs\public_html\includes\general_data.php on line 88
[2026-07-06 18:09:06] Undefined variable $tmpStr in C:\xampp\Desktop\mdcnpal\htdocs\public_html\core\app.php on line 971
[2026-07-06 18:09:06] Creation of dynamic property dbclass::$RECORD_SET is deprecated in C:\xampp\Desktop\mdcnpal\htdocs\public_html\core\dbclass.php on line 69
[2026-07-06 18:09:06] Creation of dynamic property dbclass::$app is deprecated in C:\xampp\Desktop\mdcnpal\htdocs\public_html\core\dbclass.php on line 75
[2026-07-06 18:09:06] Creation of dynamic property model::$foreign_tables is deprecated in C:\xampp\Desktop\mdcnpal\htdocs\public_html\core\model.php on line 43
[2026-07-06 18:09:06] Creation of dynamic property app::$inputfilter is deprecated in C:\xampp\Desktop\mdcnpal\htdocs\public_html\core\app.php on line 123
[2026-07-06 18:09:06] Creation of dynamic property app::$userconfig is deprecated in C:\xampp\Desktop\mdcnpal\htdocs\public_html\core\app.php on line 124
[2026-07-06 18:09:06] Creation of dynamic property app::$global_include is deprecated in C:\xampp\Desktop\mdcnpal\htdocs\public_html\core\app.php on line 125
[2026-07-06 18:09:06] Creation of dynamic property app::$set_cache_time is deprecated in C:\xampp\Desktop\mdcnpal\htdocs\public_html\core\app.php on line 153
[2026-07-06 18:09:06] Creation of dynamic property app::$meta is deprecated in C:\xampp\Desktop\mdcnpal\htdocs\public_html\core\app.php on line 434
[2026-07-06 18:09:06] Creation of dynamic property app::$rs_gs_city is deprecated in C:\xampp\Desktop\mdcnpal\htdocs\public_html\core\app.php on line 434
[2026-07-06 18:09:06] Creation of dynamic property app::$rs_footer_popular_item is deprecated in C:\xampp\Desktop\mdcnpal\htdocs\public_html\core\app.php on line 434
[2026-07-06 18:09:06] Creation of dynamic property app::$rs_footer_popular_test is deprecated in C:\xampp\Desktop\mdcnpal\htdocs\public_html\core\app.php on line 434
[2026-07-06 18:09:06] Creation of dynamic property app::$rs_testimonial is deprecated in C:\xampp\Desktop\mdcnpal\htdocs\public_html\core\app.php on line 434
[2026-07-06 18:09:06] Creation of dynamic property app::$admin is deprecated in C:\xampp\Desktop\mdcnpal\htdocs\public_html\core\app.php on line 434
[2026-07-06 18:09:06] Undefined array key 0 in C:\xampp\Desktop\mdcnpal\htdocs\public_html\core\global_include.php on line 514
[2026-07-06 18:09:06] Creation of dynamic property app::$popup is deprecated in C:\xampp\Desktop\mdcnpal\htdocs\public_html\core\app.php on line 434
[2026-07-06 18:09:06] Undefined array key "MDRCCustID" in C:\xampp\Desktop\mdcnpal\htdocs\public_html\core\global_include.php on line 515
[2026-07-06 18:09:06] Undefined array key "MDRCToken" in C:\xampp\Desktop\mdcnpal\htdocs\public_html\core\global_include.php on line 515
[2026-07-06 18:09:06] Creation of dynamic property app::$rscategory is deprecated in C:\xampp\Desktop\mdcnpal\htdocs\public_html\core\app.php on line 434
[2026-07-06 18:09:06] Creation of dynamic property app::$rs_pages is deprecated in C:\xampp\Desktop\mdcnpal\htdocs\public_html\core\app.php on line 434
[2026-07-06 18:09:06] Creation of dynamic property app::$gs is deprecated in C:\xampp\Desktop\mdcnpal\htdocs\public_html\core\app.php on line 434
[2026-07-06 18:09:06] Undefined array key "MDRCCustID" in C:\xampp\Desktop\mdcnpal\htdocs\public_html\core\global_include.php on line 596
[2026-07-06 18:09:06] Undefined array key "MDRCCustID" in C:\xampp\Desktop\mdcnpal\htdocs\public_html\core\global_include.php on line 615
[2026-07-06 18:09:06] Undefined variable $getId in C:\xampp\Desktop\mdcnpal\htdocs\public_html\core\global_include.php on line 684
[2026-07-06 18:09:06] Undefined variable $getName in C:\xampp\Desktop\mdcnpal\htdocs\public_html\core\global_include.php on line 685
[2026-07-06 18:09:06] Undefined array key 0 in C:\xampp\Desktop\mdcnpal\htdocs\public_html\core\global_include.php on line 810
[2026-07-06 18:09:06] Creation of dynamic property app::$rs_offer_msg is deprecated in C:\xampp\Desktop\mdcnpal\htdocs\public_html\core\app.php on line 434
[2026-07-06 18:09:06] Creation of dynamic property app::$rs_for_doctors is deprecated in C:\xampp\Desktop\mdcnpal\htdocs\public_html\core\app.php on line 434
[2026-07-06 18:09:06] Undefined property: app::$rs_cartmini in C:\xampp\Desktop\mdcnpal\htdocs\public_html\includes\header.php on line 131
[2026-07-06 18:09:06] Undefined array key "MDRCCustID" in C:\xampp\Desktop\mdcnpal\htdocs\public_html\includes\header.php on line 134
[2026-07-06 18:09:06] Undefined property: app::$rs_cartmini in C:\xampp\Desktop\mdcnpal\htdocs\public_html\includes\header.php on line 197
[2026-07-06 18:09:06] Undefined array key "MDRCCustID" in C:\xampp\Desktop\mdcnpal\htdocs\public_html\includes\header.php on line 200
[2026-07-06 18:09:06] Undefined property: app::$rs_cartmini in C:\xampp\Desktop\mdcnpal\htdocs\public_html\includes\header.php on line 469
[2026-07-06 18:09:06] Undefined array key "MDRCCustID" in C:\xampp\Desktop\mdcnpal\htdocs\public_html\includes\header.php on line 472
[2026-07-06 18:09:06] Undefined property: app::$rs_cartmini in C:\xampp\Desktop\mdcnpal\htdocs\public_html\includes\header.php on line 525
[2026-07-06 18:09:06] Undefined array key "MDRCCustID" in C:\xampp\Desktop\mdcnpal\htdocs\public_html\includes\header.php on line 528
[2026-07-06 18:09:06] Undefined property: app::$rs_customer in C:\xampp\Desktop\mdcnpal\htdocs\public_html\includes\header.php on line 712
[2026-07-06 18:09:06] Trying to access array offset on value of type null in C:\xampp\Desktop\mdcnpal\htdocs\public_html\includes\header.php on line 712
[2026-07-06 18:09:06] Undefined property: app::$rs_customer in C:\xampp\Desktop\mdcnpal\htdocs\public_html\includes\header.php on line 721
[2026-07-06 18:09:06] Trying to access array offset on value of type null in C:\xampp\Desktop\mdcnpal\htdocs\public_html\includes\header.php on line 721
[2026-07-06 18:09:06] Undefined property: app::$rs_customer in C:\xampp\Desktop\mdcnpal\htdocs\public_html\includes\header.php on line 730
[2026-07-06 18:09:06] Trying to access array offset on value of type null in C:\xampp\Desktop\mdcnpal\htdocs\public_html\includes\header.php on line 730
[2026-07-06 18:09:06] Undefined property: app::$rs_customer in C:\xampp\Desktop\mdcnpal\htdocs\public_html\includes\header.php on line 739
[2026-07-06 18:09:06] Trying to access array offset on value of type null in C:\xampp\Desktop\mdcnpal\htdocs\public_html\includes\header.php on line 739
[2026-07-06 18:09:06] Undefined property: app::$rs_cartmini in C:\xampp\Desktop\mdcnpal\htdocs\public_html\core\app.php(565) : eval()'d code on line 66
[06-Jul-2026 18:09:06 Asia/Kathmandu] PHP Fatal error:  Uncaught TypeError: count(): Argument #1 ($value) must be of type Countable|array, null given in C:\xampp\Desktop\mdcnpal\htdocs\public_html\core\app.php(565) : eval()'d code:66
Stack trace:
#0 C:\xampp\Desktop\mdcnpal\htdocs\public_html\core\app.php(565): eval()
#1 C:\xampp\Desktop\mdcnpal\htdocs\public_html\core\app.php(535): app->compile()
#2 C:\xampp\Desktop\mdcnpal\htdocs\public_html\core\app.php(516): app->package()
#3 C:\xampp\Desktop\mdcnpal\htdocs\public_html\index.php(6): app->execute()
#4 {main}
  thrown in C:\xampp\Desktop\mdcnpal\htdocs\public_html\core\app.php(565) : eval()'d code on line 66
[2026-07-06 18:09:07] Creation of dynamic property dbclass::$RECORD_SET is deprecated in C:\xampp\Desktop\mdcnpal\htdocs\public_html\core\dbclass.php on line 69
[2026-07-06 18:09:07] Creation of dynamic property dbclass::$app is deprecated in C:\xampp\Desktop\mdcnpal\htdocs\public_html\core\dbclass.php on line 75
[2026-07-06 18:09:07] Creation of dynamic property model::$foreign_tables is deprecated in C:\xampp\Desktop\mdcnpal\htdocs\public_html\core\model.php on line 43
[2026-07-06 18:09:07] Creation of dynamic property app::$inputfilter is deprecated in C:\xampp\Desktop\mdcnpal\htdocs\public_html\core\app.php on line 123
[2026-07-06 18:09:07] Creation of dynamic property app::$userconfig is deprecated in C:\xampp\Desktop\mdcnpal\htdocs\public_html\core\app.php on line 124
[2026-07-06 18:09:07] Creation of dynamic property app::$global_include is deprecated in C:\xampp\Desktop\mdcnpal\htdocs\public_html\core\app.php on line 125
[2026-07-06 18:09:07] Creation of dynamic property app::$set_cache_time is deprecated in C:\xampp\Desktop\mdcnpal\htdocs\public_html\core\app.php on line 153
[2026-07-06 18:09:07] Creation of dynamic property app::$meta is deprecated in C:\xampp\Desktop\mdcnpal\htdocs\public_html\core\app.php on line 434
[2026-07-06 18:09:07] Creation of dynamic property app::$rs_gs_city is deprecated in C:\xampp\Desktop\mdcnpal\htdocs\public_html\core\app.php on line 434
[2026-07-06 18:09:07] Creation of dynamic property app::$rs_footer_popular_item is deprecated in C:\xampp\Desktop\mdcnpal\htdocs\public_html\core\app.php on line 434
[2026-07-06 18:09:07] Creation of dynamic property app::$rs_footer_popular_test is deprecated in C:\xampp\Desktop\mdcnpal\htdocs\public_html\core\app.php on line 434
[2026-07-06 18:09:07] Creation of dynamic property app::$rs_testimonial is deprecated in C:\xampp\Desktop\mdcnpal\htdocs\public_html\core\app.php on line 434
[2026-07-06 18:09:07] Creation of dynamic property app::$admin is deprecated in C:\xampp\Desktop\mdcnpal\htdocs\public_html\core\app.php on line 434
[2026-07-06 18:09:07] Undefined array key 0 in C:\xampp\Desktop\mdcnpal\htdocs\public_html\core\global_include.php on line 514
[2026-07-06 18:09:07] Creation of dynamic property app::$popup is deprecated in C:\xampp\Desktop\mdcnpal\htdocs\public_html\core\app.php on line 434
[2026-07-06 18:09:07] Undefined array key "MDRCCustID" in C:\xampp\Desktop\mdcnpal\htdocs\public_html\core\global_include.php on line 515
[2026-07-06 18:09:07] Undefined array key "MDRCToken" in C:\xampp\Desktop\mdcnpal\htdocs\public_html\core\global_include.php on line 515
[2026-07-06 18:09:07] Creation of dynamic property app::$rscategory is deprecated in C:\xampp\Desktop\mdcnpal\htdocs\public_html\core\app.php on line 434
[2026-07-06 18:09:07] Creation of dynamic property app::$rs_pages is deprecated in C:\xampp\Desktop\mdcnpal\htdocs\public_html\core\app.php on line 434
[2026-07-06 18:09:07] Creation of dynamic property app::$gs is deprecated in C:\xampp\Desktop\mdcnpal\htdocs\public_html\core\app.php on line 434
[2026-07-06 18:09:07] Undefined array key "MDRCCustID" in C:\xampp\Desktop\mdcnpal\htdocs\public_html\core\global_include.php on line 596
[2026-07-06 18:09:07] Undefined array key "MDRCCustID" in C:\xampp\Desktop\mdcnpal\htdocs\public_html\core\global_include.php on line 615
[2026-07-06 18:09:07] Undefined variable $getId in C:\xampp\Desktop\mdcnpal\htdocs\public_html\core\global_include.php on line 684
[2026-07-06 18:09:07] Undefined variable $getName in C:\xampp\Desktop\mdcnpal\htdocs\public_html\core\global_include.php on line 685
[2026-07-06 18:09:07] Undefined array key 0 in C:\xampp\Desktop\mdcnpal\htdocs\public_html\core\global_include.php on line 810
[2026-07-06 18:09:07] Creation of dynamic property app::$rs_offer_msg is deprecated in C:\xampp\Desktop\mdcnpal\htdocs\public_html\core\app.php on line 434
[2026-07-06 18:09:07] Creation of dynamic property app::$rs_for_doctors is deprecated in C:\xampp\Desktop\mdcnpal\htdocs\public_html\core\app.php on line 434
[2026-07-06 18:09:07] Undefined property: app::$rs_cartmini in C:\xampp\Desktop\mdcnpal\htdocs\public_html\includes\header.php on line 131
[2026-07-06 18:09:07] Undefined array key "MDRCCustID" in C:\xampp\Desktop\mdcnpal\htdocs\public_html\includes\header.php on line 134
[2026-07-06 18:09:07] Undefined property: app::$rs_cartmini in C:\xampp\Desktop\mdcnpal\htdocs\public_html\includes\header.php on line 197
[2026-07-06 18:09:07] Undefined array key "MDRCCustID" in C:\xampp\Desktop\mdcnpal\htdocs\public_html\includes\header.php on line 200
[2026-07-06 18:09:07] Undefined property: app::$rs_cartmini in C:\xampp\Desktop\mdcnpal\htdocs\public_html\includes\header.php on line 469
[2026-07-06 18:09:07] Undefined array key "MDRCCustID" in C:\xampp\Desktop\mdcnpal\htdocs\public_html\includes\header.php on line 472
[2026-07-06 18:09:07] Undefined property: app::$rs_cartmini in C:\xampp\Desktop\mdcnpal\htdocs\public_html\includes\header.php on line 525
[2026-07-06 18:09:07] Undefined array key "MDRCCustID" in C:\xampp\Desktop\mdcnpal\htdocs\public_html\includes\header.php on line 528
[2026-07-06 18:09:07] Undefined property: app::$rs_customer in C:\xampp\Desktop\mdcnpal\htdocs\public_html\includes\header.php on line 712
[2026-07-06 18:09:07] Trying to access array offset on value of type null in C:\xampp\Desktop\mdcnpal\htdocs\public_html\includes\header.php on line 712
[2026-07-06 18:09:07] Undefined property: app::$rs_customer in C:\xampp\Desktop\mdcnpal\htdocs\public_html\includes\header.php on line 721
[2026-07-06 18:09:07] Trying to access array offset on value of type null in C:\xampp\Desktop\mdcnpal\htdocs\public_html\includes\header.php on line 721
[2026-07-06 18:09:07] Undefined property: app::$rs_customer in C:\xampp\Desktop\mdcnpal\htdocs\public_html\includes\header.php on line 730
[2026-07-06 18:09:07] Trying to access array offset on value of type null in C:\xampp\Desktop\mdcnpal\htdocs\public_html\includes\header.php on line 730
[2026-07-06 18:09:07] Undefined property: app::$rs_customer in C:\xampp\Desktop\mdcnpal\htdocs\public_html\includes\header.php on line 739
[2026-07-06 18:09:07] Trying to access array offset on value of type null in C:\xampp\Desktop\mdcnpal\htdocs\public_html\includes\header.php on line 739
[2026-07-06 18:09:07] Undefined property: app::$rs_customer in C:\xampp\Desktop\mdcnpal\htdocs\public_html\includes\footer.php on line 357
[2026-07-06 18:09:07] Trying to access array offset on value of type null in C:\xampp\Desktop\mdcnpal\htdocs\public_html\includes\footer.php on line 357
[2026-07-06 18:09:07] Undefined property: app::$rs_customer in C:\xampp\Desktop\mdcnpal\htdocs\public_html\includes\footer.php on line 366
[2026-07-06 18:09:07] Trying to access array offset on value of type null in C:\xampp\Desktop\mdcnpal\htdocs\public_html\includes\footer.php on line 366
[2026-07-06 18:09:07] Undefined property: app::$rs_customer in C:\xampp\Desktop\mdcnpal\htdocs\public_html\includes\footer.php on line 372
[2026-07-06 18:09:07] Trying to access array offset on value of type null in C:\xampp\Desktop\mdcnpal\htdocs\public_html\includes\footer.php on line 372
[2026-07-06 18:09:07] Undefined property: app::$rs_customer in C:\xampp\Desktop\mdcnpal\htdocs\public_html\includes\general_data.php on line 88
[2026-07-06 18:09:07] Trying to access array offset on value of type null in C:\xampp\Desktop\mdcnpal\htdocs\public_html\includes\general_data.php on line 88
[2026-07-06 18:09:07] Undefined array key "MDRCCustID" in C:\xampp\Desktop\mdcnpal\htdocs\public_html\includes\general_data.php on line 88
[2026-07-06 18:09:07] Undefined variable $tmpStr in C:\xampp\Desktop\mdcnpal\htdocs\public_html\core\app.php on line 971
[2026-07-06 18:09:07] Creation of dynamic property dbclass::$RECORD_SET is deprecated in C:\xampp\Desktop\mdcnpal\htdocs\public_html\core\dbclass.php on line 69
[2026-07-06 18:09:07] Creation of dynamic property dbclass::$app is deprecated in C:\xampp\Desktop\mdcnpal\htdocs\public_html\core\dbclass.php on line 75
[2026-07-06 18:09:07] Creation of dynamic property model::$foreign_tables is deprecated in C:\xampp\Desktop\mdcnpal\htdocs\public_html\core\model.php on line 43
[2026-07-06 18:09:07] Creation of dynamic property app::$inputfilter is deprecated in C:\xampp\Desktop\mdcnpal\htdocs\public_html\core\app.php on line 123
[2026-07-06 18:09:07] Creation of dynamic property app::$userconfig is deprecated in C:\xampp\Desktop\mdcnpal\htdocs\public_html\core\app.php on line 124
[2026-07-06 18:09:07] Creation of dynamic property app::$global_include is deprecated in C:\xampp\Desktop\mdcnpal\htdocs\public_html\core\app.php on line 125
[2026-07-06 18:09:07] Creation of dynamic property app::$set_cache_time is deprecated in C:\xampp\Desktop\mdcnpal\htdocs\public_html\core\app.php on line 153
[2026-07-06 18:09:07] Creation of dynamic property app::$meta is deprecated in C:\xampp\Desktop\mdcnpal\htdocs\public_html\core\app.php on line 434
[2026-07-06 18:09:07] Creation of dynamic property app::$rs_gs_city is deprecated in C:\xampp\Desktop\mdcnpal\htdocs\public_html\core\app.php on line 434
[2026-07-06 18:09:07] Creation of dynamic property app::$rs_footer_popular_item is deprecated in C:\xampp\Desktop\mdcnpal\htdocs\public_html\core\app.php on line 434
[2026-07-06 18:09:07] Creation of dynamic property app::$rs_footer_popular_test is deprecated in C:\xampp\Desktop\mdcnpal\htdocs\public_html\core\app.php on line 434
[2026-07-06 18:09:07] Creation of dynamic property app::$rs_testimonial is deprecated in C:\xampp\Desktop\mdcnpal\htdocs\public_html\core\app.php on line 434
[2026-07-06 18:09:07] Creation of dynamic property app::$admin is deprecated in C:\xampp\Desktop\mdcnpal\htdocs\public_html\core\app.php on line 434
[2026-07-06 18:09:07] Undefined array key 0 in C:\xampp\Desktop\mdcnpal\htdocs\public_html\core\global_include.php on line 514
[2026-07-06 18:09:07] Creation of dynamic property app::$popup is deprecated in C:\xampp\Desktop\mdcnpal\htdocs\public_html\core\app.php on line 434
[2026-07-06 18:09:07] Undefined array key "MDRCCustID" in C:\xampp\Desktop\mdcnpal\htdocs\public_html\core\global_include.php on line 515
[2026-07-06 18:09:07] Undefined array key "MDRCToken" in C:\xampp\Desktop\mdcnpal\htdocs\public_html\core\global_include.php on line 515
[2026-07-06 18:09:07] Creation of dynamic property app::$rscategory is deprecated in C:\xampp\Desktop\mdcnpal\htdocs\public_html\core\app.php on line 434
[2026-07-06 18:09:07] Creation of dynamic property app::$rs_pages is deprecated in C:\xampp\Desktop\mdcnpal\htdocs\public_html\core\app.php on line 434
[2026-07-06 18:09:07] Creation of dynamic property app::$gs is deprecated in C:\xampp\Desktop\mdcnpal\htdocs\public_html\core\app.php on line 434
[2026-07-06 18:09:07] Undefined array key "MDRCCustID" in C:\xampp\Desktop\mdcnpal\htdocs\public_html\core\global_include.php on line 596
[2026-07-06 18:09:07] Undefined array key "MDRCCustID" in C:\xampp\Desktop\mdcnpal\htdocs\public_html\core\global_include.php on line 615
[2026-07-06 18:09:07] Undefined variable $getId in C:\xampp\Desktop\mdcnpal\htdocs\public_html\core\global_include.php on line 684
[2026-07-06 18:09:07] Undefined variable $getName in C:\xampp\Desktop\mdcnpal\htdocs\public_html\core\global_include.php on line 685
[2026-07-06 18:09:07] Undefined array key 0 in C:\xampp\Desktop\mdcnpal\htdocs\public_html\core\global_include.php on line 810
[2026-07-06 18:09:07] Creation of dynamic property app::$rs_offer_msg is deprecated in C:\xampp\Desktop\mdcnpal\htdocs\public_html\core\app.php on line 434
[2026-07-06 18:09:07] Creation of dynamic property app::$rs_for_doctors is deprecated in C:\xampp\Desktop\mdcnpal\htdocs\public_html\core\app.php on line 434
[2026-07-06 18:09:07] Undefined property: app::$rs_cartmini in C:\xampp\Desktop\mdcnpal\htdocs\public_html\includes\header.php on line 131
[2026-07-06 18:09:07] Undefined array key "MDRCCustID" in C:\xampp\Desktop\mdcnpal\htdocs\public_html\includes\header.php on line 134
[2026-07-06 18:09:07] Undefined property: app::$rs_cartmini in C:\xampp\Desktop\mdcnpal\htdocs\public_html\includes\header.php on line 197
[2026-07-06 18:09:07] Undefined array key "MDRCCustID" in C:\xampp\Desktop\mdcnpal\htdocs\public_html\includes\header.php on line 200
[2026-07-06 18:09:07] Undefined property: app::$rs_cartmini in C:\xampp\Desktop\mdcnpal\htdocs\public_html\includes\header.php on line 469
[2026-07-06 18:09:07] Undefined array key "MDRCCustID" in C:\xampp\Desktop\mdcnpal\htdocs\public_html\includes\header.php on line 472
[2026-07-06 18:09:07] Undefined property: app::$rs_cartmini in C:\xampp\Desktop\mdcnpal\htdocs\public_html\includes\header.php on line 525
[2026-07-06 18:09:07] Undefined array key "MDRCCustID" in C:\xampp\Desktop\mdcnpal\htdocs\public_html\includes\header.php on line 528
[2026-07-06 18:09:07] Undefined property: app::$rs_customer in C:\xampp\Desktop\mdcnpal\htdocs\public_html\includes\header.php on line 712
[2026-07-06 18:09:07] Trying to access array offset on value of type null in C:\xampp\Desktop\mdcnpal\htdocs\public_html\includes\header.php on line 712
[2026-07-06 18:09:07] Undefined property: app::$rs_customer in C:\xampp\Desktop\mdcnpal\htdocs\public_html\includes\header.php on line 721
[2026-07-06 18:09:07] Trying to access array offset on value of type null in C:\xampp\Desktop\mdcnpal\htdocs\public_html\includes\header.php on line 721
[2026-07-06 18:09:07] Undefined property: app::$rs_customer in C:\xampp\Desktop\mdcnpal\htdocs\public_html\includes\header.php on line 730
[2026-07-06 18:09:07] Trying to access array offset on value of type null in C:\xampp\Desktop\mdcnpal\htdocs\public_html\includes\header.php on line 730
[2026-07-06 18:09:07] Undefined property: app::$rs_customer in C:\xampp\Desktop\mdcnpal\htdocs\public_html\includes\header.php on line 739
[2026-07-06 18:09:07] Trying to access array offset on value of type null in C:\xampp\Desktop\mdcnpal\htdocs\public_html\includes\header.php on line 739
[2026-07-06 18:09:07] Undefined property: app::$rs_customer in C:\xampp\Desktop\mdcnpal\htdocs\public_html\includes\footer.php on line 357
[2026-07-06 18:09:07] Trying to access array offset on value of type null in C:\xampp\Desktop\mdcnpal\htdocs\public_html\includes\footer.php on line 357
[2026-07-06 18:09:07] Undefined property: app::$rs_customer in C:\xampp\Desktop\mdcnpal\htdocs\public_html\includes\footer.php on line 366
[2026-07-06 18:09:07] Trying to access array offset on value of type null in C:\xampp\Desktop\mdcnpal\htdocs\public_html\includes\footer.php on line 366
[2026-07-06 18:09:07] Undefined property: app::$rs_customer in C:\xampp\Desktop\mdcnpal\htdocs\public_html\includes\footer.php on line 372
[2026-07-06 18:09:07] Trying to access array offset on value of type null in C:\xampp\Desktop\mdcnpal\htdocs\public_html\includes\footer.php on line 372
[2026-07-06 18:09:07] Undefined property: app::$rs_customer in C:\xampp\Desktop\mdcnpal\htdocs\public_html\includes\general_data.php on line 88
[2026-07-06 18:09:07] Trying to access array offset on value of type null in C:\xampp\Desktop\mdcnpal\htdocs\public_html\includes\general_data.php on line 88
[2026-07-06 18:09:07] Undefined array key "MDRCCustID" in C:\xampp\Desktop\mdcnpal\htdocs\public_html\includes\general_data.php on line 88
[2026-07-06 18:09:08] Undefined variable $tmpStr in C:\xampp\Desktop\mdcnpal\htdocs\public_html\core\app.php on line 971
[2026-07-06 18:09:08] Creation of dynamic property dbclass::$RECORD_SET is deprecated in C:\xampp\Desktop\mdcnpal\htdocs\public_html\core\dbclass.php on line 69
[2026-07-06 18:09:08] Creation of dynamic property dbclass::$app is deprecated in C:\xampp\Desktop\mdcnpal\htdocs\public_html\core\dbclass.php on line 75
[2026-07-06 18:09:08] Creation of dynamic property model::$foreign_tables is deprecated in C:\xampp\Desktop\mdcnpal\htdocs\public_html\core\model.php on line 43
[2026-07-06 18:09:08] Creation of dynamic property app::$inputfilter is deprecated in C:\xampp\Desktop\mdcnpal\htdocs\public_html\core\app.php on line 123
[2026-07-06 18:09:08] Creation of dynamic property app::$userconfig is deprecated in C:\xampp\Desktop\mdcnpal\htdocs\public_html\core\app.php on line 124
[2026-07-06 18:09:08] Creation of dynamic property app::$global_include is deprecated in C:\xampp\Desktop\mdcnpal\htdocs\public_html\core\app.php on line 125
[2026-07-06 18:09:08] Creation of dynamic property app::$set_cache_time is deprecated in C:\xampp\Desktop\mdcnpal\htdocs\public_html\core\app.php on line 153
[2026-07-06 18:09:08] Creation of dynamic property app::$meta is deprecated in C:\xampp\Desktop\mdcnpal\htdocs\public_html\core\app.php on line 434
[2026-07-06 18:09:08] Creation of dynamic property app::$rs_gs_city is deprecated in C:\xampp\Desktop\mdcnpal\htdocs\public_html\core\app.php on line 434
[2026-07-06 18:09:08] Creation of dynamic property app::$rs_footer_popular_item is deprecated in C:\xampp\Desktop\mdcnpal\htdocs\public_html\core\app.php on line 434
[2026-07-06 18:09:08] Creation of dynamic property app::$rs_footer_popular_test is deprecated in C:\xampp\Desktop\mdcnpal\htdocs\public_html\core\app.php on line 434
[2026-07-06 18:09:08] Creation of dynamic property app::$rs_testimonial is deprecated in C:\xampp\Desktop\mdcnpal\htdocs\public_html\core\app.php on line 434
[2026-07-06 18:09:08] Creation of dynamic property app::$admin is deprecated in C:\xampp\Desktop\mdcnpal\htdocs\public_html\core\app.php on line 434
[2026-07-06 18:09:08] Undefined array key 0 in C:\xampp\Desktop\mdcnpal\htdocs\public_html\core\global_include.php on line 514
[2026-07-06 18:09:08] Creation of dynamic property app::$popup is deprecated in C:\xampp\Desktop\mdcnpal\htdocs\public_html\core\app.php on line 434
[2026-07-06 18:09:08] Undefined array key "MDRCCustID" in C:\xampp\Desktop\mdcnpal\htdocs\public_html\core\global_include.php on line 515
[2026-07-06 18:09:08] Undefined array key "MDRCToken" in C:\xampp\Desktop\mdcnpal\htdocs\public_html\core\global_include.php on line 515
[2026-07-06 18:09:08] Creation of dynamic property app::$rscategory is deprecated in C:\xampp\Desktop\mdcnpal\htdocs\public_html\core\app.php on line 434
[2026-07-06 18:09:08] Creation of dynamic property app::$rs_pages is deprecated in C:\xampp\Desktop\mdcnpal\htdocs\public_html\core\app.php on line 434
[2026-07-06 18:09:08] Creation of dynamic property app::$gs is deprecated in C:\xampp\Desktop\mdcnpal\htdocs\public_html\core\app.php on line 434
[2026-07-06 18:09:08] Undefined array key "MDRCCustID" in C:\xampp\Desktop\mdcnpal\htdocs\public_html\core\global_include.php on line 596
[2026-07-06 18:09:08] Undefined array key "MDRCCustID" in C:\xampp\Desktop\mdcnpal\htdocs\public_html\core\global_include.php on line 615
[2026-07-06 18:09:08] Undefined variable $getId in C:\xampp\Desktop\mdcnpal\htdocs\public_html\core\global_include.php on line 684
[2026-07-06 18:09:08] Undefined variable $getName in C:\xampp\Desktop\mdcnpal\htdocs\public_html\core\global_include.php on line 685
[2026-07-06 18:09:08] Undefined array key 0 in C:\xampp\Desktop\mdcnpal\htdocs\public_html\core\global_include.php on line 810
[2026-07-06 18:09:08] Creation of dynamic property app::$rs_offer_msg is deprecated in C:\xampp\Desktop\mdcnpal\htdocs\public_html\core\app.php on line 434
[2026-07-06 18:09:08] Creation of dynamic property app::$rs_for_doctors is deprecated in C:\xampp\Desktop\mdcnpal\htdocs\public_html\core\app.php on line 434
[2026-07-06 18:09:08] Undefined property: app::$rs_cartmini in C:\xampp\Desktop\mdcnpal\htdocs\public_html\includes\header.php on line 131
[2026-07-06 18:09:08] Undefined array key "MDRCCustID" in C:\xampp\Desktop\mdcnpal\htdocs\public_html\includes\header.php on line 134
[2026-07-06 18:09:08] Undefined property: app::$rs_cartmini in C:\xampp\Desktop\mdcnpal\htdocs\public_html\includes\header.php on line 197
[2026-07-06 18:09:08] Undefined array key "MDRCCustID" in C:\xampp\Desktop\mdcnpal\htdocs\public_html\includes\header.php on line 200
[2026-07-06 18:09:08] Undefined property: app::$rs_cartmini in C:\xampp\Desktop\mdcnpal\htdocs\public_html\includes\header.php on line 469
[2026-07-06 18:09:08] Undefined array key "MDRCCustID" in C:\xampp\Desktop\mdcnpal\htdocs\public_html\includes\header.php on line 472
[2026-07-06 18:09:08] Undefined property: app::$rs_cartmini in C:\xampp\Desktop\mdcnpal\htdocs\public_html\includes\header.php on line 525
[2026-07-06 18:09:08] Undefined array key "MDRCCustID" in C:\xampp\Desktop\mdcnpal\htdocs\public_html\includes\header.php on line 528
[2026-07-06 18:09:08] Undefined property: app::$rs_customer in C:\xampp\Desktop\mdcnpal\htdocs\public_html\includes\header.php on line 712
[2026-07-06 18:09:08] Trying to access array offset on value of type null in C:\xampp\Desktop\mdcnpal\htdocs\public_html\includes\header.php on line 712
[2026-07-06 18:09:08] Undefined property: app::$rs_customer in C:\xampp\Desktop\mdcnpal\htdocs\public_html\includes\header.php on line 721
[2026-07-06 18:09:08] Trying to access array offset on value of type null in C:\xampp\Desktop\mdcnpal\htdocs\public_html\includes\header.php on line 721
[2026-07-06 18:09:08] Undefined property: app::$rs_customer in C:\xampp\Desktop\mdcnpal\htdocs\public_html\includes\header.php on line 730
[2026-07-06 18:09:08] Trying to access array offset on value of type null in C:\xampp\Desktop\mdcnpal\htdocs\public_html\includes\header.php on line 730
[2026-07-06 18:09:08] Undefined property: app::$rs_customer in C:\xampp\Desktop\mdcnpal\htdocs\public_html\includes\header.php on line 739
[2026-07-06 18:09:08] Trying to access array offset on value of type null in C:\xampp\Desktop\mdcnpal\htdocs\public_html\includes\header.php on line 739
[2026-07-06 18:09:08] Undefined property: app::$rs_customer in C:\xampp\Desktop\mdcnpal\htdocs\public_html\includes\footer.php on line 357
[2026-07-06 18:09:08] Trying to access array offset on value of type null in C:\xampp\Desktop\mdcnpal\htdocs\public_html\includes\footer.php on line 357
[2026-07-06 18:09:08] Undefined property: app::$rs_customer in C:\xampp\Desktop\mdcnpal\htdocs\public_html\includes\footer.php on line 366
[2026-07-06 18:09:08] Trying to access array offset on value of type null in C:\xampp\Desktop\mdcnpal\htdocs\public_html\includes\footer.php on line 366
[2026-07-06 18:09:08] Undefined property: app::$rs_customer in C:\xampp\Desktop\mdcnpal\htdocs\public_html\includes\footer.php on line 372
[2026-07-06 18:09:08] Trying to access array offset on value of type null in C:\xampp\Desktop\mdcnpal\htdocs\public_html\includes\footer.php on line 372
[2026-07-06 18:09:08] Undefined property: app::$rs_customer in C:\xampp\Desktop\mdcnpal\htdocs\public_html\includes\general_data.php on line 88
[2026-07-06 18:09:08] Trying to access array offset on value of type null in C:\xampp\Desktop\mdcnpal\htdocs\public_html\includes\general_data.php on line 88
[2026-07-06 18:09:08] Undefined array key "MDRCCustID" in C:\xampp\Desktop\mdcnpal\htdocs\public_html\includes\general_data.php on line 88
[2026-07-06 18:09:08] Undefined variable $tmpStr in C:\xampp\Desktop\mdcnpal\htdocs\public_html\core\app.php on line 971
[2026-07-06 18:09:08] Creation of dynamic property dbclass::$RECORD_SET is deprecated in C:\xampp\Desktop\mdcnpal\htdocs\public_html\core\dbclass.php on line 69
[2026-07-06 18:09:08] Creation of dynamic property dbclass::$app is deprecated in C:\xampp\Desktop\mdcnpal\htdocs\public_html\core\dbclass.php on line 75
[2026-07-06 18:09:08] Creation of dynamic property model::$foreign_tables is deprecated in C:\xampp\Desktop\mdcnpal\htdocs\public_html\core\model.php on line 43
[2026-07-06 18:09:08] Creation of dynamic property app::$inputfilter is deprecated in C:\xampp\Desktop\mdcnpal\htdocs\public_html\core\app.php on line 123
[2026-07-06 18:09:08] Creation of dynamic property app::$userconfig is deprecated in C:\xampp\Desktop\mdcnpal\htdocs\public_html\core\app.php on line 124
[2026-07-06 18:09:08] Creation of dynamic property app::$global_include is deprecated in C:\xampp\Desktop\mdcnpal\htdocs\public_html\core\app.php on line 125
[2026-07-06 18:09:08] Creation of dynamic property app::$set_cache_time is deprecated in C:\xampp\Desktop\mdcnpal\htdocs\public_html\core\app.php on line 153
[2026-07-06 18:09:08] Creation of dynamic property app::$meta is deprecated in C:\xampp\Desktop\mdcnpal\htdocs\public_html\core\app.php on line 434
[2026-07-06 18:09:08] Creation of dynamic property app::$rs_gs_city is deprecated in C:\xampp\Desktop\mdcnpal\htdocs\public_html\core\app.php on line 434
[2026-07-06 18:09:08] Creation of dynamic property app::$rs_footer_popular_item is deprecated in C:\xampp\Desktop\mdcnpal\htdocs\public_html\core\app.php on line 434
[2026-07-06 18:09:09] Creation of dynamic property app::$rs_footer_popular_test is deprecated in C:\xampp\Desktop\mdcnpal\htdocs\public_html\core\app.php on line 434
[2026-07-06 18:09:09] Creation of dynamic property app::$rs_testimonial is deprecated in C:\xampp\Desktop\mdcnpal\htdocs\public_html\core\app.php on line 434
[2026-07-06 18:09:09] Creation of dynamic property app::$admin is deprecated in C:\xampp\Desktop\mdcnpal\htdocs\public_html\core\app.php on line 434
[2026-07-06 18:09:09] Undefined array key 0 in C:\xampp\Desktop\mdcnpal\htdocs\public_html\core\global_include.php on line 514
[2026-07-06 18:09:09] Creation of dynamic property app::$popup is deprecated in C:\xampp\Desktop\mdcnpal\htdocs\public_html\core\app.php on line 434
[2026-07-06 18:09:09] Undefined array key "MDRCCustID" in C:\xampp\Desktop\mdcnpal\htdocs\public_html\core\global_include.php on line 515
[2026-07-06 18:09:09] Undefined array key "MDRCToken" in C:\xampp\Desktop\mdcnpal\htdocs\public_html\core\global_include.php on line 515
[2026-07-06 18:09:09] Creation of dynamic property app::$rscategory is deprecated in C:\xampp\Desktop\mdcnpal\htdocs\public_html\core\app.php on line 434
[2026-07-06 18:09:09] Creation of dynamic property app::$rs_pages is deprecated in C:\xampp\Desktop\mdcnpal\htdocs\public_html\core\app.php on line 434
[2026-07-06 18:09:09] Creation of dynamic property app::$gs is deprecated in C:\xampp\Desktop\mdcnpal\htdocs\public_html\core\app.php on line 434
[2026-07-06 18:09:09] Undefined array key "MDRCCustID" in C:\xampp\Desktop\mdcnpal\htdocs\public_html\core\global_include.php on line 596
[2026-07-06 18:09:09] Undefined array key "MDRCCustID" in C:\xampp\Desktop\mdcnpal\htdocs\public_html\core\global_include.php on line 615
[2026-07-06 18:09:09] Undefined variable $getId in C:\xampp\Desktop\mdcnpal\htdocs\public_html\core\global_include.php on line 684
[2026-07-06 18:09:09] Undefined variable $getName in C:\xampp\Desktop\mdcnpal\htdocs\public_html\core\global_include.php on line 685
[2026-07-06 18:09:09] Undefined array key 0 in C:\xampp\Desktop\mdcnpal\htdocs\public_html\core\global_include.php on line 810
[2026-07-06 18:09:09] Creation of dynamic property app::$rs_offer_msg is deprecated in C:\xampp\Desktop\mdcnpal\htdocs\public_html\core\app.php on line 434
[2026-07-06 18:09:09] Creation of dynamic property app::$rs_for_doctors is deprecated in C:\xampp\Desktop\mdcnpal\htdocs\public_html\core\app.php on line 434
[2026-07-06 18:09:09] Undefined property: app::$rs_cartmini in C:\xampp\Desktop\mdcnpal\htdocs\public_html\includes\header.php on line 131
[2026-07-06 18:09:09] Undefined array key "MDRCCustID" in C:\xampp\Desktop\mdcnpal\htdocs\public_html\includes\header.php on line 134
[2026-07-06 18:09:09] Undefined property: app::$rs_cartmini in C:\xampp\Desktop\mdcnpal\htdocs\public_html\includes\header.php on line 197
[2026-07-06 18:09:09] Undefined array key "MDRCCustID" in C:\xampp\Desktop\mdcnpal\htdocs\public_html\includes\header.php on line 200
[2026-07-06 18:09:09] Undefined property: app::$rs_cartmini in C:\xampp\Desktop\mdcnpal\htdocs\public_html\includes\header.php on line 469
[2026-07-06 18:09:09] Undefined array key "MDRCCustID" in C:\xampp\Desktop\mdcnpal\htdocs\public_html\includes\header.php on line 472
[2026-07-06 18:09:09] Undefined property: app::$rs_cartmini in C:\xampp\Desktop\mdcnpal\htdocs\public_html\includes\header.php on line 525
[2026-07-06 18:09:09] Undefined array key "MDRCCustID" in C:\xampp\Desktop\mdcnpal\htdocs\public_html\includes\header.php on line 528
[2026-07-06 18:09:09] Undefined property: app::$rs_customer in C:\xampp\Desktop\mdcnpal\htdocs\public_html\includes\header.php on line 712
[2026-07-06 18:09:09] Trying to access array offset on value of type null in C:\xampp\Desktop\mdcnpal\htdocs\public_html\includes\header.php on line 712
[2026-07-06 18:09:09] Undefined property: app::$rs_customer in C:\xampp\Desktop\mdcnpal\htdocs\public_html\includes\header.php on line 721
[2026-07-06 18:09:09] Trying to access array offset on value of type null in C:\xampp\Desktop\mdcnpal\htdocs\public_html\includes\header.php on line 721
[2026-07-06 18:09:09] Undefined property: app::$rs_customer in C:\xampp\Desktop\mdcnpal\htdocs\public_html\includes\header.php on line 730
[2026-07-06 18:09:09] Trying to access array offset on value of type null in C:\xampp\Desktop\mdcnpal\htdocs\public_html\includes\header.php on line 730
[2026-07-06 18:09:09] Undefined property: app::$rs_customer in C:\xampp\Desktop\mdcnpal\htdocs\public_html\includes\header.php on line 739
[2026-07-06 18:09:09] Trying to access array offset on value of type null in C:\xampp\Desktop\mdcnpal\htdocs\public_html\includes\header.php on line 739
[2026-07-06 18:09:09] Undefined property: app::$rs_customer in C:\xampp\Desktop\mdcnpal\htdocs\public_html\includes\footer.php on line 357
[2026-07-06 18:09:09] Trying to access array offset on value of type null in C:\xampp\Desktop\mdcnpal\htdocs\public_html\includes\footer.php on line 357
[2026-07-06 18:09:09] Undefined property: app::$rs_customer in C:\xampp\Desktop\mdcnpal\htdocs\public_html\includes\footer.php on line 366
[2026-07-06 18:09:09] Trying to access array offset on value of type null in C:\xampp\Desktop\mdcnpal\htdocs\public_html\includes\footer.php on line 366
[2026-07-06 18:09:09] Undefined property: app::$rs_customer in C:\xampp\Desktop\mdcnpal\htdocs\public_html\includes\footer.php on line 372
[2026-07-06 18:09:09] Trying to access array offset on value of type null in C:\xampp\Desktop\mdcnpal\htdocs\public_html\includes\footer.php on line 372
[2026-07-06 18:09:09] Undefined property: app::$rs_customer in C:\xampp\Desktop\mdcnpal\htdocs\public_html\includes\general_data.php on line 88
[2026-07-06 18:09:09] Trying to access array offset on value of type null in C:\xampp\Desktop\mdcnpal\htdocs\public_html\includes\general_data.php on line 88
[2026-07-06 18:09:09] Undefined array key "MDRCCustID" in C:\xampp\Desktop\mdcnpal\htdocs\public_html\includes\general_data.php on line 88
[2026-07-06 18:09:09] Undefined variable $tmpStr in C:\xampp\Desktop\mdcnpal\htdocs\public_html\core\app.php on line 971
[2026-07-06 18:09:12] Creation of dynamic property dbclass::$RECORD_SET is deprecated in C:\xampp\Desktop\mdcnpal\htdocs\public_html\core\dbclass.php on line 69
[2026-07-06 18:09:12] Creation of dynamic property dbclass::$app is deprecated in C:\xampp\Desktop\mdcnpal\htdocs\public_html\core\dbclass.php on line 75
[2026-07-06 18:09:12] Creation of dynamic property model::$foreign_tables is deprecated in C:\xampp\Desktop\mdcnpal\htdocs\public_html\core\model.php on line 43
[2026-07-06 18:09:12] Creation of dynamic property app::$inputfilter is deprecated in C:\xampp\Desktop\mdcnpal\htdocs\public_html\core\app.php on line 123
[2026-07-06 18:09:12] Creation of dynamic property app::$userconfig is deprecated in C:\xampp\Desktop\mdcnpal\htdocs\public_html\core\app.php on line 124
[2026-07-06 18:09:12] Creation of dynamic property app::$global_include is deprecated in C:\xampp\Desktop\mdcnpal\htdocs\public_html\core\app.php on line 125
[2026-07-06 18:09:12] Creation of dynamic property app::$set_cache_time is deprecated in C:\xampp\Desktop\mdcnpal\htdocs\public_html\core\app.php on line 153
[2026-07-06 18:09:12] Creation of dynamic property app::$meta is deprecated in C:\xampp\Desktop\mdcnpal\htdocs\public_html\core\app.php on line 434
[2026-07-06 18:09:12] Creation of dynamic property app::$rs_gs_city is deprecated in C:\xampp\Desktop\mdcnpal\htdocs\public_html\core\app.php on line 434
[2026-07-06 18:09:12] Creation of dynamic property app::$rs_footer_popular_item is deprecated in C:\xampp\Desktop\mdcnpal\htdocs\public_html\core\app.php on line 434
[2026-07-06 18:09:12] Creation of dynamic property app::$rs_footer_popular_test is deprecated in C:\xampp\Desktop\mdcnpal\htdocs\public_html\core\app.php on line 434
[2026-07-06 18:09:12] Creation of dynamic property app::$rs_testimonial is deprecated in C:\xampp\Desktop\mdcnpal\htdocs\public_html\core\app.php on line 434
[2026-07-06 18:09:12] Creation of dynamic property app::$admin is deprecated in C:\xampp\Desktop\mdcnpal\htdocs\public_html\core\app.php on line 434
[2026-07-06 18:09:12] Undefined array key 0 in C:\xampp\Desktop\mdcnpal\htdocs\public_html\core\global_include.php on line 514
[2026-07-06 18:09:12] Creation of dynamic property app::$popup is deprecated in C:\xampp\Desktop\mdcnpal\htdocs\public_html\core\app.php on line 434
[2026-07-06 18:09:12] Undefined array key "MDRCCustID" in C:\xampp\Desktop\mdcnpal\htdocs\public_html\core\global_include.php on line 515
[2026-07-06 18:09:12] Undefined array key "MDRCToken" in C:\xampp\Desktop\mdcnpal\htdocs\public_html\core\global_include.php on line 515
[2026-07-06 18:09:12] Creation of dynamic property app::$rscategory is deprecated in C:\xampp\Desktop\mdcnpal\htdocs\public_html\core\app.php on line 434
[2026-07-06 18:09:12] Creation of dynamic property app::$rs_pages is deprecated in C:\xampp\Desktop\mdcnpal\htdocs\public_html\core\app.php on line 434
[2026-07-06 18:09:12] Creation of dynamic property app::$gs is deprecated in C:\xampp\Desktop\mdcnpal\htdocs\public_html\core\app.php on line 434
[2026-07-06 18:09:12] Undefined array key "MDRCCustID" in C:\xampp\Desktop\mdcnpal\htdocs\public_html\core\global_include.php on line 596
[2026-07-06 18:09:12] Undefined array key "MDRCCustID" in C:\xampp\Desktop\mdcnpal\htdocs\public_html\core\global_include.php on line 615
[2026-07-06 18:09:12] Undefined variable $getId in C:\xampp\Desktop\mdcnpal\htdocs\public_html\core\global_include.php on line 684
[2026-07-06 18:09:12] Undefined variable $getName in C:\xampp\Desktop\mdcnpal\htdocs\public_html\core\global_include.php on line 685
[2026-07-06 18:09:12] Undefined array key 0 in C:\xampp\Desktop\mdcnpal\htdocs\public_html\core\global_include.php on line 810
[2026-07-06 18:09:12] Creation of dynamic property app::$rs_offer_msg is deprecated in C:\xampp\Desktop\mdcnpal\htdocs\public_html\core\app.php on line 434
[2026-07-06 18:09:12] Creation of dynamic property app::$rs_for_doctors is deprecated in C:\xampp\Desktop\mdcnpal\htdocs\public_html\core\app.php on line 434
[2026-07-06 18:09:12] Creation of dynamic property app::$description is deprecated in C:\xampp\Desktop\mdcnpal\htdocs\public_html\core\app.php on line 434
[2026-07-06 18:09:12] Creation of dynamic property app::$rs_banner is deprecated in C:\xampp\Desktop\mdcnpal\htdocs\public_html\core\app.php on line 434
[2026-07-06 18:09:12] Creation of dynamic property app::$rs_item_diseases is deprecated in C:\xampp\Desktop\mdcnpal\htdocs\public_html\core\app.php on line 434
[2026-07-06 18:09:12] Creation of dynamic property app::$rs_item_home_category is deprecated in C:\xampp\Desktop\mdcnpal\htdocs\public_html\core\app.php on line 434
[2026-07-06 18:09:12] Creation of dynamic property app::$rs_item_banner_category is deprecated in C:\xampp\Desktop\mdcnpal\htdocs\public_html\core\app.php on line 434
[2026-07-06 18:09:12] Creation of dynamic property app::$rs_services is deprecated in C:\xampp\Desktop\mdcnpal\htdocs\public_html\core\app.php on line 434
[2026-07-06 18:09:12] Creation of dynamic property app::$rs_blog is deprecated in C:\xampp\Desktop\mdcnpal\htdocs\public_html\core\app.php on line 434
[2026-07-06 18:09:12] Creation of dynamic property app::$rs_category is deprecated in C:\xampp\Desktop\mdcnpal\htdocs\public_html\core\app.php on line 434
[2026-07-06 18:09:12] Creation of dynamic property app::$rs_faq_data is deprecated in C:\xampp\Desktop\mdcnpal\htdocs\public_html\core\app.php on line 434
[2026-07-06 18:09:12] Creation of dynamic property app::$rs_gallery_data is deprecated in C:\xampp\Desktop\mdcnpal\htdocs\public_html\core\app.php on line 434
[2026-07-06 18:09:12] Undefined property: app::$rs_cartmini in C:\xampp\Desktop\mdcnpal\htdocs\public_html\includes\header.php on line 131
[2026-07-06 18:09:12] Undefined array key "MDRCCustID" in C:\xampp\Desktop\mdcnpal\htdocs\public_html\includes\header.php on line 134
[2026-07-06 18:09:12] Undefined property: app::$rs_cartmini in C:\xampp\Desktop\mdcnpal\htdocs\public_html\includes\header.php on line 197
[2026-07-06 18:09:12] Undefined array key "MDRCCustID" in C:\xampp\Desktop\mdcnpal\htdocs\public_html\includes\header.php on line 200
[2026-07-06 18:09:12] Undefined property: app::$rs_cartmini in C:\xampp\Desktop\mdcnpal\htdocs\public_html\includes\header.php on line 469
[2026-07-06 18:09:12] Undefined array key "MDRCCustID" in C:\xampp\Desktop\mdcnpal\htdocs\public_html\includes\header.php on line 472
[2026-07-06 18:09:12] Undefined property: app::$rs_cartmini in C:\xampp\Desktop\mdcnpal\htdocs\public_html\includes\header.php on line 525
[2026-07-06 18:09:12] Undefined array key "MDRCCustID" in C:\xampp\Desktop\mdcnpal\htdocs\public_html\includes\header.php on line 528
[2026-07-06 18:09:12] Undefined property: app::$rs_customer in C:\xampp\Desktop\mdcnpal\htdocs\public_html\includes\header.php on line 712
[2026-07-06 18:09:12] Trying to access array offset on value of type null in C:\xampp\Desktop\mdcnpal\htdocs\public_html\includes\header.php on line 712
[2026-07-06 18:09:12] Undefined property: app::$rs_customer in C:\xampp\Desktop\mdcnpal\htdocs\public_html\includes\header.php on line 721
[2026-07-06 18:09:12] Trying to access array offset on value of type null in C:\xampp\Desktop\mdcnpal\htdocs\public_html\includes\header.php on line 721
[2026-07-06 18:09:12] Undefined property: app::$rs_customer in C:\xampp\Desktop\mdcnpal\htdocs\public_html\includes\header.php on line 730
[2026-07-06 18:09:12] Trying to access array offset on value of type null in C:\xampp\Desktop\mdcnpal\htdocs\public_html\includes\header.php on line 730
[2026-07-06 18:09:12] Undefined property: app::$rs_customer in C:\xampp\Desktop\mdcnpal\htdocs\public_html\includes\header.php on line 739
[2026-07-06 18:09:12] Trying to access array offset on value of type null in C:\xampp\Desktop\mdcnpal\htdocs\public_html\includes\header.php on line 739
[2026-07-06 18:09:12] Undefined variable $g_search_query in C:\xampp\Desktop\mdcnpal\htdocs\public_html\core\app.php(565) : eval()'d code on line 219
[2026-07-06 18:09:12] Undefined variable $department_cond in C:\xampp\Desktop\mdcnpal\htdocs\public_html\core\app.php(565) : eval()'d code on line 219
[2026-07-06 18:09:12] Undefined variable $type_cond in C:\xampp\Desktop\mdcnpal\htdocs\public_html\core\app.php(565) : eval()'d code on line 219
[2026-07-06 18:09:12] Undefined variable $dieses_cond in C:\xampp\Desktop\mdcnpal\htdocs\public_html\core\app.php(565) : eval()'d code on line 219
[2026-07-06 18:09:12] Undefined variable $popular_pack_cond in C:\xampp\Desktop\mdcnpal\htdocs\public_html\core\app.php(565) : eval()'d code on line 219
[2026-07-06 18:09:12] Undefined variable $g_search_query in C:\xampp\Desktop\mdcnpal\htdocs\public_html\core\app.php(565) : eval()'d code on line 219
[2026-07-06 18:09:12] Undefined variable $department_cond in C:\xampp\Desktop\mdcnpal\htdocs\public_html\core\app.php(565) : eval()'d code on line 219
[2026-07-06 18:09:12] Undefined variable $type_cond in C:\xampp\Desktop\mdcnpal\htdocs\public_html\core\app.php(565) : eval()'d code on line 219
[2026-07-06 18:09:12] Undefined variable $dieses_cond in C:\xampp\Desktop\mdcnpal\htdocs\public_html\core\app.php(565) : eval()'d code on line 219
[2026-07-06 18:09:12] Undefined variable $popular_pack_cond in C:\xampp\Desktop\mdcnpal\htdocs\public_html\core\app.php(565) : eval()'d code on line 219
[2026-07-06 18:09:12] Undefined variable $g_search_query in C:\xampp\Desktop\mdcnpal\htdocs\public_html\core\app.php(565) : eval()'d code on line 219
[2026-07-06 18:09:12] Undefined variable $department_cond in C:\xampp\Desktop\mdcnpal\htdocs\public_html\core\app.php(565) : eval()'d code on line 219
[2026-07-06 18:09:12] Undefined variable $type_cond in C:\xampp\Desktop\mdcnpal\htdocs\public_html\core\app.php(565) : eval()'d code on line 219
[2026-07-06 18:09:12] Undefined variable $dieses_cond in C:\xampp\Desktop\mdcnpal\htdocs\public_html\core\app.php(565) : eval()'d code on line 219
[2026-07-06 18:09:12] Undefined variable $popular_pack_cond in C:\xampp\Desktop\mdcnpal\htdocs\public_html\core\app.php(565) : eval()'d code on line 219
[2026-07-06 18:09:12] Undefined variable $g_search_query in C:\xampp\Desktop\mdcnpal\htdocs\public_html\core\app.php(565) : eval()'d code on line 219
[2026-07-06 18:09:12] Undefined variable $department_cond in C:\xampp\Desktop\mdcnpal\htdocs\public_html\core\app.php(565) : eval()'d code on line 219
[2026-07-06 18:09:12] Undefined variable $type_cond in C:\xampp\Desktop\mdcnpal\htdocs\public_html\core\app.php(565) : eval()'d code on line 219
[2026-07-06 18:09:12] Undefined variable $dieses_cond in C:\xampp\Desktop\mdcnpal\htdocs\public_html\core\app.php(565) : eval()'d code on line 219
[2026-07-06 18:09:12] Undefined variable $popular_pack_cond in C:\xampp\Desktop\mdcnpal\htdocs\public_html\core\app.php(565) : eval()'d code on line 219
[2026-07-06 18:09:13] Undefined variable $g_search_query in C:\xampp\Desktop\mdcnpal\htdocs\public_html\core\app.php(565) : eval()'d code on line 219
[2026-07-06 18:09:13] Undefined variable $department_cond in C:\xampp\Desktop\mdcnpal\htdocs\public_html\core\app.php(565) : eval()'d code on line 219
[2026-07-06 18:09:13] Undefined variable $type_cond in C:\xampp\Desktop\mdcnpal\htdocs\public_html\core\app.php(565) : eval()'d code on line 219
[2026-07-06 18:09:13] Undefined variable $dieses_cond in C:\xampp\Desktop\mdcnpal\htdocs\public_html\core\app.php(565) : eval()'d code on line 219
[2026-07-06 18:09:13] Undefined variable $popular_pack_cond in C:\xampp\Desktop\mdcnpal\htdocs\public_html\core\app.php(565) : eval()'d code on line 219
[2026-07-06 18:09:13] Undefined property: app::$rs_customer in C:\xampp\Desktop\mdcnpal\htdocs\public_html\includes\footer.php on line 357
[2026-07-06 18:09:13] Trying to access array offset on value of type null in C:\xampp\Desktop\mdcnpal\htdocs\public_html\includes\footer.php on line 357
[2026-07-06 18:09:13] Undefined property: app::$rs_customer in C:\xampp\Desktop\mdcnpal\htdocs\public_html\includes\footer.php on line 366
[2026-07-06 18:09:13] Trying to access array offset on value of type null in C:\xampp\Desktop\mdcnpal\htdocs\public_html\includes\footer.php on line 366
[2026-07-06 18:09:13] Undefined property: app::$rs_customer in C:\xampp\Desktop\mdcnpal\htdocs\public_html\includes\footer.php on line 372
[2026-07-06 18:09:13] Trying to access array offset on value of type null in C:\xampp\Desktop\mdcnpal\htdocs\public_html\includes\footer.php on line 372
[2026-07-06 18:09:13] Undefined property: app::$rs_customer in C:\xampp\Desktop\mdcnpal\htdocs\public_html\includes\general_data.php on line 88
[2026-07-06 18:09:13] Trying to access array offset on value of type null in C:\xampp\Desktop\mdcnpal\htdocs\public_html\includes\general_data.php on line 88
[2026-07-06 18:09:13] Undefined array key "MDRCCustID" in C:\xampp\Desktop\mdcnpal\htdocs\public_html\includes\general_data.php on line 88
[2026-07-06 18:09:13] Undefined variable $tmpStr in C:\xampp\Desktop\mdcnpal\htdocs\public_html\core\app.php on line 971
[2026-07-06 18:09:17] Creation of dynamic property dbclass::$RECORD_SET is deprecated in C:\xampp\Desktop\mdcnpal\htdocs\public_html\core\dbclass.php on line 69
[2026-07-06 18:09:17] Creation of dynamic property dbclass::$app is deprecated in C:\xampp\Desktop\mdcnpal\htdocs\public_html\core\dbclass.php on line 75
[2026-07-06 18:09:17] Creation of dynamic property model::$foreign_tables is deprecated in C:\xampp\Desktop\mdcnpal\htdocs\public_html\core\model.php on line 43
[2026-07-06 18:09:17] Creation of dynamic property app::$inputfilter is deprecated in C:\xampp\Desktop\mdcnpal\htdocs\public_html\core\app.php on line 123
[2026-07-06 18:09:17] Creation of dynamic property app::$userconfig is deprecated in C:\xampp\Desktop\mdcnpal\htdocs\public_html\core\app.php on line 124
[2026-07-06 18:09:17] Creation of dynamic property app::$global_include is deprecated in C:\xampp\Desktop\mdcnpal\htdocs\public_html\core\app.php on line 125
[2026-07-06 18:09:17] Creation of dynamic property app::$set_cache_time is deprecated in C:\xampp\Desktop\mdcnpal\htdocs\public_html\core\app.php on line 153
[2026-07-06 18:09:17] Creation of dynamic property app::$meta is deprecated in C:\xampp\Desktop\mdcnpal\htdocs\public_html\core\app.php on line 434
[2026-07-06 18:09:17] Creation of dynamic property app::$rs_gs_city is deprecated in C:\xampp\Desktop\mdcnpal\htdocs\public_html\core\app.php on line 434
[2026-07-06 18:09:17] Creation of dynamic property app::$rs_footer_popular_item is deprecated in C:\xampp\Desktop\mdcnpal\htdocs\public_html\core\app.php on line 434
[2026-07-06 18:09:17] Creation of dynamic property app::$rs_footer_popular_test is deprecated in C:\xampp\Desktop\mdcnpal\htdocs\public_html\core\app.php on line 434
[2026-07-06 18:09:17] Creation of dynamic property app::$rs_testimonial is deprecated in C:\xampp\Desktop\mdcnpal\htdocs\public_html\core\app.php on line 434
[2026-07-06 18:09:17] Creation of dynamic property app::$admin is deprecated in C:\xampp\Desktop\mdcnpal\htdocs\public_html\core\app.php on line 434
[2026-07-06 18:09:17] Undefined array key 0 in C:\xampp\Desktop\mdcnpal\htdocs\public_html\core\global_include.php on line 514
[2026-07-06 18:09:17] Creation of dynamic property app::$popup is deprecated in C:\xampp\Desktop\mdcnpal\htdocs\public_html\core\app.php on line 434
[2026-07-06 18:09:17] Undefined array key "MDRCCustID" in C:\xampp\Desktop\mdcnpal\htdocs\public_html\core\global_include.php on line 515
[2026-07-06 18:09:17] Undefined array key "MDRCToken" in C:\xampp\Desktop\mdcnpal\htdocs\public_html\core\global_include.php on line 515
[2026-07-06 18:09:17] Creation of dynamic property app::$rscategory is deprecated in C:\xampp\Desktop\mdcnpal\htdocs\public_html\core\app.php on line 434
[2026-07-06 18:09:17] Creation of dynamic property app::$rs_pages is deprecated in C:\xampp\Desktop\mdcnpal\htdocs\public_html\core\app.php on line 434
[2026-07-06 18:09:17] Creation of dynamic property app::$gs is deprecated in C:\xampp\Desktop\mdcnpal\htdocs\public_html\core\app.php on line 434
[2026-07-06 18:09:17] Undefined array key "MDRCCustID" in C:\xampp\Desktop\mdcnpal\htdocs\public_html\core\global_include.php on line 596
[2026-07-06 18:09:17] Undefined array key "MDRCCustID" in C:\xampp\Desktop\mdcnpal\htdocs\public_html\core\global_include.php on line 615
[2026-07-06 18:09:17] Undefined variable $getId in C:\xampp\Desktop\mdcnpal\htdocs\public_html\core\global_include.php on line 684
[2026-07-06 18:09:17] Undefined variable $getName in C:\xampp\Desktop\mdcnpal\htdocs\public_html\core\global_include.php on line 685
[2026-07-06 18:09:17] Undefined array key 0 in C:\xampp\Desktop\mdcnpal\htdocs\public_html\core\global_include.php on line 810
[2026-07-06 18:09:17] Creation of dynamic property app::$rs_offer_msg is deprecated in C:\xampp\Desktop\mdcnpal\htdocs\public_html\core\app.php on line 434
[2026-07-06 18:09:17] Creation of dynamic property app::$rs_for_doctors is deprecated in C:\xampp\Desktop\mdcnpal\htdocs\public_html\core\app.php on line 434
[2026-07-06 18:09:17] Creation of dynamic property app::$rs_data is deprecated in C:\xampp\Desktop\mdcnpal\htdocs\public_html\core\app.php on line 434
[2026-07-06 18:09:17] Creation of dynamic property app::$rs_certi_data is deprecated in C:\xampp\Desktop\mdcnpal\htdocs\public_html\core\app.php on line 434
[2026-07-06 18:09:17] Creation of dynamic property app::$rs_key_fetures_data is deprecated in C:\xampp\Desktop\mdcnpal\htdocs\public_html\core\app.php on line 434
[2026-07-06 18:09:17] Creation of dynamic property app::$rs_banner is deprecated in C:\xampp\Desktop\mdcnpal\htdocs\public_html\core\app.php on line 434
[2026-07-06 18:09:17] Undefined variable $rs_package_data in C:\xampp\Desktop\mdcnpal\htdocs\public_html\controllers\controller_detail.php on line 94
[2026-07-06 18:09:17] Creation of dynamic property app::$rs_package_data is deprecated in C:\xampp\Desktop\mdcnpal\htdocs\public_html\core\app.php on line 434
[2026-07-06 18:09:17] Creation of dynamic property app::$city_id is deprecated in C:\xampp\Desktop\mdcnpal\htdocs\public_html\core\app.php on line 434
[2026-07-06 18:09:17] Creation of dynamic property app::$city_name is deprecated in C:\xampp\Desktop\mdcnpal\htdocs\public_html\core\app.php on line 434
[2026-07-06 18:09:17] Creation of dynamic property app::$rs_faq_data is deprecated in C:\xampp\Desktop\mdcnpal\htdocs\public_html\core\app.php on line 434
[2026-07-06 18:09:17] Undefined property: app::$rs_cartmini in C:\xampp\Desktop\mdcnpal\htdocs\public_html\includes\header.php on line 131
[2026-07-06 18:09:17] Undefined array key "MDRCCustID" in C:\xampp\Desktop\mdcnpal\htdocs\public_html\includes\header.php on line 134
[2026-07-06 18:09:17] Undefined property: app::$rs_cartmini in C:\xampp\Desktop\mdcnpal\htdocs\public_html\includes\header.php on line 197
[2026-07-06 18:09:17] Undefined array key "MDRCCustID" in C:\xampp\Desktop\mdcnpal\htdocs\public_html\includes\header.php on line 200
[2026-07-06 18:09:17] Undefined property: app::$rs_cartmini in C:\xampp\Desktop\mdcnpal\htdocs\public_html\includes\header.php on line 469
[2026-07-06 18:09:17] Undefined array key "MDRCCustID" in C:\xampp\Desktop\mdcnpal\htdocs\public_html\includes\header.php on line 472
[2026-07-06 18:09:17] Undefined property: app::$rs_cartmini in C:\xampp\Desktop\mdcnpal\htdocs\public_html\includes\header.php on line 525
[2026-07-06 18:09:17] Undefined array key "MDRCCustID" in C:\xampp\Desktop\mdcnpal\htdocs\public_html\includes\header.php on line 528
[2026-07-06 18:09:17] Undefined property: app::$rs_customer in C:\xampp\Desktop\mdcnpal\htdocs\public_html\includes\header.php on line 712
[2026-07-06 18:09:17] Trying to access array offset on value of type null in C:\xampp\Desktop\mdcnpal\htdocs\public_html\includes\header.php on line 712
[2026-07-06 18:09:17] Undefined property: app::$rs_customer in C:\xampp\Desktop\mdcnpal\htdocs\public_html\includes\header.php on line 721
[2026-07-06 18:09:17] Trying to access array offset on value of type null in C:\xampp\Desktop\mdcnpal\htdocs\public_html\includes\header.php on line 721
[2026-07-06 18:09:17] Undefined property: app::$rs_customer in C:\xampp\Desktop\mdcnpal\htdocs\public_html\includes\header.php on line 730
[2026-07-06 18:09:17] Trying to access array offset on value of type null in C:\xampp\Desktop\mdcnpal\htdocs\public_html\includes\header.php on line 730
[2026-07-06 18:09:17] Undefined property: app::$rs_customer in C:\xampp\Desktop\mdcnpal\htdocs\public_html\includes\header.php on line 739
[2026-07-06 18:09:17] Trying to access array offset on value of type null in C:\xampp\Desktop\mdcnpal\htdocs\public_html\includes\header.php on line 739
[06-Jul-2026 18:09:17 Asia/Kathmandu] PHP Fatal error:  Uncaught TypeError: count(): Argument #1 ($value) must be of type Countable|array, null given in C:\xampp\Desktop\mdcnpal\htdocs\public_html\core\app.php(565) : eval()'d code:42
Stack trace:
#0 C:\xampp\Desktop\mdcnpal\htdocs\public_html\core\app.php(565): eval()
#1 C:\xampp\Desktop\mdcnpal\htdocs\public_html\core\app.php(535): app->compile()
#2 C:\xampp\Desktop\mdcnpal\htdocs\public_html\core\app.php(516): app->package()
#3 C:\xampp\Desktop\mdcnpal\htdocs\public_html\index.php(6): app->execute()
#4 {main}
  thrown in C:\xampp\Desktop\mdcnpal\htdocs\public_html\core\app.php(565) : eval()'d code on line 42
[2026-07-06 18:09:18] Creation of dynamic property dbclass::$RECORD_SET is deprecated in C:\xampp\Desktop\mdcnpal\htdocs\public_html\core\dbclass.php on line 69
[2026-07-06 18:09:18] Creation of dynamic property dbclass::$app is deprecated in C:\xampp\Desktop\mdcnpal\htdocs\public_html\core\dbclass.php on line 75
[2026-07-06 18:09:18] Creation of dynamic property model::$foreign_tables is deprecated in C:\xampp\Desktop\mdcnpal\htdocs\public_html\core\model.php on line 43
[2026-07-06 18:09:18] Creation of dynamic property app::$inputfilter is deprecated in C:\xampp\Desktop\mdcnpal\htdocs\public_html\core\app.php on line 123
[2026-07-06 18:09:18] Creation of dynamic property app::$userconfig is deprecated in C:\xampp\Desktop\mdcnpal\htdocs\public_html\core\app.php on line 124
[2026-07-06 18:09:18] Creation of dynamic property app::$global_include is deprecated in C:\xampp\Desktop\mdcnpal\htdocs\public_html\core\app.php on line 125
[2026-07-06 18:09:18] Creation of dynamic property app::$set_cache_time is deprecated in C:\xampp\Desktop\mdcnpal\htdocs\public_html\core\app.php on line 153
[2026-07-06 18:09:18] Creation of dynamic property app::$meta is deprecated in C:\xampp\Desktop\mdcnpal\htdocs\public_html\core\app.php on line 434
[2026-07-06 18:09:18] Creation of dynamic property app::$rs_gs_city is deprecated in C:\xampp\Desktop\mdcnpal\htdocs\public_html\core\app.php on line 434
[2026-07-06 18:09:18] Creation of dynamic property app::$rs_footer_popular_item is deprecated in C:\xampp\Desktop\mdcnpal\htdocs\public_html\core\app.php on line 434
[2026-07-06 18:09:18] Creation of dynamic property app::$rs_footer_popular_test is deprecated in C:\xampp\Desktop\mdcnpal\htdocs\public_html\core\app.php on line 434
[2026-07-06 18:09:18] Creation of dynamic property app::$rs_testimonial is deprecated in C:\xampp\Desktop\mdcnpal\htdocs\public_html\core\app.php on line 434
[2026-07-06 18:09:18] Creation of dynamic property app::$admin is deprecated in C:\xampp\Desktop\mdcnpal\htdocs\public_html\core\app.php on line 434
[2026-07-06 18:09:18] Undefined array key 0 in C:\xampp\Desktop\mdcnpal\htdocs\public_html\core\global_include.php on line 514
[2026-07-06 18:09:18] Creation of dynamic property app::$popup is deprecated in C:\xampp\Desktop\mdcnpal\htdocs\public_html\core\app.php on line 434
[2026-07-06 18:09:18] Undefined array key "MDRCCustID" in C:\xampp\Desktop\mdcnpal\htdocs\public_html\core\global_include.php on line 515
[2026-07-06 18:09:18] Undefined array key "MDRCToken" in C:\xampp\Desktop\mdcnpal\htdocs\public_html\core\global_include.php on line 515
[2026-07-06 18:09:18] Creation of dynamic property app::$rscategory is deprecated in C:\xampp\Desktop\mdcnpal\htdocs\public_html\core\app.php on line 434
[2026-07-06 18:09:18] Creation of dynamic property app::$rs_pages is deprecated in C:\xampp\Desktop\mdcnpal\htdocs\public_html\core\app.php on line 434
[2026-07-06 18:09:18] Creation of dynamic property app::$gs is deprecated in C:\xampp\Desktop\mdcnpal\htdocs\public_html\core\app.php on line 434
[2026-07-06 18:09:18] Undefined array key "MDRCCustID" in C:\xampp\Desktop\mdcnpal\htdocs\public_html\core\global_include.php on line 596
[2026-07-06 18:09:18] Undefined array key "MDRCCustID" in C:\xampp\Desktop\mdcnpal\htdocs\public_html\core\global_include.php on line 615
[2026-07-06 18:09:18] Undefined variable $getId in C:\xampp\Desktop\mdcnpal\htdocs\public_html\core\global_include.php on line 684
[2026-07-06 18:09:18] Undefined variable $getName in C:\xampp\Desktop\mdcnpal\htdocs\public_html\core\global_include.php on line 685
[2026-07-06 18:09:18] Undefined array key 0 in C:\xampp\Desktop\mdcnpal\htdocs\public_html\core\global_include.php on line 810
[2026-07-06 18:09:18] Creation of dynamic property app::$rs_offer_msg is deprecated in C:\xampp\Desktop\mdcnpal\htdocs\public_html\core\app.php on line 434
[2026-07-06 18:09:18] Creation of dynamic property app::$rs_for_doctors is deprecated in C:\xampp\Desktop\mdcnpal\htdocs\public_html\core\app.php on line 434
[2026-07-06 18:09:18] Undefined property: app::$rs_cartmini in C:\xampp\Desktop\mdcnpal\htdocs\public_html\includes\header.php on line 131
[2026-07-06 18:09:18] Undefined array key "MDRCCustID" in C:\xampp\Desktop\mdcnpal\htdocs\public_html\includes\header.php on line 134
[2026-07-06 18:09:18] Undefined property: app::$rs_cartmini in C:\xampp\Desktop\mdcnpal\htdocs\public_html\includes\header.php on line 197
[2026-07-06 18:09:18] Undefined array key "MDRCCustID" in C:\xampp\Desktop\mdcnpal\htdocs\public_html\includes\header.php on line 200
[2026-07-06 18:09:18] Undefined property: app::$rs_cartmini in C:\xampp\Desktop\mdcnpal\htdocs\public_html\includes\header.php on line 469
[2026-07-06 18:09:18] Undefined array key "MDRCCustID" in C:\xampp\Desktop\mdcnpal\htdocs\public_html\includes\header.php on line 472
[2026-07-06 18:09:18] Undefined property: app::$rs_cartmini in C:\xampp\Desktop\mdcnpal\htdocs\public_html\includes\header.php on line 525
[2026-07-06 18:09:18] Undefined array key "MDRCCustID" in C:\xampp\Desktop\mdcnpal\htdocs\public_html\includes\header.php on line 528
[2026-07-06 18:09:18] Undefined property: app::$rs_customer in C:\xampp\Desktop\mdcnpal\htdocs\public_html\includes\header.php on line 712
[2026-07-06 18:09:18] Trying to access array offset on value of type null in C:\xampp\Desktop\mdcnpal\htdocs\public_html\includes\header.php on line 712
[2026-07-06 18:09:18] Undefined property: app::$rs_customer in C:\xampp\Desktop\mdcnpal\htdocs\public_html\includes\header.php on line 721
[2026-07-06 18:09:18] Trying to access array offset on value of type null in C:\xampp\Desktop\mdcnpal\htdocs\public_html\includes\header.php on line 721
[2026-07-06 18:09:18] Undefined property: app::$rs_customer in C:\xampp\Desktop\mdcnpal\htdocs\public_html\includes\header.php on line 730
[2026-07-06 18:09:18] Trying to access array offset on value of type null in C:\xampp\Desktop\mdcnpal\htdocs\public_html\includes\header.php on line 730
[2026-07-06 18:09:18] Undefined property: app::$rs_customer in C:\xampp\Desktop\mdcnpal\htdocs\public_html\includes\header.php on line 739
[2026-07-06 18:09:18] Trying to access array offset on value of type null in C:\xampp\Desktop\mdcnpal\htdocs\public_html\includes\header.php on line 739
[2026-07-06 18:09:18] Undefined property: app::$rs_customer in C:\xampp\Desktop\mdcnpal\htdocs\public_html\includes\footer.php on line 357
[2026-07-06 18:09:18] Trying to access array offset on value of type null in C:\xampp\Desktop\mdcnpal\htdocs\public_html\includes\footer.php on line 357
[2026-07-06 18:09:18] Undefined property: app::$rs_customer in C:\xampp\Desktop\mdcnpal\htdocs\public_html\includes\footer.php on line 366
[2026-07-06 18:09:18] Trying to access array offset on value of type null in C:\xampp\Desktop\mdcnpal\htdocs\public_html\includes\footer.php on line 366
[2026-07-06 18:09:18] Undefined property: app::$rs_customer in C:\xampp\Desktop\mdcnpal\htdocs\public_html\includes\footer.php on line 372
[2026-07-06 18:09:18] Trying to access array offset on value of type null in C:\xampp\Desktop\mdcnpal\htdocs\public_html\includes\footer.php on line 372
[2026-07-06 18:09:18] Undefined property: app::$rs_customer in C:\xampp\Desktop\mdcnpal\htdocs\public_html\includes\general_data.php on line 88
[2026-07-06 18:09:18] Trying to access array offset on value of type null in C:\xampp\Desktop\mdcnpal\htdocs\public_html\includes\general_data.php on line 88
[2026-07-06 18:09:18] Undefined array key "MDRCCustID" in C:\xampp\Desktop\mdcnpal\htdocs\public_html\includes\general_data.php on line 88
[2026-07-06 18:09:18] Undefined variable $tmpStr in C:\xampp\Desktop\mdcnpal\htdocs\public_html\core\app.php on line 971
[2026-07-06 18:09:18] Creation of dynamic property dbclass::$RECORD_SET is deprecated in C:\xampp\Desktop\mdcnpal\htdocs\public_html\core\dbclass.php on line 69
[2026-07-06 18:09:18] Creation of dynamic property dbclass::$app is deprecated in C:\xampp\Desktop\mdcnpal\htdocs\public_html\core\dbclass.php on line 75
[2026-07-06 18:09:18] Creation of dynamic property model::$foreign_tables is deprecated in C:\xampp\Desktop\mdcnpal\htdocs\public_html\core\model.php on line 43
[2026-07-06 18:09:18] Creation of dynamic property app::$inputfilter is deprecated in C:\xampp\Desktop\mdcnpal\htdocs\public_html\core\app.php on line 123
[2026-07-06 18:09:18] Creation of dynamic property app::$userconfig is deprecated in C:\xampp\Desktop\mdcnpal\htdocs\public_html\core\app.php on line 124
[2026-07-06 18:09:18] Creation of dynamic property app::$global_include is deprecated in C:\xampp\Desktop\mdcnpal\htdocs\public_html\core\app.php on line 125
[2026-07-06 18:09:18] Creation of dynamic property app::$set_cache_time is deprecated in C:\xampp\Desktop\mdcnpal\htdocs\public_html\core\app.php on line 153
[2026-07-06 18:09:18] Creation of dynamic property app::$meta is deprecated in C:\xampp\Desktop\mdcnpal\htdocs\public_html\core\app.php on line 434
[2026-07-06 18:09:18] Creation of dynamic property app::$rs_gs_city is deprecated in C:\xampp\Desktop\mdcnpal\htdocs\public_html\core\app.php on line 434
[2026-07-06 18:09:18] Creation of dynamic property app::$rs_footer_popular_item is deprecated in C:\xampp\Desktop\mdcnpal\htdocs\public_html\core\app.php on line 434
[2026-07-06 18:09:18] Creation of dynamic property app::$rs_footer_popular_test is deprecated in C:\xampp\Desktop\mdcnpal\htdocs\public_html\core\app.php on line 434
[2026-07-06 18:09:18] Creation of dynamic property app::$rs_testimonial is deprecated in C:\xampp\Desktop\mdcnpal\htdocs\public_html\core\app.php on line 434
[2026-07-06 18:09:18] Creation of dynamic property app::$admin is deprecated in C:\xampp\Desktop\mdcnpal\htdocs\public_html\core\app.php on line 434
[2026-07-06 18:09:18] Undefined array key 0 in C:\xampp\Desktop\mdcnpal\htdocs\public_html\core\global_include.php on line 514
[2026-07-06 18:09:18] Creation of dynamic property app::$popup is deprecated in C:\xampp\Desktop\mdcnpal\htdocs\public_html\core\app.php on line 434
[2026-07-06 18:09:18] Undefined array key "MDRCCustID" in C:\xampp\Desktop\mdcnpal\htdocs\public_html\core\global_include.php on line 515
[2026-07-06 18:09:18] Undefined array key "MDRCToken" in C:\xampp\Desktop\mdcnpal\htdocs\public_html\core\global_include.php on line 515
[2026-07-06 18:09:18] Creation of dynamic property app::$rscategory is deprecated in C:\xampp\Desktop\mdcnpal\htdocs\public_html\core\app.php on line 434
[2026-07-06 18:09:18] Creation of dynamic property app::$rs_pages is deprecated in C:\xampp\Desktop\mdcnpal\htdocs\public_html\core\app.php on line 434
[2026-07-06 18:09:18] Creation of dynamic property app::$gs is deprecated in C:\xampp\Desktop\mdcnpal\htdocs\public_html\core\app.php on line 434
[2026-07-06 18:09:18] Undefined array key "MDRCCustID" in C:\xampp\Desktop\mdcnpal\htdocs\public_html\core\global_include.php on line 596
[2026-07-06 18:09:18] Undefined array key "MDRCCustID" in C:\xampp\Desktop\mdcnpal\htdocs\public_html\core\global_include.php on line 615
[2026-07-06 18:09:18] Undefined variable $getId in C:\xampp\Desktop\mdcnpal\htdocs\public_html\core\global_include.php on line 684
[2026-07-06 18:09:18] Undefined variable $getName in C:\xampp\Desktop\mdcnpal\htdocs\public_html\core\global_include.php on line 685
[2026-07-06 18:09:18] Undefined array key 0 in C:\xampp\Desktop\mdcnpal\htdocs\public_html\core\global_include.php on line 810
[2026-07-06 18:09:18] Creation of dynamic property app::$rs_offer_msg is deprecated in C:\xampp\Desktop\mdcnpal\htdocs\public_html\core\app.php on line 434
[2026-07-06 18:09:18] Creation of dynamic property app::$rs_for_doctors is deprecated in C:\xampp\Desktop\mdcnpal\htdocs\public_html\core\app.php on line 434
[2026-07-06 18:09:18] Undefined property: app::$rs_cartmini in C:\xampp\Desktop\mdcnpal\htdocs\public_html\includes\header.php on line 131
[2026-07-06 18:09:19] Undefined array key "MDRCCustID" in C:\xampp\Desktop\mdcnpal\htdocs\public_html\includes\header.php on line 134
[2026-07-06 18:09:19] Undefined property: app::$rs_cartmini in C:\xampp\Desktop\mdcnpal\htdocs\public_html\includes\header.php on line 197
[2026-07-06 18:09:19] Undefined array key "MDRCCustID" in C:\xampp\Desktop\mdcnpal\htdocs\public_html\includes\header.php on line 200
[2026-07-06 18:09:19] Undefined property: app::$rs_cartmini in C:\xampp\Desktop\mdcnpal\htdocs\public_html\includes\header.php on line 469
[2026-07-06 18:09:19] Undefined array key "MDRCCustID" in C:\xampp\Desktop\mdcnpal\htdocs\public_html\includes\header.php on line 472
[2026-07-06 18:09:19] Undefined property: app::$rs_cartmini in C:\xampp\Desktop\mdcnpal\htdocs\public_html\includes\header.php on line 525
[2026-07-06 18:09:19] Undefined array key "MDRCCustID" in C:\xampp\Desktop\mdcnpal\htdocs\public_html\includes\header.php on line 528
[2026-07-06 18:09:19] Undefined property: app::$rs_customer in C:\xampp\Desktop\mdcnpal\htdocs\public_html\includes\header.php on line 712
[2026-07-06 18:09:19] Trying to access array offset on value of type null in C:\xampp\Desktop\mdcnpal\htdocs\public_html\includes\header.php on line 712
[2026-07-06 18:09:19] Undefined property: app::$rs_customer in C:\xampp\Desktop\mdcnpal\htdocs\public_html\includes\header.php on line 721
[2026-07-06 18:09:19] Trying to access array offset on value of type null in C:\xampp\Desktop\mdcnpal\htdocs\public_html\includes\header.php on line 721
[2026-07-06 18:09:19] Undefined property: app::$rs_customer in C:\xampp\Desktop\mdcnpal\htdocs\public_html\includes\header.php on line 730
[2026-07-06 18:09:19] Trying to access array offset on value of type null in C:\xampp\Desktop\mdcnpal\htdocs\public_html\includes\header.php on line 730
[2026-07-06 18:09:19] Undefined property: app::$rs_customer in C:\xampp\Desktop\mdcnpal\htdocs\public_html\includes\header.php on line 739
[2026-07-06 18:09:19] Trying to access array offset on value of type null in C:\xampp\Desktop\mdcnpal\htdocs\public_html\includes\header.php on line 739
[2026-07-06 18:09:19] Undefined property: app::$rs_customer in C:\xampp\Desktop\mdcnpal\htdocs\public_html\includes\footer.php on line 357
[2026-07-06 18:09:19] Trying to access array offset on value of type null in C:\xampp\Desktop\mdcnpal\htdocs\public_html\includes\footer.php on line 357
[2026-07-06 18:09:19] Undefined property: app::$rs_customer in C:\xampp\Desktop\mdcnpal\htdocs\public_html\includes\footer.php on line 366
[2026-07-06 18:09:19] Trying to access array offset on value of type null in C:\xampp\Desktop\mdcnpal\htdocs\public_html\includes\footer.php on line 366
[2026-07-06 18:09:19] Undefined property: app::$rs_customer in C:\xampp\Desktop\mdcnpal\htdocs\public_html\includes\footer.php on line 372
[2026-07-06 18:09:19] Trying to access array offset on value of type null in C:\xampp\Desktop\mdcnpal\htdocs\public_html\includes\footer.php on line 372
[2026-07-06 18:09:19] Undefined property: app::$rs_customer in C:\xampp\Desktop\mdcnpal\htdocs\public_html\includes\general_data.php on line 88
[2026-07-06 18:09:19] Trying to access array offset on value of type null in C:\xampp\Desktop\mdcnpal\htdocs\public_html\includes\general_data.php on line 88
[2026-07-06 18:09:19] Undefined array key "MDRCCustID" in C:\xampp\Desktop\mdcnpal\htdocs\public_html\includes\general_data.php on line 88
[2026-07-06 18:09:19] Undefined variable $tmpStr in C:\xampp\Desktop\mdcnpal\htdocs\public_html\core\app.php on line 971
[2026-07-06 18:09:19] Creation of dynamic property dbclass::$RECORD_SET is deprecated in C:\xampp\Desktop\mdcnpal\htdocs\public_html\core\dbclass.php on line 69
[2026-07-06 18:09:19] Creation of dynamic property dbclass::$app is deprecated in C:\xampp\Desktop\mdcnpal\htdocs\public_html\core\dbclass.php on line 75
[2026-07-06 18:09:19] Creation of dynamic property model::$foreign_tables is deprecated in C:\xampp\Desktop\mdcnpal\htdocs\public_html\core\model.php on line 43
[2026-07-06 18:09:19] Creation of dynamic property app::$inputfilter is deprecated in C:\xampp\Desktop\mdcnpal\htdocs\public_html\core\app.php on line 123
[2026-07-06 18:09:19] Creation of dynamic property app::$userconfig is deprecated in C:\xampp\Desktop\mdcnpal\htdocs\public_html\core\app.php on line 124
[2026-07-06 18:09:19] Creation of dynamic property app::$global_include is deprecated in C:\xampp\Desktop\mdcnpal\htdocs\public_html\core\app.php on line 125
[2026-07-06 18:09:19] Creation of dynamic property app::$set_cache_time is deprecated in C:\xampp\Desktop\mdcnpal\htdocs\public_html\core\app.php on line 153
[2026-07-06 18:09:19] Creation of dynamic property app::$meta is deprecated in C:\xampp\Desktop\mdcnpal\htdocs\public_html\core\app.php on line 434
[2026-07-06 18:09:19] Creation of dynamic property app::$rs_gs_city is deprecated in C:\xampp\Desktop\mdcnpal\htdocs\public_html\core\app.php on line 434
[2026-07-06 18:09:19] Creation of dynamic property app::$rs_footer_popular_item is deprecated in C:\xampp\Desktop\mdcnpal\htdocs\public_html\core\app.php on line 434
[2026-07-06 18:09:19] Creation of dynamic property app::$rs_footer_popular_test is deprecated in C:\xampp\Desktop\mdcnpal\htdocs\public_html\core\app.php on line 434
[2026-07-06 18:09:19] Creation of dynamic property app::$rs_testimonial is deprecated in C:\xampp\Desktop\mdcnpal\htdocs\public_html\core\app.php on line 434
[2026-07-06 18:09:19] Creation of dynamic property app::$admin is deprecated in C:\xampp\Desktop\mdcnpal\htdocs\public_html\core\app.php on line 434
[2026-07-06 18:09:19] Undefined array key 0 in C:\xampp\Desktop\mdcnpal\htdocs\public_html\core\global_include.php on line 514
[2026-07-06 18:09:19] Creation of dynamic property app::$popup is deprecated in C:\xampp\Desktop\mdcnpal\htdocs\public_html\core\app.php on line 434
[2026-07-06 18:09:19] Undefined array key "MDRCCustID" in C:\xampp\Desktop\mdcnpal\htdocs\public_html\core\global_include.php on line 515
[2026-07-06 18:09:19] Undefined array key "MDRCToken" in C:\xampp\Desktop\mdcnpal\htdocs\public_html\core\global_include.php on line 515
[2026-07-06 18:09:19] Creation of dynamic property app::$rscategory is deprecated in C:\xampp\Desktop\mdcnpal\htdocs\public_html\core\app.php on line 434
[2026-07-06 18:09:19] Creation of dynamic property app::$rs_pages is deprecated in C:\xampp\Desktop\mdcnpal\htdocs\public_html\core\app.php on line 434
[2026-07-06 18:09:19] Creation of dynamic property app::$gs is deprecated in C:\xampp\Desktop\mdcnpal\htdocs\public_html\core\app.php on line 434
[2026-07-06 18:09:19] Undefined array key "MDRCCustID" in C:\xampp\Desktop\mdcnpal\htdocs\public_html\core\global_include.php on line 596
[2026-07-06 18:09:19] Undefined array key "MDRCCustID" in C:\xampp\Desktop\mdcnpal\htdocs\public_html\core\global_include.php on line 615
[2026-07-06 18:09:19] Undefined variable $getId in C:\xampp\Desktop\mdcnpal\htdocs\public_html\core\global_include.php on line 684
[2026-07-06 18:09:19] Undefined variable $getName in C:\xampp\Desktop\mdcnpal\htdocs\public_html\core\global_include.php on line 685
[2026-07-06 18:09:19] Undefined array key 0 in C:\xampp\Desktop\mdcnpal\htdocs\public_html\core\global_include.php on line 810
[2026-07-06 18:09:19] Creation of dynamic property app::$rs_offer_msg is deprecated in C:\xampp\Desktop\mdcnpal\htdocs\public_html\core\app.php on line 434
[2026-07-06 18:09:19] Creation of dynamic property app::$rs_for_doctors is deprecated in C:\xampp\Desktop\mdcnpal\htdocs\public_html\core\app.php on line 434
[2026-07-06 18:09:19] Undefined property: app::$rs_cartmini in C:\xampp\Desktop\mdcnpal\htdocs\public_html\includes\header.php on line 131
[2026-07-06 18:09:19] Undefined array key "MDRCCustID" in C:\xampp\Desktop\mdcnpal\htdocs\public_html\includes\header.php on line 134
[2026-07-06 18:09:19] Undefined property: app::$rs_cartmini in C:\xampp\Desktop\mdcnpal\htdocs\public_html\includes\header.php on line 197
[2026-07-06 18:09:19] Undefined array key "MDRCCustID" in C:\xampp\Desktop\mdcnpal\htdocs\public_html\includes\header.php on line 200
[2026-07-06 18:09:19] Undefined property: app::$rs_cartmini in C:\xampp\Desktop\mdcnpal\htdocs\public_html\includes\header.php on line 469
[2026-07-06 18:09:19] Undefined array key "MDRCCustID" in C:\xampp\Desktop\mdcnpal\htdocs\public_html\includes\header.php on line 472
[2026-07-06 18:09:19] Undefined property: app::$rs_cartmini in C:\xampp\Desktop\mdcnpal\htdocs\public_html\includes\header.php on line 525
[2026-07-06 18:09:19] Undefined array key "MDRCCustID" in C:\xampp\Desktop\mdcnpal\htdocs\public_html\includes\header.php on line 528
[2026-07-06 18:09:19] Undefined property: app::$rs_customer in C:\xampp\Desktop\mdcnpal\htdocs\public_html\includes\header.php on line 712
[2026-07-06 18:09:19] Trying to access array offset on value of type null in C:\xampp\Desktop\mdcnpal\htdocs\public_html\includes\header.php on line 712
[2026-07-06 18:09:19] Undefined property: app::$rs_customer in C:\xampp\Desktop\mdcnpal\htdocs\public_html\includes\header.php on line 721
[2026-07-06 18:09:19] Trying to access array offset on value of type null in C:\xampp\Desktop\mdcnpal\htdocs\public_html\includes\header.php on line 721
[2026-07-06 18:09:19] Undefined property: app::$rs_customer in C:\xampp\Desktop\mdcnpal\htdocs\public_html\includes\header.php on line 730
[2026-07-06 18:09:19] Trying to access array offset on value of type null in C:\xampp\Desktop\mdcnpal\htdocs\public_html\includes\header.php on line 730
[2026-07-06 18:09:19] Undefined property: app::$rs_customer in C:\xampp\Desktop\mdcnpal\htdocs\public_html\includes\header.php on line 739
[2026-07-06 18:09:19] Trying to access array offset on value of type null in C:\xampp\Desktop\mdcnpal\htdocs\public_html\includes\header.php on line 739
[2026-07-06 18:09:19] Undefined property: app::$rs_customer in C:\xampp\Desktop\mdcnpal\htdocs\public_html\includes\footer.php on line 357
[2026-07-06 18:09:19] Trying to access array offset on value of type null in C:\xampp\Desktop\mdcnpal\htdocs\public_html\includes\footer.php on line 357
[2026-07-06 18:09:19] Undefined property: app::$rs_customer in C:\xampp\Desktop\mdcnpal\htdocs\public_html\includes\footer.php on line 366
[2026-07-06 18:09:19] Trying to access array offset on value of type null in C:\xampp\Desktop\mdcnpal\htdocs\public_html\includes\footer.php on line 366
[2026-07-06 18:09:19] Undefined property: app::$rs_customer in C:\xampp\Desktop\mdcnpal\htdocs\public_html\includes\footer.php on line 372
[2026-07-06 18:09:19] Trying to access array offset on value of type null in C:\xampp\Desktop\mdcnpal\htdocs\public_html\includes\footer.php on line 372
[2026-07-06 18:09:19] Undefined property: app::$rs_customer in C:\xampp\Desktop\mdcnpal\htdocs\public_html\includes\general_data.php on line 88
[2026-07-06 18:09:19] Trying to access array offset on value of type null in C:\xampp\Desktop\mdcnpal\htdocs\public_html\includes\general_data.php on line 88
[2026-07-06 18:09:19] Undefined array key "MDRCCustID" in C:\xampp\Desktop\mdcnpal\htdocs\public_html\includes\general_data.php on line 88
[2026-07-06 18:09:19] Undefined variable $tmpStr in C:\xampp\Desktop\mdcnpal\htdocs\public_html\core\app.php on line 971
[2026-07-06 18:09:19] Creation of dynamic property dbclass::$RECORD_SET is deprecated in C:\xampp\Desktop\mdcnpal\htdocs\public_html\core\dbclass.php on line 69
[2026-07-06 18:09:19] Creation of dynamic property dbclass::$app is deprecated in C:\xampp\Desktop\mdcnpal\htdocs\public_html\core\dbclass.php on line 75
[2026-07-06 18:09:19] Creation of dynamic property model::$foreign_tables is deprecated in C:\xampp\Desktop\mdcnpal\htdocs\public_html\core\model.php on line 43
[2026-07-06 18:09:19] Creation of dynamic property app::$inputfilter is deprecated in C:\xampp\Desktop\mdcnpal\htdocs\public_html\core\app.php on line 123
[2026-07-06 18:09:19] Creation of dynamic property app::$userconfig is deprecated in C:\xampp\Desktop\mdcnpal\htdocs\public_html\core\app.php on line 124
[2026-07-06 18:09:19] Creation of dynamic property app::$global_include is deprecated in C:\xampp\Desktop\mdcnpal\htdocs\public_html\core\app.php on line 125
[2026-07-06 18:09:19] Creation of dynamic property app::$set_cache_time is deprecated in C:\xampp\Desktop\mdcnpal\htdocs\public_html\core\app.php on line 153
[2026-07-06 18:09:19] Creation of dynamic property app::$meta is deprecated in C:\xampp\Desktop\mdcnpal\htdocs\public_html\core\app.php on line 434
[2026-07-06 18:09:19] Creation of dynamic property app::$rs_gs_city is deprecated in C:\xampp\Desktop\mdcnpal\htdocs\public_html\core\app.php on line 434
[2026-07-06 18:09:19] Creation of dynamic property app::$rs_footer_popular_item is deprecated in C:\xampp\Desktop\mdcnpal\htdocs\public_html\core\app.php on line 434
[2026-07-06 18:09:19] Creation of dynamic property app::$rs_footer_popular_test is deprecated in C:\xampp\Desktop\mdcnpal\htdocs\public_html\core\app.php on line 434
[2026-07-06 18:09:19] Creation of dynamic property app::$rs_testimonial is deprecated in C:\xampp\Desktop\mdcnpal\htdocs\public_html\core\app.php on line 434
[2026-07-06 18:09:19] Creation of dynamic property app::$admin is deprecated in C:\xampp\Desktop\mdcnpal\htdocs\public_html\core\app.php on line 434
[2026-07-06 18:09:19] Undefined array key 0 in C:\xampp\Desktop\mdcnpal\htdocs\public_html\core\global_include.php on line 514
[2026-07-06 18:09:19] Creation of dynamic property app::$popup is deprecated in C:\xampp\Desktop\mdcnpal\htdocs\public_html\core\app.php on line 434
[2026-07-06 18:09:19] Undefined array key "MDRCCustID" in C:\xampp\Desktop\mdcnpal\htdocs\public_html\core\global_include.php on line 515
[2026-07-06 18:09:19] Undefined array key "MDRCToken" in C:\xampp\Desktop\mdcnpal\htdocs\public_html\core\global_include.php on line 515
[2026-07-06 18:09:19] Creation of dynamic property app::$rscategory is deprecated in C:\xampp\Desktop\mdcnpal\htdocs\public_html\core\app.php on line 434
[2026-07-06 18:09:19] Creation of dynamic property app::$rs_pages is deprecated in C:\xampp\Desktop\mdcnpal\htdocs\public_html\core\app.php on line 434
[2026-07-06 18:09:19] Creation of dynamic property app::$gs is deprecated in C:\xampp\Desktop\mdcnpal\htdocs\public_html\core\app.php on line 434
[2026-07-06 18:09:19] Undefined array key "MDRCCustID" in C:\xampp\Desktop\mdcnpal\htdocs\public_html\core\global_include.php on line 596
[2026-07-06 18:09:19] Undefined array key "MDRCCustID" in C:\xampp\Desktop\mdcnpal\htdocs\public_html\core\global_include.php on line 615
[2026-07-06 18:09:19] Undefined variable $getId in C:\xampp\Desktop\mdcnpal\htdocs\public_html\core\global_include.php on line 684
[2026-07-06 18:09:19] Undefined variable $getName in C:\xampp\Desktop\mdcnpal\htdocs\public_html\core\global_include.php on line 685
[2026-07-06 18:09:19] Undefined array key 0 in C:\xampp\Desktop\mdcnpal\htdocs\public_html\core\global_include.php on line 810
[2026-07-06 18:09:19] Creation of dynamic property app::$rs_offer_msg is deprecated in C:\xampp\Desktop\mdcnpal\htdocs\public_html\core\app.php on line 434
[2026-07-06 18:09:19] Creation of dynamic property app::$rs_for_doctors is deprecated in C:\xampp\Desktop\mdcnpal\htdocs\public_html\core\app.php on line 434
[2026-07-06 18:09:19] Undefined property: app::$rs_cartmini in C:\xampp\Desktop\mdcnpal\htdocs\public_html\includes\header.php on line 131
[2026-07-06 18:09:19] Undefined array key "MDRCCustID" in C:\xampp\Desktop\mdcnpal\htdocs\public_html\includes\header.php on line 134
[2026-07-06 18:09:19] Undefined property: app::$rs_cartmini in C:\xampp\Desktop\mdcnpal\htdocs\public_html\includes\header.php on line 197
[2026-07-06 18:09:19] Undefined array key "MDRCCustID" in C:\xampp\Desktop\mdcnpal\htdocs\public_html\includes\header.php on line 200
[2026-07-06 18:09:19] Undefined property: app::$rs_cartmini in C:\xampp\Desktop\mdcnpal\htdocs\public_html\includes\header.php on line 469
[2026-07-06 18:09:20] Undefined array key "MDRCCustID" in C:\xampp\Desktop\mdcnpal\htdocs\public_html\includes\header.php on line 472
[2026-07-06 18:09:20] Undefined property: app::$rs_cartmini in C:\xampp\Desktop\mdcnpal\htdocs\public_html\includes\header.php on line 525
[2026-07-06 18:09:20] Undefined array key "MDRCCustID" in C:\xampp\Desktop\mdcnpal\htdocs\public_html\includes\header.php on line 528
[2026-07-06 18:09:20] Undefined property: app::$rs_customer in C:\xampp\Desktop\mdcnpal\htdocs\public_html\includes\header.php on line 712
[2026-07-06 18:09:20] Trying to access array offset on value of type null in C:\xampp\Desktop\mdcnpal\htdocs\public_html\includes\header.php on line 712
[2026-07-06 18:09:20] Undefined property: app::$rs_customer in C:\xampp\Desktop\mdcnpal\htdocs\public_html\includes\header.php on line 721
[2026-07-06 18:09:20] Trying to access array offset on value of type null in C:\xampp\Desktop\mdcnpal\htdocs\public_html\includes\header.php on line 721
[2026-07-06 18:09:20] Undefined property: app::$rs_customer in C:\xampp\Desktop\mdcnpal\htdocs\public_html\includes\header.php on line 730
[2026-07-06 18:09:20] Trying to access array offset on value of type null in C:\xampp\Desktop\mdcnpal\htdocs\public_html\includes\header.php on line 730
[2026-07-06 18:09:20] Undefined property: app::$rs_customer in C:\xampp\Desktop\mdcnpal\htdocs\public_html\includes\header.php on line 739
[2026-07-06 18:09:20] Trying to access array offset on value of type null in C:\xampp\Desktop\mdcnpal\htdocs\public_html\includes\header.php on line 739
[2026-07-06 18:09:20] Undefined property: app::$rs_customer in C:\xampp\Desktop\mdcnpal\htdocs\public_html\includes\footer.php on line 357
[2026-07-06 18:09:20] Trying to access array offset on value of type null in C:\xampp\Desktop\mdcnpal\htdocs\public_html\includes\footer.php on line 357
[2026-07-06 18:09:20] Undefined property: app::$rs_customer in C:\xampp\Desktop\mdcnpal\htdocs\public_html\includes\footer.php on line 366
[2026-07-06 18:09:20] Trying to access array offset on value of type null in C:\xampp\Desktop\mdcnpal\htdocs\public_html\includes\footer.php on line 366
[2026-07-06 18:09:20] Undefined property: app::$rs_customer in C:\xampp\Desktop\mdcnpal\htdocs\public_html\includes\footer.php on line 372
[2026-07-06 18:09:20] Trying to access array offset on value of type null in C:\xampp\Desktop\mdcnpal\htdocs\public_html\includes\footer.php on line 372
[2026-07-06 18:09:20] Undefined property: app::$rs_customer in C:\xampp\Desktop\mdcnpal\htdocs\public_html\includes\general_data.php on line 88
[2026-07-06 18:09:20] Trying to access array offset on value of type null in C:\xampp\Desktop\mdcnpal\htdocs\public_html\includes\general_data.php on line 88
[2026-07-06 18:09:20] Undefined array key "MDRCCustID" in C:\xampp\Desktop\mdcnpal\htdocs\public_html\includes\general_data.php on line 88
[2026-07-06 18:09:20] Undefined variable $tmpStr in C:\xampp\Desktop\mdcnpal\htdocs\public_html\core\app.php on line 971
[2026-07-06 18:09:20] Creation of dynamic property dbclass::$RECORD_SET is deprecated in C:\xampp\Desktop\mdcnpal\htdocs\public_html\core\dbclass.php on line 69
[2026-07-06 18:09:20] Creation of dynamic property dbclass::$app is deprecated in C:\xampp\Desktop\mdcnpal\htdocs\public_html\core\dbclass.php on line 75
[2026-07-06 18:09:20] Creation of dynamic property model::$foreign_tables is deprecated in C:\xampp\Desktop\mdcnpal\htdocs\public_html\core\model.php on line 43
[2026-07-06 18:09:20] Creation of dynamic property app::$inputfilter is deprecated in C:\xampp\Desktop\mdcnpal\htdocs\public_html\core\app.php on line 123
[2026-07-06 18:09:20] Creation of dynamic property app::$userconfig is deprecated in C:\xampp\Desktop\mdcnpal\htdocs\public_html\core\app.php on line 124
[2026-07-06 18:09:20] Creation of dynamic property app::$global_include is deprecated in C:\xampp\Desktop\mdcnpal\htdocs\public_html\core\app.php on line 125
[2026-07-06 18:09:20] Creation of dynamic property app::$set_cache_time is deprecated in C:\xampp\Desktop\mdcnpal\htdocs\public_html\core\app.php on line 153
[2026-07-06 18:09:20] Creation of dynamic property app::$meta is deprecated in C:\xampp\Desktop\mdcnpal\htdocs\public_html\core\app.php on line 434
[2026-07-06 18:09:20] Creation of dynamic property app::$rs_gs_city is deprecated in C:\xampp\Desktop\mdcnpal\htdocs\public_html\core\app.php on line 434
[2026-07-06 18:09:20] Creation of dynamic property app::$rs_footer_popular_item is deprecated in C:\xampp\Desktop\mdcnpal\htdocs\public_html\core\app.php on line 434
[2026-07-06 18:09:20] Creation of dynamic property app::$rs_footer_popular_test is deprecated in C:\xampp\Desktop\mdcnpal\htdocs\public_html\core\app.php on line 434
[2026-07-06 18:09:20] Creation of dynamic property app::$rs_testimonial is deprecated in C:\xampp\Desktop\mdcnpal\htdocs\public_html\core\app.php on line 434
[2026-07-06 18:09:20] Creation of dynamic property app::$admin is deprecated in C:\xampp\Desktop\mdcnpal\htdocs\public_html\core\app.php on line 434
[2026-07-06 18:09:20] Undefined array key 0 in C:\xampp\Desktop\mdcnpal\htdocs\public_html\core\global_include.php on line 514
[2026-07-06 18:09:20] Creation of dynamic property app::$popup is deprecated in C:\xampp\Desktop\mdcnpal\htdocs\public_html\core\app.php on line 434
[2026-07-06 18:09:20] Undefined array key "MDRCCustID" in C:\xampp\Desktop\mdcnpal\htdocs\public_html\core\global_include.php on line 515
[2026-07-06 18:09:20] Undefined array key "MDRCToken" in C:\xampp\Desktop\mdcnpal\htdocs\public_html\core\global_include.php on line 515
[2026-07-06 18:09:20] Creation of dynamic property app::$rscategory is deprecated in C:\xampp\Desktop\mdcnpal\htdocs\public_html\core\app.php on line 434
[2026-07-06 18:09:20] Creation of dynamic property app::$rs_pages is deprecated in C:\xampp\Desktop\mdcnpal\htdocs\public_html\core\app.php on line 434
[2026-07-06 18:09:20] Creation of dynamic property app::$gs is deprecated in C:\xampp\Desktop\mdcnpal\htdocs\public_html\core\app.php on line 434
[2026-07-06 18:09:20] Undefined array key "MDRCCustID" in C:\xampp\Desktop\mdcnpal\htdocs\public_html\core\global_include.php on line 596
[2026-07-06 18:09:20] Undefined array key "MDRCCustID" in C:\xampp\Desktop\mdcnpal\htdocs\public_html\core\global_include.php on line 615
[2026-07-06 18:09:20] Undefined variable $getId in C:\xampp\Desktop\mdcnpal\htdocs\public_html\core\global_include.php on line 684
[2026-07-06 18:09:20] Undefined variable $getName in C:\xampp\Desktop\mdcnpal\htdocs\public_html\core\global_include.php on line 685
[2026-07-06 18:09:20] Undefined array key 0 in C:\xampp\Desktop\mdcnpal\htdocs\public_html\core\global_include.php on line 810
[2026-07-06 18:09:20] Creation of dynamic property app::$rs_offer_msg is deprecated in C:\xampp\Desktop\mdcnpal\htdocs\public_html\core\app.php on line 434
[2026-07-06 18:09:20] Creation of dynamic property app::$rs_for_doctors is deprecated in C:\xampp\Desktop\mdcnpal\htdocs\public_html\core\app.php on line 434
[2026-07-06 18:09:20] Undefined property: app::$rs_cartmini in C:\xampp\Desktop\mdcnpal\htdocs\public_html\includes\header.php on line 131
[2026-07-06 18:09:20] Undefined array key "MDRCCustID" in C:\xampp\Desktop\mdcnpal\htdocs\public_html\includes\header.php on line 134
[2026-07-06 18:09:20] Undefined property: app::$rs_cartmini in C:\xampp\Desktop\mdcnpal\htdocs\public_html\includes\header.php on line 197
[2026-07-06 18:09:20] Undefined array key "MDRCCustID" in C:\xampp\Desktop\mdcnpal\htdocs\public_html\includes\header.php on line 200
[2026-07-06 18:09:20] Undefined property: app::$rs_cartmini in C:\xampp\Desktop\mdcnpal\htdocs\public_html\includes\header.php on line 469
[2026-07-06 18:09:20] Undefined array key "MDRCCustID" in C:\xampp\Desktop\mdcnpal\htdocs\public_html\includes\header.php on line 472
[2026-07-06 18:09:20] Undefined property: app::$rs_cartmini in C:\xampp\Desktop\mdcnpal\htdocs\public_html\includes\header.php on line 525
[2026-07-06 18:09:20] Undefined array key "MDRCCustID" in C:\xampp\Desktop\mdcnpal\htdocs\public_html\includes\header.php on line 528
[2026-07-06 18:09:20] Undefined property: app::$rs_customer in C:\xampp\Desktop\mdcnpal\htdocs\public_html\includes\header.php on line 712
[2026-07-06 18:09:20] Trying to access array offset on value of type null in C:\xampp\Desktop\mdcnpal\htdocs\public_html\includes\header.php on line 712
[2026-07-06 18:09:20] Undefined property: app::$rs_customer in C:\xampp\Desktop\mdcnpal\htdocs\public_html\includes\header.php on line 721
[2026-07-06 18:09:20] Trying to access array offset on value of type null in C:\xampp\Desktop\mdcnpal\htdocs\public_html\includes\header.php on line 721
[2026-07-06 18:09:20] Undefined property: app::$rs_customer in C:\xampp\Desktop\mdcnpal\htdocs\public_html\includes\header.php on line 730
[2026-07-06 18:09:20] Trying to access array offset on value of type null in C:\xampp\Desktop\mdcnpal\htdocs\public_html\includes\header.php on line 730
[2026-07-06 18:09:20] Undefined property: app::$rs_customer in C:\xampp\Desktop\mdcnpal\htdocs\public_html\includes\header.php on line 739
[2026-07-06 18:09:20] Trying to access array offset on value of type null in C:\xampp\Desktop\mdcnpal\htdocs\public_html\includes\header.php on line 739
[2026-07-06 18:09:20] Undefined property: app::$rs_customer in C:\xampp\Desktop\mdcnpal\htdocs\public_html\includes\footer.php on line 357
[2026-07-06 18:09:20] Trying to access array offset on value of type null in C:\xampp\Desktop\mdcnpal\htdocs\public_html\includes\footer.php on line 357
[2026-07-06 18:09:20] Undefined property: app::$rs_customer in C:\xampp\Desktop\mdcnpal\htdocs\public_html\includes\footer.php on line 366
[2026-07-06 18:09:20] Trying to access array offset on value of type null in C:\xampp\Desktop\mdcnpal\htdocs\public_html\includes\footer.php on line 366
[2026-07-06 18:09:20] Undefined property: app::$rs_customer in C:\xampp\Desktop\mdcnpal\htdocs\public_html\includes\footer.php on line 372
[2026-07-06 18:09:20] Trying to access array offset on value of type null in C:\xampp\Desktop\mdcnpal\htdocs\public_html\includes\footer.php on line 372
[2026-07-06 18:09:20] Undefined property: app::$rs_customer in C:\xampp\Desktop\mdcnpal\htdocs\public_html\includes\general_data.php on line 88
[2026-07-06 18:09:20] Trying to access array offset on value of type null in C:\xampp\Desktop\mdcnpal\htdocs\public_html\includes\general_data.php on line 88
[2026-07-06 18:09:20] Undefined array key "MDRCCustID" in C:\xampp\Desktop\mdcnpal\htdocs\public_html\includes\general_data.php on line 88
[2026-07-06 18:09:21] Undefined variable $tmpStr in C:\xampp\Desktop\mdcnpal\htdocs\public_html\core\app.php on line 971
[2026-07-06 18:09:21] Creation of dynamic property dbclass::$RECORD_SET is deprecated in C:\xampp\Desktop\mdcnpal\htdocs\public_html\core\dbclass.php on line 69
[2026-07-06 18:09:21] Creation of dynamic property dbclass::$app is deprecated in C:\xampp\Desktop\mdcnpal\htdocs\public_html\core\dbclass.php on line 75
[2026-07-06 18:09:21] Creation of dynamic property model::$foreign_tables is deprecated in C:\xampp\Desktop\mdcnpal\htdocs\public_html\core\model.php on line 43
[2026-07-06 18:09:21] Creation of dynamic property app::$inputfilter is deprecated in C:\xampp\Desktop\mdcnpal\htdocs\public_html\core\app.php on line 123
[2026-07-06 18:09:21] Creation of dynamic property app::$userconfig is deprecated in C:\xampp\Desktop\mdcnpal\htdocs\public_html\core\app.php on line 124
[2026-07-06 18:09:21] Creation of dynamic property app::$global_include is deprecated in C:\xampp\Desktop\mdcnpal\htdocs\public_html\core\app.php on line 125
[2026-07-06 18:09:21] Creation of dynamic property app::$set_cache_time is deprecated in C:\xampp\Desktop\mdcnpal\htdocs\public_html\core\app.php on line 153
[2026-07-06 18:09:21] Creation of dynamic property app::$meta is deprecated in C:\xampp\Desktop\mdcnpal\htdocs\public_html\core\app.php on line 434
[2026-07-06 18:09:21] Creation of dynamic property app::$rs_gs_city is deprecated in C:\xampp\Desktop\mdcnpal\htdocs\public_html\core\app.php on line 434
[2026-07-06 18:09:21] Creation of dynamic property app::$rs_footer_popular_item is deprecated in C:\xampp\Desktop\mdcnpal\htdocs\public_html\core\app.php on line 434
[2026-07-06 18:09:21] Creation of dynamic property app::$rs_footer_popular_test is deprecated in C:\xampp\Desktop\mdcnpal\htdocs\public_html\core\app.php on line 434
[2026-07-06 18:09:21] Creation of dynamic property app::$rs_testimonial is deprecated in C:\xampp\Desktop\mdcnpal\htdocs\public_html\core\app.php on line 434
[2026-07-06 18:09:21] Creation of dynamic property app::$admin is deprecated in C:\xampp\Desktop\mdcnpal\htdocs\public_html\core\app.php on line 434
[2026-07-06 18:09:21] Undefined array key 0 in C:\xampp\Desktop\mdcnpal\htdocs\public_html\core\global_include.php on line 514
[2026-07-06 18:09:21] Creation of dynamic property app::$popup is deprecated in C:\xampp\Desktop\mdcnpal\htdocs\public_html\core\app.php on line 434
[2026-07-06 18:09:21] Undefined array key "MDRCCustID" in C:\xampp\Desktop\mdcnpal\htdocs\public_html\core\global_include.php on line 515
[2026-07-06 18:09:21] Undefined array key "MDRCToken" in C:\xampp\Desktop\mdcnpal\htdocs\public_html\core\global_include.php on line 515
[2026-07-06 18:09:21] Creation of dynamic property app::$rscategory is deprecated in C:\xampp\Desktop\mdcnpal\htdocs\public_html\core\app.php on line 434
[2026-07-06 18:09:21] Creation of dynamic property app::$rs_pages is deprecated in C:\xampp\Desktop\mdcnpal\htdocs\public_html\core\app.php on line 434
[2026-07-06 18:09:21] Creation of dynamic property app::$gs is deprecated in C:\xampp\Desktop\mdcnpal\htdocs\public_html\core\app.php on line 434
[2026-07-06 18:09:21] Undefined array key "MDRCCustID" in C:\xampp\Desktop\mdcnpal\htdocs\public_html\core\global_include.php on line 596
[2026-07-06 18:09:21] Undefined array key "MDRCCustID" in C:\xampp\Desktop\mdcnpal\htdocs\public_html\core\global_include.php on line 615
[2026-07-06 18:09:21] Undefined variable $getId in C:\xampp\Desktop\mdcnpal\htdocs\public_html\core\global_include.php on line 684
[2026-07-06 18:09:21] Undefined variable $getName in C:\xampp\Desktop\mdcnpal\htdocs\public_html\core\global_include.php on line 685
[2026-07-06 18:09:21] Undefined array key 0 in C:\xampp\Desktop\mdcnpal\htdocs\public_html\core\global_include.php on line 810
[2026-07-06 18:09:21] Creation of dynamic property app::$rs_offer_msg is deprecated in C:\xampp\Desktop\mdcnpal\htdocs\public_html\core\app.php on line 434
[2026-07-06 18:09:21] Creation of dynamic property app::$rs_for_doctors is deprecated in C:\xampp\Desktop\mdcnpal\htdocs\public_html\core\app.php on line 434
[2026-07-06 18:09:21] Undefined property: app::$rs_cartmini in C:\xampp\Desktop\mdcnpal\htdocs\public_html\includes\header.php on line 131
[2026-07-06 18:09:21] Undefined array key "MDRCCustID" in C:\xampp\Desktop\mdcnpal\htdocs\public_html\includes\header.php on line 134
[2026-07-06 18:09:21] Undefined property: app::$rs_cartmini in C:\xampp\Desktop\mdcnpal\htdocs\public_html\includes\header.php on line 197
[2026-07-06 18:09:21] Undefined array key "MDRCCustID" in C:\xampp\Desktop\mdcnpal\htdocs\public_html\includes\header.php on line 200
[2026-07-06 18:09:21] Undefined property: app::$rs_cartmini in C:\xampp\Desktop\mdcnpal\htdocs\public_html\includes\header.php on line 469
[2026-07-06 18:09:21] Undefined array key "MDRCCustID" in C:\xampp\Desktop\mdcnpal\htdocs\public_html\includes\header.php on line 472
[2026-07-06 18:09:21] Undefined property: app::$rs_cartmini in C:\xampp\Desktop\mdcnpal\htdocs\public_html\includes\header.php on line 525
[2026-07-06 18:09:21] Undefined array key "MDRCCustID" in C:\xampp\Desktop\mdcnpal\htdocs\public_html\includes\header.php on line 528
[2026-07-06 18:09:21] Undefined property: app::$rs_customer in C:\xampp\Desktop\mdcnpal\htdocs\public_html\includes\header.php on line 712
[2026-07-06 18:09:21] Trying to access array offset on value of type null in C:\xampp\Desktop\mdcnpal\htdocs\public_html\includes\header.php on line 712
[2026-07-06 18:09:21] Undefined property: app::$rs_customer in C:\xampp\Desktop\mdcnpal\htdocs\public_html\includes\header.php on line 721
[2026-07-06 18:09:21] Trying to access array offset on value of type null in C:\xampp\Desktop\mdcnpal\htdocs\public_html\includes\header.php on line 721
[2026-07-06 18:09:21] Undefined property: app::$rs_customer in C:\xampp\Desktop\mdcnpal\htdocs\public_html\includes\header.php on line 730
[2026-07-06 18:09:21] Trying to access array offset on value of type null in C:\xampp\Desktop\mdcnpal\htdocs\public_html\includes\header.php on line 730
[2026-07-06 18:09:21] Undefined property: app::$rs_customer in C:\xampp\Desktop\mdcnpal\htdocs\public_html\includes\header.php on line 739
[2026-07-06 18:09:21] Trying to access array offset on value of type null in C:\xampp\Desktop\mdcnpal\htdocs\public_html\includes\header.php on line 739
[2026-07-06 18:09:21] Undefined property: app::$rs_customer in C:\xampp\Desktop\mdcnpal\htdocs\public_html\includes\footer.php on line 357
[2026-07-06 18:09:21] Trying to access array offset on value of type null in C:\xampp\Desktop\mdcnpal\htdocs\public_html\includes\footer.php on line 357
[2026-07-06 18:09:21] Undefined property: app::$rs_customer in C:\xampp\Desktop\mdcnpal\htdocs\public_html\includes\footer.php on line 366
[2026-07-06 18:09:21] Trying to access array offset on value of type null in C:\xampp\Desktop\mdcnpal\htdocs\public_html\includes\footer.php on line 366
[2026-07-06 18:09:21] Undefined property: app::$rs_customer in C:\xampp\Desktop\mdcnpal\htdocs\public_html\includes\footer.php on line 372
[2026-07-06 18:09:21] Trying to access array offset on value of type null in C:\xampp\Desktop\mdcnpal\htdocs\public_html\includes\footer.php on line 372
[2026-07-06 18:09:21] Undefined property: app::$rs_customer in C:\xampp\Desktop\mdcnpal\htdocs\public_html\includes\general_data.php on line 88
[2026-07-06 18:09:21] Trying to access array offset on value of type null in C:\xampp\Desktop\mdcnpal\htdocs\public_html\includes\general_data.php on line 88
[2026-07-06 18:09:21] Undefined array key "MDRCCustID" in C:\xampp\Desktop\mdcnpal\htdocs\public_html\includes\general_data.php on line 88
[2026-07-06 18:09:21] Undefined variable $tmpStr in C:\xampp\Desktop\mdcnpal\htdocs\public_html\core\app.php on line 971
[2026-07-06 18:09:21] Creation of dynamic property dbclass::$RECORD_SET is deprecated in C:\xampp\Desktop\mdcnpal\htdocs\public_html\core\dbclass.php on line 69
[2026-07-06 18:09:21] Creation of dynamic property dbclass::$app is deprecated in C:\xampp\Desktop\mdcnpal\htdocs\public_html\core\dbclass.php on line 75
[2026-07-06 18:09:21] Creation of dynamic property model::$foreign_tables is deprecated in C:\xampp\Desktop\mdcnpal\htdocs\public_html\core\model.php on line 43
[2026-07-06 18:09:21] Creation of dynamic property app::$inputfilter is deprecated in C:\xampp\Desktop\mdcnpal\htdocs\public_html\core\app.php on line 123
[2026-07-06 18:09:21] Creation of dynamic property app::$userconfig is deprecated in C:\xampp\Desktop\mdcnpal\htdocs\public_html\core\app.php on line 124
[2026-07-06 18:09:21] Creation of dynamic property app::$global_include is deprecated in C:\xampp\Desktop\mdcnpal\htdocs\public_html\core\app.php on line 125
[2026-07-06 18:09:21] Creation of dynamic property app::$set_cache_time is deprecated in C:\xampp\Desktop\mdcnpal\htdocs\public_html\core\app.php on line 153
[2026-07-06 18:09:21] Creation of dynamic property app::$meta is deprecated in C:\xampp\Desktop\mdcnpal\htdocs\public_html\core\app.php on line 434
[2026-07-06 18:09:21] Creation of dynamic property app::$rs_gs_city is deprecated in C:\xampp\Desktop\mdcnpal\htdocs\public_html\core\app.php on line 434
[2026-07-06 18:09:22] Creation of dynamic property app::$rs_footer_popular_item is deprecated in C:\xampp\Desktop\mdcnpal\htdocs\public_html\core\app.php on line 434
[2026-07-06 18:09:22] Creation of dynamic property app::$rs_footer_popular_test is deprecated in C:\xampp\Desktop\mdcnpal\htdocs\public_html\core\app.php on line 434
[2026-07-06 18:09:22] Creation of dynamic property app::$rs_testimonial is deprecated in C:\xampp\Desktop\mdcnpal\htdocs\public_html\core\app.php on line 434
[2026-07-06 18:09:22] Creation of dynamic property app::$admin is deprecated in C:\xampp\Desktop\mdcnpal\htdocs\public_html\core\app.php on line 434
[2026-07-06 18:09:22] Undefined array key 0 in C:\xampp\Desktop\mdcnpal\htdocs\public_html\core\global_include.php on line 514
[2026-07-06 18:09:22] Creation of dynamic property app::$popup is deprecated in C:\xampp\Desktop\mdcnpal\htdocs\public_html\core\app.php on line 434
[2026-07-06 18:09:22] Undefined array key "MDRCCustID" in C:\xampp\Desktop\mdcnpal\htdocs\public_html\core\global_include.php on line 515
[2026-07-06 18:09:22] Undefined array key "MDRCToken" in C:\xampp\Desktop\mdcnpal\htdocs\public_html\core\global_include.php on line 515
[2026-07-06 18:09:22] Creation of dynamic property app::$rscategory is deprecated in C:\xampp\Desktop\mdcnpal\htdocs\public_html\core\app.php on line 434
[2026-07-06 18:09:22] Creation of dynamic property app::$rs_pages is deprecated in C:\xampp\Desktop\mdcnpal\htdocs\public_html\core\app.php on line 434
[2026-07-06 18:09:22] Creation of dynamic property app::$gs is deprecated in C:\xampp\Desktop\mdcnpal\htdocs\public_html\core\app.php on line 434
[2026-07-06 18:09:22] Undefined array key "MDRCCustID" in C:\xampp\Desktop\mdcnpal\htdocs\public_html\core\global_include.php on line 596
[2026-07-06 18:09:22] Undefined array key "MDRCCustID" in C:\xampp\Desktop\mdcnpal\htdocs\public_html\core\global_include.php on line 615
[2026-07-06 18:09:22] Undefined variable $getId in C:\xampp\Desktop\mdcnpal\htdocs\public_html\core\global_include.php on line 684
[2026-07-06 18:09:22] Undefined variable $getName in C:\xampp\Desktop\mdcnpal\htdocs\public_html\core\global_include.php on line 685
[2026-07-06 18:09:22] Undefined array key 0 in C:\xampp\Desktop\mdcnpal\htdocs\public_html\core\global_include.php on line 810
[2026-07-06 18:09:22] Creation of dynamic property app::$rs_offer_msg is deprecated in C:\xampp\Desktop\mdcnpal\htdocs\public_html\core\app.php on line 434
[2026-07-06 18:09:22] Creation of dynamic property app::$rs_for_doctors is deprecated in C:\xampp\Desktop\mdcnpal\htdocs\public_html\core\app.php on line 434
[2026-07-06 18:09:22] Undefined property: app::$rs_cartmini in C:\xampp\Desktop\mdcnpal\htdocs\public_html\includes\header.php on line 131
[2026-07-06 18:09:22] Undefined array key "MDRCCustID" in C:\xampp\Desktop\mdcnpal\htdocs\public_html\includes\header.php on line 134
[2026-07-06 18:09:22] Undefined property: app::$rs_cartmini in C:\xampp\Desktop\mdcnpal\htdocs\public_html\includes\header.php on line 197
[2026-07-06 18:09:22] Undefined array key "MDRCCustID" in C:\xampp\Desktop\mdcnpal\htdocs\public_html\includes\header.php on line 200
[2026-07-06 18:09:22] Undefined property: app::$rs_cartmini in C:\xampp\Desktop\mdcnpal\htdocs\public_html\includes\header.php on line 469
[2026-07-06 18:09:22] Undefined array key "MDRCCustID" in C:\xampp\Desktop\mdcnpal\htdocs\public_html\includes\header.php on line 472
[2026-07-06 18:09:22] Undefined property: app::$rs_cartmini in C:\xampp\Desktop\mdcnpal\htdocs\public_html\includes\header.php on line 525
[2026-07-06 18:09:22] Undefined array key "MDRCCustID" in C:\xampp\Desktop\mdcnpal\htdocs\public_html\includes\header.php on line 528
[2026-07-06 18:09:22] Undefined property: app::$rs_customer in C:\xampp\Desktop\mdcnpal\htdocs\public_html\includes\header.php on line 712
[2026-07-06 18:09:22] Trying to access array offset on value of type null in C:\xampp\Desktop\mdcnpal\htdocs\public_html\includes\header.php on line 712
[2026-07-06 18:09:22] Undefined property: app::$rs_customer in C:\xampp\Desktop\mdcnpal\htdocs\public_html\includes\header.php on line 721
[2026-07-06 18:09:22] Trying to access array offset on value of type null in C:\xampp\Desktop\mdcnpal\htdocs\public_html\includes\header.php on line 721
[2026-07-06 18:09:22] Undefined property: app::$rs_customer in C:\xampp\Desktop\mdcnpal\htdocs\public_html\includes\header.php on line 730
[2026-07-06 18:09:22] Trying to access array offset on value of type null in C:\xampp\Desktop\mdcnpal\htdocs\public_html\includes\header.php on line 730
[2026-07-06 18:09:22] Undefined property: app::$rs_customer in C:\xampp\Desktop\mdcnpal\htdocs\public_html\includes\header.php on line 739
[2026-07-06 18:09:22] Trying to access array offset on value of type null in C:\xampp\Desktop\mdcnpal\htdocs\public_html\includes\header.php on line 739
[2026-07-06 18:09:22] Undefined property: app::$rs_cartmini in C:\xampp\Desktop\mdcnpal\htdocs\public_html\core\app.php(565) : eval()'d code on line 66
[06-Jul-2026 18:09:22 Asia/Kathmandu] PHP Fatal error:  Uncaught TypeError: count(): Argument #1 ($value) must be of type Countable|array, null given in C:\xampp\Desktop\mdcnpal\htdocs\public_html\core\app.php(565) : eval()'d code:66
Stack trace:
#0 C:\xampp\Desktop\mdcnpal\htdocs\public_html\core\app.php(565): eval()
#1 C:\xampp\Desktop\mdcnpal\htdocs\public_html\core\app.php(535): app->compile()
#2 C:\xampp\Desktop\mdcnpal\htdocs\public_html\core\app.php(516): app->package()
#3 C:\xampp\Desktop\mdcnpal\htdocs\public_html\index.php(6): app->execute()
#4 {main}
  thrown in C:\xampp\Desktop\mdcnpal\htdocs\public_html\core\app.php(565) : eval()'d code on line 66
[2026-07-06 18:09:22] Creation of dynamic property dbclass::$RECORD_SET is deprecated in C:\xampp\Desktop\mdcnpal\htdocs\public_html\core\dbclass.php on line 69
[2026-07-06 18:09:22] Creation of dynamic property dbclass::$app is deprecated in C:\xampp\Desktop\mdcnpal\htdocs\public_html\core\dbclass.php on line 75
[2026-07-06 18:09:22] Creation of dynamic property model::$foreign_tables is deprecated in C:\xampp\Desktop\mdcnpal\htdocs\public_html\core\model.php on line 43
[2026-07-06 18:09:22] Creation of dynamic property app::$inputfilter is deprecated in C:\xampp\Desktop\mdcnpal\htdocs\public_html\core\app.php on line 123
[2026-07-06 18:09:22] Creation of dynamic property app::$userconfig is deprecated in C:\xampp\Desktop\mdcnpal\htdocs\public_html\core\app.php on line 124
[2026-07-06 18:09:22] Creation of dynamic property app::$global_include is deprecated in C:\xampp\Desktop\mdcnpal\htdocs\public_html\core\app.php on line 125
[2026-07-06 18:09:22] Creation of dynamic property app::$set_cache_time is deprecated in C:\xampp\Desktop\mdcnpal\htdocs\public_html\core\app.php on line 153
[2026-07-06 18:09:22] Creation of dynamic property app::$meta is deprecated in C:\xampp\Desktop\mdcnpal\htdocs\public_html\core\app.php on line 434
[2026-07-06 18:09:22] Creation of dynamic property app::$rs_gs_city is deprecated in C:\xampp\Desktop\mdcnpal\htdocs\public_html\core\app.php on line 434
[2026-07-06 18:09:22] Creation of dynamic property app::$rs_footer_popular_item is deprecated in C:\xampp\Desktop\mdcnpal\htdocs\public_html\core\app.php on line 434
[2026-07-06 18:09:22] Creation of dynamic property app::$rs_footer_popular_test is deprecated in C:\xampp\Desktop\mdcnpal\htdocs\public_html\core\app.php on line 434
[2026-07-06 18:09:22] Creation of dynamic property app::$rs_testimonial is deprecated in C:\xampp\Desktop\mdcnpal\htdocs\public_html\core\app.php on line 434
[2026-07-06 18:09:22] Creation of dynamic property app::$admin is deprecated in C:\xampp\Desktop\mdcnpal\htdocs\public_html\core\app.php on line 434
[2026-07-06 18:09:22] Undefined array key 0 in C:\xampp\Desktop\mdcnpal\htdocs\public_html\core\global_include.php on line 514
[2026-07-06 18:09:22] Creation of dynamic property app::$popup is deprecated in C:\xampp\Desktop\mdcnpal\htdocs\public_html\core\app.php on line 434
[2026-07-06 18:09:22] Undefined array key "MDRCCustID" in C:\xampp\Desktop\mdcnpal\htdocs\public_html\core\global_include.php on line 515
[2026-07-06 18:09:22] Undefined array key "MDRCToken" in C:\xampp\Desktop\mdcnpal\htdocs\public_html\core\global_include.php on line 515
[2026-07-06 18:09:22] Creation of dynamic property app::$rscategory is deprecated in C:\xampp\Desktop\mdcnpal\htdocs\public_html\core\app.php on line 434
[2026-07-06 18:09:22] Creation of dynamic property app::$rs_pages is deprecated in C:\xampp\Desktop\mdcnpal\htdocs\public_html\core\app.php on line 434
[2026-07-06 18:09:22] Creation of dynamic property app::$gs is deprecated in C:\xampp\Desktop\mdcnpal\htdocs\public_html\core\app.php on line 434
[2026-07-06 18:09:22] Undefined array key "MDRCCustID" in C:\xampp\Desktop\mdcnpal\htdocs\public_html\core\global_include.php on line 596
[2026-07-06 18:09:22] Undefined array key "MDRCCustID" in C:\xampp\Desktop\mdcnpal\htdocs\public_html\core\global_include.php on line 615
[2026-07-06 18:09:22] Undefined variable $getId in C:\xampp\Desktop\mdcnpal\htdocs\public_html\core\global_include.php on line 684
[2026-07-06 18:09:22] Undefined variable $getName in C:\xampp\Desktop\mdcnpal\htdocs\public_html\core\global_include.php on line 685
[2026-07-06 18:09:22] Undefined array key 0 in C:\xampp\Desktop\mdcnpal\htdocs\public_html\core\global_include.php on line 810
[2026-07-06 18:09:22] Creation of dynamic property app::$rs_offer_msg is deprecated in C:\xampp\Desktop\mdcnpal\htdocs\public_html\core\app.php on line 434
[2026-07-06 18:09:22] Creation of dynamic property app::$rs_for_doctors is deprecated in C:\xampp\Desktop\mdcnpal\htdocs\public_html\core\app.php on line 434
[2026-07-06 18:09:22] Undefined property: app::$rs_cartmini in C:\xampp\Desktop\mdcnpal\htdocs\public_html\includes\header.php on line 131
[2026-07-06 18:09:22] Undefined array key "MDRCCustID" in C:\xampp\Desktop\mdcnpal\htdocs\public_html\includes\header.php on line 134
[2026-07-06 18:09:22] Undefined property: app::$rs_cartmini in C:\xampp\Desktop\mdcnpal\htdocs\public_html\includes\header.php on line 197
[2026-07-06 18:09:22] Undefined array key "MDRCCustID" in C:\xampp\Desktop\mdcnpal\htdocs\public_html\includes\header.php on line 200
[2026-07-06 18:09:22] Undefined property: app::$rs_cartmini in C:\xampp\Desktop\mdcnpal\htdocs\public_html\includes\header.php on line 469
[2026-07-06 18:09:22] Undefined array key "MDRCCustID" in C:\xampp\Desktop\mdcnpal\htdocs\public_html\includes\header.php on line 472
[2026-07-06 18:09:22] Undefined property: app::$rs_cartmini in C:\xampp\Desktop\mdcnpal\htdocs\public_html\includes\header.php on line 525
[2026-07-06 18:09:22] Undefined array key "MDRCCustID" in C:\xampp\Desktop\mdcnpal\htdocs\public_html\includes\header.php on line 528
[2026-07-06 18:09:22] Undefined property: app::$rs_customer in C:\xampp\Desktop\mdcnpal\htdocs\public_html\includes\header.php on line 712
[2026-07-06 18:09:22] Trying to access array offset on value of type null in C:\xampp\Desktop\mdcnpal\htdocs\public_html\includes\header.php on line 712
[2026-07-06 18:09:22] Undefined property: app::$rs_customer in C:\xampp\Desktop\mdcnpal\htdocs\public_html\includes\header.php on line 721
[2026-07-06 18:09:22] Trying to access array offset on value of type null in C:\xampp\Desktop\mdcnpal\htdocs\public_html\includes\header.php on line 721
[2026-07-06 18:09:22] Undefined property: app::$rs_customer in C:\xampp\Desktop\mdcnpal\htdocs\public_html\includes\header.php on line 730
[2026-07-06 18:09:22] Trying to access array offset on value of type null in C:\xampp\Desktop\mdcnpal\htdocs\public_html\includes\header.php on line 730
[2026-07-06 18:09:22] Undefined property: app::$rs_customer in C:\xampp\Desktop\mdcnpal\htdocs\public_html\includes\header.php on line 739
[2026-07-06 18:09:22] Trying to access array offset on value of type null in C:\xampp\Desktop\mdcnpal\htdocs\public_html\includes\header.php on line 739
[2026-07-06 18:09:22] Undefined property: app::$rs_customer in C:\xampp\Desktop\mdcnpal\htdocs\public_html\includes\footer.php on line 357
[2026-07-06 18:09:22] Trying to access array offset on value of type null in C:\xampp\Desktop\mdcnpal\htdocs\public_html\includes\footer.php on line 357
[2026-07-06 18:09:22] Undefined property: app::$rs_customer in C:\xampp\Desktop\mdcnpal\htdocs\public_html\includes\footer.php on line 366
[2026-07-06 18:09:22] Trying to access array offset on value of type null in C:\xampp\Desktop\mdcnpal\htdocs\public_html\includes\footer.php on line 366
[2026-07-06 18:09:22] Undefined property: app::$rs_customer in C:\xampp\Desktop\mdcnpal\htdocs\public_html\includes\footer.php on line 372
[2026-07-06 18:09:22] Trying to access array offset on value of type null in C:\xampp\Desktop\mdcnpal\htdocs\public_html\includes\footer.php on line 372
[2026-07-06 18:09:22] Undefined property: app::$rs_customer in C:\xampp\Desktop\mdcnpal\htdocs\public_html\includes\general_data.php on line 88
[2026-07-06 18:09:22] Trying to access array offset on value of type null in C:\xampp\Desktop\mdcnpal\htdocs\public_html\includes\general_data.php on line 88
[2026-07-06 18:09:22] Undefined array key "MDRCCustID" in C:\xampp\Desktop\mdcnpal\htdocs\public_html\includes\general_data.php on line 88
[2026-07-06 18:09:22] Undefined variable $tmpStr in C:\xampp\Desktop\mdcnpal\htdocs\public_html\core\app.php on line 971
[2026-07-06 18:09:23] Creation of dynamic property dbclass::$RECORD_SET is deprecated in C:\xampp\Desktop\mdcnpal\htdocs\public_html\core\dbclass.php on line 69
[2026-07-06 18:09:23] Creation of dynamic property dbclass::$app is deprecated in C:\xampp\Desktop\mdcnpal\htdocs\public_html\core\dbclass.php on line 75
[2026-07-06 18:09:23] Creation of dynamic property model::$foreign_tables is deprecated in C:\xampp\Desktop\mdcnpal\htdocs\public_html\core\model.php on line 43
[2026-07-06 18:09:23] Creation of dynamic property app::$inputfilter is deprecated in C:\xampp\Desktop\mdcnpal\htdocs\public_html\core\app.php on line 123
[2026-07-06 18:09:23] Creation of dynamic property app::$userconfig is deprecated in C:\xampp\Desktop\mdcnpal\htdocs\public_html\core\app.php on line 124
[2026-07-06 18:09:23] Creation of dynamic property app::$global_include is deprecated in C:\xampp\Desktop\mdcnpal\htdocs\public_html\core\app.php on line 125
[2026-07-06 18:09:23] Creation of dynamic property app::$set_cache_time is deprecated in C:\xampp\Desktop\mdcnpal\htdocs\public_html\core\app.php on line 153
[2026-07-06 18:09:23] Creation of dynamic property app::$meta is deprecated in C:\xampp\Desktop\mdcnpal\htdocs\public_html\core\app.php on line 434
[2026-07-06 18:09:23] Creation of dynamic property app::$rs_gs_city is deprecated in C:\xampp\Desktop\mdcnpal\htdocs\public_html\core\app.php on line 434
[2026-07-06 18:09:23] Creation of dynamic property app::$rs_footer_popular_item is deprecated in C:\xampp\Desktop\mdcnpal\htdocs\public_html\core\app.php on line 434
[2026-07-06 18:09:23] Creation of dynamic property app::$rs_footer_popular_test is deprecated in C:\xampp\Desktop\mdcnpal\htdocs\public_html\core\app.php on line 434
[2026-07-06 18:09:23] Creation of dynamic property app::$rs_testimonial is deprecated in C:\xampp\Desktop\mdcnpal\htdocs\public_html\core\app.php on line 434
[2026-07-06 18:09:23] Creation of dynamic property app::$admin is deprecated in C:\xampp\Desktop\mdcnpal\htdocs\public_html\core\app.php on line 434
[2026-07-06 18:09:23] Undefined array key 0 in C:\xampp\Desktop\mdcnpal\htdocs\public_html\core\global_include.php on line 514
[2026-07-06 18:09:23] Creation of dynamic property app::$popup is deprecated in C:\xampp\Desktop\mdcnpal\htdocs\public_html\core\app.php on line 434
[2026-07-06 18:09:23] Undefined array key "MDRCCustID" in C:\xampp\Desktop\mdcnpal\htdocs\public_html\core\global_include.php on line 515
[2026-07-06 18:09:23] Undefined array key "MDRCToken" in C:\xampp\Desktop\mdcnpal\htdocs\public_html\core\global_include.php on line 515
[2026-07-06 18:09:23] Creation of dynamic property app::$rscategory is deprecated in C:\xampp\Desktop\mdcnpal\htdocs\public_html\core\app.php on line 434
[2026-07-06 18:09:23] Creation of dynamic property app::$rs_pages is deprecated in C:\xampp\Desktop\mdcnpal\htdocs\public_html\core\app.php on line 434
[2026-07-06 18:09:23] Creation of dynamic property app::$gs is deprecated in C:\xampp\Desktop\mdcnpal\htdocs\public_html\core\app.php on line 434
[2026-07-06 18:09:23] Undefined array key "MDRCCustID" in C:\xampp\Desktop\mdcnpal\htdocs\public_html\core\global_include.php on line 596
[2026-07-06 18:09:23] Undefined array key "MDRCCustID" in C:\xampp\Desktop\mdcnpal\htdocs\public_html\core\global_include.php on line 615
[2026-07-06 18:09:23] Undefined variable $getId in C:\xampp\Desktop\mdcnpal\htdocs\public_html\core\global_include.php on line 684
[2026-07-06 18:09:23] Undefined variable $getName in C:\xampp\Desktop\mdcnpal\htdocs\public_html\core\global_include.php on line 685
[2026-07-06 18:09:23] Undefined array key 0 in C:\xampp\Desktop\mdcnpal\htdocs\public_html\core\global_include.php on line 810
[2026-07-06 18:09:23] Creation of dynamic property app::$rs_offer_msg is deprecated in C:\xampp\Desktop\mdcnpal\htdocs\public_html\core\app.php on line 434
[2026-07-06 18:09:23] Creation of dynamic property app::$rs_for_doctors is deprecated in C:\xampp\Desktop\mdcnpal\htdocs\public_html\core\app.php on line 434
[2026-07-06 18:09:23] Undefined property: app::$rs_cartmini in C:\xampp\Desktop\mdcnpal\htdocs\public_html\includes\header.php on line 131
[2026-07-06 18:09:23] Undefined array key "MDRCCustID" in C:\xampp\Desktop\mdcnpal\htdocs\public_html\includes\header.php on line 134
[2026-07-06 18:09:23] Undefined property: app::$rs_cartmini in C:\xampp\Desktop\mdcnpal\htdocs\public_html\includes\header.php on line 197
[2026-07-06 18:09:23] Undefined array key "MDRCCustID" in C:\xampp\Desktop\mdcnpal\htdocs\public_html\includes\header.php on line 200
[2026-07-06 18:09:23] Undefined property: app::$rs_cartmini in C:\xampp\Desktop\mdcnpal\htdocs\public_html\includes\header.php on line 469
[2026-07-06 18:09:23] Undefined array key "MDRCCustID" in C:\xampp\Desktop\mdcnpal\htdocs\public_html\includes\header.php on line 472
[2026-07-06 18:09:23] Undefined property: app::$rs_cartmini in C:\xampp\Desktop\mdcnpal\htdocs\public_html\includes\header.php on line 525
[2026-07-06 18:09:23] Undefined array key "MDRCCustID" in C:\xampp\Desktop\mdcnpal\htdocs\public_html\includes\header.php on line 528
[2026-07-06 18:09:23] Undefined property: app::$rs_customer in C:\xampp\Desktop\mdcnpal\htdocs\public_html\includes\header.php on line 712
[2026-07-06 18:09:23] Trying to access array offset on value of type null in C:\xampp\Desktop\mdcnpal\htdocs\public_html\includes\header.php on line 712
[2026-07-06 18:09:23] Undefined property: app::$rs_customer in C:\xampp\Desktop\mdcnpal\htdocs\public_html\includes\header.php on line 721
[2026-07-06 18:09:23] Trying to access array offset on value of type null in C:\xampp\Desktop\mdcnpal\htdocs\public_html\includes\header.php on line 721
[2026-07-06 18:09:23] Undefined property: app::$rs_customer in C:\xampp\Desktop\mdcnpal\htdocs\public_html\includes\header.php on line 730
[2026-07-06 18:09:23] Trying to access array offset on value of type null in C:\xampp\Desktop\mdcnpal\htdocs\public_html\includes\header.php on line 730
[2026-07-06 18:09:23] Undefined property: app::$rs_customer in C:\xampp\Desktop\mdcnpal\htdocs\public_html\includes\header.php on line 739
[2026-07-06 18:09:23] Trying to access array offset on value of type null in C:\xampp\Desktop\mdcnpal\htdocs\public_html\includes\header.php on line 739
[2026-07-06 18:09:23] Undefined property: app::$rs_customer in C:\xampp\Desktop\mdcnpal\htdocs\public_html\includes\footer.php on line 357
[2026-07-06 18:09:23] Trying to access array offset on value of type null in C:\xampp\Desktop\mdcnpal\htdocs\public_html\includes\footer.php on line 357
[2026-07-06 18:09:23] Undefined property: app::$rs_customer in C:\xampp\Desktop\mdcnpal\htdocs\public_html\includes\footer.php on line 366
[2026-07-06 18:09:23] Trying to access array offset on value of type null in C:\xampp\Desktop\mdcnpal\htdocs\public_html\includes\footer.php on line 366
[2026-07-06 18:09:23] Undefined property: app::$rs_customer in C:\xampp\Desktop\mdcnpal\htdocs\public_html\includes\footer.php on line 372
[2026-07-06 18:09:23] Trying to access array offset on value of type null in C:\xampp\Desktop\mdcnpal\htdocs\public_html\includes\footer.php on line 372
[2026-07-06 18:09:23] Undefined property: app::$rs_customer in C:\xampp\Desktop\mdcnpal\htdocs\public_html\includes\general_data.php on line 88
[2026-07-06 18:09:23] Trying to access array offset on value of type null in C:\xampp\Desktop\mdcnpal\htdocs\public_html\includes\general_data.php on line 88
[2026-07-06 18:09:23] Undefined array key "MDRCCustID" in C:\xampp\Desktop\mdcnpal\htdocs\public_html\includes\general_data.php on line 88
[2026-07-06 18:09:23] Undefined variable $tmpStr in C:\xampp\Desktop\mdcnpal\htdocs\public_html\core\app.php on line 971
[2026-07-06 18:09:23] Creation of dynamic property dbclass::$RECORD_SET is deprecated in C:\xampp\Desktop\mdcnpal\htdocs\public_html\core\dbclass.php on line 69
[2026-07-06 18:09:23] Creation of dynamic property dbclass::$app is deprecated in C:\xampp\Desktop\mdcnpal\htdocs\public_html\core\dbclass.php on line 75
[2026-07-06 18:09:23] Creation of dynamic property model::$foreign_tables is deprecated in C:\xampp\Desktop\mdcnpal\htdocs\public_html\core\model.php on line 43
[2026-07-06 18:09:23] Creation of dynamic property app::$inputfilter is deprecated in C:\xampp\Desktop\mdcnpal\htdocs\public_html\core\app.php on line 123
[2026-07-06 18:09:23] Creation of dynamic property app::$userconfig is deprecated in C:\xampp\Desktop\mdcnpal\htdocs\public_html\core\app.php on line 124
[2026-07-06 18:09:23] Creation of dynamic property app::$global_include is deprecated in C:\xampp\Desktop\mdcnpal\htdocs\public_html\core\app.php on line 125
[2026-07-06 18:09:23] Creation of dynamic property app::$set_cache_time is deprecated in C:\xampp\Desktop\mdcnpal\htdocs\public_html\core\app.php on line 153
[2026-07-06 18:09:23] Creation of dynamic property app::$meta is deprecated in C:\xampp\Desktop\mdcnpal\htdocs\public_html\core\app.php on line 434
[2026-07-06 18:09:23] Creation of dynamic property app::$rs_gs_city is deprecated in C:\xampp\Desktop\mdcnpal\htdocs\public_html\core\app.php on line 434
[2026-07-06 18:09:24] Creation of dynamic property app::$rs_footer_popular_item is deprecated in C:\xampp\Desktop\mdcnpal\htdocs\public_html\core\app.php on line 434
[2026-07-06 18:09:24] Creation of dynamic property app::$rs_footer_popular_test is deprecated in C:\xampp\Desktop\mdcnpal\htdocs\public_html\core\app.php on line 434
[2026-07-06 18:09:24] Creation of dynamic property app::$rs_testimonial is deprecated in C:\xampp\Desktop\mdcnpal\htdocs\public_html\core\app.php on line 434
[2026-07-06 18:09:24] Creation of dynamic property app::$admin is deprecated in C:\xampp\Desktop\mdcnpal\htdocs\public_html\core\app.php on line 434
[2026-07-06 18:09:24] Undefined array key 0 in C:\xampp\Desktop\mdcnpal\htdocs\public_html\core\global_include.php on line 514
[2026-07-06 18:09:24] Creation of dynamic property app::$popup is deprecated in C:\xampp\Desktop\mdcnpal\htdocs\public_html\core\app.php on line 434
[2026-07-06 18:09:24] Undefined array key "MDRCCustID" in C:\xampp\Desktop\mdcnpal\htdocs\public_html\core\global_include.php on line 515
[2026-07-06 18:09:24] Undefined array key "MDRCToken" in C:\xampp\Desktop\mdcnpal\htdocs\public_html\core\global_include.php on line 515
[2026-07-06 18:09:24] Creation of dynamic property app::$rscategory is deprecated in C:\xampp\Desktop\mdcnpal\htdocs\public_html\core\app.php on line 434
[2026-07-06 18:09:24] Creation of dynamic property app::$rs_pages is deprecated in C:\xampp\Desktop\mdcnpal\htdocs\public_html\core\app.php on line 434
[2026-07-06 18:09:24] Creation of dynamic property app::$gs is deprecated in C:\xampp\Desktop\mdcnpal\htdocs\public_html\core\app.php on line 434
[2026-07-06 18:09:24] Undefined array key "MDRCCustID" in C:\xampp\Desktop\mdcnpal\htdocs\public_html\core\global_include.php on line 596
[2026-07-06 18:09:24] Undefined array key "MDRCCustID" in C:\xampp\Desktop\mdcnpal\htdocs\public_html\core\global_include.php on line 615
[2026-07-06 18:09:24] Undefined variable $getId in C:\xampp\Desktop\mdcnpal\htdocs\public_html\core\global_include.php on line 684
[2026-07-06 18:09:24] Undefined variable $getName in C:\xampp\Desktop\mdcnpal\htdocs\public_html\core\global_include.php on line 685
[2026-07-06 18:09:24] Undefined array key 0 in C:\xampp\Desktop\mdcnpal\htdocs\public_html\core\global_include.php on line 810
[2026-07-06 18:09:24] Creation of dynamic property app::$rs_offer_msg is deprecated in C:\xampp\Desktop\mdcnpal\htdocs\public_html\core\app.php on line 434
[2026-07-06 18:09:24] Creation of dynamic property app::$rs_for_doctors is deprecated in C:\xampp\Desktop\mdcnpal\htdocs\public_html\core\app.php on line 434
[2026-07-06 18:09:24] Undefined property: app::$rs_cartmini in C:\xampp\Desktop\mdcnpal\htdocs\public_html\includes\header.php on line 131
[2026-07-06 18:09:24] Undefined array key "MDRCCustID" in C:\xampp\Desktop\mdcnpal\htdocs\public_html\includes\header.php on line 134
[2026-07-06 18:09:24] Undefined property: app::$rs_cartmini in C:\xampp\Desktop\mdcnpal\htdocs\public_html\includes\header.php on line 197
[2026-07-06 18:09:24] Undefined array key "MDRCCustID" in C:\xampp\Desktop\mdcnpal\htdocs\public_html\includes\header.php on line 200
[2026-07-06 18:09:24] Undefined property: app::$rs_cartmini in C:\xampp\Desktop\mdcnpal\htdocs\public_html\includes\header.php on line 469
[2026-07-06 18:09:24] Undefined array key "MDRCCustID" in C:\xampp\Desktop\mdcnpal\htdocs\public_html\includes\header.php on line 472
[2026-07-06 18:09:24] Undefined property: app::$rs_cartmini in C:\xampp\Desktop\mdcnpal\htdocs\public_html\includes\header.php on line 525
[2026-07-06 18:09:24] Undefined array key "MDRCCustID" in C:\xampp\Desktop\mdcnpal\htdocs\public_html\includes\header.php on line 528
[2026-07-06 18:09:24] Undefined property: app::$rs_customer in C:\xampp\Desktop\mdcnpal\htdocs\public_html\includes\header.php on line 712
[2026-07-06 18:09:24] Trying to access array offset on value of type null in C:\xampp\Desktop\mdcnpal\htdocs\public_html\includes\header.php on line 712
[2026-07-06 18:09:24] Undefined property: app::$rs_customer in C:\xampp\Desktop\mdcnpal\htdocs\public_html\includes\header.php on line 721
[2026-07-06 18:09:24] Trying to access array offset on value of type null in C:\xampp\Desktop\mdcnpal\htdocs\public_html\includes\header.php on line 721
[2026-07-06 18:09:24] Undefined property: app::$rs_customer in C:\xampp\Desktop\mdcnpal\htdocs\public_html\includes\header.php on line 730
[2026-07-06 18:09:24] Trying to access array offset on value of type null in C:\xampp\Desktop\mdcnpal\htdocs\public_html\includes\header.php on line 730
[2026-07-06 18:09:24] Undefined property: app::$rs_customer in C:\xampp\Desktop\mdcnpal\htdocs\public_html\includes\header.php on line 739
[2026-07-06 18:09:24] Trying to access array offset on value of type null in C:\xampp\Desktop\mdcnpal\htdocs\public_html\includes\header.php on line 739
[2026-07-06 18:09:24] Undefined property: app::$rs_customer in C:\xampp\Desktop\mdcnpal\htdocs\public_html\includes\footer.php on line 357
[2026-07-06 18:09:24] Trying to access array offset on value of type null in C:\xampp\Desktop\mdcnpal\htdocs\public_html\includes\footer.php on line 357
[2026-07-06 18:09:24] Undefined property: app::$rs_customer in C:\xampp\Desktop\mdcnpal\htdocs\public_html\includes\footer.php on line 366
[2026-07-06 18:09:24] Trying to access array offset on value of type null in C:\xampp\Desktop\mdcnpal\htdocs\public_html\includes\footer.php on line 366
[2026-07-06 18:09:24] Undefined property: app::$rs_customer in C:\xampp\Desktop\mdcnpal\htdocs\public_html\includes\footer.php on line 372
[2026-07-06 18:09:24] Trying to access array offset on value of type null in C:\xampp\Desktop\mdcnpal\htdocs\public_html\includes\footer.php on line 372
[2026-07-06 18:09:24] Undefined property: app::$rs_customer in C:\xampp\Desktop\mdcnpal\htdocs\public_html\includes\general_data.php on line 88
[2026-07-06 18:09:24] Trying to access array offset on value of type null in C:\xampp\Desktop\mdcnpal\htdocs\public_html\includes\general_data.php on line 88
[2026-07-06 18:09:24] Undefined array key "MDRCCustID" in C:\xampp\Desktop\mdcnpal\htdocs\public_html\includes\general_data.php on line 88
[2026-07-06 18:09:24] Undefined variable $tmpStr in C:\xampp\Desktop\mdcnpal\htdocs\public_html\core\app.php on line 971
[2026-07-06 18:09:24] Creation of dynamic property dbclass::$RECORD_SET is deprecated in C:\xampp\Desktop\mdcnpal\htdocs\public_html\core\dbclass.php on line 69
[2026-07-06 18:09:24] Creation of dynamic property dbclass::$app is deprecated in C:\xampp\Desktop\mdcnpal\htdocs\public_html\core\dbclass.php on line 75
[2026-07-06 18:09:24] Creation of dynamic property model::$foreign_tables is deprecated in C:\xampp\Desktop\mdcnpal\htdocs\public_html\core\model.php on line 43
[2026-07-06 18:09:24] Creation of dynamic property app::$inputfilter is deprecated in C:\xampp\Desktop\mdcnpal\htdocs\public_html\core\app.php on line 123
[2026-07-06 18:09:24] Creation of dynamic property app::$userconfig is deprecated in C:\xampp\Desktop\mdcnpal\htdocs\public_html\core\app.php on line 124
[2026-07-06 18:09:24] Creation of dynamic property app::$global_include is deprecated in C:\xampp\Desktop\mdcnpal\htdocs\public_html\core\app.php on line 125
[2026-07-06 18:09:24] Creation of dynamic property app::$set_cache_time is deprecated in C:\xampp\Desktop\mdcnpal\htdocs\public_html\core\app.php on line 153
[2026-07-06 18:09:24] Creation of dynamic property app::$meta is deprecated in C:\xampp\Desktop\mdcnpal\htdocs\public_html\core\app.php on line 434
[2026-07-06 18:09:24] Creation of dynamic property app::$rs_gs_city is deprecated in C:\xampp\Desktop\mdcnpal\htdocs\public_html\core\app.php on line 434
[2026-07-06 18:09:24] Creation of dynamic property app::$rs_footer_popular_item is deprecated in C:\xampp\Desktop\mdcnpal\htdocs\public_html\core\app.php on line 434
[2026-07-06 18:09:24] Creation of dynamic property app::$rs_footer_popular_test is deprecated in C:\xampp\Desktop\mdcnpal\htdocs\public_html\core\app.php on line 434
[2026-07-06 18:09:24] Creation of dynamic property app::$rs_testimonial is deprecated in C:\xampp\Desktop\mdcnpal\htdocs\public_html\core\app.php on line 434
[2026-07-06 18:09:25] Creation of dynamic property app::$admin is deprecated in C:\xampp\Desktop\mdcnpal\htdocs\public_html\core\app.php on line 434
[2026-07-06 18:09:25] Undefined array key 0 in C:\xampp\Desktop\mdcnpal\htdocs\public_html\core\global_include.php on line 514
[2026-07-06 18:09:25] Creation of dynamic property app::$popup is deprecated in C:\xampp\Desktop\mdcnpal\htdocs\public_html\core\app.php on line 434
[2026-07-06 18:09:25] Undefined array key "MDRCCustID" in C:\xampp\Desktop\mdcnpal\htdocs\public_html\core\global_include.php on line 515
[2026-07-06 18:09:25] Undefined array key "MDRCToken" in C:\xampp\Desktop\mdcnpal\htdocs\public_html\core\global_include.php on line 515
[2026-07-06 18:09:25] Creation of dynamic property app::$rscategory is deprecated in C:\xampp\Desktop\mdcnpal\htdocs\public_html\core\app.php on line 434
[2026-07-06 18:09:25] Creation of dynamic property app::$rs_pages is deprecated in C:\xampp\Desktop\mdcnpal\htdocs\public_html\core\app.php on line 434
[2026-07-06 18:09:25] Creation of dynamic property app::$gs is deprecated in C:\xampp\Desktop\mdcnpal\htdocs\public_html\core\app.php on line 434
[2026-07-06 18:09:25] Undefined array key "MDRCCustID" in C:\xampp\Desktop\mdcnpal\htdocs\public_html\core\global_include.php on line 596
[2026-07-06 18:09:25] Undefined array key "MDRCCustID" in C:\xampp\Desktop\mdcnpal\htdocs\public_html\core\global_include.php on line 615
[2026-07-06 18:09:25] Undefined variable $getId in C:\xampp\Desktop\mdcnpal\htdocs\public_html\core\global_include.php on line 684
[2026-07-06 18:09:25] Undefined variable $getName in C:\xampp\Desktop\mdcnpal\htdocs\public_html\core\global_include.php on line 685
[2026-07-06 18:09:25] Undefined array key 0 in C:\xampp\Desktop\mdcnpal\htdocs\public_html\core\global_include.php on line 810
[2026-07-06 18:09:25] Creation of dynamic property app::$rs_offer_msg is deprecated in C:\xampp\Desktop\mdcnpal\htdocs\public_html\core\app.php on line 434
[2026-07-06 18:09:25] Creation of dynamic property app::$rs_for_doctors is deprecated in C:\xampp\Desktop\mdcnpal\htdocs\public_html\core\app.php on line 434
[2026-07-06 18:09:25] Undefined property: app::$rs_cartmini in C:\xampp\Desktop\mdcnpal\htdocs\public_html\includes\header.php on line 131
[2026-07-06 18:09:25] Undefined array key "MDRCCustID" in C:\xampp\Desktop\mdcnpal\htdocs\public_html\includes\header.php on line 134
[2026-07-06 18:09:25] Undefined property: app::$rs_cartmini in C:\xampp\Desktop\mdcnpal\htdocs\public_html\includes\header.php on line 197
[2026-07-06 18:09:25] Undefined array key "MDRCCustID" in C:\xampp\Desktop\mdcnpal\htdocs\public_html\includes\header.php on line 200
[2026-07-06 18:09:25] Undefined property: app::$rs_cartmini in C:\xampp\Desktop\mdcnpal\htdocs\public_html\includes\header.php on line 469
[2026-07-06 18:09:25] Undefined array key "MDRCCustID" in C:\xampp\Desktop\mdcnpal\htdocs\public_html\includes\header.php on line 472
[2026-07-06 18:09:25] Undefined property: app::$rs_cartmini in C:\xampp\Desktop\mdcnpal\htdocs\public_html\includes\header.php on line 525
[2026-07-06 18:09:25] Undefined array key "MDRCCustID" in C:\xampp\Desktop\mdcnpal\htdocs\public_html\includes\header.php on line 528
[2026-07-06 18:09:25] Undefined property: app::$rs_customer in C:\xampp\Desktop\mdcnpal\htdocs\public_html\includes\header.php on line 712
[2026-07-06 18:09:25] Trying to access array offset on value of type null in C:\xampp\Desktop\mdcnpal\htdocs\public_html\includes\header.php on line 712
[2026-07-06 18:09:25] Undefined property: app::$rs_customer in C:\xampp\Desktop\mdcnpal\htdocs\public_html\includes\header.php on line 721
[2026-07-06 18:09:25] Trying to access array offset on value of type null in C:\xampp\Desktop\mdcnpal\htdocs\public_html\includes\header.php on line 721
[2026-07-06 18:09:25] Undefined property: app::$rs_customer in C:\xampp\Desktop\mdcnpal\htdocs\public_html\includes\header.php on line 730
[2026-07-06 18:09:25] Trying to access array offset on value of type null in C:\xampp\Desktop\mdcnpal\htdocs\public_html\includes\header.php on line 730
[2026-07-06 18:09:25] Undefined property: app::$rs_customer in C:\xampp\Desktop\mdcnpal\htdocs\public_html\includes\header.php on line 739
[2026-07-06 18:09:25] Trying to access array offset on value of type null in C:\xampp\Desktop\mdcnpal\htdocs\public_html\includes\header.php on line 739
[2026-07-06 18:09:25] Undefined property: app::$rs_customer in C:\xampp\Desktop\mdcnpal\htdocs\public_html\includes\footer.php on line 357
[2026-07-06 18:09:25] Trying to access array offset on value of type null in C:\xampp\Desktop\mdcnpal\htdocs\public_html\includes\footer.php on line 357
[2026-07-06 18:09:25] Undefined property: app::$rs_customer in C:\xampp\Desktop\mdcnpal\htdocs\public_html\includes\footer.php on line 366
[2026-07-06 18:09:25] Trying to access array offset on value of type null in C:\xampp\Desktop\mdcnpal\htdocs\public_html\includes\footer.php on line 366
[2026-07-06 18:09:25] Undefined property: app::$rs_customer in C:\xampp\Desktop\mdcnpal\htdocs\public_html\includes\footer.php on line 372
[2026-07-06 18:09:25] Trying to access array offset on value of type null in C:\xampp\Desktop\mdcnpal\htdocs\public_html\includes\footer.php on line 372
[2026-07-06 18:09:25] Undefined property: app::$rs_customer in C:\xampp\Desktop\mdcnpal\htdocs\public_html\includes\general_data.php on line 88
[2026-07-06 18:09:25] Trying to access array offset on value of type null in C:\xampp\Desktop\mdcnpal\htdocs\public_html\includes\general_data.php on line 88
[2026-07-06 18:09:25] Undefined array key "MDRCCustID" in C:\xampp\Desktop\mdcnpal\htdocs\public_html\includes\general_data.php on line 88
[2026-07-06 18:09:25] Undefined variable $tmpStr in C:\xampp\Desktop\mdcnpal\htdocs\public_html\core\app.php on line 971
[2026-07-06 18:09:25] Creation of dynamic property dbclass::$RECORD_SET is deprecated in C:\xampp\Desktop\mdcnpal\htdocs\public_html\core\dbclass.php on line 69
[2026-07-06 18:09:25] Creation of dynamic property dbclass::$app is deprecated in C:\xampp\Desktop\mdcnpal\htdocs\public_html\core\dbclass.php on line 75
[2026-07-06 18:09:25] Creation of dynamic property model::$foreign_tables is deprecated in C:\xampp\Desktop\mdcnpal\htdocs\public_html\core\model.php on line 43
[2026-07-06 18:09:25] Creation of dynamic property app::$inputfilter is deprecated in C:\xampp\Desktop\mdcnpal\htdocs\public_html\core\app.php on line 123
[2026-07-06 18:09:25] Creation of dynamic property app::$userconfig is deprecated in C:\xampp\Desktop\mdcnpal\htdocs\public_html\core\app.php on line 124
[2026-07-06 18:09:25] Creation of dynamic property app::$global_include is deprecated in C:\xampp\Desktop\mdcnpal\htdocs\public_html\core\app.php on line 125
[2026-07-06 18:09:25] Creation of dynamic property app::$set_cache_time is deprecated in C:\xampp\Desktop\mdcnpal\htdocs\public_html\core\app.php on line 153
[2026-07-06 18:09:25] Creation of dynamic property app::$meta is deprecated in C:\xampp\Desktop\mdcnpal\htdocs\public_html\core\app.php on line 434
[2026-07-06 18:09:25] Creation of dynamic property app::$rs_gs_city is deprecated in C:\xampp\Desktop\mdcnpal\htdocs\public_html\core\app.php on line 434
[2026-07-06 18:09:25] Creation of dynamic property app::$rs_footer_popular_item is deprecated in C:\xampp\Desktop\mdcnpal\htdocs\public_html\core\app.php on line 434
[2026-07-06 18:09:25] Creation of dynamic property app::$rs_footer_popular_test is deprecated in C:\xampp\Desktop\mdcnpal\htdocs\public_html\core\app.php on line 434
[2026-07-06 18:09:25] Creation of dynamic property app::$rs_testimonial is deprecated in C:\xampp\Desktop\mdcnpal\htdocs\public_html\core\app.php on line 434
[2026-07-06 18:09:25] Creation of dynamic property app::$admin is deprecated in C:\xampp\Desktop\mdcnpal\htdocs\public_html\core\app.php on line 434
[2026-07-06 18:09:25] Undefined array key 0 in C:\xampp\Desktop\mdcnpal\htdocs\public_html\core\global_include.php on line 514
[2026-07-06 18:09:25] Creation of dynamic property app::$popup is deprecated in C:\xampp\Desktop\mdcnpal\htdocs\public_html\core\app.php on line 434
[2026-07-06 18:09:25] Undefined array key "MDRCCustID" in C:\xampp\Desktop\mdcnpal\htdocs\public_html\core\global_include.php on line 515
[2026-07-06 18:09:25] Undefined array key "MDRCToken" in C:\xampp\Desktop\mdcnpal\htdocs\public_html\core\global_include.php on line 515
[2026-07-06 18:09:25] Creation of dynamic property app::$rscategory is deprecated in C:\xampp\Desktop\mdcnpal\htdocs\public_html\core\app.php on line 434
[2026-07-06 18:09:25] Creation of dynamic property app::$rs_pages is deprecated in C:\xampp\Desktop\mdcnpal\htdocs\public_html\core\app.php on line 434
[2026-07-06 18:09:25] Creation of dynamic property app::$gs is deprecated in C:\xampp\Desktop\mdcnpal\htdocs\public_html\core\app.php on line 434
[2026-07-06 18:09:25] Undefined array key "MDRCCustID" in C:\xampp\Desktop\mdcnpal\htdocs\public_html\core\global_include.php on line 596
[2026-07-06 18:09:25] Undefined array key "MDRCCustID" in C:\xampp\Desktop\mdcnpal\htdocs\public_html\core\global_include.php on line 615
[2026-07-06 18:09:25] Undefined variable $getId in C:\xampp\Desktop\mdcnpal\htdocs\public_html\core\global_include.php on line 684
[2026-07-06 18:09:25] Undefined variable $getName in C:\xampp\Desktop\mdcnpal\htdocs\public_html\core\global_include.php on line 685
[2026-07-06 18:09:25] Undefined array key 0 in C:\xampp\Desktop\mdcnpal\htdocs\public_html\core\global_include.php on line 810
[2026-07-06 18:09:25] Creation of dynamic property app::$rs_offer_msg is deprecated in C:\xampp\Desktop\mdcnpal\htdocs\public_html\core\app.php on line 434
[2026-07-06 18:09:25] Creation of dynamic property app::$rs_for_doctors is deprecated in C:\xampp\Desktop\mdcnpal\htdocs\public_html\core\app.php on line 434
[2026-07-06 18:09:25] Undefined property: app::$rs_cartmini in C:\xampp\Desktop\mdcnpal\htdocs\public_html\includes\header.php on line 131
[2026-07-06 18:09:25] Undefined array key "MDRCCustID" in C:\xampp\Desktop\mdcnpal\htdocs\public_html\includes\header.php on line 134
[2026-07-06 18:09:25] Undefined property: app::$rs_cartmini in C:\xampp\Desktop\mdcnpal\htdocs\public_html\includes\header.php on line 197
[2026-07-06 18:09:25] Undefined array key "MDRCCustID" in C:\xampp\Desktop\mdcnpal\htdocs\public_html\includes\header.php on line 200
[2026-07-06 18:09:25] Undefined property: app::$rs_cartmini in C:\xampp\Desktop\mdcnpal\htdocs\public_html\includes\header.php on line 469
[2026-07-06 18:09:25] Undefined array key "MDRCCustID" in C:\xampp\Desktop\mdcnpal\htdocs\public_html\includes\header.php on line 472
[2026-07-06 18:09:25] Undefined property: app::$rs_cartmini in C:\xampp\Desktop\mdcnpal\htdocs\public_html\includes\header.php on line 525
[2026-07-06 18:09:25] Undefined array key "MDRCCustID" in C:\xampp\Desktop\mdcnpal\htdocs\public_html\includes\header.php on line 528
[2026-07-06 18:09:25] Undefined property: app::$rs_customer in C:\xampp\Desktop\mdcnpal\htdocs\public_html\includes\header.php on line 712
[2026-07-06 18:09:25] Trying to access array offset on value of type null in C:\xampp\Desktop\mdcnpal\htdocs\public_html\includes\header.php on line 712
[2026-07-06 18:09:25] Undefined property: app::$rs_customer in C:\xampp\Desktop\mdcnpal\htdocs\public_html\includes\header.php on line 721
[2026-07-06 18:09:25] Trying to access array offset on value of type null in C:\xampp\Desktop\mdcnpal\htdocs\public_html\includes\header.php on line 721
[2026-07-06 18:09:25] Undefined property: app::$rs_customer in C:\xampp\Desktop\mdcnpal\htdocs\public_html\includes\header.php on line 730
[2026-07-06 18:09:25] Trying to access array offset on value of type null in C:\xampp\Desktop\mdcnpal\htdocs\public_html\includes\header.php on line 730
[2026-07-06 18:09:25] Undefined property: app::$rs_customer in C:\xampp\Desktop\mdcnpal\htdocs\public_html\includes\header.php on line 739
[2026-07-06 18:09:25] Trying to access array offset on value of type null in C:\xampp\Desktop\mdcnpal\htdocs\public_html\includes\header.php on line 739
[2026-07-06 18:09:25] Undefined property: app::$rs_customer in C:\xampp\Desktop\mdcnpal\htdocs\public_html\includes\footer.php on line 357
[2026-07-06 18:09:25] Trying to access array offset on value of type null in C:\xampp\Desktop\mdcnpal\htdocs\public_html\includes\footer.php on line 357
[2026-07-06 18:09:25] Undefined property: app::$rs_customer in C:\xampp\Desktop\mdcnpal\htdocs\public_html\includes\footer.php on line 366
[2026-07-06 18:09:25] Trying to access array offset on value of type null in C:\xampp\Desktop\mdcnpal\htdocs\public_html\includes\footer.php on line 366
[2026-07-06 18:09:25] Undefined property: app::$rs_customer in C:\xampp\Desktop\mdcnpal\htdocs\public_html\includes\footer.php on line 372
[2026-07-06 18:09:25] Trying to access array offset on value of type null in C:\xampp\Desktop\mdcnpal\htdocs\public_html\includes\footer.php on line 372
[2026-07-06 18:09:25] Undefined property: app::$rs_customer in C:\xampp\Desktop\mdcnpal\htdocs\public_html\includes\general_data.php on line 88
[2026-07-06 18:09:25] Trying to access array offset on value of type null in C:\xampp\Desktop\mdcnpal\htdocs\public_html\includes\general_data.php on line 88
[2026-07-06 18:09:25] Undefined array key "MDRCCustID" in C:\xampp\Desktop\mdcnpal\htdocs\public_html\includes\general_data.php on line 88
[2026-07-06 18:09:25] Undefined variable $tmpStr in C:\xampp\Desktop\mdcnpal\htdocs\public_html\core\app.php on line 971
[2026-07-06 18:09:26] Creation of dynamic property dbclass::$RECORD_SET is deprecated in C:\xampp\Desktop\mdcnpal\htdocs\public_html\core\dbclass.php on line 69
[2026-07-06 18:09:26] Creation of dynamic property dbclass::$app is deprecated in C:\xampp\Desktop\mdcnpal\htdocs\public_html\core\dbclass.php on line 75
[2026-07-06 18:09:26] Creation of dynamic property model::$foreign_tables is deprecated in C:\xampp\Desktop\mdcnpal\htdocs\public_html\core\model.php on line 43
[2026-07-06 18:09:26] Creation of dynamic property app::$inputfilter is deprecated in C:\xampp\Desktop\mdcnpal\htdocs\public_html\core\app.php on line 123
[2026-07-06 18:09:26] Creation of dynamic property app::$userconfig is deprecated in C:\xampp\Desktop\mdcnpal\htdocs\public_html\core\app.php on line 124
[2026-07-06 18:09:26] Creation of dynamic property app::$global_include is deprecated in C:\xampp\Desktop\mdcnpal\htdocs\public_html\core\app.php on line 125
[2026-07-06 18:09:26] Creation of dynamic property app::$set_cache_time is deprecated in C:\xampp\Desktop\mdcnpal\htdocs\public_html\core\app.php on line 153
[2026-07-06 18:09:26] Undefined array key "cityID" in C:\xampp\Desktop\mdcnpal\htdocs\public_html\core\global_include.php on line 381
[2026-07-06 18:09:26] Undefined array key "cityID" in C:\xampp\Desktop\mdcnpal\htdocs\public_html\core\global_include.php on line 416
[2026-07-06 18:09:26] Creation of dynamic property app::$meta is deprecated in C:\xampp\Desktop\mdcnpal\htdocs\public_html\core\app.php on line 434
[2026-07-06 18:09:26] Creation of dynamic property app::$rs_gs_city is deprecated in C:\xampp\Desktop\mdcnpal\htdocs\public_html\core\app.php on line 434
[2026-07-06 18:09:26] Undefined array key "cityID" in C:\xampp\Desktop\mdcnpal\htdocs\public_html\core\global_include.php on line 468
[2026-07-06 18:09:26] Creation of dynamic property app::$rs_footer_popular_item is deprecated in C:\xampp\Desktop\mdcnpal\htdocs\public_html\core\app.php on line 434
[2026-07-06 18:09:26] Creation of dynamic property app::$rs_footer_popular_test is deprecated in C:\xampp\Desktop\mdcnpal\htdocs\public_html\core\app.php on line 434
[2026-07-06 18:09:26] Creation of dynamic property app::$rs_testimonial is deprecated in C:\xampp\Desktop\mdcnpal\htdocs\public_html\core\app.php on line 434
[2026-07-06 18:09:26] Creation of dynamic property app::$admin is deprecated in C:\xampp\Desktop\mdcnpal\htdocs\public_html\core\app.php on line 434
[2026-07-06 18:09:26] Undefined array key 0 in C:\xampp\Desktop\mdcnpal\htdocs\public_html\core\global_include.php on line 514
[2026-07-06 18:09:26] Creation of dynamic property app::$popup is deprecated in C:\xampp\Desktop\mdcnpal\htdocs\public_html\core\app.php on line 434
[2026-07-06 18:09:26] Undefined array key "MDRCCustID" in C:\xampp\Desktop\mdcnpal\htdocs\public_html\core\global_include.php on line 515
[2026-07-06 18:09:26] Undefined array key "MDRCToken" in C:\xampp\Desktop\mdcnpal\htdocs\public_html\core\global_include.php on line 515
[2026-07-06 18:09:26] Creation of dynamic property app::$rscategory is deprecated in C:\xampp\Desktop\mdcnpal\htdocs\public_html\core\app.php on line 434
[2026-07-06 18:09:26] Creation of dynamic property app::$rs_pages is deprecated in C:\xampp\Desktop\mdcnpal\htdocs\public_html\core\app.php on line 434
[2026-07-06 18:09:26] Creation of dynamic property app::$gs is deprecated in C:\xampp\Desktop\mdcnpal\htdocs\public_html\core\app.php on line 434
[2026-07-06 18:09:26] Undefined array key "MDRCCustID" in C:\xampp\Desktop\mdcnpal\htdocs\public_html\core\global_include.php on line 596
[2026-07-06 18:09:26] Undefined array key "MDRCCustID" in C:\xampp\Desktop\mdcnpal\htdocs\public_html\core\global_include.php on line 615
[2026-07-06 18:09:26] Undefined variable $getId in C:\xampp\Desktop\mdcnpal\htdocs\public_html\core\global_include.php on line 684
[2026-07-06 18:09:26] Undefined variable $getName in C:\xampp\Desktop\mdcnpal\htdocs\public_html\core\global_include.php on line 685
[2026-07-06 18:09:27] Undefined array key 0 in C:\xampp\Desktop\mdcnpal\htdocs\public_html\core\global_include.php on line 810
[2026-07-06 18:09:27] Creation of dynamic property app::$rs_offer_msg is deprecated in C:\xampp\Desktop\mdcnpal\htdocs\public_html\core\app.php on line 434
[2026-07-06 18:09:27] Creation of dynamic property app::$rs_for_doctors is deprecated in C:\xampp\Desktop\mdcnpal\htdocs\public_html\core\app.php on line 434
[2026-07-06 18:09:27] Creation of dynamic property app::$rs_blog_category is deprecated in C:\xampp\Desktop\mdcnpal\htdocs\public_html\core\app.php on line 434
[2026-07-06 18:09:27] Undefined variable $array_bread in C:\xampp\Desktop\mdcnpal\htdocs\public_html\controllers\controller_blog.php on line 62
[2026-07-06 18:09:27] Creation of dynamic property app::$array_bread is deprecated in C:\xampp\Desktop\mdcnpal\htdocs\public_html\core\app.php on line 434
[2026-07-06 18:09:27] Creation of dynamic property app::$CatId is deprecated in C:\xampp\Desktop\mdcnpal\htdocs\public_html\core\app.php on line 434
[2026-07-06 18:09:27] Creation of dynamic property app::$TagId is deprecated in C:\xampp\Desktop\mdcnpal\htdocs\public_html\core\app.php on line 434
[2026-07-06 18:09:27] Creation of dynamic property app::$rs_data is deprecated in C:\xampp\Desktop\mdcnpal\htdocs\public_html\core\app.php on line 434
[2026-07-06 18:09:27] Undefined array key "tempCityID" in C:\xampp\Desktop\mdcnpal\htdocs\public_html\includes\header.php on line 5
[2026-07-06 18:09:27] Undefined array key "items" in C:\xampp\Desktop\mdcnpal\htdocs\public_html\includes\header.php on line 16
[2026-07-06 18:09:27] Undefined array key "item_category" in C:\xampp\Desktop\mdcnpal\htdocs\public_html\includes\header.php on line 26
[2026-07-06 18:09:27] Undefined array key "item_diseases" in C:\xampp\Desktop\mdcnpal\htdocs\public_html\includes\header.php on line 33
[2026-07-06 18:09:27] Undefined property: app::$rs_cartmini in C:\xampp\Desktop\mdcnpal\htdocs\public_html\includes\header.php on line 131
[2026-07-06 18:09:27] Undefined array key "MDRCCustID" in C:\xampp\Desktop\mdcnpal\htdocs\public_html\includes\header.php on line 134
[2026-07-06 18:09:27] Undefined property: app::$rs_cartmini in C:\xampp\Desktop\mdcnpal\htdocs\public_html\includes\header.php on line 197
[2026-07-06 18:09:27] Undefined array key "MDRCCustID" in C:\xampp\Desktop\mdcnpal\htdocs\public_html\includes\header.php on line 200
[2026-07-06 18:09:27] Undefined property: app::$rs_cartmini in C:\xampp\Desktop\mdcnpal\htdocs\public_html\includes\header.php on line 469
[2026-07-06 18:09:27] Undefined array key "MDRCCustID" in C:\xampp\Desktop\mdcnpal\htdocs\public_html\includes\header.php on line 472
[2026-07-06 18:09:27] Undefined property: app::$rs_cartmini in C:\xampp\Desktop\mdcnpal\htdocs\public_html\includes\header.php on line 525
[2026-07-06 18:09:27] Undefined array key "MDRCCustID" in C:\xampp\Desktop\mdcnpal\htdocs\public_html\includes\header.php on line 528
[2026-07-06 18:09:27] Undefined property: app::$rs_customer in C:\xampp\Desktop\mdcnpal\htdocs\public_html\includes\header.php on line 712
[2026-07-06 18:09:27] Trying to access array offset on value of type null in C:\xampp\Desktop\mdcnpal\htdocs\public_html\includes\header.php on line 712
[2026-07-06 18:09:27] Undefined property: app::$rs_customer in C:\xampp\Desktop\mdcnpal\htdocs\public_html\includes\header.php on line 721
[2026-07-06 18:09:27] Trying to access array offset on value of type null in C:\xampp\Desktop\mdcnpal\htdocs\public_html\includes\header.php on line 721
[2026-07-06 18:09:27] Undefined property: app::$rs_customer in C:\xampp\Desktop\mdcnpal\htdocs\public_html\includes\header.php on line 730
[2026-07-06 18:09:27] Trying to access array offset on value of type null in C:\xampp\Desktop\mdcnpal\htdocs\public_html\includes\header.php on line 730
[2026-07-06 18:09:27] Undefined property: app::$rs_customer in C:\xampp\Desktop\mdcnpal\htdocs\public_html\includes\header.php on line 739
[2026-07-06 18:09:27] Trying to access array offset on value of type null in C:\xampp\Desktop\mdcnpal\htdocs\public_html\includes\header.php on line 739
[06-Jul-2026 18:09:27 Asia/Kathmandu] PHP Fatal error:  Uncaught TypeError: count(): Argument #1 ($value) must be of type Countable|array, int given in C:\xampp\Desktop\mdcnpal\htdocs\public_html\core\app.php(565) : eval()'d code:81
Stack trace:
#0 C:\xampp\Desktop\mdcnpal\htdocs\public_html\core\app.php(565): eval()
#1 C:\xampp\Desktop\mdcnpal\htdocs\public_html\core\app.php(535): app->compile()
#2 C:\xampp\Desktop\mdcnpal\htdocs\public_html\core\app.php(516): app->package()
#3 C:\xampp\Desktop\mdcnpal\htdocs\public_html\index.php(6): app->execute()
#4 {main}
  thrown in C:\xampp\Desktop\mdcnpal\htdocs\public_html\core\app.php(565) : eval()'d code on line 81
[2026-07-06 18:09:34] Creation of dynamic property dbclass::$RECORD_SET is deprecated in C:\xampp\Desktop\mdcnpal\htdocs\public_html\core\dbclass.php on line 69
[2026-07-06 18:09:34] Creation of dynamic property dbclass::$app is deprecated in C:\xampp\Desktop\mdcnpal\htdocs\public_html\core\dbclass.php on line 75
[2026-07-06 18:09:34] Creation of dynamic property model::$foreign_tables is deprecated in C:\xampp\Desktop\mdcnpal\htdocs\public_html\core\model.php on line 43
[2026-07-06 18:09:34] Creation of dynamic property app::$inputfilter is deprecated in C:\xampp\Desktop\mdcnpal\htdocs\public_html\core\app.php on line 123
[2026-07-06 18:09:34] Creation of dynamic property app::$userconfig is deprecated in C:\xampp\Desktop\mdcnpal\htdocs\public_html\core\app.php on line 124
[2026-07-06 18:09:34] Creation of dynamic property app::$global_include is deprecated in C:\xampp\Desktop\mdcnpal\htdocs\public_html\core\app.php on line 125
[2026-07-06 18:09:34] Creation of dynamic property app::$set_cache_time is deprecated in C:\xampp\Desktop\mdcnpal\htdocs\public_html\core\app.php on line 153
[2026-07-06 18:09:34] Creation of dynamic property app::$meta is deprecated in C:\xampp\Desktop\mdcnpal\htdocs\public_html\core\app.php on line 434
[2026-07-06 18:09:34] Creation of dynamic property app::$rs_gs_city is deprecated in C:\xampp\Desktop\mdcnpal\htdocs\public_html\core\app.php on line 434
[2026-07-06 18:09:34] Creation of dynamic property app::$rs_footer_popular_item is deprecated in C:\xampp\Desktop\mdcnpal\htdocs\public_html\core\app.php on line 434
[2026-07-06 18:09:34] Creation of dynamic property app::$rs_footer_popular_test is deprecated in C:\xampp\Desktop\mdcnpal\htdocs\public_html\core\app.php on line 434
[2026-07-06 18:09:34] Creation of dynamic property app::$rs_testimonial is deprecated in C:\xampp\Desktop\mdcnpal\htdocs\public_html\core\app.php on line 434
[2026-07-06 18:09:34] Creation of dynamic property app::$admin is deprecated in C:\xampp\Desktop\mdcnpal\htdocs\public_html\core\app.php on line 434
[2026-07-06 18:09:34] Undefined array key 0 in C:\xampp\Desktop\mdcnpal\htdocs\public_html\core\global_include.php on line 514
[2026-07-06 18:09:34] Creation of dynamic property app::$popup is deprecated in C:\xampp\Desktop\mdcnpal\htdocs\public_html\core\app.php on line 434
[2026-07-06 18:09:34] Undefined array key "MDRCCustID" in C:\xampp\Desktop\mdcnpal\htdocs\public_html\core\global_include.php on line 515
[2026-07-06 18:09:34] Undefined array key "MDRCToken" in C:\xampp\Desktop\mdcnpal\htdocs\public_html\core\global_include.php on line 515
[2026-07-06 18:09:34] Creation of dynamic property app::$rscategory is deprecated in C:\xampp\Desktop\mdcnpal\htdocs\public_html\core\app.php on line 434
[2026-07-06 18:09:34] Creation of dynamic property app::$rs_pages is deprecated in C:\xampp\Desktop\mdcnpal\htdocs\public_html\core\app.php on line 434
[2026-07-06 18:09:34] Creation of dynamic property app::$gs is deprecated in C:\xampp\Desktop\mdcnpal\htdocs\public_html\core\app.php on line 434
[2026-07-06 18:09:34] Undefined array key "MDRCCustID" in C:\xampp\Desktop\mdcnpal\htdocs\public_html\core\global_include.php on line 596
[2026-07-06 18:09:34] Undefined array key "MDRCCustID" in C:\xampp\Desktop\mdcnpal\htdocs\public_html\core\global_include.php on line 615
[2026-07-06 18:09:34] Undefined variable $getId in C:\xampp\Desktop\mdcnpal\htdocs\public_html\core\global_include.php on line 684
[2026-07-06 18:09:34] Undefined variable $getName in C:\xampp\Desktop\mdcnpal\htdocs\public_html\core\global_include.php on line 685
[2026-07-06 18:09:34] Undefined array key 0 in C:\xampp\Desktop\mdcnpal\htdocs\public_html\core\global_include.php on line 810
[2026-07-06 18:09:34] Creation of dynamic property app::$rs_offer_msg is deprecated in C:\xampp\Desktop\mdcnpal\htdocs\public_html\core\app.php on line 434
[2026-07-06 18:09:34] Creation of dynamic property app::$rs_for_doctors is deprecated in C:\xampp\Desktop\mdcnpal\htdocs\public_html\core\app.php on line 434
[2026-07-06 18:09:34] Creation of dynamic property app::$rs_data is deprecated in C:\xampp\Desktop\mdcnpal\htdocs\public_html\core\app.php on line 434
[2026-07-06 18:09:34] Creation of dynamic property app::$rs_certi_data is deprecated in C:\xampp\Desktop\mdcnpal\htdocs\public_html\core\app.php on line 434
[2026-07-06 18:09:34] Creation of dynamic property app::$rs_key_fetures_data is deprecated in C:\xampp\Desktop\mdcnpal\htdocs\public_html\core\app.php on line 434
[2026-07-06 18:09:34] Creation of dynamic property app::$rs_banner is deprecated in C:\xampp\Desktop\mdcnpal\htdocs\public_html\core\app.php on line 434
[2026-07-06 18:09:34] Undefined variable $rs_package_data in C:\xampp\Desktop\mdcnpal\htdocs\public_html\controllers\controller_detail.php on line 94
[2026-07-06 18:09:34] Creation of dynamic property app::$rs_package_data is deprecated in C:\xampp\Desktop\mdcnpal\htdocs\public_html\core\app.php on line 434
[2026-07-06 18:09:34] Creation of dynamic property app::$city_id is deprecated in C:\xampp\Desktop\mdcnpal\htdocs\public_html\core\app.php on line 434
[2026-07-06 18:09:34] Creation of dynamic property app::$city_name is deprecated in C:\xampp\Desktop\mdcnpal\htdocs\public_html\core\app.php on line 434
[2026-07-06 18:09:35] Creation of dynamic property app::$rs_faq_data is deprecated in C:\xampp\Desktop\mdcnpal\htdocs\public_html\core\app.php on line 434
[2026-07-06 18:09:35] Undefined property: app::$rs_cartmini in C:\xampp\Desktop\mdcnpal\htdocs\public_html\includes\header.php on line 131
[2026-07-06 18:09:35] Undefined array key "MDRCCustID" in C:\xampp\Desktop\mdcnpal\htdocs\public_html\includes\header.php on line 134
[2026-07-06 18:09:35] Undefined property: app::$rs_cartmini in C:\xampp\Desktop\mdcnpal\htdocs\public_html\includes\header.php on line 197
[2026-07-06 18:09:35] Undefined array key "MDRCCustID" in C:\xampp\Desktop\mdcnpal\htdocs\public_html\includes\header.php on line 200
[2026-07-06 18:09:35] Undefined property: app::$rs_cartmini in C:\xampp\Desktop\mdcnpal\htdocs\public_html\includes\header.php on line 469
[2026-07-06 18:09:35] Undefined array key "MDRCCustID" in C:\xampp\Desktop\mdcnpal\htdocs\public_html\includes\header.php on line 472
[2026-07-06 18:09:35] Undefined property: app::$rs_cartmini in C:\xampp\Desktop\mdcnpal\htdocs\public_html\includes\header.php on line 525
[2026-07-06 18:09:35] Undefined array key "MDRCCustID" in C:\xampp\Desktop\mdcnpal\htdocs\public_html\includes\header.php on line 528
[2026-07-06 18:09:35] Undefined property: app::$rs_customer in C:\xampp\Desktop\mdcnpal\htdocs\public_html\includes\header.php on line 712
[2026-07-06 18:09:35] Trying to access array offset on value of type null in C:\xampp\Desktop\mdcnpal\htdocs\public_html\includes\header.php on line 712
[2026-07-06 18:09:35] Undefined property: app::$rs_customer in C:\xampp\Desktop\mdcnpal\htdocs\public_html\includes\header.php on line 721
[2026-07-06 18:09:35] Trying to access array offset on value of type null in C:\xampp\Desktop\mdcnpal\htdocs\public_html\includes\header.php on line 721
[2026-07-06 18:09:35] Undefined property: app::$rs_customer in C:\xampp\Desktop\mdcnpal\htdocs\public_html\includes\header.php on line 730
[2026-07-06 18:09:35] Trying to access array offset on value of type null in C:\xampp\Desktop\mdcnpal\htdocs\public_html\includes\header.php on line 730
[2026-07-06 18:09:35] Undefined property: app::$rs_customer in C:\xampp\Desktop\mdcnpal\htdocs\public_html\includes\header.php on line 739
[2026-07-06 18:09:35] Trying to access array offset on value of type null in C:\xampp\Desktop\mdcnpal\htdocs\public_html\includes\header.php on line 739
[06-Jul-2026 18:09:35 Asia/Kathmandu] PHP Fatal error:  Uncaught TypeError: count(): Argument #1 ($value) must be of type Countable|array, null given in C:\xampp\Desktop\mdcnpal\htdocs\public_html\core\app.php(565) : eval()'d code:42
Stack trace:
#0 C:\xampp\Desktop\mdcnpal\htdocs\public_html\core\app.php(565): eval()
#1 C:\xampp\Desktop\mdcnpal\htdocs\public_html\core\app.php(535): app->compile()
#2 C:\xampp\Desktop\mdcnpal\htdocs\public_html\core\app.php(516): app->package()
#3 C:\xampp\Desktop\mdcnpal\htdocs\public_html\index.php(6): app->execute()
#4 {main}
  thrown in C:\xampp\Desktop\mdcnpal\htdocs\public_html\core\app.php(565) : eval()'d code on line 42
[2026-07-06 18:09:35] Creation of dynamic property dbclass::$RECORD_SET is deprecated in C:\xampp\Desktop\mdcnpal\htdocs\public_html\core\dbclass.php on line 69
[2026-07-06 18:09:35] Creation of dynamic property dbclass::$app is deprecated in C:\xampp\Desktop\mdcnpal\htdocs\public_html\core\dbclass.php on line 75
[2026-07-06 18:09:35] Creation of dynamic property model::$foreign_tables is deprecated in C:\xampp\Desktop\mdcnpal\htdocs\public_html\core\model.php on line 43
[2026-07-06 18:09:35] Creation of dynamic property app::$inputfilter is deprecated in C:\xampp\Desktop\mdcnpal\htdocs\public_html\core\app.php on line 123
[2026-07-06 18:09:35] Creation of dynamic property app::$userconfig is deprecated in C:\xampp\Desktop\mdcnpal\htdocs\public_html\core\app.php on line 124
[2026-07-06 18:09:35] Creation of dynamic property app::$global_include is deprecated in C:\xampp\Desktop\mdcnpal\htdocs\public_html\core\app.php on line 125
[2026-07-06 18:09:35] Creation of dynamic property app::$set_cache_time is deprecated in C:\xampp\Desktop\mdcnpal\htdocs\public_html\core\app.php on line 153
[2026-07-06 18:09:35] Creation of dynamic property app::$meta is deprecated in C:\xampp\Desktop\mdcnpal\htdocs\public_html\core\app.php on line 434
[2026-07-06 18:09:35] Creation of dynamic property app::$rs_gs_city is deprecated in C:\xampp\Desktop\mdcnpal\htdocs\public_html\core\app.php on line 434
[2026-07-06 18:09:35] Creation of dynamic property app::$rs_footer_popular_item is deprecated in C:\xampp\Desktop\mdcnpal\htdocs\public_html\core\app.php on line 434
[2026-07-06 18:09:35] Creation of dynamic property app::$rs_footer_popular_test is deprecated in C:\xampp\Desktop\mdcnpal\htdocs\public_html\core\app.php on line 434
[2026-07-06 18:09:35] Creation of dynamic property app::$rs_testimonial is deprecated in C:\xampp\Desktop\mdcnpal\htdocs\public_html\core\app.php on line 434
[2026-07-06 18:09:35] Creation of dynamic property app::$admin is deprecated in C:\xampp\Desktop\mdcnpal\htdocs\public_html\core\app.php on line 434
[2026-07-06 18:09:35] Undefined array key 0 in C:\xampp\Desktop\mdcnpal\htdocs\public_html\core\global_include.php on line 514
[2026-07-06 18:09:35] Creation of dynamic property app::$popup is deprecated in C:\xampp\Desktop\mdcnpal\htdocs\public_html\core\app.php on line 434
[2026-07-06 18:09:35] Undefined array key "MDRCCustID" in C:\xampp\Desktop\mdcnpal\htdocs\public_html\core\global_include.php on line 515
[2026-07-06 18:09:35] Undefined array key "MDRCToken" in C:\xampp\Desktop\mdcnpal\htdocs\public_html\core\global_include.php on line 515
[2026-07-06 18:09:35] Creation of dynamic property app::$rscategory is deprecated in C:\xampp\Desktop\mdcnpal\htdocs\public_html\core\app.php on line 434
[2026-07-06 18:09:35] Creation of dynamic property app::$rs_pages is deprecated in C:\xampp\Desktop\mdcnpal\htdocs\public_html\core\app.php on line 434
[2026-07-06 18:09:35] Creation of dynamic property app::$gs is deprecated in C:\xampp\Desktop\mdcnpal\htdocs\public_html\core\app.php on line 434
[2026-07-06 18:09:35] Undefined array key "MDRCCustID" in C:\xampp\Desktop\mdcnpal\htdocs\public_html\core\global_include.php on line 596
[2026-07-06 18:09:35] Undefined array key "MDRCCustID" in C:\xampp\Desktop\mdcnpal\htdocs\public_html\core\global_include.php on line 615
[2026-07-06 18:09:35] Undefined variable $getId in C:\xampp\Desktop\mdcnpal\htdocs\public_html\core\global_include.php on line 684
[2026-07-06 18:09:35] Undefined variable $getName in C:\xampp\Desktop\mdcnpal\htdocs\public_html\core\global_include.php on line 685
[2026-07-06 18:09:35] Undefined array key 0 in C:\xampp\Desktop\mdcnpal\htdocs\public_html\core\global_include.php on line 810
[2026-07-06 18:09:35] Creation of dynamic property app::$rs_offer_msg is deprecated in C:\xampp\Desktop\mdcnpal\htdocs\public_html\core\app.php on line 434
[2026-07-06 18:09:35] Creation of dynamic property app::$rs_for_doctors is deprecated in C:\xampp\Desktop\mdcnpal\htdocs\public_html\core\app.php on line 434
[2026-07-06 18:09:35] Undefined property: app::$rs_cartmini in C:\xampp\Desktop\mdcnpal\htdocs\public_html\includes\header.php on line 131
[2026-07-06 18:09:35] Undefined array key "MDRCCustID" in C:\xampp\Desktop\mdcnpal\htdocs\public_html\includes\header.php on line 134
[2026-07-06 18:09:35] Undefined property: app::$rs_cartmini in C:\xampp\Desktop\mdcnpal\htdocs\public_html\includes\header.php on line 197
[2026-07-06 18:09:35] Undefined array key "MDRCCustID" in C:\xampp\Desktop\mdcnpal\htdocs\public_html\includes\header.php on line 200
[2026-07-06 18:09:35] Undefined property: app::$rs_cartmini in C:\xampp\Desktop\mdcnpal\htdocs\public_html\includes\header.php on line 469
[2026-07-06 18:09:35] Undefined array key "MDRCCustID" in C:\xampp\Desktop\mdcnpal\htdocs\public_html\includes\header.php on line 472
[2026-07-06 18:09:35] Undefined property: app::$rs_cartmini in C:\xampp\Desktop\mdcnpal\htdocs\public_html\includes\header.php on line 525
[2026-07-06 18:09:35] Undefined array key "MDRCCustID" in C:\xampp\Desktop\mdcnpal\htdocs\public_html\includes\header.php on line 528
[2026-07-06 18:09:35] Undefined property: app::$rs_customer in C:\xampp\Desktop\mdcnpal\htdocs\public_html\includes\header.php on line 712
[2026-07-06 18:09:35] Trying to access array offset on value of type null in C:\xampp\Desktop\mdcnpal\htdocs\public_html\includes\header.php on line 712
[2026-07-06 18:09:35] Undefined property: app::$rs_customer in C:\xampp\Desktop\mdcnpal\htdocs\public_html\includes\header.php on line 721
[2026-07-06 18:09:35] Trying to access array offset on value of type null in C:\xampp\Desktop\mdcnpal\htdocs\public_html\includes\header.php on line 721
[2026-07-06 18:09:35] Undefined property: app::$rs_customer in C:\xampp\Desktop\mdcnpal\htdocs\public_html\includes\header.php on line 730
[2026-07-06 18:09:35] Trying to access array offset on value of type null in C:\xampp\Desktop\mdcnpal\htdocs\public_html\includes\header.php on line 730
[2026-07-06 18:09:35] Undefined property: app::$rs_customer in C:\xampp\Desktop\mdcnpal\htdocs\public_html\includes\header.php on line 739
[2026-07-06 18:09:35] Trying to access array offset on value of type null in C:\xampp\Desktop\mdcnpal\htdocs\public_html\includes\header.php on line 739
[2026-07-06 18:09:35] Undefined property: app::$rs_customer in C:\xampp\Desktop\mdcnpal\htdocs\public_html\includes\footer.php on line 357
[2026-07-06 18:09:35] Trying to access array offset on value of type null in C:\xampp\Desktop\mdcnpal\htdocs\public_html\includes\footer.php on line 357
[2026-07-06 18:09:35] Undefined property: app::$rs_customer in C:\xampp\Desktop\mdcnpal\htdocs\public_html\includes\footer.php on line 366
[2026-07-06 18:09:35] Trying to access array offset on value of type null in C:\xampp\Desktop\mdcnpal\htdocs\public_html\includes\footer.php on line 366
[2026-07-06 18:09:35] Undefined property: app::$rs_customer in C:\xampp\Desktop\mdcnpal\htdocs\public_html\includes\footer.php on line 372
[2026-07-06 18:09:35] Trying to access array offset on value of type null in C:\xampp\Desktop\mdcnpal\htdocs\public_html\includes\footer.php on line 372
[2026-07-06 18:09:35] Undefined property: app::$rs_customer in C:\xampp\Desktop\mdcnpal\htdocs\public_html\includes\general_data.php on line 88
[2026-07-06 18:09:35] Trying to access array offset on value of type null in C:\xampp\Desktop\mdcnpal\htdocs\public_html\includes\general_data.php on line 88
[2026-07-06 18:09:35] Undefined array key "MDRCCustID" in C:\xampp\Desktop\mdcnpal\htdocs\public_html\includes\general_data.php on line 88
[2026-07-06 18:09:35] Undefined variable $tmpStr in C:\xampp\Desktop\mdcnpal\htdocs\public_html\core\app.php on line 971
[2026-07-06 18:09:36] Creation of dynamic property dbclass::$RECORD_SET is deprecated in C:\xampp\Desktop\mdcnpal\htdocs\public_html\core\dbclass.php on line 69
[2026-07-06 18:09:36] Creation of dynamic property dbclass::$app is deprecated in C:\xampp\Desktop\mdcnpal\htdocs\public_html\core\dbclass.php on line 75
[2026-07-06 18:09:36] Creation of dynamic property model::$foreign_tables is deprecated in C:\xampp\Desktop\mdcnpal\htdocs\public_html\core\model.php on line 43
[2026-07-06 18:09:36] Creation of dynamic property app::$inputfilter is deprecated in C:\xampp\Desktop\mdcnpal\htdocs\public_html\core\app.php on line 123
[2026-07-06 18:09:36] Creation of dynamic property app::$userconfig is deprecated in C:\xampp\Desktop\mdcnpal\htdocs\public_html\core\app.php on line 124
[2026-07-06 18:09:36] Creation of dynamic property app::$global_include is deprecated in C:\xampp\Desktop\mdcnpal\htdocs\public_html\core\app.php on line 125
[2026-07-06 18:09:36] Creation of dynamic property app::$set_cache_time is deprecated in C:\xampp\Desktop\mdcnpal\htdocs\public_html\core\app.php on line 153
[2026-07-06 18:09:36] Creation of dynamic property app::$meta is deprecated in C:\xampp\Desktop\mdcnpal\htdocs\public_html\core\app.php on line 434
[2026-07-06 18:09:36] Creation of dynamic property app::$rs_gs_city is deprecated in C:\xampp\Desktop\mdcnpal\htdocs\public_html\core\app.php on line 434
[2026-07-06 18:09:36] Creation of dynamic property app::$rs_footer_popular_item is deprecated in C:\xampp\Desktop\mdcnpal\htdocs\public_html\core\app.php on line 434
[2026-07-06 18:09:36] Creation of dynamic property app::$rs_footer_popular_test is deprecated in C:\xampp\Desktop\mdcnpal\htdocs\public_html\core\app.php on line 434
[2026-07-06 18:09:36] Creation of dynamic property app::$rs_testimonial is deprecated in C:\xampp\Desktop\mdcnpal\htdocs\public_html\core\app.php on line 434
[2026-07-06 18:09:36] Creation of dynamic property app::$admin is deprecated in C:\xampp\Desktop\mdcnpal\htdocs\public_html\core\app.php on line 434
[2026-07-06 18:09:36] Undefined array key 0 in C:\xampp\Desktop\mdcnpal\htdocs\public_html\core\global_include.php on line 514
[2026-07-06 18:09:36] Creation of dynamic property app::$popup is deprecated in C:\xampp\Desktop\mdcnpal\htdocs\public_html\core\app.php on line 434
[2026-07-06 18:09:36] Undefined array key "MDRCCustID" in C:\xampp\Desktop\mdcnpal\htdocs\public_html\core\global_include.php on line 515
[2026-07-06 18:09:36] Undefined array key "MDRCToken" in C:\xampp\Desktop\mdcnpal\htdocs\public_html\core\global_include.php on line 515
[2026-07-06 18:09:36] Creation of dynamic property app::$rscategory is deprecated in C:\xampp\Desktop\mdcnpal\htdocs\public_html\core\app.php on line 434
[2026-07-06 18:09:36] Creation of dynamic property app::$rs_pages is deprecated in C:\xampp\Desktop\mdcnpal\htdocs\public_html\core\app.php on line 434
[2026-07-06 18:09:36] Creation of dynamic property app::$gs is deprecated in C:\xampp\Desktop\mdcnpal\htdocs\public_html\core\app.php on line 434
[2026-07-06 18:09:36] Undefined array key "MDRCCustID" in C:\xampp\Desktop\mdcnpal\htdocs\public_html\core\global_include.php on line 596
[2026-07-06 18:09:36] Undefined array key "MDRCCustID" in C:\xampp\Desktop\mdcnpal\htdocs\public_html\core\global_include.php on line 615
[2026-07-06 18:09:36] Undefined variable $getId in C:\xampp\Desktop\mdcnpal\htdocs\public_html\core\global_include.php on line 684
[2026-07-06 18:09:36] Undefined variable $getName in C:\xampp\Desktop\mdcnpal\htdocs\public_html\core\global_include.php on line 685
[2026-07-06 18:09:36] Undefined array key 0 in C:\xampp\Desktop\mdcnpal\htdocs\public_html\core\global_include.php on line 810
[2026-07-06 18:09:36] Creation of dynamic property app::$rs_offer_msg is deprecated in C:\xampp\Desktop\mdcnpal\htdocs\public_html\core\app.php on line 434
[2026-07-06 18:09:37] Creation of dynamic property app::$rs_for_doctors is deprecated in C:\xampp\Desktop\mdcnpal\htdocs\public_html\core\app.php on line 434
[2026-07-06 18:09:37] Undefined property: app::$rs_cartmini in C:\xampp\Desktop\mdcnpal\htdocs\public_html\includes\header.php on line 131
[2026-07-06 18:09:37] Undefined array key "MDRCCustID" in C:\xampp\Desktop\mdcnpal\htdocs\public_html\includes\header.php on line 134
[2026-07-06 18:09:37] Undefined property: app::$rs_cartmini in C:\xampp\Desktop\mdcnpal\htdocs\public_html\includes\header.php on line 197
[2026-07-06 18:09:37] Undefined array key "MDRCCustID" in C:\xampp\Desktop\mdcnpal\htdocs\public_html\includes\header.php on line 200
[2026-07-06 18:09:37] Undefined property: app::$rs_cartmini in C:\xampp\Desktop\mdcnpal\htdocs\public_html\includes\header.php on line 469
[2026-07-06 18:09:37] Undefined array key "MDRCCustID" in C:\xampp\Desktop\mdcnpal\htdocs\public_html\includes\header.php on line 472
[2026-07-06 18:09:37] Undefined property: app::$rs_cartmini in C:\xampp\Desktop\mdcnpal\htdocs\public_html\includes\header.php on line 525
[2026-07-06 18:09:37] Undefined array key "MDRCCustID" in C:\xampp\Desktop\mdcnpal\htdocs\public_html\includes\header.php on line 528
[2026-07-06 18:09:37] Undefined property: app::$rs_customer in C:\xampp\Desktop\mdcnpal\htdocs\public_html\includes\header.php on line 712
[2026-07-06 18:09:37] Trying to access array offset on value of type null in C:\xampp\Desktop\mdcnpal\htdocs\public_html\includes\header.php on line 712
[2026-07-06 18:09:37] Undefined property: app::$rs_customer in C:\xampp\Desktop\mdcnpal\htdocs\public_html\includes\header.php on line 721
[2026-07-06 18:09:37] Trying to access array offset on value of type null in C:\xampp\Desktop\mdcnpal\htdocs\public_html\includes\header.php on line 721
[2026-07-06 18:09:37] Undefined property: app::$rs_customer in C:\xampp\Desktop\mdcnpal\htdocs\public_html\includes\header.php on line 730
[2026-07-06 18:09:37] Trying to access array offset on value of type null in C:\xampp\Desktop\mdcnpal\htdocs\public_html\includes\header.php on line 730
[2026-07-06 18:09:37] Undefined property: app::$rs_customer in C:\xampp\Desktop\mdcnpal\htdocs\public_html\includes\header.php on line 739
[2026-07-06 18:09:37] Trying to access array offset on value of type null in C:\xampp\Desktop\mdcnpal\htdocs\public_html\includes\header.php on line 739
[2026-07-06 18:09:37] Undefined property: app::$rs_customer in C:\xampp\Desktop\mdcnpal\htdocs\public_html\includes\footer.php on line 357
[2026-07-06 18:09:37] Trying to access array offset on value of type null in C:\xampp\Desktop\mdcnpal\htdocs\public_html\includes\footer.php on line 357
[2026-07-06 18:09:37] Undefined property: app::$rs_customer in C:\xampp\Desktop\mdcnpal\htdocs\public_html\includes\footer.php on line 366
[2026-07-06 18:09:37] Trying to access array offset on value of type null in C:\xampp\Desktop\mdcnpal\htdocs\public_html\includes\footer.php on line 366
[2026-07-06 18:09:37] Undefined property: app::$rs_customer in C:\xampp\Desktop\mdcnpal\htdocs\public_html\includes\footer.php on line 372
[2026-07-06 18:09:37] Trying to access array offset on value of type null in C:\xampp\Desktop\mdcnpal\htdocs\public_html\includes\footer.php on line 372
[2026-07-06 18:09:37] Undefined property: app::$rs_customer in C:\xampp\Desktop\mdcnpal\htdocs\public_html\includes\general_data.php on line 88
[2026-07-06 18:09:37] Trying to access array offset on value of type null in C:\xampp\Desktop\mdcnpal\htdocs\public_html\includes\general_data.php on line 88
[2026-07-06 18:09:37] Undefined array key "MDRCCustID" in C:\xampp\Desktop\mdcnpal\htdocs\public_html\includes\general_data.php on line 88
[2026-07-06 18:09:37] Undefined variable $tmpStr in C:\xampp\Desktop\mdcnpal\htdocs\public_html\core\app.php on line 971
[2026-07-06 18:09:37] Creation of dynamic property dbclass::$RECORD_SET is deprecated in C:\xampp\Desktop\mdcnpal\htdocs\public_html\core\dbclass.php on line 69
[2026-07-06 18:09:37] Creation of dynamic property dbclass::$app is deprecated in C:\xampp\Desktop\mdcnpal\htdocs\public_html\core\dbclass.php on line 75
[2026-07-06 18:09:37] Creation of dynamic property model::$foreign_tables is deprecated in C:\xampp\Desktop\mdcnpal\htdocs\public_html\core\model.php on line 43
[2026-07-06 18:09:37] Creation of dynamic property app::$inputfilter is deprecated in C:\xampp\Desktop\mdcnpal\htdocs\public_html\core\app.php on line 123
[2026-07-06 18:09:37] Creation of dynamic property app::$userconfig is deprecated in C:\xampp\Desktop\mdcnpal\htdocs\public_html\core\app.php on line 124
[2026-07-06 18:09:37] Creation of dynamic property app::$global_include is deprecated in C:\xampp\Desktop\mdcnpal\htdocs\public_html\core\app.php on line 125
[2026-07-06 18:09:37] Creation of dynamic property app::$set_cache_time is deprecated in C:\xampp\Desktop\mdcnpal\htdocs\public_html\core\app.php on line 153
[2026-07-06 18:09:37] Creation of dynamic property app::$meta is deprecated in C:\xampp\Desktop\mdcnpal\htdocs\public_html\core\app.php on line 434
[2026-07-06 18:09:37] Creation of dynamic property app::$rs_gs_city is deprecated in C:\xampp\Desktop\mdcnpal\htdocs\public_html\core\app.php on line 434
[2026-07-06 18:09:37] Creation of dynamic property app::$rs_footer_popular_item is deprecated in C:\xampp\Desktop\mdcnpal\htdocs\public_html\core\app.php on line 434
[2026-07-06 18:09:37] Creation of dynamic property app::$rs_footer_popular_test is deprecated in C:\xampp\Desktop\mdcnpal\htdocs\public_html\core\app.php on line 434
[2026-07-06 18:09:37] Creation of dynamic property app::$rs_testimonial is deprecated in C:\xampp\Desktop\mdcnpal\htdocs\public_html\core\app.php on line 434
[2026-07-06 18:09:37] Creation of dynamic property app::$admin is deprecated in C:\xampp\Desktop\mdcnpal\htdocs\public_html\core\app.php on line 434
[2026-07-06 18:09:37] Undefined array key 0 in C:\xampp\Desktop\mdcnpal\htdocs\public_html\core\global_include.php on line 514
[2026-07-06 18:09:37] Creation of dynamic property app::$popup is deprecated in C:\xampp\Desktop\mdcnpal\htdocs\public_html\core\app.php on line 434
[2026-07-06 18:09:37] Undefined array key "MDRCCustID" in C:\xampp\Desktop\mdcnpal\htdocs\public_html\core\global_include.php on line 515
[2026-07-06 18:09:37] Undefined array key "MDRCToken" in C:\xampp\Desktop\mdcnpal\htdocs\public_html\core\global_include.php on line 515
[2026-07-06 18:09:37] Creation of dynamic property app::$rscategory is deprecated in C:\xampp\Desktop\mdcnpal\htdocs\public_html\core\app.php on line 434
[2026-07-06 18:09:37] Creation of dynamic property app::$rs_pages is deprecated in C:\xampp\Desktop\mdcnpal\htdocs\public_html\core\app.php on line 434
[2026-07-06 18:09:37] Creation of dynamic property app::$gs is deprecated in C:\xampp\Desktop\mdcnpal\htdocs\public_html\core\app.php on line 434
[2026-07-06 18:09:37] Undefined array key "MDRCCustID" in C:\xampp\Desktop\mdcnpal\htdocs\public_html\core\global_include.php on line 596
[2026-07-06 18:09:37] Undefined array key "MDRCCustID" in C:\xampp\Desktop\mdcnpal\htdocs\public_html\core\global_include.php on line 615
[2026-07-06 18:09:37] Undefined variable $getId in C:\xampp\Desktop\mdcnpal\htdocs\public_html\core\global_include.php on line 684
[2026-07-06 18:09:37] Undefined variable $getName in C:\xampp\Desktop\mdcnpal\htdocs\public_html\core\global_include.php on line 685
[2026-07-06 18:09:37] Undefined array key 0 in C:\xampp\Desktop\mdcnpal\htdocs\public_html\core\global_include.php on line 810
[2026-07-06 18:09:37] Creation of dynamic property app::$rs_offer_msg is deprecated in C:\xampp\Desktop\mdcnpal\htdocs\public_html\core\app.php on line 434
[2026-07-06 18:09:37] Creation of dynamic property app::$rs_for_doctors is deprecated in C:\xampp\Desktop\mdcnpal\htdocs\public_html\core\app.php on line 434
[2026-07-06 18:09:37] Undefined property: app::$rs_cartmini in C:\xampp\Desktop\mdcnpal\htdocs\public_html\includes\header.php on line 131
[2026-07-06 18:09:37] Undefined array key "MDRCCustID" in C:\xampp\Desktop\mdcnpal\htdocs\public_html\includes\header.php on line 134
[2026-07-06 18:09:37] Undefined property: app::$rs_cartmini in C:\xampp\Desktop\mdcnpal\htdocs\public_html\includes\header.php on line 197
[2026-07-06 18:09:37] Undefined array key "MDRCCustID" in C:\xampp\Desktop\mdcnpal\htdocs\public_html\includes\header.php on line 200
[2026-07-06 18:09:37] Undefined property: app::$rs_cartmini in C:\xampp\Desktop\mdcnpal\htdocs\public_html\includes\header.php on line 469
[2026-07-06 18:09:37] Undefined array key "MDRCCustID" in C:\xampp\Desktop\mdcnpal\htdocs\public_html\includes\header.php on line 472
[2026-07-06 18:09:37] Undefined property: app::$rs_cartmini in C:\xampp\Desktop\mdcnpal\htdocs\public_html\includes\header.php on line 525
[2026-07-06 18:09:37] Undefined array key "MDRCCustID" in C:\xampp\Desktop\mdcnpal\htdocs\public_html\includes\header.php on line 528
[2026-07-06 18:09:37] Undefined property: app::$rs_customer in C:\xampp\Desktop\mdcnpal\htdocs\public_html\includes\header.php on line 712
[2026-07-06 18:09:37] Trying to access array offset on value of type null in C:\xampp\Desktop\mdcnpal\htdocs\public_html\includes\header.php on line 712
[2026-07-06 18:09:37] Undefined property: app::$rs_customer in C:\xampp\Desktop\mdcnpal\htdocs\public_html\includes\header.php on line 721
[2026-07-06 18:09:37] Trying to access array offset on value of type null in C:\xampp\Desktop\mdcnpal\htdocs\public_html\includes\header.php on line 721
[2026-07-06 18:09:37] Undefined property: app::$rs_customer in C:\xampp\Desktop\mdcnpal\htdocs\public_html\includes\header.php on line 730
[2026-07-06 18:09:37] Trying to access array offset on value of type null in C:\xampp\Desktop\mdcnpal\htdocs\public_html\includes\header.php on line 730
[2026-07-06 18:09:37] Undefined property: app::$rs_customer in C:\xampp\Desktop\mdcnpal\htdocs\public_html\includes\header.php on line 739
[2026-07-06 18:09:37] Trying to access array offset on value of type null in C:\xampp\Desktop\mdcnpal\htdocs\public_html\includes\header.php on line 739
[2026-07-06 18:09:37] Undefined property: app::$rs_customer in C:\xampp\Desktop\mdcnpal\htdocs\public_html\includes\footer.php on line 357
[2026-07-06 18:09:37] Trying to access array offset on value of type null in C:\xampp\Desktop\mdcnpal\htdocs\public_html\includes\footer.php on line 357
[2026-07-06 18:09:37] Undefined property: app::$rs_customer in C:\xampp\Desktop\mdcnpal\htdocs\public_html\includes\footer.php on line 366
[2026-07-06 18:09:37] Trying to access array offset on value of type null in C:\xampp\Desktop\mdcnpal\htdocs\public_html\includes\footer.php on line 366
[2026-07-06 18:09:37] Undefined property: app::$rs_customer in C:\xampp\Desktop\mdcnpal\htdocs\public_html\includes\footer.php on line 372
[2026-07-06 18:09:37] Trying to access array offset on value of type null in C:\xampp\Desktop\mdcnpal\htdocs\public_html\includes\footer.php on line 372
[2026-07-06 18:09:37] Undefined property: app::$rs_customer in C:\xampp\Desktop\mdcnpal\htdocs\public_html\includes\general_data.php on line 88
[2026-07-06 18:09:37] Trying to access array offset on value of type null in C:\xampp\Desktop\mdcnpal\htdocs\public_html\includes\general_data.php on line 88
[2026-07-06 18:09:37] Undefined array key "MDRCCustID" in C:\xampp\Desktop\mdcnpal\htdocs\public_html\includes\general_data.php on line 88
[2026-07-06 18:09:37] Undefined variable $tmpStr in C:\xampp\Desktop\mdcnpal\htdocs\public_html\core\app.php on line 971
[2026-07-06 18:09:37] Creation of dynamic property dbclass::$RECORD_SET is deprecated in C:\xampp\Desktop\mdcnpal\htdocs\public_html\core\dbclass.php on line 69
[2026-07-06 18:09:37] Creation of dynamic property dbclass::$app is deprecated in C:\xampp\Desktop\mdcnpal\htdocs\public_html\core\dbclass.php on line 75
[2026-07-06 18:09:37] Creation of dynamic property model::$foreign_tables is deprecated in C:\xampp\Desktop\mdcnpal\htdocs\public_html\core\model.php on line 43
[2026-07-06 18:09:37] Creation of dynamic property app::$inputfilter is deprecated in C:\xampp\Desktop\mdcnpal\htdocs\public_html\core\app.php on line 123
[2026-07-06 18:09:37] Creation of dynamic property app::$userconfig is deprecated in C:\xampp\Desktop\mdcnpal\htdocs\public_html\core\app.php on line 124
[2026-07-06 18:09:37] Creation of dynamic property app::$global_include is deprecated in C:\xampp\Desktop\mdcnpal\htdocs\public_html\core\app.php on line 125
[2026-07-06 18:09:37] Creation of dynamic property app::$set_cache_time is deprecated in C:\xampp\Desktop\mdcnpal\htdocs\public_html\core\app.php on line 153
[2026-07-06 18:09:37] Creation of dynamic property app::$meta is deprecated in C:\xampp\Desktop\mdcnpal\htdocs\public_html\core\app.php on line 434
[2026-07-06 18:09:37] Creation of dynamic property app::$rs_gs_city is deprecated in C:\xampp\Desktop\mdcnpal\htdocs\public_html\core\app.php on line 434
[2026-07-06 18:09:37] Creation of dynamic property app::$rs_footer_popular_item is deprecated in C:\xampp\Desktop\mdcnpal\htdocs\public_html\core\app.php on line 434
[2026-07-06 18:09:37] Creation of dynamic property app::$rs_footer_popular_test is deprecated in C:\xampp\Desktop\mdcnpal\htdocs\public_html\core\app.php on line 434
[2026-07-06 18:09:37] Creation of dynamic property app::$rs_testimonial is deprecated in C:\xampp\Desktop\mdcnpal\htdocs\public_html\core\app.php on line 434
[2026-07-06 18:09:37] Creation of dynamic property app::$admin is deprecated in C:\xampp\Desktop\mdcnpal\htdocs\public_html\core\app.php on line 434
[2026-07-06 18:09:37] Undefined array key 0 in C:\xampp\Desktop\mdcnpal\htdocs\public_html\core\global_include.php on line 514
[2026-07-06 18:09:37] Creation of dynamic property app::$popup is deprecated in C:\xampp\Desktop\mdcnpal\htdocs\public_html\core\app.php on line 434
[2026-07-06 18:09:37] Undefined array key "MDRCCustID" in C:\xampp\Desktop\mdcnpal\htdocs\public_html\core\global_include.php on line 515
[2026-07-06 18:09:37] Undefined array key "MDRCToken" in C:\xampp\Desktop\mdcnpal\htdocs\public_html\core\global_include.php on line 515
[2026-07-06 18:09:37] Creation of dynamic property app::$rscategory is deprecated in C:\xampp\Desktop\mdcnpal\htdocs\public_html\core\app.php on line 434
[2026-07-06 18:09:37] Creation of dynamic property app::$rs_pages is deprecated in C:\xampp\Desktop\mdcnpal\htdocs\public_html\core\app.php on line 434
[2026-07-06 18:09:38] Creation of dynamic property app::$gs is deprecated in C:\xampp\Desktop\mdcnpal\htdocs\public_html\core\app.php on line 434
[2026-07-06 18:09:38] Undefined array key "MDRCCustID" in C:\xampp\Desktop\mdcnpal\htdocs\public_html\core\global_include.php on line 596
[2026-07-06 18:09:38] Undefined array key "MDRCCustID" in C:\xampp\Desktop\mdcnpal\htdocs\public_html\core\global_include.php on line 615
[2026-07-06 18:09:38] Undefined variable $getId in C:\xampp\Desktop\mdcnpal\htdocs\public_html\core\global_include.php on line 684
[2026-07-06 18:09:38] Undefined variable $getName in C:\xampp\Desktop\mdcnpal\htdocs\public_html\core\global_include.php on line 685
[2026-07-06 18:09:38] Undefined array key 0 in C:\xampp\Desktop\mdcnpal\htdocs\public_html\core\global_include.php on line 810
[2026-07-06 18:09:38] Creation of dynamic property app::$rs_offer_msg is deprecated in C:\xampp\Desktop\mdcnpal\htdocs\public_html\core\app.php on line 434
[2026-07-06 18:09:38] Creation of dynamic property app::$rs_for_doctors is deprecated in C:\xampp\Desktop\mdcnpal\htdocs\public_html\core\app.php on line 434
[2026-07-06 18:09:38] Undefined property: app::$rs_cartmini in C:\xampp\Desktop\mdcnpal\htdocs\public_html\includes\header.php on line 131
[2026-07-06 18:09:38] Undefined array key "MDRCCustID" in C:\xampp\Desktop\mdcnpal\htdocs\public_html\includes\header.php on line 134
[2026-07-06 18:09:38] Undefined property: app::$rs_cartmini in C:\xampp\Desktop\mdcnpal\htdocs\public_html\includes\header.php on line 197
[2026-07-06 18:09:38] Undefined array key "MDRCCustID" in C:\xampp\Desktop\mdcnpal\htdocs\public_html\includes\header.php on line 200
[2026-07-06 18:09:38] Undefined property: app::$rs_cartmini in C:\xampp\Desktop\mdcnpal\htdocs\public_html\includes\header.php on line 469
[2026-07-06 18:09:38] Undefined array key "MDRCCustID" in C:\xampp\Desktop\mdcnpal\htdocs\public_html\includes\header.php on line 472
[2026-07-06 18:09:38] Undefined property: app::$rs_cartmini in C:\xampp\Desktop\mdcnpal\htdocs\public_html\includes\header.php on line 525
[2026-07-06 18:09:38] Undefined array key "MDRCCustID" in C:\xampp\Desktop\mdcnpal\htdocs\public_html\includes\header.php on line 528
[2026-07-06 18:09:38] Undefined property: app::$rs_customer in C:\xampp\Desktop\mdcnpal\htdocs\public_html\includes\header.php on line 712
[2026-07-06 18:09:38] Trying to access array offset on value of type null in C:\xampp\Desktop\mdcnpal\htdocs\public_html\includes\header.php on line 712
[2026-07-06 18:09:38] Undefined property: app::$rs_customer in C:\xampp\Desktop\mdcnpal\htdocs\public_html\includes\header.php on line 721
[2026-07-06 18:09:38] Trying to access array offset on value of type null in C:\xampp\Desktop\mdcnpal\htdocs\public_html\includes\header.php on line 721
[2026-07-06 18:09:38] Undefined property: app::$rs_customer in C:\xampp\Desktop\mdcnpal\htdocs\public_html\includes\header.php on line 730
[2026-07-06 18:09:38] Trying to access array offset on value of type null in C:\xampp\Desktop\mdcnpal\htdocs\public_html\includes\header.php on line 730
[2026-07-06 18:09:38] Undefined property: app::$rs_customer in C:\xampp\Desktop\mdcnpal\htdocs\public_html\includes\header.php on line 739
[2026-07-06 18:09:38] Trying to access array offset on value of type null in C:\xampp\Desktop\mdcnpal\htdocs\public_html\includes\header.php on line 739
[2026-07-06 18:09:38] Undefined property: app::$rs_customer in C:\xampp\Desktop\mdcnpal\htdocs\public_html\includes\footer.php on line 357
[2026-07-06 18:09:38] Trying to access array offset on value of type null in C:\xampp\Desktop\mdcnpal\htdocs\public_html\includes\footer.php on line 357
[2026-07-06 18:09:38] Undefined property: app::$rs_customer in C:\xampp\Desktop\mdcnpal\htdocs\public_html\includes\footer.php on line 366
[2026-07-06 18:09:38] Trying to access array offset on value of type null in C:\xampp\Desktop\mdcnpal\htdocs\public_html\includes\footer.php on line 366
[2026-07-06 18:09:38] Undefined property: app::$rs_customer in C:\xampp\Desktop\mdcnpal\htdocs\public_html\includes\footer.php on line 372
[2026-07-06 18:09:38] Trying to access array offset on value of type null in C:\xampp\Desktop\mdcnpal\htdocs\public_html\includes\footer.php on line 372
[2026-07-06 18:09:38] Undefined property: app::$rs_customer in C:\xampp\Desktop\mdcnpal\htdocs\public_html\includes\general_data.php on line 88
[2026-07-06 18:09:38] Trying to access array offset on value of type null in C:\xampp\Desktop\mdcnpal\htdocs\public_html\includes\general_data.php on line 88
[2026-07-06 18:09:38] Undefined array key "MDRCCustID" in C:\xampp\Desktop\mdcnpal\htdocs\public_html\includes\general_data.php on line 88
[2026-07-06 18:09:38] Undefined variable $tmpStr in C:\xampp\Desktop\mdcnpal\htdocs\public_html\core\app.php on line 971
[2026-07-06 18:09:38] Creation of dynamic property dbclass::$RECORD_SET is deprecated in C:\xampp\Desktop\mdcnpal\htdocs\public_html\core\dbclass.php on line 69
[2026-07-06 18:09:38] Creation of dynamic property dbclass::$app is deprecated in C:\xampp\Desktop\mdcnpal\htdocs\public_html\core\dbclass.php on line 75
[2026-07-06 18:09:38] Creation of dynamic property model::$foreign_tables is deprecated in C:\xampp\Desktop\mdcnpal\htdocs\public_html\core\model.php on line 43
[2026-07-06 18:09:38] Creation of dynamic property app::$inputfilter is deprecated in C:\xampp\Desktop\mdcnpal\htdocs\public_html\core\app.php on line 123
[2026-07-06 18:09:38] Creation of dynamic property app::$userconfig is deprecated in C:\xampp\Desktop\mdcnpal\htdocs\public_html\core\app.php on line 124
[2026-07-06 18:09:38] Creation of dynamic property app::$global_include is deprecated in C:\xampp\Desktop\mdcnpal\htdocs\public_html\core\app.php on line 125
[2026-07-06 18:09:38] Creation of dynamic property app::$set_cache_time is deprecated in C:\xampp\Desktop\mdcnpal\htdocs\public_html\core\app.php on line 153
[2026-07-06 18:09:38] Creation of dynamic property app::$meta is deprecated in C:\xampp\Desktop\mdcnpal\htdocs\public_html\core\app.php on line 434
[2026-07-06 18:09:38] Creation of dynamic property app::$rs_gs_city is deprecated in C:\xampp\Desktop\mdcnpal\htdocs\public_html\core\app.php on line 434
[2026-07-06 18:09:38] Creation of dynamic property app::$rs_footer_popular_item is deprecated in C:\xampp\Desktop\mdcnpal\htdocs\public_html\core\app.php on line 434
[2026-07-06 18:09:38] Creation of dynamic property app::$rs_footer_popular_test is deprecated in C:\xampp\Desktop\mdcnpal\htdocs\public_html\core\app.php on line 434
[2026-07-06 18:09:38] Creation of dynamic property app::$rs_testimonial is deprecated in C:\xampp\Desktop\mdcnpal\htdocs\public_html\core\app.php on line 434
[2026-07-06 18:09:38] Creation of dynamic property app::$admin is deprecated in C:\xampp\Desktop\mdcnpal\htdocs\public_html\core\app.php on line 434
[2026-07-06 18:09:38] Undefined array key 0 in C:\xampp\Desktop\mdcnpal\htdocs\public_html\core\global_include.php on line 514
[2026-07-06 18:09:38] Creation of dynamic property app::$popup is deprecated in C:\xampp\Desktop\mdcnpal\htdocs\public_html\core\app.php on line 434
[2026-07-06 18:09:38] Undefined array key "MDRCCustID" in C:\xampp\Desktop\mdcnpal\htdocs\public_html\core\global_include.php on line 515
[2026-07-06 18:09:38] Undefined array key "MDRCToken" in C:\xampp\Desktop\mdcnpal\htdocs\public_html\core\global_include.php on line 515
[2026-07-06 18:09:38] Creation of dynamic property app::$rscategory is deprecated in C:\xampp\Desktop\mdcnpal\htdocs\public_html\core\app.php on line 434
[2026-07-06 18:09:38] Creation of dynamic property app::$rs_pages is deprecated in C:\xampp\Desktop\mdcnpal\htdocs\public_html\core\app.php on line 434
[2026-07-06 18:09:38] Creation of dynamic property app::$gs is deprecated in C:\xampp\Desktop\mdcnpal\htdocs\public_html\core\app.php on line 434
[2026-07-06 18:09:38] Undefined array key "MDRCCustID" in C:\xampp\Desktop\mdcnpal\htdocs\public_html\core\global_include.php on line 596
[2026-07-06 18:09:38] Undefined array key "MDRCCustID" in C:\xampp\Desktop\mdcnpal\htdocs\public_html\core\global_include.php on line 615
[2026-07-06 18:09:38] Undefined variable $getId in C:\xampp\Desktop\mdcnpal\htdocs\public_html\core\global_include.php on line 684
[2026-07-06 18:09:38] Undefined variable $getName in C:\xampp\Desktop\mdcnpal\htdocs\public_html\core\global_include.php on line 685
[2026-07-06 18:09:38] Undefined array key 0 in C:\xampp\Desktop\mdcnpal\htdocs\public_html\core\global_include.php on line 810
[2026-07-06 18:09:38] Creation of dynamic property app::$rs_offer_msg is deprecated in C:\xampp\Desktop\mdcnpal\htdocs\public_html\core\app.php on line 434
[2026-07-06 18:09:38] Creation of dynamic property app::$rs_for_doctors is deprecated in C:\xampp\Desktop\mdcnpal\htdocs\public_html\core\app.php on line 434
[2026-07-06 18:09:38] Undefined property: app::$rs_cartmini in C:\xampp\Desktop\mdcnpal\htdocs\public_html\includes\header.php on line 131
[2026-07-06 18:09:38] Undefined array key "MDRCCustID" in C:\xampp\Desktop\mdcnpal\htdocs\public_html\includes\header.php on line 134
[2026-07-06 18:09:38] Undefined property: app::$rs_cartmini in C:\xampp\Desktop\mdcnpal\htdocs\public_html\includes\header.php on line 197
[2026-07-06 18:09:38] Undefined array key "MDRCCustID" in C:\xampp\Desktop\mdcnpal\htdocs\public_html\includes\header.php on line 200
[2026-07-06 18:09:38] Undefined property: app::$rs_cartmini in C:\xampp\Desktop\mdcnpal\htdocs\public_html\includes\header.php on line 469
[2026-07-06 18:09:38] Undefined array key "MDRCCustID" in C:\xampp\Desktop\mdcnpal\htdocs\public_html\includes\header.php on line 472
[2026-07-06 18:09:38] Undefined property: app::$rs_cartmini in C:\xampp\Desktop\mdcnpal\htdocs\public_html\includes\header.php on line 525
[2026-07-06 18:09:38] Undefined array key "MDRCCustID" in C:\xampp\Desktop\mdcnpal\htdocs\public_html\includes\header.php on line 528
[2026-07-06 18:09:38] Undefined property: app::$rs_customer in C:\xampp\Desktop\mdcnpal\htdocs\public_html\includes\header.php on line 712
[2026-07-06 18:09:38] Trying to access array offset on value of type null in C:\xampp\Desktop\mdcnpal\htdocs\public_html\includes\header.php on line 712
[2026-07-06 18:09:38] Undefined property: app::$rs_customer in C:\xampp\Desktop\mdcnpal\htdocs\public_html\includes\header.php on line 721
[2026-07-06 18:09:38] Trying to access array offset on value of type null in C:\xampp\Desktop\mdcnpal\htdocs\public_html\includes\header.php on line 721
[2026-07-06 18:09:38] Undefined property: app::$rs_customer in C:\xampp\Desktop\mdcnpal\htdocs\public_html\includes\header.php on line 730
[2026-07-06 18:09:38] Trying to access array offset on value of type null in C:\xampp\Desktop\mdcnpal\htdocs\public_html\includes\header.php on line 730
[2026-07-06 18:09:38] Undefined property: app::$rs_customer in C:\xampp\Desktop\mdcnpal\htdocs\public_html\includes\header.php on line 739
[2026-07-06 18:09:38] Trying to access array offset on value of type null in C:\xampp\Desktop\mdcnpal\htdocs\public_html\includes\header.php on line 739
[2026-07-06 18:09:38] Undefined property: app::$rs_customer in C:\xampp\Desktop\mdcnpal\htdocs\public_html\includes\footer.php on line 357
[2026-07-06 18:09:38] Trying to access array offset on value of type null in C:\xampp\Desktop\mdcnpal\htdocs\public_html\includes\footer.php on line 357
[2026-07-06 18:09:38] Undefined property: app::$rs_customer in C:\xampp\Desktop\mdcnpal\htdocs\public_html\includes\footer.php on line 366
[2026-07-06 18:09:38] Trying to access array offset on value of type null in C:\xampp\Desktop\mdcnpal\htdocs\public_html\includes\footer.php on line 366
[2026-07-06 18:09:38] Undefined property: app::$rs_customer in C:\xampp\Desktop\mdcnpal\htdocs\public_html\includes\footer.php on line 372
[2026-07-06 18:09:38] Trying to access array offset on value of type null in C:\xampp\Desktop\mdcnpal\htdocs\public_html\includes\footer.php on line 372
[2026-07-06 18:09:38] Undefined property: app::$rs_customer in C:\xampp\Desktop\mdcnpal\htdocs\public_html\includes\general_data.php on line 88
[2026-07-06 18:09:38] Trying to access array offset on value of type null in C:\xampp\Desktop\mdcnpal\htdocs\public_html\includes\general_data.php on line 88
[2026-07-06 18:09:38] Undefined array key "MDRCCustID" in C:\xampp\Desktop\mdcnpal\htdocs\public_html\includes\general_data.php on line 88
[2026-07-06 18:09:38] Undefined variable $tmpStr in C:\xampp\Desktop\mdcnpal\htdocs\public_html\core\app.php on line 971
[2026-07-06 18:09:38] Creation of dynamic property dbclass::$RECORD_SET is deprecated in C:\xampp\Desktop\mdcnpal\htdocs\public_html\core\dbclass.php on line 69
[2026-07-06 18:09:38] Creation of dynamic property dbclass::$app is deprecated in C:\xampp\Desktop\mdcnpal\htdocs\public_html\core\dbclass.php on line 75
[2026-07-06 18:09:38] Creation of dynamic property model::$foreign_tables is deprecated in C:\xampp\Desktop\mdcnpal\htdocs\public_html\core\model.php on line 43
[2026-07-06 18:09:38] Creation of dynamic property app::$inputfilter is deprecated in C:\xampp\Desktop\mdcnpal\htdocs\public_html\core\app.php on line 123
[2026-07-06 18:09:38] Creation of dynamic property app::$userconfig is deprecated in C:\xampp\Desktop\mdcnpal\htdocs\public_html\core\app.php on line 124
[2026-07-06 18:09:38] Creation of dynamic property app::$global_include is deprecated in C:\xampp\Desktop\mdcnpal\htdocs\public_html\core\app.php on line 125
[2026-07-06 18:09:38] Creation of dynamic property app::$set_cache_time is deprecated in C:\xampp\Desktop\mdcnpal\htdocs\public_html\core\app.php on line 153
[2026-07-06 18:09:38] Creation of dynamic property app::$meta is deprecated in C:\xampp\Desktop\mdcnpal\htdocs\public_html\core\app.php on line 434
[2026-07-06 18:09:39] Creation of dynamic property app::$rs_gs_city is deprecated in C:\xampp\Desktop\mdcnpal\htdocs\public_html\core\app.php on line 434
[2026-07-06 18:09:39] Creation of dynamic property app::$rs_footer_popular_item is deprecated in C:\xampp\Desktop\mdcnpal\htdocs\public_html\core\app.php on line 434
[2026-07-06 18:09:39] Creation of dynamic property app::$rs_footer_popular_test is deprecated in C:\xampp\Desktop\mdcnpal\htdocs\public_html\core\app.php on line 434
[2026-07-06 18:09:39] Creation of dynamic property app::$rs_testimonial is deprecated in C:\xampp\Desktop\mdcnpal\htdocs\public_html\core\app.php on line 434
[2026-07-06 18:09:39] Creation of dynamic property app::$admin is deprecated in C:\xampp\Desktop\mdcnpal\htdocs\public_html\core\app.php on line 434
[2026-07-06 18:09:39] Undefined array key 0 in C:\xampp\Desktop\mdcnpal\htdocs\public_html\core\global_include.php on line 514
[2026-07-06 18:09:39] Creation of dynamic property app::$popup is deprecated in C:\xampp\Desktop\mdcnpal\htdocs\public_html\core\app.php on line 434
[2026-07-06 18:09:39] Undefined array key "MDRCCustID" in C:\xampp\Desktop\mdcnpal\htdocs\public_html\core\global_include.php on line 515
[2026-07-06 18:09:39] Undefined array key "MDRCToken" in C:\xampp\Desktop\mdcnpal\htdocs\public_html\core\global_include.php on line 515
[2026-07-06 18:09:39] Creation of dynamic property app::$rscategory is deprecated in C:\xampp\Desktop\mdcnpal\htdocs\public_html\core\app.php on line 434
[2026-07-06 18:09:39] Creation of dynamic property app::$rs_pages is deprecated in C:\xampp\Desktop\mdcnpal\htdocs\public_html\core\app.php on line 434
[2026-07-06 18:09:39] Creation of dynamic property app::$gs is deprecated in C:\xampp\Desktop\mdcnpal\htdocs\public_html\core\app.php on line 434
[2026-07-06 18:09:39] Undefined array key "MDRCCustID" in C:\xampp\Desktop\mdcnpal\htdocs\public_html\core\global_include.php on line 596
[2026-07-06 18:09:39] Undefined array key "MDRCCustID" in C:\xampp\Desktop\mdcnpal\htdocs\public_html\core\global_include.php on line 615
[2026-07-06 18:09:39] Undefined variable $getId in C:\xampp\Desktop\mdcnpal\htdocs\public_html\core\global_include.php on line 684
[2026-07-06 18:09:39] Undefined variable $getName in C:\xampp\Desktop\mdcnpal\htdocs\public_html\core\global_include.php on line 685
[2026-07-06 18:09:39] Undefined array key 0 in C:\xampp\Desktop\mdcnpal\htdocs\public_html\core\global_include.php on line 810
[2026-07-06 18:09:39] Creation of dynamic property app::$rs_offer_msg is deprecated in C:\xampp\Desktop\mdcnpal\htdocs\public_html\core\app.php on line 434
[2026-07-06 18:09:39] Creation of dynamic property app::$rs_for_doctors is deprecated in C:\xampp\Desktop\mdcnpal\htdocs\public_html\core\app.php on line 434
[2026-07-06 18:09:39] Undefined property: app::$rs_cartmini in C:\xampp\Desktop\mdcnpal\htdocs\public_html\includes\header.php on line 131
[2026-07-06 18:09:39] Undefined array key "MDRCCustID" in C:\xampp\Desktop\mdcnpal\htdocs\public_html\includes\header.php on line 134
[2026-07-06 18:09:39] Undefined property: app::$rs_cartmini in C:\xampp\Desktop\mdcnpal\htdocs\public_html\includes\header.php on line 197
[2026-07-06 18:09:39] Undefined array key "MDRCCustID" in C:\xampp\Desktop\mdcnpal\htdocs\public_html\includes\header.php on line 200
[2026-07-06 18:09:39] Undefined property: app::$rs_cartmini in C:\xampp\Desktop\mdcnpal\htdocs\public_html\includes\header.php on line 469
[2026-07-06 18:09:39] Undefined array key "MDRCCustID" in C:\xampp\Desktop\mdcnpal\htdocs\public_html\includes\header.php on line 472
[2026-07-06 18:09:39] Undefined property: app::$rs_cartmini in C:\xampp\Desktop\mdcnpal\htdocs\public_html\includes\header.php on line 525
[2026-07-06 18:09:39] Undefined array key "MDRCCustID" in C:\xampp\Desktop\mdcnpal\htdocs\public_html\includes\header.php on line 528
[2026-07-06 18:09:39] Undefined property: app::$rs_customer in C:\xampp\Desktop\mdcnpal\htdocs\public_html\includes\header.php on line 712
[2026-07-06 18:09:39] Trying to access array offset on value of type null in C:\xampp\Desktop\mdcnpal\htdocs\public_html\includes\header.php on line 712
[2026-07-06 18:09:39] Undefined property: app::$rs_customer in C:\xampp\Desktop\mdcnpal\htdocs\public_html\includes\header.php on line 721
[2026-07-06 18:09:39] Trying to access array offset on value of type null in C:\xampp\Desktop\mdcnpal\htdocs\public_html\includes\header.php on line 721
[2026-07-06 18:09:39] Undefined property: app::$rs_customer in C:\xampp\Desktop\mdcnpal\htdocs\public_html\includes\header.php on line 730
[2026-07-06 18:09:39] Trying to access array offset on value of type null in C:\xampp\Desktop\mdcnpal\htdocs\public_html\includes\header.php on line 730
[2026-07-06 18:09:39] Undefined property: app::$rs_customer in C:\xampp\Desktop\mdcnpal\htdocs\public_html\includes\header.php on line 739
[2026-07-06 18:09:39] Trying to access array offset on value of type null in C:\xampp\Desktop\mdcnpal\htdocs\public_html\includes\header.php on line 739
[2026-07-06 18:09:39] Undefined property: app::$rs_customer in C:\xampp\Desktop\mdcnpal\htdocs\public_html\includes\footer.php on line 357
[2026-07-06 18:09:39] Trying to access array offset on value of type null in C:\xampp\Desktop\mdcnpal\htdocs\public_html\includes\footer.php on line 357
[2026-07-06 18:09:39] Undefined property: app::$rs_customer in C:\xampp\Desktop\mdcnpal\htdocs\public_html\includes\footer.php on line 366
[2026-07-06 18:09:39] Trying to access array offset on value of type null in C:\xampp\Desktop\mdcnpal\htdocs\public_html\includes\footer.php on line 366
[2026-07-06 18:09:39] Undefined property: app::$rs_customer in C:\xampp\Desktop\mdcnpal\htdocs\public_html\includes\footer.php on line 372
[2026-07-06 18:09:39] Trying to access array offset on value of type null in C:\xampp\Desktop\mdcnpal\htdocs\public_html\includes\footer.php on line 372
[2026-07-06 18:09:39] Undefined property: app::$rs_customer in C:\xampp\Desktop\mdcnpal\htdocs\public_html\includes\general_data.php on line 88
[2026-07-06 18:09:39] Trying to access array offset on value of type null in C:\xampp\Desktop\mdcnpal\htdocs\public_html\includes\general_data.php on line 88
[2026-07-06 18:09:39] Undefined array key "MDRCCustID" in C:\xampp\Desktop\mdcnpal\htdocs\public_html\includes\general_data.php on line 88
[2026-07-06 18:09:39] Undefined variable $tmpStr in C:\xampp\Desktop\mdcnpal\htdocs\public_html\core\app.php on line 971
[2026-07-06 18:09:39] Creation of dynamic property dbclass::$RECORD_SET is deprecated in C:\xampp\Desktop\mdcnpal\htdocs\public_html\core\dbclass.php on line 69
[2026-07-06 18:09:39] Creation of dynamic property dbclass::$app is deprecated in C:\xampp\Desktop\mdcnpal\htdocs\public_html\core\dbclass.php on line 75
[2026-07-06 18:09:39] Creation of dynamic property model::$foreign_tables is deprecated in C:\xampp\Desktop\mdcnpal\htdocs\public_html\core\model.php on line 43
[2026-07-06 18:09:39] Creation of dynamic property app::$inputfilter is deprecated in C:\xampp\Desktop\mdcnpal\htdocs\public_html\core\app.php on line 123
[2026-07-06 18:09:39] Creation of dynamic property app::$userconfig is deprecated in C:\xampp\Desktop\mdcnpal\htdocs\public_html\core\app.php on line 124
[2026-07-06 18:09:39] Creation of dynamic property app::$global_include is deprecated in C:\xampp\Desktop\mdcnpal\htdocs\public_html\core\app.php on line 125
[2026-07-06 18:09:39] Creation of dynamic property app::$set_cache_time is deprecated in C:\xampp\Desktop\mdcnpal\htdocs\public_html\core\app.php on line 153
[2026-07-06 18:09:39] Creation of dynamic property app::$meta is deprecated in C:\xampp\Desktop\mdcnpal\htdocs\public_html\core\app.php on line 434
[2026-07-06 18:09:39] Creation of dynamic property app::$rs_gs_city is deprecated in C:\xampp\Desktop\mdcnpal\htdocs\public_html\core\app.php on line 434
[2026-07-06 18:09:39] Creation of dynamic property app::$rs_footer_popular_item is deprecated in C:\xampp\Desktop\mdcnpal\htdocs\public_html\core\app.php on line 434
[2026-07-06 18:09:39] Creation of dynamic property app::$rs_footer_popular_test is deprecated in C:\xampp\Desktop\mdcnpal\htdocs\public_html\core\app.php on line 434
[2026-07-06 18:09:39] Creation of dynamic property app::$rs_testimonial is deprecated in C:\xampp\Desktop\mdcnpal\htdocs\public_html\core\app.php on line 434
[2026-07-06 18:09:39] Creation of dynamic property app::$admin is deprecated in C:\xampp\Desktop\mdcnpal\htdocs\public_html\core\app.php on line 434
[2026-07-06 18:09:39] Undefined array key 0 in C:\xampp\Desktop\mdcnpal\htdocs\public_html\core\global_include.php on line 514
[2026-07-06 18:09:39] Creation of dynamic property app::$popup is deprecated in C:\xampp\Desktop\mdcnpal\htdocs\public_html\core\app.php on line 434
[2026-07-06 18:09:39] Undefined array key "MDRCCustID" in C:\xampp\Desktop\mdcnpal\htdocs\public_html\core\global_include.php on line 515
[2026-07-06 18:09:39] Undefined array key "MDRCToken" in C:\xampp\Desktop\mdcnpal\htdocs\public_html\core\global_include.php on line 515
[2026-07-06 18:09:39] Creation of dynamic property app::$rscategory is deprecated in C:\xampp\Desktop\mdcnpal\htdocs\public_html\core\app.php on line 434
[2026-07-06 18:09:39] Creation of dynamic property app::$rs_pages is deprecated in C:\xampp\Desktop\mdcnpal\htdocs\public_html\core\app.php on line 434
[2026-07-06 18:09:39] Creation of dynamic property app::$gs is deprecated in C:\xampp\Desktop\mdcnpal\htdocs\public_html\core\app.php on line 434
[2026-07-06 18:09:39] Undefined array key "MDRCCustID" in C:\xampp\Desktop\mdcnpal\htdocs\public_html\core\global_include.php on line 596
[2026-07-06 18:09:39] Undefined array key "MDRCCustID" in C:\xampp\Desktop\mdcnpal\htdocs\public_html\core\global_include.php on line 615
[2026-07-06 18:09:39] Undefined variable $getId in C:\xampp\Desktop\mdcnpal\htdocs\public_html\core\global_include.php on line 684
[2026-07-06 18:09:39] Undefined variable $getName in C:\xampp\Desktop\mdcnpal\htdocs\public_html\core\global_include.php on line 685
[2026-07-06 18:09:39] Undefined array key 0 in C:\xampp\Desktop\mdcnpal\htdocs\public_html\core\global_include.php on line 810
[2026-07-06 18:09:39] Creation of dynamic property app::$rs_offer_msg is deprecated in C:\xampp\Desktop\mdcnpal\htdocs\public_html\core\app.php on line 434
[2026-07-06 18:09:39] Creation of dynamic property app::$rs_for_doctors is deprecated in C:\xampp\Desktop\mdcnpal\htdocs\public_html\core\app.php on line 434
[2026-07-06 18:09:39] Undefined property: app::$rs_cartmini in C:\xampp\Desktop\mdcnpal\htdocs\public_html\includes\header.php on line 131
[2026-07-06 18:09:39] Undefined array key "MDRCCustID" in C:\xampp\Desktop\mdcnpal\htdocs\public_html\includes\header.php on line 134
[2026-07-06 18:09:39] Undefined property: app::$rs_cartmini in C:\xampp\Desktop\mdcnpal\htdocs\public_html\includes\header.php on line 197
[2026-07-06 18:09:39] Undefined array key "MDRCCustID" in C:\xampp\Desktop\mdcnpal\htdocs\public_html\includes\header.php on line 200
[2026-07-06 18:09:39] Undefined property: app::$rs_cartmini in C:\xampp\Desktop\mdcnpal\htdocs\public_html\includes\header.php on line 469
[2026-07-06 18:09:39] Undefined array key "MDRCCustID" in C:\xampp\Desktop\mdcnpal\htdocs\public_html\includes\header.php on line 472
[2026-07-06 18:09:39] Undefined property: app::$rs_cartmini in C:\xampp\Desktop\mdcnpal\htdocs\public_html\includes\header.php on line 525
[2026-07-06 18:09:39] Undefined array key "MDRCCustID" in C:\xampp\Desktop\mdcnpal\htdocs\public_html\includes\header.php on line 528
[2026-07-06 18:09:39] Undefined property: app::$rs_customer in C:\xampp\Desktop\mdcnpal\htdocs\public_html\includes\header.php on line 712
[2026-07-06 18:09:39] Trying to access array offset on value of type null in C:\xampp\Desktop\mdcnpal\htdocs\public_html\includes\header.php on line 712
[2026-07-06 18:09:39] Undefined property: app::$rs_customer in C:\xampp\Desktop\mdcnpal\htdocs\public_html\includes\header.php on line 721
[2026-07-06 18:09:39] Trying to access array offset on value of type null in C:\xampp\Desktop\mdcnpal\htdocs\public_html\includes\header.php on line 721
[2026-07-06 18:09:39] Undefined property: app::$rs_customer in C:\xampp\Desktop\mdcnpal\htdocs\public_html\includes\header.php on line 730
[2026-07-06 18:09:39] Trying to access array offset on value of type null in C:\xampp\Desktop\mdcnpal\htdocs\public_html\includes\header.php on line 730
[2026-07-06 18:09:39] Undefined property: app::$rs_customer in C:\xampp\Desktop\mdcnpal\htdocs\public_html\includes\header.php on line 739
[2026-07-06 18:09:39] Trying to access array offset on value of type null in C:\xampp\Desktop\mdcnpal\htdocs\public_html\includes\header.php on line 739
[2026-07-06 18:09:39] Undefined property: app::$rs_cartmini in C:\xampp\Desktop\mdcnpal\htdocs\public_html\core\app.php(565) : eval()'d code on line 66
[06-Jul-2026 18:09:39 Asia/Kathmandu] PHP Fatal error:  Uncaught TypeError: count(): Argument #1 ($value) must be of type Countable|array, null given in C:\xampp\Desktop\mdcnpal\htdocs\public_html\core\app.php(565) : eval()'d code:66
Stack trace:
#0 C:\xampp\Desktop\mdcnpal\htdocs\public_html\core\app.php(565): eval()
#1 C:\xampp\Desktop\mdcnpal\htdocs\public_html\core\app.php(535): app->compile()
#2 C:\xampp\Desktop\mdcnpal\htdocs\public_html\core\app.php(516): app->package()
#3 C:\xampp\Desktop\mdcnpal\htdocs\public_html\index.php(6): app->execute()
#4 {main}
  thrown in C:\xampp\Desktop\mdcnpal\htdocs\public_html\core\app.php(565) : eval()'d code on line 66
[2026-07-06 18:09:40] Creation of dynamic property dbclass::$RECORD_SET is deprecated in C:\xampp\Desktop\mdcnpal\htdocs\public_html\core\dbclass.php on line 69
[2026-07-06 18:09:40] Creation of dynamic property dbclass::$app is deprecated in C:\xampp\Desktop\mdcnpal\htdocs\public_html\core\dbclass.php on line 75
[2026-07-06 18:09:40] Creation of dynamic property model::$foreign_tables is deprecated in C:\xampp\Desktop\mdcnpal\htdocs\public_html\core\model.php on line 43
[2026-07-06 18:09:40] Creation of dynamic property app::$inputfilter is deprecated in C:\xampp\Desktop\mdcnpal\htdocs\public_html\core\app.php on line 123
[2026-07-06 18:09:40] Creation of dynamic property app::$userconfig is deprecated in C:\xampp\Desktop\mdcnpal\htdocs\public_html\core\app.php on line 124
[2026-07-06 18:09:40] Creation of dynamic property app::$global_include is deprecated in C:\xampp\Desktop\mdcnpal\htdocs\public_html\core\app.php on line 125
[2026-07-06 18:09:40] Creation of dynamic property app::$set_cache_time is deprecated in C:\xampp\Desktop\mdcnpal\htdocs\public_html\core\app.php on line 153
[2026-07-06 18:09:40] Creation of dynamic property app::$meta is deprecated in C:\xampp\Desktop\mdcnpal\htdocs\public_html\core\app.php on line 434
[2026-07-06 18:09:40] Creation of dynamic property app::$rs_gs_city is deprecated in C:\xampp\Desktop\mdcnpal\htdocs\public_html\core\app.php on line 434
[2026-07-06 18:09:40] Creation of dynamic property app::$rs_footer_popular_item is deprecated in C:\xampp\Desktop\mdcnpal\htdocs\public_html\core\app.php on line 434
[2026-07-06 18:09:40] Creation of dynamic property app::$rs_footer_popular_test is deprecated in C:\xampp\Desktop\mdcnpal\htdocs\public_html\core\app.php on line 434
[2026-07-06 18:09:40] Creation of dynamic property app::$rs_testimonial is deprecated in C:\xampp\Desktop\mdcnpal\htdocs\public_html\core\app.php on line 434
[2026-07-06 18:09:40] Creation of dynamic property app::$admin is deprecated in C:\xampp\Desktop\mdcnpal\htdocs\public_html\core\app.php on line 434
[2026-07-06 18:09:40] Undefined array key 0 in C:\xampp\Desktop\mdcnpal\htdocs\public_html\core\global_include.php on line 514
[2026-07-06 18:09:40] Creation of dynamic property app::$popup is deprecated in C:\xampp\Desktop\mdcnpal\htdocs\public_html\core\app.php on line 434
[2026-07-06 18:09:40] Undefined array key "MDRCCustID" in C:\xampp\Desktop\mdcnpal\htdocs\public_html\core\global_include.php on line 515
[2026-07-06 18:09:40] Undefined array key "MDRCToken" in C:\xampp\Desktop\mdcnpal\htdocs\public_html\core\global_include.php on line 515
[2026-07-06 18:09:40] Creation of dynamic property app::$rscategory is deprecated in C:\xampp\Desktop\mdcnpal\htdocs\public_html\core\app.php on line 434
[2026-07-06 18:09:40] Creation of dynamic property app::$rs_pages is deprecated in C:\xampp\Desktop\mdcnpal\htdocs\public_html\core\app.php on line 434
[2026-07-06 18:09:40] Creation of dynamic property app::$gs is deprecated in C:\xampp\Desktop\mdcnpal\htdocs\public_html\core\app.php on line 434
[2026-07-06 18:09:40] Undefined array key "MDRCCustID" in C:\xampp\Desktop\mdcnpal\htdocs\public_html\core\global_include.php on line 596
[2026-07-06 18:09:40] Undefined array key "MDRCCustID" in C:\xampp\Desktop\mdcnpal\htdocs\public_html\core\global_include.php on line 615
[2026-07-06 18:09:40] Undefined variable $getId in C:\xampp\Desktop\mdcnpal\htdocs\public_html\core\global_include.php on line 684
[2026-07-06 18:09:40] Undefined variable $getName in C:\xampp\Desktop\mdcnpal\htdocs\public_html\core\global_include.php on line 685
[2026-07-06 18:09:40] Undefined array key 0 in C:\xampp\Desktop\mdcnpal\htdocs\public_html\core\global_include.php on line 810
[2026-07-06 18:09:40] Creation of dynamic property app::$rs_offer_msg is deprecated in C:\xampp\Desktop\mdcnpal\htdocs\public_html\core\app.php on line 434
[2026-07-06 18:09:40] Creation of dynamic property app::$rs_for_doctors is deprecated in C:\xampp\Desktop\mdcnpal\htdocs\public_html\core\app.php on line 434
[2026-07-06 18:09:40] Undefined property: app::$rs_cartmini in C:\xampp\Desktop\mdcnpal\htdocs\public_html\includes\header.php on line 131
[2026-07-06 18:09:40] Undefined array key "MDRCCustID" in C:\xampp\Desktop\mdcnpal\htdocs\public_html\includes\header.php on line 134
[2026-07-06 18:09:40] Undefined property: app::$rs_cartmini in C:\xampp\Desktop\mdcnpal\htdocs\public_html\includes\header.php on line 197
[2026-07-06 18:09:40] Undefined array key "MDRCCustID" in C:\xampp\Desktop\mdcnpal\htdocs\public_html\includes\header.php on line 200
[2026-07-06 18:09:40] Undefined property: app::$rs_cartmini in C:\xampp\Desktop\mdcnpal\htdocs\public_html\includes\header.php on line 469
[2026-07-06 18:09:40] Undefined array key "MDRCCustID" in C:\xampp\Desktop\mdcnpal\htdocs\public_html\includes\header.php on line 472
[2026-07-06 18:09:40] Undefined property: app::$rs_cartmini in C:\xampp\Desktop\mdcnpal\htdocs\public_html\includes\header.php on line 525
[2026-07-06 18:09:40] Undefined array key "MDRCCustID" in C:\xampp\Desktop\mdcnpal\htdocs\public_html\includes\header.php on line 528
[2026-07-06 18:09:40] Undefined property: app::$rs_customer in C:\xampp\Desktop\mdcnpal\htdocs\public_html\includes\header.php on line 712
[2026-07-06 18:09:40] Trying to access array offset on value of type null in C:\xampp\Desktop\mdcnpal\htdocs\public_html\includes\header.php on line 712
[2026-07-06 18:09:40] Undefined property: app::$rs_customer in C:\xampp\Desktop\mdcnpal\htdocs\public_html\includes\header.php on line 721
[2026-07-06 18:09:40] Trying to access array offset on value of type null in C:\xampp\Desktop\mdcnpal\htdocs\public_html\includes\header.php on line 721
[2026-07-06 18:09:40] Undefined property: app::$rs_customer in C:\xampp\Desktop\mdcnpal\htdocs\public_html\includes\header.php on line 730
[2026-07-06 18:09:40] Trying to access array offset on value of type null in C:\xampp\Desktop\mdcnpal\htdocs\public_html\includes\header.php on line 730
[2026-07-06 18:09:40] Undefined property: app::$rs_customer in C:\xampp\Desktop\mdcnpal\htdocs\public_html\includes\header.php on line 739
[2026-07-06 18:09:40] Trying to access array offset on value of type null in C:\xampp\Desktop\mdcnpal\htdocs\public_html\includes\header.php on line 739
[2026-07-06 18:09:40] Undefined property: app::$rs_customer in C:\xampp\Desktop\mdcnpal\htdocs\public_html\includes\footer.php on line 357
[2026-07-06 18:09:40] Trying to access array offset on value of type null in C:\xampp\Desktop\mdcnpal\htdocs\public_html\includes\footer.php on line 357
[2026-07-06 18:09:40] Undefined property: app::$rs_customer in C:\xampp\Desktop\mdcnpal\htdocs\public_html\includes\footer.php on line 366
[2026-07-06 18:09:40] Trying to access array offset on value of type null in C:\xampp\Desktop\mdcnpal\htdocs\public_html\includes\footer.php on line 366
[2026-07-06 18:09:40] Undefined property: app::$rs_customer in C:\xampp\Desktop\mdcnpal\htdocs\public_html\includes\footer.php on line 372
[2026-07-06 18:09:40] Trying to access array offset on value of type null in C:\xampp\Desktop\mdcnpal\htdocs\public_html\includes\footer.php on line 372
[2026-07-06 18:09:40] Undefined property: app::$rs_customer in C:\xampp\Desktop\mdcnpal\htdocs\public_html\includes\general_data.php on line 88
[2026-07-06 18:09:40] Trying to access array offset on value of type null in C:\xampp\Desktop\mdcnpal\htdocs\public_html\includes\general_data.php on line 88
[2026-07-06 18:09:40] Undefined array key "MDRCCustID" in C:\xampp\Desktop\mdcnpal\htdocs\public_html\includes\general_data.php on line 88
[2026-07-06 18:09:40] Undefined variable $tmpStr in C:\xampp\Desktop\mdcnpal\htdocs\public_html\core\app.php on line 971
[2026-07-06 18:09:40] Creation of dynamic property dbclass::$RECORD_SET is deprecated in C:\xampp\Desktop\mdcnpal\htdocs\public_html\core\dbclass.php on line 69
[2026-07-06 18:09:40] Creation of dynamic property dbclass::$app is deprecated in C:\xampp\Desktop\mdcnpal\htdocs\public_html\core\dbclass.php on line 75
[2026-07-06 18:09:40] Creation of dynamic property model::$foreign_tables is deprecated in C:\xampp\Desktop\mdcnpal\htdocs\public_html\core\model.php on line 43
[2026-07-06 18:09:40] Creation of dynamic property app::$inputfilter is deprecated in C:\xampp\Desktop\mdcnpal\htdocs\public_html\core\app.php on line 123
[2026-07-06 18:09:40] Creation of dynamic property app::$userconfig is deprecated in C:\xampp\Desktop\mdcnpal\htdocs\public_html\core\app.php on line 124
[2026-07-06 18:09:40] Creation of dynamic property app::$global_include is deprecated in C:\xampp\Desktop\mdcnpal\htdocs\public_html\core\app.php on line 125
[2026-07-06 18:09:40] Creation of dynamic property app::$set_cache_time is deprecated in C:\xampp\Desktop\mdcnpal\htdocs\public_html\core\app.php on line 153
[2026-07-06 18:09:40] Creation of dynamic property app::$meta is deprecated in C:\xampp\Desktop\mdcnpal\htdocs\public_html\core\app.php on line 434
[2026-07-06 18:09:40] Creation of dynamic property app::$rs_gs_city is deprecated in C:\xampp\Desktop\mdcnpal\htdocs\public_html\core\app.php on line 434
[2026-07-06 18:09:40] Creation of dynamic property app::$rs_footer_popular_item is deprecated in C:\xampp\Desktop\mdcnpal\htdocs\public_html\core\app.php on line 434
[2026-07-06 18:09:40] Creation of dynamic property app::$rs_footer_popular_test is deprecated in C:\xampp\Desktop\mdcnpal\htdocs\public_html\core\app.php on line 434
[2026-07-06 18:09:40] Creation of dynamic property app::$rs_testimonial is deprecated in C:\xampp\Desktop\mdcnpal\htdocs\public_html\core\app.php on line 434
[2026-07-06 18:09:40] Creation of dynamic property app::$admin is deprecated in C:\xampp\Desktop\mdcnpal\htdocs\public_html\core\app.php on line 434
[2026-07-06 18:09:40] Undefined array key 0 in C:\xampp\Desktop\mdcnpal\htdocs\public_html\core\global_include.php on line 514
[2026-07-06 18:09:40] Creation of dynamic property app::$popup is deprecated in C:\xampp\Desktop\mdcnpal\htdocs\public_html\core\app.php on line 434
[2026-07-06 18:09:40] Undefined array key "MDRCCustID" in C:\xampp\Desktop\mdcnpal\htdocs\public_html\core\global_include.php on line 515
[2026-07-06 18:09:40] Undefined array key "MDRCToken" in C:\xampp\Desktop\mdcnpal\htdocs\public_html\core\global_include.php on line 515
[2026-07-06 18:09:40] Creation of dynamic property app::$rscategory is deprecated in C:\xampp\Desktop\mdcnpal\htdocs\public_html\core\app.php on line 434
[2026-07-06 18:09:41] Creation of dynamic property app::$rs_pages is deprecated in C:\xampp\Desktop\mdcnpal\htdocs\public_html\core\app.php on line 434
[2026-07-06 18:09:41] Creation of dynamic property app::$gs is deprecated in C:\xampp\Desktop\mdcnpal\htdocs\public_html\core\app.php on line 434
[2026-07-06 18:09:41] Undefined array key "MDRCCustID" in C:\xampp\Desktop\mdcnpal\htdocs\public_html\core\global_include.php on line 596
[2026-07-06 18:09:41] Undefined array key "MDRCCustID" in C:\xampp\Desktop\mdcnpal\htdocs\public_html\core\global_include.php on line 615
[2026-07-06 18:09:41] Undefined variable $getId in C:\xampp\Desktop\mdcnpal\htdocs\public_html\core\global_include.php on line 684
[2026-07-06 18:09:41] Undefined variable $getName in C:\xampp\Desktop\mdcnpal\htdocs\public_html\core\global_include.php on line 685
[2026-07-06 18:09:41] Undefined array key 0 in C:\xampp\Desktop\mdcnpal\htdocs\public_html\core\global_include.php on line 810
[2026-07-06 18:09:41] Creation of dynamic property app::$rs_offer_msg is deprecated in C:\xampp\Desktop\mdcnpal\htdocs\public_html\core\app.php on line 434
[2026-07-06 18:09:41] Creation of dynamic property app::$rs_for_doctors is deprecated in C:\xampp\Desktop\mdcnpal\htdocs\public_html\core\app.php on line 434
[2026-07-06 18:09:41] Undefined property: app::$rs_cartmini in C:\xampp\Desktop\mdcnpal\htdocs\public_html\includes\header.php on line 131
[2026-07-06 18:09:41] Undefined array key "MDRCCustID" in C:\xampp\Desktop\mdcnpal\htdocs\public_html\includes\header.php on line 134
[2026-07-06 18:09:41] Undefined property: app::$rs_cartmini in C:\xampp\Desktop\mdcnpal\htdocs\public_html\includes\header.php on line 197
[2026-07-06 18:09:41] Undefined array key "MDRCCustID" in C:\xampp\Desktop\mdcnpal\htdocs\public_html\includes\header.php on line 200
[2026-07-06 18:09:41] Undefined property: app::$rs_cartmini in C:\xampp\Desktop\mdcnpal\htdocs\public_html\includes\header.php on line 469
[2026-07-06 18:09:41] Undefined array key "MDRCCustID" in C:\xampp\Desktop\mdcnpal\htdocs\public_html\includes\header.php on line 472
[2026-07-06 18:09:41] Undefined property: app::$rs_cartmini in C:\xampp\Desktop\mdcnpal\htdocs\public_html\includes\header.php on line 525
[2026-07-06 18:09:41] Undefined array key "MDRCCustID" in C:\xampp\Desktop\mdcnpal\htdocs\public_html\includes\header.php on line 528
[2026-07-06 18:09:41] Undefined property: app::$rs_customer in C:\xampp\Desktop\mdcnpal\htdocs\public_html\includes\header.php on line 712
[2026-07-06 18:09:41] Trying to access array offset on value of type null in C:\xampp\Desktop\mdcnpal\htdocs\public_html\includes\header.php on line 712
[2026-07-06 18:09:41] Undefined property: app::$rs_customer in C:\xampp\Desktop\mdcnpal\htdocs\public_html\includes\header.php on line 721
[2026-07-06 18:09:41] Trying to access array offset on value of type null in C:\xampp\Desktop\mdcnpal\htdocs\public_html\includes\header.php on line 721
[2026-07-06 18:09:41] Undefined property: app::$rs_customer in C:\xampp\Desktop\mdcnpal\htdocs\public_html\includes\header.php on line 730
[2026-07-06 18:09:41] Trying to access array offset on value of type null in C:\xampp\Desktop\mdcnpal\htdocs\public_html\includes\header.php on line 730
[2026-07-06 18:09:41] Undefined property: app::$rs_customer in C:\xampp\Desktop\mdcnpal\htdocs\public_html\includes\header.php on line 739
[2026-07-06 18:09:41] Trying to access array offset on value of type null in C:\xampp\Desktop\mdcnpal\htdocs\public_html\includes\header.php on line 739
[2026-07-06 18:09:41] Undefined property: app::$rs_customer in C:\xampp\Desktop\mdcnpal\htdocs\public_html\includes\footer.php on line 357
[2026-07-06 18:09:41] Trying to access array offset on value of type null in C:\xampp\Desktop\mdcnpal\htdocs\public_html\includes\footer.php on line 357
[2026-07-06 18:09:41] Undefined property: app::$rs_customer in C:\xampp\Desktop\mdcnpal\htdocs\public_html\includes\footer.php on line 366
[2026-07-06 18:09:41] Trying to access array offset on value of type null in C:\xampp\Desktop\mdcnpal\htdocs\public_html\includes\footer.php on line 366
[2026-07-06 18:09:41] Undefined property: app::$rs_customer in C:\xampp\Desktop\mdcnpal\htdocs\public_html\includes\footer.php on line 372
[2026-07-06 18:09:41] Trying to access array offset on value of type null in C:\xampp\Desktop\mdcnpal\htdocs\public_html\includes\footer.php on line 372
[2026-07-06 18:09:41] Undefined property: app::$rs_customer in C:\xampp\Desktop\mdcnpal\htdocs\public_html\includes\general_data.php on line 88
[2026-07-06 18:09:41] Trying to access array offset on value of type null in C:\xampp\Desktop\mdcnpal\htdocs\public_html\includes\general_data.php on line 88
[2026-07-06 18:09:41] Undefined array key "MDRCCustID" in C:\xampp\Desktop\mdcnpal\htdocs\public_html\includes\general_data.php on line 88
[2026-07-06 18:09:41] Undefined variable $tmpStr in C:\xampp\Desktop\mdcnpal\htdocs\public_html\core\app.php on line 971
[2026-07-06 18:09:41] Creation of dynamic property dbclass::$RECORD_SET is deprecated in C:\xampp\Desktop\mdcnpal\htdocs\public_html\core\dbclass.php on line 69
[2026-07-06 18:09:41] Creation of dynamic property dbclass::$app is deprecated in C:\xampp\Desktop\mdcnpal\htdocs\public_html\core\dbclass.php on line 75
[2026-07-06 18:09:41] Creation of dynamic property model::$foreign_tables is deprecated in C:\xampp\Desktop\mdcnpal\htdocs\public_html\core\model.php on line 43
[2026-07-06 18:09:41] Creation of dynamic property app::$inputfilter is deprecated in C:\xampp\Desktop\mdcnpal\htdocs\public_html\core\app.php on line 123
[2026-07-06 18:09:41] Creation of dynamic property app::$userconfig is deprecated in C:\xampp\Desktop\mdcnpal\htdocs\public_html\core\app.php on line 124
[2026-07-06 18:09:41] Creation of dynamic property app::$global_include is deprecated in C:\xampp\Desktop\mdcnpal\htdocs\public_html\core\app.php on line 125
[2026-07-06 18:09:41] Creation of dynamic property app::$set_cache_time is deprecated in C:\xampp\Desktop\mdcnpal\htdocs\public_html\core\app.php on line 153
[2026-07-06 18:09:41] Creation of dynamic property app::$meta is deprecated in C:\xampp\Desktop\mdcnpal\htdocs\public_html\core\app.php on line 434
[2026-07-06 18:09:41] Creation of dynamic property app::$rs_gs_city is deprecated in C:\xampp\Desktop\mdcnpal\htdocs\public_html\core\app.php on line 434
[2026-07-06 18:09:41] Creation of dynamic property app::$rs_footer_popular_item is deprecated in C:\xampp\Desktop\mdcnpal\htdocs\public_html\core\app.php on line 434
[2026-07-06 18:09:41] Creation of dynamic property app::$rs_footer_popular_test is deprecated in C:\xampp\Desktop\mdcnpal\htdocs\public_html\core\app.php on line 434
[2026-07-06 18:09:41] Creation of dynamic property app::$rs_testimonial is deprecated in C:\xampp\Desktop\mdcnpal\htdocs\public_html\core\app.php on line 434
[2026-07-06 18:09:41] Creation of dynamic property app::$admin is deprecated in C:\xampp\Desktop\mdcnpal\htdocs\public_html\core\app.php on line 434
[2026-07-06 18:09:41] Undefined array key 0 in C:\xampp\Desktop\mdcnpal\htdocs\public_html\core\global_include.php on line 514
[2026-07-06 18:09:41] Creation of dynamic property app::$popup is deprecated in C:\xampp\Desktop\mdcnpal\htdocs\public_html\core\app.php on line 434
[2026-07-06 18:09:41] Undefined array key "MDRCCustID" in C:\xampp\Desktop\mdcnpal\htdocs\public_html\core\global_include.php on line 515
[2026-07-06 18:09:41] Undefined array key "MDRCToken" in C:\xampp\Desktop\mdcnpal\htdocs\public_html\core\global_include.php on line 515
[2026-07-06 18:09:41] Creation of dynamic property app::$rscategory is deprecated in C:\xampp\Desktop\mdcnpal\htdocs\public_html\core\app.php on line 434
[2026-07-06 18:09:41] Creation of dynamic property app::$rs_pages is deprecated in C:\xampp\Desktop\mdcnpal\htdocs\public_html\core\app.php on line 434
[2026-07-06 18:09:41] Creation of dynamic property app::$gs is deprecated in C:\xampp\Desktop\mdcnpal\htdocs\public_html\core\app.php on line 434
[2026-07-06 18:09:41] Undefined array key "MDRCCustID" in C:\xampp\Desktop\mdcnpal\htdocs\public_html\core\global_include.php on line 596
[2026-07-06 18:09:41] Undefined array key "MDRCCustID" in C:\xampp\Desktop\mdcnpal\htdocs\public_html\core\global_include.php on line 615
[2026-07-06 18:09:41] Undefined variable $getId in C:\xampp\Desktop\mdcnpal\htdocs\public_html\core\global_include.php on line 684
[2026-07-06 18:09:41] Undefined variable $getName in C:\xampp\Desktop\mdcnpal\htdocs\public_html\core\global_include.php on line 685
[2026-07-06 18:09:41] Undefined array key 0 in C:\xampp\Desktop\mdcnpal\htdocs\public_html\core\global_include.php on line 810
[2026-07-06 18:09:41] Creation of dynamic property app::$rs_offer_msg is deprecated in C:\xampp\Desktop\mdcnpal\htdocs\public_html\core\app.php on line 434
[2026-07-06 18:09:42] Creation of dynamic property app::$rs_for_doctors is deprecated in C:\xampp\Desktop\mdcnpal\htdocs\public_html\core\app.php on line 434
[2026-07-06 18:09:42] Undefined property: app::$rs_cartmini in C:\xampp\Desktop\mdcnpal\htdocs\public_html\includes\header.php on line 131
[2026-07-06 18:09:42] Undefined array key "MDRCCustID" in C:\xampp\Desktop\mdcnpal\htdocs\public_html\includes\header.php on line 134
[2026-07-06 18:09:42] Undefined property: app::$rs_cartmini in C:\xampp\Desktop\mdcnpal\htdocs\public_html\includes\header.php on line 197
[2026-07-06 18:09:42] Undefined array key "MDRCCustID" in C:\xampp\Desktop\mdcnpal\htdocs\public_html\includes\header.php on line 200
[2026-07-06 18:09:42] Undefined property: app::$rs_cartmini in C:\xampp\Desktop\mdcnpal\htdocs\public_html\includes\header.php on line 469
[2026-07-06 18:09:42] Undefined array key "MDRCCustID" in C:\xampp\Desktop\mdcnpal\htdocs\public_html\includes\header.php on line 472
[2026-07-06 18:09:42] Undefined property: app::$rs_cartmini in C:\xampp\Desktop\mdcnpal\htdocs\public_html\includes\header.php on line 525
[2026-07-06 18:09:42] Undefined array key "MDRCCustID" in C:\xampp\Desktop\mdcnpal\htdocs\public_html\includes\header.php on line 528
[2026-07-06 18:09:42] Undefined property: app::$rs_customer in C:\xampp\Desktop\mdcnpal\htdocs\public_html\includes\header.php on line 712
[2026-07-06 18:09:42] Trying to access array offset on value of type null in C:\xampp\Desktop\mdcnpal\htdocs\public_html\includes\header.php on line 712
[2026-07-06 18:09:42] Undefined property: app::$rs_customer in C:\xampp\Desktop\mdcnpal\htdocs\public_html\includes\header.php on line 721
[2026-07-06 18:09:42] Trying to access array offset on value of type null in C:\xampp\Desktop\mdcnpal\htdocs\public_html\includes\header.php on line 721
[2026-07-06 18:09:42] Undefined property: app::$rs_customer in C:\xampp\Desktop\mdcnpal\htdocs\public_html\includes\header.php on line 730
[2026-07-06 18:09:42] Trying to access array offset on value of type null in C:\xampp\Desktop\mdcnpal\htdocs\public_html\includes\header.php on line 730
[2026-07-06 18:09:42] Undefined property: app::$rs_customer in C:\xampp\Desktop\mdcnpal\htdocs\public_html\includes\header.php on line 739
[2026-07-06 18:09:42] Trying to access array offset on value of type null in C:\xampp\Desktop\mdcnpal\htdocs\public_html\includes\header.php on line 739
[2026-07-06 18:09:42] Undefined property: app::$rs_customer in C:\xampp\Desktop\mdcnpal\htdocs\public_html\includes\footer.php on line 357
[2026-07-06 18:09:42] Trying to access array offset on value of type null in C:\xampp\Desktop\mdcnpal\htdocs\public_html\includes\footer.php on line 357
[2026-07-06 18:09:42] Undefined property: app::$rs_customer in C:\xampp\Desktop\mdcnpal\htdocs\public_html\includes\footer.php on line 366
[2026-07-06 18:09:42] Trying to access array offset on value of type null in C:\xampp\Desktop\mdcnpal\htdocs\public_html\includes\footer.php on line 366
[2026-07-06 18:09:42] Undefined property: app::$rs_customer in C:\xampp\Desktop\mdcnpal\htdocs\public_html\includes\footer.php on line 372
[2026-07-06 18:09:42] Trying to access array offset on value of type null in C:\xampp\Desktop\mdcnpal\htdocs\public_html\includes\footer.php on line 372
[2026-07-06 18:09:42] Undefined property: app::$rs_customer in C:\xampp\Desktop\mdcnpal\htdocs\public_html\includes\general_data.php on line 88
[2026-07-06 18:09:42] Trying to access array offset on value of type null in C:\xampp\Desktop\mdcnpal\htdocs\public_html\includes\general_data.php on line 88
[2026-07-06 18:09:42] Undefined array key "MDRCCustID" in C:\xampp\Desktop\mdcnpal\htdocs\public_html\includes\general_data.php on line 88
[2026-07-06 18:09:42] Undefined variable $tmpStr in C:\xampp\Desktop\mdcnpal\htdocs\public_html\core\app.php on line 971
[2026-07-06 18:09:42] Creation of dynamic property dbclass::$RECORD_SET is deprecated in C:\xampp\Desktop\mdcnpal\htdocs\public_html\core\dbclass.php on line 69
[2026-07-06 18:09:42] Creation of dynamic property dbclass::$app is deprecated in C:\xampp\Desktop\mdcnpal\htdocs\public_html\core\dbclass.php on line 75
[2026-07-06 18:09:42] Creation of dynamic property model::$foreign_tables is deprecated in C:\xampp\Desktop\mdcnpal\htdocs\public_html\core\model.php on line 43
[2026-07-06 18:09:42] Creation of dynamic property app::$inputfilter is deprecated in C:\xampp\Desktop\mdcnpal\htdocs\public_html\core\app.php on line 123
[2026-07-06 18:09:42] Creation of dynamic property app::$userconfig is deprecated in C:\xampp\Desktop\mdcnpal\htdocs\public_html\core\app.php on line 124
[2026-07-06 18:09:42] Creation of dynamic property app::$global_include is deprecated in C:\xampp\Desktop\mdcnpal\htdocs\public_html\core\app.php on line 125
[2026-07-06 18:09:42] Creation of dynamic property app::$set_cache_time is deprecated in C:\xampp\Desktop\mdcnpal\htdocs\public_html\core\app.php on line 153
[2026-07-06 18:09:42] Creation of dynamic property app::$meta is deprecated in C:\xampp\Desktop\mdcnpal\htdocs\public_html\core\app.php on line 434
[2026-07-06 18:09:42] Creation of dynamic property app::$rs_gs_city is deprecated in C:\xampp\Desktop\mdcnpal\htdocs\public_html\core\app.php on line 434
[2026-07-06 18:09:42] Creation of dynamic property app::$rs_footer_popular_item is deprecated in C:\xampp\Desktop\mdcnpal\htdocs\public_html\core\app.php on line 434
[2026-07-06 18:09:42] Creation of dynamic property app::$rs_footer_popular_test is deprecated in C:\xampp\Desktop\mdcnpal\htdocs\public_html\core\app.php on line 434
[2026-07-06 18:09:42] Creation of dynamic property app::$rs_testimonial is deprecated in C:\xampp\Desktop\mdcnpal\htdocs\public_html\core\app.php on line 434
[2026-07-06 18:09:42] Creation of dynamic property app::$admin is deprecated in C:\xampp\Desktop\mdcnpal\htdocs\public_html\core\app.php on line 434
[2026-07-06 18:09:42] Undefined array key 0 in C:\xampp\Desktop\mdcnpal\htdocs\public_html\core\global_include.php on line 514
[2026-07-06 18:09:42] Creation of dynamic property app::$popup is deprecated in C:\xampp\Desktop\mdcnpal\htdocs\public_html\core\app.php on line 434
[2026-07-06 18:09:42] Undefined array key "MDRCCustID" in C:\xampp\Desktop\mdcnpal\htdocs\public_html\core\global_include.php on line 515
[2026-07-06 18:09:42] Undefined array key "MDRCToken" in C:\xampp\Desktop\mdcnpal\htdocs\public_html\core\global_include.php on line 515
[2026-07-06 18:09:42] Creation of dynamic property app::$rscategory is deprecated in C:\xampp\Desktop\mdcnpal\htdocs\public_html\core\app.php on line 434
[2026-07-06 18:09:42] Creation of dynamic property app::$rs_pages is deprecated in C:\xampp\Desktop\mdcnpal\htdocs\public_html\core\app.php on line 434
[2026-07-06 18:09:42] Creation of dynamic property app::$gs is deprecated in C:\xampp\Desktop\mdcnpal\htdocs\public_html\core\app.php on line 434
[2026-07-06 18:09:42] Undefined array key "MDRCCustID" in C:\xampp\Desktop\mdcnpal\htdocs\public_html\core\global_include.php on line 596
[2026-07-06 18:09:42] Undefined array key "MDRCCustID" in C:\xampp\Desktop\mdcnpal\htdocs\public_html\core\global_include.php on line 615
[2026-07-06 18:09:43] Undefined variable $getId in C:\xampp\Desktop\mdcnpal\htdocs\public_html\core\global_include.php on line 684
[2026-07-06 18:09:43] Undefined variable $getName in C:\xampp\Desktop\mdcnpal\htdocs\public_html\core\global_include.php on line 685
[2026-07-06 18:09:43] Undefined array key 0 in C:\xampp\Desktop\mdcnpal\htdocs\public_html\core\global_include.php on line 810
[2026-07-06 18:09:43] Creation of dynamic property app::$rs_offer_msg is deprecated in C:\xampp\Desktop\mdcnpal\htdocs\public_html\core\app.php on line 434
[2026-07-06 18:09:43] Creation of dynamic property app::$rs_for_doctors is deprecated in C:\xampp\Desktop\mdcnpal\htdocs\public_html\core\app.php on line 434
[2026-07-06 18:09:43] Undefined property: app::$rs_cartmini in C:\xampp\Desktop\mdcnpal\htdocs\public_html\includes\header.php on line 131
[2026-07-06 18:09:43] Undefined array key "MDRCCustID" in C:\xampp\Desktop\mdcnpal\htdocs\public_html\includes\header.php on line 134
[2026-07-06 18:09:43] Undefined property: app::$rs_cartmini in C:\xampp\Desktop\mdcnpal\htdocs\public_html\includes\header.php on line 197
[2026-07-06 18:09:43] Undefined array key "MDRCCustID" in C:\xampp\Desktop\mdcnpal\htdocs\public_html\includes\header.php on line 200
[2026-07-06 18:09:43] Undefined property: app::$rs_cartmini in C:\xampp\Desktop\mdcnpal\htdocs\public_html\includes\header.php on line 469
[2026-07-06 18:09:43] Undefined array key "MDRCCustID" in C:\xampp\Desktop\mdcnpal\htdocs\public_html\includes\header.php on line 472
[2026-07-06 18:09:43] Undefined property: app::$rs_cartmini in C:\xampp\Desktop\mdcnpal\htdocs\public_html\includes\header.php on line 525
[2026-07-06 18:09:43] Undefined array key "MDRCCustID" in C:\xampp\Desktop\mdcnpal\htdocs\public_html\includes\header.php on line 528
[2026-07-06 18:09:43] Undefined property: app::$rs_customer in C:\xampp\Desktop\mdcnpal\htdocs\public_html\includes\header.php on line 712
[2026-07-06 18:09:43] Trying to access array offset on value of type null in C:\xampp\Desktop\mdcnpal\htdocs\public_html\includes\header.php on line 712
[2026-07-06 18:09:43] Undefined property: app::$rs_customer in C:\xampp\Desktop\mdcnpal\htdocs\public_html\includes\header.php on line 721
[2026-07-06 18:09:43] Trying to access array offset on value of type null in C:\xampp\Desktop\mdcnpal\htdocs\public_html\includes\header.php on line 721
[2026-07-06 18:09:43] Undefined property: app::$rs_customer in C:\xampp\Desktop\mdcnpal\htdocs\public_html\includes\header.php on line 730
[2026-07-06 18:09:43] Trying to access array offset on value of type null in C:\xampp\Desktop\mdcnpal\htdocs\public_html\includes\header.php on line 730
[2026-07-06 18:09:43] Undefined property: app::$rs_customer in C:\xampp\Desktop\mdcnpal\htdocs\public_html\includes\header.php on line 739
[2026-07-06 18:09:43] Trying to access array offset on value of type null in C:\xampp\Desktop\mdcnpal\htdocs\public_html\includes\header.php on line 739
[2026-07-06 18:09:43] Undefined property: app::$rs_customer in C:\xampp\Desktop\mdcnpal\htdocs\public_html\includes\footer.php on line 357
[2026-07-06 18:09:43] Trying to access array offset on value of type null in C:\xampp\Desktop\mdcnpal\htdocs\public_html\includes\footer.php on line 357
[2026-07-06 18:09:43] Undefined property: app::$rs_customer in C:\xampp\Desktop\mdcnpal\htdocs\public_html\includes\footer.php on line 366
[2026-07-06 18:09:43] Trying to access array offset on value of type null in C:\xampp\Desktop\mdcnpal\htdocs\public_html\includes\footer.php on line 366
[2026-07-06 18:09:43] Undefined property: app::$rs_customer in C:\xampp\Desktop\mdcnpal\htdocs\public_html\includes\footer.php on line 372
[2026-07-06 18:09:43] Trying to access array offset on value of type null in C:\xampp\Desktop\mdcnpal\htdocs\public_html\includes\footer.php on line 372
[2026-07-06 18:09:43] Undefined property: app::$rs_customer in C:\xampp\Desktop\mdcnpal\htdocs\public_html\includes\general_data.php on line 88
[2026-07-06 18:09:43] Trying to access array offset on value of type null in C:\xampp\Desktop\mdcnpal\htdocs\public_html\includes\general_data.php on line 88
[2026-07-06 18:09:43] Undefined array key "MDRCCustID" in C:\xampp\Desktop\mdcnpal\htdocs\public_html\includes\general_data.php on line 88
[2026-07-06 18:09:43] Undefined variable $tmpStr in C:\xampp\Desktop\mdcnpal\htdocs\public_html\core\app.php on line 971
[2026-07-06 18:09:43] Creation of dynamic property dbclass::$RECORD_SET is deprecated in C:\xampp\Desktop\mdcnpal\htdocs\public_html\core\dbclass.php on line 69
[2026-07-06 18:09:43] Creation of dynamic property dbclass::$app is deprecated in C:\xampp\Desktop\mdcnpal\htdocs\public_html\core\dbclass.php on line 75
[2026-07-06 18:09:43] Creation of dynamic property model::$foreign_tables is deprecated in C:\xampp\Desktop\mdcnpal\htdocs\public_html\core\model.php on line 43
[2026-07-06 18:09:43] Creation of dynamic property app::$inputfilter is deprecated in C:\xampp\Desktop\mdcnpal\htdocs\public_html\core\app.php on line 123
[2026-07-06 18:09:43] Creation of dynamic property app::$userconfig is deprecated in C:\xampp\Desktop\mdcnpal\htdocs\public_html\core\app.php on line 124
[2026-07-06 18:09:43] Creation of dynamic property app::$global_include is deprecated in C:\xampp\Desktop\mdcnpal\htdocs\public_html\core\app.php on line 125
[2026-07-06 18:09:43] Creation of dynamic property app::$set_cache_time is deprecated in C:\xampp\Desktop\mdcnpal\htdocs\public_html\core\app.php on line 153
[2026-07-06 18:09:43] Creation of dynamic property app::$meta is deprecated in C:\xampp\Desktop\mdcnpal\htdocs\public_html\core\app.php on line 434
[2026-07-06 18:09:43] Creation of dynamic property app::$rs_gs_city is deprecated in C:\xampp\Desktop\mdcnpal\htdocs\public_html\core\app.php on line 434
[2026-07-06 18:09:43] Creation of dynamic property app::$rs_footer_popular_item is deprecated in C:\xampp\Desktop\mdcnpal\htdocs\public_html\core\app.php on line 434
[2026-07-06 18:09:43] Creation of dynamic property app::$rs_footer_popular_test is deprecated in C:\xampp\Desktop\mdcnpal\htdocs\public_html\core\app.php on line 434
[2026-07-06 18:09:43] Creation of dynamic property app::$rs_testimonial is deprecated in C:\xampp\Desktop\mdcnpal\htdocs\public_html\core\app.php on line 434
[2026-07-06 18:09:43] Creation of dynamic property app::$admin is deprecated in C:\xampp\Desktop\mdcnpal\htdocs\public_html\core\app.php on line 434
[2026-07-06 18:09:43] Undefined array key 0 in C:\xampp\Desktop\mdcnpal\htdocs\public_html\core\global_include.php on line 514
[2026-07-06 18:09:43] Creation of dynamic property app::$popup is deprecated in C:\xampp\Desktop\mdcnpal\htdocs\public_html\core\app.php on line 434
[2026-07-06 18:09:43] Undefined array key "MDRCCustID" in C:\xampp\Desktop\mdcnpal\htdocs\public_html\core\global_include.php on line 515
[2026-07-06 18:09:43] Undefined array key "MDRCToken" in C:\xampp\Desktop\mdcnpal\htdocs\public_html\core\global_include.php on line 515
[2026-07-06 18:09:43] Creation of dynamic property app::$rscategory is deprecated in C:\xampp\Desktop\mdcnpal\htdocs\public_html\core\app.php on line 434
[2026-07-06 18:09:43] Creation of dynamic property app::$rs_pages is deprecated in C:\xampp\Desktop\mdcnpal\htdocs\public_html\core\app.php on line 434
[2026-07-06 18:09:43] Creation of dynamic property app::$gs is deprecated in C:\xampp\Desktop\mdcnpal\htdocs\public_html\core\app.php on line 434
[2026-07-06 18:09:43] Undefined array key "MDRCCustID" in C:\xampp\Desktop\mdcnpal\htdocs\public_html\core\global_include.php on line 596
[2026-07-06 18:09:43] Undefined array key "MDRCCustID" in C:\xampp\Desktop\mdcnpal\htdocs\public_html\core\global_include.php on line 615
[2026-07-06 18:09:43] Undefined variable $getId in C:\xampp\Desktop\mdcnpal\htdocs\public_html\core\global_include.php on line 684
[2026-07-06 18:09:43] Undefined variable $getName in C:\xampp\Desktop\mdcnpal\htdocs\public_html\core\global_include.php on line 685
[2026-07-06 18:09:43] Undefined array key 0 in C:\xampp\Desktop\mdcnpal\htdocs\public_html\core\global_include.php on line 810
[2026-07-06 18:09:43] Creation of dynamic property app::$rs_offer_msg is deprecated in C:\xampp\Desktop\mdcnpal\htdocs\public_html\core\app.php on line 434
[2026-07-06 18:09:43] Creation of dynamic property app::$rs_for_doctors is deprecated in C:\xampp\Desktop\mdcnpal\htdocs\public_html\core\app.php on line 434
[2026-07-06 18:09:43] Undefined property: app::$rs_cartmini in C:\xampp\Desktop\mdcnpal\htdocs\public_html\includes\header.php on line 131
[2026-07-06 18:09:43] Undefined array key "MDRCCustID" in C:\xampp\Desktop\mdcnpal\htdocs\public_html\includes\header.php on line 134
[2026-07-06 18:09:43] Undefined property: app::$rs_cartmini in C:\xampp\Desktop\mdcnpal\htdocs\public_html\includes\header.php on line 197
[2026-07-06 18:09:43] Undefined array key "MDRCCustID" in C:\xampp\Desktop\mdcnpal\htdocs\public_html\includes\header.php on line 200
[2026-07-06 18:09:43] Undefined property: app::$rs_cartmini in C:\xampp\Desktop\mdcnpal\htdocs\public_html\includes\header.php on line 469
[2026-07-06 18:09:43] Undefined array key "MDRCCustID" in C:\xampp\Desktop\mdcnpal\htdocs\public_html\includes\header.php on line 472
[2026-07-06 18:09:43] Undefined property: app::$rs_cartmini in C:\xampp\Desktop\mdcnpal\htdocs\public_html\includes\header.php on line 525
[2026-07-06 18:09:43] Undefined array key "MDRCCustID" in C:\xampp\Desktop\mdcnpal\htdocs\public_html\includes\header.php on line 528
[2026-07-06 18:09:43] Undefined property: app::$rs_customer in C:\xampp\Desktop\mdcnpal\htdocs\public_html\includes\header.php on line 712
[2026-07-06 18:09:43] Trying to access array offset on value of type null in C:\xampp\Desktop\mdcnpal\htdocs\public_html\includes\header.php on line 712
[2026-07-06 18:09:43] Undefined property: app::$rs_customer in C:\xampp\Desktop\mdcnpal\htdocs\public_html\includes\header.php on line 721
[2026-07-06 18:09:43] Trying to access array offset on value of type null in C:\xampp\Desktop\mdcnpal\htdocs\public_html\includes\header.php on line 721
[2026-07-06 18:09:43] Undefined property: app::$rs_customer in C:\xampp\Desktop\mdcnpal\htdocs\public_html\includes\header.php on line 730
[2026-07-06 18:09:43] Trying to access array offset on value of type null in C:\xampp\Desktop\mdcnpal\htdocs\public_html\includes\header.php on line 730
[2026-07-06 18:09:43] Undefined property: app::$rs_customer in C:\xampp\Desktop\mdcnpal\htdocs\public_html\includes\header.php on line 739
[2026-07-06 18:09:43] Trying to access array offset on value of type null in C:\xampp\Desktop\mdcnpal\htdocs\public_html\includes\header.php on line 739
[2026-07-06 18:09:43] Undefined property: app::$rs_customer in C:\xampp\Desktop\mdcnpal\htdocs\public_html\includes\footer.php on line 357
[2026-07-06 18:09:43] Trying to access array offset on value of type null in C:\xampp\Desktop\mdcnpal\htdocs\public_html\includes\footer.php on line 357
[2026-07-06 18:09:43] Undefined property: app::$rs_customer in C:\xampp\Desktop\mdcnpal\htdocs\public_html\includes\footer.php on line 366
[2026-07-06 18:09:43] Trying to access array offset on value of type null in C:\xampp\Desktop\mdcnpal\htdocs\public_html\includes\footer.php on line 366
[2026-07-06 18:09:43] Undefined property: app::$rs_customer in C:\xampp\Desktop\mdcnpal\htdocs\public_html\includes\footer.php on line 372
[2026-07-06 18:09:43] Trying to access array offset on value of type null in C:\xampp\Desktop\mdcnpal\htdocs\public_html\includes\footer.php on line 372
[2026-07-06 18:09:43] Undefined property: app::$rs_customer in C:\xampp\Desktop\mdcnpal\htdocs\public_html\includes\general_data.php on line 88
[2026-07-06 18:09:43] Trying to access array offset on value of type null in C:\xampp\Desktop\mdcnpal\htdocs\public_html\includes\general_data.php on line 88
[2026-07-06 18:09:43] Undefined array key "MDRCCustID" in C:\xampp\Desktop\mdcnpal\htdocs\public_html\includes\general_data.php on line 88
[2026-07-06 18:09:43] Undefined variable $tmpStr in C:\xampp\Desktop\mdcnpal\htdocs\public_html\core\app.php on line 971
[2026-07-06 18:09:48] Creation of dynamic property dbclass::$RECORD_SET is deprecated in C:\xampp\Desktop\mdcnpal\htdocs\public_html\core\dbclass.php on line 69
[2026-07-06 18:09:48] Creation of dynamic property dbclass::$app is deprecated in C:\xampp\Desktop\mdcnpal\htdocs\public_html\core\dbclass.php on line 75
[2026-07-06 18:09:48] Creation of dynamic property model::$foreign_tables is deprecated in C:\xampp\Desktop\mdcnpal\htdocs\public_html\core\model.php on line 43
[2026-07-06 18:09:48] Creation of dynamic property app::$inputfilter is deprecated in C:\xampp\Desktop\mdcnpal\htdocs\public_html\core\app.php on line 123
[2026-07-06 18:09:48] Creation of dynamic property app::$userconfig is deprecated in C:\xampp\Desktop\mdcnpal\htdocs\public_html\core\app.php on line 124
[2026-07-06 18:09:48] Creation of dynamic property app::$global_include is deprecated in C:\xampp\Desktop\mdcnpal\htdocs\public_html\core\app.php on line 125
[2026-07-06 18:09:48] Creation of dynamic property app::$set_cache_time is deprecated in C:\xampp\Desktop\mdcnpal\htdocs\public_html\core\app.php on line 153
[2026-07-06 18:09:48] Creation of dynamic property app::$meta is deprecated in C:\xampp\Desktop\mdcnpal\htdocs\public_html\core\app.php on line 434
[2026-07-06 18:09:48] Creation of dynamic property app::$rs_gs_city is deprecated in C:\xampp\Desktop\mdcnpal\htdocs\public_html\core\app.php on line 434
[2026-07-06 18:09:48] Creation of dynamic property app::$rs_footer_popular_item is deprecated in C:\xampp\Desktop\mdcnpal\htdocs\public_html\core\app.php on line 434
[2026-07-06 18:09:48] Creation of dynamic property app::$rs_footer_popular_test is deprecated in C:\xampp\Desktop\mdcnpal\htdocs\public_html\core\app.php on line 434
[2026-07-06 18:09:48] Creation of dynamic property app::$rs_testimonial is deprecated in C:\xampp\Desktop\mdcnpal\htdocs\public_html\core\app.php on line 434
[2026-07-06 18:09:48] Creation of dynamic property app::$admin is deprecated in C:\xampp\Desktop\mdcnpal\htdocs\public_html\core\app.php on line 434
[2026-07-06 18:09:48] Undefined array key 0 in C:\xampp\Desktop\mdcnpal\htdocs\public_html\core\global_include.php on line 514
[2026-07-06 18:09:48] Creation of dynamic property app::$popup is deprecated in C:\xampp\Desktop\mdcnpal\htdocs\public_html\core\app.php on line 434
[2026-07-06 18:09:48] Undefined array key "MDRCCustID" in C:\xampp\Desktop\mdcnpal\htdocs\public_html\core\global_include.php on line 515
[2026-07-06 18:09:48] Undefined array key "MDRCToken" in C:\xampp\Desktop\mdcnpal\htdocs\public_html\core\global_include.php on line 515
[2026-07-06 18:09:48] Creation of dynamic property app::$rscategory is deprecated in C:\xampp\Desktop\mdcnpal\htdocs\public_html\core\app.php on line 434
[2026-07-06 18:09:48] Creation of dynamic property app::$rs_pages is deprecated in C:\xampp\Desktop\mdcnpal\htdocs\public_html\core\app.php on line 434
[2026-07-06 18:09:48] Creation of dynamic property app::$gs is deprecated in C:\xampp\Desktop\mdcnpal\htdocs\public_html\core\app.php on line 434
[2026-07-06 18:09:48] Undefined array key "MDRCCustID" in C:\xampp\Desktop\mdcnpal\htdocs\public_html\core\global_include.php on line 596
[2026-07-06 18:09:48] Undefined array key "MDRCCustID" in C:\xampp\Desktop\mdcnpal\htdocs\public_html\core\global_include.php on line 615
[2026-07-06 18:09:48] Undefined variable $getId in C:\xampp\Desktop\mdcnpal\htdocs\public_html\core\global_include.php on line 684
[2026-07-06 18:09:48] Undefined variable $getName in C:\xampp\Desktop\mdcnpal\htdocs\public_html\core\global_include.php on line 685
[2026-07-06 18:09:48] Undefined array key 0 in C:\xampp\Desktop\mdcnpal\htdocs\public_html\core\global_include.php on line 810
[2026-07-06 18:09:48] Creation of dynamic property app::$rs_offer_msg is deprecated in C:\xampp\Desktop\mdcnpal\htdocs\public_html\core\app.php on line 434
[2026-07-06 18:09:48] Creation of dynamic property app::$rs_for_doctors is deprecated in C:\xampp\Desktop\mdcnpal\htdocs\public_html\core\app.php on line 434
[2026-07-06 18:09:48] Creation of dynamic property app::$rs_gallery_data is deprecated in C:\xampp\Desktop\mdcnpal\htdocs\public_html\core\app.php on line 434
[2026-07-06 18:09:48] Creation of dynamic property app::$category is deprecated in C:\xampp\Desktop\mdcnpal\htdocs\public_html\core\app.php on line 434
[2026-07-06 18:09:48] Undefined array key 0 in C:\xampp\Desktop\mdcnpal\htdocs\public_html\controllers\controller_for_doctors.php on line 22
[2026-07-06 18:09:48] Creation of dynamic property app::$records_doctors is deprecated in C:\xampp\Desktop\mdcnpal\htdocs\public_html\core\app.php on line 434
[2026-07-06 18:09:48] Undefined array key 0 in C:\xampp\Desktop\mdcnpal\htdocs\public_html\controllers\controller_for_doctors.php on line 25
[2026-07-06 18:09:48] Trying to access array offset on value of type null in C:\xampp\Desktop\mdcnpal\htdocs\public_html\controllers\controller_for_doctors.php on line 25
[2026-07-06 18:09:48] Creation of dynamic property app::$records_services is deprecated in C:\xampp\Desktop\mdcnpal\htdocs\public_html\core\app.php on line 434
[2026-07-06 18:09:48] Undefined array key 0 in C:\xampp\Desktop\mdcnpal\htdocs\public_html\controllers\controller_for_doctors.php on line 31
[2026-07-06 18:09:48] Trying to access array offset on value of type null in C:\xampp\Desktop\mdcnpal\htdocs\public_html\controllers\controller_for_doctors.php on line 31
[2026-07-06 18:09:48] str_replace(): Passing null to parameter #3 ($subject) of type array|string is deprecated in C:\xampp\Desktop\mdcnpal\htdocs\public_html\controllers\controller_for_doctors.php on line 31
[2026-07-06 18:09:48] Undefined array key 0 in C:\xampp\Desktop\mdcnpal\htdocs\public_html\controllers\controller_for_doctors.php on line 32
[2026-07-06 18:09:48] Trying to access array offset on value of type null in C:\xampp\Desktop\mdcnpal\htdocs\public_html\controllers\controller_for_doctors.php on line 32
[2026-07-06 18:09:48] str_replace(): Passing null to parameter #3 ($subject) of type array|string is deprecated in C:\xampp\Desktop\mdcnpal\htdocs\public_html\controllers\controller_for_doctors.php on line 32
[2026-07-06 18:09:48] Undefined array key 0 in C:\xampp\Desktop\mdcnpal\htdocs\public_html\controllers\controller_for_doctors.php on line 33
[2026-07-06 18:09:48] Trying to access array offset on value of type null in C:\xampp\Desktop\mdcnpal\htdocs\public_html\controllers\controller_for_doctors.php on line 33
[2026-07-06 18:09:48] str_replace(): Passing null to parameter #3 ($subject) of type array|string is deprecated in C:\xampp\Desktop\mdcnpal\htdocs\public_html\controllers\controller_for_doctors.php on line 33
[2026-07-06 18:09:49] Creation of dynamic property dbclass::$RECORD_SET is deprecated in C:\xampp\Desktop\mdcnpal\htdocs\public_html\core\dbclass.php on line 69
[2026-07-06 18:09:49] Creation of dynamic property dbclass::$app is deprecated in C:\xampp\Desktop\mdcnpal\htdocs\public_html\core\dbclass.php on line 75
[2026-07-06 18:09:49] Creation of dynamic property model::$foreign_tables is deprecated in C:\xampp\Desktop\mdcnpal\htdocs\public_html\core\model.php on line 43
[2026-07-06 18:09:49] Creation of dynamic property app::$inputfilter is deprecated in C:\xampp\Desktop\mdcnpal\htdocs\public_html\core\app.php on line 123
[2026-07-06 18:09:49] Creation of dynamic property app::$userconfig is deprecated in C:\xampp\Desktop\mdcnpal\htdocs\public_html\core\app.php on line 124
[2026-07-06 18:09:49] Creation of dynamic property app::$global_include is deprecated in C:\xampp\Desktop\mdcnpal\htdocs\public_html\core\app.php on line 125
[2026-07-06 18:09:49] Creation of dynamic property app::$set_cache_time is deprecated in C:\xampp\Desktop\mdcnpal\htdocs\public_html\core\app.php on line 153
[2026-07-06 18:09:49] Creation of dynamic property app::$meta is deprecated in C:\xampp\Desktop\mdcnpal\htdocs\public_html\core\app.php on line 434
[2026-07-06 18:09:49] Creation of dynamic property app::$rs_gs_city is deprecated in C:\xampp\Desktop\mdcnpal\htdocs\public_html\core\app.php on line 434
[2026-07-06 18:09:49] Creation of dynamic property app::$rs_footer_popular_item is deprecated in C:\xampp\Desktop\mdcnpal\htdocs\public_html\core\app.php on line 434
[2026-07-06 18:09:49] Creation of dynamic property app::$rs_footer_popular_test is deprecated in C:\xampp\Desktop\mdcnpal\htdocs\public_html\core\app.php on line 434
[2026-07-06 18:09:49] Creation of dynamic property app::$rs_testimonial is deprecated in C:\xampp\Desktop\mdcnpal\htdocs\public_html\core\app.php on line 434
[2026-07-06 18:09:49] Creation of dynamic property app::$admin is deprecated in C:\xampp\Desktop\mdcnpal\htdocs\public_html\core\app.php on line 434
[2026-07-06 18:09:49] Undefined array key 0 in C:\xampp\Desktop\mdcnpal\htdocs\public_html\core\global_include.php on line 514
[2026-07-06 18:09:49] Creation of dynamic property app::$popup is deprecated in C:\xampp\Desktop\mdcnpal\htdocs\public_html\core\app.php on line 434
[2026-07-06 18:09:49] Undefined array key "MDRCCustID" in C:\xampp\Desktop\mdcnpal\htdocs\public_html\core\global_include.php on line 515
[2026-07-06 18:09:49] Undefined array key "MDRCToken" in C:\xampp\Desktop\mdcnpal\htdocs\public_html\core\global_include.php on line 515
[2026-07-06 18:09:49] Creation of dynamic property app::$rscategory is deprecated in C:\xampp\Desktop\mdcnpal\htdocs\public_html\core\app.php on line 434
[2026-07-06 18:09:49] Creation of dynamic property app::$rs_pages is deprecated in C:\xampp\Desktop\mdcnpal\htdocs\public_html\core\app.php on line 434
[2026-07-06 18:09:49] Creation of dynamic property app::$gs is deprecated in C:\xampp\Desktop\mdcnpal\htdocs\public_html\core\app.php on line 434
[2026-07-06 18:09:49] Undefined array key "MDRCCustID" in C:\xampp\Desktop\mdcnpal\htdocs\public_html\core\global_include.php on line 596
[2026-07-06 18:09:49] Undefined array key "MDRCCustID" in C:\xampp\Desktop\mdcnpal\htdocs\public_html\core\global_include.php on line 615
[2026-07-06 18:09:49] Undefined variable $getId in C:\xampp\Desktop\mdcnpal\htdocs\public_html\core\global_include.php on line 684
[2026-07-06 18:09:49] Undefined variable $getName in C:\xampp\Desktop\mdcnpal\htdocs\public_html\core\global_include.php on line 685
[2026-07-06 18:09:49] Undefined array key 0 in C:\xampp\Desktop\mdcnpal\htdocs\public_html\core\global_include.php on line 810
[2026-07-06 18:09:49] Creation of dynamic property app::$rs_offer_msg is deprecated in C:\xampp\Desktop\mdcnpal\htdocs\public_html\core\app.php on line 434
[2026-07-06 18:09:49] Creation of dynamic property app::$rs_for_doctors is deprecated in C:\xampp\Desktop\mdcnpal\htdocs\public_html\core\app.php on line 434
[2026-07-06 18:09:49] Undefined property: app::$rs_cartmini in C:\xampp\Desktop\mdcnpal\htdocs\public_html\includes\header.php on line 131
[2026-07-06 18:09:49] Undefined array key "MDRCCustID" in C:\xampp\Desktop\mdcnpal\htdocs\public_html\includes\header.php on line 134
[2026-07-06 18:09:49] Undefined property: app::$rs_cartmini in C:\xampp\Desktop\mdcnpal\htdocs\public_html\includes\header.php on line 197
[2026-07-06 18:09:49] Undefined array key "MDRCCustID" in C:\xampp\Desktop\mdcnpal\htdocs\public_html\includes\header.php on line 200
[2026-07-06 18:09:49] Undefined property: app::$rs_cartmini in C:\xampp\Desktop\mdcnpal\htdocs\public_html\includes\header.php on line 469
[2026-07-06 18:09:49] Undefined array key "MDRCCustID" in C:\xampp\Desktop\mdcnpal\htdocs\public_html\includes\header.php on line 472
[2026-07-06 18:09:49] Undefined property: app::$rs_cartmini in C:\xampp\Desktop\mdcnpal\htdocs\public_html\includes\header.php on line 525
[2026-07-06 18:09:49] Undefined array key "MDRCCustID" in C:\xampp\Desktop\mdcnpal\htdocs\public_html\includes\header.php on line 528
[2026-07-06 18:09:49] Undefined property: app::$rs_customer in C:\xampp\Desktop\mdcnpal\htdocs\public_html\includes\header.php on line 712
[2026-07-06 18:09:49] Trying to access array offset on value of type null in C:\xampp\Desktop\mdcnpal\htdocs\public_html\includes\header.php on line 712
[2026-07-06 18:09:49] Undefined property: app::$rs_customer in C:\xampp\Desktop\mdcnpal\htdocs\public_html\includes\header.php on line 721
[2026-07-06 18:09:49] Trying to access array offset on value of type null in C:\xampp\Desktop\mdcnpal\htdocs\public_html\includes\header.php on line 721
[2026-07-06 18:09:49] Undefined property: app::$rs_customer in C:\xampp\Desktop\mdcnpal\htdocs\public_html\includes\header.php on line 730
[2026-07-06 18:09:49] Trying to access array offset on value of type null in C:\xampp\Desktop\mdcnpal\htdocs\public_html\includes\header.php on line 730
[2026-07-06 18:09:49] Undefined property: app::$rs_customer in C:\xampp\Desktop\mdcnpal\htdocs\public_html\includes\header.php on line 739
[2026-07-06 18:09:49] Trying to access array offset on value of type null in C:\xampp\Desktop\mdcnpal\htdocs\public_html\includes\header.php on line 739
[2026-07-06 18:09:49] Undefined property: app::$rs_customer in C:\xampp\Desktop\mdcnpal\htdocs\public_html\includes\footer.php on line 357
[2026-07-06 18:09:49] Trying to access array offset on value of type null in C:\xampp\Desktop\mdcnpal\htdocs\public_html\includes\footer.php on line 357
[2026-07-06 18:09:49] Undefined property: app::$rs_customer in C:\xampp\Desktop\mdcnpal\htdocs\public_html\includes\footer.php on line 366
[2026-07-06 18:09:49] Trying to access array offset on value of type null in C:\xampp\Desktop\mdcnpal\htdocs\public_html\includes\footer.php on line 366
[2026-07-06 18:09:49] Undefined property: app::$rs_customer in C:\xampp\Desktop\mdcnpal\htdocs\public_html\includes\footer.php on line 372
[2026-07-06 18:09:49] Trying to access array offset on value of type null in C:\xampp\Desktop\mdcnpal\htdocs\public_html\includes\footer.php on line 372
[2026-07-06 18:09:49] Undefined property: app::$rs_customer in C:\xampp\Desktop\mdcnpal\htdocs\public_html\includes\general_data.php on line 88
[2026-07-06 18:09:49] Trying to access array offset on value of type null in C:\xampp\Desktop\mdcnpal\htdocs\public_html\includes\general_data.php on line 88
[2026-07-06 18:09:49] Undefined array key "MDRCCustID" in C:\xampp\Desktop\mdcnpal\htdocs\public_html\includes\general_data.php on line 88
[2026-07-06 18:09:49] Undefined variable $tmpStr in C:\xampp\Desktop\mdcnpal\htdocs\public_html\core\app.php on line 971
[2026-07-06 18:10:06] Creation of dynamic property dbclass::$RECORD_SET is deprecated in C:\xampp\Desktop\mdcnpal\htdocs\public_html\core\dbclass.php on line 69
[2026-07-06 18:10:06] Creation of dynamic property dbclass::$app is deprecated in C:\xampp\Desktop\mdcnpal\htdocs\public_html\core\dbclass.php on line 75
[2026-07-06 18:10:06] Creation of dynamic property model::$foreign_tables is deprecated in C:\xampp\Desktop\mdcnpal\htdocs\public_html\core\model.php on line 43
[2026-07-06 18:10:06] Creation of dynamic property app::$inputfilter is deprecated in C:\xampp\Desktop\mdcnpal\htdocs\public_html\core\app.php on line 123
[2026-07-06 18:10:06] Creation of dynamic property app::$userconfig is deprecated in C:\xampp\Desktop\mdcnpal\htdocs\public_html\core\app.php on line 124
[2026-07-06 18:10:06] Creation of dynamic property app::$global_include is deprecated in C:\xampp\Desktop\mdcnpal\htdocs\public_html\core\app.php on line 125
[2026-07-06 18:10:06] Creation of dynamic property app::$set_cache_time is deprecated in C:\xampp\Desktop\mdcnpal\htdocs\public_html\core\app.php on line 153
[2026-07-06 18:10:07] Creation of dynamic property app::$meta is deprecated in C:\xampp\Desktop\mdcnpal\htdocs\public_html\core\app.php on line 434
[2026-07-06 18:10:07] Creation of dynamic property app::$rs_gs_city is deprecated in C:\xampp\Desktop\mdcnpal\htdocs\public_html\core\app.php on line 434
[2026-07-06 18:10:07] Creation of dynamic property app::$rs_footer_popular_item is deprecated in C:\xampp\Desktop\mdcnpal\htdocs\public_html\core\app.php on line 434
[2026-07-06 18:10:07] Creation of dynamic property app::$rs_footer_popular_test is deprecated in C:\xampp\Desktop\mdcnpal\htdocs\public_html\core\app.php on line 434
[2026-07-06 18:10:07] Creation of dynamic property app::$rs_testimonial is deprecated in C:\xampp\Desktop\mdcnpal\htdocs\public_html\core\app.php on line 434
[2026-07-06 18:10:07] Creation of dynamic property app::$admin is deprecated in C:\xampp\Desktop\mdcnpal\htdocs\public_html\core\app.php on line 434
[2026-07-06 18:10:07] Undefined array key 0 in C:\xampp\Desktop\mdcnpal\htdocs\public_html\core\global_include.php on line 514
[2026-07-06 18:10:07] Creation of dynamic property app::$popup is deprecated in C:\xampp\Desktop\mdcnpal\htdocs\public_html\core\app.php on line 434
[2026-07-06 18:10:07] Undefined array key "MDRCCustID" in C:\xampp\Desktop\mdcnpal\htdocs\public_html\core\global_include.php on line 515
[2026-07-06 18:10:07] Undefined array key "MDRCToken" in C:\xampp\Desktop\mdcnpal\htdocs\public_html\core\global_include.php on line 515
[2026-07-06 18:10:07] Creation of dynamic property app::$rscategory is deprecated in C:\xampp\Desktop\mdcnpal\htdocs\public_html\core\app.php on line 434
[2026-07-06 18:10:07] Creation of dynamic property app::$rs_pages is deprecated in C:\xampp\Desktop\mdcnpal\htdocs\public_html\core\app.php on line 434
[2026-07-06 18:10:07] Creation of dynamic property app::$gs is deprecated in C:\xampp\Desktop\mdcnpal\htdocs\public_html\core\app.php on line 434
[2026-07-06 18:10:07] Undefined array key "MDRCCustID" in C:\xampp\Desktop\mdcnpal\htdocs\public_html\core\global_include.php on line 596
[2026-07-06 18:10:07] Undefined array key "MDRCCustID" in C:\xampp\Desktop\mdcnpal\htdocs\public_html\core\global_include.php on line 615
[2026-07-06 18:10:07] Undefined variable $getId in C:\xampp\Desktop\mdcnpal\htdocs\public_html\core\global_include.php on line 684
[2026-07-06 18:10:07] Undefined variable $getName in C:\xampp\Desktop\mdcnpal\htdocs\public_html\core\global_include.php on line 685
[2026-07-06 18:10:07] Undefined array key 0 in C:\xampp\Desktop\mdcnpal\htdocs\public_html\core\global_include.php on line 810
[2026-07-06 18:10:07] Creation of dynamic property app::$rs_offer_msg is deprecated in C:\xampp\Desktop\mdcnpal\htdocs\public_html\core\app.php on line 434
[2026-07-06 18:10:07] Creation of dynamic property app::$rs_for_doctors is deprecated in C:\xampp\Desktop\mdcnpal\htdocs\public_html\core\app.php on line 434
[2026-07-06 18:10:07] Creation of dynamic property app::$description is deprecated in C:\xampp\Desktop\mdcnpal\htdocs\public_html\core\app.php on line 434
[2026-07-06 18:10:07] Creation of dynamic property app::$rs_banner is deprecated in C:\xampp\Desktop\mdcnpal\htdocs\public_html\core\app.php on line 434
[2026-07-06 18:10:07] Creation of dynamic property app::$rs_item_diseases is deprecated in C:\xampp\Desktop\mdcnpal\htdocs\public_html\core\app.php on line 434
[2026-07-06 18:10:07] Creation of dynamic property app::$rs_item_home_category is deprecated in C:\xampp\Desktop\mdcnpal\htdocs\public_html\core\app.php on line 434
[2026-07-06 18:10:07] Creation of dynamic property app::$rs_item_banner_category is deprecated in C:\xampp\Desktop\mdcnpal\htdocs\public_html\core\app.php on line 434
[2026-07-06 18:10:07] Creation of dynamic property app::$rs_services is deprecated in C:\xampp\Desktop\mdcnpal\htdocs\public_html\core\app.php on line 434
[2026-07-06 18:10:07] Creation of dynamic property app::$rs_blog is deprecated in C:\xampp\Desktop\mdcnpal\htdocs\public_html\core\app.php on line 434
[2026-07-06 18:10:07] Creation of dynamic property app::$rs_category is deprecated in C:\xampp\Desktop\mdcnpal\htdocs\public_html\core\app.php on line 434
[2026-07-06 18:10:07] Creation of dynamic property app::$rs_faq_data is deprecated in C:\xampp\Desktop\mdcnpal\htdocs\public_html\core\app.php on line 434
[2026-07-06 18:10:07] Creation of dynamic property app::$rs_gallery_data is deprecated in C:\xampp\Desktop\mdcnpal\htdocs\public_html\core\app.php on line 434
[2026-07-06 18:10:07] Undefined property: app::$rs_cartmini in C:\xampp\Desktop\mdcnpal\htdocs\public_html\includes\header.php on line 131
[2026-07-06 18:10:07] Undefined array key "MDRCCustID" in C:\xampp\Desktop\mdcnpal\htdocs\public_html\includes\header.php on line 134
[2026-07-06 18:10:07] Undefined property: app::$rs_cartmini in C:\xampp\Desktop\mdcnpal\htdocs\public_html\includes\header.php on line 197
[2026-07-06 18:10:07] Undefined array key "MDRCCustID" in C:\xampp\Desktop\mdcnpal\htdocs\public_html\includes\header.php on line 200
[2026-07-06 18:10:07] Undefined property: app::$rs_cartmini in C:\xampp\Desktop\mdcnpal\htdocs\public_html\includes\header.php on line 469
[2026-07-06 18:10:07] Undefined array key "MDRCCustID" in C:\xampp\Desktop\mdcnpal\htdocs\public_html\includes\header.php on line 472
[2026-07-06 18:10:07] Undefined property: app::$rs_cartmini in C:\xampp\Desktop\mdcnpal\htdocs\public_html\includes\header.php on line 525
[2026-07-06 18:10:07] Undefined array key "MDRCCustID" in C:\xampp\Desktop\mdcnpal\htdocs\public_html\includes\header.php on line 528
[2026-07-06 18:10:07] Undefined property: app::$rs_customer in C:\xampp\Desktop\mdcnpal\htdocs\public_html\includes\header.php on line 712
[2026-07-06 18:10:07] Trying to access array offset on value of type null in C:\xampp\Desktop\mdcnpal\htdocs\public_html\includes\header.php on line 712
[2026-07-06 18:10:07] Undefined property: app::$rs_customer in C:\xampp\Desktop\mdcnpal\htdocs\public_html\includes\header.php on line 721
[2026-07-06 18:10:07] Trying to access array offset on value of type null in C:\xampp\Desktop\mdcnpal\htdocs\public_html\includes\header.php on line 721
[2026-07-06 18:10:07] Undefined property: app::$rs_customer in C:\xampp\Desktop\mdcnpal\htdocs\public_html\includes\header.php on line 730
[2026-07-06 18:10:07] Trying to access array offset on value of type null in C:\xampp\Desktop\mdcnpal\htdocs\public_html\includes\header.php on line 730
[2026-07-06 18:10:07] Undefined property: app::$rs_customer in C:\xampp\Desktop\mdcnpal\htdocs\public_html\includes\header.php on line 739
[2026-07-06 18:10:07] Trying to access array offset on value of type null in C:\xampp\Desktop\mdcnpal\htdocs\public_html\includes\header.php on line 739
[2026-07-06 18:10:07] Undefined variable $g_search_query in C:\xampp\Desktop\mdcnpal\htdocs\public_html\core\app.php(565) : eval()'d code on line 219
[2026-07-06 18:10:07] Undefined variable $department_cond in C:\xampp\Desktop\mdcnpal\htdocs\public_html\core\app.php(565) : eval()'d code on line 219
[2026-07-06 18:10:07] Undefined variable $type_cond in C:\xampp\Desktop\mdcnpal\htdocs\public_html\core\app.php(565) : eval()'d code on line 219
[2026-07-06 18:10:07] Undefined variable $dieses_cond in C:\xampp\Desktop\mdcnpal\htdocs\public_html\core\app.php(565) : eval()'d code on line 219
[2026-07-06 18:10:07] Undefined variable $popular_pack_cond in C:\xampp\Desktop\mdcnpal\htdocs\public_html\core\app.php(565) : eval()'d code on line 219
[2026-07-06 18:10:07] Undefined variable $g_search_query in C:\xampp\Desktop\mdcnpal\htdocs\public_html\core\app.php(565) : eval()'d code on line 219
[2026-07-06 18:10:07] Undefined variable $department_cond in C:\xampp\Desktop\mdcnpal\htdocs\public_html\core\app.php(565) : eval()'d code on line 219
[2026-07-06 18:10:07] Undefined variable $type_cond in C:\xampp\Desktop\mdcnpal\htdocs\public_html\core\app.php(565) : eval()'d code on line 219
[2026-07-06 18:10:07] Undefined variable $dieses_cond in C:\xampp\Desktop\mdcnpal\htdocs\public_html\core\app.php(565) : eval()'d code on line 219
[2026-07-06 18:10:07] Undefined variable $popular_pack_cond in C:\xampp\Desktop\mdcnpal\htdocs\public_html\core\app.php(565) : eval()'d code on line 219
[2026-07-06 18:10:07] Undefined variable $g_search_query in C:\xampp\Desktop\mdcnpal\htdocs\public_html\core\app.php(565) : eval()'d code on line 219
[2026-07-06 18:10:07] Undefined variable $department_cond in C:\xampp\Desktop\mdcnpal\htdocs\public_html\core\app.php(565) : eval()'d code on line 219
[2026-07-06 18:10:07] Undefined variable $type_cond in C:\xampp\Desktop\mdcnpal\htdocs\public_html\core\app.php(565) : eval()'d code on line 219
[2026-07-06 18:10:07] Undefined variable $dieses_cond in C:\xampp\Desktop\mdcnpal\htdocs\public_html\core\app.php(565) : eval()'d code on line 219
[2026-07-06 18:10:07] Undefined variable $popular_pack_cond in C:\xampp\Desktop\mdcnpal\htdocs\public_html\core\app.php(565) : eval()'d code on line 219
[2026-07-06 18:10:07] Undefined variable $g_search_query in C:\xampp\Desktop\mdcnpal\htdocs\public_html\core\app.php(565) : eval()'d code on line 219
[2026-07-06 18:10:07] Undefined variable $department_cond in C:\xampp\Desktop\mdcnpal\htdocs\public_html\core\app.php(565) : eval()'d code on line 219
[2026-07-06 18:10:07] Undefined variable $type_cond in C:\xampp\Desktop\mdcnpal\htdocs\public_html\core\app.php(565) : eval()'d code on line 219
[2026-07-06 18:10:07] Undefined variable $dieses_cond in C:\xampp\Desktop\mdcnpal\htdocs\public_html\core\app.php(565) : eval()'d code on line 219
[2026-07-06 18:10:07] Undefined variable $popular_pack_cond in C:\xampp\Desktop\mdcnpal\htdocs\public_html\core\app.php(565) : eval()'d code on line 219
[2026-07-06 18:10:08] Undefined variable $g_search_query in C:\xampp\Desktop\mdcnpal\htdocs\public_html\core\app.php(565) : eval()'d code on line 219
[2026-07-06 18:10:08] Undefined variable $department_cond in C:\xampp\Desktop\mdcnpal\htdocs\public_html\core\app.php(565) : eval()'d code on line 219
[2026-07-06 18:10:08] Undefined variable $type_cond in C:\xampp\Desktop\mdcnpal\htdocs\public_html\core\app.php(565) : eval()'d code on line 219
[2026-07-06 18:10:08] Undefined variable $dieses_cond in C:\xampp\Desktop\mdcnpal\htdocs\public_html\core\app.php(565) : eval()'d code on line 219
[2026-07-06 18:10:08] Undefined variable $popular_pack_cond in C:\xampp\Desktop\mdcnpal\htdocs\public_html\core\app.php(565) : eval()'d code on line 219
[2026-07-06 18:10:08] Undefined property: app::$rs_customer in C:\xampp\Desktop\mdcnpal\htdocs\public_html\includes\footer.php on line 357
[2026-07-06 18:10:08] Trying to access array offset on value of type null in C:\xampp\Desktop\mdcnpal\htdocs\public_html\includes\footer.php on line 357
[2026-07-06 18:10:08] Undefined property: app::$rs_customer in C:\xampp\Desktop\mdcnpal\htdocs\public_html\includes\footer.php on line 366
[2026-07-06 18:10:08] Trying to access array offset on value of type null in C:\xampp\Desktop\mdcnpal\htdocs\public_html\includes\footer.php on line 366
[2026-07-06 18:10:08] Undefined property: app::$rs_customer in C:\xampp\Desktop\mdcnpal\htdocs\public_html\includes\footer.php on line 372
[2026-07-06 18:10:08] Trying to access array offset on value of type null in C:\xampp\Desktop\mdcnpal\htdocs\public_html\includes\footer.php on line 372
[2026-07-06 18:10:08] Undefined property: app::$rs_customer in C:\xampp\Desktop\mdcnpal\htdocs\public_html\includes\general_data.php on line 88
[2026-07-06 18:10:08] Trying to access array offset on value of type null in C:\xampp\Desktop\mdcnpal\htdocs\public_html\includes\general_data.php on line 88
[2026-07-06 18:10:08] Undefined array key "MDRCCustID" in C:\xampp\Desktop\mdcnpal\htdocs\public_html\includes\general_data.php on line 88
[2026-07-06 18:10:08] Undefined variable $tmpStr in C:\xampp\Desktop\mdcnpal\htdocs\public_html\core\app.php on line 971
[2026-07-06 18:10:11] Creation of dynamic property dbclass::$RECORD_SET is deprecated in C:\xampp\Desktop\mdcnpal\htdocs\public_html\core\dbclass.php on line 69
[2026-07-06 18:10:11] Creation of dynamic property dbclass::$app is deprecated in C:\xampp\Desktop\mdcnpal\htdocs\public_html\core\dbclass.php on line 75
[2026-07-06 18:10:11] Creation of dynamic property model::$foreign_tables is deprecated in C:\xampp\Desktop\mdcnpal\htdocs\public_html\core\model.php on line 43
[2026-07-06 18:10:11] Creation of dynamic property app::$inputfilter is deprecated in C:\xampp\Desktop\mdcnpal\htdocs\public_html\core\app.php on line 123
[2026-07-06 18:10:11] Creation of dynamic property app::$userconfig is deprecated in C:\xampp\Desktop\mdcnpal\htdocs\public_html\core\app.php on line 124
[2026-07-06 18:10:11] Creation of dynamic property app::$global_include is deprecated in C:\xampp\Desktop\mdcnpal\htdocs\public_html\core\app.php on line 125
[2026-07-06 18:10:11] Creation of dynamic property app::$set_cache_time is deprecated in C:\xampp\Desktop\mdcnpal\htdocs\public_html\core\app.php on line 153
[2026-07-06 18:10:11] Creation of dynamic property app::$meta is deprecated in C:\xampp\Desktop\mdcnpal\htdocs\public_html\core\app.php on line 434
[2026-07-06 18:10:11] Creation of dynamic property app::$rs_gs_city is deprecated in C:\xampp\Desktop\mdcnpal\htdocs\public_html\core\app.php on line 434
[2026-07-06 18:10:11] Creation of dynamic property app::$rs_footer_popular_item is deprecated in C:\xampp\Desktop\mdcnpal\htdocs\public_html\core\app.php on line 434
[2026-07-06 18:10:11] Creation of dynamic property app::$rs_footer_popular_test is deprecated in C:\xampp\Desktop\mdcnpal\htdocs\public_html\core\app.php on line 434
[2026-07-06 18:10:12] Creation of dynamic property app::$rs_testimonial is deprecated in C:\xampp\Desktop\mdcnpal\htdocs\public_html\core\app.php on line 434
[2026-07-06 18:10:12] Creation of dynamic property app::$admin is deprecated in C:\xampp\Desktop\mdcnpal\htdocs\public_html\core\app.php on line 434
[2026-07-06 18:10:12] Undefined array key 0 in C:\xampp\Desktop\mdcnpal\htdocs\public_html\core\global_include.php on line 514
[2026-07-06 18:10:12] Creation of dynamic property app::$popup is deprecated in C:\xampp\Desktop\mdcnpal\htdocs\public_html\core\app.php on line 434
[2026-07-06 18:10:12] Undefined array key "MDRCCustID" in C:\xampp\Desktop\mdcnpal\htdocs\public_html\core\global_include.php on line 515
[2026-07-06 18:10:12] Undefined array key "MDRCToken" in C:\xampp\Desktop\mdcnpal\htdocs\public_html\core\global_include.php on line 515
[2026-07-06 18:10:12] Creation of dynamic property app::$rscategory is deprecated in C:\xampp\Desktop\mdcnpal\htdocs\public_html\core\app.php on line 434
[2026-07-06 18:10:12] Creation of dynamic property app::$rs_pages is deprecated in C:\xampp\Desktop\mdcnpal\htdocs\public_html\core\app.php on line 434
[2026-07-06 18:10:12] Creation of dynamic property app::$gs is deprecated in C:\xampp\Desktop\mdcnpal\htdocs\public_html\core\app.php on line 434
[2026-07-06 18:10:12] Undefined array key "MDRCCustID" in C:\xampp\Desktop\mdcnpal\htdocs\public_html\core\global_include.php on line 596
[2026-07-06 18:10:12] Undefined array key "MDRCCustID" in C:\xampp\Desktop\mdcnpal\htdocs\public_html\core\global_include.php on line 615
[2026-07-06 18:10:12] Undefined variable $getId in C:\xampp\Desktop\mdcnpal\htdocs\public_html\core\global_include.php on line 684
[2026-07-06 18:10:12] Undefined variable $getName in C:\xampp\Desktop\mdcnpal\htdocs\public_html\core\global_include.php on line 685
[2026-07-06 18:10:12] Undefined array key 0 in C:\xampp\Desktop\mdcnpal\htdocs\public_html\core\global_include.php on line 810
[2026-07-06 18:10:12] Creation of dynamic property app::$rs_offer_msg is deprecated in C:\xampp\Desktop\mdcnpal\htdocs\public_html\core\app.php on line 434
[2026-07-06 18:10:12] Creation of dynamic property app::$rs_for_doctors is deprecated in C:\xampp\Desktop\mdcnpal\htdocs\public_html\core\app.php on line 434
[2026-07-06 18:10:12] Creation of dynamic property app::$rs_blog_category is deprecated in C:\xampp\Desktop\mdcnpal\htdocs\public_html\core\app.php on line 434
[2026-07-06 18:10:12] Undefined variable $array_bread in C:\xampp\Desktop\mdcnpal\htdocs\public_html\controllers\controller_blog.php on line 62
[2026-07-06 18:10:12] Creation of dynamic property app::$array_bread is deprecated in C:\xampp\Desktop\mdcnpal\htdocs\public_html\core\app.php on line 434
[2026-07-06 18:10:12] Creation of dynamic property app::$CatId is deprecated in C:\xampp\Desktop\mdcnpal\htdocs\public_html\core\app.php on line 434
[2026-07-06 18:10:12] Creation of dynamic property app::$TagId is deprecated in C:\xampp\Desktop\mdcnpal\htdocs\public_html\core\app.php on line 434
[2026-07-06 18:10:12] Creation of dynamic property app::$rs_data is deprecated in C:\xampp\Desktop\mdcnpal\htdocs\public_html\core\app.php on line 434
[2026-07-06 18:10:12] Undefined property: app::$rs_cartmini in C:\xampp\Desktop\mdcnpal\htdocs\public_html\includes\header.php on line 131
[2026-07-06 18:10:12] Undefined array key "MDRCCustID" in C:\xampp\Desktop\mdcnpal\htdocs\public_html\includes\header.php on line 134
[2026-07-06 18:10:12] Undefined property: app::$rs_cartmini in C:\xampp\Desktop\mdcnpal\htdocs\public_html\includes\header.php on line 197
[2026-07-06 18:10:12] Undefined array key "MDRCCustID" in C:\xampp\Desktop\mdcnpal\htdocs\public_html\includes\header.php on line 200
[2026-07-06 18:10:12] Undefined property: app::$rs_cartmini in C:\xampp\Desktop\mdcnpal\htdocs\public_html\includes\header.php on line 469
[2026-07-06 18:10:12] Undefined array key "MDRCCustID" in C:\xampp\Desktop\mdcnpal\htdocs\public_html\includes\header.php on line 472
[2026-07-06 18:10:12] Undefined property: app::$rs_cartmini in C:\xampp\Desktop\mdcnpal\htdocs\public_html\includes\header.php on line 525
[2026-07-06 18:10:12] Undefined array key "MDRCCustID" in C:\xampp\Desktop\mdcnpal\htdocs\public_html\includes\header.php on line 528
[2026-07-06 18:10:12] Undefined property: app::$rs_customer in C:\xampp\Desktop\mdcnpal\htdocs\public_html\includes\header.php on line 712
[2026-07-06 18:10:12] Trying to access array offset on value of type null in C:\xampp\Desktop\mdcnpal\htdocs\public_html\includes\header.php on line 712
[2026-07-06 18:10:12] Undefined property: app::$rs_customer in C:\xampp\Desktop\mdcnpal\htdocs\public_html\includes\header.php on line 721
[2026-07-06 18:10:12] Trying to access array offset on value of type null in C:\xampp\Desktop\mdcnpal\htdocs\public_html\includes\header.php on line 721
[2026-07-06 18:10:12] Undefined property: app::$rs_customer in C:\xampp\Desktop\mdcnpal\htdocs\public_html\includes\header.php on line 730
[2026-07-06 18:10:12] Trying to access array offset on value of type null in C:\xampp\Desktop\mdcnpal\htdocs\public_html\includes\header.php on line 730
[2026-07-06 18:10:12] Undefined property: app::$rs_customer in C:\xampp\Desktop\mdcnpal\htdocs\public_html\includes\header.php on line 739
[2026-07-06 18:10:12] Trying to access array offset on value of type null in C:\xampp\Desktop\mdcnpal\htdocs\public_html\includes\header.php on line 739
[06-Jul-2026 18:10:12 Asia/Kathmandu] PHP Fatal error:  Uncaught TypeError: count(): Argument #1 ($value) must be of type Countable|array, int given in C:\xampp\Desktop\mdcnpal\htdocs\public_html\core\app.php(565) : eval()'d code:81
Stack trace:
#0 C:\xampp\Desktop\mdcnpal\htdocs\public_html\core\app.php(565): eval()
#1 C:\xampp\Desktop\mdcnpal\htdocs\public_html\core\app.php(535): app->compile()
#2 C:\xampp\Desktop\mdcnpal\htdocs\public_html\core\app.php(516): app->package()
#3 C:\xampp\Desktop\mdcnpal\htdocs\public_html\index.php(6): app->execute()
#4 {main}
  thrown in C:\xampp\Desktop\mdcnpal\htdocs\public_html\core\app.php(565) : eval()'d code on line 81
[2026-07-06 18:10:12] Creation of dynamic property dbclass::$RECORD_SET is deprecated in C:\xampp\Desktop\mdcnpal\htdocs\public_html\core\dbclass.php on line 69
[2026-07-06 18:10:12] Creation of dynamic property dbclass::$app is deprecated in C:\xampp\Desktop\mdcnpal\htdocs\public_html\core\dbclass.php on line 75
[2026-07-06 18:10:12] Creation of dynamic property model::$foreign_tables is deprecated in C:\xampp\Desktop\mdcnpal\htdocs\public_html\core\model.php on line 43
[2026-07-06 18:10:12] Creation of dynamic property app::$inputfilter is deprecated in C:\xampp\Desktop\mdcnpal\htdocs\public_html\core\app.php on line 123
[2026-07-06 18:10:12] Creation of dynamic property app::$userconfig is deprecated in C:\xampp\Desktop\mdcnpal\htdocs\public_html\core\app.php on line 124
[2026-07-06 18:10:12] Creation of dynamic property app::$global_include is deprecated in C:\xampp\Desktop\mdcnpal\htdocs\public_html\core\app.php on line 125
[2026-07-06 18:10:12] Creation of dynamic property app::$set_cache_time is deprecated in C:\xampp\Desktop\mdcnpal\htdocs\public_html\core\app.php on line 153
[2026-07-06 18:10:12] Undefined variable $RESULT in C:\xampp\Desktop\mdcnpal\htdocs\public_html\scripts\ajax\selectCityUsingGoogleMapApi.php on line 69
[2026-07-06 18:10:12] Undefined variable $URL in C:\xampp\Desktop\mdcnpal\htdocs\public_html\scripts\ajax\selectCityUsingGoogleMapApi.php on line 73
[2026-07-06 18:10:12] Creation of dynamic property dbclass::$RECORD_SET is deprecated in C:\xampp\Desktop\mdcnpal\htdocs\public_html\core\dbclass.php on line 69
[2026-07-06 18:10:12] Creation of dynamic property dbclass::$app is deprecated in C:\xampp\Desktop\mdcnpal\htdocs\public_html\core\dbclass.php on line 75
[2026-07-06 18:10:12] Creation of dynamic property model::$foreign_tables is deprecated in C:\xampp\Desktop\mdcnpal\htdocs\public_html\core\model.php on line 43
[2026-07-06 18:10:12] Creation of dynamic property app::$inputfilter is deprecated in C:\xampp\Desktop\mdcnpal\htdocs\public_html\core\app.php on line 123
[2026-07-06 18:10:12] Creation of dynamic property app::$userconfig is deprecated in C:\xampp\Desktop\mdcnpal\htdocs\public_html\core\app.php on line 124
[2026-07-06 18:10:12] Creation of dynamic property app::$global_include is deprecated in C:\xampp\Desktop\mdcnpal\htdocs\public_html\core\app.php on line 125
[2026-07-06 18:10:12] Creation of dynamic property app::$set_cache_time is deprecated in C:\xampp\Desktop\mdcnpal\htdocs\public_html\core\app.php on line 153
[2026-07-06 18:10:12] Creation of dynamic property app::$meta is deprecated in C:\xampp\Desktop\mdcnpal\htdocs\public_html\core\app.php on line 434
[2026-07-06 18:10:12] Creation of dynamic property app::$rs_gs_city is deprecated in C:\xampp\Desktop\mdcnpal\htdocs\public_html\core\app.php on line 434
[2026-07-06 18:10:12] Creation of dynamic property app::$rs_footer_popular_item is deprecated in C:\xampp\Desktop\mdcnpal\htdocs\public_html\core\app.php on line 434
[2026-07-06 18:10:12] Creation of dynamic property app::$rs_footer_popular_test is deprecated in C:\xampp\Desktop\mdcnpal\htdocs\public_html\core\app.php on line 434
[2026-07-06 18:10:12] Creation of dynamic property app::$rs_testimonial is deprecated in C:\xampp\Desktop\mdcnpal\htdocs\public_html\core\app.php on line 434
[2026-07-06 18:10:12] Creation of dynamic property app::$admin is deprecated in C:\xampp\Desktop\mdcnpal\htdocs\public_html\core\app.php on line 434
[2026-07-06 18:10:12] Undefined array key 0 in C:\xampp\Desktop\mdcnpal\htdocs\public_html\core\global_include.php on line 514
[2026-07-06 18:10:12] Creation of dynamic property app::$popup is deprecated in C:\xampp\Desktop\mdcnpal\htdocs\public_html\core\app.php on line 434
[2026-07-06 18:10:12] Undefined array key "MDRCCustID" in C:\xampp\Desktop\mdcnpal\htdocs\public_html\core\global_include.php on line 515
[2026-07-06 18:10:12] Undefined array key "MDRCToken" in C:\xampp\Desktop\mdcnpal\htdocs\public_html\core\global_include.php on line 515
[2026-07-06 18:10:12] Creation of dynamic property app::$rscategory is deprecated in C:\xampp\Desktop\mdcnpal\htdocs\public_html\core\app.php on line 434
[2026-07-06 18:10:12] Creation of dynamic property app::$rs_pages is deprecated in C:\xampp\Desktop\mdcnpal\htdocs\public_html\core\app.php on line 434
[2026-07-06 18:10:12] Creation of dynamic property app::$gs is deprecated in C:\xampp\Desktop\mdcnpal\htdocs\public_html\core\app.php on line 434
[2026-07-06 18:10:12] Undefined array key "MDRCCustID" in C:\xampp\Desktop\mdcnpal\htdocs\public_html\core\global_include.php on line 596
[2026-07-06 18:10:12] Undefined array key "MDRCCustID" in C:\xampp\Desktop\mdcnpal\htdocs\public_html\core\global_include.php on line 615
[2026-07-06 18:10:12] Undefined variable $getId in C:\xampp\Desktop\mdcnpal\htdocs\public_html\core\global_include.php on line 684
[2026-07-06 18:10:12] Undefined variable $getName in C:\xampp\Desktop\mdcnpal\htdocs\public_html\core\global_include.php on line 685
[2026-07-06 18:10:12] Undefined array key 0 in C:\xampp\Desktop\mdcnpal\htdocs\public_html\core\global_include.php on line 810
[2026-07-06 18:10:12] Creation of dynamic property app::$rs_offer_msg is deprecated in C:\xampp\Desktop\mdcnpal\htdocs\public_html\core\app.php on line 434
[2026-07-06 18:10:12] Creation of dynamic property app::$rs_for_doctors is deprecated in C:\xampp\Desktop\mdcnpal\htdocs\public_html\core\app.php on line 434
[2026-07-06 18:10:13] Creation of dynamic property app::$rs_gallery_data is deprecated in C:\xampp\Desktop\mdcnpal\htdocs\public_html\core\app.php on line 434
[2026-07-06 18:10:13] Creation of dynamic property app::$category is deprecated in C:\xampp\Desktop\mdcnpal\htdocs\public_html\core\app.php on line 434
[2026-07-06 18:10:13] Undefined array key 0 in C:\xampp\Desktop\mdcnpal\htdocs\public_html\controllers\controller_for_doctors.php on line 22
[2026-07-06 18:10:13] Creation of dynamic property app::$records_doctors is deprecated in C:\xampp\Desktop\mdcnpal\htdocs\public_html\core\app.php on line 434
[2026-07-06 18:10:13] Undefined array key 0 in C:\xampp\Desktop\mdcnpal\htdocs\public_html\controllers\controller_for_doctors.php on line 25
[2026-07-06 18:10:13] Trying to access array offset on value of type null in C:\xampp\Desktop\mdcnpal\htdocs\public_html\controllers\controller_for_doctors.php on line 25
[2026-07-06 18:10:13] Creation of dynamic property app::$records_services is deprecated in C:\xampp\Desktop\mdcnpal\htdocs\public_html\core\app.php on line 434
[2026-07-06 18:10:13] Undefined array key 0 in C:\xampp\Desktop\mdcnpal\htdocs\public_html\controllers\controller_for_doctors.php on line 31
[2026-07-06 18:10:13] Trying to access array offset on value of type null in C:\xampp\Desktop\mdcnpal\htdocs\public_html\controllers\controller_for_doctors.php on line 31
[2026-07-06 18:10:13] str_replace(): Passing null to parameter #3 ($subject) of type array|string is deprecated in C:\xampp\Desktop\mdcnpal\htdocs\public_html\controllers\controller_for_doctors.php on line 31
[2026-07-06 18:10:13] Undefined array key 0 in C:\xampp\Desktop\mdcnpal\htdocs\public_html\controllers\controller_for_doctors.php on line 32
[2026-07-06 18:10:13] Trying to access array offset on value of type null in C:\xampp\Desktop\mdcnpal\htdocs\public_html\controllers\controller_for_doctors.php on line 32
[2026-07-06 18:10:13] str_replace(): Passing null to parameter #3 ($subject) of type array|string is deprecated in C:\xampp\Desktop\mdcnpal\htdocs\public_html\controllers\controller_for_doctors.php on line 32
[2026-07-06 18:10:13] Undefined array key 0 in C:\xampp\Desktop\mdcnpal\htdocs\public_html\controllers\controller_for_doctors.php on line 33
[2026-07-06 18:10:13] Trying to access array offset on value of type null in C:\xampp\Desktop\mdcnpal\htdocs\public_html\controllers\controller_for_doctors.php on line 33
[2026-07-06 18:10:13] str_replace(): Passing null to parameter #3 ($subject) of type array|string is deprecated in C:\xampp\Desktop\mdcnpal\htdocs\public_html\controllers\controller_for_doctors.php on line 33
[2026-07-06 18:10:13] Creation of dynamic property dbclass::$RECORD_SET is deprecated in C:\xampp\Desktop\mdcnpal\htdocs\public_html\core\dbclass.php on line 69
[2026-07-06 18:10:13] Creation of dynamic property dbclass::$app is deprecated in C:\xampp\Desktop\mdcnpal\htdocs\public_html\core\dbclass.php on line 75
[2026-07-06 18:10:13] Creation of dynamic property model::$foreign_tables is deprecated in C:\xampp\Desktop\mdcnpal\htdocs\public_html\core\model.php on line 43
[2026-07-06 18:10:13] Creation of dynamic property app::$inputfilter is deprecated in C:\xampp\Desktop\mdcnpal\htdocs\public_html\core\app.php on line 123
[2026-07-06 18:10:13] Creation of dynamic property app::$userconfig is deprecated in C:\xampp\Desktop\mdcnpal\htdocs\public_html\core\app.php on line 124
[2026-07-06 18:10:13] Creation of dynamic property app::$global_include is deprecated in C:\xampp\Desktop\mdcnpal\htdocs\public_html\core\app.php on line 125
[2026-07-06 18:10:13] Creation of dynamic property app::$set_cache_time is deprecated in C:\xampp\Desktop\mdcnpal\htdocs\public_html\core\app.php on line 153
[2026-07-06 18:10:13] Creation of dynamic property app::$meta is deprecated in C:\xampp\Desktop\mdcnpal\htdocs\public_html\core\app.php on line 434
[2026-07-06 18:10:13] Creation of dynamic property app::$rs_gs_city is deprecated in C:\xampp\Desktop\mdcnpal\htdocs\public_html\core\app.php on line 434
[2026-07-06 18:10:13] Creation of dynamic property app::$rs_footer_popular_item is deprecated in C:\xampp\Desktop\mdcnpal\htdocs\public_html\core\app.php on line 434
[2026-07-06 18:10:13] Creation of dynamic property app::$rs_footer_popular_test is deprecated in C:\xampp\Desktop\mdcnpal\htdocs\public_html\core\app.php on line 434
[2026-07-06 18:10:13] Creation of dynamic property app::$rs_testimonial is deprecated in C:\xampp\Desktop\mdcnpal\htdocs\public_html\core\app.php on line 434
[2026-07-06 18:10:13] Creation of dynamic property app::$admin is deprecated in C:\xampp\Desktop\mdcnpal\htdocs\public_html\core\app.php on line 434
[2026-07-06 18:10:13] Undefined array key 0 in C:\xampp\Desktop\mdcnpal\htdocs\public_html\core\global_include.php on line 514
[2026-07-06 18:10:13] Creation of dynamic property app::$popup is deprecated in C:\xampp\Desktop\mdcnpal\htdocs\public_html\core\app.php on line 434
[2026-07-06 18:10:13] Undefined array key "MDRCCustID" in C:\xampp\Desktop\mdcnpal\htdocs\public_html\core\global_include.php on line 515
[2026-07-06 18:10:13] Undefined array key "MDRCToken" in C:\xampp\Desktop\mdcnpal\htdocs\public_html\core\global_include.php on line 515
[2026-07-06 18:10:13] Creation of dynamic property app::$rscategory is deprecated in C:\xampp\Desktop\mdcnpal\htdocs\public_html\core\app.php on line 434
[2026-07-06 18:10:13] Creation of dynamic property app::$rs_pages is deprecated in C:\xampp\Desktop\mdcnpal\htdocs\public_html\core\app.php on line 434
[2026-07-06 18:10:13] Creation of dynamic property app::$gs is deprecated in C:\xampp\Desktop\mdcnpal\htdocs\public_html\core\app.php on line 434
[2026-07-06 18:10:13] Undefined array key "MDRCCustID" in C:\xampp\Desktop\mdcnpal\htdocs\public_html\core\global_include.php on line 596
[2026-07-06 18:10:13] Undefined array key "MDRCCustID" in C:\xampp\Desktop\mdcnpal\htdocs\public_html\core\global_include.php on line 615
[2026-07-06 18:10:13] Undefined variable $getId in C:\xampp\Desktop\mdcnpal\htdocs\public_html\core\global_include.php on line 684
[2026-07-06 18:10:13] Undefined variable $getName in C:\xampp\Desktop\mdcnpal\htdocs\public_html\core\global_include.php on line 685
[2026-07-06 18:10:13] Undefined array key 0 in C:\xampp\Desktop\mdcnpal\htdocs\public_html\core\global_include.php on line 810
[2026-07-06 18:10:13] Creation of dynamic property app::$rs_offer_msg is deprecated in C:\xampp\Desktop\mdcnpal\htdocs\public_html\core\app.php on line 434
[2026-07-06 18:10:13] Creation of dynamic property app::$rs_for_doctors is deprecated in C:\xampp\Desktop\mdcnpal\htdocs\public_html\core\app.php on line 434
[2026-07-06 18:10:13] Undefined property: app::$rs_cartmini in C:\xampp\Desktop\mdcnpal\htdocs\public_html\includes\header.php on line 131
[2026-07-06 18:10:13] Undefined array key "MDRCCustID" in C:\xampp\Desktop\mdcnpal\htdocs\public_html\includes\header.php on line 134
[2026-07-06 18:10:13] Undefined property: app::$rs_cartmini in C:\xampp\Desktop\mdcnpal\htdocs\public_html\includes\header.php on line 197
[2026-07-06 18:10:13] Undefined array key "MDRCCustID" in C:\xampp\Desktop\mdcnpal\htdocs\public_html\includes\header.php on line 200
[2026-07-06 18:10:13] Undefined property: app::$rs_cartmini in C:\xampp\Desktop\mdcnpal\htdocs\public_html\includes\header.php on line 469
[2026-07-06 18:10:13] Undefined array key "MDRCCustID" in C:\xampp\Desktop\mdcnpal\htdocs\public_html\includes\header.php on line 472
[2026-07-06 18:10:13] Undefined property: app::$rs_cartmini in C:\xampp\Desktop\mdcnpal\htdocs\public_html\includes\header.php on line 525
[2026-07-06 18:10:13] Undefined array key "MDRCCustID" in C:\xampp\Desktop\mdcnpal\htdocs\public_html\includes\header.php on line 528
[2026-07-06 18:10:13] Undefined property: app::$rs_customer in C:\xampp\Desktop\mdcnpal\htdocs\public_html\includes\header.php on line 712
[2026-07-06 18:10:13] Trying to access array offset on value of type null in C:\xampp\Desktop\mdcnpal\htdocs\public_html\includes\header.php on line 712
[2026-07-06 18:10:13] Undefined property: app::$rs_customer in C:\xampp\Desktop\mdcnpal\htdocs\public_html\includes\header.php on line 721
[2026-07-06 18:10:13] Trying to access array offset on value of type null in C:\xampp\Desktop\mdcnpal\htdocs\public_html\includes\header.php on line 721
[2026-07-06 18:10:13] Undefined property: app::$rs_customer in C:\xampp\Desktop\mdcnpal\htdocs\public_html\includes\header.php on line 730
[2026-07-06 18:10:13] Trying to access array offset on value of type null in C:\xampp\Desktop\mdcnpal\htdocs\public_html\includes\header.php on line 730
[2026-07-06 18:10:13] Undefined property: app::$rs_customer in C:\xampp\Desktop\mdcnpal\htdocs\public_html\includes\header.php on line 739
[2026-07-06 18:10:13] Trying to access array offset on value of type null in C:\xampp\Desktop\mdcnpal\htdocs\public_html\includes\header.php on line 739
[2026-07-06 18:10:13] Undefined property: app::$rs_customer in C:\xampp\Desktop\mdcnpal\htdocs\public_html\includes\footer.php on line 357
[2026-07-06 18:10:13] Trying to access array offset on value of type null in C:\xampp\Desktop\mdcnpal\htdocs\public_html\includes\footer.php on line 357
[2026-07-06 18:10:13] Undefined property: app::$rs_customer in C:\xampp\Desktop\mdcnpal\htdocs\public_html\includes\footer.php on line 366
[2026-07-06 18:10:13] Trying to access array offset on value of type null in C:\xampp\Desktop\mdcnpal\htdocs\public_html\includes\footer.php on line 366
[2026-07-06 18:10:13] Undefined property: app::$rs_customer in C:\xampp\Desktop\mdcnpal\htdocs\public_html\includes\footer.php on line 372
[2026-07-06 18:10:13] Trying to access array offset on value of type null in C:\xampp\Desktop\mdcnpal\htdocs\public_html\includes\footer.php on line 372
[2026-07-06 18:10:13] Undefined property: app::$rs_customer in C:\xampp\Desktop\mdcnpal\htdocs\public_html\includes\general_data.php on line 88
[2026-07-06 18:10:13] Trying to access array offset on value of type null in C:\xampp\Desktop\mdcnpal\htdocs\public_html\includes\general_data.php on line 88
[2026-07-06 18:10:13] Undefined array key "MDRCCustID" in C:\xampp\Desktop\mdcnpal\htdocs\public_html\includes\general_data.php on line 88
[2026-07-06 18:10:13] Undefined variable $tmpStr in C:\xampp\Desktop\mdcnpal\htdocs\public_html\core\app.php on line 971
[2026-07-06 18:10:46] Creation of dynamic property dbclass::$RECORD_SET is deprecated in C:\xampp\Desktop\mdcnpal\htdocs\public_html\core\dbclass.php on line 69
[2026-07-06 18:10:46] Creation of dynamic property dbclass::$app is deprecated in C:\xampp\Desktop\mdcnpal\htdocs\public_html\core\dbclass.php on line 75
[2026-07-06 18:10:46] Creation of dynamic property model::$foreign_tables is deprecated in C:\xampp\Desktop\mdcnpal\htdocs\public_html\core\model.php on line 43
[2026-07-06 18:10:46] Creation of dynamic property app::$inputfilter is deprecated in C:\xampp\Desktop\mdcnpal\htdocs\public_html\core\app.php on line 123
[2026-07-06 18:10:46] Creation of dynamic property app::$userconfig is deprecated in C:\xampp\Desktop\mdcnpal\htdocs\public_html\core\app.php on line 124
[2026-07-06 18:10:46] Creation of dynamic property app::$global_include is deprecated in C:\xampp\Desktop\mdcnpal\htdocs\public_html\core\app.php on line 125
[2026-07-06 18:10:46] Creation of dynamic property app::$set_cache_time is deprecated in C:\xampp\Desktop\mdcnpal\htdocs\public_html\core\app.php on line 153
[2026-07-06 18:10:46] Creation of dynamic property app::$meta is deprecated in C:\xampp\Desktop\mdcnpal\htdocs\public_html\core\app.php on line 434
[2026-07-06 18:10:46] Creation of dynamic property app::$rs_gs_city is deprecated in C:\xampp\Desktop\mdcnpal\htdocs\public_html\core\app.php on line 434
[2026-07-06 18:10:47] Creation of dynamic property app::$rs_footer_popular_item is deprecated in C:\xampp\Desktop\mdcnpal\htdocs\public_html\core\app.php on line 434
[2026-07-06 18:10:48] Creation of dynamic property app::$rs_footer_popular_test is deprecated in C:\xampp\Desktop\mdcnpal\htdocs\public_html\core\app.php on line 434
[2026-07-06 18:10:48] Creation of dynamic property app::$rs_testimonial is deprecated in C:\xampp\Desktop\mdcnpal\htdocs\public_html\core\app.php on line 434
[2026-07-06 18:10:48] Creation of dynamic property app::$admin is deprecated in C:\xampp\Desktop\mdcnpal\htdocs\public_html\core\app.php on line 434
[2026-07-06 18:10:48] Undefined array key 0 in C:\xampp\Desktop\mdcnpal\htdocs\public_html\core\global_include.php on line 514
[2026-07-06 18:10:48] Creation of dynamic property app::$popup is deprecated in C:\xampp\Desktop\mdcnpal\htdocs\public_html\core\app.php on line 434
[2026-07-06 18:10:48] Undefined array key "MDRCCustID" in C:\xampp\Desktop\mdcnpal\htdocs\public_html\core\global_include.php on line 515
[2026-07-06 18:10:48] Undefined array key "MDRCToken" in C:\xampp\Desktop\mdcnpal\htdocs\public_html\core\global_include.php on line 515
[2026-07-06 18:10:48] Creation of dynamic property app::$rscategory is deprecated in C:\xampp\Desktop\mdcnpal\htdocs\public_html\core\app.php on line 434
[2026-07-06 18:10:48] Creation of dynamic property app::$rs_pages is deprecated in C:\xampp\Desktop\mdcnpal\htdocs\public_html\core\app.php on line 434
[2026-07-06 18:10:48] Creation of dynamic property app::$gs is deprecated in C:\xampp\Desktop\mdcnpal\htdocs\public_html\core\app.php on line 434
[2026-07-06 18:10:48] Undefined array key "MDRCCustID" in C:\xampp\Desktop\mdcnpal\htdocs\public_html\core\global_include.php on line 596
[2026-07-06 18:10:48] Undefined array key "MDRCCustID" in C:\xampp\Desktop\mdcnpal\htdocs\public_html\core\global_include.php on line 615
[2026-07-06 18:10:48] Undefined variable $getId in C:\xampp\Desktop\mdcnpal\htdocs\public_html\core\global_include.php on line 684
[2026-07-06 18:10:48] Undefined variable $getName in C:\xampp\Desktop\mdcnpal\htdocs\public_html\core\global_include.php on line 685
[2026-07-06 18:10:48] Undefined array key 0 in C:\xampp\Desktop\mdcnpal\htdocs\public_html\core\global_include.php on line 810
[2026-07-06 18:10:48] Creation of dynamic property app::$rs_offer_msg is deprecated in C:\xampp\Desktop\mdcnpal\htdocs\public_html\core\app.php on line 434
[2026-07-06 18:10:48] Creation of dynamic property app::$rs_for_doctors is deprecated in C:\xampp\Desktop\mdcnpal\htdocs\public_html\core\app.php on line 434
[2026-07-06 18:10:48] Creation of dynamic property app::$rs_blog_category is deprecated in C:\xampp\Desktop\mdcnpal\htdocs\public_html\core\app.php on line 434
[2026-07-06 18:10:48] Undefined variable $array_bread in C:\xampp\Desktop\mdcnpal\htdocs\public_html\controllers\controller_blog.php on line 62
[2026-07-06 18:10:48] Creation of dynamic property app::$array_bread is deprecated in C:\xampp\Desktop\mdcnpal\htdocs\public_html\core\app.php on line 434
[2026-07-06 18:10:48] Creation of dynamic property app::$CatId is deprecated in C:\xampp\Desktop\mdcnpal\htdocs\public_html\core\app.php on line 434
[2026-07-06 18:10:48] Creation of dynamic property app::$TagId is deprecated in C:\xampp\Desktop\mdcnpal\htdocs\public_html\core\app.php on line 434
[2026-07-06 18:10:48] Creation of dynamic property app::$rs_data is deprecated in C:\xampp\Desktop\mdcnpal\htdocs\public_html\core\app.php on line 434
[2026-07-06 18:10:48] Undefined property: app::$rs_cartmini in C:\xampp\Desktop\mdcnpal\htdocs\public_html\includes\header.php on line 131
[2026-07-06 18:10:48] Undefined array key "MDRCCustID" in C:\xampp\Desktop\mdcnpal\htdocs\public_html\includes\header.php on line 134
[2026-07-06 18:10:48] Undefined property: app::$rs_cartmini in C:\xampp\Desktop\mdcnpal\htdocs\public_html\includes\header.php on line 197
[2026-07-06 18:10:48] Undefined array key "MDRCCustID" in C:\xampp\Desktop\mdcnpal\htdocs\public_html\includes\header.php on line 200
[2026-07-06 18:10:48] Undefined property: app::$rs_cartmini in C:\xampp\Desktop\mdcnpal\htdocs\public_html\includes\header.php on line 469
[2026-07-06 18:10:48] Undefined array key "MDRCCustID" in C:\xampp\Desktop\mdcnpal\htdocs\public_html\includes\header.php on line 472
[2026-07-06 18:10:48] Undefined property: app::$rs_cartmini in C:\xampp\Desktop\mdcnpal\htdocs\public_html\includes\header.php on line 525
[2026-07-06 18:10:48] Undefined array key "MDRCCustID" in C:\xampp\Desktop\mdcnpal\htdocs\public_html\includes\header.php on line 528
[2026-07-06 18:10:48] Undefined property: app::$rs_customer in C:\xampp\Desktop\mdcnpal\htdocs\public_html\includes\header.php on line 712
[2026-07-06 18:10:48] Trying to access array offset on value of type null in C:\xampp\Desktop\mdcnpal\htdocs\public_html\includes\header.php on line 712
[2026-07-06 18:10:48] Undefined property: app::$rs_customer in C:\xampp\Desktop\mdcnpal\htdocs\public_html\includes\header.php on line 721
[2026-07-06 18:10:48] Trying to access array offset on value of type null in C:\xampp\Desktop\mdcnpal\htdocs\public_html\includes\header.php on line 721
[2026-07-06 18:10:48] Undefined property: app::$rs_customer in C:\xampp\Desktop\mdcnpal\htdocs\public_html\includes\header.php on line 730
[2026-07-06 18:10:48] Trying to access array offset on value of type null in C:\xampp\Desktop\mdcnpal\htdocs\public_html\includes\header.php on line 730
[2026-07-06 18:10:48] Undefined property: app::$rs_customer in C:\xampp\Desktop\mdcnpal\htdocs\public_html\includes\header.php on line 739
[2026-07-06 18:10:48] Trying to access array offset on value of type null in C:\xampp\Desktop\mdcnpal\htdocs\public_html\includes\header.php on line 739
[06-Jul-2026 18:10:48 Asia/Kathmandu] PHP Fatal error:  Uncaught TypeError: count(): Argument #1 ($value) must be of type Countable|array, int given in C:\xampp\Desktop\mdcnpal\htdocs\public_html\core\app.php(565) : eval()'d code:81
Stack trace:
#0 C:\xampp\Desktop\mdcnpal\htdocs\public_html\core\app.php(565): eval()
#1 C:\xampp\Desktop\mdcnpal\htdocs\public_html\core\app.php(535): app->compile()
#2 C:\xampp\Desktop\mdcnpal\htdocs\public_html\core\app.php(516): app->package()
#3 C:\xampp\Desktop\mdcnpal\htdocs\public_html\index.php(6): app->execute()
#4 {main}
  thrown in C:\xampp\Desktop\mdcnpal\htdocs\public_html\core\app.php(565) : eval()'d code on line 81
[2026-07-06 18:10:49] Creation of dynamic property dbclass::$RECORD_SET is deprecated in C:\xampp\Desktop\mdcnpal\htdocs\public_html\core\dbclass.php on line 69
[2026-07-06 18:10:49] Creation of dynamic property dbclass::$app is deprecated in C:\xampp\Desktop\mdcnpal\htdocs\public_html\core\dbclass.php on line 75
[2026-07-06 18:10:49] Creation of dynamic property model::$foreign_tables is deprecated in C:\xampp\Desktop\mdcnpal\htdocs\public_html\core\model.php on line 43
[2026-07-06 18:10:49] Creation of dynamic property app::$inputfilter is deprecated in C:\xampp\Desktop\mdcnpal\htdocs\public_html\core\app.php on line 123
[2026-07-06 18:10:49] Creation of dynamic property app::$userconfig is deprecated in C:\xampp\Desktop\mdcnpal\htdocs\public_html\core\app.php on line 124
[2026-07-06 18:10:49] Creation of dynamic property app::$global_include is deprecated in C:\xampp\Desktop\mdcnpal\htdocs\public_html\core\app.php on line 125
[2026-07-06 18:10:49] Creation of dynamic property app::$set_cache_time is deprecated in C:\xampp\Desktop\mdcnpal\htdocs\public_html\core\app.php on line 153
[2026-07-06 18:10:49] Creation of dynamic property app::$meta is deprecated in C:\xampp\Desktop\mdcnpal\htdocs\public_html\core\app.php on line 434
[2026-07-06 18:10:49] Creation of dynamic property app::$rs_gs_city is deprecated in C:\xampp\Desktop\mdcnpal\htdocs\public_html\core\app.php on line 434
[2026-07-06 18:10:49] Creation of dynamic property app::$rs_footer_popular_item is deprecated in C:\xampp\Desktop\mdcnpal\htdocs\public_html\core\app.php on line 434
[2026-07-06 18:10:49] Creation of dynamic property app::$rs_footer_popular_test is deprecated in C:\xampp\Desktop\mdcnpal\htdocs\public_html\core\app.php on line 434
[2026-07-06 18:10:49] Creation of dynamic property app::$rs_testimonial is deprecated in C:\xampp\Desktop\mdcnpal\htdocs\public_html\core\app.php on line 434
[2026-07-06 18:10:49] Creation of dynamic property app::$admin is deprecated in C:\xampp\Desktop\mdcnpal\htdocs\public_html\core\app.php on line 434
[2026-07-06 18:10:49] Undefined array key 0 in C:\xampp\Desktop\mdcnpal\htdocs\public_html\core\global_include.php on line 514
[2026-07-06 18:10:49] Creation of dynamic property app::$popup is deprecated in C:\xampp\Desktop\mdcnpal\htdocs\public_html\core\app.php on line 434
[2026-07-06 18:10:49] Undefined array key "MDRCCustID" in C:\xampp\Desktop\mdcnpal\htdocs\public_html\core\global_include.php on line 515
[2026-07-06 18:10:49] Undefined array key "MDRCToken" in C:\xampp\Desktop\mdcnpal\htdocs\public_html\core\global_include.php on line 515
[2026-07-06 18:10:49] Creation of dynamic property app::$rscategory is deprecated in C:\xampp\Desktop\mdcnpal\htdocs\public_html\core\app.php on line 434
[2026-07-06 18:10:49] Creation of dynamic property app::$rs_pages is deprecated in C:\xampp\Desktop\mdcnpal\htdocs\public_html\core\app.php on line 434
[2026-07-06 18:10:49] Creation of dynamic property app::$gs is deprecated in C:\xampp\Desktop\mdcnpal\htdocs\public_html\core\app.php on line 434
[2026-07-06 18:10:49] Undefined array key "MDRCCustID" in C:\xampp\Desktop\mdcnpal\htdocs\public_html\core\global_include.php on line 596
[2026-07-06 18:10:49] Undefined array key "MDRCCustID" in C:\xampp\Desktop\mdcnpal\htdocs\public_html\core\global_include.php on line 615
[2026-07-06 18:10:49] Undefined variable $getId in C:\xampp\Desktop\mdcnpal\htdocs\public_html\core\global_include.php on line 684
[2026-07-06 18:10:49] Undefined variable $getName in C:\xampp\Desktop\mdcnpal\htdocs\public_html\core\global_include.php on line 685
[2026-07-06 18:10:49] Undefined array key 0 in C:\xampp\Desktop\mdcnpal\htdocs\public_html\core\global_include.php on line 810
[2026-07-06 18:10:49] Creation of dynamic property app::$rs_offer_msg is deprecated in C:\xampp\Desktop\mdcnpal\htdocs\public_html\core\app.php on line 434
[2026-07-06 18:10:49] Creation of dynamic property app::$rs_for_doctors is deprecated in C:\xampp\Desktop\mdcnpal\htdocs\public_html\core\app.php on line 434
[2026-07-06 18:10:49] Creation of dynamic property app::$rs_gallery_data is deprecated in C:\xampp\Desktop\mdcnpal\htdocs\public_html\core\app.php on line 434
[2026-07-06 18:10:49] Creation of dynamic property app::$category is deprecated in C:\xampp\Desktop\mdcnpal\htdocs\public_html\core\app.php on line 434
[2026-07-06 18:10:49] Undefined array key 0 in C:\xampp\Desktop\mdcnpal\htdocs\public_html\controllers\controller_for_doctors.php on line 22
[2026-07-06 18:10:49] Creation of dynamic property app::$records_doctors is deprecated in C:\xampp\Desktop\mdcnpal\htdocs\public_html\core\app.php on line 434
[2026-07-06 18:10:49] Undefined array key 0 in C:\xampp\Desktop\mdcnpal\htdocs\public_html\controllers\controller_for_doctors.php on line 25
[2026-07-06 18:10:49] Trying to access array offset on value of type null in C:\xampp\Desktop\mdcnpal\htdocs\public_html\controllers\controller_for_doctors.php on line 25
[2026-07-06 18:10:49] Creation of dynamic property app::$records_services is deprecated in C:\xampp\Desktop\mdcnpal\htdocs\public_html\core\app.php on line 434
[2026-07-06 18:10:49] Undefined array key 0 in C:\xampp\Desktop\mdcnpal\htdocs\public_html\controllers\controller_for_doctors.php on line 31
[2026-07-06 18:10:49] Trying to access array offset on value of type null in C:\xampp\Desktop\mdcnpal\htdocs\public_html\controllers\controller_for_doctors.php on line 31
[2026-07-06 18:10:49] str_replace(): Passing null to parameter #3 ($subject) of type array|string is deprecated in C:\xampp\Desktop\mdcnpal\htdocs\public_html\controllers\controller_for_doctors.php on line 31
[2026-07-06 18:10:49] Undefined array key 0 in C:\xampp\Desktop\mdcnpal\htdocs\public_html\controllers\controller_for_doctors.php on line 32
[2026-07-06 18:10:49] Trying to access array offset on value of type null in C:\xampp\Desktop\mdcnpal\htdocs\public_html\controllers\controller_for_doctors.php on line 32
[2026-07-06 18:10:49] str_replace(): Passing null to parameter #3 ($subject) of type array|string is deprecated in C:\xampp\Desktop\mdcnpal\htdocs\public_html\controllers\controller_for_doctors.php on line 32
[2026-07-06 18:10:49] Undefined array key 0 in C:\xampp\Desktop\mdcnpal\htdocs\public_html\controllers\controller_for_doctors.php on line 33
[2026-07-06 18:10:49] Trying to access array offset on value of type null in C:\xampp\Desktop\mdcnpal\htdocs\public_html\controllers\controller_for_doctors.php on line 33
[2026-07-06 18:10:49] str_replace(): Passing null to parameter #3 ($subject) of type array|string is deprecated in C:\xampp\Desktop\mdcnpal\htdocs\public_html\controllers\controller_for_doctors.php on line 33
[2026-07-06 18:10:49] Creation of dynamic property dbclass::$RECORD_SET is deprecated in C:\xampp\Desktop\mdcnpal\htdocs\public_html\core\dbclass.php on line 69
[2026-07-06 18:10:49] Creation of dynamic property dbclass::$app is deprecated in C:\xampp\Desktop\mdcnpal\htdocs\public_html\core\dbclass.php on line 75
[2026-07-06 18:10:49] Creation of dynamic property model::$foreign_tables is deprecated in C:\xampp\Desktop\mdcnpal\htdocs\public_html\core\model.php on line 43
[2026-07-06 18:10:49] Creation of dynamic property app::$inputfilter is deprecated in C:\xampp\Desktop\mdcnpal\htdocs\public_html\core\app.php on line 123
[2026-07-06 18:10:49] Creation of dynamic property app::$userconfig is deprecated in C:\xampp\Desktop\mdcnpal\htdocs\public_html\core\app.php on line 124
[2026-07-06 18:10:49] Creation of dynamic property app::$global_include is deprecated in C:\xampp\Desktop\mdcnpal\htdocs\public_html\core\app.php on line 125
[2026-07-06 18:10:49] Creation of dynamic property app::$set_cache_time is deprecated in C:\xampp\Desktop\mdcnpal\htdocs\public_html\core\app.php on line 153
[2026-07-06 18:10:49] Creation of dynamic property app::$meta is deprecated in C:\xampp\Desktop\mdcnpal\htdocs\public_html\core\app.php on line 434
[2026-07-06 18:10:49] Creation of dynamic property app::$rs_gs_city is deprecated in C:\xampp\Desktop\mdcnpal\htdocs\public_html\core\app.php on line 434
[2026-07-06 18:10:49] Creation of dynamic property app::$rs_footer_popular_item is deprecated in C:\xampp\Desktop\mdcnpal\htdocs\public_html\core\app.php on line 434
[2026-07-06 18:10:49] Creation of dynamic property app::$rs_footer_popular_test is deprecated in C:\xampp\Desktop\mdcnpal\htdocs\public_html\core\app.php on line 434
[2026-07-06 18:10:49] Creation of dynamic property app::$rs_testimonial is deprecated in C:\xampp\Desktop\mdcnpal\htdocs\public_html\core\app.php on line 434
[2026-07-06 18:10:49] Creation of dynamic property app::$admin is deprecated in C:\xampp\Desktop\mdcnpal\htdocs\public_html\core\app.php on line 434
[2026-07-06 18:10:49] Undefined array key 0 in C:\xampp\Desktop\mdcnpal\htdocs\public_html\core\global_include.php on line 514
[2026-07-06 18:10:49] Creation of dynamic property app::$popup is deprecated in C:\xampp\Desktop\mdcnpal\htdocs\public_html\core\app.php on line 434
[2026-07-06 18:10:49] Undefined array key "MDRCCustID" in C:\xampp\Desktop\mdcnpal\htdocs\public_html\core\global_include.php on line 515
[2026-07-06 18:10:49] Undefined array key "MDRCToken" in C:\xampp\Desktop\mdcnpal\htdocs\public_html\core\global_include.php on line 515
[2026-07-06 18:10:49] Creation of dynamic property app::$rscategory is deprecated in C:\xampp\Desktop\mdcnpal\htdocs\public_html\core\app.php on line 434
[2026-07-06 18:10:49] Creation of dynamic property app::$rs_pages is deprecated in C:\xampp\Desktop\mdcnpal\htdocs\public_html\core\app.php on line 434
[2026-07-06 18:10:49] Creation of dynamic property app::$gs is deprecated in C:\xampp\Desktop\mdcnpal\htdocs\public_html\core\app.php on line 434
[2026-07-06 18:10:49] Undefined array key "MDRCCustID" in C:\xampp\Desktop\mdcnpal\htdocs\public_html\core\global_include.php on line 596
[2026-07-06 18:10:49] Undefined array key "MDRCCustID" in C:\xampp\Desktop\mdcnpal\htdocs\public_html\core\global_include.php on line 615
[2026-07-06 18:10:49] Undefined variable $getId in C:\xampp\Desktop\mdcnpal\htdocs\public_html\core\global_include.php on line 684
[2026-07-06 18:10:49] Undefined variable $getName in C:\xampp\Desktop\mdcnpal\htdocs\public_html\core\global_include.php on line 685
[2026-07-06 18:10:49] Undefined array key 0 in C:\xampp\Desktop\mdcnpal\htdocs\public_html\core\global_include.php on line 810
[2026-07-06 18:10:49] Creation of dynamic property app::$rs_offer_msg is deprecated in C:\xampp\Desktop\mdcnpal\htdocs\public_html\core\app.php on line 434
[2026-07-06 18:10:49] Creation of dynamic property app::$rs_for_doctors is deprecated in C:\xampp\Desktop\mdcnpal\htdocs\public_html\core\app.php on line 434
[2026-07-06 18:10:49] Undefined property: app::$rs_cartmini in C:\xampp\Desktop\mdcnpal\htdocs\public_html\includes\header.php on line 131
[2026-07-06 18:10:49] Undefined array key "MDRCCustID" in C:\xampp\Desktop\mdcnpal\htdocs\public_html\includes\header.php on line 134
[2026-07-06 18:10:49] Undefined property: app::$rs_cartmini in C:\xampp\Desktop\mdcnpal\htdocs\public_html\includes\header.php on line 197
[2026-07-06 18:10:49] Undefined array key "MDRCCustID" in C:\xampp\Desktop\mdcnpal\htdocs\public_html\includes\header.php on line 200
[2026-07-06 18:10:49] Undefined property: app::$rs_cartmini in C:\xampp\Desktop\mdcnpal\htdocs\public_html\includes\header.php on line 469
[2026-07-06 18:10:49] Undefined array key "MDRCCustID" in C:\xampp\Desktop\mdcnpal\htdocs\public_html\includes\header.php on line 472
[2026-07-06 18:10:49] Undefined property: app::$rs_cartmini in C:\xampp\Desktop\mdcnpal\htdocs\public_html\includes\header.php on line 525
[2026-07-06 18:10:49] Undefined array key "MDRCCustID" in C:\xampp\Desktop\mdcnpal\htdocs\public_html\includes\header.php on line 528
[2026-07-06 18:10:49] Undefined property: app::$rs_customer in C:\xampp\Desktop\mdcnpal\htdocs\public_html\includes\header.php on line 712
[2026-07-06 18:10:49] Trying to access array offset on value of type null in C:\xampp\Desktop\mdcnpal\htdocs\public_html\includes\header.php on line 712
[2026-07-06 18:10:49] Undefined property: app::$rs_customer in C:\xampp\Desktop\mdcnpal\htdocs\public_html\includes\header.php on line 721
[2026-07-06 18:10:49] Trying to access array offset on value of type null in C:\xampp\Desktop\mdcnpal\htdocs\public_html\includes\header.php on line 721
[2026-07-06 18:10:49] Undefined property: app::$rs_customer in C:\xampp\Desktop\mdcnpal\htdocs\public_html\includes\header.php on line 730
[2026-07-06 18:10:49] Trying to access array offset on value of type null in C:\xampp\Desktop\mdcnpal\htdocs\public_html\includes\header.php on line 730
[2026-07-06 18:10:49] Undefined property: app::$rs_customer in C:\xampp\Desktop\mdcnpal\htdocs\public_html\includes\header.php on line 739
[2026-07-06 18:10:49] Trying to access array offset on value of type null in C:\xampp\Desktop\mdcnpal\htdocs\public_html\includes\header.php on line 739
[2026-07-06 18:10:49] Undefined property: app::$rs_customer in C:\xampp\Desktop\mdcnpal\htdocs\public_html\includes\footer.php on line 357
[2026-07-06 18:10:49] Trying to access array offset on value of type null in C:\xampp\Desktop\mdcnpal\htdocs\public_html\includes\footer.php on line 357
[2026-07-06 18:10:49] Undefined property: app::$rs_customer in C:\xampp\Desktop\mdcnpal\htdocs\public_html\includes\footer.php on line 366
[2026-07-06 18:10:49] Trying to access array offset on value of type null in C:\xampp\Desktop\mdcnpal\htdocs\public_html\includes\footer.php on line 366
[2026-07-06 18:10:49] Undefined property: app::$rs_customer in C:\xampp\Desktop\mdcnpal\htdocs\public_html\includes\footer.php on line 372
[2026-07-06 18:10:49] Trying to access array offset on value of type null in C:\xampp\Desktop\mdcnpal\htdocs\public_html\includes\footer.php on line 372
[2026-07-06 18:10:49] Undefined property: app::$rs_customer in C:\xampp\Desktop\mdcnpal\htdocs\public_html\includes\general_data.php on line 88
[2026-07-06 18:10:49] Trying to access array offset on value of type null in C:\xampp\Desktop\mdcnpal\htdocs\public_html\includes\general_data.php on line 88
[2026-07-06 18:10:49] Undefined array key "MDRCCustID" in C:\xampp\Desktop\mdcnpal\htdocs\public_html\includes\general_data.php on line 88
[2026-07-06 18:10:49] Undefined variable $tmpStr in C:\xampp\Desktop\mdcnpal\htdocs\public_html\core\app.php on line 971
[2026-07-06 18:10:53] Creation of dynamic property dbclass::$RECORD_SET is deprecated in C:\xampp\Desktop\mdcnpal\htdocs\public_html\core\dbclass.php on line 69
[2026-07-06 18:10:53] Creation of dynamic property dbclass::$app is deprecated in C:\xampp\Desktop\mdcnpal\htdocs\public_html\core\dbclass.php on line 75
[2026-07-06 18:10:53] Creation of dynamic property model::$foreign_tables is deprecated in C:\xampp\Desktop\mdcnpal\htdocs\public_html\core\model.php on line 43
[2026-07-06 18:10:53] Creation of dynamic property app::$inputfilter is deprecated in C:\xampp\Desktop\mdcnpal\htdocs\public_html\core\app.php on line 123
[2026-07-06 18:10:53] Creation of dynamic property app::$userconfig is deprecated in C:\xampp\Desktop\mdcnpal\htdocs\public_html\core\app.php on line 124
[2026-07-06 18:10:53] Creation of dynamic property app::$global_include is deprecated in C:\xampp\Desktop\mdcnpal\htdocs\public_html\core\app.php on line 125
[2026-07-06 18:10:53] Creation of dynamic property app::$set_cache_time is deprecated in C:\xampp\Desktop\mdcnpal\htdocs\public_html\core\app.php on line 153
[2026-07-06 18:10:53] Creation of dynamic property app::$meta is deprecated in C:\xampp\Desktop\mdcnpal\htdocs\public_html\core\app.php on line 434
[2026-07-06 18:10:53] Creation of dynamic property app::$rs_gs_city is deprecated in C:\xampp\Desktop\mdcnpal\htdocs\public_html\core\app.php on line 434
[2026-07-06 18:10:53] Creation of dynamic property app::$rs_footer_popular_item is deprecated in C:\xampp\Desktop\mdcnpal\htdocs\public_html\core\app.php on line 434
[2026-07-06 18:10:53] Creation of dynamic property app::$rs_footer_popular_test is deprecated in C:\xampp\Desktop\mdcnpal\htdocs\public_html\core\app.php on line 434
[2026-07-06 18:10:53] Creation of dynamic property app::$rs_testimonial is deprecated in C:\xampp\Desktop\mdcnpal\htdocs\public_html\core\app.php on line 434
[2026-07-06 18:10:53] Creation of dynamic property app::$admin is deprecated in C:\xampp\Desktop\mdcnpal\htdocs\public_html\core\app.php on line 434
[2026-07-06 18:10:53] Undefined array key 0 in C:\xampp\Desktop\mdcnpal\htdocs\public_html\core\global_include.php on line 514
[2026-07-06 18:10:53] Creation of dynamic property app::$popup is deprecated in C:\xampp\Desktop\mdcnpal\htdocs\public_html\core\app.php on line 434
[2026-07-06 18:10:53] Undefined array key "MDRCCustID" in C:\xampp\Desktop\mdcnpal\htdocs\public_html\core\global_include.php on line 515
[2026-07-06 18:10:53] Undefined array key "MDRCToken" in C:\xampp\Desktop\mdcnpal\htdocs\public_html\core\global_include.php on line 515
[2026-07-06 18:10:53] Creation of dynamic property app::$rscategory is deprecated in C:\xampp\Desktop\mdcnpal\htdocs\public_html\core\app.php on line 434
[2026-07-06 18:10:53] Creation of dynamic property app::$rs_pages is deprecated in C:\xampp\Desktop\mdcnpal\htdocs\public_html\core\app.php on line 434
[2026-07-06 18:10:53] Creation of dynamic property app::$gs is deprecated in C:\xampp\Desktop\mdcnpal\htdocs\public_html\core\app.php on line 434
[2026-07-06 18:10:53] Undefined array key "MDRCCustID" in C:\xampp\Desktop\mdcnpal\htdocs\public_html\core\global_include.php on line 596
[2026-07-06 18:10:53] Undefined array key "MDRCCustID" in C:\xampp\Desktop\mdcnpal\htdocs\public_html\core\global_include.php on line 615
[2026-07-06 18:10:53] Undefined variable $getId in C:\xampp\Desktop\mdcnpal\htdocs\public_html\core\global_include.php on line 684
[2026-07-06 18:10:53] Undefined variable $getName in C:\xampp\Desktop\mdcnpal\htdocs\public_html\core\global_include.php on line 685
[2026-07-06 18:10:53] Undefined array key 0 in C:\xampp\Desktop\mdcnpal\htdocs\public_html\core\global_include.php on line 810
[2026-07-06 18:10:53] Creation of dynamic property app::$rs_offer_msg is deprecated in C:\xampp\Desktop\mdcnpal\htdocs\public_html\core\app.php on line 434
[2026-07-06 18:10:53] Creation of dynamic property app::$rs_for_doctors is deprecated in C:\xampp\Desktop\mdcnpal\htdocs\public_html\core\app.php on line 434
[2026-07-06 18:10:53] Creation of dynamic property app::$rs_data is deprecated in C:\xampp\Desktop\mdcnpal\htdocs\public_html\core\app.php on line 434
[2026-07-06 18:10:53] Creation of dynamic property app::$rs_certi_data is deprecated in C:\xampp\Desktop\mdcnpal\htdocs\public_html\core\app.php on line 434
[2026-07-06 18:10:53] Creation of dynamic property app::$rs_key_fetures_data is deprecated in C:\xampp\Desktop\mdcnpal\htdocs\public_html\core\app.php on line 434
[2026-07-06 18:10:53] Creation of dynamic property app::$rs_banner is deprecated in C:\xampp\Desktop\mdcnpal\htdocs\public_html\core\app.php on line 434
[2026-07-06 18:10:53] Creation of dynamic property app::$rs_package_data is deprecated in C:\xampp\Desktop\mdcnpal\htdocs\public_html\core\app.php on line 434
[2026-07-06 18:10:53] Creation of dynamic property app::$city_id is deprecated in C:\xampp\Desktop\mdcnpal\htdocs\public_html\core\app.php on line 434
[2026-07-06 18:10:53] Creation of dynamic property app::$city_name is deprecated in C:\xampp\Desktop\mdcnpal\htdocs\public_html\core\app.php on line 434
[2026-07-06 18:10:53] Creation of dynamic property app::$rs_faq_data is deprecated in C:\xampp\Desktop\mdcnpal\htdocs\public_html\core\app.php on line 434
[2026-07-06 18:10:53] Undefined property: app::$rs_cartmini in C:\xampp\Desktop\mdcnpal\htdocs\public_html\includes\header.php on line 131
[2026-07-06 18:10:53] Undefined array key "MDRCCustID" in C:\xampp\Desktop\mdcnpal\htdocs\public_html\includes\header.php on line 134
[2026-07-06 18:10:53] Undefined property: app::$rs_cartmini in C:\xampp\Desktop\mdcnpal\htdocs\public_html\includes\header.php on line 197
[2026-07-06 18:10:53] Undefined array key "MDRCCustID" in C:\xampp\Desktop\mdcnpal\htdocs\public_html\includes\header.php on line 200
[2026-07-06 18:10:53] Undefined property: app::$rs_cartmini in C:\xampp\Desktop\mdcnpal\htdocs\public_html\includes\header.php on line 469
[2026-07-06 18:10:53] Undefined array key "MDRCCustID" in C:\xampp\Desktop\mdcnpal\htdocs\public_html\includes\header.php on line 472
[2026-07-06 18:10:53] Undefined property: app::$rs_cartmini in C:\xampp\Desktop\mdcnpal\htdocs\public_html\includes\header.php on line 525
[2026-07-06 18:10:53] Undefined array key "MDRCCustID" in C:\xampp\Desktop\mdcnpal\htdocs\public_html\includes\header.php on line 528
[2026-07-06 18:10:53] Undefined property: app::$rs_customer in C:\xampp\Desktop\mdcnpal\htdocs\public_html\includes\header.php on line 712
[2026-07-06 18:10:53] Trying to access array offset on value of type null in C:\xampp\Desktop\mdcnpal\htdocs\public_html\includes\header.php on line 712
[2026-07-06 18:10:53] Undefined property: app::$rs_customer in C:\xampp\Desktop\mdcnpal\htdocs\public_html\includes\header.php on line 721
[2026-07-06 18:10:53] Trying to access array offset on value of type null in C:\xampp\Desktop\mdcnpal\htdocs\public_html\includes\header.php on line 721
[2026-07-06 18:10:53] Undefined property: app::$rs_customer in C:\xampp\Desktop\mdcnpal\htdocs\public_html\includes\header.php on line 730
[2026-07-06 18:10:53] Trying to access array offset on value of type null in C:\xampp\Desktop\mdcnpal\htdocs\public_html\includes\header.php on line 730
[2026-07-06 18:10:53] Undefined property: app::$rs_customer in C:\xampp\Desktop\mdcnpal\htdocs\public_html\includes\header.php on line 739
[2026-07-06 18:10:53] Trying to access array offset on value of type null in C:\xampp\Desktop\mdcnpal\htdocs\public_html\includes\header.php on line 739
[2026-07-06 18:10:53] Undefined property: app::$rs_customer in C:\xampp\Desktop\mdcnpal\htdocs\public_html\includes\footer.php on line 357
[2026-07-06 18:10:53] Trying to access array offset on value of type null in C:\xampp\Desktop\mdcnpal\htdocs\public_html\includes\footer.php on line 357
[2026-07-06 18:10:53] Undefined property: app::$rs_customer in C:\xampp\Desktop\mdcnpal\htdocs\public_html\includes\footer.php on line 366
[2026-07-06 18:10:53] Trying to access array offset on value of type null in C:\xampp\Desktop\mdcnpal\htdocs\public_html\includes\footer.php on line 366
[2026-07-06 18:10:53] Undefined property: app::$rs_customer in C:\xampp\Desktop\mdcnpal\htdocs\public_html\includes\footer.php on line 372
[2026-07-06 18:10:53] Trying to access array offset on value of type null in C:\xampp\Desktop\mdcnpal\htdocs\public_html\includes\footer.php on line 372
[2026-07-06 18:10:53] Undefined property: app::$rs_customer in C:\xampp\Desktop\mdcnpal\htdocs\public_html\includes\general_data.php on line 88
[2026-07-06 18:10:53] Trying to access array offset on value of type null in C:\xampp\Desktop\mdcnpal\htdocs\public_html\includes\general_data.php on line 88
[2026-07-06 18:10:53] Undefined array key "MDRCCustID" in C:\xampp\Desktop\mdcnpal\htdocs\public_html\includes\general_data.php on line 88
[2026-07-06 18:10:53] Undefined variable $tmpStr in C:\xampp\Desktop\mdcnpal\htdocs\public_html\core\app.php on line 971
[2026-07-06 18:10:58] Creation of dynamic property dbclass::$RECORD_SET is deprecated in C:\xampp\Desktop\mdcnpal\htdocs\public_html\core\dbclass.php on line 69
[2026-07-06 18:10:58] Creation of dynamic property dbclass::$app is deprecated in C:\xampp\Desktop\mdcnpal\htdocs\public_html\core\dbclass.php on line 75
[2026-07-06 18:10:58] Creation of dynamic property model::$foreign_tables is deprecated in C:\xampp\Desktop\mdcnpal\htdocs\public_html\core\model.php on line 43
[2026-07-06 18:10:58] Creation of dynamic property app::$inputfilter is deprecated in C:\xampp\Desktop\mdcnpal\htdocs\public_html\core\app.php on line 123
[2026-07-06 18:10:58] Creation of dynamic property app::$userconfig is deprecated in C:\xampp\Desktop\mdcnpal\htdocs\public_html\core\app.php on line 124
[2026-07-06 18:10:58] Creation of dynamic property app::$global_include is deprecated in C:\xampp\Desktop\mdcnpal\htdocs\public_html\core\app.php on line 125
[2026-07-06 18:10:58] Creation of dynamic property app::$set_cache_time is deprecated in C:\xampp\Desktop\mdcnpal\htdocs\public_html\core\app.php on line 153
[06-Jul-2026 18:10:58 Asia/Kathmandu] PHP Fatal error:  Uncaught ArgumentCountError: mysqli_set_charset() expects exactly 2 arguments, 1 given in C:\xampp\Desktop\mdcnpal\htdocs\public_html\scripts\ajax\add_to_cart.php:2
Stack trace:
#0 C:\xampp\Desktop\mdcnpal\htdocs\public_html\scripts\ajax\add_to_cart.php(2): mysqli_set_charset('utf8')
#1 C:\xampp\Desktop\mdcnpal\htdocs\public_html\scripts\ajax\index.php(15): include('C:\\xampp\\Deskto...')
#2 {main}
  thrown in C:\xampp\Desktop\mdcnpal\htdocs\public_html\scripts\ajax\add_to_cart.php on line 2
[2026-07-06 18:11:01] Creation of dynamic property dbclass::$RECORD_SET is deprecated in C:\xampp\Desktop\mdcnpal\htdocs\public_html\core\dbclass.php on line 69
[2026-07-06 18:11:01] Creation of dynamic property dbclass::$app is deprecated in C:\xampp\Desktop\mdcnpal\htdocs\public_html\core\dbclass.php on line 75
[2026-07-06 18:11:01] Creation of dynamic property model::$foreign_tables is deprecated in C:\xampp\Desktop\mdcnpal\htdocs\public_html\core\model.php on line 43
[2026-07-06 18:11:01] Creation of dynamic property app::$inputfilter is deprecated in C:\xampp\Desktop\mdcnpal\htdocs\public_html\core\app.php on line 123
[2026-07-06 18:11:01] Creation of dynamic property app::$userconfig is deprecated in C:\xampp\Desktop\mdcnpal\htdocs\public_html\core\app.php on line 124
[2026-07-06 18:11:01] Creation of dynamic property app::$global_include is deprecated in C:\xampp\Desktop\mdcnpal\htdocs\public_html\core\app.php on line 125
[2026-07-06 18:11:01] Creation of dynamic property app::$set_cache_time is deprecated in C:\xampp\Desktop\mdcnpal\htdocs\public_html\core\app.php on line 153
[2026-07-06 18:11:01] Undefined variable $RESULT in C:\xampp\Desktop\mdcnpal\htdocs\public_html\scripts\ajax\selectCityUsingGoogleMapApi.php on line 69
[2026-07-06 18:11:01] Undefined variable $URL in C:\xampp\Desktop\mdcnpal\htdocs\public_html\scripts\ajax\selectCityUsingGoogleMapApi.php on line 73
[2026-07-06 18:11:10] Creation of dynamic property dbclass::$RECORD_SET is deprecated in C:\xampp\Desktop\mdcnpal\htdocs\public_html\core\dbclass.php on line 69
[2026-07-06 18:11:10] Creation of dynamic property dbclass::$app is deprecated in C:\xampp\Desktop\mdcnpal\htdocs\public_html\core\dbclass.php on line 75
[2026-07-06 18:11:10] Creation of dynamic property model::$foreign_tables is deprecated in C:\xampp\Desktop\mdcnpal\htdocs\public_html\core\model.php on line 43
[2026-07-06 18:11:10] Creation of dynamic property app::$inputfilter is deprecated in C:\xampp\Desktop\mdcnpal\htdocs\public_html\core\app.php on line 123
[2026-07-06 18:11:10] Creation of dynamic property app::$userconfig is deprecated in C:\xampp\Desktop\mdcnpal\htdocs\public_html\core\app.php on line 124
[2026-07-06 18:11:10] Creation of dynamic property app::$global_include is deprecated in C:\xampp\Desktop\mdcnpal\htdocs\public_html\core\app.php on line 125
[2026-07-06 18:11:10] Creation of dynamic property app::$set_cache_time is deprecated in C:\xampp\Desktop\mdcnpal\htdocs\public_html\core\app.php on line 153
[2026-07-06 18:11:10] Creation of dynamic property app::$meta is deprecated in C:\xampp\Desktop\mdcnpal\htdocs\public_html\core\app.php on line 434
[2026-07-06 18:11:10] Creation of dynamic property app::$rs_gs_city is deprecated in C:\xampp\Desktop\mdcnpal\htdocs\public_html\core\app.php on line 434
[2026-07-06 18:11:10] Creation of dynamic property app::$rs_footer_popular_item is deprecated in C:\xampp\Desktop\mdcnpal\htdocs\public_html\core\app.php on line 434
[2026-07-06 18:11:10] Creation of dynamic property app::$rs_footer_popular_test is deprecated in C:\xampp\Desktop\mdcnpal\htdocs\public_html\core\app.php on line 434
[2026-07-06 18:11:10] Creation of dynamic property app::$rs_testimonial is deprecated in C:\xampp\Desktop\mdcnpal\htdocs\public_html\core\app.php on line 434
[2026-07-06 18:11:10] Creation of dynamic property app::$admin is deprecated in C:\xampp\Desktop\mdcnpal\htdocs\public_html\core\app.php on line 434
[2026-07-06 18:11:10] Undefined array key 0 in C:\xampp\Desktop\mdcnpal\htdocs\public_html\core\global_include.php on line 514
[2026-07-06 18:11:10] Creation of dynamic property app::$popup is deprecated in C:\xampp\Desktop\mdcnpal\htdocs\public_html\core\app.php on line 434
[2026-07-06 18:11:10] Undefined array key "MDRCCustID" in C:\xampp\Desktop\mdcnpal\htdocs\public_html\core\global_include.php on line 515
[2026-07-06 18:11:10] Undefined array key "MDRCToken" in C:\xampp\Desktop\mdcnpal\htdocs\public_html\core\global_include.php on line 515
[2026-07-06 18:11:10] Creation of dynamic property app::$rscategory is deprecated in C:\xampp\Desktop\mdcnpal\htdocs\public_html\core\app.php on line 434
[2026-07-06 18:11:10] Creation of dynamic property app::$rs_pages is deprecated in C:\xampp\Desktop\mdcnpal\htdocs\public_html\core\app.php on line 434
[2026-07-06 18:11:10] Creation of dynamic property app::$gs is deprecated in C:\xampp\Desktop\mdcnpal\htdocs\public_html\core\app.php on line 434
[2026-07-06 18:11:10] Undefined array key "MDRCCustID" in C:\xampp\Desktop\mdcnpal\htdocs\public_html\core\global_include.php on line 596
[2026-07-06 18:11:10] Undefined array key "MDRCCustID" in C:\xampp\Desktop\mdcnpal\htdocs\public_html\core\global_include.php on line 615
[2026-07-06 18:11:10] Undefined variable $getId in C:\xampp\Desktop\mdcnpal\htdocs\public_html\core\global_include.php on line 684
[2026-07-06 18:11:10] Undefined variable $getName in C:\xampp\Desktop\mdcnpal\htdocs\public_html\core\global_include.php on line 685
[2026-07-06 18:11:10] Undefined array key 0 in C:\xampp\Desktop\mdcnpal\htdocs\public_html\core\global_include.php on line 810
[2026-07-06 18:11:10] Creation of dynamic property app::$rs_offer_msg is deprecated in C:\xampp\Desktop\mdcnpal\htdocs\public_html\core\app.php on line 434
[2026-07-06 18:11:10] Creation of dynamic property app::$rs_for_doctors is deprecated in C:\xampp\Desktop\mdcnpal\htdocs\public_html\core\app.php on line 434
[2026-07-06 18:11:10] Creation of dynamic property app::$rs_area is deprecated in C:\xampp\Desktop\mdcnpal\htdocs\public_html\core\app.php on line 434
[2026-07-06 18:11:10] Creation of dynamic property app::$slug is deprecated in C:\xampp\Desktop\mdcnpal\htdocs\public_html\core\app.php on line 434
[2026-07-06 18:11:10] Creation of dynamic property app::$rs_banner is deprecated in C:\xampp\Desktop\mdcnpal\htdocs\public_html\core\app.php on line 434
[2026-07-06 18:11:11] Creation of dynamic property app::$rs_diseases is deprecated in C:\xampp\Desktop\mdcnpal\htdocs\public_html\core\app.php on line 434
[2026-07-06 18:11:11] Creation of dynamic property app::$diseasesInfo is deprecated in C:\xampp\Desktop\mdcnpal\htdocs\public_html\core\app.php on line 434
[2026-07-06 18:11:11] Undefined variable $rs_cat in C:\xampp\Desktop\mdcnpal\htdocs\public_html\controllers\controller_diseases.php on line 62
[2026-07-06 18:11:11] Trying to access array offset on value of type null in C:\xampp\Desktop\mdcnpal\htdocs\public_html\controllers\controller_diseases.php on line 62
[2026-07-06 18:11:11] Trying to access array offset on value of type null in C:\xampp\Desktop\mdcnpal\htdocs\public_html\controllers\controller_diseases.php on line 62
[2026-07-06 18:11:11] Creation of dynamic property app::$item_diseases_banner is deprecated in C:\xampp\Desktop\mdcnpal\htdocs\public_html\core\app.php on line 434
[2026-07-06 18:11:11] Creation of dynamic property app::$department_id is deprecated in C:\xampp\Desktop\mdcnpal\htdocs\public_html\core\app.php on line 434
[2026-07-06 18:11:11] Creation of dynamic property app::$city_id is deprecated in C:\xampp\Desktop\mdcnpal\htdocs\public_html\core\app.php on line 434
[2026-07-06 18:11:11] Creation of dynamic property app::$city_name is deprecated in C:\xampp\Desktop\mdcnpal\htdocs\public_html\core\app.php on line 434
[2026-07-06 18:11:11] Creation of dynamic property app::$data_id is deprecated in C:\xampp\Desktop\mdcnpal\htdocs\public_html\core\app.php on line 434
[2026-07-06 18:11:11] Creation of dynamic property app::$data_name is deprecated in C:\xampp\Desktop\mdcnpal\htdocs\public_html\core\app.php on line 434
[2026-07-06 18:11:11] Creation of dynamic property app::$pageType is deprecated in C:\xampp\Desktop\mdcnpal\htdocs\public_html\core\app.php on line 434
[2026-07-06 18:11:11] Creation of dynamic property app::$all_diseases is deprecated in C:\xampp\Desktop\mdcnpal\htdocs\public_html\core\app.php on line 434
[2026-07-06 18:11:11] Creation of dynamic property app::$rs_faq_data is deprecated in C:\xampp\Desktop\mdcnpal\htdocs\public_html\core\app.php on line 434
[2026-07-06 18:11:11] Undefined property: app::$rs_cartmini in C:\xampp\Desktop\mdcnpal\htdocs\public_html\includes\header.php on line 131
[2026-07-06 18:11:11] Undefined array key "MDRCCustID" in C:\xampp\Desktop\mdcnpal\htdocs\public_html\includes\header.php on line 134
[2026-07-06 18:11:11] Undefined property: app::$rs_cartmini in C:\xampp\Desktop\mdcnpal\htdocs\public_html\includes\header.php on line 197
[2026-07-06 18:11:11] Undefined array key "MDRCCustID" in C:\xampp\Desktop\mdcnpal\htdocs\public_html\includes\header.php on line 200
[2026-07-06 18:11:11] Undefined property: app::$rs_cartmini in C:\xampp\Desktop\mdcnpal\htdocs\public_html\includes\header.php on line 469
[2026-07-06 18:11:11] Undefined array key "MDRCCustID" in C:\xampp\Desktop\mdcnpal\htdocs\public_html\includes\header.php on line 472
[2026-07-06 18:11:11] Undefined property: app::$rs_cartmini in C:\xampp\Desktop\mdcnpal\htdocs\public_html\includes\header.php on line 525
[2026-07-06 18:11:11] Undefined array key "MDRCCustID" in C:\xampp\Desktop\mdcnpal\htdocs\public_html\includes\header.php on line 528
[2026-07-06 18:11:11] Undefined property: app::$rs_customer in C:\xampp\Desktop\mdcnpal\htdocs\public_html\includes\header.php on line 712
[2026-07-06 18:11:11] Trying to access array offset on value of type null in C:\xampp\Desktop\mdcnpal\htdocs\public_html\includes\header.php on line 712
[2026-07-06 18:11:11] Undefined property: app::$rs_customer in C:\xampp\Desktop\mdcnpal\htdocs\public_html\includes\header.php on line 721
[2026-07-06 18:11:11] Trying to access array offset on value of type null in C:\xampp\Desktop\mdcnpal\htdocs\public_html\includes\header.php on line 721
[2026-07-06 18:11:11] Undefined property: app::$rs_customer in C:\xampp\Desktop\mdcnpal\htdocs\public_html\includes\header.php on line 730
[2026-07-06 18:11:11] Trying to access array offset on value of type null in C:\xampp\Desktop\mdcnpal\htdocs\public_html\includes\header.php on line 730
[2026-07-06 18:11:11] Undefined property: app::$rs_customer in C:\xampp\Desktop\mdcnpal\htdocs\public_html\includes\header.php on line 739
[2026-07-06 18:11:11] Trying to access array offset on value of type null in C:\xampp\Desktop\mdcnpal\htdocs\public_html\includes\header.php on line 739
[2026-07-06 18:11:11] Undefined property: app::$rs_customer in C:\xampp\Desktop\mdcnpal\htdocs\public_html\includes\footer.php on line 357
[2026-07-06 18:11:11] Trying to access array offset on value of type null in C:\xampp\Desktop\mdcnpal\htdocs\public_html\includes\footer.php on line 357
[2026-07-06 18:11:11] Undefined property: app::$rs_customer in C:\xampp\Desktop\mdcnpal\htdocs\public_html\includes\footer.php on line 366
[2026-07-06 18:11:11] Trying to access array offset on value of type null in C:\xampp\Desktop\mdcnpal\htdocs\public_html\includes\footer.php on line 366
[2026-07-06 18:11:11] Undefined property: app::$rs_customer in C:\xampp\Desktop\mdcnpal\htdocs\public_html\includes\footer.php on line 372
[2026-07-06 18:11:11] Trying to access array offset on value of type null in C:\xampp\Desktop\mdcnpal\htdocs\public_html\includes\footer.php on line 372
[2026-07-06 18:11:11] Undefined property: app::$rs_customer in C:\xampp\Desktop\mdcnpal\htdocs\public_html\includes\general_data.php on line 88
[2026-07-06 18:11:11] Trying to access array offset on value of type null in C:\xampp\Desktop\mdcnpal\htdocs\public_html\includes\general_data.php on line 88
[2026-07-06 18:11:11] Undefined array key "MDRCCustID" in C:\xampp\Desktop\mdcnpal\htdocs\public_html\includes\general_data.php on line 88
[2026-07-06 18:11:11] Undefined variable $tmpStr in C:\xampp\Desktop\mdcnpal\htdocs\public_html\core\app.php on line 971
[2026-07-06 18:11:12] Creation of dynamic property dbclass::$RECORD_SET is deprecated in C:\xampp\Desktop\mdcnpal\htdocs\public_html\core\dbclass.php on line 69
[2026-07-06 18:11:12] Creation of dynamic property dbclass::$app is deprecated in C:\xampp\Desktop\mdcnpal\htdocs\public_html\core\dbclass.php on line 75
[2026-07-06 18:11:12] Creation of dynamic property model::$foreign_tables is deprecated in C:\xampp\Desktop\mdcnpal\htdocs\public_html\core\model.php on line 43
[2026-07-06 18:11:12] Creation of dynamic property app::$inputfilter is deprecated in C:\xampp\Desktop\mdcnpal\htdocs\public_html\core\app.php on line 123
[2026-07-06 18:11:12] Creation of dynamic property app::$userconfig is deprecated in C:\xampp\Desktop\mdcnpal\htdocs\public_html\core\app.php on line 124
[2026-07-06 18:11:12] Creation of dynamic property app::$global_include is deprecated in C:\xampp\Desktop\mdcnpal\htdocs\public_html\core\app.php on line 125
[2026-07-06 18:11:12] Creation of dynamic property app::$set_cache_time is deprecated in C:\xampp\Desktop\mdcnpal\htdocs\public_html\core\app.php on line 153
[06-Jul-2026 18:11:13 Asia/Kathmandu] PHP Fatal error:  Uncaught ArgumentCountError: mysqli_set_charset() expects exactly 2 arguments, 1 given in C:\xampp\Desktop\mdcnpal\htdocs\public_html\scripts\ajax\packages.php:2
Stack trace:
#0 C:\xampp\Desktop\mdcnpal\htdocs\public_html\scripts\ajax\packages.php(2): mysqli_set_charset('utf8')
#1 C:\xampp\Desktop\mdcnpal\htdocs\public_html\scripts\ajax\index.php(15): include('C:\\xampp\\Deskto...')
#2 {main}
  thrown in C:\xampp\Desktop\mdcnpal\htdocs\public_html\scripts\ajax\packages.php on line 2
[2026-07-06 18:11:14] Creation of dynamic property dbclass::$RECORD_SET is deprecated in C:\xampp\Desktop\mdcnpal\htdocs\public_html\core\dbclass.php on line 69
[2026-07-06 18:11:14] Creation of dynamic property dbclass::$app is deprecated in C:\xampp\Desktop\mdcnpal\htdocs\public_html\core\dbclass.php on line 75
[2026-07-06 18:11:14] Creation of dynamic property model::$foreign_tables is deprecated in C:\xampp\Desktop\mdcnpal\htdocs\public_html\core\model.php on line 43
[2026-07-06 18:11:14] Creation of dynamic property app::$inputfilter is deprecated in C:\xampp\Desktop\mdcnpal\htdocs\public_html\core\app.php on line 123
[2026-07-06 18:11:15] Creation of dynamic property app::$userconfig is deprecated in C:\xampp\Desktop\mdcnpal\htdocs\public_html\core\app.php on line 124
[2026-07-06 18:11:15] Creation of dynamic property app::$global_include is deprecated in C:\xampp\Desktop\mdcnpal\htdocs\public_html\core\app.php on line 125
[2026-07-06 18:11:15] Creation of dynamic property app::$set_cache_time is deprecated in C:\xampp\Desktop\mdcnpal\htdocs\public_html\core\app.php on line 153
[2026-07-06 18:11:15] Undefined variable $RESULT in C:\xampp\Desktop\mdcnpal\htdocs\public_html\scripts\ajax\selectCityUsingGoogleMapApi.php on line 69
[2026-07-06 18:11:15] Undefined variable $URL in C:\xampp\Desktop\mdcnpal\htdocs\public_html\scripts\ajax\selectCityUsingGoogleMapApi.php on line 73
[2026-07-06 18:11:19] Creation of dynamic property dbclass::$RECORD_SET is deprecated in C:\xampp\Desktop\mdcnpal\htdocs\public_html\core\dbclass.php on line 69
[2026-07-06 18:11:19] Creation of dynamic property dbclass::$app is deprecated in C:\xampp\Desktop\mdcnpal\htdocs\public_html\core\dbclass.php on line 75
[2026-07-06 18:11:19] Creation of dynamic property model::$foreign_tables is deprecated in C:\xampp\Desktop\mdcnpal\htdocs\public_html\core\model.php on line 43
[2026-07-06 18:11:19] Creation of dynamic property app::$inputfilter is deprecated in C:\xampp\Desktop\mdcnpal\htdocs\public_html\core\app.php on line 123
[2026-07-06 18:11:19] Creation of dynamic property app::$userconfig is deprecated in C:\xampp\Desktop\mdcnpal\htdocs\public_html\core\app.php on line 124
[2026-07-06 18:11:19] Creation of dynamic property app::$global_include is deprecated in C:\xampp\Desktop\mdcnpal\htdocs\public_html\core\app.php on line 125
[2026-07-06 18:11:19] Creation of dynamic property app::$set_cache_time is deprecated in C:\xampp\Desktop\mdcnpal\htdocs\public_html\core\app.php on line 153
[2026-07-06 18:11:19] Undefined array key "cityID" in C:\xampp\Desktop\mdcnpal\htdocs\public_html\core\global_include.php on line 381
[2026-07-06 18:11:19] Undefined array key "cityID" in C:\xampp\Desktop\mdcnpal\htdocs\public_html\core\global_include.php on line 416
[2026-07-06 18:11:19] Creation of dynamic property app::$meta is deprecated in C:\xampp\Desktop\mdcnpal\htdocs\public_html\core\app.php on line 434
[2026-07-06 18:11:19] Creation of dynamic property app::$rs_gs_city is deprecated in C:\xampp\Desktop\mdcnpal\htdocs\public_html\core\app.php on line 434
[2026-07-06 18:11:19] Undefined array key "cityID" in C:\xampp\Desktop\mdcnpal\htdocs\public_html\core\global_include.php on line 468
[2026-07-06 18:11:19] Creation of dynamic property app::$rs_footer_popular_item is deprecated in C:\xampp\Desktop\mdcnpal\htdocs\public_html\core\app.php on line 434
[2026-07-06 18:11:19] Creation of dynamic property app::$rs_footer_popular_test is deprecated in C:\xampp\Desktop\mdcnpal\htdocs\public_html\core\app.php on line 434
[2026-07-06 18:11:19] Creation of dynamic property app::$rs_testimonial is deprecated in C:\xampp\Desktop\mdcnpal\htdocs\public_html\core\app.php on line 434
[2026-07-06 18:11:19] Creation of dynamic property app::$admin is deprecated in C:\xampp\Desktop\mdcnpal\htdocs\public_html\core\app.php on line 434
[2026-07-06 18:11:19] Undefined array key 0 in C:\xampp\Desktop\mdcnpal\htdocs\public_html\core\global_include.php on line 514
[2026-07-06 18:11:19] Creation of dynamic property app::$popup is deprecated in C:\xampp\Desktop\mdcnpal\htdocs\public_html\core\app.php on line 434
[2026-07-06 18:11:19] Undefined array key "MDRCCustID" in C:\xampp\Desktop\mdcnpal\htdocs\public_html\core\global_include.php on line 515
[2026-07-06 18:11:19] Undefined array key "MDRCToken" in C:\xampp\Desktop\mdcnpal\htdocs\public_html\core\global_include.php on line 515
[2026-07-06 18:11:19] Creation of dynamic property app::$rscategory is deprecated in C:\xampp\Desktop\mdcnpal\htdocs\public_html\core\app.php on line 434
[2026-07-06 18:11:19] Creation of dynamic property app::$rs_pages is deprecated in C:\xampp\Desktop\mdcnpal\htdocs\public_html\core\app.php on line 434
[2026-07-06 18:11:19] Creation of dynamic property app::$gs is deprecated in C:\xampp\Desktop\mdcnpal\htdocs\public_html\core\app.php on line 434
[2026-07-06 18:11:19] Undefined array key "MDRCCustID" in C:\xampp\Desktop\mdcnpal\htdocs\public_html\core\global_include.php on line 596
[2026-07-06 18:11:19] Undefined array key "MDRCCustID" in C:\xampp\Desktop\mdcnpal\htdocs\public_html\core\global_include.php on line 615
[2026-07-06 18:11:19] Undefined variable $getId in C:\xampp\Desktop\mdcnpal\htdocs\public_html\core\global_include.php on line 684
[2026-07-06 18:11:19] Undefined variable $getName in C:\xampp\Desktop\mdcnpal\htdocs\public_html\core\global_include.php on line 685
[2026-07-06 18:11:19] Undefined array key 0 in C:\xampp\Desktop\mdcnpal\htdocs\public_html\core\global_include.php on line 810
[2026-07-06 18:11:19] Creation of dynamic property app::$rs_offer_msg is deprecated in C:\xampp\Desktop\mdcnpal\htdocs\public_html\core\app.php on line 434
[2026-07-06 18:11:19] Creation of dynamic property app::$rs_for_doctors is deprecated in C:\xampp\Desktop\mdcnpal\htdocs\public_html\core\app.php on line 434
[2026-07-06 18:11:19] Creation of dynamic property app::$rs_blog_category is deprecated in C:\xampp\Desktop\mdcnpal\htdocs\public_html\core\app.php on line 434
[2026-07-06 18:11:19] Creation of dynamic property app::$array_bread is deprecated in C:\xampp\Desktop\mdcnpal\htdocs\public_html\core\app.php on line 434
[2026-07-06 18:11:19] Creation of dynamic property app::$CatId is deprecated in C:\xampp\Desktop\mdcnpal\htdocs\public_html\core\app.php on line 434
[2026-07-06 18:11:19] Creation of dynamic property app::$TagId is deprecated in C:\xampp\Desktop\mdcnpal\htdocs\public_html\core\app.php on line 434
[2026-07-06 18:11:19] Creation of dynamic property app::$rs_data is deprecated in C:\xampp\Desktop\mdcnpal\htdocs\public_html\core\app.php on line 434
[2026-07-06 18:11:19] Undefined array key "tempCityID" in C:\xampp\Desktop\mdcnpal\htdocs\public_html\includes\header.php on line 5
[2026-07-06 18:11:19] Undefined array key "items" in C:\xampp\Desktop\mdcnpal\htdocs\public_html\includes\header.php on line 16
[2026-07-06 18:11:20] Undefined array key "item_category" in C:\xampp\Desktop\mdcnpal\htdocs\public_html\includes\header.php on line 26
[2026-07-06 18:11:20] Undefined array key "item_diseases" in C:\xampp\Desktop\mdcnpal\htdocs\public_html\includes\header.php on line 33
[2026-07-06 18:11:20] Undefined property: app::$rs_cartmini in C:\xampp\Desktop\mdcnpal\htdocs\public_html\includes\header.php on line 131
[2026-07-06 18:11:20] Undefined array key "MDRCCustID" in C:\xampp\Desktop\mdcnpal\htdocs\public_html\includes\header.php on line 134
[2026-07-06 18:11:20] Undefined property: app::$rs_cartmini in C:\xampp\Desktop\mdcnpal\htdocs\public_html\includes\header.php on line 197
[2026-07-06 18:11:20] Undefined array key "MDRCCustID" in C:\xampp\Desktop\mdcnpal\htdocs\public_html\includes\header.php on line 200
[2026-07-06 18:11:20] Undefined property: app::$rs_cartmini in C:\xampp\Desktop\mdcnpal\htdocs\public_html\includes\header.php on line 469
[2026-07-06 18:11:20] Undefined array key "MDRCCustID" in C:\xampp\Desktop\mdcnpal\htdocs\public_html\includes\header.php on line 472
[2026-07-06 18:11:20] Undefined property: app::$rs_cartmini in C:\xampp\Desktop\mdcnpal\htdocs\public_html\includes\header.php on line 525
[2026-07-06 18:11:20] Undefined array key "MDRCCustID" in C:\xampp\Desktop\mdcnpal\htdocs\public_html\includes\header.php on line 528
[2026-07-06 18:11:20] Undefined property: app::$rs_customer in C:\xampp\Desktop\mdcnpal\htdocs\public_html\includes\header.php on line 712
[2026-07-06 18:11:20] Trying to access array offset on value of type null in C:\xampp\Desktop\mdcnpal\htdocs\public_html\includes\header.php on line 712
[2026-07-06 18:11:20] Undefined property: app::$rs_customer in C:\xampp\Desktop\mdcnpal\htdocs\public_html\includes\header.php on line 721
[2026-07-06 18:11:20] Trying to access array offset on value of type null in C:\xampp\Desktop\mdcnpal\htdocs\public_html\includes\header.php on line 721
[2026-07-06 18:11:20] Undefined property: app::$rs_customer in C:\xampp\Desktop\mdcnpal\htdocs\public_html\includes\header.php on line 730
[2026-07-06 18:11:20] Trying to access array offset on value of type null in C:\xampp\Desktop\mdcnpal\htdocs\public_html\includes\header.php on line 730
[2026-07-06 18:11:20] Undefined property: app::$rs_customer in C:\xampp\Desktop\mdcnpal\htdocs\public_html\includes\header.php on line 739
[2026-07-06 18:11:20] Trying to access array offset on value of type null in C:\xampp\Desktop\mdcnpal\htdocs\public_html\includes\header.php on line 739
[2026-07-06 18:11:20] Undefined property: app::$rs_customer in C:\xampp\Desktop\mdcnpal\htdocs\public_html\includes\footer.php on line 357
[2026-07-06 18:11:20] Trying to access array offset on value of type null in C:\xampp\Desktop\mdcnpal\htdocs\public_html\includes\footer.php on line 357
[2026-07-06 18:11:20] Undefined property: app::$rs_customer in C:\xampp\Desktop\mdcnpal\htdocs\public_html\includes\footer.php on line 366
[2026-07-06 18:11:20] Trying to access array offset on value of type null in C:\xampp\Desktop\mdcnpal\htdocs\public_html\includes\footer.php on line 366
[2026-07-06 18:11:20] Undefined property: app::$rs_customer in C:\xampp\Desktop\mdcnpal\htdocs\public_html\includes\footer.php on line 372
[2026-07-06 18:11:20] Trying to access array offset on value of type null in C:\xampp\Desktop\mdcnpal\htdocs\public_html\includes\footer.php on line 372
[2026-07-06 18:11:20] Undefined property: app::$rs_customer in C:\xampp\Desktop\mdcnpal\htdocs\public_html\includes\general_data.php on line 88
[2026-07-06 18:11:20] Trying to access array offset on value of type null in C:\xampp\Desktop\mdcnpal\htdocs\public_html\includes\general_data.php on line 88
[2026-07-06 18:11:20] Undefined array key "MDRCCustID" in C:\xampp\Desktop\mdcnpal\htdocs\public_html\includes\general_data.php on line 88
[2026-07-06 18:11:20] Undefined variable $tmpStr in C:\xampp\Desktop\mdcnpal\htdocs\public_html\core\app.php on line 971
[2026-07-06 18:11:20] Creation of dynamic property dbclass::$RECORD_SET is deprecated in C:\xampp\Desktop\mdcnpal\htdocs\public_html\core\dbclass.php on line 69
[2026-07-06 18:11:20] Creation of dynamic property dbclass::$app is deprecated in C:\xampp\Desktop\mdcnpal\htdocs\public_html\core\dbclass.php on line 75
[2026-07-06 18:11:20] Creation of dynamic property model::$foreign_tables is deprecated in C:\xampp\Desktop\mdcnpal\htdocs\public_html\core\model.php on line 43
[2026-07-06 18:11:20] Creation of dynamic property app::$inputfilter is deprecated in C:\xampp\Desktop\mdcnpal\htdocs\public_html\core\app.php on line 123
[2026-07-06 18:11:20] Creation of dynamic property app::$userconfig is deprecated in C:\xampp\Desktop\mdcnpal\htdocs\public_html\core\app.php on line 124
[2026-07-06 18:11:20] Creation of dynamic property app::$global_include is deprecated in C:\xampp\Desktop\mdcnpal\htdocs\public_html\core\app.php on line 125
[2026-07-06 18:11:20] Creation of dynamic property app::$set_cache_time is deprecated in C:\xampp\Desktop\mdcnpal\htdocs\public_html\core\app.php on line 153
[2026-07-06 18:11:20] Undefined array key "cityID" in C:\xampp\Desktop\mdcnpal\htdocs\public_html\core\global_include.php on line 381
[2026-07-06 18:11:20] Undefined array key "cityID" in C:\xampp\Desktop\mdcnpal\htdocs\public_html\core\global_include.php on line 416
[2026-07-06 18:11:20] Creation of dynamic property app::$meta is deprecated in C:\xampp\Desktop\mdcnpal\htdocs\public_html\core\app.php on line 434
[2026-07-06 18:11:20] Creation of dynamic property app::$rs_gs_city is deprecated in C:\xampp\Desktop\mdcnpal\htdocs\public_html\core\app.php on line 434
[2026-07-06 18:11:20] Undefined array key "cityID" in C:\xampp\Desktop\mdcnpal\htdocs\public_html\core\global_include.php on line 468
[2026-07-06 18:11:20] Creation of dynamic property app::$rs_footer_popular_item is deprecated in C:\xampp\Desktop\mdcnpal\htdocs\public_html\core\app.php on line 434
[2026-07-06 18:11:20] Creation of dynamic property app::$rs_footer_popular_test is deprecated in C:\xampp\Desktop\mdcnpal\htdocs\public_html\core\app.php on line 434
[2026-07-06 18:11:20] Creation of dynamic property app::$rs_testimonial is deprecated in C:\xampp\Desktop\mdcnpal\htdocs\public_html\core\app.php on line 434
[2026-07-06 18:11:20] Creation of dynamic property app::$admin is deprecated in C:\xampp\Desktop\mdcnpal\htdocs\public_html\core\app.php on line 434
[2026-07-06 18:11:20] Undefined array key 0 in C:\xampp\Desktop\mdcnpal\htdocs\public_html\core\global_include.php on line 514
[2026-07-06 18:11:20] Creation of dynamic property app::$popup is deprecated in C:\xampp\Desktop\mdcnpal\htdocs\public_html\core\app.php on line 434
[2026-07-06 18:11:20] Undefined array key "MDRCCustID" in C:\xampp\Desktop\mdcnpal\htdocs\public_html\core\global_include.php on line 515
[2026-07-06 18:11:20] Undefined array key "MDRCToken" in C:\xampp\Desktop\mdcnpal\htdocs\public_html\core\global_include.php on line 515
[2026-07-06 18:11:20] Creation of dynamic property app::$rscategory is deprecated in C:\xampp\Desktop\mdcnpal\htdocs\public_html\core\app.php on line 434
[2026-07-06 18:11:20] Creation of dynamic property app::$rs_pages is deprecated in C:\xampp\Desktop\mdcnpal\htdocs\public_html\core\app.php on line 434
[2026-07-06 18:11:20] Creation of dynamic property app::$gs is deprecated in C:\xampp\Desktop\mdcnpal\htdocs\public_html\core\app.php on line 434
[2026-07-06 18:11:20] Undefined array key "MDRCCustID" in C:\xampp\Desktop\mdcnpal\htdocs\public_html\core\global_include.php on line 596
[2026-07-06 18:11:20] Undefined array key "MDRCCustID" in C:\xampp\Desktop\mdcnpal\htdocs\public_html\core\global_include.php on line 615
[2026-07-06 18:11:20] Undefined variable $getId in C:\xampp\Desktop\mdcnpal\htdocs\public_html\core\global_include.php on line 684
[2026-07-06 18:11:20] Undefined variable $getName in C:\xampp\Desktop\mdcnpal\htdocs\public_html\core\global_include.php on line 685
[2026-07-06 18:11:21] Undefined array key 0 in C:\xampp\Desktop\mdcnpal\htdocs\public_html\core\global_include.php on line 810
[2026-07-06 18:11:21] Creation of dynamic property app::$rs_offer_msg is deprecated in C:\xampp\Desktop\mdcnpal\htdocs\public_html\core\app.php on line 434
[2026-07-06 18:11:21] Creation of dynamic property app::$rs_for_doctors is deprecated in C:\xampp\Desktop\mdcnpal\htdocs\public_html\core\app.php on line 434
[2026-07-06 18:11:21] Creation of dynamic property app::$array_bread is deprecated in C:\xampp\Desktop\mdcnpal\htdocs\public_html\core\app.php on line 434
[2026-07-06 18:11:21] Creation of dynamic property app::$CatId is deprecated in C:\xampp\Desktop\mdcnpal\htdocs\public_html\core\app.php on line 434
[2026-07-06 18:11:21] Creation of dynamic property app::$TagId is deprecated in C:\xampp\Desktop\mdcnpal\htdocs\public_html\core\app.php on line 434
[2026-07-06 18:11:21] Creation of dynamic property app::$rs_data is deprecated in C:\xampp\Desktop\mdcnpal\htdocs\public_html\core\app.php on line 434
[2026-07-06 18:11:21] Undefined array key "tempCityID" in C:\xampp\Desktop\mdcnpal\htdocs\public_html\includes\header.php on line 5
[2026-07-06 18:11:21] Undefined array key "items" in C:\xampp\Desktop\mdcnpal\htdocs\public_html\includes\header.php on line 16
[2026-07-06 18:11:21] Undefined array key "item_category" in C:\xampp\Desktop\mdcnpal\htdocs\public_html\includes\header.php on line 26
[2026-07-06 18:11:21] Undefined array key "item_diseases" in C:\xampp\Desktop\mdcnpal\htdocs\public_html\includes\header.php on line 33
[2026-07-06 18:11:21] Undefined property: app::$rs_cartmini in C:\xampp\Desktop\mdcnpal\htdocs\public_html\includes\header.php on line 131
[2026-07-06 18:11:21] Undefined array key "MDRCCustID" in C:\xampp\Desktop\mdcnpal\htdocs\public_html\includes\header.php on line 134
[2026-07-06 18:11:21] Undefined property: app::$rs_cartmini in C:\xampp\Desktop\mdcnpal\htdocs\public_html\includes\header.php on line 197
[2026-07-06 18:11:21] Undefined array key "MDRCCustID" in C:\xampp\Desktop\mdcnpal\htdocs\public_html\includes\header.php on line 200
[2026-07-06 18:11:21] Undefined property: app::$rs_cartmini in C:\xampp\Desktop\mdcnpal\htdocs\public_html\includes\header.php on line 469
[2026-07-06 18:11:21] Undefined array key "MDRCCustID" in C:\xampp\Desktop\mdcnpal\htdocs\public_html\includes\header.php on line 472
[2026-07-06 18:11:21] Undefined property: app::$rs_cartmini in C:\xampp\Desktop\mdcnpal\htdocs\public_html\includes\header.php on line 525
[2026-07-06 18:11:21] Undefined array key "MDRCCustID" in C:\xampp\Desktop\mdcnpal\htdocs\public_html\includes\header.php on line 528
[2026-07-06 18:11:21] Undefined property: app::$rs_customer in C:\xampp\Desktop\mdcnpal\htdocs\public_html\includes\header.php on line 712
[2026-07-06 18:11:21] Trying to access array offset on value of type null in C:\xampp\Desktop\mdcnpal\htdocs\public_html\includes\header.php on line 712
[2026-07-06 18:11:21] Undefined property: app::$rs_customer in C:\xampp\Desktop\mdcnpal\htdocs\public_html\includes\header.php on line 721
[2026-07-06 18:11:21] Trying to access array offset on value of type null in C:\xampp\Desktop\mdcnpal\htdocs\public_html\includes\header.php on line 721
[2026-07-06 18:11:21] Undefined property: app::$rs_customer in C:\xampp\Desktop\mdcnpal\htdocs\public_html\includes\header.php on line 730
[2026-07-06 18:11:21] Trying to access array offset on value of type null in C:\xampp\Desktop\mdcnpal\htdocs\public_html\includes\header.php on line 730
[2026-07-06 18:11:21] Undefined property: app::$rs_customer in C:\xampp\Desktop\mdcnpal\htdocs\public_html\includes\header.php on line 739
[2026-07-06 18:11:21] Trying to access array offset on value of type null in C:\xampp\Desktop\mdcnpal\htdocs\public_html\includes\header.php on line 739
[2026-07-06 18:11:21] Undefined property: app::$rs_customer in C:\xampp\Desktop\mdcnpal\htdocs\public_html\includes\footer.php on line 357
[2026-07-06 18:11:21] Trying to access array offset on value of type null in C:\xampp\Desktop\mdcnpal\htdocs\public_html\includes\footer.php on line 357
[2026-07-06 18:11:21] Undefined property: app::$rs_customer in C:\xampp\Desktop\mdcnpal\htdocs\public_html\includes\footer.php on line 366
[2026-07-06 18:11:21] Trying to access array offset on value of type null in C:\xampp\Desktop\mdcnpal\htdocs\public_html\includes\footer.php on line 366
[2026-07-06 18:11:21] Undefined property: app::$rs_customer in C:\xampp\Desktop\mdcnpal\htdocs\public_html\includes\footer.php on line 372
[2026-07-06 18:11:21] Trying to access array offset on value of type null in C:\xampp\Desktop\mdcnpal\htdocs\public_html\includes\footer.php on line 372
[2026-07-06 18:11:21] Undefined property: app::$rs_customer in C:\xampp\Desktop\mdcnpal\htdocs\public_html\includes\general_data.php on line 88
[2026-07-06 18:11:21] Trying to access array offset on value of type null in C:\xampp\Desktop\mdcnpal\htdocs\public_html\includes\general_data.php on line 88
[2026-07-06 18:11:21] Undefined array key "MDRCCustID" in C:\xampp\Desktop\mdcnpal\htdocs\public_html\includes\general_data.php on line 88
[2026-07-06 18:11:21] Undefined variable $tmpStr in C:\xampp\Desktop\mdcnpal\htdocs\public_html\core\app.php on line 971
[2026-07-06 18:11:24] Creation of dynamic property dbclass::$RECORD_SET is deprecated in C:\xampp\Desktop\mdcnpal\htdocs\public_html\core\dbclass.php on line 69
[2026-07-06 18:11:24] Creation of dynamic property dbclass::$app is deprecated in C:\xampp\Desktop\mdcnpal\htdocs\public_html\core\dbclass.php on line 75
[2026-07-06 18:11:24] Creation of dynamic property model::$foreign_tables is deprecated in C:\xampp\Desktop\mdcnpal\htdocs\public_html\core\model.php on line 43
[2026-07-06 18:11:24] Creation of dynamic property app::$inputfilter is deprecated in C:\xampp\Desktop\mdcnpal\htdocs\public_html\core\app.php on line 123
[2026-07-06 18:11:24] Creation of dynamic property app::$userconfig is deprecated in C:\xampp\Desktop\mdcnpal\htdocs\public_html\core\app.php on line 124
[2026-07-06 18:11:24] Creation of dynamic property app::$global_include is deprecated in C:\xampp\Desktop\mdcnpal\htdocs\public_html\core\app.php on line 125
[2026-07-06 18:11:24] Creation of dynamic property app::$set_cache_time is deprecated in C:\xampp\Desktop\mdcnpal\htdocs\public_html\core\app.php on line 153
[2026-07-06 18:11:24] Undefined array key "cityID" in C:\xampp\Desktop\mdcnpal\htdocs\public_html\core\global_include.php on line 381
[2026-07-06 18:11:24] Undefined array key "cityID" in C:\xampp\Desktop\mdcnpal\htdocs\public_html\core\global_include.php on line 416
[2026-07-06 18:11:24] Creation of dynamic property app::$meta is deprecated in C:\xampp\Desktop\mdcnpal\htdocs\public_html\core\app.php on line 434
[2026-07-06 18:11:24] Creation of dynamic property app::$rs_gs_city is deprecated in C:\xampp\Desktop\mdcnpal\htdocs\public_html\core\app.php on line 434
[2026-07-06 18:11:24] Undefined array key "cityID" in C:\xampp\Desktop\mdcnpal\htdocs\public_html\core\global_include.php on line 468
[2026-07-06 18:11:24] Creation of dynamic property app::$rs_footer_popular_item is deprecated in C:\xampp\Desktop\mdcnpal\htdocs\public_html\core\app.php on line 434
[2026-07-06 18:11:24] Creation of dynamic property app::$rs_footer_popular_test is deprecated in C:\xampp\Desktop\mdcnpal\htdocs\public_html\core\app.php on line 434
[2026-07-06 18:11:24] Creation of dynamic property app::$rs_testimonial is deprecated in C:\xampp\Desktop\mdcnpal\htdocs\public_html\core\app.php on line 434
[2026-07-06 18:11:24] Creation of dynamic property app::$admin is deprecated in C:\xampp\Desktop\mdcnpal\htdocs\public_html\core\app.php on line 434
[2026-07-06 18:11:24] Undefined array key 0 in C:\xampp\Desktop\mdcnpal\htdocs\public_html\core\global_include.php on line 514
[2026-07-06 18:11:24] Creation of dynamic property app::$popup is deprecated in C:\xampp\Desktop\mdcnpal\htdocs\public_html\core\app.php on line 434
[2026-07-06 18:11:24] Undefined array key "MDRCCustID" in C:\xampp\Desktop\mdcnpal\htdocs\public_html\core\global_include.php on line 515
[2026-07-06 18:11:24] Undefined array key "MDRCToken" in C:\xampp\Desktop\mdcnpal\htdocs\public_html\core\global_include.php on line 515
[2026-07-06 18:11:24] Creation of dynamic property app::$rscategory is deprecated in C:\xampp\Desktop\mdcnpal\htdocs\public_html\core\app.php on line 434
[2026-07-06 18:11:24] Creation of dynamic property app::$rs_pages is deprecated in C:\xampp\Desktop\mdcnpal\htdocs\public_html\core\app.php on line 434
[2026-07-06 18:11:24] Creation of dynamic property app::$gs is deprecated in C:\xampp\Desktop\mdcnpal\htdocs\public_html\core\app.php on line 434
[2026-07-06 18:11:24] Undefined array key "MDRCCustID" in C:\xampp\Desktop\mdcnpal\htdocs\public_html\core\global_include.php on line 596
[2026-07-06 18:11:24] Undefined array key "MDRCCustID" in C:\xampp\Desktop\mdcnpal\htdocs\public_html\core\global_include.php on line 615
[2026-07-06 18:11:24] Undefined variable $getId in C:\xampp\Desktop\mdcnpal\htdocs\public_html\core\global_include.php on line 684
[2026-07-06 18:11:24] Undefined variable $getName in C:\xampp\Desktop\mdcnpal\htdocs\public_html\core\global_include.php on line 685
[2026-07-06 18:11:24] Undefined array key 0 in C:\xampp\Desktop\mdcnpal\htdocs\public_html\core\global_include.php on line 810
[2026-07-06 18:11:24] Creation of dynamic property app::$rs_offer_msg is deprecated in C:\xampp\Desktop\mdcnpal\htdocs\public_html\core\app.php on line 434
[2026-07-06 18:11:24] Creation of dynamic property app::$rs_for_doctors is deprecated in C:\xampp\Desktop\mdcnpal\htdocs\public_html\core\app.php on line 434
[2026-07-06 18:11:24] Creation of dynamic property app::$rs_gallery_data is deprecated in C:\xampp\Desktop\mdcnpal\htdocs\public_html\core\app.php on line 434
[2026-07-06 18:11:24] Creation of dynamic property app::$category is deprecated in C:\xampp\Desktop\mdcnpal\htdocs\public_html\core\app.php on line 434
[2026-07-06 18:11:24] Undefined array key 0 in C:\xampp\Desktop\mdcnpal\htdocs\public_html\controllers\controller_for_doctors.php on line 22
[2026-07-06 18:11:24] Creation of dynamic property app::$records_doctors is deprecated in C:\xampp\Desktop\mdcnpal\htdocs\public_html\core\app.php on line 434
[2026-07-06 18:11:24] Undefined array key 0 in C:\xampp\Desktop\mdcnpal\htdocs\public_html\controllers\controller_for_doctors.php on line 25
[2026-07-06 18:11:24] Trying to access array offset on value of type null in C:\xampp\Desktop\mdcnpal\htdocs\public_html\controllers\controller_for_doctors.php on line 25
[2026-07-06 18:11:24] Creation of dynamic property app::$records_services is deprecated in C:\xampp\Desktop\mdcnpal\htdocs\public_html\core\app.php on line 434
[2026-07-06 18:11:24] Undefined array key 0 in C:\xampp\Desktop\mdcnpal\htdocs\public_html\controllers\controller_for_doctors.php on line 31
[2026-07-06 18:11:24] Trying to access array offset on value of type null in C:\xampp\Desktop\mdcnpal\htdocs\public_html\controllers\controller_for_doctors.php on line 31
[2026-07-06 18:11:24] str_replace(): Passing null to parameter #3 ($subject) of type array|string is deprecated in C:\xampp\Desktop\mdcnpal\htdocs\public_html\controllers\controller_for_doctors.php on line 31
[2026-07-06 18:11:24] Undefined array key 0 in C:\xampp\Desktop\mdcnpal\htdocs\public_html\controllers\controller_for_doctors.php on line 32
[2026-07-06 18:11:24] Trying to access array offset on value of type null in C:\xampp\Desktop\mdcnpal\htdocs\public_html\controllers\controller_for_doctors.php on line 32
[2026-07-06 18:11:24] str_replace(): Passing null to parameter #3 ($subject) of type array|string is deprecated in C:\xampp\Desktop\mdcnpal\htdocs\public_html\controllers\controller_for_doctors.php on line 32
[2026-07-06 18:11:24] Undefined array key 0 in C:\xampp\Desktop\mdcnpal\htdocs\public_html\controllers\controller_for_doctors.php on line 33
[2026-07-06 18:11:24] Trying to access array offset on value of type null in C:\xampp\Desktop\mdcnpal\htdocs\public_html\controllers\controller_for_doctors.php on line 33
[2026-07-06 18:11:24] str_replace(): Passing null to parameter #3 ($subject) of type array|string is deprecated in C:\xampp\Desktop\mdcnpal\htdocs\public_html\controllers\controller_for_doctors.php on line 33
[2026-07-06 18:11:24] Creation of dynamic property dbclass::$RECORD_SET is deprecated in C:\xampp\Desktop\mdcnpal\htdocs\public_html\core\dbclass.php on line 69
[2026-07-06 18:11:24] Creation of dynamic property dbclass::$app is deprecated in C:\xampp\Desktop\mdcnpal\htdocs\public_html\core\dbclass.php on line 75
[2026-07-06 18:11:24] Creation of dynamic property model::$foreign_tables is deprecated in C:\xampp\Desktop\mdcnpal\htdocs\public_html\core\model.php on line 43
[2026-07-06 18:11:24] Creation of dynamic property app::$inputfilter is deprecated in C:\xampp\Desktop\mdcnpal\htdocs\public_html\core\app.php on line 123
[2026-07-06 18:11:24] Creation of dynamic property app::$userconfig is deprecated in C:\xampp\Desktop\mdcnpal\htdocs\public_html\core\app.php on line 124
[2026-07-06 18:11:24] Creation of dynamic property app::$global_include is deprecated in C:\xampp\Desktop\mdcnpal\htdocs\public_html\core\app.php on line 125
[2026-07-06 18:11:24] Creation of dynamic property app::$set_cache_time is deprecated in C:\xampp\Desktop\mdcnpal\htdocs\public_html\core\app.php on line 153
[2026-07-06 18:11:24] Creation of dynamic property app::$meta is deprecated in C:\xampp\Desktop\mdcnpal\htdocs\public_html\core\app.php on line 434
[2026-07-06 18:11:24] Creation of dynamic property app::$rs_gs_city is deprecated in C:\xampp\Desktop\mdcnpal\htdocs\public_html\core\app.php on line 434
[2026-07-06 18:11:24] Creation of dynamic property app::$rs_footer_popular_item is deprecated in C:\xampp\Desktop\mdcnpal\htdocs\public_html\core\app.php on line 434
[2026-07-06 18:11:25] Creation of dynamic property app::$rs_footer_popular_test is deprecated in C:\xampp\Desktop\mdcnpal\htdocs\public_html\core\app.php on line 434
[2026-07-06 18:11:25] Creation of dynamic property app::$rs_testimonial is deprecated in C:\xampp\Desktop\mdcnpal\htdocs\public_html\core\app.php on line 434
[2026-07-06 18:11:25] Creation of dynamic property app::$admin is deprecated in C:\xampp\Desktop\mdcnpal\htdocs\public_html\core\app.php on line 434
[2026-07-06 18:11:25] Undefined array key 0 in C:\xampp\Desktop\mdcnpal\htdocs\public_html\core\global_include.php on line 514
[2026-07-06 18:11:25] Creation of dynamic property app::$popup is deprecated in C:\xampp\Desktop\mdcnpal\htdocs\public_html\core\app.php on line 434
[2026-07-06 18:11:25] Undefined array key "MDRCCustID" in C:\xampp\Desktop\mdcnpal\htdocs\public_html\core\global_include.php on line 515
[2026-07-06 18:11:25] Undefined array key "MDRCToken" in C:\xampp\Desktop\mdcnpal\htdocs\public_html\core\global_include.php on line 515
[2026-07-06 18:11:25] Creation of dynamic property app::$rscategory is deprecated in C:\xampp\Desktop\mdcnpal\htdocs\public_html\core\app.php on line 434
[2026-07-06 18:11:25] Creation of dynamic property app::$rs_pages is deprecated in C:\xampp\Desktop\mdcnpal\htdocs\public_html\core\app.php on line 434
[2026-07-06 18:11:25] Creation of dynamic property app::$gs is deprecated in C:\xampp\Desktop\mdcnpal\htdocs\public_html\core\app.php on line 434
[2026-07-06 18:11:25] Undefined array key "MDRCCustID" in C:\xampp\Desktop\mdcnpal\htdocs\public_html\core\global_include.php on line 596
[2026-07-06 18:11:25] Undefined array key "MDRCCustID" in C:\xampp\Desktop\mdcnpal\htdocs\public_html\core\global_include.php on line 615
[2026-07-06 18:11:25] Undefined variable $getId in C:\xampp\Desktop\mdcnpal\htdocs\public_html\core\global_include.php on line 684
[2026-07-06 18:11:25] Undefined variable $getName in C:\xampp\Desktop\mdcnpal\htdocs\public_html\core\global_include.php on line 685
[2026-07-06 18:11:25] Undefined array key 0 in C:\xampp\Desktop\mdcnpal\htdocs\public_html\core\global_include.php on line 810
[2026-07-06 18:11:25] Creation of dynamic property app::$rs_offer_msg is deprecated in C:\xampp\Desktop\mdcnpal\htdocs\public_html\core\app.php on line 434
[2026-07-06 18:11:25] Creation of dynamic property app::$rs_for_doctors is deprecated in C:\xampp\Desktop\mdcnpal\htdocs\public_html\core\app.php on line 434
[2026-07-06 18:11:25] Undefined array key "tempCityID" in C:\xampp\Desktop\mdcnpal\htdocs\public_html\includes\header.php on line 5
[2026-07-06 18:11:25] Undefined array key "items" in C:\xampp\Desktop\mdcnpal\htdocs\public_html\includes\header.php on line 16
[2026-07-06 18:11:25] Undefined array key "item_category" in C:\xampp\Desktop\mdcnpal\htdocs\public_html\includes\header.php on line 26
[2026-07-06 18:11:25] Undefined array key "item_diseases" in C:\xampp\Desktop\mdcnpal\htdocs\public_html\includes\header.php on line 33
[2026-07-06 18:11:25] Undefined property: app::$rs_cartmini in C:\xampp\Desktop\mdcnpal\htdocs\public_html\includes\header.php on line 131
[2026-07-06 18:11:25] Undefined array key "MDRCCustID" in C:\xampp\Desktop\mdcnpal\htdocs\public_html\includes\header.php on line 134
[2026-07-06 18:11:25] Undefined property: app::$rs_cartmini in C:\xampp\Desktop\mdcnpal\htdocs\public_html\includes\header.php on line 197
[2026-07-06 18:11:25] Undefined array key "MDRCCustID" in C:\xampp\Desktop\mdcnpal\htdocs\public_html\includes\header.php on line 200
[2026-07-06 18:11:25] Undefined property: app::$rs_cartmini in C:\xampp\Desktop\mdcnpal\htdocs\public_html\includes\header.php on line 469
[2026-07-06 18:11:25] Undefined array key "MDRCCustID" in C:\xampp\Desktop\mdcnpal\htdocs\public_html\includes\header.php on line 472
[2026-07-06 18:11:25] Undefined property: app::$rs_cartmini in C:\xampp\Desktop\mdcnpal\htdocs\public_html\includes\header.php on line 525
[2026-07-06 18:11:25] Undefined array key "MDRCCustID" in C:\xampp\Desktop\mdcnpal\htdocs\public_html\includes\header.php on line 528
[2026-07-06 18:11:25] Undefined property: app::$rs_customer in C:\xampp\Desktop\mdcnpal\htdocs\public_html\includes\header.php on line 712
[2026-07-06 18:11:25] Trying to access array offset on value of type null in C:\xampp\Desktop\mdcnpal\htdocs\public_html\includes\header.php on line 712
[2026-07-06 18:11:25] Undefined property: app::$rs_customer in C:\xampp\Desktop\mdcnpal\htdocs\public_html\includes\header.php on line 721
[2026-07-06 18:11:25] Trying to access array offset on value of type null in C:\xampp\Desktop\mdcnpal\htdocs\public_html\includes\header.php on line 721
[2026-07-06 18:11:25] Undefined property: app::$rs_customer in C:\xampp\Desktop\mdcnpal\htdocs\public_html\includes\header.php on line 730
[2026-07-06 18:11:25] Trying to access array offset on value of type null in C:\xampp\Desktop\mdcnpal\htdocs\public_html\includes\header.php on line 730
[2026-07-06 18:11:25] Undefined property: app::$rs_customer in C:\xampp\Desktop\mdcnpal\htdocs\public_html\includes\header.php on line 739
[2026-07-06 18:11:25] Trying to access array offset on value of type null in C:\xampp\Desktop\mdcnpal\htdocs\public_html\includes\header.php on line 739
[2026-07-06 18:11:25] Undefined property: app::$rs_customer in C:\xampp\Desktop\mdcnpal\htdocs\public_html\includes\footer.php on line 357
[2026-07-06 18:11:25] Trying to access array offset on value of type null in C:\xampp\Desktop\mdcnpal\htdocs\public_html\includes\footer.php on line 357
[2026-07-06 18:11:25] Undefined property: app::$rs_customer in C:\xampp\Desktop\mdcnpal\htdocs\public_html\includes\footer.php on line 366
[2026-07-06 18:11:25] Trying to access array offset on value of type null in C:\xampp\Desktop\mdcnpal\htdocs\public_html\includes\footer.php on line 366
[2026-07-06 18:11:25] Undefined property: app::$rs_customer in C:\xampp\Desktop\mdcnpal\htdocs\public_html\includes\footer.php on line 372
[2026-07-06 18:11:25] Trying to access array offset on value of type null in C:\xampp\Desktop\mdcnpal\htdocs\public_html\includes\footer.php on line 372
[2026-07-06 18:11:25] Undefined property: app::$rs_customer in C:\xampp\Desktop\mdcnpal\htdocs\public_html\includes\general_data.php on line 88
[2026-07-06 18:11:25] Trying to access array offset on value of type null in C:\xampp\Desktop\mdcnpal\htdocs\public_html\includes\general_data.php on line 88
[2026-07-06 18:11:25] Undefined array key "MDRCCustID" in C:\xampp\Desktop\mdcnpal\htdocs\public_html\includes\general_data.php on line 88
[2026-07-06 18:11:25] Undefined variable $tmpStr in C:\xampp\Desktop\mdcnpal\htdocs\public_html\core\app.php on line 971
[2026-07-06 18:11:26] Creation of dynamic property dbclass::$RECORD_SET is deprecated in C:\xampp\Desktop\mdcnpal\htdocs\public_html\core\dbclass.php on line 69
[2026-07-06 18:11:26] Creation of dynamic property dbclass::$app is deprecated in C:\xampp\Desktop\mdcnpal\htdocs\public_html\core\dbclass.php on line 75
[2026-07-06 18:11:26] Creation of dynamic property model::$foreign_tables is deprecated in C:\xampp\Desktop\mdcnpal\htdocs\public_html\core\model.php on line 43
[2026-07-06 18:11:26] Creation of dynamic property app::$inputfilter is deprecated in C:\xampp\Desktop\mdcnpal\htdocs\public_html\core\app.php on line 123
[2026-07-06 18:11:26] Creation of dynamic property app::$userconfig is deprecated in C:\xampp\Desktop\mdcnpal\htdocs\public_html\core\app.php on line 124
[2026-07-06 18:11:26] Creation of dynamic property app::$global_include is deprecated in C:\xampp\Desktop\mdcnpal\htdocs\public_html\core\app.php on line 125
[2026-07-06 18:11:26] Creation of dynamic property app::$set_cache_time is deprecated in C:\xampp\Desktop\mdcnpal\htdocs\public_html\core\app.php on line 153
[2026-07-06 18:11:26] Undefined array key "cityID" in C:\xampp\Desktop\mdcnpal\htdocs\public_html\core\global_include.php on line 381
[2026-07-06 18:11:26] Undefined array key "cityID" in C:\xampp\Desktop\mdcnpal\htdocs\public_html\core\global_include.php on line 416
[2026-07-06 18:11:26] Creation of dynamic property app::$meta is deprecated in C:\xampp\Desktop\mdcnpal\htdocs\public_html\core\app.php on line 434
[2026-07-06 18:11:26] Creation of dynamic property app::$rs_gs_city is deprecated in C:\xampp\Desktop\mdcnpal\htdocs\public_html\core\app.php on line 434
[2026-07-06 18:11:26] Undefined array key "cityID" in C:\xampp\Desktop\mdcnpal\htdocs\public_html\core\global_include.php on line 468
[2026-07-06 18:11:26] Creation of dynamic property app::$rs_footer_popular_item is deprecated in C:\xampp\Desktop\mdcnpal\htdocs\public_html\core\app.php on line 434
[2026-07-06 18:11:26] Creation of dynamic property app::$rs_footer_popular_test is deprecated in C:\xampp\Desktop\mdcnpal\htdocs\public_html\core\app.php on line 434
[2026-07-06 18:11:26] Creation of dynamic property app::$rs_testimonial is deprecated in C:\xampp\Desktop\mdcnpal\htdocs\public_html\core\app.php on line 434
[2026-07-06 18:11:26] Creation of dynamic property app::$admin is deprecated in C:\xampp\Desktop\mdcnpal\htdocs\public_html\core\app.php on line 434
[2026-07-06 18:11:26] Undefined array key 0 in C:\xampp\Desktop\mdcnpal\htdocs\public_html\core\global_include.php on line 514
[2026-07-06 18:11:26] Creation of dynamic property app::$popup is deprecated in C:\xampp\Desktop\mdcnpal\htdocs\public_html\core\app.php on line 434
[2026-07-06 18:11:26] Undefined array key "MDRCCustID" in C:\xampp\Desktop\mdcnpal\htdocs\public_html\core\global_include.php on line 515
[2026-07-06 18:11:26] Undefined array key "MDRCToken" in C:\xampp\Desktop\mdcnpal\htdocs\public_html\core\global_include.php on line 515
[2026-07-06 18:11:26] Creation of dynamic property app::$rscategory is deprecated in C:\xampp\Desktop\mdcnpal\htdocs\public_html\core\app.php on line 434
[2026-07-06 18:11:26] Creation of dynamic property app::$rs_pages is deprecated in C:\xampp\Desktop\mdcnpal\htdocs\public_html\core\app.php on line 434
[2026-07-06 18:11:26] Creation of dynamic property app::$gs is deprecated in C:\xampp\Desktop\mdcnpal\htdocs\public_html\core\app.php on line 434
[2026-07-06 18:11:26] Undefined array key "MDRCCustID" in C:\xampp\Desktop\mdcnpal\htdocs\public_html\core\global_include.php on line 596
[2026-07-06 18:11:26] Undefined array key "MDRCCustID" in C:\xampp\Desktop\mdcnpal\htdocs\public_html\core\global_include.php on line 615
[2026-07-06 18:11:26] Undefined variable $getId in C:\xampp\Desktop\mdcnpal\htdocs\public_html\core\global_include.php on line 684
[2026-07-06 18:11:26] Undefined variable $getName in C:\xampp\Desktop\mdcnpal\htdocs\public_html\core\global_include.php on line 685
[2026-07-06 18:11:26] Undefined array key 0 in C:\xampp\Desktop\mdcnpal\htdocs\public_html\core\global_include.php on line 810
[2026-07-06 18:11:26] Creation of dynamic property app::$rs_offer_msg is deprecated in C:\xampp\Desktop\mdcnpal\htdocs\public_html\core\app.php on line 434
[2026-07-06 18:11:26] Creation of dynamic property app::$rs_for_doctors is deprecated in C:\xampp\Desktop\mdcnpal\htdocs\public_html\core\app.php on line 434
[2026-07-06 18:11:26] Creation of dynamic property app::$rs_doctor is deprecated in C:\xampp\Desktop\mdcnpal\htdocs\public_html\core\app.php on line 434
[2026-07-06 18:11:26] Undefined array key "tempCityID" in C:\xampp\Desktop\mdcnpal\htdocs\public_html\includes\header.php on line 5
[2026-07-06 18:11:26] Undefined array key "items" in C:\xampp\Desktop\mdcnpal\htdocs\public_html\includes\header.php on line 16
[2026-07-06 18:11:26] Undefined array key "item_category" in C:\xampp\Desktop\mdcnpal\htdocs\public_html\includes\header.php on line 26
[2026-07-06 18:11:26] Undefined array key "item_diseases" in C:\xampp\Desktop\mdcnpal\htdocs\public_html\includes\header.php on line 33
[2026-07-06 18:11:26] Undefined property: app::$rs_cartmini in C:\xampp\Desktop\mdcnpal\htdocs\public_html\includes\header.php on line 131
[2026-07-06 18:11:26] Undefined array key "MDRCCustID" in C:\xampp\Desktop\mdcnpal\htdocs\public_html\includes\header.php on line 134
[2026-07-06 18:11:26] Undefined property: app::$rs_cartmini in C:\xampp\Desktop\mdcnpal\htdocs\public_html\includes\header.php on line 197
[2026-07-06 18:11:26] Undefined array key "MDRCCustID" in C:\xampp\Desktop\mdcnpal\htdocs\public_html\includes\header.php on line 200
[2026-07-06 18:11:26] Undefined property: app::$rs_cartmini in C:\xampp\Desktop\mdcnpal\htdocs\public_html\includes\header.php on line 469
[2026-07-06 18:11:26] Undefined array key "MDRCCustID" in C:\xampp\Desktop\mdcnpal\htdocs\public_html\includes\header.php on line 472
[2026-07-06 18:11:26] Undefined property: app::$rs_cartmini in C:\xampp\Desktop\mdcnpal\htdocs\public_html\includes\header.php on line 525
[2026-07-06 18:11:26] Undefined array key "MDRCCustID" in C:\xampp\Desktop\mdcnpal\htdocs\public_html\includes\header.php on line 528
[2026-07-06 18:11:26] Undefined property: app::$rs_customer in C:\xampp\Desktop\mdcnpal\htdocs\public_html\includes\header.php on line 712
[2026-07-06 18:11:26] Trying to access array offset on value of type null in C:\xampp\Desktop\mdcnpal\htdocs\public_html\includes\header.php on line 712
[2026-07-06 18:11:26] Undefined property: app::$rs_customer in C:\xampp\Desktop\mdcnpal\htdocs\public_html\includes\header.php on line 721
[2026-07-06 18:11:26] Trying to access array offset on value of type null in C:\xampp\Desktop\mdcnpal\htdocs\public_html\includes\header.php on line 721
[2026-07-06 18:11:26] Undefined property: app::$rs_customer in C:\xampp\Desktop\mdcnpal\htdocs\public_html\includes\header.php on line 730
[2026-07-06 18:11:26] Trying to access array offset on value of type null in C:\xampp\Desktop\mdcnpal\htdocs\public_html\includes\header.php on line 730
[2026-07-06 18:11:26] Undefined property: app::$rs_customer in C:\xampp\Desktop\mdcnpal\htdocs\public_html\includes\header.php on line 739
[2026-07-06 18:11:26] Trying to access array offset on value of type null in C:\xampp\Desktop\mdcnpal\htdocs\public_html\includes\header.php on line 739
[2026-07-06 18:11:26] Undefined property: app::$rs_customer in C:\xampp\Desktop\mdcnpal\htdocs\public_html\includes\footer.php on line 357
[2026-07-06 18:11:26] Trying to access array offset on value of type null in C:\xampp\Desktop\mdcnpal\htdocs\public_html\includes\footer.php on line 357
[2026-07-06 18:11:26] Undefined property: app::$rs_customer in C:\xampp\Desktop\mdcnpal\htdocs\public_html\includes\footer.php on line 366
[2026-07-06 18:11:26] Trying to access array offset on value of type null in C:\xampp\Desktop\mdcnpal\htdocs\public_html\includes\footer.php on line 366
[2026-07-06 18:11:26] Undefined property: app::$rs_customer in C:\xampp\Desktop\mdcnpal\htdocs\public_html\includes\footer.php on line 372
[2026-07-06 18:11:26] Trying to access array offset on value of type null in C:\xampp\Desktop\mdcnpal\htdocs\public_html\includes\footer.php on line 372
[2026-07-06 18:11:26] Undefined property: app::$rs_customer in C:\xampp\Desktop\mdcnpal\htdocs\public_html\includes\general_data.php on line 88
[2026-07-06 18:11:26] Trying to access array offset on value of type null in C:\xampp\Desktop\mdcnpal\htdocs\public_html\includes\general_data.php on line 88
[2026-07-06 18:11:26] Undefined array key "MDRCCustID" in C:\xampp\Desktop\mdcnpal\htdocs\public_html\includes\general_data.php on line 88
[2026-07-06 18:11:26] Undefined variable $tmpStr in C:\xampp\Desktop\mdcnpal\htdocs\public_html\core\app.php on line 971
[2026-07-06 18:11:27] Creation of dynamic property dbclass::$RECORD_SET is deprecated in C:\xampp\Desktop\mdcnpal\htdocs\public_html\core\dbclass.php on line 69
[2026-07-06 18:11:27] Creation of dynamic property dbclass::$app is deprecated in C:\xampp\Desktop\mdcnpal\htdocs\public_html\core\dbclass.php on line 75
[2026-07-06 18:11:27] Creation of dynamic property model::$foreign_tables is deprecated in C:\xampp\Desktop\mdcnpal\htdocs\public_html\core\model.php on line 43
[2026-07-06 18:11:27] Creation of dynamic property app::$inputfilter is deprecated in C:\xampp\Desktop\mdcnpal\htdocs\public_html\core\app.php on line 123
[2026-07-06 18:11:27] Creation of dynamic property app::$userconfig is deprecated in C:\xampp\Desktop\mdcnpal\htdocs\public_html\core\app.php on line 124
[2026-07-06 18:11:27] Creation of dynamic property app::$global_include is deprecated in C:\xampp\Desktop\mdcnpal\htdocs\public_html\core\app.php on line 125
[2026-07-06 18:11:27] Creation of dynamic property app::$set_cache_time is deprecated in C:\xampp\Desktop\mdcnpal\htdocs\public_html\core\app.php on line 153
[2026-07-06 18:11:27] Undefined array key "cityID" in C:\xampp\Desktop\mdcnpal\htdocs\public_html\core\global_include.php on line 381
[2026-07-06 18:11:27] Undefined array key "cityID" in C:\xampp\Desktop\mdcnpal\htdocs\public_html\core\global_include.php on line 416
[2026-07-06 18:11:27] Creation of dynamic property app::$meta is deprecated in C:\xampp\Desktop\mdcnpal\htdocs\public_html\core\app.php on line 434
[2026-07-06 18:11:27] Creation of dynamic property app::$rs_gs_city is deprecated in C:\xampp\Desktop\mdcnpal\htdocs\public_html\core\app.php on line 434
[2026-07-06 18:11:27] Undefined array key "cityID" in C:\xampp\Desktop\mdcnpal\htdocs\public_html\core\global_include.php on line 468
[2026-07-06 18:11:27] Creation of dynamic property app::$rs_footer_popular_item is deprecated in C:\xampp\Desktop\mdcnpal\htdocs\public_html\core\app.php on line 434
[2026-07-06 18:11:27] Creation of dynamic property app::$rs_footer_popular_test is deprecated in C:\xampp\Desktop\mdcnpal\htdocs\public_html\core\app.php on line 434
[2026-07-06 18:11:27] Creation of dynamic property app::$rs_testimonial is deprecated in C:\xampp\Desktop\mdcnpal\htdocs\public_html\core\app.php on line 434
[2026-07-06 18:11:27] Creation of dynamic property app::$admin is deprecated in C:\xampp\Desktop\mdcnpal\htdocs\public_html\core\app.php on line 434
[2026-07-06 18:11:27] Undefined array key 0 in C:\xampp\Desktop\mdcnpal\htdocs\public_html\core\global_include.php on line 514
[2026-07-06 18:11:27] Creation of dynamic property app::$popup is deprecated in C:\xampp\Desktop\mdcnpal\htdocs\public_html\core\app.php on line 434
[2026-07-06 18:11:27] Undefined array key "MDRCCustID" in C:\xampp\Desktop\mdcnpal\htdocs\public_html\core\global_include.php on line 515
[2026-07-06 18:11:27] Undefined array key "MDRCToken" in C:\xampp\Desktop\mdcnpal\htdocs\public_html\core\global_include.php on line 515
[2026-07-06 18:11:27] Creation of dynamic property app::$rscategory is deprecated in C:\xampp\Desktop\mdcnpal\htdocs\public_html\core\app.php on line 434
[2026-07-06 18:11:27] Creation of dynamic property app::$rs_pages is deprecated in C:\xampp\Desktop\mdcnpal\htdocs\public_html\core\app.php on line 434
[2026-07-06 18:11:27] Creation of dynamic property app::$gs is deprecated in C:\xampp\Desktop\mdcnpal\htdocs\public_html\core\app.php on line 434
[2026-07-06 18:11:27] Undefined array key "MDRCCustID" in C:\xampp\Desktop\mdcnpal\htdocs\public_html\core\global_include.php on line 596
[2026-07-06 18:11:27] Undefined array key "MDRCCustID" in C:\xampp\Desktop\mdcnpal\htdocs\public_html\core\global_include.php on line 615
[2026-07-06 18:11:27] Undefined variable $getId in C:\xampp\Desktop\mdcnpal\htdocs\public_html\core\global_include.php on line 684
[2026-07-06 18:11:27] Undefined variable $getName in C:\xampp\Desktop\mdcnpal\htdocs\public_html\core\global_include.php on line 685
[2026-07-06 18:11:27] Undefined array key 0 in C:\xampp\Desktop\mdcnpal\htdocs\public_html\core\global_include.php on line 810
[2026-07-06 18:11:27] Creation of dynamic property app::$rs_offer_msg is deprecated in C:\xampp\Desktop\mdcnpal\htdocs\public_html\core\app.php on line 434
[2026-07-06 18:11:27] Creation of dynamic property app::$rs_for_doctors is deprecated in C:\xampp\Desktop\mdcnpal\htdocs\public_html\core\app.php on line 434
[2026-07-06 18:11:28] Creation of dynamic property app::$rs_gallery is deprecated in C:\xampp\Desktop\mdcnpal\htdocs\public_html\core\app.php on line 434
[2026-07-06 18:11:28] Undefined array key "tempCityID" in C:\xampp\Desktop\mdcnpal\htdocs\public_html\includes\header.php on line 5
[2026-07-06 18:11:28] Undefined array key "items" in C:\xampp\Desktop\mdcnpal\htdocs\public_html\includes\header.php on line 16
[2026-07-06 18:11:28] Undefined array key "item_category" in C:\xampp\Desktop\mdcnpal\htdocs\public_html\includes\header.php on line 26
[2026-07-06 18:11:28] Undefined array key "item_diseases" in C:\xampp\Desktop\mdcnpal\htdocs\public_html\includes\header.php on line 33
[2026-07-06 18:11:28] Undefined property: app::$rs_cartmini in C:\xampp\Desktop\mdcnpal\htdocs\public_html\includes\header.php on line 131
[2026-07-06 18:11:28] Undefined array key "MDRCCustID" in C:\xampp\Desktop\mdcnpal\htdocs\public_html\includes\header.php on line 134
[2026-07-06 18:11:28] Undefined property: app::$rs_cartmini in C:\xampp\Desktop\mdcnpal\htdocs\public_html\includes\header.php on line 197
[2026-07-06 18:11:28] Undefined array key "MDRCCustID" in C:\xampp\Desktop\mdcnpal\htdocs\public_html\includes\header.php on line 200
[2026-07-06 18:11:28] Undefined property: app::$rs_cartmini in C:\xampp\Desktop\mdcnpal\htdocs\public_html\includes\header.php on line 469
[2026-07-06 18:11:28] Undefined array key "MDRCCustID" in C:\xampp\Desktop\mdcnpal\htdocs\public_html\includes\header.php on line 472
[2026-07-06 18:11:28] Undefined property: app::$rs_cartmini in C:\xampp\Desktop\mdcnpal\htdocs\public_html\includes\header.php on line 525
[2026-07-06 18:11:28] Undefined array key "MDRCCustID" in C:\xampp\Desktop\mdcnpal\htdocs\public_html\includes\header.php on line 528
[2026-07-06 18:11:28] Undefined property: app::$rs_customer in C:\xampp\Desktop\mdcnpal\htdocs\public_html\includes\header.php on line 712
[2026-07-06 18:11:28] Trying to access array offset on value of type null in C:\xampp\Desktop\mdcnpal\htdocs\public_html\includes\header.php on line 712
[2026-07-06 18:11:28] Undefined property: app::$rs_customer in C:\xampp\Desktop\mdcnpal\htdocs\public_html\includes\header.php on line 721
[2026-07-06 18:11:28] Trying to access array offset on value of type null in C:\xampp\Desktop\mdcnpal\htdocs\public_html\includes\header.php on line 721
[2026-07-06 18:11:28] Undefined property: app::$rs_customer in C:\xampp\Desktop\mdcnpal\htdocs\public_html\includes\header.php on line 730
[2026-07-06 18:11:28] Trying to access array offset on value of type null in C:\xampp\Desktop\mdcnpal\htdocs\public_html\includes\header.php on line 730
[2026-07-06 18:11:28] Undefined property: app::$rs_customer in C:\xampp\Desktop\mdcnpal\htdocs\public_html\includes\header.php on line 739
[2026-07-06 18:11:28] Trying to access array offset on value of type null in C:\xampp\Desktop\mdcnpal\htdocs\public_html\includes\header.php on line 739
[2026-07-06 18:11:28] Undefined property: app::$rs_customer in C:\xampp\Desktop\mdcnpal\htdocs\public_html\includes\footer.php on line 357
[2026-07-06 18:11:28] Trying to access array offset on value of type null in C:\xampp\Desktop\mdcnpal\htdocs\public_html\includes\footer.php on line 357
[2026-07-06 18:11:28] Undefined property: app::$rs_customer in C:\xampp\Desktop\mdcnpal\htdocs\public_html\includes\footer.php on line 366
[2026-07-06 18:11:28] Trying to access array offset on value of type null in C:\xampp\Desktop\mdcnpal\htdocs\public_html\includes\footer.php on line 366
[2026-07-06 18:11:28] Undefined property: app::$rs_customer in C:\xampp\Desktop\mdcnpal\htdocs\public_html\includes\footer.php on line 372
[2026-07-06 18:11:28] Trying to access array offset on value of type null in C:\xampp\Desktop\mdcnpal\htdocs\public_html\includes\footer.php on line 372
[2026-07-06 18:11:28] Undefined property: app::$rs_customer in C:\xampp\Desktop\mdcnpal\htdocs\public_html\includes\general_data.php on line 88
[2026-07-06 18:11:28] Trying to access array offset on value of type null in C:\xampp\Desktop\mdcnpal\htdocs\public_html\includes\general_data.php on line 88
[2026-07-06 18:11:28] Undefined array key "MDRCCustID" in C:\xampp\Desktop\mdcnpal\htdocs\public_html\includes\general_data.php on line 88
[2026-07-06 18:11:28] Undefined variable $tmpStr in C:\xampp\Desktop\mdcnpal\htdocs\public_html\core\app.php on line 971
[2026-07-06 18:11:50] Creation of dynamic property dbclass::$RECORD_SET is deprecated in C:\xampp\Desktop\mdcnpal\htdocs\public_html\core\dbclass.php on line 69
[2026-07-06 18:11:50] Creation of dynamic property dbclass::$app is deprecated in C:\xampp\Desktop\mdcnpal\htdocs\public_html\core\dbclass.php on line 75
[2026-07-06 18:11:50] Creation of dynamic property model::$foreign_tables is deprecated in C:\xampp\Desktop\mdcnpal\htdocs\public_html\core\model.php on line 43
[2026-07-06 18:11:50] Creation of dynamic property app::$inputfilter is deprecated in C:\xampp\Desktop\mdcnpal\htdocs\public_html\core\app.php on line 123
[2026-07-06 18:11:50] Creation of dynamic property app::$userconfig is deprecated in C:\xampp\Desktop\mdcnpal\htdocs\public_html\core\app.php on line 124
[2026-07-06 18:11:50] Creation of dynamic property app::$global_include is deprecated in C:\xampp\Desktop\mdcnpal\htdocs\public_html\core\app.php on line 125
[2026-07-06 18:11:50] Creation of dynamic property app::$set_cache_time is deprecated in C:\xampp\Desktop\mdcnpal\htdocs\public_html\core\app.php on line 153
[2026-07-06 18:11:50] Creation of dynamic property app::$meta is deprecated in C:\xampp\Desktop\mdcnpal\htdocs\public_html\core\app.php on line 434
[2026-07-06 18:11:50] Creation of dynamic property app::$rs_gs_city is deprecated in C:\xampp\Desktop\mdcnpal\htdocs\public_html\core\app.php on line 434
[2026-07-06 18:11:50] Creation of dynamic property app::$rs_footer_popular_item is deprecated in C:\xampp\Desktop\mdcnpal\htdocs\public_html\core\app.php on line 434
[2026-07-06 18:11:50] Creation of dynamic property app::$rs_footer_popular_test is deprecated in C:\xampp\Desktop\mdcnpal\htdocs\public_html\core\app.php on line 434
[2026-07-06 18:11:50] Creation of dynamic property app::$rs_testimonial is deprecated in C:\xampp\Desktop\mdcnpal\htdocs\public_html\core\app.php on line 434
[2026-07-06 18:11:50] Creation of dynamic property app::$admin is deprecated in C:\xampp\Desktop\mdcnpal\htdocs\public_html\core\app.php on line 434
[2026-07-06 18:11:50] Undefined array key 0 in C:\xampp\Desktop\mdcnpal\htdocs\public_html\core\global_include.php on line 514
[2026-07-06 18:11:50] Creation of dynamic property app::$popup is deprecated in C:\xampp\Desktop\mdcnpal\htdocs\public_html\core\app.php on line 434
[2026-07-06 18:11:50] Undefined array key "MDRCCustID" in C:\xampp\Desktop\mdcnpal\htdocs\public_html\core\global_include.php on line 515
[2026-07-06 18:11:50] Undefined array key "MDRCToken" in C:\xampp\Desktop\mdcnpal\htdocs\public_html\core\global_include.php on line 515
[2026-07-06 18:11:50] Creation of dynamic property app::$rscategory is deprecated in C:\xampp\Desktop\mdcnpal\htdocs\public_html\core\app.php on line 434
[2026-07-06 18:11:50] Creation of dynamic property app::$rs_pages is deprecated in C:\xampp\Desktop\mdcnpal\htdocs\public_html\core\app.php on line 434
[2026-07-06 18:11:50] Creation of dynamic property app::$gs is deprecated in C:\xampp\Desktop\mdcnpal\htdocs\public_html\core\app.php on line 434
[2026-07-06 18:11:50] Undefined array key "MDRCCustID" in C:\xampp\Desktop\mdcnpal\htdocs\public_html\core\global_include.php on line 596
[2026-07-06 18:11:50] Undefined array key "MDRCCustID" in C:\xampp\Desktop\mdcnpal\htdocs\public_html\core\global_include.php on line 615
[2026-07-06 18:11:50] Undefined variable $getId in C:\xampp\Desktop\mdcnpal\htdocs\public_html\core\global_include.php on line 684
[2026-07-06 18:11:50] Undefined variable $getName in C:\xampp\Desktop\mdcnpal\htdocs\public_html\core\global_include.php on line 685
[2026-07-06 18:11:50] Undefined array key 0 in C:\xampp\Desktop\mdcnpal\htdocs\public_html\core\global_include.php on line 810
[2026-07-06 18:11:50] Creation of dynamic property app::$rs_offer_msg is deprecated in C:\xampp\Desktop\mdcnpal\htdocs\public_html\core\app.php on line 434
[2026-07-06 18:11:50] Creation of dynamic property app::$rs_for_doctors is deprecated in C:\xampp\Desktop\mdcnpal\htdocs\public_html\core\app.php on line 434
[2026-07-06 18:11:50] Creation of dynamic property app::$description is deprecated in C:\xampp\Desktop\mdcnpal\htdocs\public_html\core\app.php on line 434
[2026-07-06 18:11:50] Creation of dynamic property app::$rs_banner is deprecated in C:\xampp\Desktop\mdcnpal\htdocs\public_html\core\app.php on line 434
[2026-07-06 18:11:50] Creation of dynamic property app::$rs_item_diseases is deprecated in C:\xampp\Desktop\mdcnpal\htdocs\public_html\core\app.php on line 434
[2026-07-06 18:11:50] Creation of dynamic property app::$rs_item_home_category is deprecated in C:\xampp\Desktop\mdcnpal\htdocs\public_html\core\app.php on line 434
[2026-07-06 18:11:50] Creation of dynamic property app::$rs_item_banner_category is deprecated in C:\xampp\Desktop\mdcnpal\htdocs\public_html\core\app.php on line 434
[2026-07-06 18:11:50] Creation of dynamic property app::$rs_services is deprecated in C:\xampp\Desktop\mdcnpal\htdocs\public_html\core\app.php on line 434
[2026-07-06 18:11:50] Creation of dynamic property app::$rs_blog is deprecated in C:\xampp\Desktop\mdcnpal\htdocs\public_html\core\app.php on line 434
[2026-07-06 18:11:50] Creation of dynamic property app::$rs_category is deprecated in C:\xampp\Desktop\mdcnpal\htdocs\public_html\core\app.php on line 434
[2026-07-06 18:11:50] Creation of dynamic property app::$rs_faq_data is deprecated in C:\xampp\Desktop\mdcnpal\htdocs\public_html\core\app.php on line 434
[2026-07-06 18:11:50] Creation of dynamic property app::$rs_gallery_data is deprecated in C:\xampp\Desktop\mdcnpal\htdocs\public_html\core\app.php on line 434
[2026-07-06 18:11:50] Undefined property: app::$rs_cartmini in C:\xampp\Desktop\mdcnpal\htdocs\public_html\includes\header.php on line 131
[2026-07-06 18:11:50] Undefined array key "MDRCCustID" in C:\xampp\Desktop\mdcnpal\htdocs\public_html\includes\header.php on line 134
[2026-07-06 18:11:50] Undefined property: app::$rs_cartmini in C:\xampp\Desktop\mdcnpal\htdocs\public_html\includes\header.php on line 197
[2026-07-06 18:11:50] Undefined array key "MDRCCustID" in C:\xampp\Desktop\mdcnpal\htdocs\public_html\includes\header.php on line 200
[2026-07-06 18:11:50] Undefined property: app::$rs_cartmini in C:\xampp\Desktop\mdcnpal\htdocs\public_html\includes\header.php on line 469
[2026-07-06 18:11:50] Undefined array key "MDRCCustID" in C:\xampp\Desktop\mdcnpal\htdocs\public_html\includes\header.php on line 472
[2026-07-06 18:11:50] Undefined property: app::$rs_cartmini in C:\xampp\Desktop\mdcnpal\htdocs\public_html\includes\header.php on line 525
[2026-07-06 18:11:50] Undefined array key "MDRCCustID" in C:\xampp\Desktop\mdcnpal\htdocs\public_html\includes\header.php on line 528
[2026-07-06 18:11:50] Undefined property: app::$rs_customer in C:\xampp\Desktop\mdcnpal\htdocs\public_html\includes\header.php on line 712
[2026-07-06 18:11:50] Trying to access array offset on value of type null in C:\xampp\Desktop\mdcnpal\htdocs\public_html\includes\header.php on line 712
[2026-07-06 18:11:50] Undefined property: app::$rs_customer in C:\xampp\Desktop\mdcnpal\htdocs\public_html\includes\header.php on line 721
[2026-07-06 18:11:50] Trying to access array offset on value of type null in C:\xampp\Desktop\mdcnpal\htdocs\public_html\includes\header.php on line 721
[2026-07-06 18:11:50] Undefined property: app::$rs_customer in C:\xampp\Desktop\mdcnpal\htdocs\public_html\includes\header.php on line 730
[2026-07-06 18:11:50] Trying to access array offset on value of type null in C:\xampp\Desktop\mdcnpal\htdocs\public_html\includes\header.php on line 730
[2026-07-06 18:11:50] Undefined property: app::$rs_customer in C:\xampp\Desktop\mdcnpal\htdocs\public_html\includes\header.php on line 739
[2026-07-06 18:11:50] Trying to access array offset on value of type null in C:\xampp\Desktop\mdcnpal\htdocs\public_html\includes\header.php on line 739
[2026-07-06 18:11:50] Undefined variable $g_search_query in C:\xampp\Desktop\mdcnpal\htdocs\public_html\core\app.php(565) : eval()'d code on line 219
[2026-07-06 18:11:50] Undefined variable $department_cond in C:\xampp\Desktop\mdcnpal\htdocs\public_html\core\app.php(565) : eval()'d code on line 219
[2026-07-06 18:11:50] Undefined variable $type_cond in C:\xampp\Desktop\mdcnpal\htdocs\public_html\core\app.php(565) : eval()'d code on line 219
[2026-07-06 18:11:50] Undefined variable $dieses_cond in C:\xampp\Desktop\mdcnpal\htdocs\public_html\core\app.php(565) : eval()'d code on line 219
[2026-07-06 18:11:50] Undefined variable $popular_pack_cond in C:\xampp\Desktop\mdcnpal\htdocs\public_html\core\app.php(565) : eval()'d code on line 219
[2026-07-06 18:11:50] Undefined variable $g_search_query in C:\xampp\Desktop\mdcnpal\htdocs\public_html\core\app.php(565) : eval()'d code on line 219
[2026-07-06 18:11:50] Undefined variable $department_cond in C:\xampp\Desktop\mdcnpal\htdocs\public_html\core\app.php(565) : eval()'d code on line 219
[2026-07-06 18:11:50] Undefined variable $type_cond in C:\xampp\Desktop\mdcnpal\htdocs\public_html\core\app.php(565) : eval()'d code on line 219
[2026-07-06 18:11:50] Undefined variable $dieses_cond in C:\xampp\Desktop\mdcnpal\htdocs\public_html\core\app.php(565) : eval()'d code on line 219
[2026-07-06 18:11:50] Undefined variable $popular_pack_cond in C:\xampp\Desktop\mdcnpal\htdocs\public_html\core\app.php(565) : eval()'d code on line 219
[2026-07-06 18:11:50] Undefined variable $g_search_query in C:\xampp\Desktop\mdcnpal\htdocs\public_html\core\app.php(565) : eval()'d code on line 219
[2026-07-06 18:11:50] Undefined variable $department_cond in C:\xampp\Desktop\mdcnpal\htdocs\public_html\core\app.php(565) : eval()'d code on line 219
[2026-07-06 18:11:50] Undefined variable $type_cond in C:\xampp\Desktop\mdcnpal\htdocs\public_html\core\app.php(565) : eval()'d code on line 219
[2026-07-06 18:11:50] Undefined variable $dieses_cond in C:\xampp\Desktop\mdcnpal\htdocs\public_html\core\app.php(565) : eval()'d code on line 219
[2026-07-06 18:11:50] Undefined variable $popular_pack_cond in C:\xampp\Desktop\mdcnpal\htdocs\public_html\core\app.php(565) : eval()'d code on line 219
[2026-07-06 18:11:51] Undefined variable $g_search_query in C:\xampp\Desktop\mdcnpal\htdocs\public_html\core\app.php(565) : eval()'d code on line 219
[2026-07-06 18:11:51] Undefined variable $department_cond in C:\xampp\Desktop\mdcnpal\htdocs\public_html\core\app.php(565) : eval()'d code on line 219
[2026-07-06 18:11:51] Undefined variable $type_cond in C:\xampp\Desktop\mdcnpal\htdocs\public_html\core\app.php(565) : eval()'d code on line 219
[2026-07-06 18:11:51] Undefined variable $dieses_cond in C:\xampp\Desktop\mdcnpal\htdocs\public_html\core\app.php(565) : eval()'d code on line 219
[2026-07-06 18:11:51] Undefined variable $popular_pack_cond in C:\xampp\Desktop\mdcnpal\htdocs\public_html\core\app.php(565) : eval()'d code on line 219
[2026-07-06 18:11:51] Undefined variable $g_search_query in C:\xampp\Desktop\mdcnpal\htdocs\public_html\core\app.php(565) : eval()'d code on line 219
[2026-07-06 18:11:51] Undefined variable $department_cond in C:\xampp\Desktop\mdcnpal\htdocs\public_html\core\app.php(565) : eval()'d code on line 219
[2026-07-06 18:11:51] Undefined variable $type_cond in C:\xampp\Desktop\mdcnpal\htdocs\public_html\core\app.php(565) : eval()'d code on line 219
[2026-07-06 18:11:51] Undefined variable $dieses_cond in C:\xampp\Desktop\mdcnpal\htdocs\public_html\core\app.php(565) : eval()'d code on line 219
[2026-07-06 18:11:51] Undefined variable $popular_pack_cond in C:\xampp\Desktop\mdcnpal\htdocs\public_html\core\app.php(565) : eval()'d code on line 219
[2026-07-06 18:11:51] Undefined property: app::$rs_customer in C:\xampp\Desktop\mdcnpal\htdocs\public_html\includes\footer.php on line 357
[2026-07-06 18:11:51] Trying to access array offset on value of type null in C:\xampp\Desktop\mdcnpal\htdocs\public_html\includes\footer.php on line 357
[2026-07-06 18:11:51] Undefined property: app::$rs_customer in C:\xampp\Desktop\mdcnpal\htdocs\public_html\includes\footer.php on line 366
[2026-07-06 18:11:51] Trying to access array offset on value of type null in C:\xampp\Desktop\mdcnpal\htdocs\public_html\includes\footer.php on line 366
[2026-07-06 18:11:51] Undefined property: app::$rs_customer in C:\xampp\Desktop\mdcnpal\htdocs\public_html\includes\footer.php on line 372
[2026-07-06 18:11:51] Trying to access array offset on value of type null in C:\xampp\Desktop\mdcnpal\htdocs\public_html\includes\footer.php on line 372
[2026-07-06 18:11:51] Undefined property: app::$rs_customer in C:\xampp\Desktop\mdcnpal\htdocs\public_html\includes\general_data.php on line 88
[2026-07-06 18:11:51] Trying to access array offset on value of type null in C:\xampp\Desktop\mdcnpal\htdocs\public_html\includes\general_data.php on line 88
[2026-07-06 18:11:51] Undefined array key "MDRCCustID" in C:\xampp\Desktop\mdcnpal\htdocs\public_html\includes\general_data.php on line 88
[2026-07-06 18:11:51] Undefined variable $tmpStr in C:\xampp\Desktop\mdcnpal\htdocs\public_html\core\app.php on line 971
[2026-07-06 18:11:54] Creation of dynamic property dbclass::$RECORD_SET is deprecated in C:\xampp\Desktop\mdcnpal\htdocs\public_html\core\dbclass.php on line 69
[2026-07-06 18:11:54] Creation of dynamic property dbclass::$app is deprecated in C:\xampp\Desktop\mdcnpal\htdocs\public_html\core\dbclass.php on line 75
[2026-07-06 18:11:54] Creation of dynamic property model::$foreign_tables is deprecated in C:\xampp\Desktop\mdcnpal\htdocs\public_html\core\model.php on line 43
[2026-07-06 18:11:54] Creation of dynamic property app::$inputfilter is deprecated in C:\xampp\Desktop\mdcnpal\htdocs\public_html\core\app.php on line 123
[2026-07-06 18:11:54] Creation of dynamic property app::$userconfig is deprecated in C:\xampp\Desktop\mdcnpal\htdocs\public_html\core\app.php on line 124
[2026-07-06 18:11:54] Creation of dynamic property app::$global_include is deprecated in C:\xampp\Desktop\mdcnpal\htdocs\public_html\core\app.php on line 125
[2026-07-06 18:11:54] Creation of dynamic property app::$set_cache_time is deprecated in C:\xampp\Desktop\mdcnpal\htdocs\public_html\core\app.php on line 153
[2026-07-06 18:11:54] Undefined variable $RESULT in C:\xampp\Desktop\mdcnpal\htdocs\public_html\scripts\ajax\selectCityUsingGoogleMapApi.php on line 69
[2026-07-06 18:11:54] Undefined variable $URL in C:\xampp\Desktop\mdcnpal\htdocs\public_html\scripts\ajax\selectCityUsingGoogleMapApi.php on line 73
[2026-07-06 18:11:54] Creation of dynamic property dbclass::$RECORD_SET is deprecated in C:\xampp\Desktop\mdcnpal\htdocs\public_html\core\dbclass.php on line 69
[2026-07-06 18:11:54] Creation of dynamic property dbclass::$app is deprecated in C:\xampp\Desktop\mdcnpal\htdocs\public_html\core\dbclass.php on line 75
[2026-07-06 18:11:54] Creation of dynamic property model::$foreign_tables is deprecated in C:\xampp\Desktop\mdcnpal\htdocs\public_html\core\model.php on line 43
[2026-07-06 18:11:54] Creation of dynamic property app::$inputfilter is deprecated in C:\xampp\Desktop\mdcnpal\htdocs\public_html\core\app.php on line 123
[2026-07-06 18:11:54] Creation of dynamic property app::$userconfig is deprecated in C:\xampp\Desktop\mdcnpal\htdocs\public_html\core\app.php on line 124
[2026-07-06 18:11:54] Creation of dynamic property app::$global_include is deprecated in C:\xampp\Desktop\mdcnpal\htdocs\public_html\core\app.php on line 125
[2026-07-06 18:11:54] Creation of dynamic property app::$set_cache_time is deprecated in C:\xampp\Desktop\mdcnpal\htdocs\public_html\core\app.php on line 153
[2026-07-06 18:11:54] Creation of dynamic property app::$meta is deprecated in C:\xampp\Desktop\mdcnpal\htdocs\public_html\core\app.php on line 434
[2026-07-06 18:11:54] Creation of dynamic property app::$rs_gs_city is deprecated in C:\xampp\Desktop\mdcnpal\htdocs\public_html\core\app.php on line 434
[2026-07-06 18:11:54] Creation of dynamic property app::$rs_footer_popular_item is deprecated in C:\xampp\Desktop\mdcnpal\htdocs\public_html\core\app.php on line 434
[2026-07-06 18:11:54] Creation of dynamic property app::$rs_footer_popular_test is deprecated in C:\xampp\Desktop\mdcnpal\htdocs\public_html\core\app.php on line 434
[2026-07-06 18:11:54] Creation of dynamic property app::$rs_testimonial is deprecated in C:\xampp\Desktop\mdcnpal\htdocs\public_html\core\app.php on line 434
[2026-07-06 18:11:54] Creation of dynamic property app::$admin is deprecated in C:\xampp\Desktop\mdcnpal\htdocs\public_html\core\app.php on line 434
[2026-07-06 18:11:54] Undefined array key 0 in C:\xampp\Desktop\mdcnpal\htdocs\public_html\core\global_include.php on line 514
[2026-07-06 18:11:54] Creation of dynamic property app::$popup is deprecated in C:\xampp\Desktop\mdcnpal\htdocs\public_html\core\app.php on line 434
[2026-07-06 18:11:54] Undefined array key "MDRCCustID" in C:\xampp\Desktop\mdcnpal\htdocs\public_html\core\global_include.php on line 515
[2026-07-06 18:11:54] Undefined array key "MDRCToken" in C:\xampp\Desktop\mdcnpal\htdocs\public_html\core\global_include.php on line 515
[2026-07-06 18:11:54] Creation of dynamic property app::$rscategory is deprecated in C:\xampp\Desktop\mdcnpal\htdocs\public_html\core\app.php on line 434
[2026-07-06 18:11:55] Creation of dynamic property app::$rs_pages is deprecated in C:\xampp\Desktop\mdcnpal\htdocs\public_html\core\app.php on line 434
[2026-07-06 18:11:55] Creation of dynamic property app::$gs is deprecated in C:\xampp\Desktop\mdcnpal\htdocs\public_html\core\app.php on line 434
[2026-07-06 18:11:55] Undefined array key "MDRCCustID" in C:\xampp\Desktop\mdcnpal\htdocs\public_html\core\global_include.php on line 596
[2026-07-06 18:11:55] Undefined array key "MDRCCustID" in C:\xampp\Desktop\mdcnpal\htdocs\public_html\core\global_include.php on line 615
[2026-07-06 18:11:55] Undefined variable $getId in C:\xampp\Desktop\mdcnpal\htdocs\public_html\core\global_include.php on line 684
[2026-07-06 18:11:55] Undefined variable $getName in C:\xampp\Desktop\mdcnpal\htdocs\public_html\core\global_include.php on line 685
[2026-07-06 18:11:55] Undefined array key 0 in C:\xampp\Desktop\mdcnpal\htdocs\public_html\core\global_include.php on line 810
[2026-07-06 18:11:55] Creation of dynamic property app::$rs_offer_msg is deprecated in C:\xampp\Desktop\mdcnpal\htdocs\public_html\core\app.php on line 434
[2026-07-06 18:11:55] Creation of dynamic property app::$rs_for_doctors is deprecated in C:\xampp\Desktop\mdcnpal\htdocs\public_html\core\app.php on line 434
[2026-07-06 18:11:55] Creation of dynamic property app::$rs_blog_category is deprecated in C:\xampp\Desktop\mdcnpal\htdocs\public_html\core\app.php on line 434
[2026-07-06 18:11:55] Creation of dynamic property app::$array_bread is deprecated in C:\xampp\Desktop\mdcnpal\htdocs\public_html\core\app.php on line 434
[2026-07-06 18:11:55] Creation of dynamic property app::$CatId is deprecated in C:\xampp\Desktop\mdcnpal\htdocs\public_html\core\app.php on line 434
[2026-07-06 18:11:55] Creation of dynamic property app::$TagId is deprecated in C:\xampp\Desktop\mdcnpal\htdocs\public_html\core\app.php on line 434
[2026-07-06 18:11:55] Creation of dynamic property app::$rs_data is deprecated in C:\xampp\Desktop\mdcnpal\htdocs\public_html\core\app.php on line 434
[2026-07-06 18:11:55] Undefined property: app::$rs_cartmini in C:\xampp\Desktop\mdcnpal\htdocs\public_html\includes\header.php on line 131
[2026-07-06 18:11:55] Undefined array key "MDRCCustID" in C:\xampp\Desktop\mdcnpal\htdocs\public_html\includes\header.php on line 134
[2026-07-06 18:11:55] Undefined property: app::$rs_cartmini in C:\xampp\Desktop\mdcnpal\htdocs\public_html\includes\header.php on line 197
[2026-07-06 18:11:55] Undefined array key "MDRCCustID" in C:\xampp\Desktop\mdcnpal\htdocs\public_html\includes\header.php on line 200
[2026-07-06 18:11:55] Undefined property: app::$rs_cartmini in C:\xampp\Desktop\mdcnpal\htdocs\public_html\includes\header.php on line 469
[2026-07-06 18:11:55] Undefined array key "MDRCCustID" in C:\xampp\Desktop\mdcnpal\htdocs\public_html\includes\header.php on line 472
[2026-07-06 18:11:55] Undefined property: app::$rs_cartmini in C:\xampp\Desktop\mdcnpal\htdocs\public_html\includes\header.php on line 525
[2026-07-06 18:11:55] Undefined array key "MDRCCustID" in C:\xampp\Desktop\mdcnpal\htdocs\public_html\includes\header.php on line 528
[2026-07-06 18:11:55] Undefined property: app::$rs_customer in C:\xampp\Desktop\mdcnpal\htdocs\public_html\includes\header.php on line 712
[2026-07-06 18:11:55] Trying to access array offset on value of type null in C:\xampp\Desktop\mdcnpal\htdocs\public_html\includes\header.php on line 712
[2026-07-06 18:11:55] Undefined property: app::$rs_customer in C:\xampp\Desktop\mdcnpal\htdocs\public_html\includes\header.php on line 721
[2026-07-06 18:11:55] Trying to access array offset on value of type null in C:\xampp\Desktop\mdcnpal\htdocs\public_html\includes\header.php on line 721
[2026-07-06 18:11:55] Undefined property: app::$rs_customer in C:\xampp\Desktop\mdcnpal\htdocs\public_html\includes\header.php on line 730
[2026-07-06 18:11:55] Trying to access array offset on value of type null in C:\xampp\Desktop\mdcnpal\htdocs\public_html\includes\header.php on line 730
[2026-07-06 18:11:55] Undefined property: app::$rs_customer in C:\xampp\Desktop\mdcnpal\htdocs\public_html\includes\header.php on line 739
[2026-07-06 18:11:55] Trying to access array offset on value of type null in C:\xampp\Desktop\mdcnpal\htdocs\public_html\includes\header.php on line 739
[2026-07-06 18:11:55] Undefined property: app::$rs_customer in C:\xampp\Desktop\mdcnpal\htdocs\public_html\includes\footer.php on line 357
[2026-07-06 18:11:55] Trying to access array offset on value of type null in C:\xampp\Desktop\mdcnpal\htdocs\public_html\includes\footer.php on line 357
[2026-07-06 18:11:55] Undefined property: app::$rs_customer in C:\xampp\Desktop\mdcnpal\htdocs\public_html\includes\footer.php on line 366
[2026-07-06 18:11:55] Trying to access array offset on value of type null in C:\xampp\Desktop\mdcnpal\htdocs\public_html\includes\footer.php on line 366
[2026-07-06 18:11:55] Undefined property: app::$rs_customer in C:\xampp\Desktop\mdcnpal\htdocs\public_html\includes\footer.php on line 372
[2026-07-06 18:11:55] Trying to access array offset on value of type null in C:\xampp\Desktop\mdcnpal\htdocs\public_html\includes\footer.php on line 372
[2026-07-06 18:11:55] Undefined property: app::$rs_customer in C:\xampp\Desktop\mdcnpal\htdocs\public_html\includes\general_data.php on line 88
[2026-07-06 18:11:55] Trying to access array offset on value of type null in C:\xampp\Desktop\mdcnpal\htdocs\public_html\includes\general_data.php on line 88
[2026-07-06 18:11:55] Undefined array key "MDRCCustID" in C:\xampp\Desktop\mdcnpal\htdocs\public_html\includes\general_data.php on line 88
[2026-07-06 18:11:55] Undefined variable $tmpStr in C:\xampp\Desktop\mdcnpal\htdocs\public_html\core\app.php on line 971
[2026-07-06 18:11:55] Creation of dynamic property dbclass::$RECORD_SET is deprecated in C:\xampp\Desktop\mdcnpal\htdocs\public_html\core\dbclass.php on line 69
[2026-07-06 18:11:55] Creation of dynamic property dbclass::$app is deprecated in C:\xampp\Desktop\mdcnpal\htdocs\public_html\core\dbclass.php on line 75
[2026-07-06 18:11:55] Creation of dynamic property model::$foreign_tables is deprecated in C:\xampp\Desktop\mdcnpal\htdocs\public_html\core\model.php on line 43
[2026-07-06 18:11:55] Creation of dynamic property app::$inputfilter is deprecated in C:\xampp\Desktop\mdcnpal\htdocs\public_html\core\app.php on line 123
[2026-07-06 18:11:55] Creation of dynamic property app::$userconfig is deprecated in C:\xampp\Desktop\mdcnpal\htdocs\public_html\core\app.php on line 124
[2026-07-06 18:11:55] Creation of dynamic property app::$global_include is deprecated in C:\xampp\Desktop\mdcnpal\htdocs\public_html\core\app.php on line 125
[2026-07-06 18:11:55] Creation of dynamic property app::$set_cache_time is deprecated in C:\xampp\Desktop\mdcnpal\htdocs\public_html\core\app.php on line 153
[06-Jul-2026 18:11:55 Asia/Kathmandu] PHP Fatal error:  Uncaught mysqli_sql_exception: Invalid character set was provided in C:\xampp\Desktop\mdcnpal\htdocs\public_html\scripts\ajax\get_blog.php:2
Stack trace:
#0 C:\xampp\Desktop\mdcnpal\htdocs\public_html\scripts\ajax\get_blog.php(2): mysqli_set_charset(Object(mysqli), 'utf-8')
#1 C:\xampp\Desktop\mdcnpal\htdocs\public_html\scripts\ajax\index.php(15): include('C:\\xampp\\Deskto...')
#2 {main}
  thrown in C:\xampp\Desktop\mdcnpal\htdocs\public_html\scripts\ajax\get_blog.php on line 2
[2026-07-06 18:11:59] Creation of dynamic property dbclass::$RECORD_SET is deprecated in C:\xampp\Desktop\mdcnpal\htdocs\public_html\core\dbclass.php on line 69
[2026-07-06 18:11:59] Creation of dynamic property dbclass::$app is deprecated in C:\xampp\Desktop\mdcnpal\htdocs\public_html\core\dbclass.php on line 75
[2026-07-06 18:11:59] Creation of dynamic property model::$foreign_tables is deprecated in C:\xampp\Desktop\mdcnpal\htdocs\public_html\core\model.php on line 43
[2026-07-06 18:11:59] Creation of dynamic property app::$inputfilter is deprecated in C:\xampp\Desktop\mdcnpal\htdocs\public_html\core\app.php on line 123
[2026-07-06 18:11:59] Creation of dynamic property app::$userconfig is deprecated in C:\xampp\Desktop\mdcnpal\htdocs\public_html\core\app.php on line 124
[2026-07-06 18:11:59] Creation of dynamic property app::$global_include is deprecated in C:\xampp\Desktop\mdcnpal\htdocs\public_html\core\app.php on line 125
[2026-07-06 18:11:59] Creation of dynamic property app::$set_cache_time is deprecated in C:\xampp\Desktop\mdcnpal\htdocs\public_html\core\app.php on line 153
[2026-07-06 18:11:59] Undefined variable $RESULT in C:\xampp\Desktop\mdcnpal\htdocs\public_html\scripts\ajax\selectCityUsingGoogleMapApi.php on line 69
[2026-07-06 18:11:59] Undefined variable $URL in C:\xampp\Desktop\mdcnpal\htdocs\public_html\scripts\ajax\selectCityUsingGoogleMapApi.php on line 73
[2026-07-06 18:12:36] Creation of dynamic property dbclass::$RECORD_SET is deprecated in C:\xampp\Desktop\mdcnpal\htdocs\public_html\core\dbclass.php on line 69
[2026-07-06 18:12:36] Creation of dynamic property dbclass::$app is deprecated in C:\xampp\Desktop\mdcnpal\htdocs\public_html\core\dbclass.php on line 75
[2026-07-06 18:12:36] Creation of dynamic property model::$foreign_tables is deprecated in C:\xampp\Desktop\mdcnpal\htdocs\public_html\core\model.php on line 43
[2026-07-06 18:12:36] Creation of dynamic property app::$inputfilter is deprecated in C:\xampp\Desktop\mdcnpal\htdocs\public_html\core\app.php on line 123
[2026-07-06 18:12:36] Creation of dynamic property app::$userconfig is deprecated in C:\xampp\Desktop\mdcnpal\htdocs\public_html\core\app.php on line 124
[2026-07-06 18:12:36] Creation of dynamic property app::$global_include is deprecated in C:\xampp\Desktop\mdcnpal\htdocs\public_html\core\app.php on line 125
[2026-07-06 18:12:36] Creation of dynamic property app::$set_cache_time is deprecated in C:\xampp\Desktop\mdcnpal\htdocs\public_html\core\app.php on line 153
[2026-07-06 18:12:36] Creation of dynamic property app::$meta is deprecated in C:\xampp\Desktop\mdcnpal\htdocs\public_html\core\app.php on line 434
[2026-07-06 18:12:36] Creation of dynamic property app::$rs_gs_city is deprecated in C:\xampp\Desktop\mdcnpal\htdocs\public_html\core\app.php on line 434
[2026-07-06 18:12:36] Creation of dynamic property app::$rs_footer_popular_item is deprecated in C:\xampp\Desktop\mdcnpal\htdocs\public_html\core\app.php on line 434
[2026-07-06 18:12:36] Creation of dynamic property app::$rs_footer_popular_test is deprecated in C:\xampp\Desktop\mdcnpal\htdocs\public_html\core\app.php on line 434
[2026-07-06 18:12:36] Creation of dynamic property app::$rs_testimonial is deprecated in C:\xampp\Desktop\mdcnpal\htdocs\public_html\core\app.php on line 434
[2026-07-06 18:12:36] Creation of dynamic property app::$admin is deprecated in C:\xampp\Desktop\mdcnpal\htdocs\public_html\core\app.php on line 434
[2026-07-06 18:12:36] Undefined array key 0 in C:\xampp\Desktop\mdcnpal\htdocs\public_html\core\global_include.php on line 514
[2026-07-06 18:12:36] Creation of dynamic property app::$popup is deprecated in C:\xampp\Desktop\mdcnpal\htdocs\public_html\core\app.php on line 434
[2026-07-06 18:12:36] Undefined array key "MDRCCustID" in C:\xampp\Desktop\mdcnpal\htdocs\public_html\core\global_include.php on line 515
[2026-07-06 18:12:36] Undefined array key "MDRCToken" in C:\xampp\Desktop\mdcnpal\htdocs\public_html\core\global_include.php on line 515
[2026-07-06 18:12:36] Creation of dynamic property app::$rscategory is deprecated in C:\xampp\Desktop\mdcnpal\htdocs\public_html\core\app.php on line 434
[2026-07-06 18:12:36] Creation of dynamic property app::$rs_pages is deprecated in C:\xampp\Desktop\mdcnpal\htdocs\public_html\core\app.php on line 434
[2026-07-06 18:12:36] Creation of dynamic property app::$gs is deprecated in C:\xampp\Desktop\mdcnpal\htdocs\public_html\core\app.php on line 434
[2026-07-06 18:12:36] Undefined array key "MDRCCustID" in C:\xampp\Desktop\mdcnpal\htdocs\public_html\core\global_include.php on line 596
[2026-07-06 18:12:36] Undefined array key "MDRCCustID" in C:\xampp\Desktop\mdcnpal\htdocs\public_html\core\global_include.php on line 615
[2026-07-06 18:12:36] Undefined variable $getId in C:\xampp\Desktop\mdcnpal\htdocs\public_html\core\global_include.php on line 684
[2026-07-06 18:12:36] Undefined variable $getName in C:\xampp\Desktop\mdcnpal\htdocs\public_html\core\global_include.php on line 685
[2026-07-06 18:12:36] Undefined array key 0 in C:\xampp\Desktop\mdcnpal\htdocs\public_html\core\global_include.php on line 810
[2026-07-06 18:12:36] Creation of dynamic property app::$rs_offer_msg is deprecated in C:\xampp\Desktop\mdcnpal\htdocs\public_html\core\app.php on line 434
[2026-07-06 18:12:36] Creation of dynamic property app::$rs_for_doctors is deprecated in C:\xampp\Desktop\mdcnpal\htdocs\public_html\core\app.php on line 434
[2026-07-06 18:12:36] Creation of dynamic property app::$rs_blog_category is deprecated in C:\xampp\Desktop\mdcnpal\htdocs\public_html\core\app.php on line 434
[2026-07-06 18:12:36] Creation of dynamic property app::$array_bread is deprecated in C:\xampp\Desktop\mdcnpal\htdocs\public_html\core\app.php on line 434
[2026-07-06 18:12:36] Creation of dynamic property app::$CatId is deprecated in C:\xampp\Desktop\mdcnpal\htdocs\public_html\core\app.php on line 434
[2026-07-06 18:12:36] Creation of dynamic property app::$TagId is deprecated in C:\xampp\Desktop\mdcnpal\htdocs\public_html\core\app.php on line 434
[2026-07-06 18:12:36] Creation of dynamic property app::$rs_data is deprecated in C:\xampp\Desktop\mdcnpal\htdocs\public_html\core\app.php on line 434
[2026-07-06 18:12:36] Undefined property: app::$rs_cartmini in C:\xampp\Desktop\mdcnpal\htdocs\public_html\includes\header.php on line 131
[2026-07-06 18:12:36] Undefined array key "MDRCCustID" in C:\xampp\Desktop\mdcnpal\htdocs\public_html\includes\header.php on line 134
[2026-07-06 18:12:36] Undefined property: app::$rs_cartmini in C:\xampp\Desktop\mdcnpal\htdocs\public_html\includes\header.php on line 197
[2026-07-06 18:12:36] Undefined array key "MDRCCustID" in C:\xampp\Desktop\mdcnpal\htdocs\public_html\includes\header.php on line 200
[2026-07-06 18:12:36] Undefined property: app::$rs_cartmini in C:\xampp\Desktop\mdcnpal\htdocs\public_html\includes\header.php on line 469
[2026-07-06 18:12:36] Undefined array key "MDRCCustID" in C:\xampp\Desktop\mdcnpal\htdocs\public_html\includes\header.php on line 472
[2026-07-06 18:12:36] Undefined property: app::$rs_cartmini in C:\xampp\Desktop\mdcnpal\htdocs\public_html\includes\header.php on line 525
[2026-07-06 18:12:36] Undefined array key "MDRCCustID" in C:\xampp\Desktop\mdcnpal\htdocs\public_html\includes\header.php on line 528
[2026-07-06 18:12:36] Undefined property: app::$rs_customer in C:\xampp\Desktop\mdcnpal\htdocs\public_html\includes\header.php on line 712
[2026-07-06 18:12:36] Trying to access array offset on value of type null in C:\xampp\Desktop\mdcnpal\htdocs\public_html\includes\header.php on line 712
[2026-07-06 18:12:36] Undefined property: app::$rs_customer in C:\xampp\Desktop\mdcnpal\htdocs\public_html\includes\header.php on line 721
[2026-07-06 18:12:36] Trying to access array offset on value of type null in C:\xampp\Desktop\mdcnpal\htdocs\public_html\includes\header.php on line 721
[2026-07-06 18:12:36] Undefined property: app::$rs_customer in C:\xampp\Desktop\mdcnpal\htdocs\public_html\includes\header.php on line 730
[2026-07-06 18:12:36] Trying to access array offset on value of type null in C:\xampp\Desktop\mdcnpal\htdocs\public_html\includes\header.php on line 730
[2026-07-06 18:12:36] Undefined property: app::$rs_customer in C:\xampp\Desktop\mdcnpal\htdocs\public_html\includes\header.php on line 739
[2026-07-06 18:12:36] Trying to access array offset on value of type null in C:\xampp\Desktop\mdcnpal\htdocs\public_html\includes\header.php on line 739
[2026-07-06 18:12:36] Undefined property: app::$rs_customer in C:\xampp\Desktop\mdcnpal\htdocs\public_html\includes\footer.php on line 357
[2026-07-06 18:12:36] Trying to access array offset on value of type null in C:\xampp\Desktop\mdcnpal\htdocs\public_html\includes\footer.php on line 357
[2026-07-06 18:12:36] Undefined property: app::$rs_customer in C:\xampp\Desktop\mdcnpal\htdocs\public_html\includes\footer.php on line 366
[2026-07-06 18:12:36] Trying to access array offset on value of type null in C:\xampp\Desktop\mdcnpal\htdocs\public_html\includes\footer.php on line 366
[2026-07-06 18:12:36] Undefined property: app::$rs_customer in C:\xampp\Desktop\mdcnpal\htdocs\public_html\includes\footer.php on line 372
[2026-07-06 18:12:36] Trying to access array offset on value of type null in C:\xampp\Desktop\mdcnpal\htdocs\public_html\includes\footer.php on line 372
[2026-07-06 18:12:36] Undefined property: app::$rs_customer in C:\xampp\Desktop\mdcnpal\htdocs\public_html\includes\general_data.php on line 88
[2026-07-06 18:12:36] Trying to access array offset on value of type null in C:\xampp\Desktop\mdcnpal\htdocs\public_html\includes\general_data.php on line 88
[2026-07-06 18:12:36] Undefined array key "MDRCCustID" in C:\xampp\Desktop\mdcnpal\htdocs\public_html\includes\general_data.php on line 88
[2026-07-06 18:12:37] Undefined variable $tmpStr in C:\xampp\Desktop\mdcnpal\htdocs\public_html\core\app.php on line 971
[2026-07-06 18:12:37] Creation of dynamic property dbclass::$RECORD_SET is deprecated in C:\xampp\Desktop\mdcnpal\htdocs\public_html\core\dbclass.php on line 69
[2026-07-06 18:12:37] Creation of dynamic property dbclass::$app is deprecated in C:\xampp\Desktop\mdcnpal\htdocs\public_html\core\dbclass.php on line 75
[2026-07-06 18:12:37] Creation of dynamic property model::$foreign_tables is deprecated in C:\xampp\Desktop\mdcnpal\htdocs\public_html\core\model.php on line 43
[2026-07-06 18:12:37] Creation of dynamic property app::$inputfilter is deprecated in C:\xampp\Desktop\mdcnpal\htdocs\public_html\core\app.php on line 123
[2026-07-06 18:12:37] Creation of dynamic property app::$userconfig is deprecated in C:\xampp\Desktop\mdcnpal\htdocs\public_html\core\app.php on line 124
[2026-07-06 18:12:37] Creation of dynamic property app::$global_include is deprecated in C:\xampp\Desktop\mdcnpal\htdocs\public_html\core\app.php on line 125
[2026-07-06 18:12:37] Creation of dynamic property app::$set_cache_time is deprecated in C:\xampp\Desktop\mdcnpal\htdocs\public_html\core\app.php on line 153
[06-Jul-2026 18:12:37 Asia/Kathmandu] PHP Fatal error:  Uncaught mysqli_sql_exception: Invalid character set was provided in C:\xampp\Desktop\mdcnpal\htdocs\public_html\scripts\ajax\get_blog.php:2
Stack trace:
#0 C:\xampp\Desktop\mdcnpal\htdocs\public_html\scripts\ajax\get_blog.php(2): mysqli_set_charset(Object(mysqli), 'utf-8')
#1 C:\xampp\Desktop\mdcnpal\htdocs\public_html\scripts\ajax\index.php(15): include('C:\\xampp\\Deskto...')
#2 {main}
  thrown in C:\xampp\Desktop\mdcnpal\htdocs\public_html\scripts\ajax\get_blog.php on line 2
[2026-07-06 18:12:42] Creation of dynamic property dbclass::$RECORD_SET is deprecated in C:\xampp\Desktop\mdcnpal\htdocs\public_html\core\dbclass.php on line 69
[2026-07-06 18:12:42] Creation of dynamic property dbclass::$app is deprecated in C:\xampp\Desktop\mdcnpal\htdocs\public_html\core\dbclass.php on line 75
[2026-07-06 18:12:42] Creation of dynamic property model::$foreign_tables is deprecated in C:\xampp\Desktop\mdcnpal\htdocs\public_html\core\model.php on line 43
[2026-07-06 18:12:42] Creation of dynamic property app::$inputfilter is deprecated in C:\xampp\Desktop\mdcnpal\htdocs\public_html\core\app.php on line 123
[2026-07-06 18:12:42] Creation of dynamic property app::$userconfig is deprecated in C:\xampp\Desktop\mdcnpal\htdocs\public_html\core\app.php on line 124
[2026-07-06 18:12:42] Creation of dynamic property app::$global_include is deprecated in C:\xampp\Desktop\mdcnpal\htdocs\public_html\core\app.php on line 125
[2026-07-06 18:12:42] Creation of dynamic property app::$set_cache_time is deprecated in C:\xampp\Desktop\mdcnpal\htdocs\public_html\core\app.php on line 153
[2026-07-06 18:12:42] Undefined variable $RESULT in C:\xampp\Desktop\mdcnpal\htdocs\public_html\scripts\ajax\selectCityUsingGoogleMapApi.php on line 69
[2026-07-06 18:12:42] Undefined variable $URL in C:\xampp\Desktop\mdcnpal\htdocs\public_html\scripts\ajax\selectCityUsingGoogleMapApi.php on line 73
[2026-07-06 18:13:05] Creation of dynamic property dbclass::$RECORD_SET is deprecated in C:\xampp\Desktop\mdcnpal\htdocs\public_html\core\dbclass.php on line 69
[2026-07-06 18:13:05] Creation of dynamic property dbclass::$app is deprecated in C:\xampp\Desktop\mdcnpal\htdocs\public_html\core\dbclass.php on line 75
[2026-07-06 18:13:05] Creation of dynamic property model::$foreign_tables is deprecated in C:\xampp\Desktop\mdcnpal\htdocs\public_html\core\model.php on line 43
[2026-07-06 18:13:05] Creation of dynamic property app::$inputfilter is deprecated in C:\xampp\Desktop\mdcnpal\htdocs\public_html\core\app.php on line 123
[2026-07-06 18:13:05] Creation of dynamic property app::$userconfig is deprecated in C:\xampp\Desktop\mdcnpal\htdocs\public_html\core\app.php on line 124
[2026-07-06 18:13:05] Creation of dynamic property app::$global_include is deprecated in C:\xampp\Desktop\mdcnpal\htdocs\public_html\core\app.php on line 125
[2026-07-06 18:13:05] Creation of dynamic property app::$set_cache_time is deprecated in C:\xampp\Desktop\mdcnpal\htdocs\public_html\core\app.php on line 153
[2026-07-06 18:13:05] Undefined array key "cityID" in C:\xampp\Desktop\mdcnpal\htdocs\public_html\core\global_include.php on line 381
[2026-07-06 18:13:05] Undefined array key "cityID" in C:\xampp\Desktop\mdcnpal\htdocs\public_html\core\global_include.php on line 416
[2026-07-06 18:13:05] Creation of dynamic property app::$meta is deprecated in C:\xampp\Desktop\mdcnpal\htdocs\public_html\core\app.php on line 434
[2026-07-06 18:13:05] Creation of dynamic property app::$rs_gs_city is deprecated in C:\xampp\Desktop\mdcnpal\htdocs\public_html\core\app.php on line 434
[2026-07-06 18:13:05] Undefined array key "cityID" in C:\xampp\Desktop\mdcnpal\htdocs\public_html\core\global_include.php on line 468
[2026-07-06 18:13:05] Creation of dynamic property app::$rs_footer_popular_item is deprecated in C:\xampp\Desktop\mdcnpal\htdocs\public_html\core\app.php on line 434
[2026-07-06 18:13:05] Creation of dynamic property app::$rs_footer_popular_test is deprecated in C:\xampp\Desktop\mdcnpal\htdocs\public_html\core\app.php on line 434
[2026-07-06 18:13:05] Creation of dynamic property app::$rs_testimonial is deprecated in C:\xampp\Desktop\mdcnpal\htdocs\public_html\core\app.php on line 434
[2026-07-06 18:13:05] Creation of dynamic property app::$admin is deprecated in C:\xampp\Desktop\mdcnpal\htdocs\public_html\core\app.php on line 434
[2026-07-06 18:13:05] Undefined array key 0 in C:\xampp\Desktop\mdcnpal\htdocs\public_html\core\global_include.php on line 514
[2026-07-06 18:13:05] Creation of dynamic property app::$popup is deprecated in C:\xampp\Desktop\mdcnpal\htdocs\public_html\core\app.php on line 434
[2026-07-06 18:13:05] Undefined array key "MDRCCustID" in C:\xampp\Desktop\mdcnpal\htdocs\public_html\core\global_include.php on line 515
[2026-07-06 18:13:05] Undefined array key "MDRCToken" in C:\xampp\Desktop\mdcnpal\htdocs\public_html\core\global_include.php on line 515
[2026-07-06 18:13:05] Creation of dynamic property app::$rscategory is deprecated in C:\xampp\Desktop\mdcnpal\htdocs\public_html\core\app.php on line 434
[2026-07-06 18:13:05] Creation of dynamic property app::$rs_pages is deprecated in C:\xampp\Desktop\mdcnpal\htdocs\public_html\core\app.php on line 434
[2026-07-06 18:13:05] Creation of dynamic property app::$gs is deprecated in C:\xampp\Desktop\mdcnpal\htdocs\public_html\core\app.php on line 434
[2026-07-06 18:13:05] Undefined array key "MDRCCustID" in C:\xampp\Desktop\mdcnpal\htdocs\public_html\core\global_include.php on line 596
[2026-07-06 18:13:05] Undefined array key "MDRCCustID" in C:\xampp\Desktop\mdcnpal\htdocs\public_html\core\global_include.php on line 615
[2026-07-06 18:13:05] Undefined variable $getId in C:\xampp\Desktop\mdcnpal\htdocs\public_html\core\global_include.php on line 684
[2026-07-06 18:13:05] Undefined variable $getName in C:\xampp\Desktop\mdcnpal\htdocs\public_html\core\global_include.php on line 685
[2026-07-06 18:13:05] Undefined array key 0 in C:\xampp\Desktop\mdcnpal\htdocs\public_html\core\global_include.php on line 810
[2026-07-06 18:13:05] Creation of dynamic property app::$rs_offer_msg is deprecated in C:\xampp\Desktop\mdcnpal\htdocs\public_html\core\app.php on line 434
[2026-07-06 18:13:05] Creation of dynamic property app::$rs_for_doctors is deprecated in C:\xampp\Desktop\mdcnpal\htdocs\public_html\core\app.php on line 434
[2026-07-06 18:13:05] Creation of dynamic property app::$rs_blog_category is deprecated in C:\xampp\Desktop\mdcnpal\htdocs\public_html\core\app.php on line 434
[2026-07-06 18:13:05] Creation of dynamic property app::$array_bread is deprecated in C:\xampp\Desktop\mdcnpal\htdocs\public_html\core\app.php on line 434
[2026-07-06 18:13:05] Creation of dynamic property app::$CatId is deprecated in C:\xampp\Desktop\mdcnpal\htdocs\public_html\core\app.php on line 434
[2026-07-06 18:13:05] Creation of dynamic property app::$TagId is deprecated in C:\xampp\Desktop\mdcnpal\htdocs\public_html\core\app.php on line 434
[2026-07-06 18:13:05] Creation of dynamic property app::$rs_data is deprecated in C:\xampp\Desktop\mdcnpal\htdocs\public_html\core\app.php on line 434
[2026-07-06 18:13:05] Undefined array key "tempCityID" in C:\xampp\Desktop\mdcnpal\htdocs\public_html\includes\header.php on line 5
[2026-07-06 18:13:05] Undefined array key "items" in C:\xampp\Desktop\mdcnpal\htdocs\public_html\includes\header.php on line 16
[2026-07-06 18:13:05] Undefined array key "item_category" in C:\xampp\Desktop\mdcnpal\htdocs\public_html\includes\header.php on line 26
[2026-07-06 18:13:05] Undefined array key "item_diseases" in C:\xampp\Desktop\mdcnpal\htdocs\public_html\includes\header.php on line 33
[2026-07-06 18:13:05] Undefined property: app::$rs_cartmini in C:\xampp\Desktop\mdcnpal\htdocs\public_html\includes\header.php on line 131
[2026-07-06 18:13:05] Undefined array key "MDRCCustID" in C:\xampp\Desktop\mdcnpal\htdocs\public_html\includes\header.php on line 134
[2026-07-06 18:13:05] Undefined property: app::$rs_cartmini in C:\xampp\Desktop\mdcnpal\htdocs\public_html\includes\header.php on line 197
[2026-07-06 18:13:05] Undefined array key "MDRCCustID" in C:\xampp\Desktop\mdcnpal\htdocs\public_html\includes\header.php on line 200
[2026-07-06 18:13:05] Undefined property: app::$rs_cartmini in C:\xampp\Desktop\mdcnpal\htdocs\public_html\includes\header.php on line 469
[2026-07-06 18:13:05] Undefined array key "MDRCCustID" in C:\xampp\Desktop\mdcnpal\htdocs\public_html\includes\header.php on line 472
[2026-07-06 18:13:05] Undefined property: app::$rs_cartmini in C:\xampp\Desktop\mdcnpal\htdocs\public_html\includes\header.php on line 525
[2026-07-06 18:13:05] Undefined array key "MDRCCustID" in C:\xampp\Desktop\mdcnpal\htdocs\public_html\includes\header.php on line 528
[2026-07-06 18:13:05] Undefined property: app::$rs_customer in C:\xampp\Desktop\mdcnpal\htdocs\public_html\includes\header.php on line 712
[2026-07-06 18:13:05] Trying to access array offset on value of type null in C:\xampp\Desktop\mdcnpal\htdocs\public_html\includes\header.php on line 712
[2026-07-06 18:13:05] Undefined property: app::$rs_customer in C:\xampp\Desktop\mdcnpal\htdocs\public_html\includes\header.php on line 721
[2026-07-06 18:13:05] Trying to access array offset on value of type null in C:\xampp\Desktop\mdcnpal\htdocs\public_html\includes\header.php on line 721
[2026-07-06 18:13:05] Undefined property: app::$rs_customer in C:\xampp\Desktop\mdcnpal\htdocs\public_html\includes\header.php on line 730
[2026-07-06 18:13:05] Trying to access array offset on value of type null in C:\xampp\Desktop\mdcnpal\htdocs\public_html\includes\header.php on line 730
[2026-07-06 18:13:05] Undefined property: app::$rs_customer in C:\xampp\Desktop\mdcnpal\htdocs\public_html\includes\header.php on line 739
[2026-07-06 18:13:05] Trying to access array offset on value of type null in C:\xampp\Desktop\mdcnpal\htdocs\public_html\includes\header.php on line 739
[2026-07-06 18:13:05] Undefined property: app::$rs_customer in C:\xampp\Desktop\mdcnpal\htdocs\public_html\includes\footer.php on line 357
[2026-07-06 18:13:05] Trying to access array offset on value of type null in C:\xampp\Desktop\mdcnpal\htdocs\public_html\includes\footer.php on line 357
[2026-07-06 18:13:05] Undefined property: app::$rs_customer in C:\xampp\Desktop\mdcnpal\htdocs\public_html\includes\footer.php on line 366
[2026-07-06 18:13:05] Trying to access array offset on value of type null in C:\xampp\Desktop\mdcnpal\htdocs\public_html\includes\footer.php on line 366
[2026-07-06 18:13:05] Undefined property: app::$rs_customer in C:\xampp\Desktop\mdcnpal\htdocs\public_html\includes\footer.php on line 372
[2026-07-06 18:13:05] Trying to access array offset on value of type null in C:\xampp\Desktop\mdcnpal\htdocs\public_html\includes\footer.php on line 372
[2026-07-06 18:13:05] Undefined property: app::$rs_customer in C:\xampp\Desktop\mdcnpal\htdocs\public_html\includes\general_data.php on line 88
[2026-07-06 18:13:05] Trying to access array offset on value of type null in C:\xampp\Desktop\mdcnpal\htdocs\public_html\includes\general_data.php on line 88
[2026-07-06 18:13:05] Undefined array key "MDRCCustID" in C:\xampp\Desktop\mdcnpal\htdocs\public_html\includes\general_data.php on line 88
[2026-07-06 18:13:05] Undefined variable $tmpStr in C:\xampp\Desktop\mdcnpal\htdocs\public_html\core\app.php on line 971
[2026-07-06 18:13:07] Creation of dynamic property dbclass::$RECORD_SET is deprecated in C:\xampp\Desktop\mdcnpal\htdocs\public_html\core\dbclass.php on line 69
[2026-07-06 18:13:07] Creation of dynamic property dbclass::$app is deprecated in C:\xampp\Desktop\mdcnpal\htdocs\public_html\core\dbclass.php on line 75
[2026-07-06 18:13:07] Creation of dynamic property model::$foreign_tables is deprecated in C:\xampp\Desktop\mdcnpal\htdocs\public_html\core\model.php on line 43
[2026-07-06 18:13:07] Creation of dynamic property app::$inputfilter is deprecated in C:\xampp\Desktop\mdcnpal\htdocs\public_html\core\app.php on line 123
[2026-07-06 18:13:07] Creation of dynamic property app::$userconfig is deprecated in C:\xampp\Desktop\mdcnpal\htdocs\public_html\core\app.php on line 124
[2026-07-06 18:13:07] Creation of dynamic property app::$global_include is deprecated in C:\xampp\Desktop\mdcnpal\htdocs\public_html\core\app.php on line 125
[2026-07-06 18:13:07] Creation of dynamic property app::$set_cache_time is deprecated in C:\xampp\Desktop\mdcnpal\htdocs\public_html\core\app.php on line 153
[06-Jul-2026 18:13:07 Asia/Kathmandu] PHP Fatal error:  Uncaught mysqli_sql_exception: Invalid character set was provided in C:\xampp\Desktop\mdcnpal\htdocs\public_html\scripts\ajax\get_blog.php:2
Stack trace:
#0 C:\xampp\Desktop\mdcnpal\htdocs\public_html\scripts\ajax\get_blog.php(2): mysqli_set_charset(Object(mysqli), 'utf-8')
#1 C:\xampp\Desktop\mdcnpal\htdocs\public_html\scripts\ajax\index.php(15): include('C:\\xampp\\Deskto...')
#2 {main}
  thrown in C:\xampp\Desktop\mdcnpal\htdocs\public_html\scripts\ajax\get_blog.php on line 2
[2026-07-06 18:13:08] Creation of dynamic property dbclass::$RECORD_SET is deprecated in C:\xampp\Desktop\mdcnpal\htdocs\public_html\core\dbclass.php on line 69
[2026-07-06 18:13:08] Creation of dynamic property dbclass::$app is deprecated in C:\xampp\Desktop\mdcnpal\htdocs\public_html\core\dbclass.php on line 75
[2026-07-06 18:13:08] Creation of dynamic property model::$foreign_tables is deprecated in C:\xampp\Desktop\mdcnpal\htdocs\public_html\core\model.php on line 43
[2026-07-06 18:13:08] Creation of dynamic property app::$inputfilter is deprecated in C:\xampp\Desktop\mdcnpal\htdocs\public_html\core\app.php on line 123
[2026-07-06 18:13:08] Creation of dynamic property app::$userconfig is deprecated in C:\xampp\Desktop\mdcnpal\htdocs\public_html\core\app.php on line 124
[2026-07-06 18:13:09] Creation of dynamic property app::$global_include is deprecated in C:\xampp\Desktop\mdcnpal\htdocs\public_html\core\app.php on line 125
[2026-07-06 18:13:09] Creation of dynamic property app::$set_cache_time is deprecated in C:\xampp\Desktop\mdcnpal\htdocs\public_html\core\app.php on line 153
[2026-07-06 18:13:09] Undefined variable $RESULT in C:\xampp\Desktop\mdcnpal\htdocs\public_html\scripts\ajax\selectCityUsingGoogleMapApi.php on line 69
[2026-07-06 18:13:09] Undefined variable $URL in C:\xampp\Desktop\mdcnpal\htdocs\public_html\scripts\ajax\selectCityUsingGoogleMapApi.php on line 73
[2026-07-06 18:13:33] Creation of dynamic property dbclass::$RECORD_SET is deprecated in C:\xampp\Desktop\mdcnpal\htdocs\public_html\core\dbclass.php on line 69
[2026-07-06 18:13:33] Creation of dynamic property dbclass::$app is deprecated in C:\xampp\Desktop\mdcnpal\htdocs\public_html\core\dbclass.php on line 75
[2026-07-06 18:13:33] Creation of dynamic property model::$foreign_tables is deprecated in C:\xampp\Desktop\mdcnpal\htdocs\public_html\core\model.php on line 43
[2026-07-06 18:13:33] Creation of dynamic property app::$inputfilter is deprecated in C:\xampp\Desktop\mdcnpal\htdocs\public_html\core\app.php on line 123
[2026-07-06 18:13:33] Creation of dynamic property app::$userconfig is deprecated in C:\xampp\Desktop\mdcnpal\htdocs\public_html\core\app.php on line 124
[2026-07-06 18:13:33] Creation of dynamic property app::$global_include is deprecated in C:\xampp\Desktop\mdcnpal\htdocs\public_html\core\app.php on line 125
[2026-07-06 18:13:33] Creation of dynamic property app::$set_cache_time is deprecated in C:\xampp\Desktop\mdcnpal\htdocs\public_html\core\app.php on line 153
[2026-07-06 18:13:33] Undefined array key "cityID" in C:\xampp\Desktop\mdcnpal\htdocs\public_html\core\global_include.php on line 381
[2026-07-06 18:13:33] Undefined array key "cityID" in C:\xampp\Desktop\mdcnpal\htdocs\public_html\core\global_include.php on line 416
[2026-07-06 18:13:33] Creation of dynamic property app::$meta is deprecated in C:\xampp\Desktop\mdcnpal\htdocs\public_html\core\app.php on line 434
[2026-07-06 18:13:33] Creation of dynamic property app::$rs_gs_city is deprecated in C:\xampp\Desktop\mdcnpal\htdocs\public_html\core\app.php on line 434
[2026-07-06 18:13:33] Undefined array key "cityID" in C:\xampp\Desktop\mdcnpal\htdocs\public_html\core\global_include.php on line 468
[2026-07-06 18:13:33] Creation of dynamic property app::$rs_footer_popular_item is deprecated in C:\xampp\Desktop\mdcnpal\htdocs\public_html\core\app.php on line 434
[2026-07-06 18:13:33] Creation of dynamic property app::$rs_footer_popular_test is deprecated in C:\xampp\Desktop\mdcnpal\htdocs\public_html\core\app.php on line 434
[2026-07-06 18:13:33] Creation of dynamic property app::$rs_testimonial is deprecated in C:\xampp\Desktop\mdcnpal\htdocs\public_html\core\app.php on line 434
[2026-07-06 18:13:33] Creation of dynamic property app::$admin is deprecated in C:\xampp\Desktop\mdcnpal\htdocs\public_html\core\app.php on line 434
[2026-07-06 18:13:33] Undefined array key 0 in C:\xampp\Desktop\mdcnpal\htdocs\public_html\core\global_include.php on line 514
[2026-07-06 18:13:33] Creation of dynamic property app::$popup is deprecated in C:\xampp\Desktop\mdcnpal\htdocs\public_html\core\app.php on line 434
[2026-07-06 18:13:33] Undefined array key "MDRCCustID" in C:\xampp\Desktop\mdcnpal\htdocs\public_html\core\global_include.php on line 515
[2026-07-06 18:13:33] Undefined array key "MDRCToken" in C:\xampp\Desktop\mdcnpal\htdocs\public_html\core\global_include.php on line 515
[2026-07-06 18:13:33] Creation of dynamic property app::$rscategory is deprecated in C:\xampp\Desktop\mdcnpal\htdocs\public_html\core\app.php on line 434
[2026-07-06 18:13:33] Creation of dynamic property app::$rs_pages is deprecated in C:\xampp\Desktop\mdcnpal\htdocs\public_html\core\app.php on line 434
[2026-07-06 18:13:33] Creation of dynamic property app::$gs is deprecated in C:\xampp\Desktop\mdcnpal\htdocs\public_html\core\app.php on line 434
[2026-07-06 18:13:33] Undefined array key "MDRCCustID" in C:\xampp\Desktop\mdcnpal\htdocs\public_html\core\global_include.php on line 596
[2026-07-06 18:13:33] Undefined array key "MDRCCustID" in C:\xampp\Desktop\mdcnpal\htdocs\public_html\core\global_include.php on line 615
[2026-07-06 18:13:33] Undefined variable $getId in C:\xampp\Desktop\mdcnpal\htdocs\public_html\core\global_include.php on line 684
[2026-07-06 18:13:33] Undefined variable $getName in C:\xampp\Desktop\mdcnpal\htdocs\public_html\core\global_include.php on line 685
[2026-07-06 18:13:33] Undefined array key 0 in C:\xampp\Desktop\mdcnpal\htdocs\public_html\core\global_include.php on line 810
[2026-07-06 18:13:33] Creation of dynamic property app::$rs_offer_msg is deprecated in C:\xampp\Desktop\mdcnpal\htdocs\public_html\core\app.php on line 434
[2026-07-06 18:13:33] Creation of dynamic property app::$rs_for_doctors is deprecated in C:\xampp\Desktop\mdcnpal\htdocs\public_html\core\app.php on line 434
[2026-07-06 18:13:33] Creation of dynamic property app::$description is deprecated in C:\xampp\Desktop\mdcnpal\htdocs\public_html\core\app.php on line 434
[2026-07-06 18:13:33] Creation of dynamic property app::$rs_banner is deprecated in C:\xampp\Desktop\mdcnpal\htdocs\public_html\core\app.php on line 434
[2026-07-06 18:13:33] Creation of dynamic property app::$rs_item_diseases is deprecated in C:\xampp\Desktop\mdcnpal\htdocs\public_html\core\app.php on line 434
[2026-07-06 18:13:33] Creation of dynamic property app::$rs_item_home_category is deprecated in C:\xampp\Desktop\mdcnpal\htdocs\public_html\core\app.php on line 434
[2026-07-06 18:13:33] Creation of dynamic property app::$rs_item_banner_category is deprecated in C:\xampp\Desktop\mdcnpal\htdocs\public_html\core\app.php on line 434
[2026-07-06 18:13:33] Creation of dynamic property app::$rs_services is deprecated in C:\xampp\Desktop\mdcnpal\htdocs\public_html\core\app.php on line 434
[2026-07-06 18:13:33] Creation of dynamic property app::$rs_blog is deprecated in C:\xampp\Desktop\mdcnpal\htdocs\public_html\core\app.php on line 434
[2026-07-06 18:13:33] Creation of dynamic property app::$rs_category is deprecated in C:\xampp\Desktop\mdcnpal\htdocs\public_html\core\app.php on line 434
[2026-07-06 18:13:33] Creation of dynamic property app::$rs_faq_data is deprecated in C:\xampp\Desktop\mdcnpal\htdocs\public_html\core\app.php on line 434
[2026-07-06 18:13:33] Creation of dynamic property app::$rs_gallery_data is deprecated in C:\xampp\Desktop\mdcnpal\htdocs\public_html\core\app.php on line 434
[2026-07-06 18:13:33] Undefined array key "tempCityID" in C:\xampp\Desktop\mdcnpal\htdocs\public_html\includes\header.php on line 5
[2026-07-06 18:13:33] Undefined array key "items" in C:\xampp\Desktop\mdcnpal\htdocs\public_html\includes\header.php on line 16
[2026-07-06 18:13:33] Undefined array key "item_category" in C:\xampp\Desktop\mdcnpal\htdocs\public_html\includes\header.php on line 26
[2026-07-06 18:13:33] Undefined array key "item_diseases" in C:\xampp\Desktop\mdcnpal\htdocs\public_html\includes\header.php on line 33
[2026-07-06 18:13:33] Undefined property: app::$rs_cartmini in C:\xampp\Desktop\mdcnpal\htdocs\public_html\includes\header.php on line 131
[2026-07-06 18:13:33] Undefined array key "MDRCCustID" in C:\xampp\Desktop\mdcnpal\htdocs\public_html\includes\header.php on line 134
[2026-07-06 18:13:33] Undefined property: app::$rs_cartmini in C:\xampp\Desktop\mdcnpal\htdocs\public_html\includes\header.php on line 197
[2026-07-06 18:13:33] Undefined array key "MDRCCustID" in C:\xampp\Desktop\mdcnpal\htdocs\public_html\includes\header.php on line 200
[2026-07-06 18:13:33] Undefined property: app::$rs_cartmini in C:\xampp\Desktop\mdcnpal\htdocs\public_html\includes\header.php on line 469
[2026-07-06 18:13:33] Undefined array key "MDRCCustID" in C:\xampp\Desktop\mdcnpal\htdocs\public_html\includes\header.php on line 472
[2026-07-06 18:13:33] Undefined property: app::$rs_cartmini in C:\xampp\Desktop\mdcnpal\htdocs\public_html\includes\header.php on line 525
[2026-07-06 18:13:33] Undefined array key "MDRCCustID" in C:\xampp\Desktop\mdcnpal\htdocs\public_html\includes\header.php on line 528
[2026-07-06 18:13:33] Undefined property: app::$rs_customer in C:\xampp\Desktop\mdcnpal\htdocs\public_html\includes\header.php on line 712
[2026-07-06 18:13:33] Trying to access array offset on value of type null in C:\xampp\Desktop\mdcnpal\htdocs\public_html\includes\header.php on line 712
[2026-07-06 18:13:33] Undefined property: app::$rs_customer in C:\xampp\Desktop\mdcnpal\htdocs\public_html\includes\header.php on line 721
[2026-07-06 18:13:33] Trying to access array offset on value of type null in C:\xampp\Desktop\mdcnpal\htdocs\public_html\includes\header.php on line 721
[2026-07-06 18:13:33] Undefined property: app::$rs_customer in C:\xampp\Desktop\mdcnpal\htdocs\public_html\includes\header.php on line 730
[2026-07-06 18:13:33] Trying to access array offset on value of type null in C:\xampp\Desktop\mdcnpal\htdocs\public_html\includes\header.php on line 730
[2026-07-06 18:13:33] Undefined property: app::$rs_customer in C:\xampp\Desktop\mdcnpal\htdocs\public_html\includes\header.php on line 739
[2026-07-06 18:13:33] Trying to access array offset on value of type null in C:\xampp\Desktop\mdcnpal\htdocs\public_html\includes\header.php on line 739
[2026-07-06 18:13:33] Undefined variable $g_search_query in C:\xampp\Desktop\mdcnpal\htdocs\public_html\core\app.php(565) : eval()'d code on line 219
[2026-07-06 18:13:33] Undefined variable $department_cond in C:\xampp\Desktop\mdcnpal\htdocs\public_html\core\app.php(565) : eval()'d code on line 219
[2026-07-06 18:13:33] Undefined variable $type_cond in C:\xampp\Desktop\mdcnpal\htdocs\public_html\core\app.php(565) : eval()'d code on line 219
[2026-07-06 18:13:33] Undefined variable $dieses_cond in C:\xampp\Desktop\mdcnpal\htdocs\public_html\core\app.php(565) : eval()'d code on line 219
[2026-07-06 18:13:33] Undefined variable $popular_pack_cond in C:\xampp\Desktop\mdcnpal\htdocs\public_html\core\app.php(565) : eval()'d code on line 219
[2026-07-06 18:13:33] Undefined variable $g_search_query in C:\xampp\Desktop\mdcnpal\htdocs\public_html\core\app.php(565) : eval()'d code on line 219
[2026-07-06 18:13:33] Undefined variable $department_cond in C:\xampp\Desktop\mdcnpal\htdocs\public_html\core\app.php(565) : eval()'d code on line 219
[2026-07-06 18:13:33] Undefined variable $type_cond in C:\xampp\Desktop\mdcnpal\htdocs\public_html\core\app.php(565) : eval()'d code on line 219
[2026-07-06 18:13:33] Undefined variable $dieses_cond in C:\xampp\Desktop\mdcnpal\htdocs\public_html\core\app.php(565) : eval()'d code on line 219
[2026-07-06 18:13:33] Undefined variable $popular_pack_cond in C:\xampp\Desktop\mdcnpal\htdocs\public_html\core\app.php(565) : eval()'d code on line 219
[2026-07-06 18:13:33] Undefined variable $g_search_query in C:\xampp\Desktop\mdcnpal\htdocs\public_html\core\app.php(565) : eval()'d code on line 219
[2026-07-06 18:13:33] Undefined variable $department_cond in C:\xampp\Desktop\mdcnpal\htdocs\public_html\core\app.php(565) : eval()'d code on line 219
[2026-07-06 18:13:33] Undefined variable $type_cond in C:\xampp\Desktop\mdcnpal\htdocs\public_html\core\app.php(565) : eval()'d code on line 219
[2026-07-06 18:13:33] Undefined variable $dieses_cond in C:\xampp\Desktop\mdcnpal\htdocs\public_html\core\app.php(565) : eval()'d code on line 219
[2026-07-06 18:13:33] Undefined variable $popular_pack_cond in C:\xampp\Desktop\mdcnpal\htdocs\public_html\core\app.php(565) : eval()'d code on line 219
[2026-07-06 18:13:33] Undefined variable $g_search_query in C:\xampp\Desktop\mdcnpal\htdocs\public_html\core\app.php(565) : eval()'d code on line 219
[2026-07-06 18:13:33] Undefined variable $department_cond in C:\xampp\Desktop\mdcnpal\htdocs\public_html\core\app.php(565) : eval()'d code on line 219
[2026-07-06 18:13:33] Undefined variable $type_cond in C:\xampp\Desktop\mdcnpal\htdocs\public_html\core\app.php(565) : eval()'d code on line 219
[2026-07-06 18:13:33] Undefined variable $dieses_cond in C:\xampp\Desktop\mdcnpal\htdocs\public_html\core\app.php(565) : eval()'d code on line 219
[2026-07-06 18:13:33] Undefined variable $popular_pack_cond in C:\xampp\Desktop\mdcnpal\htdocs\public_html\core\app.php(565) : eval()'d code on line 219
[2026-07-06 18:13:33] Undefined variable $g_search_query in C:\xampp\Desktop\mdcnpal\htdocs\public_html\core\app.php(565) : eval()'d code on line 219
[2026-07-06 18:13:33] Undefined variable $department_cond in C:\xampp\Desktop\mdcnpal\htdocs\public_html\core\app.php(565) : eval()'d code on line 219
[2026-07-06 18:13:33] Undefined variable $type_cond in C:\xampp\Desktop\mdcnpal\htdocs\public_html\core\app.php(565) : eval()'d code on line 219
[2026-07-06 18:13:33] Undefined variable $dieses_cond in C:\xampp\Desktop\mdcnpal\htdocs\public_html\core\app.php(565) : eval()'d code on line 219
[2026-07-06 18:13:33] Undefined variable $popular_pack_cond in C:\xampp\Desktop\mdcnpal\htdocs\public_html\core\app.php(565) : eval()'d code on line 219
[2026-07-06 18:13:33] Undefined property: app::$rs_customer in C:\xampp\Desktop\mdcnpal\htdocs\public_html\includes\footer.php on line 357
[2026-07-06 18:13:33] Trying to access array offset on value of type null in C:\xampp\Desktop\mdcnpal\htdocs\public_html\includes\footer.php on line 357
[2026-07-06 18:13:33] Undefined property: app::$rs_customer in C:\xampp\Desktop\mdcnpal\htdocs\public_html\includes\footer.php on line 366
[2026-07-06 18:13:33] Trying to access array offset on value of type null in C:\xampp\Desktop\mdcnpal\htdocs\public_html\includes\footer.php on line 366
[2026-07-06 18:13:33] Undefined property: app::$rs_customer in C:\xampp\Desktop\mdcnpal\htdocs\public_html\includes\footer.php on line 372
[2026-07-06 18:13:33] Trying to access array offset on value of type null in C:\xampp\Desktop\mdcnpal\htdocs\public_html\includes\footer.php on line 372
[2026-07-06 18:13:33] Undefined property: app::$rs_customer in C:\xampp\Desktop\mdcnpal\htdocs\public_html\includes\general_data.php on line 88
[2026-07-06 18:13:33] Trying to access array offset on value of type null in C:\xampp\Desktop\mdcnpal\htdocs\public_html\includes\general_data.php on line 88
[2026-07-06 18:13:33] Undefined array key "MDRCCustID" in C:\xampp\Desktop\mdcnpal\htdocs\public_html\includes\general_data.php on line 88
[2026-07-06 18:13:33] Undefined variable $tmpStr in C:\xampp\Desktop\mdcnpal\htdocs\public_html\core\app.php on line 971
[2026-07-06 18:13:40] Creation of dynamic property dbclass::$RECORD_SET is deprecated in C:\xampp\Desktop\mdcnpal\htdocs\public_html\core\dbclass.php on line 69
[2026-07-06 18:13:40] Creation of dynamic property dbclass::$app is deprecated in C:\xampp\Desktop\mdcnpal\htdocs\public_html\core\dbclass.php on line 75
[2026-07-06 18:13:40] Creation of dynamic property model::$foreign_tables is deprecated in C:\xampp\Desktop\mdcnpal\htdocs\public_html\core\model.php on line 43
[2026-07-06 18:13:40] Creation of dynamic property app::$inputfilter is deprecated in C:\xampp\Desktop\mdcnpal\htdocs\public_html\core\app.php on line 123
[2026-07-06 18:13:40] Creation of dynamic property app::$userconfig is deprecated in C:\xampp\Desktop\mdcnpal\htdocs\public_html\core\app.php on line 124
[2026-07-06 18:13:40] Creation of dynamic property app::$global_include is deprecated in C:\xampp\Desktop\mdcnpal\htdocs\public_html\core\app.php on line 125
[2026-07-06 18:13:40] Creation of dynamic property app::$set_cache_time is deprecated in C:\xampp\Desktop\mdcnpal\htdocs\public_html\core\app.php on line 153
[2026-07-06 18:13:40] Undefined variable $RESULT in C:\xampp\Desktop\mdcnpal\htdocs\public_html\scripts\ajax\selectCityUsingGoogleMapApi.php on line 69
[2026-07-06 18:13:40] Undefined variable $URL in C:\xampp\Desktop\mdcnpal\htdocs\public_html\scripts\ajax\selectCityUsingGoogleMapApi.php on line 73
[2026-07-06 18:13:40] Creation of dynamic property dbclass::$RECORD_SET is deprecated in C:\xampp\Desktop\mdcnpal\htdocs\public_html\core\dbclass.php on line 69
[2026-07-06 18:13:40] Creation of dynamic property dbclass::$app is deprecated in C:\xampp\Desktop\mdcnpal\htdocs\public_html\core\dbclass.php on line 75
[2026-07-06 18:13:40] Creation of dynamic property model::$foreign_tables is deprecated in C:\xampp\Desktop\mdcnpal\htdocs\public_html\core\model.php on line 43
[2026-07-06 18:13:40] Creation of dynamic property app::$inputfilter is deprecated in C:\xampp\Desktop\mdcnpal\htdocs\public_html\core\app.php on line 123
[2026-07-06 18:13:40] Creation of dynamic property app::$userconfig is deprecated in C:\xampp\Desktop\mdcnpal\htdocs\public_html\core\app.php on line 124
[2026-07-06 18:13:40] Creation of dynamic property app::$global_include is deprecated in C:\xampp\Desktop\mdcnpal\htdocs\public_html\core\app.php on line 125
[2026-07-06 18:13:40] Creation of dynamic property app::$set_cache_time is deprecated in C:\xampp\Desktop\mdcnpal\htdocs\public_html\core\app.php on line 153
[2026-07-06 18:13:40] Creation of dynamic property app::$meta is deprecated in C:\xampp\Desktop\mdcnpal\htdocs\public_html\core\app.php on line 434
[2026-07-06 18:13:40] Creation of dynamic property app::$rs_gs_city is deprecated in C:\xampp\Desktop\mdcnpal\htdocs\public_html\core\app.php on line 434
[2026-07-06 18:13:40] Creation of dynamic property app::$rs_footer_popular_item is deprecated in C:\xampp\Desktop\mdcnpal\htdocs\public_html\core\app.php on line 434
[2026-07-06 18:13:40] Creation of dynamic property app::$rs_footer_popular_test is deprecated in C:\xampp\Desktop\mdcnpal\htdocs\public_html\core\app.php on line 434
[2026-07-06 18:13:40] Creation of dynamic property app::$rs_testimonial is deprecated in C:\xampp\Desktop\mdcnpal\htdocs\public_html\core\app.php on line 434
[2026-07-06 18:13:40] Creation of dynamic property app::$admin is deprecated in C:\xampp\Desktop\mdcnpal\htdocs\public_html\core\app.php on line 434
[2026-07-06 18:13:40] Undefined array key 0 in C:\xampp\Desktop\mdcnpal\htdocs\public_html\core\global_include.php on line 514
[2026-07-06 18:13:40] Creation of dynamic property app::$popup is deprecated in C:\xampp\Desktop\mdcnpal\htdocs\public_html\core\app.php on line 434
[2026-07-06 18:13:40] Undefined array key "MDRCCustID" in C:\xampp\Desktop\mdcnpal\htdocs\public_html\core\global_include.php on line 515
[2026-07-06 18:13:40] Undefined array key "MDRCToken" in C:\xampp\Desktop\mdcnpal\htdocs\public_html\core\global_include.php on line 515
[2026-07-06 18:13:40] Creation of dynamic property app::$rscategory is deprecated in C:\xampp\Desktop\mdcnpal\htdocs\public_html\core\app.php on line 434
[2026-07-06 18:13:40] Creation of dynamic property app::$rs_pages is deprecated in C:\xampp\Desktop\mdcnpal\htdocs\public_html\core\app.php on line 434
[2026-07-06 18:13:40] Creation of dynamic property app::$gs is deprecated in C:\xampp\Desktop\mdcnpal\htdocs\public_html\core\app.php on line 434
[2026-07-06 18:13:40] Undefined array key "MDRCCustID" in C:\xampp\Desktop\mdcnpal\htdocs\public_html\core\global_include.php on line 596
[2026-07-06 18:13:40] Undefined array key "MDRCCustID" in C:\xampp\Desktop\mdcnpal\htdocs\public_html\core\global_include.php on line 615
[2026-07-06 18:13:40] Undefined variable $getId in C:\xampp\Desktop\mdcnpal\htdocs\public_html\core\global_include.php on line 684
[2026-07-06 18:13:40] Undefined variable $getName in C:\xampp\Desktop\mdcnpal\htdocs\public_html\core\global_include.php on line 685
[2026-07-06 18:13:40] Undefined array key 0 in C:\xampp\Desktop\mdcnpal\htdocs\public_html\core\global_include.php on line 810
[2026-07-06 18:13:40] Creation of dynamic property app::$rs_offer_msg is deprecated in C:\xampp\Desktop\mdcnpal\htdocs\public_html\core\app.php on line 434
[2026-07-06 18:13:40] Creation of dynamic property app::$rs_for_doctors is deprecated in C:\xampp\Desktop\mdcnpal\htdocs\public_html\core\app.php on line 434
[2026-07-06 18:13:40] Creation of dynamic property app::$rs_blog_category is deprecated in C:\xampp\Desktop\mdcnpal\htdocs\public_html\core\app.php on line 434
[2026-07-06 18:13:41] Creation of dynamic property app::$array_bread is deprecated in C:\xampp\Desktop\mdcnpal\htdocs\public_html\core\app.php on line 434
[2026-07-06 18:13:41] Creation of dynamic property app::$CatId is deprecated in C:\xampp\Desktop\mdcnpal\htdocs\public_html\core\app.php on line 434
[2026-07-06 18:13:41] Creation of dynamic property app::$TagId is deprecated in C:\xampp\Desktop\mdcnpal\htdocs\public_html\core\app.php on line 434
[2026-07-06 18:13:41] Creation of dynamic property app::$rs_data is deprecated in C:\xampp\Desktop\mdcnpal\htdocs\public_html\core\app.php on line 434
[2026-07-06 18:13:41] Undefined property: app::$rs_cartmini in C:\xampp\Desktop\mdcnpal\htdocs\public_html\includes\header.php on line 131
[2026-07-06 18:13:41] Undefined array key "MDRCCustID" in C:\xampp\Desktop\mdcnpal\htdocs\public_html\includes\header.php on line 134
[2026-07-06 18:13:41] Undefined property: app::$rs_cartmini in C:\xampp\Desktop\mdcnpal\htdocs\public_html\includes\header.php on line 197
[2026-07-06 18:13:41] Undefined array key "MDRCCustID" in C:\xampp\Desktop\mdcnpal\htdocs\public_html\includes\header.php on line 200
[2026-07-06 18:13:41] Undefined property: app::$rs_cartmini in C:\xampp\Desktop\mdcnpal\htdocs\public_html\includes\header.php on line 469
[2026-07-06 18:13:41] Undefined array key "MDRCCustID" in C:\xampp\Desktop\mdcnpal\htdocs\public_html\includes\header.php on line 472
[2026-07-06 18:13:41] Undefined property: app::$rs_cartmini in C:\xampp\Desktop\mdcnpal\htdocs\public_html\includes\header.php on line 525
[2026-07-06 18:13:41] Undefined array key "MDRCCustID" in C:\xampp\Desktop\mdcnpal\htdocs\public_html\includes\header.php on line 528
[2026-07-06 18:13:41] Undefined property: app::$rs_customer in C:\xampp\Desktop\mdcnpal\htdocs\public_html\includes\header.php on line 712
[2026-07-06 18:13:41] Trying to access array offset on value of type null in C:\xampp\Desktop\mdcnpal\htdocs\public_html\includes\header.php on line 712
[2026-07-06 18:13:41] Undefined property: app::$rs_customer in C:\xampp\Desktop\mdcnpal\htdocs\public_html\includes\header.php on line 721
[2026-07-06 18:13:41] Trying to access array offset on value of type null in C:\xampp\Desktop\mdcnpal\htdocs\public_html\includes\header.php on line 721
[2026-07-06 18:13:41] Undefined property: app::$rs_customer in C:\xampp\Desktop\mdcnpal\htdocs\public_html\includes\header.php on line 730
[2026-07-06 18:13:41] Trying to access array offset on value of type null in C:\xampp\Desktop\mdcnpal\htdocs\public_html\includes\header.php on line 730
[2026-07-06 18:13:41] Undefined property: app::$rs_customer in C:\xampp\Desktop\mdcnpal\htdocs\public_html\includes\header.php on line 739
[2026-07-06 18:13:41] Trying to access array offset on value of type null in C:\xampp\Desktop\mdcnpal\htdocs\public_html\includes\header.php on line 739
[2026-07-06 18:13:41] Undefined property: app::$rs_customer in C:\xampp\Desktop\mdcnpal\htdocs\public_html\includes\footer.php on line 357
[2026-07-06 18:13:41] Trying to access array offset on value of type null in C:\xampp\Desktop\mdcnpal\htdocs\public_html\includes\footer.php on line 357
[2026-07-06 18:13:41] Undefined property: app::$rs_customer in C:\xampp\Desktop\mdcnpal\htdocs\public_html\includes\footer.php on line 366
[2026-07-06 18:13:41] Trying to access array offset on value of type null in C:\xampp\Desktop\mdcnpal\htdocs\public_html\includes\footer.php on line 366
[2026-07-06 18:13:41] Undefined property: app::$rs_customer in C:\xampp\Desktop\mdcnpal\htdocs\public_html\includes\footer.php on line 372
[2026-07-06 18:13:41] Trying to access array offset on value of type null in C:\xampp\Desktop\mdcnpal\htdocs\public_html\includes\footer.php on line 372
[2026-07-06 18:13:41] Undefined property: app::$rs_customer in C:\xampp\Desktop\mdcnpal\htdocs\public_html\includes\general_data.php on line 88
[2026-07-06 18:13:41] Trying to access array offset on value of type null in C:\xampp\Desktop\mdcnpal\htdocs\public_html\includes\general_data.php on line 88
[2026-07-06 18:13:41] Undefined array key "MDRCCustID" in C:\xampp\Desktop\mdcnpal\htdocs\public_html\includes\general_data.php on line 88
[2026-07-06 18:13:41] Undefined variable $tmpStr in C:\xampp\Desktop\mdcnpal\htdocs\public_html\core\app.php on line 971
[2026-07-06 18:13:41] Creation of dynamic property dbclass::$RECORD_SET is deprecated in C:\xampp\Desktop\mdcnpal\htdocs\public_html\core\dbclass.php on line 69
[2026-07-06 18:13:41] Creation of dynamic property dbclass::$app is deprecated in C:\xampp\Desktop\mdcnpal\htdocs\public_html\core\dbclass.php on line 75
[2026-07-06 18:13:41] Creation of dynamic property model::$foreign_tables is deprecated in C:\xampp\Desktop\mdcnpal\htdocs\public_html\core\model.php on line 43
[2026-07-06 18:13:41] Creation of dynamic property app::$inputfilter is deprecated in C:\xampp\Desktop\mdcnpal\htdocs\public_html\core\app.php on line 123
[2026-07-06 18:13:41] Creation of dynamic property app::$userconfig is deprecated in C:\xampp\Desktop\mdcnpal\htdocs\public_html\core\app.php on line 124
[2026-07-06 18:13:41] Creation of dynamic property app::$global_include is deprecated in C:\xampp\Desktop\mdcnpal\htdocs\public_html\core\app.php on line 125
[2026-07-06 18:13:41] Creation of dynamic property app::$set_cache_time is deprecated in C:\xampp\Desktop\mdcnpal\htdocs\public_html\core\app.php on line 153
[06-Jul-2026 18:13:41 Asia/Kathmandu] PHP Fatal error:  Uncaught mysqli_sql_exception: Invalid character set was provided in C:\xampp\Desktop\mdcnpal\htdocs\public_html\scripts\ajax\get_blog.php:2
Stack trace:
#0 C:\xampp\Desktop\mdcnpal\htdocs\public_html\scripts\ajax\get_blog.php(2): mysqli_set_charset(Object(mysqli), 'utf-8')
#1 C:\xampp\Desktop\mdcnpal\htdocs\public_html\scripts\ajax\index.php(15): include('C:\\xampp\\Deskto...')
#2 {main}
  thrown in C:\xampp\Desktop\mdcnpal\htdocs\public_html\scripts\ajax\get_blog.php on line 2
[2026-07-06 18:13:42] Creation of dynamic property dbclass::$RECORD_SET is deprecated in C:\xampp\Desktop\mdcnpal\htdocs\public_html\core\dbclass.php on line 69
[2026-07-06 18:13:42] Creation of dynamic property dbclass::$app is deprecated in C:\xampp\Desktop\mdcnpal\htdocs\public_html\core\dbclass.php on line 75
[2026-07-06 18:13:42] Creation of dynamic property model::$foreign_tables is deprecated in C:\xampp\Desktop\mdcnpal\htdocs\public_html\core\model.php on line 43
[2026-07-06 18:13:42] Creation of dynamic property app::$inputfilter is deprecated in C:\xampp\Desktop\mdcnpal\htdocs\public_html\core\app.php on line 123
[2026-07-06 18:13:42] Creation of dynamic property app::$userconfig is deprecated in C:\xampp\Desktop\mdcnpal\htdocs\public_html\core\app.php on line 124
[2026-07-06 18:13:42] Creation of dynamic property app::$global_include is deprecated in C:\xampp\Desktop\mdcnpal\htdocs\public_html\core\app.php on line 125
[2026-07-06 18:13:42] Creation of dynamic property app::$set_cache_time is deprecated in C:\xampp\Desktop\mdcnpal\htdocs\public_html\core\app.php on line 153
[2026-07-06 18:13:42] Undefined variable $RESULT in C:\xampp\Desktop\mdcnpal\htdocs\public_html\scripts\ajax\selectCityUsingGoogleMapApi.php on line 69
[2026-07-06 18:13:42] Undefined variable $URL in C:\xampp\Desktop\mdcnpal\htdocs\public_html\scripts\ajax\selectCityUsingGoogleMapApi.php on line 73
[2026-07-06 18:13:56] Creation of dynamic property dbclass::$RECORD_SET is deprecated in C:\xampp\Desktop\mdcnpal\htdocs\public_html\core\dbclass.php on line 69
[2026-07-06 18:13:56] Creation of dynamic property dbclass::$app is deprecated in C:\xampp\Desktop\mdcnpal\htdocs\public_html\core\dbclass.php on line 75
[2026-07-06 18:13:56] Creation of dynamic property model::$foreign_tables is deprecated in C:\xampp\Desktop\mdcnpal\htdocs\public_html\core\model.php on line 43
[2026-07-06 18:13:56] Creation of dynamic property app::$inputfilter is deprecated in C:\xampp\Desktop\mdcnpal\htdocs\public_html\core\app.php on line 123
[2026-07-06 18:13:56] Creation of dynamic property app::$userconfig is deprecated in C:\xampp\Desktop\mdcnpal\htdocs\public_html\core\app.php on line 124
[2026-07-06 18:13:56] Creation of dynamic property app::$global_include is deprecated in C:\xampp\Desktop\mdcnpal\htdocs\public_html\core\app.php on line 125
[2026-07-06 18:13:56] Creation of dynamic property app::$set_cache_time is deprecated in C:\xampp\Desktop\mdcnpal\htdocs\public_html\core\app.php on line 153
[2026-07-06 18:13:56] Creation of dynamic property app::$meta is deprecated in C:\xampp\Desktop\mdcnpal\htdocs\public_html\core\app.php on line 434
[2026-07-06 18:13:56] Creation of dynamic property app::$rs_gs_city is deprecated in C:\xampp\Desktop\mdcnpal\htdocs\public_html\core\app.php on line 434
[2026-07-06 18:13:56] Creation of dynamic property app::$rs_footer_popular_item is deprecated in C:\xampp\Desktop\mdcnpal\htdocs\public_html\core\app.php on line 434
[2026-07-06 18:13:56] Creation of dynamic property app::$rs_footer_popular_test is deprecated in C:\xampp\Desktop\mdcnpal\htdocs\public_html\core\app.php on line 434
[2026-07-06 18:13:56] Creation of dynamic property app::$rs_testimonial is deprecated in C:\xampp\Desktop\mdcnpal\htdocs\public_html\core\app.php on line 434
[2026-07-06 18:13:56] Creation of dynamic property app::$admin is deprecated in C:\xampp\Desktop\mdcnpal\htdocs\public_html\core\app.php on line 434
[2026-07-06 18:13:56] Undefined array key 0 in C:\xampp\Desktop\mdcnpal\htdocs\public_html\core\global_include.php on line 514
[2026-07-06 18:13:56] Creation of dynamic property app::$popup is deprecated in C:\xampp\Desktop\mdcnpal\htdocs\public_html\core\app.php on line 434
[2026-07-06 18:13:56] Undefined array key "MDRCCustID" in C:\xampp\Desktop\mdcnpal\htdocs\public_html\core\global_include.php on line 515
[2026-07-06 18:13:56] Undefined array key "MDRCToken" in C:\xampp\Desktop\mdcnpal\htdocs\public_html\core\global_include.php on line 515
[2026-07-06 18:13:56] Creation of dynamic property app::$rscategory is deprecated in C:\xampp\Desktop\mdcnpal\htdocs\public_html\core\app.php on line 434
[2026-07-06 18:13:56] Creation of dynamic property app::$rs_pages is deprecated in C:\xampp\Desktop\mdcnpal\htdocs\public_html\core\app.php on line 434
[2026-07-06 18:13:56] Creation of dynamic property app::$gs is deprecated in C:\xampp\Desktop\mdcnpal\htdocs\public_html\core\app.php on line 434
[2026-07-06 18:13:56] Undefined array key "MDRCCustID" in C:\xampp\Desktop\mdcnpal\htdocs\public_html\core\global_include.php on line 596
[2026-07-06 18:13:56] Undefined array key "MDRCCustID" in C:\xampp\Desktop\mdcnpal\htdocs\public_html\core\global_include.php on line 615
[2026-07-06 18:13:56] Undefined variable $getId in C:\xampp\Desktop\mdcnpal\htdocs\public_html\core\global_include.php on line 684
[2026-07-06 18:13:56] Undefined variable $getName in C:\xampp\Desktop\mdcnpal\htdocs\public_html\core\global_include.php on line 685
[2026-07-06 18:13:56] Undefined array key 0 in C:\xampp\Desktop\mdcnpal\htdocs\public_html\core\global_include.php on line 810
[2026-07-06 18:13:56] Creation of dynamic property app::$rs_offer_msg is deprecated in C:\xampp\Desktop\mdcnpal\htdocs\public_html\core\app.php on line 434
[2026-07-06 18:13:56] Creation of dynamic property app::$rs_for_doctors is deprecated in C:\xampp\Desktop\mdcnpal\htdocs\public_html\core\app.php on line 434
[2026-07-06 18:13:56] Undefined property: app::$rs_cartmini in C:\xampp\Desktop\mdcnpal\htdocs\public_html\includes\header.php on line 131
[2026-07-06 18:13:56] Undefined array key "MDRCCustID" in C:\xampp\Desktop\mdcnpal\htdocs\public_html\includes\header.php on line 134
[2026-07-06 18:13:56] Undefined property: app::$rs_cartmini in C:\xampp\Desktop\mdcnpal\htdocs\public_html\includes\header.php on line 197
[2026-07-06 18:13:56] Undefined array key "MDRCCustID" in C:\xampp\Desktop\mdcnpal\htdocs\public_html\includes\header.php on line 200
[2026-07-06 18:13:56] Undefined property: app::$rs_cartmini in C:\xampp\Desktop\mdcnpal\htdocs\public_html\includes\header.php on line 469
[2026-07-06 18:13:56] Undefined array key "MDRCCustID" in C:\xampp\Desktop\mdcnpal\htdocs\public_html\includes\header.php on line 472
[2026-07-06 18:13:56] Undefined property: app::$rs_cartmini in C:\xampp\Desktop\mdcnpal\htdocs\public_html\includes\header.php on line 525
[2026-07-06 18:13:56] Undefined array key "MDRCCustID" in C:\xampp\Desktop\mdcnpal\htdocs\public_html\includes\header.php on line 528
[2026-07-06 18:13:56] Undefined property: app::$rs_customer in C:\xampp\Desktop\mdcnpal\htdocs\public_html\includes\header.php on line 712
[2026-07-06 18:13:56] Trying to access array offset on value of type null in C:\xampp\Desktop\mdcnpal\htdocs\public_html\includes\header.php on line 712
[2026-07-06 18:13:56] Undefined property: app::$rs_customer in C:\xampp\Desktop\mdcnpal\htdocs\public_html\includes\header.php on line 721
[2026-07-06 18:13:56] Trying to access array offset on value of type null in C:\xampp\Desktop\mdcnpal\htdocs\public_html\includes\header.php on line 721
[2026-07-06 18:13:56] Undefined property: app::$rs_customer in C:\xampp\Desktop\mdcnpal\htdocs\public_html\includes\header.php on line 730
[2026-07-06 18:13:56] Trying to access array offset on value of type null in C:\xampp\Desktop\mdcnpal\htdocs\public_html\includes\header.php on line 730
[2026-07-06 18:13:56] Undefined property: app::$rs_customer in C:\xampp\Desktop\mdcnpal\htdocs\public_html\includes\header.php on line 739
[2026-07-06 18:13:56] Trying to access array offset on value of type null in C:\xampp\Desktop\mdcnpal\htdocs\public_html\includes\header.php on line 739
[2026-07-06 18:13:56] Undefined property: app::$rs_customer in C:\xampp\Desktop\mdcnpal\htdocs\public_html\includes\footer.php on line 357
[2026-07-06 18:13:56] Trying to access array offset on value of type null in C:\xampp\Desktop\mdcnpal\htdocs\public_html\includes\footer.php on line 357
[2026-07-06 18:13:56] Undefined property: app::$rs_customer in C:\xampp\Desktop\mdcnpal\htdocs\public_html\includes\footer.php on line 366
[2026-07-06 18:13:56] Trying to access array offset on value of type null in C:\xampp\Desktop\mdcnpal\htdocs\public_html\includes\footer.php on line 366
[2026-07-06 18:13:56] Undefined property: app::$rs_customer in C:\xampp\Desktop\mdcnpal\htdocs\public_html\includes\footer.php on line 372
[2026-07-06 18:13:56] Trying to access array offset on value of type null in C:\xampp\Desktop\mdcnpal\htdocs\public_html\includes\footer.php on line 372
[2026-07-06 18:13:56] Undefined property: app::$rs_customer in C:\xampp\Desktop\mdcnpal\htdocs\public_html\includes\general_data.php on line 88
[2026-07-06 18:13:56] Trying to access array offset on value of type null in C:\xampp\Desktop\mdcnpal\htdocs\public_html\includes\general_data.php on line 88
[2026-07-06 18:13:56] Undefined array key "MDRCCustID" in C:\xampp\Desktop\mdcnpal\htdocs\public_html\includes\general_data.php on line 88
[2026-07-06 18:13:56] Undefined variable $tmpStr in C:\xampp\Desktop\mdcnpal\htdocs\public_html\core\app.php on line 971
[2026-07-06 18:13:57] Creation of dynamic property dbclass::$RECORD_SET is deprecated in C:\xampp\Desktop\mdcnpal\htdocs\public_html\core\dbclass.php on line 69
[2026-07-06 18:13:57] Creation of dynamic property dbclass::$app is deprecated in C:\xampp\Desktop\mdcnpal\htdocs\public_html\core\dbclass.php on line 75
[2026-07-06 18:13:57] Creation of dynamic property model::$foreign_tables is deprecated in C:\xampp\Desktop\mdcnpal\htdocs\public_html\core\model.php on line 43
[2026-07-06 18:13:57] Creation of dynamic property app::$inputfilter is deprecated in C:\xampp\Desktop\mdcnpal\htdocs\public_html\core\app.php on line 123
[2026-07-06 18:13:57] Creation of dynamic property app::$userconfig is deprecated in C:\xampp\Desktop\mdcnpal\htdocs\public_html\core\app.php on line 124
[2026-07-06 18:13:57] Creation of dynamic property app::$global_include is deprecated in C:\xampp\Desktop\mdcnpal\htdocs\public_html\core\app.php on line 125
[2026-07-06 18:13:57] Creation of dynamic property app::$set_cache_time is deprecated in C:\xampp\Desktop\mdcnpal\htdocs\public_html\core\app.php on line 153
[2026-07-06 18:13:57] Creation of dynamic property app::$meta is deprecated in C:\xampp\Desktop\mdcnpal\htdocs\public_html\core\app.php on line 434
[2026-07-06 18:13:57] Creation of dynamic property app::$rs_gs_city is deprecated in C:\xampp\Desktop\mdcnpal\htdocs\public_html\core\app.php on line 434
[2026-07-06 18:13:57] Creation of dynamic property app::$rs_footer_popular_item is deprecated in C:\xampp\Desktop\mdcnpal\htdocs\public_html\core\app.php on line 434
[2026-07-06 18:13:57] Creation of dynamic property app::$rs_footer_popular_test is deprecated in C:\xampp\Desktop\mdcnpal\htdocs\public_html\core\app.php on line 434
[2026-07-06 18:13:57] Creation of dynamic property app::$rs_testimonial is deprecated in C:\xampp\Desktop\mdcnpal\htdocs\public_html\core\app.php on line 434
[2026-07-06 18:13:57] Creation of dynamic property app::$admin is deprecated in C:\xampp\Desktop\mdcnpal\htdocs\public_html\core\app.php on line 434
[2026-07-06 18:13:57] Undefined array key 0 in C:\xampp\Desktop\mdcnpal\htdocs\public_html\core\global_include.php on line 514
[2026-07-06 18:13:57] Creation of dynamic property app::$popup is deprecated in C:\xampp\Desktop\mdcnpal\htdocs\public_html\core\app.php on line 434
[2026-07-06 18:13:57] Undefined array key "MDRCCustID" in C:\xampp\Desktop\mdcnpal\htdocs\public_html\core\global_include.php on line 515
[2026-07-06 18:13:57] Undefined array key "MDRCToken" in C:\xampp\Desktop\mdcnpal\htdocs\public_html\core\global_include.php on line 515
[2026-07-06 18:13:57] Creation of dynamic property app::$rscategory is deprecated in C:\xampp\Desktop\mdcnpal\htdocs\public_html\core\app.php on line 434
[2026-07-06 18:13:57] Creation of dynamic property app::$rs_pages is deprecated in C:\xampp\Desktop\mdcnpal\htdocs\public_html\core\app.php on line 434
[2026-07-06 18:13:57] Creation of dynamic property app::$gs is deprecated in C:\xampp\Desktop\mdcnpal\htdocs\public_html\core\app.php on line 434
[2026-07-06 18:13:57] Undefined array key "MDRCCustID" in C:\xampp\Desktop\mdcnpal\htdocs\public_html\core\global_include.php on line 596
[2026-07-06 18:13:57] Undefined array key "MDRCCustID" in C:\xampp\Desktop\mdcnpal\htdocs\public_html\core\global_include.php on line 615
[2026-07-06 18:13:57] Undefined variable $getId in C:\xampp\Desktop\mdcnpal\htdocs\public_html\core\global_include.php on line 684
[2026-07-06 18:13:57] Undefined variable $getName in C:\xampp\Desktop\mdcnpal\htdocs\public_html\core\global_include.php on line 685
[2026-07-06 18:13:57] Undefined array key 0 in C:\xampp\Desktop\mdcnpal\htdocs\public_html\core\global_include.php on line 810
[2026-07-06 18:13:57] Creation of dynamic property app::$rs_offer_msg is deprecated in C:\xampp\Desktop\mdcnpal\htdocs\public_html\core\app.php on line 434
[2026-07-06 18:13:57] Creation of dynamic property app::$rs_for_doctors is deprecated in C:\xampp\Desktop\mdcnpal\htdocs\public_html\core\app.php on line 434
[2026-07-06 18:13:57] Creation of dynamic property app::$rs_blog_category is deprecated in C:\xampp\Desktop\mdcnpal\htdocs\public_html\core\app.php on line 434
[2026-07-06 18:13:57] Creation of dynamic property app::$array_bread is deprecated in C:\xampp\Desktop\mdcnpal\htdocs\public_html\core\app.php on line 434
[2026-07-06 18:13:57] Creation of dynamic property app::$CatId is deprecated in C:\xampp\Desktop\mdcnpal\htdocs\public_html\core\app.php on line 434
[2026-07-06 18:13:57] Creation of dynamic property app::$TagId is deprecated in C:\xampp\Desktop\mdcnpal\htdocs\public_html\core\app.php on line 434
[2026-07-06 18:13:57] Creation of dynamic property app::$rs_data is deprecated in C:\xampp\Desktop\mdcnpal\htdocs\public_html\core\app.php on line 434
[2026-07-06 18:13:57] Undefined property: app::$rs_cartmini in C:\xampp\Desktop\mdcnpal\htdocs\public_html\includes\header.php on line 131
[2026-07-06 18:13:57] Undefined array key "MDRCCustID" in C:\xampp\Desktop\mdcnpal\htdocs\public_html\includes\header.php on line 134
[2026-07-06 18:13:57] Undefined property: app::$rs_cartmini in C:\xampp\Desktop\mdcnpal\htdocs\public_html\includes\header.php on line 197
[2026-07-06 18:13:57] Undefined array key "MDRCCustID" in C:\xampp\Desktop\mdcnpal\htdocs\public_html\includes\header.php on line 200
[2026-07-06 18:13:57] Undefined property: app::$rs_cartmini in C:\xampp\Desktop\mdcnpal\htdocs\public_html\includes\header.php on line 469
[2026-07-06 18:13:57] Undefined array key "MDRCCustID" in C:\xampp\Desktop\mdcnpal\htdocs\public_html\includes\header.php on line 472
[2026-07-06 18:13:57] Undefined property: app::$rs_cartmini in C:\xampp\Desktop\mdcnpal\htdocs\public_html\includes\header.php on line 525
[2026-07-06 18:13:57] Undefined array key "MDRCCustID" in C:\xampp\Desktop\mdcnpal\htdocs\public_html\includes\header.php on line 528
[2026-07-06 18:13:57] Undefined property: app::$rs_customer in C:\xampp\Desktop\mdcnpal\htdocs\public_html\includes\header.php on line 712
[2026-07-06 18:13:57] Trying to access array offset on value of type null in C:\xampp\Desktop\mdcnpal\htdocs\public_html\includes\header.php on line 712
[2026-07-06 18:13:57] Undefined property: app::$rs_customer in C:\xampp\Desktop\mdcnpal\htdocs\public_html\includes\header.php on line 721
[2026-07-06 18:13:57] Trying to access array offset on value of type null in C:\xampp\Desktop\mdcnpal\htdocs\public_html\includes\header.php on line 721
[2026-07-06 18:13:57] Undefined property: app::$rs_customer in C:\xampp\Desktop\mdcnpal\htdocs\public_html\includes\header.php on line 730
[2026-07-06 18:13:57] Trying to access array offset on value of type null in C:\xampp\Desktop\mdcnpal\htdocs\public_html\includes\header.php on line 730
[2026-07-06 18:13:57] Undefined property: app::$rs_customer in C:\xampp\Desktop\mdcnpal\htdocs\public_html\includes\header.php on line 739
[2026-07-06 18:13:57] Trying to access array offset on value of type null in C:\xampp\Desktop\mdcnpal\htdocs\public_html\includes\header.php on line 739
[2026-07-06 18:13:57] Undefined property: app::$rs_customer in C:\xampp\Desktop\mdcnpal\htdocs\public_html\includes\footer.php on line 357
[2026-07-06 18:13:57] Trying to access array offset on value of type null in C:\xampp\Desktop\mdcnpal\htdocs\public_html\includes\footer.php on line 357
[2026-07-06 18:13:57] Undefined property: app::$rs_customer in C:\xampp\Desktop\mdcnpal\htdocs\public_html\includes\footer.php on line 366
[2026-07-06 18:13:57] Trying to access array offset on value of type null in C:\xampp\Desktop\mdcnpal\htdocs\public_html\includes\footer.php on line 366
[2026-07-06 18:13:57] Undefined property: app::$rs_customer in C:\xampp\Desktop\mdcnpal\htdocs\public_html\includes\footer.php on line 372
[2026-07-06 18:13:57] Trying to access array offset on value of type null in C:\xampp\Desktop\mdcnpal\htdocs\public_html\includes\footer.php on line 372
[2026-07-06 18:13:57] Undefined property: app::$rs_customer in C:\xampp\Desktop\mdcnpal\htdocs\public_html\includes\general_data.php on line 88
[2026-07-06 18:13:57] Trying to access array offset on value of type null in C:\xampp\Desktop\mdcnpal\htdocs\public_html\includes\general_data.php on line 88
[2026-07-06 18:13:57] Undefined array key "MDRCCustID" in C:\xampp\Desktop\mdcnpal\htdocs\public_html\includes\general_data.php on line 88
[2026-07-06 18:13:57] Undefined variable $tmpStr in C:\xampp\Desktop\mdcnpal\htdocs\public_html\core\app.php on line 971
[2026-07-06 18:13:59] Creation of dynamic property dbclass::$RECORD_SET is deprecated in C:\xampp\Desktop\mdcnpal\htdocs\public_html\core\dbclass.php on line 69
[2026-07-06 18:13:59] Creation of dynamic property dbclass::$app is deprecated in C:\xampp\Desktop\mdcnpal\htdocs\public_html\core\dbclass.php on line 75
[2026-07-06 18:13:59] Creation of dynamic property model::$foreign_tables is deprecated in C:\xampp\Desktop\mdcnpal\htdocs\public_html\core\model.php on line 43
[2026-07-06 18:13:59] Creation of dynamic property app::$inputfilter is deprecated in C:\xampp\Desktop\mdcnpal\htdocs\public_html\core\app.php on line 123
[2026-07-06 18:13:59] Creation of dynamic property app::$userconfig is deprecated in C:\xampp\Desktop\mdcnpal\htdocs\public_html\core\app.php on line 124
[2026-07-06 18:13:59] Creation of dynamic property app::$global_include is deprecated in C:\xampp\Desktop\mdcnpal\htdocs\public_html\core\app.php on line 125
[2026-07-06 18:13:59] Creation of dynamic property app::$set_cache_time is deprecated in C:\xampp\Desktop\mdcnpal\htdocs\public_html\core\app.php on line 153
[06-Jul-2026 18:13:59 Asia/Kathmandu] PHP Fatal error:  Uncaught mysqli_sql_exception: Invalid character set was provided in C:\xampp\Desktop\mdcnpal\htdocs\public_html\scripts\ajax\get_blog.php:2
Stack trace:
#0 C:\xampp\Desktop\mdcnpal\htdocs\public_html\scripts\ajax\get_blog.php(2): mysqli_set_charset(Object(mysqli), 'utf-8')
#1 C:\xampp\Desktop\mdcnpal\htdocs\public_html\scripts\ajax\index.php(15): include('C:\\xampp\\Deskto...')
#2 {main}
  thrown in C:\xampp\Desktop\mdcnpal\htdocs\public_html\scripts\ajax\get_blog.php on line 2
[2026-07-06 18:14:01] Creation of dynamic property dbclass::$RECORD_SET is deprecated in C:\xampp\Desktop\mdcnpal\htdocs\public_html\core\dbclass.php on line 69
[2026-07-06 18:14:01] Creation of dynamic property dbclass::$app is deprecated in C:\xampp\Desktop\mdcnpal\htdocs\public_html\core\dbclass.php on line 75
[2026-07-06 18:14:01] Creation of dynamic property model::$foreign_tables is deprecated in C:\xampp\Desktop\mdcnpal\htdocs\public_html\core\model.php on line 43
[2026-07-06 18:14:01] Creation of dynamic property app::$inputfilter is deprecated in C:\xampp\Desktop\mdcnpal\htdocs\public_html\core\app.php on line 123
[2026-07-06 18:14:01] Creation of dynamic property app::$userconfig is deprecated in C:\xampp\Desktop\mdcnpal\htdocs\public_html\core\app.php on line 124
[2026-07-06 18:14:01] Creation of dynamic property app::$global_include is deprecated in C:\xampp\Desktop\mdcnpal\htdocs\public_html\core\app.php on line 125
[2026-07-06 18:14:01] Creation of dynamic property app::$set_cache_time is deprecated in C:\xampp\Desktop\mdcnpal\htdocs\public_html\core\app.php on line 153
[2026-07-06 18:14:01] Undefined variable $RESULT in C:\xampp\Desktop\mdcnpal\htdocs\public_html\scripts\ajax\selectCityUsingGoogleMapApi.php on line 69
[2026-07-06 18:14:01] Undefined variable $URL in C:\xampp\Desktop\mdcnpal\htdocs\public_html\scripts\ajax\selectCityUsingGoogleMapApi.php on line 73
[2026-07-06 18:14:04] Creation of dynamic property dbclass::$RECORD_SET is deprecated in C:\xampp\Desktop\mdcnpal\htdocs\public_html\core\dbclass.php on line 69
[2026-07-06 18:14:04] Creation of dynamic property dbclass::$app is deprecated in C:\xampp\Desktop\mdcnpal\htdocs\public_html\core\dbclass.php on line 75
[2026-07-06 18:14:04] Creation of dynamic property model::$foreign_tables is deprecated in C:\xampp\Desktop\mdcnpal\htdocs\public_html\core\model.php on line 43
[2026-07-06 18:14:04] Creation of dynamic property app::$inputfilter is deprecated in C:\xampp\Desktop\mdcnpal\htdocs\public_html\core\app.php on line 123
[2026-07-06 18:14:04] Creation of dynamic property app::$userconfig is deprecated in C:\xampp\Desktop\mdcnpal\htdocs\public_html\core\app.php on line 124
[2026-07-06 18:14:04] Creation of dynamic property app::$global_include is deprecated in C:\xampp\Desktop\mdcnpal\htdocs\public_html\core\app.php on line 125
[2026-07-06 18:14:04] Creation of dynamic property app::$set_cache_time is deprecated in C:\xampp\Desktop\mdcnpal\htdocs\public_html\core\app.php on line 153
[2026-07-06 18:14:04] Creation of dynamic property app::$meta is deprecated in C:\xampp\Desktop\mdcnpal\htdocs\public_html\core\app.php on line 434
[2026-07-06 18:14:04] Creation of dynamic property app::$rs_gs_city is deprecated in C:\xampp\Desktop\mdcnpal\htdocs\public_html\core\app.php on line 434
[2026-07-06 18:14:04] Creation of dynamic property app::$rs_footer_popular_item is deprecated in C:\xampp\Desktop\mdcnpal\htdocs\public_html\core\app.php on line 434
[2026-07-06 18:14:04] Creation of dynamic property app::$rs_footer_popular_test is deprecated in C:\xampp\Desktop\mdcnpal\htdocs\public_html\core\app.php on line 434
[2026-07-06 18:14:04] Creation of dynamic property app::$rs_testimonial is deprecated in C:\xampp\Desktop\mdcnpal\htdocs\public_html\core\app.php on line 434
[2026-07-06 18:14:04] Creation of dynamic property app::$admin is deprecated in C:\xampp\Desktop\mdcnpal\htdocs\public_html\core\app.php on line 434
[2026-07-06 18:14:04] Undefined array key 0 in C:\xampp\Desktop\mdcnpal\htdocs\public_html\core\global_include.php on line 514
[2026-07-06 18:14:04] Creation of dynamic property app::$popup is deprecated in C:\xampp\Desktop\mdcnpal\htdocs\public_html\core\app.php on line 434
[2026-07-06 18:14:04] Undefined array key "MDRCCustID" in C:\xampp\Desktop\mdcnpal\htdocs\public_html\core\global_include.php on line 515
[2026-07-06 18:14:04] Undefined array key "MDRCToken" in C:\xampp\Desktop\mdcnpal\htdocs\public_html\core\global_include.php on line 515
[2026-07-06 18:14:04] Creation of dynamic property app::$rscategory is deprecated in C:\xampp\Desktop\mdcnpal\htdocs\public_html\core\app.php on line 434
[2026-07-06 18:14:04] Creation of dynamic property app::$rs_pages is deprecated in C:\xampp\Desktop\mdcnpal\htdocs\public_html\core\app.php on line 434
[2026-07-06 18:14:04] Creation of dynamic property app::$gs is deprecated in C:\xampp\Desktop\mdcnpal\htdocs\public_html\core\app.php on line 434
[2026-07-06 18:14:04] Undefined array key "MDRCCustID" in C:\xampp\Desktop\mdcnpal\htdocs\public_html\core\global_include.php on line 596
[2026-07-06 18:14:04] Undefined array key "MDRCCustID" in C:\xampp\Desktop\mdcnpal\htdocs\public_html\core\global_include.php on line 615
[2026-07-06 18:14:04] Undefined variable $getId in C:\xampp\Desktop\mdcnpal\htdocs\public_html\core\global_include.php on line 684
[2026-07-06 18:14:04] Undefined variable $getName in C:\xampp\Desktop\mdcnpal\htdocs\public_html\core\global_include.php on line 685
[2026-07-06 18:14:04] Undefined array key 0 in C:\xampp\Desktop\mdcnpal\htdocs\public_html\core\global_include.php on line 810
[2026-07-06 18:14:04] Creation of dynamic property app::$rs_offer_msg is deprecated in C:\xampp\Desktop\mdcnpal\htdocs\public_html\core\app.php on line 434
[2026-07-06 18:14:04] Creation of dynamic property app::$rs_for_doctors is deprecated in C:\xampp\Desktop\mdcnpal\htdocs\public_html\core\app.php on line 434
[2026-07-06 18:14:04] Creation of dynamic property app::$array_bread is deprecated in C:\xampp\Desktop\mdcnpal\htdocs\public_html\core\app.php on line 434
[2026-07-06 18:14:04] Creation of dynamic property app::$CatId is deprecated in C:\xampp\Desktop\mdcnpal\htdocs\public_html\core\app.php on line 434
[2026-07-06 18:14:04] Creation of dynamic property app::$TagId is deprecated in C:\xampp\Desktop\mdcnpal\htdocs\public_html\core\app.php on line 434
[2026-07-06 18:14:04] Creation of dynamic property app::$rs_data is deprecated in C:\xampp\Desktop\mdcnpal\htdocs\public_html\core\app.php on line 434
[2026-07-06 18:14:04] Undefined property: app::$rs_cartmini in C:\xampp\Desktop\mdcnpal\htdocs\public_html\includes\header.php on line 131
[2026-07-06 18:14:04] Undefined array key "MDRCCustID" in C:\xampp\Desktop\mdcnpal\htdocs\public_html\includes\header.php on line 134
[2026-07-06 18:14:04] Undefined property: app::$rs_cartmini in C:\xampp\Desktop\mdcnpal\htdocs\public_html\includes\header.php on line 197
[2026-07-06 18:14:04] Undefined array key "MDRCCustID" in C:\xampp\Desktop\mdcnpal\htdocs\public_html\includes\header.php on line 200
[2026-07-06 18:14:04] Undefined property: app::$rs_cartmini in C:\xampp\Desktop\mdcnpal\htdocs\public_html\includes\header.php on line 469
[2026-07-06 18:14:04] Undefined array key "MDRCCustID" in C:\xampp\Desktop\mdcnpal\htdocs\public_html\includes\header.php on line 472
[2026-07-06 18:14:04] Undefined property: app::$rs_cartmini in C:\xampp\Desktop\mdcnpal\htdocs\public_html\includes\header.php on line 525
[2026-07-06 18:14:04] Undefined array key "MDRCCustID" in C:\xampp\Desktop\mdcnpal\htdocs\public_html\includes\header.php on line 528
[2026-07-06 18:14:04] Undefined property: app::$rs_customer in C:\xampp\Desktop\mdcnpal\htdocs\public_html\includes\header.php on line 712
[2026-07-06 18:14:04] Trying to access array offset on value of type null in C:\xampp\Desktop\mdcnpal\htdocs\public_html\includes\header.php on line 712
[2026-07-06 18:14:04] Undefined property: app::$rs_customer in C:\xampp\Desktop\mdcnpal\htdocs\public_html\includes\header.php on line 721
[2026-07-06 18:14:04] Trying to access array offset on value of type null in C:\xampp\Desktop\mdcnpal\htdocs\public_html\includes\header.php on line 721
[2026-07-06 18:14:04] Undefined property: app::$rs_customer in C:\xampp\Desktop\mdcnpal\htdocs\public_html\includes\header.php on line 730
[2026-07-06 18:14:04] Trying to access array offset on value of type null in C:\xampp\Desktop\mdcnpal\htdocs\public_html\includes\header.php on line 730
[2026-07-06 18:14:04] Undefined property: app::$rs_customer in C:\xampp\Desktop\mdcnpal\htdocs\public_html\includes\header.php on line 739
[2026-07-06 18:14:04] Trying to access array offset on value of type null in C:\xampp\Desktop\mdcnpal\htdocs\public_html\includes\header.php on line 739
[2026-07-06 18:14:04] Undefined property: app::$rs_customer in C:\xampp\Desktop\mdcnpal\htdocs\public_html\includes\footer.php on line 357
[2026-07-06 18:14:04] Trying to access array offset on value of type null in C:\xampp\Desktop\mdcnpal\htdocs\public_html\includes\footer.php on line 357
[2026-07-06 18:14:04] Undefined property: app::$rs_customer in C:\xampp\Desktop\mdcnpal\htdocs\public_html\includes\footer.php on line 366
[2026-07-06 18:14:04] Trying to access array offset on value of type null in C:\xampp\Desktop\mdcnpal\htdocs\public_html\includes\footer.php on line 366
[2026-07-06 18:14:04] Undefined property: app::$rs_customer in C:\xampp\Desktop\mdcnpal\htdocs\public_html\includes\footer.php on line 372
[2026-07-06 18:14:04] Trying to access array offset on value of type null in C:\xampp\Desktop\mdcnpal\htdocs\public_html\includes\footer.php on line 372
[2026-07-06 18:14:04] Undefined property: app::$rs_customer in C:\xampp\Desktop\mdcnpal\htdocs\public_html\includes\general_data.php on line 88
[2026-07-06 18:14:04] Trying to access array offset on value of type null in C:\xampp\Desktop\mdcnpal\htdocs\public_html\includes\general_data.php on line 88
[2026-07-06 18:14:04] Undefined array key "MDRCCustID" in C:\xampp\Desktop\mdcnpal\htdocs\public_html\includes\general_data.php on line 88
[2026-07-06 18:14:04] Undefined variable $tmpStr in C:\xampp\Desktop\mdcnpal\htdocs\public_html\core\app.php on line 971
[2026-07-06 18:14:06] Creation of dynamic property dbclass::$RECORD_SET is deprecated in C:\xampp\Desktop\mdcnpal\htdocs\public_html\core\dbclass.php on line 69
[2026-07-06 18:14:06] Creation of dynamic property dbclass::$app is deprecated in C:\xampp\Desktop\mdcnpal\htdocs\public_html\core\dbclass.php on line 75
[2026-07-06 18:14:06] Creation of dynamic property model::$foreign_tables is deprecated in C:\xampp\Desktop\mdcnpal\htdocs\public_html\core\model.php on line 43
[2026-07-06 18:14:06] Creation of dynamic property app::$inputfilter is deprecated in C:\xampp\Desktop\mdcnpal\htdocs\public_html\core\app.php on line 123
[2026-07-06 18:14:06] Creation of dynamic property app::$userconfig is deprecated in C:\xampp\Desktop\mdcnpal\htdocs\public_html\core\app.php on line 124
[2026-07-06 18:14:06] Creation of dynamic property app::$global_include is deprecated in C:\xampp\Desktop\mdcnpal\htdocs\public_html\core\app.php on line 125
[2026-07-06 18:14:06] Creation of dynamic property app::$set_cache_time is deprecated in C:\xampp\Desktop\mdcnpal\htdocs\public_html\core\app.php on line 153
[06-Jul-2026 18:14:06 Asia/Kathmandu] PHP Fatal error:  Uncaught mysqli_sql_exception: Invalid character set was provided in C:\xampp\Desktop\mdcnpal\htdocs\public_html\scripts\ajax\get_event.php:2
Stack trace:
#0 C:\xampp\Desktop\mdcnpal\htdocs\public_html\scripts\ajax\get_event.php(2): mysqli_set_charset(Object(mysqli), 'utf-8')
#1 C:\xampp\Desktop\mdcnpal\htdocs\public_html\scripts\ajax\index.php(15): include('C:\\xampp\\Deskto...')
#2 {main}
  thrown in C:\xampp\Desktop\mdcnpal\htdocs\public_html\scripts\ajax\get_event.php on line 2
[2026-07-06 18:14:08] Creation of dynamic property dbclass::$RECORD_SET is deprecated in C:\xampp\Desktop\mdcnpal\htdocs\public_html\core\dbclass.php on line 69
[2026-07-06 18:14:08] Creation of dynamic property dbclass::$app is deprecated in C:\xampp\Desktop\mdcnpal\htdocs\public_html\core\dbclass.php on line 75
[2026-07-06 18:14:08] Creation of dynamic property model::$foreign_tables is deprecated in C:\xampp\Desktop\mdcnpal\htdocs\public_html\core\model.php on line 43
[2026-07-06 18:14:08] Creation of dynamic property app::$inputfilter is deprecated in C:\xampp\Desktop\mdcnpal\htdocs\public_html\core\app.php on line 123
[2026-07-06 18:14:08] Creation of dynamic property app::$userconfig is deprecated in C:\xampp\Desktop\mdcnpal\htdocs\public_html\core\app.php on line 124
[2026-07-06 18:14:08] Creation of dynamic property app::$global_include is deprecated in C:\xampp\Desktop\mdcnpal\htdocs\public_html\core\app.php on line 125
[2026-07-06 18:14:08] Creation of dynamic property app::$set_cache_time is deprecated in C:\xampp\Desktop\mdcnpal\htdocs\public_html\core\app.php on line 153
[2026-07-06 18:14:08] Undefined variable $RESULT in C:\xampp\Desktop\mdcnpal\htdocs\public_html\scripts\ajax\selectCityUsingGoogleMapApi.php on line 69
[2026-07-06 18:14:08] Undefined variable $URL in C:\xampp\Desktop\mdcnpal\htdocs\public_html\scripts\ajax\selectCityUsingGoogleMapApi.php on line 73
[2026-07-06 18:15:04] Creation of dynamic property dbclass::$RECORD_SET is deprecated in C:\xampp\Desktop\mdcnpal\htdocs\public_html\core\dbclass.php on line 69
[2026-07-06 18:15:04] Creation of dynamic property dbclass::$app is deprecated in C:\xampp\Desktop\mdcnpal\htdocs\public_html\core\dbclass.php on line 75
[2026-07-06 18:15:04] Creation of dynamic property model::$foreign_tables is deprecated in C:\xampp\Desktop\mdcnpal\htdocs\public_html\core\model.php on line 43
[2026-07-06 18:15:04] Creation of dynamic property app::$inputfilter is deprecated in C:\xampp\Desktop\mdcnpal\htdocs\public_html\core\app.php on line 123
[2026-07-06 18:15:04] Creation of dynamic property app::$userconfig is deprecated in C:\xampp\Desktop\mdcnpal\htdocs\public_html\core\app.php on line 124
[2026-07-06 18:15:04] Creation of dynamic property app::$global_include is deprecated in C:\xampp\Desktop\mdcnpal\htdocs\public_html\core\app.php on line 125
[2026-07-06 18:15:04] Creation of dynamic property app::$set_cache_time is deprecated in C:\xampp\Desktop\mdcnpal\htdocs\public_html\core\app.php on line 153
[2026-07-06 18:15:04] Undefined array key "cityID" in C:\xampp\Desktop\mdcnpal\htdocs\public_html\core\global_include.php on line 381
[2026-07-06 18:15:04] Undefined array key "cityID" in C:\xampp\Desktop\mdcnpal\htdocs\public_html\core\global_include.php on line 416
[2026-07-06 18:15:04] Creation of dynamic property app::$meta is deprecated in C:\xampp\Desktop\mdcnpal\htdocs\public_html\core\app.php on line 434
[2026-07-06 18:15:04] Creation of dynamic property app::$rs_gs_city is deprecated in C:\xampp\Desktop\mdcnpal\htdocs\public_html\core\app.php on line 434
[2026-07-06 18:15:04] Undefined array key "cityID" in C:\xampp\Desktop\mdcnpal\htdocs\public_html\core\global_include.php on line 468
[2026-07-06 18:15:04] Creation of dynamic property app::$rs_footer_popular_item is deprecated in C:\xampp\Desktop\mdcnpal\htdocs\public_html\core\app.php on line 434
[2026-07-06 18:15:04] Creation of dynamic property app::$rs_footer_popular_test is deprecated in C:\xampp\Desktop\mdcnpal\htdocs\public_html\core\app.php on line 434
[2026-07-06 18:15:04] Creation of dynamic property app::$rs_testimonial is deprecated in C:\xampp\Desktop\mdcnpal\htdocs\public_html\core\app.php on line 434
[2026-07-06 18:15:04] Creation of dynamic property app::$admin is deprecated in C:\xampp\Desktop\mdcnpal\htdocs\public_html\core\app.php on line 434
[2026-07-06 18:15:04] Undefined array key 0 in C:\xampp\Desktop\mdcnpal\htdocs\public_html\core\global_include.php on line 514
[2026-07-06 18:15:04] Creation of dynamic property app::$popup is deprecated in C:\xampp\Desktop\mdcnpal\htdocs\public_html\core\app.php on line 434
[2026-07-06 18:15:04] Undefined array key "MDRCCustID" in C:\xampp\Desktop\mdcnpal\htdocs\public_html\core\global_include.php on line 515
[2026-07-06 18:15:04] Undefined array key "MDRCToken" in C:\xampp\Desktop\mdcnpal\htdocs\public_html\core\global_include.php on line 515
[2026-07-06 18:15:04] Creation of dynamic property app::$rscategory is deprecated in C:\xampp\Desktop\mdcnpal\htdocs\public_html\core\app.php on line 434
[2026-07-06 18:15:04] Creation of dynamic property app::$rs_pages is deprecated in C:\xampp\Desktop\mdcnpal\htdocs\public_html\core\app.php on line 434
[2026-07-06 18:15:04] Creation of dynamic property app::$gs is deprecated in C:\xampp\Desktop\mdcnpal\htdocs\public_html\core\app.php on line 434
[2026-07-06 18:15:04] Undefined array key "MDRCCustID" in C:\xampp\Desktop\mdcnpal\htdocs\public_html\core\global_include.php on line 596
[2026-07-06 18:15:04] Undefined array key "MDRCCustID" in C:\xampp\Desktop\mdcnpal\htdocs\public_html\core\global_include.php on line 615
[2026-07-06 18:15:04] Undefined variable $getId in C:\xampp\Desktop\mdcnpal\htdocs\public_html\core\global_include.php on line 684
[2026-07-06 18:15:04] Undefined variable $getName in C:\xampp\Desktop\mdcnpal\htdocs\public_html\core\global_include.php on line 685
[2026-07-06 18:15:04] Undefined array key 0 in C:\xampp\Desktop\mdcnpal\htdocs\public_html\core\global_include.php on line 810
[2026-07-06 18:15:04] Creation of dynamic property app::$rs_offer_msg is deprecated in C:\xampp\Desktop\mdcnpal\htdocs\public_html\core\app.php on line 434
[2026-07-06 18:15:04] Creation of dynamic property app::$rs_for_doctors is deprecated in C:\xampp\Desktop\mdcnpal\htdocs\public_html\core\app.php on line 434
[2026-07-06 18:15:04] Creation of dynamic property app::$description is deprecated in C:\xampp\Desktop\mdcnpal\htdocs\public_html\core\app.php on line 434
[2026-07-06 18:15:04] Creation of dynamic property app::$rs_banner is deprecated in C:\xampp\Desktop\mdcnpal\htdocs\public_html\core\app.php on line 434
[2026-07-06 18:15:04] Creation of dynamic property app::$rs_item_diseases is deprecated in C:\xampp\Desktop\mdcnpal\htdocs\public_html\core\app.php on line 434
[2026-07-06 18:15:04] Creation of dynamic property app::$rs_item_home_category is deprecated in C:\xampp\Desktop\mdcnpal\htdocs\public_html\core\app.php on line 434
[2026-07-06 18:15:04] Creation of dynamic property app::$rs_item_banner_category is deprecated in C:\xampp\Desktop\mdcnpal\htdocs\public_html\core\app.php on line 434
[2026-07-06 18:15:04] Creation of dynamic property app::$rs_services is deprecated in C:\xampp\Desktop\mdcnpal\htdocs\public_html\core\app.php on line 434
[2026-07-06 18:15:04] Creation of dynamic property app::$rs_blog is deprecated in C:\xampp\Desktop\mdcnpal\htdocs\public_html\core\app.php on line 434
[2026-07-06 18:15:04] Creation of dynamic property app::$rs_category is deprecated in C:\xampp\Desktop\mdcnpal\htdocs\public_html\core\app.php on line 434
[2026-07-06 18:15:04] Creation of dynamic property app::$rs_faq_data is deprecated in C:\xampp\Desktop\mdcnpal\htdocs\public_html\core\app.php on line 434
[2026-07-06 18:15:04] Creation of dynamic property app::$rs_gallery_data is deprecated in C:\xampp\Desktop\mdcnpal\htdocs\public_html\core\app.php on line 434
[2026-07-06 18:15:04] Undefined array key "tempCityID" in C:\xampp\Desktop\mdcnpal\htdocs\public_html\includes\header.php on line 5
[2026-07-06 18:15:04] Undefined array key "items" in C:\xampp\Desktop\mdcnpal\htdocs\public_html\includes\header.php on line 16
[2026-07-06 18:15:04] Undefined array key "item_category" in C:\xampp\Desktop\mdcnpal\htdocs\public_html\includes\header.php on line 26
[2026-07-06 18:15:04] Undefined array key "item_diseases" in C:\xampp\Desktop\mdcnpal\htdocs\public_html\includes\header.php on line 33
[2026-07-06 18:15:04] Undefined property: app::$rs_cartmini in C:\xampp\Desktop\mdcnpal\htdocs\public_html\includes\header.php on line 131
[2026-07-06 18:15:04] Undefined array key "MDRCCustID" in C:\xampp\Desktop\mdcnpal\htdocs\public_html\includes\header.php on line 134
[2026-07-06 18:15:04] Undefined property: app::$rs_cartmini in C:\xampp\Desktop\mdcnpal\htdocs\public_html\includes\header.php on line 197
[2026-07-06 18:15:04] Undefined array key "MDRCCustID" in C:\xampp\Desktop\mdcnpal\htdocs\public_html\includes\header.php on line 200
[2026-07-06 18:15:04] Undefined property: app::$rs_cartmini in C:\xampp\Desktop\mdcnpal\htdocs\public_html\includes\header.php on line 469
[2026-07-06 18:15:04] Undefined array key "MDRCCustID" in C:\xampp\Desktop\mdcnpal\htdocs\public_html\includes\header.php on line 472
[2026-07-06 18:15:04] Undefined property: app::$rs_cartmini in C:\xampp\Desktop\mdcnpal\htdocs\public_html\includes\header.php on line 525
[2026-07-06 18:15:04] Undefined array key "MDRCCustID" in C:\xampp\Desktop\mdcnpal\htdocs\public_html\includes\header.php on line 528
[2026-07-06 18:15:04] Undefined property: app::$rs_customer in C:\xampp\Desktop\mdcnpal\htdocs\public_html\includes\header.php on line 712
[2026-07-06 18:15:04] Trying to access array offset on value of type null in C:\xampp\Desktop\mdcnpal\htdocs\public_html\includes\header.php on line 712
[2026-07-06 18:15:04] Undefined property: app::$rs_customer in C:\xampp\Desktop\mdcnpal\htdocs\public_html\includes\header.php on line 721
[2026-07-06 18:15:04] Trying to access array offset on value of type null in C:\xampp\Desktop\mdcnpal\htdocs\public_html\includes\header.php on line 721
[2026-07-06 18:15:04] Undefined property: app::$rs_customer in C:\xampp\Desktop\mdcnpal\htdocs\public_html\includes\header.php on line 730
[2026-07-06 18:15:04] Trying to access array offset on value of type null in C:\xampp\Desktop\mdcnpal\htdocs\public_html\includes\header.php on line 730
[2026-07-06 18:15:04] Undefined property: app::$rs_customer in C:\xampp\Desktop\mdcnpal\htdocs\public_html\includes\header.php on line 739
[2026-07-06 18:15:04] Trying to access array offset on value of type null in C:\xampp\Desktop\mdcnpal\htdocs\public_html\includes\header.php on line 739
[2026-07-06 18:15:04] Undefined variable $g_search_query in C:\xampp\Desktop\mdcnpal\htdocs\public_html\core\app.php(565) : eval()'d code on line 219
[2026-07-06 18:15:04] Undefined variable $department_cond in C:\xampp\Desktop\mdcnpal\htdocs\public_html\core\app.php(565) : eval()'d code on line 219
[2026-07-06 18:15:04] Undefined variable $type_cond in C:\xampp\Desktop\mdcnpal\htdocs\public_html\core\app.php(565) : eval()'d code on line 219
[2026-07-06 18:15:04] Undefined variable $dieses_cond in C:\xampp\Desktop\mdcnpal\htdocs\public_html\core\app.php(565) : eval()'d code on line 219
[2026-07-06 18:15:04] Undefined variable $popular_pack_cond in C:\xampp\Desktop\mdcnpal\htdocs\public_html\core\app.php(565) : eval()'d code on line 219
[2026-07-06 18:15:04] Undefined variable $g_search_query in C:\xampp\Desktop\mdcnpal\htdocs\public_html\core\app.php(565) : eval()'d code on line 219
[2026-07-06 18:15:04] Undefined variable $department_cond in C:\xampp\Desktop\mdcnpal\htdocs\public_html\core\app.php(565) : eval()'d code on line 219
[2026-07-06 18:15:04] Undefined variable $type_cond in C:\xampp\Desktop\mdcnpal\htdocs\public_html\core\app.php(565) : eval()'d code on line 219
[2026-07-06 18:15:04] Undefined variable $dieses_cond in C:\xampp\Desktop\mdcnpal\htdocs\public_html\core\app.php(565) : eval()'d code on line 219
[2026-07-06 18:15:04] Undefined variable $popular_pack_cond in C:\xampp\Desktop\mdcnpal\htdocs\public_html\core\app.php(565) : eval()'d code on line 219
[2026-07-06 18:15:04] Undefined variable $g_search_query in C:\xampp\Desktop\mdcnpal\htdocs\public_html\core\app.php(565) : eval()'d code on line 219
[2026-07-06 18:15:04] Undefined variable $department_cond in C:\xampp\Desktop\mdcnpal\htdocs\public_html\core\app.php(565) : eval()'d code on line 219
[2026-07-06 18:15:04] Undefined variable $type_cond in C:\xampp\Desktop\mdcnpal\htdocs\public_html\core\app.php(565) : eval()'d code on line 219
[2026-07-06 18:15:04] Undefined variable $dieses_cond in C:\xampp\Desktop\mdcnpal\htdocs\public_html\core\app.php(565) : eval()'d code on line 219
[2026-07-06 18:15:04] Undefined variable $popular_pack_cond in C:\xampp\Desktop\mdcnpal\htdocs\public_html\core\app.php(565) : eval()'d code on line 219
[2026-07-06 18:15:04] Undefined variable $g_search_query in C:\xampp\Desktop\mdcnpal\htdocs\public_html\core\app.php(565) : eval()'d code on line 219
[2026-07-06 18:15:04] Undefined variable $department_cond in C:\xampp\Desktop\mdcnpal\htdocs\public_html\core\app.php(565) : eval()'d code on line 219
[2026-07-06 18:15:04] Undefined variable $type_cond in C:\xampp\Desktop\mdcnpal\htdocs\public_html\core\app.php(565) : eval()'d code on line 219
[2026-07-06 18:15:04] Undefined variable $dieses_cond in C:\xampp\Desktop\mdcnpal\htdocs\public_html\core\app.php(565) : eval()'d code on line 219
[2026-07-06 18:15:04] Undefined variable $popular_pack_cond in C:\xampp\Desktop\mdcnpal\htdocs\public_html\core\app.php(565) : eval()'d code on line 219
[2026-07-06 18:15:04] Undefined variable $g_search_query in C:\xampp\Desktop\mdcnpal\htdocs\public_html\core\app.php(565) : eval()'d code on line 219
[2026-07-06 18:15:04] Undefined variable $department_cond in C:\xampp\Desktop\mdcnpal\htdocs\public_html\core\app.php(565) : eval()'d code on line 219
[2026-07-06 18:15:04] Undefined variable $type_cond in C:\xampp\Desktop\mdcnpal\htdocs\public_html\core\app.php(565) : eval()'d code on line 219
[2026-07-06 18:15:04] Undefined variable $dieses_cond in C:\xampp\Desktop\mdcnpal\htdocs\public_html\core\app.php(565) : eval()'d code on line 219
[2026-07-06 18:15:04] Undefined variable $popular_pack_cond in C:\xampp\Desktop\mdcnpal\htdocs\public_html\core\app.php(565) : eval()'d code on line 219
[2026-07-06 18:15:04] Undefined property: app::$rs_customer in C:\xampp\Desktop\mdcnpal\htdocs\public_html\includes\footer.php on line 357
[2026-07-06 18:15:04] Trying to access array offset on value of type null in C:\xampp\Desktop\mdcnpal\htdocs\public_html\includes\footer.php on line 357
[2026-07-06 18:15:04] Undefined property: app::$rs_customer in C:\xampp\Desktop\mdcnpal\htdocs\public_html\includes\footer.php on line 366
[2026-07-06 18:15:04] Trying to access array offset on value of type null in C:\xampp\Desktop\mdcnpal\htdocs\public_html\includes\footer.php on line 366
[2026-07-06 18:15:04] Undefined property: app::$rs_customer in C:\xampp\Desktop\mdcnpal\htdocs\public_html\includes\footer.php on line 372
[2026-07-06 18:15:04] Trying to access array offset on value of type null in C:\xampp\Desktop\mdcnpal\htdocs\public_html\includes\footer.php on line 372
[2026-07-06 18:15:04] Undefined property: app::$rs_customer in C:\xampp\Desktop\mdcnpal\htdocs\public_html\includes\general_data.php on line 88
[2026-07-06 18:15:04] Trying to access array offset on value of type null in C:\xampp\Desktop\mdcnpal\htdocs\public_html\includes\general_data.php on line 88
[2026-07-06 18:15:04] Undefined array key "MDRCCustID" in C:\xampp\Desktop\mdcnpal\htdocs\public_html\includes\general_data.php on line 88
[2026-07-06 18:15:04] Undefined variable $tmpStr in C:\xampp\Desktop\mdcnpal\htdocs\public_html\core\app.php on line 971
[2026-07-06 18:15:05] Creation of dynamic property dbclass::$RECORD_SET is deprecated in C:\xampp\Desktop\mdcnpal\htdocs\public_html\core\dbclass.php on line 69
[2026-07-06 18:15:05] Creation of dynamic property dbclass::$app is deprecated in C:\xampp\Desktop\mdcnpal\htdocs\public_html\core\dbclass.php on line 75
[2026-07-06 18:15:05] Creation of dynamic property model::$foreign_tables is deprecated in C:\xampp\Desktop\mdcnpal\htdocs\public_html\core\model.php on line 43
[2026-07-06 18:15:05] Creation of dynamic property app::$inputfilter is deprecated in C:\xampp\Desktop\mdcnpal\htdocs\public_html\core\app.php on line 123
[2026-07-06 18:15:05] Creation of dynamic property app::$userconfig is deprecated in C:\xampp\Desktop\mdcnpal\htdocs\public_html\core\app.php on line 124
[2026-07-06 18:15:05] Creation of dynamic property app::$global_include is deprecated in C:\xampp\Desktop\mdcnpal\htdocs\public_html\core\app.php on line 125
[2026-07-06 18:15:05] Creation of dynamic property app::$set_cache_time is deprecated in C:\xampp\Desktop\mdcnpal\htdocs\public_html\core\app.php on line 153
[2026-07-06 18:15:05] Creation of dynamic property app::$meta is deprecated in C:\xampp\Desktop\mdcnpal\htdocs\public_html\core\app.php on line 434
[2026-07-06 18:15:05] Creation of dynamic property app::$rs_gs_city is deprecated in C:\xampp\Desktop\mdcnpal\htdocs\public_html\core\app.php on line 434
[2026-07-06 18:15:05] Creation of dynamic property app::$rs_footer_popular_item is deprecated in C:\xampp\Desktop\mdcnpal\htdocs\public_html\core\app.php on line 434
[2026-07-06 18:15:05] Creation of dynamic property app::$rs_footer_popular_test is deprecated in C:\xampp\Desktop\mdcnpal\htdocs\public_html\core\app.php on line 434
[2026-07-06 18:15:05] Creation of dynamic property app::$rs_testimonial is deprecated in C:\xampp\Desktop\mdcnpal\htdocs\public_html\core\app.php on line 434
[2026-07-06 18:15:05] Creation of dynamic property app::$admin is deprecated in C:\xampp\Desktop\mdcnpal\htdocs\public_html\core\app.php on line 434
[2026-07-06 18:15:05] Undefined array key 0 in C:\xampp\Desktop\mdcnpal\htdocs\public_html\core\global_include.php on line 514
[2026-07-06 18:15:05] Creation of dynamic property app::$popup is deprecated in C:\xampp\Desktop\mdcnpal\htdocs\public_html\core\app.php on line 434
[2026-07-06 18:15:05] Undefined array key "MDRCCustID" in C:\xampp\Desktop\mdcnpal\htdocs\public_html\core\global_include.php on line 515
[2026-07-06 18:15:05] Undefined array key "MDRCToken" in C:\xampp\Desktop\mdcnpal\htdocs\public_html\core\global_include.php on line 515
[2026-07-06 18:15:05] Creation of dynamic property app::$rscategory is deprecated in C:\xampp\Desktop\mdcnpal\htdocs\public_html\core\app.php on line 434
[2026-07-06 18:15:05] Creation of dynamic property app::$rs_pages is deprecated in C:\xampp\Desktop\mdcnpal\htdocs\public_html\core\app.php on line 434
[2026-07-06 18:15:05] Creation of dynamic property app::$gs is deprecated in C:\xampp\Desktop\mdcnpal\htdocs\public_html\core\app.php on line 434
[2026-07-06 18:15:05] Undefined array key "MDRCCustID" in C:\xampp\Desktop\mdcnpal\htdocs\public_html\core\global_include.php on line 596
[2026-07-06 18:15:05] Undefined array key "MDRCCustID" in C:\xampp\Desktop\mdcnpal\htdocs\public_html\core\global_include.php on line 615
[2026-07-06 18:15:05] Undefined variable $getId in C:\xampp\Desktop\mdcnpal\htdocs\public_html\core\global_include.php on line 684
[2026-07-06 18:15:05] Undefined variable $getName in C:\xampp\Desktop\mdcnpal\htdocs\public_html\core\global_include.php on line 685
[2026-07-06 18:15:05] Undefined array key 0 in C:\xampp\Desktop\mdcnpal\htdocs\public_html\core\global_include.php on line 810
[2026-07-06 18:15:05] Creation of dynamic property app::$rs_offer_msg is deprecated in C:\xampp\Desktop\mdcnpal\htdocs\public_html\core\app.php on line 434
[2026-07-06 18:15:05] Creation of dynamic property app::$rs_for_doctors is deprecated in C:\xampp\Desktop\mdcnpal\htdocs\public_html\core\app.php on line 434
[2026-07-06 18:15:05] Creation of dynamic property app::$description is deprecated in C:\xampp\Desktop\mdcnpal\htdocs\public_html\core\app.php on line 434
[2026-07-06 18:15:05] Creation of dynamic property app::$rs_banner is deprecated in C:\xampp\Desktop\mdcnpal\htdocs\public_html\core\app.php on line 434
[2026-07-06 18:15:05] Creation of dynamic property app::$rs_item_diseases is deprecated in C:\xampp\Desktop\mdcnpal\htdocs\public_html\core\app.php on line 434
[2026-07-06 18:15:05] Creation of dynamic property app::$rs_item_home_category is deprecated in C:\xampp\Desktop\mdcnpal\htdocs\public_html\core\app.php on line 434
[2026-07-06 18:15:05] Creation of dynamic property app::$rs_item_banner_category is deprecated in C:\xampp\Desktop\mdcnpal\htdocs\public_html\core\app.php on line 434
[2026-07-06 18:15:05] Creation of dynamic property app::$rs_services is deprecated in C:\xampp\Desktop\mdcnpal\htdocs\public_html\core\app.php on line 434
[2026-07-06 18:15:05] Creation of dynamic property app::$rs_blog is deprecated in C:\xampp\Desktop\mdcnpal\htdocs\public_html\core\app.php on line 434
[2026-07-06 18:15:05] Creation of dynamic property app::$rs_category is deprecated in C:\xampp\Desktop\mdcnpal\htdocs\public_html\core\app.php on line 434
[2026-07-06 18:15:05] Creation of dynamic property app::$rs_faq_data is deprecated in C:\xampp\Desktop\mdcnpal\htdocs\public_html\core\app.php on line 434
[2026-07-06 18:15:05] Creation of dynamic property app::$rs_gallery_data is deprecated in C:\xampp\Desktop\mdcnpal\htdocs\public_html\core\app.php on line 434
[2026-07-06 18:15:05] Undefined property: app::$rs_cartmini in C:\xampp\Desktop\mdcnpal\htdocs\public_html\includes\header.php on line 131
[2026-07-06 18:15:05] Undefined array key "MDRCCustID" in C:\xampp\Desktop\mdcnpal\htdocs\public_html\includes\header.php on line 134
[2026-07-06 18:15:05] Undefined property: app::$rs_cartmini in C:\xampp\Desktop\mdcnpal\htdocs\public_html\includes\header.php on line 197
[2026-07-06 18:15:05] Undefined array key "MDRCCustID" in C:\xampp\Desktop\mdcnpal\htdocs\public_html\includes\header.php on line 200
[2026-07-06 18:15:05] Undefined property: app::$rs_cartmini in C:\xampp\Desktop\mdcnpal\htdocs\public_html\includes\header.php on line 469
[2026-07-06 18:15:05] Undefined array key "MDRCCustID" in C:\xampp\Desktop\mdcnpal\htdocs\public_html\includes\header.php on line 472
[2026-07-06 18:15:05] Undefined property: app::$rs_cartmini in C:\xampp\Desktop\mdcnpal\htdocs\public_html\includes\header.php on line 525
[2026-07-06 18:15:05] Undefined array key "MDRCCustID" in C:\xampp\Desktop\mdcnpal\htdocs\public_html\includes\header.php on line 528
[2026-07-06 18:15:05] Undefined property: app::$rs_customer in C:\xampp\Desktop\mdcnpal\htdocs\public_html\includes\header.php on line 712
[2026-07-06 18:15:05] Trying to access array offset on value of type null in C:\xampp\Desktop\mdcnpal\htdocs\public_html\includes\header.php on line 712
[2026-07-06 18:15:05] Undefined property: app::$rs_customer in C:\xampp\Desktop\mdcnpal\htdocs\public_html\includes\header.php on line 721
[2026-07-06 18:15:05] Trying to access array offset on value of type null in C:\xampp\Desktop\mdcnpal\htdocs\public_html\includes\header.php on line 721
[2026-07-06 18:15:05] Undefined property: app::$rs_customer in C:\xampp\Desktop\mdcnpal\htdocs\public_html\includes\header.php on line 730
[2026-07-06 18:15:05] Trying to access array offset on value of type null in C:\xampp\Desktop\mdcnpal\htdocs\public_html\includes\header.php on line 730
[2026-07-06 18:15:05] Undefined property: app::$rs_customer in C:\xampp\Desktop\mdcnpal\htdocs\public_html\includes\header.php on line 739
[2026-07-06 18:15:05] Trying to access array offset on value of type null in C:\xampp\Desktop\mdcnpal\htdocs\public_html\includes\header.php on line 739
[2026-07-06 18:15:05] Undefined variable $g_search_query in C:\xampp\Desktop\mdcnpal\htdocs\public_html\core\app.php(565) : eval()'d code on line 219
[2026-07-06 18:15:05] Undefined variable $department_cond in C:\xampp\Desktop\mdcnpal\htdocs\public_html\core\app.php(565) : eval()'d code on line 219
[2026-07-06 18:15:05] Undefined variable $type_cond in C:\xampp\Desktop\mdcnpal\htdocs\public_html\core\app.php(565) : eval()'d code on line 219
[2026-07-06 18:15:05] Undefined variable $dieses_cond in C:\xampp\Desktop\mdcnpal\htdocs\public_html\core\app.php(565) : eval()'d code on line 219
[2026-07-06 18:15:05] Undefined variable $popular_pack_cond in C:\xampp\Desktop\mdcnpal\htdocs\public_html\core\app.php(565) : eval()'d code on line 219
[2026-07-06 18:15:05] Undefined variable $g_search_query in C:\xampp\Desktop\mdcnpal\htdocs\public_html\core\app.php(565) : eval()'d code on line 219
[2026-07-06 18:15:05] Undefined variable $department_cond in C:\xampp\Desktop\mdcnpal\htdocs\public_html\core\app.php(565) : eval()'d code on line 219
[2026-07-06 18:15:05] Undefined variable $type_cond in C:\xampp\Desktop\mdcnpal\htdocs\public_html\core\app.php(565) : eval()'d code on line 219
[2026-07-06 18:15:05] Undefined variable $dieses_cond in C:\xampp\Desktop\mdcnpal\htdocs\public_html\core\app.php(565) : eval()'d code on line 219
[2026-07-06 18:15:05] Undefined variable $popular_pack_cond in C:\xampp\Desktop\mdcnpal\htdocs\public_html\core\app.php(565) : eval()'d code on line 219
[2026-07-06 18:15:05] Undefined variable $g_search_query in C:\xampp\Desktop\mdcnpal\htdocs\public_html\core\app.php(565) : eval()'d code on line 219
[2026-07-06 18:15:05] Undefined variable $department_cond in C:\xampp\Desktop\mdcnpal\htdocs\public_html\core\app.php(565) : eval()'d code on line 219
[2026-07-06 18:15:05] Undefined variable $type_cond in C:\xampp\Desktop\mdcnpal\htdocs\public_html\core\app.php(565) : eval()'d code on line 219
[2026-07-06 18:15:05] Undefined variable $dieses_cond in C:\xampp\Desktop\mdcnpal\htdocs\public_html\core\app.php(565) : eval()'d code on line 219
[2026-07-06 18:15:05] Undefined variable $popular_pack_cond in C:\xampp\Desktop\mdcnpal\htdocs\public_html\core\app.php(565) : eval()'d code on line 219
[2026-07-06 18:15:05] Undefined variable $g_search_query in C:\xampp\Desktop\mdcnpal\htdocs\public_html\core\app.php(565) : eval()'d code on line 219
[2026-07-06 18:15:05] Undefined variable $department_cond in C:\xampp\Desktop\mdcnpal\htdocs\public_html\core\app.php(565) : eval()'d code on line 219
[2026-07-06 18:15:05] Undefined variable $type_cond in C:\xampp\Desktop\mdcnpal\htdocs\public_html\core\app.php(565) : eval()'d code on line 219
[2026-07-06 18:15:05] Undefined variable $dieses_cond in C:\xampp\Desktop\mdcnpal\htdocs\public_html\core\app.php(565) : eval()'d code on line 219
[2026-07-06 18:15:05] Undefined variable $popular_pack_cond in C:\xampp\Desktop\mdcnpal\htdocs\public_html\core\app.php(565) : eval()'d code on line 219
[2026-07-06 18:15:05] Undefined variable $g_search_query in C:\xampp\Desktop\mdcnpal\htdocs\public_html\core\app.php(565) : eval()'d code on line 219
[2026-07-06 18:15:05] Undefined variable $department_cond in C:\xampp\Desktop\mdcnpal\htdocs\public_html\core\app.php(565) : eval()'d code on line 219
[2026-07-06 18:15:05] Undefined variable $type_cond in C:\xampp\Desktop\mdcnpal\htdocs\public_html\core\app.php(565) : eval()'d code on line 219
[2026-07-06 18:15:05] Undefined variable $dieses_cond in C:\xampp\Desktop\mdcnpal\htdocs\public_html\core\app.php(565) : eval()'d code on line 219
[2026-07-06 18:15:05] Undefined variable $popular_pack_cond in C:\xampp\Desktop\mdcnpal\htdocs\public_html\core\app.php(565) : eval()'d code on line 219
[2026-07-06 18:15:05] Undefined property: app::$rs_customer in C:\xampp\Desktop\mdcnpal\htdocs\public_html\includes\footer.php on line 357
[2026-07-06 18:15:05] Trying to access array offset on value of type null in C:\xampp\Desktop\mdcnpal\htdocs\public_html\includes\footer.php on line 357
[2026-07-06 18:15:05] Undefined property: app::$rs_customer in C:\xampp\Desktop\mdcnpal\htdocs\public_html\includes\footer.php on line 366
[2026-07-06 18:15:05] Trying to access array offset on value of type null in C:\xampp\Desktop\mdcnpal\htdocs\public_html\includes\footer.php on line 366
[2026-07-06 18:15:05] Undefined property: app::$rs_customer in C:\xampp\Desktop\mdcnpal\htdocs\public_html\includes\footer.php on line 372
[2026-07-06 18:15:05] Trying to access array offset on value of type null in C:\xampp\Desktop\mdcnpal\htdocs\public_html\includes\footer.php on line 372
[2026-07-06 18:15:05] Undefined property: app::$rs_customer in C:\xampp\Desktop\mdcnpal\htdocs\public_html\includes\general_data.php on line 88
[2026-07-06 18:15:05] Trying to access array offset on value of type null in C:\xampp\Desktop\mdcnpal\htdocs\public_html\includes\general_data.php on line 88
[2026-07-06 18:15:05] Undefined array key "MDRCCustID" in C:\xampp\Desktop\mdcnpal\htdocs\public_html\includes\general_data.php on line 88
[2026-07-06 18:15:05] Undefined variable $tmpStr in C:\xampp\Desktop\mdcnpal\htdocs\public_html\core\app.php on line 971
[2026-07-06 18:15:05] Creation of dynamic property dbclass::$RECORD_SET is deprecated in C:\xampp\Desktop\mdcnpal\htdocs\public_html\core\dbclass.php on line 69
[2026-07-06 18:15:05] Creation of dynamic property dbclass::$app is deprecated in C:\xampp\Desktop\mdcnpal\htdocs\public_html\core\dbclass.php on line 75
[2026-07-06 18:15:05] Creation of dynamic property model::$foreign_tables is deprecated in C:\xampp\Desktop\mdcnpal\htdocs\public_html\core\model.php on line 43
[2026-07-06 18:15:05] Creation of dynamic property app::$inputfilter is deprecated in C:\xampp\Desktop\mdcnpal\htdocs\public_html\core\app.php on line 123
[2026-07-06 18:15:05] Creation of dynamic property app::$userconfig is deprecated in C:\xampp\Desktop\mdcnpal\htdocs\public_html\core\app.php on line 124
[2026-07-06 18:15:05] Creation of dynamic property app::$global_include is deprecated in C:\xampp\Desktop\mdcnpal\htdocs\public_html\core\app.php on line 125
[2026-07-06 18:15:05] Creation of dynamic property app::$set_cache_time is deprecated in C:\xampp\Desktop\mdcnpal\htdocs\public_html\core\app.php on line 153
[2026-07-06 18:15:05] Undefined array key "cityID" in C:\xampp\Desktop\mdcnpal\htdocs\public_html\core\global_include.php on line 381
[2026-07-06 18:15:05] Undefined array key "cityID" in C:\xampp\Desktop\mdcnpal\htdocs\public_html\core\global_include.php on line 416
[2026-07-06 18:15:05] Creation of dynamic property app::$meta is deprecated in C:\xampp\Desktop\mdcnpal\htdocs\public_html\core\app.php on line 434
[2026-07-06 18:15:05] Creation of dynamic property app::$rs_gs_city is deprecated in C:\xampp\Desktop\mdcnpal\htdocs\public_html\core\app.php on line 434
[2026-07-06 18:15:05] Undefined array key "cityID" in C:\xampp\Desktop\mdcnpal\htdocs\public_html\core\global_include.php on line 468
[2026-07-06 18:15:06] Creation of dynamic property app::$rs_footer_popular_item is deprecated in C:\xampp\Desktop\mdcnpal\htdocs\public_html\core\app.php on line 434
[2026-07-06 18:15:06] Creation of dynamic property app::$rs_footer_popular_test is deprecated in C:\xampp\Desktop\mdcnpal\htdocs\public_html\core\app.php on line 434
[2026-07-06 18:15:06] Creation of dynamic property app::$rs_testimonial is deprecated in C:\xampp\Desktop\mdcnpal\htdocs\public_html\core\app.php on line 434
[2026-07-06 18:15:06] Creation of dynamic property app::$admin is deprecated in C:\xampp\Desktop\mdcnpal\htdocs\public_html\core\app.php on line 434
[2026-07-06 18:15:06] Undefined array key 0 in C:\xampp\Desktop\mdcnpal\htdocs\public_html\core\global_include.php on line 514
[2026-07-06 18:15:06] Creation of dynamic property app::$popup is deprecated in C:\xampp\Desktop\mdcnpal\htdocs\public_html\core\app.php on line 434
[2026-07-06 18:15:06] Undefined array key "MDRCCustID" in C:\xampp\Desktop\mdcnpal\htdocs\public_html\core\global_include.php on line 515
[2026-07-06 18:15:06] Undefined array key "MDRCToken" in C:\xampp\Desktop\mdcnpal\htdocs\public_html\core\global_include.php on line 515
[2026-07-06 18:15:06] Creation of dynamic property app::$rscategory is deprecated in C:\xampp\Desktop\mdcnpal\htdocs\public_html\core\app.php on line 434
[2026-07-06 18:15:06] Creation of dynamic property app::$rs_pages is deprecated in C:\xampp\Desktop\mdcnpal\htdocs\public_html\core\app.php on line 434
[2026-07-06 18:15:06] Creation of dynamic property app::$gs is deprecated in C:\xampp\Desktop\mdcnpal\htdocs\public_html\core\app.php on line 434
[2026-07-06 18:15:06] Undefined array key "MDRCCustID" in C:\xampp\Desktop\mdcnpal\htdocs\public_html\core\global_include.php on line 596
[2026-07-06 18:15:06] Undefined array key "MDRCCustID" in C:\xampp\Desktop\mdcnpal\htdocs\public_html\core\global_include.php on line 615
[2026-07-06 18:15:06] Undefined variable $getId in C:\xampp\Desktop\mdcnpal\htdocs\public_html\core\global_include.php on line 684
[2026-07-06 18:15:06] Undefined variable $getName in C:\xampp\Desktop\mdcnpal\htdocs\public_html\core\global_include.php on line 685
[2026-07-06 18:15:06] Undefined array key 0 in C:\xampp\Desktop\mdcnpal\htdocs\public_html\core\global_include.php on line 810
[2026-07-06 18:15:06] Creation of dynamic property app::$rs_offer_msg is deprecated in C:\xampp\Desktop\mdcnpal\htdocs\public_html\core\app.php on line 434
[2026-07-06 18:15:06] Creation of dynamic property app::$rs_for_doctors is deprecated in C:\xampp\Desktop\mdcnpal\htdocs\public_html\core\app.php on line 434
[2026-07-06 18:15:06] Creation of dynamic property app::$rs_blog_category is deprecated in C:\xampp\Desktop\mdcnpal\htdocs\public_html\core\app.php on line 434
[2026-07-06 18:15:06] Creation of dynamic property app::$array_bread is deprecated in C:\xampp\Desktop\mdcnpal\htdocs\public_html\core\app.php on line 434
[2026-07-06 18:15:06] Creation of dynamic property app::$CatId is deprecated in C:\xampp\Desktop\mdcnpal\htdocs\public_html\core\app.php on line 434
[2026-07-06 18:15:06] Creation of dynamic property app::$TagId is deprecated in C:\xampp\Desktop\mdcnpal\htdocs\public_html\core\app.php on line 434
[2026-07-06 18:15:06] Creation of dynamic property app::$rs_data is deprecated in C:\xampp\Desktop\mdcnpal\htdocs\public_html\core\app.php on line 434
[2026-07-06 18:15:06] Undefined array key "tempCityID" in C:\xampp\Desktop\mdcnpal\htdocs\public_html\includes\header.php on line 5
[2026-07-06 18:15:06] Undefined array key "items" in C:\xampp\Desktop\mdcnpal\htdocs\public_html\includes\header.php on line 16
[2026-07-06 18:15:06] Undefined array key "item_category" in C:\xampp\Desktop\mdcnpal\htdocs\public_html\includes\header.php on line 26
[2026-07-06 18:15:06] Undefined array key "item_diseases" in C:\xampp\Desktop\mdcnpal\htdocs\public_html\includes\header.php on line 33
[2026-07-06 18:15:06] Undefined property: app::$rs_cartmini in C:\xampp\Desktop\mdcnpal\htdocs\public_html\includes\header.php on line 131
[2026-07-06 18:15:06] Undefined array key "MDRCCustID" in C:\xampp\Desktop\mdcnpal\htdocs\public_html\includes\header.php on line 134
[2026-07-06 18:15:06] Undefined property: app::$rs_cartmini in C:\xampp\Desktop\mdcnpal\htdocs\public_html\includes\header.php on line 197
[2026-07-06 18:15:06] Undefined array key "MDRCCustID" in C:\xampp\Desktop\mdcnpal\htdocs\public_html\includes\header.php on line 200
[2026-07-06 18:15:06] Undefined property: app::$rs_cartmini in C:\xampp\Desktop\mdcnpal\htdocs\public_html\includes\header.php on line 469
[2026-07-06 18:15:06] Undefined array key "MDRCCustID" in C:\xampp\Desktop\mdcnpal\htdocs\public_html\includes\header.php on line 472
[2026-07-06 18:15:06] Undefined property: app::$rs_cartmini in C:\xampp\Desktop\mdcnpal\htdocs\public_html\includes\header.php on line 525
[2026-07-06 18:15:06] Undefined array key "MDRCCustID" in C:\xampp\Desktop\mdcnpal\htdocs\public_html\includes\header.php on line 528
[2026-07-06 18:15:06] Undefined property: app::$rs_customer in C:\xampp\Desktop\mdcnpal\htdocs\public_html\includes\header.php on line 712
[2026-07-06 18:15:06] Trying to access array offset on value of type null in C:\xampp\Desktop\mdcnpal\htdocs\public_html\includes\header.php on line 712
[2026-07-06 18:15:06] Undefined property: app::$rs_customer in C:\xampp\Desktop\mdcnpal\htdocs\public_html\includes\header.php on line 721
[2026-07-06 18:15:06] Trying to access array offset on value of type null in C:\xampp\Desktop\mdcnpal\htdocs\public_html\includes\header.php on line 721
[2026-07-06 18:15:06] Undefined property: app::$rs_customer in C:\xampp\Desktop\mdcnpal\htdocs\public_html\includes\header.php on line 730
[2026-07-06 18:15:06] Trying to access array offset on value of type null in C:\xampp\Desktop\mdcnpal\htdocs\public_html\includes\header.php on line 730
[2026-07-06 18:15:06] Undefined property: app::$rs_customer in C:\xampp\Desktop\mdcnpal\htdocs\public_html\includes\header.php on line 739
[2026-07-06 18:15:06] Trying to access array offset on value of type null in C:\xampp\Desktop\mdcnpal\htdocs\public_html\includes\header.php on line 739
[2026-07-06 18:15:06] Undefined property: app::$rs_customer in C:\xampp\Desktop\mdcnpal\htdocs\public_html\includes\footer.php on line 357
[2026-07-06 18:15:06] Trying to access array offset on value of type null in C:\xampp\Desktop\mdcnpal\htdocs\public_html\includes\footer.php on line 357
[2026-07-06 18:15:06] Undefined property: app::$rs_customer in C:\xampp\Desktop\mdcnpal\htdocs\public_html\includes\footer.php on line 366
[2026-07-06 18:15:06] Trying to access array offset on value of type null in C:\xampp\Desktop\mdcnpal\htdocs\public_html\includes\footer.php on line 366
[2026-07-06 18:15:06] Undefined property: app::$rs_customer in C:\xampp\Desktop\mdcnpal\htdocs\public_html\includes\footer.php on line 372
[2026-07-06 18:15:06] Trying to access array offset on value of type null in C:\xampp\Desktop\mdcnpal\htdocs\public_html\includes\footer.php on line 372
[2026-07-06 18:15:06] Undefined property: app::$rs_customer in C:\xampp\Desktop\mdcnpal\htdocs\public_html\includes\general_data.php on line 88
[2026-07-06 18:15:06] Trying to access array offset on value of type null in C:\xampp\Desktop\mdcnpal\htdocs\public_html\includes\general_data.php on line 88
[2026-07-06 18:15:06] Undefined array key "MDRCCustID" in C:\xampp\Desktop\mdcnpal\htdocs\public_html\includes\general_data.php on line 88
[2026-07-06 18:15:06] Undefined variable $tmpStr in C:\xampp\Desktop\mdcnpal\htdocs\public_html\core\app.php on line 971
[2026-07-06 18:15:07] Creation of dynamic property dbclass::$RECORD_SET is deprecated in C:\xampp\Desktop\mdcnpal\htdocs\public_html\core\dbclass.php on line 69
[2026-07-06 18:15:07] Creation of dynamic property dbclass::$app is deprecated in C:\xampp\Desktop\mdcnpal\htdocs\public_html\core\dbclass.php on line 75
[2026-07-06 18:15:07] Creation of dynamic property model::$foreign_tables is deprecated in C:\xampp\Desktop\mdcnpal\htdocs\public_html\core\model.php on line 43
[2026-07-06 18:15:07] Creation of dynamic property app::$inputfilter is deprecated in C:\xampp\Desktop\mdcnpal\htdocs\public_html\core\app.php on line 123
[2026-07-06 18:15:07] Creation of dynamic property app::$userconfig is deprecated in C:\xampp\Desktop\mdcnpal\htdocs\public_html\core\app.php on line 124
[2026-07-06 18:15:07] Creation of dynamic property app::$global_include is deprecated in C:\xampp\Desktop\mdcnpal\htdocs\public_html\core\app.php on line 125
[2026-07-06 18:15:07] Creation of dynamic property app::$set_cache_time is deprecated in C:\xampp\Desktop\mdcnpal\htdocs\public_html\core\app.php on line 153
[2026-07-06 18:15:07] Undefined array key "cityID" in C:\xampp\Desktop\mdcnpal\htdocs\public_html\core\global_include.php on line 381
[2026-07-06 18:15:07] Undefined array key "cityID" in C:\xampp\Desktop\mdcnpal\htdocs\public_html\core\global_include.php on line 416
[2026-07-06 18:15:07] Creation of dynamic property app::$meta is deprecated in C:\xampp\Desktop\mdcnpal\htdocs\public_html\core\app.php on line 434
[2026-07-06 18:15:07] Creation of dynamic property app::$rs_gs_city is deprecated in C:\xampp\Desktop\mdcnpal\htdocs\public_html\core\app.php on line 434
[2026-07-06 18:15:07] Undefined array key "cityID" in C:\xampp\Desktop\mdcnpal\htdocs\public_html\core\global_include.php on line 468
[2026-07-06 18:15:07] Creation of dynamic property app::$rs_footer_popular_item is deprecated in C:\xampp\Desktop\mdcnpal\htdocs\public_html\core\app.php on line 434
[2026-07-06 18:15:07] Creation of dynamic property app::$rs_footer_popular_test is deprecated in C:\xampp\Desktop\mdcnpal\htdocs\public_html\core\app.php on line 434
[2026-07-06 18:15:07] Creation of dynamic property app::$rs_testimonial is deprecated in C:\xampp\Desktop\mdcnpal\htdocs\public_html\core\app.php on line 434
[2026-07-06 18:15:07] Creation of dynamic property app::$admin is deprecated in C:\xampp\Desktop\mdcnpal\htdocs\public_html\core\app.php on line 434
[2026-07-06 18:15:07] Undefined array key 0 in C:\xampp\Desktop\mdcnpal\htdocs\public_html\core\global_include.php on line 514
[2026-07-06 18:15:07] Creation of dynamic property app::$popup is deprecated in C:\xampp\Desktop\mdcnpal\htdocs\public_html\core\app.php on line 434
[2026-07-06 18:15:07] Undefined array key "MDRCCustID" in C:\xampp\Desktop\mdcnpal\htdocs\public_html\core\global_include.php on line 515
[2026-07-06 18:15:07] Undefined array key "MDRCToken" in C:\xampp\Desktop\mdcnpal\htdocs\public_html\core\global_include.php on line 515
[2026-07-06 18:15:07] Creation of dynamic property app::$rscategory is deprecated in C:\xampp\Desktop\mdcnpal\htdocs\public_html\core\app.php on line 434
[2026-07-06 18:15:07] Creation of dynamic property app::$rs_pages is deprecated in C:\xampp\Desktop\mdcnpal\htdocs\public_html\core\app.php on line 434
[2026-07-06 18:15:07] Creation of dynamic property app::$gs is deprecated in C:\xampp\Desktop\mdcnpal\htdocs\public_html\core\app.php on line 434
[2026-07-06 18:15:07] Undefined array key "MDRCCustID" in C:\xampp\Desktop\mdcnpal\htdocs\public_html\core\global_include.php on line 596
[2026-07-06 18:15:07] Undefined array key "MDRCCustID" in C:\xampp\Desktop\mdcnpal\htdocs\public_html\core\global_include.php on line 615
[2026-07-06 18:15:07] Undefined variable $getId in C:\xampp\Desktop\mdcnpal\htdocs\public_html\core\global_include.php on line 684
[2026-07-06 18:15:07] Undefined variable $getName in C:\xampp\Desktop\mdcnpal\htdocs\public_html\core\global_include.php on line 685
[2026-07-06 18:15:07] Undefined array key 0 in C:\xampp\Desktop\mdcnpal\htdocs\public_html\core\global_include.php on line 810
[2026-07-06 18:15:07] Creation of dynamic property app::$rs_offer_msg is deprecated in C:\xampp\Desktop\mdcnpal\htdocs\public_html\core\app.php on line 434
[2026-07-06 18:15:07] Creation of dynamic property app::$rs_for_doctors is deprecated in C:\xampp\Desktop\mdcnpal\htdocs\public_html\core\app.php on line 434
[2026-07-06 18:15:07] Creation of dynamic property app::$array_bread is deprecated in C:\xampp\Desktop\mdcnpal\htdocs\public_html\core\app.php on line 434
[2026-07-06 18:15:07] Creation of dynamic property app::$CatId is deprecated in C:\xampp\Desktop\mdcnpal\htdocs\public_html\core\app.php on line 434
[2026-07-06 18:15:07] Creation of dynamic property app::$TagId is deprecated in C:\xampp\Desktop\mdcnpal\htdocs\public_html\core\app.php on line 434
[2026-07-06 18:15:07] Creation of dynamic property app::$rs_data is deprecated in C:\xampp\Desktop\mdcnpal\htdocs\public_html\core\app.php on line 434
[2026-07-06 18:15:07] Undefined array key "tempCityID" in C:\xampp\Desktop\mdcnpal\htdocs\public_html\includes\header.php on line 5
[2026-07-06 18:15:07] Undefined array key "items" in C:\xampp\Desktop\mdcnpal\htdocs\public_html\includes\header.php on line 16
[2026-07-06 18:15:07] Undefined array key "item_category" in C:\xampp\Desktop\mdcnpal\htdocs\public_html\includes\header.php on line 26
[2026-07-06 18:15:07] Undefined array key "item_diseases" in C:\xampp\Desktop\mdcnpal\htdocs\public_html\includes\header.php on line 33
[2026-07-06 18:15:07] Undefined property: app::$rs_cartmini in C:\xampp\Desktop\mdcnpal\htdocs\public_html\includes\header.php on line 131
[2026-07-06 18:15:07] Undefined array key "MDRCCustID" in C:\xampp\Desktop\mdcnpal\htdocs\public_html\includes\header.php on line 134
[2026-07-06 18:15:07] Undefined property: app::$rs_cartmini in C:\xampp\Desktop\mdcnpal\htdocs\public_html\includes\header.php on line 197
[2026-07-06 18:15:07] Undefined array key "MDRCCustID" in C:\xampp\Desktop\mdcnpal\htdocs\public_html\includes\header.php on line 200
[2026-07-06 18:15:07] Undefined property: app::$rs_cartmini in C:\xampp\Desktop\mdcnpal\htdocs\public_html\includes\header.php on line 469
[2026-07-06 18:15:07] Undefined array key "MDRCCustID" in C:\xampp\Desktop\mdcnpal\htdocs\public_html\includes\header.php on line 472
[2026-07-06 18:15:07] Undefined property: app::$rs_cartmini in C:\xampp\Desktop\mdcnpal\htdocs\public_html\includes\header.php on line 525
[2026-07-06 18:15:07] Undefined array key "MDRCCustID" in C:\xampp\Desktop\mdcnpal\htdocs\public_html\includes\header.php on line 528
[2026-07-06 18:15:07] Undefined property: app::$rs_customer in C:\xampp\Desktop\mdcnpal\htdocs\public_html\includes\header.php on line 712
[2026-07-06 18:15:07] Trying to access array offset on value of type null in C:\xampp\Desktop\mdcnpal\htdocs\public_html\includes\header.php on line 712
[2026-07-06 18:15:07] Undefined property: app::$rs_customer in C:\xampp\Desktop\mdcnpal\htdocs\public_html\includes\header.php on line 721
[2026-07-06 18:15:07] Trying to access array offset on value of type null in C:\xampp\Desktop\mdcnpal\htdocs\public_html\includes\header.php on line 721
[2026-07-06 18:15:07] Undefined property: app::$rs_customer in C:\xampp\Desktop\mdcnpal\htdocs\public_html\includes\header.php on line 730
[2026-07-06 18:15:07] Trying to access array offset on value of type null in C:\xampp\Desktop\mdcnpal\htdocs\public_html\includes\header.php on line 730
[2026-07-06 18:15:07] Undefined property: app::$rs_customer in C:\xampp\Desktop\mdcnpal\htdocs\public_html\includes\header.php on line 739
[2026-07-06 18:15:07] Trying to access array offset on value of type null in C:\xampp\Desktop\mdcnpal\htdocs\public_html\includes\header.php on line 739
[2026-07-06 18:15:07] Undefined property: app::$rs_customer in C:\xampp\Desktop\mdcnpal\htdocs\public_html\includes\footer.php on line 357
[2026-07-06 18:15:07] Trying to access array offset on value of type null in C:\xampp\Desktop\mdcnpal\htdocs\public_html\includes\footer.php on line 357
[2026-07-06 18:15:07] Undefined property: app::$rs_customer in C:\xampp\Desktop\mdcnpal\htdocs\public_html\includes\footer.php on line 366
[2026-07-06 18:15:07] Trying to access array offset on value of type null in C:\xampp\Desktop\mdcnpal\htdocs\public_html\includes\footer.php on line 366
[2026-07-06 18:15:07] Undefined property: app::$rs_customer in C:\xampp\Desktop\mdcnpal\htdocs\public_html\includes\footer.php on line 372
[2026-07-06 18:15:07] Trying to access array offset on value of type null in C:\xampp\Desktop\mdcnpal\htdocs\public_html\includes\footer.php on line 372
[2026-07-06 18:15:07] Undefined property: app::$rs_customer in C:\xampp\Desktop\mdcnpal\htdocs\public_html\includes\general_data.php on line 88
[2026-07-06 18:15:07] Trying to access array offset on value of type null in C:\xampp\Desktop\mdcnpal\htdocs\public_html\includes\general_data.php on line 88
[2026-07-06 18:15:07] Undefined array key "MDRCCustID" in C:\xampp\Desktop\mdcnpal\htdocs\public_html\includes\general_data.php on line 88
[2026-07-06 18:15:07] Undefined variable $tmpStr in C:\xampp\Desktop\mdcnpal\htdocs\public_html\core\app.php on line 971
[2026-07-06 18:15:09] Creation of dynamic property dbclass::$RECORD_SET is deprecated in C:\xampp\Desktop\mdcnpal\htdocs\public_html\core\dbclass.php on line 69
[2026-07-06 18:15:09] Creation of dynamic property dbclass::$app is deprecated in C:\xampp\Desktop\mdcnpal\htdocs\public_html\core\dbclass.php on line 75
[2026-07-06 18:15:09] Creation of dynamic property model::$foreign_tables is deprecated in C:\xampp\Desktop\mdcnpal\htdocs\public_html\core\model.php on line 43
[2026-07-06 18:15:09] Creation of dynamic property app::$inputfilter is deprecated in C:\xampp\Desktop\mdcnpal\htdocs\public_html\core\app.php on line 123
[2026-07-06 18:15:09] Creation of dynamic property app::$userconfig is deprecated in C:\xampp\Desktop\mdcnpal\htdocs\public_html\core\app.php on line 124
[2026-07-06 18:15:09] Creation of dynamic property app::$global_include is deprecated in C:\xampp\Desktop\mdcnpal\htdocs\public_html\core\app.php on line 125
[2026-07-06 18:15:09] Creation of dynamic property app::$set_cache_time is deprecated in C:\xampp\Desktop\mdcnpal\htdocs\public_html\core\app.php on line 153
[2026-07-06 18:15:09] Undefined variable $RESULT in C:\xampp\Desktop\mdcnpal\htdocs\public_html\scripts\ajax\selectCityUsingGoogleMapApi.php on line 69
[2026-07-06 18:15:09] Undefined variable $URL in C:\xampp\Desktop\mdcnpal\htdocs\public_html\scripts\ajax\selectCityUsingGoogleMapApi.php on line 73
[2026-07-06 18:15:11] Creation of dynamic property dbclass::$RECORD_SET is deprecated in C:\xampp\Desktop\mdcnpal\htdocs\public_html\core\dbclass.php on line 69
[2026-07-06 18:15:11] Creation of dynamic property dbclass::$app is deprecated in C:\xampp\Desktop\mdcnpal\htdocs\public_html\core\dbclass.php on line 75
[2026-07-06 18:15:11] Creation of dynamic property model::$foreign_tables is deprecated in C:\xampp\Desktop\mdcnpal\htdocs\public_html\core\model.php on line 43
[2026-07-06 18:15:11] Creation of dynamic property app::$inputfilter is deprecated in C:\xampp\Desktop\mdcnpal\htdocs\public_html\core\app.php on line 123
[2026-07-06 18:15:11] Creation of dynamic property app::$userconfig is deprecated in C:\xampp\Desktop\mdcnpal\htdocs\public_html\core\app.php on line 124
[2026-07-06 18:15:11] Creation of dynamic property app::$global_include is deprecated in C:\xampp\Desktop\mdcnpal\htdocs\public_html\core\app.php on line 125
[2026-07-06 18:15:11] Creation of dynamic property app::$set_cache_time is deprecated in C:\xampp\Desktop\mdcnpal\htdocs\public_html\core\app.php on line 153
[2026-07-06 18:15:11] Undefined array key "cityID" in C:\xampp\Desktop\mdcnpal\htdocs\public_html\core\global_include.php on line 381
[2026-07-06 18:15:11] Undefined array key "cityID" in C:\xampp\Desktop\mdcnpal\htdocs\public_html\core\global_include.php on line 416
[2026-07-06 18:15:11] Creation of dynamic property app::$meta is deprecated in C:\xampp\Desktop\mdcnpal\htdocs\public_html\core\app.php on line 434
[2026-07-06 18:15:11] Creation of dynamic property app::$rs_gs_city is deprecated in C:\xampp\Desktop\mdcnpal\htdocs\public_html\core\app.php on line 434
[2026-07-06 18:15:11] Undefined array key "cityID" in C:\xampp\Desktop\mdcnpal\htdocs\public_html\core\global_include.php on line 468
[2026-07-06 18:15:11] Creation of dynamic property app::$rs_footer_popular_item is deprecated in C:\xampp\Desktop\mdcnpal\htdocs\public_html\core\app.php on line 434
[2026-07-06 18:15:11] Creation of dynamic property app::$rs_footer_popular_test is deprecated in C:\xampp\Desktop\mdcnpal\htdocs\public_html\core\app.php on line 434
[2026-07-06 18:15:11] Creation of dynamic property app::$rs_testimonial is deprecated in C:\xampp\Desktop\mdcnpal\htdocs\public_html\core\app.php on line 434
[2026-07-06 18:15:11] Creation of dynamic property app::$admin is deprecated in C:\xampp\Desktop\mdcnpal\htdocs\public_html\core\app.php on line 434
[2026-07-06 18:15:11] Undefined array key 0 in C:\xampp\Desktop\mdcnpal\htdocs\public_html\core\global_include.php on line 514
[2026-07-06 18:15:11] Creation of dynamic property app::$popup is deprecated in C:\xampp\Desktop\mdcnpal\htdocs\public_html\core\app.php on line 434
[2026-07-06 18:15:11] Undefined array key "MDRCCustID" in C:\xampp\Desktop\mdcnpal\htdocs\public_html\core\global_include.php on line 515
[2026-07-06 18:15:11] Undefined array key "MDRCToken" in C:\xampp\Desktop\mdcnpal\htdocs\public_html\core\global_include.php on line 515
[2026-07-06 18:15:11] Creation of dynamic property app::$rscategory is deprecated in C:\xampp\Desktop\mdcnpal\htdocs\public_html\core\app.php on line 434
[2026-07-06 18:15:11] Creation of dynamic property app::$rs_pages is deprecated in C:\xampp\Desktop\mdcnpal\htdocs\public_html\core\app.php on line 434
[2026-07-06 18:15:11] Creation of dynamic property app::$gs is deprecated in C:\xampp\Desktop\mdcnpal\htdocs\public_html\core\app.php on line 434
[2026-07-06 18:15:11] Undefined array key "MDRCCustID" in C:\xampp\Desktop\mdcnpal\htdocs\public_html\core\global_include.php on line 596
[2026-07-06 18:15:11] Undefined array key "MDRCCustID" in C:\xampp\Desktop\mdcnpal\htdocs\public_html\core\global_include.php on line 615
[2026-07-06 18:15:11] Undefined variable $getId in C:\xampp\Desktop\mdcnpal\htdocs\public_html\core\global_include.php on line 684
[2026-07-06 18:15:11] Undefined variable $getName in C:\xampp\Desktop\mdcnpal\htdocs\public_html\core\global_include.php on line 685
[2026-07-06 18:15:11] Undefined array key 0 in C:\xampp\Desktop\mdcnpal\htdocs\public_html\core\global_include.php on line 810
[2026-07-06 18:15:11] Creation of dynamic property app::$rs_offer_msg is deprecated in C:\xampp\Desktop\mdcnpal\htdocs\public_html\core\app.php on line 434
[2026-07-06 18:15:11] Creation of dynamic property app::$rs_for_doctors is deprecated in C:\xampp\Desktop\mdcnpal\htdocs\public_html\core\app.php on line 434
[2026-07-06 18:15:11] Creation of dynamic property app::$rs_types is deprecated in C:\xampp\Desktop\mdcnpal\htdocs\public_html\core\app.php on line 434
[2026-07-06 18:15:11] Creation of dynamic property app::$rs_gallery_data is deprecated in C:\xampp\Desktop\mdcnpal\htdocs\public_html\core\app.php on line 434
[2026-07-06 18:15:11] Undefined array key "tempCityID" in C:\xampp\Desktop\mdcnpal\htdocs\public_html\includes\header.php on line 5
[2026-07-06 18:15:11] Undefined array key "items" in C:\xampp\Desktop\mdcnpal\htdocs\public_html\includes\header.php on line 16
[2026-07-06 18:15:11] Undefined array key "item_category" in C:\xampp\Desktop\mdcnpal\htdocs\public_html\includes\header.php on line 26
[2026-07-06 18:15:11] Undefined array key "item_diseases" in C:\xampp\Desktop\mdcnpal\htdocs\public_html\includes\header.php on line 33
[2026-07-06 18:15:11] Undefined property: app::$rs_cartmini in C:\xampp\Desktop\mdcnpal\htdocs\public_html\includes\header.php on line 131
[2026-07-06 18:15:11] Undefined array key "MDRCCustID" in C:\xampp\Desktop\mdcnpal\htdocs\public_html\includes\header.php on line 134
[2026-07-06 18:15:11] Undefined property: app::$rs_cartmini in C:\xampp\Desktop\mdcnpal\htdocs\public_html\includes\header.php on line 197
[2026-07-06 18:15:11] Undefined array key "MDRCCustID" in C:\xampp\Desktop\mdcnpal\htdocs\public_html\includes\header.php on line 200
[2026-07-06 18:15:11] Undefined property: app::$rs_cartmini in C:\xampp\Desktop\mdcnpal\htdocs\public_html\includes\header.php on line 469
[2026-07-06 18:15:11] Undefined array key "MDRCCustID" in C:\xampp\Desktop\mdcnpal\htdocs\public_html\includes\header.php on line 472
[2026-07-06 18:15:11] Undefined property: app::$rs_cartmini in C:\xampp\Desktop\mdcnpal\htdocs\public_html\includes\header.php on line 525
[2026-07-06 18:15:11] Undefined array key "MDRCCustID" in C:\xampp\Desktop\mdcnpal\htdocs\public_html\includes\header.php on line 528
[2026-07-06 18:15:11] Undefined property: app::$rs_customer in C:\xampp\Desktop\mdcnpal\htdocs\public_html\includes\header.php on line 712
[2026-07-06 18:15:11] Trying to access array offset on value of type null in C:\xampp\Desktop\mdcnpal\htdocs\public_html\includes\header.php on line 712
[2026-07-06 18:15:11] Undefined property: app::$rs_customer in C:\xampp\Desktop\mdcnpal\htdocs\public_html\includes\header.php on line 721
[2026-07-06 18:15:11] Trying to access array offset on value of type null in C:\xampp\Desktop\mdcnpal\htdocs\public_html\includes\header.php on line 721
[2026-07-06 18:15:11] Undefined property: app::$rs_customer in C:\xampp\Desktop\mdcnpal\htdocs\public_html\includes\header.php on line 730
[2026-07-06 18:15:11] Trying to access array offset on value of type null in C:\xampp\Desktop\mdcnpal\htdocs\public_html\includes\header.php on line 730
[2026-07-06 18:15:11] Undefined property: app::$rs_customer in C:\xampp\Desktop\mdcnpal\htdocs\public_html\includes\header.php on line 739
[2026-07-06 18:15:11] Trying to access array offset on value of type null in C:\xampp\Desktop\mdcnpal\htdocs\public_html\includes\header.php on line 739
[2026-07-06 18:15:11] Undefined property: app::$rs_customer in C:\xampp\Desktop\mdcnpal\htdocs\public_html\includes\footer.php on line 357
[2026-07-06 18:15:11] Trying to access array offset on value of type null in C:\xampp\Desktop\mdcnpal\htdocs\public_html\includes\footer.php on line 357
[2026-07-06 18:15:11] Undefined property: app::$rs_customer in C:\xampp\Desktop\mdcnpal\htdocs\public_html\includes\footer.php on line 366
[2026-07-06 18:15:11] Trying to access array offset on value of type null in C:\xampp\Desktop\mdcnpal\htdocs\public_html\includes\footer.php on line 366
[2026-07-06 18:15:11] Undefined property: app::$rs_customer in C:\xampp\Desktop\mdcnpal\htdocs\public_html\includes\footer.php on line 372
[2026-07-06 18:15:11] Trying to access array offset on value of type null in C:\xampp\Desktop\mdcnpal\htdocs\public_html\includes\footer.php on line 372
[2026-07-06 18:15:11] Undefined property: app::$rs_customer in C:\xampp\Desktop\mdcnpal\htdocs\public_html\includes\general_data.php on line 88
[2026-07-06 18:15:11] Trying to access array offset on value of type null in C:\xampp\Desktop\mdcnpal\htdocs\public_html\includes\general_data.php on line 88
[2026-07-06 18:15:11] Undefined array key "MDRCCustID" in C:\xampp\Desktop\mdcnpal\htdocs\public_html\includes\general_data.php on line 88
[2026-07-06 18:15:11] Undefined variable $tmpStr in C:\xampp\Desktop\mdcnpal\htdocs\public_html\core\app.php on line 971
[2026-07-06 18:15:14] Creation of dynamic property dbclass::$RECORD_SET is deprecated in C:\xampp\Desktop\mdcnpal\htdocs\public_html\core\dbclass.php on line 69
[2026-07-06 18:15:14] Creation of dynamic property dbclass::$app is deprecated in C:\xampp\Desktop\mdcnpal\htdocs\public_html\core\dbclass.php on line 75
[2026-07-06 18:15:14] Creation of dynamic property model::$foreign_tables is deprecated in C:\xampp\Desktop\mdcnpal\htdocs\public_html\core\model.php on line 43
[2026-07-06 18:15:14] Creation of dynamic property app::$inputfilter is deprecated in C:\xampp\Desktop\mdcnpal\htdocs\public_html\core\app.php on line 123
[2026-07-06 18:15:14] Creation of dynamic property app::$userconfig is deprecated in C:\xampp\Desktop\mdcnpal\htdocs\public_html\core\app.php on line 124
[2026-07-06 18:15:14] Creation of dynamic property app::$global_include is deprecated in C:\xampp\Desktop\mdcnpal\htdocs\public_html\core\app.php on line 125
[2026-07-06 18:15:14] Creation of dynamic property app::$set_cache_time is deprecated in C:\xampp\Desktop\mdcnpal\htdocs\public_html\core\app.php on line 153
[2026-07-06 18:15:14] Creation of dynamic property app::$meta is deprecated in C:\xampp\Desktop\mdcnpal\htdocs\public_html\core\app.php on line 434
[2026-07-06 18:15:14] Creation of dynamic property app::$rs_gs_city is deprecated in C:\xampp\Desktop\mdcnpal\htdocs\public_html\core\app.php on line 434
[2026-07-06 18:15:14] Creation of dynamic property app::$rs_footer_popular_item is deprecated in C:\xampp\Desktop\mdcnpal\htdocs\public_html\core\app.php on line 434
[2026-07-06 18:15:14] Creation of dynamic property app::$rs_footer_popular_test is deprecated in C:\xampp\Desktop\mdcnpal\htdocs\public_html\core\app.php on line 434
[2026-07-06 18:15:14] Creation of dynamic property app::$rs_testimonial is deprecated in C:\xampp\Desktop\mdcnpal\htdocs\public_html\core\app.php on line 434
[2026-07-06 18:15:14] Creation of dynamic property app::$admin is deprecated in C:\xampp\Desktop\mdcnpal\htdocs\public_html\core\app.php on line 434
[2026-07-06 18:15:14] Undefined array key 0 in C:\xampp\Desktop\mdcnpal\htdocs\public_html\core\global_include.php on line 514
[2026-07-06 18:15:14] Creation of dynamic property app::$popup is deprecated in C:\xampp\Desktop\mdcnpal\htdocs\public_html\core\app.php on line 434
[2026-07-06 18:15:14] Undefined array key "MDRCCustID" in C:\xampp\Desktop\mdcnpal\htdocs\public_html\core\global_include.php on line 515
[2026-07-06 18:15:14] Undefined array key "MDRCToken" in C:\xampp\Desktop\mdcnpal\htdocs\public_html\core\global_include.php on line 515
[2026-07-06 18:15:14] Creation of dynamic property app::$rscategory is deprecated in C:\xampp\Desktop\mdcnpal\htdocs\public_html\core\app.php on line 434
[2026-07-06 18:15:14] Creation of dynamic property app::$rs_pages is deprecated in C:\xampp\Desktop\mdcnpal\htdocs\public_html\core\app.php on line 434
[2026-07-06 18:15:14] Creation of dynamic property app::$gs is deprecated in C:\xampp\Desktop\mdcnpal\htdocs\public_html\core\app.php on line 434
[2026-07-06 18:15:14] Undefined array key "MDRCCustID" in C:\xampp\Desktop\mdcnpal\htdocs\public_html\core\global_include.php on line 596
[2026-07-06 18:15:14] Undefined array key "MDRCCustID" in C:\xampp\Desktop\mdcnpal\htdocs\public_html\core\global_include.php on line 615
[2026-07-06 18:15:14] Undefined variable $getId in C:\xampp\Desktop\mdcnpal\htdocs\public_html\core\global_include.php on line 684
[2026-07-06 18:15:14] Undefined variable $getName in C:\xampp\Desktop\mdcnpal\htdocs\public_html\core\global_include.php on line 685
[2026-07-06 18:15:14] Undefined array key 0 in C:\xampp\Desktop\mdcnpal\htdocs\public_html\core\global_include.php on line 810
[2026-07-06 18:15:14] Creation of dynamic property app::$rs_offer_msg is deprecated in C:\xampp\Desktop\mdcnpal\htdocs\public_html\core\app.php on line 434
[2026-07-06 18:15:14] Creation of dynamic property app::$rs_for_doctors is deprecated in C:\xampp\Desktop\mdcnpal\htdocs\public_html\core\app.php on line 434
[2026-07-06 18:15:14] Creation of dynamic property app::$rs_blog_category is deprecated in C:\xampp\Desktop\mdcnpal\htdocs\public_html\core\app.php on line 434
[2026-07-06 18:15:14] Creation of dynamic property app::$array_bread is deprecated in C:\xampp\Desktop\mdcnpal\htdocs\public_html\core\app.php on line 434
[2026-07-06 18:15:14] Creation of dynamic property app::$CatId is deprecated in C:\xampp\Desktop\mdcnpal\htdocs\public_html\core\app.php on line 434
[2026-07-06 18:15:14] Creation of dynamic property app::$TagId is deprecated in C:\xampp\Desktop\mdcnpal\htdocs\public_html\core\app.php on line 434
[2026-07-06 18:15:14] Creation of dynamic property app::$rs_data is deprecated in C:\xampp\Desktop\mdcnpal\htdocs\public_html\core\app.php on line 434
[2026-07-06 18:15:14] Undefined property: app::$rs_cartmini in C:\xampp\Desktop\mdcnpal\htdocs\public_html\includes\header.php on line 131
[2026-07-06 18:15:14] Undefined array key "MDRCCustID" in C:\xampp\Desktop\mdcnpal\htdocs\public_html\includes\header.php on line 134
[2026-07-06 18:15:14] Undefined property: app::$rs_cartmini in C:\xampp\Desktop\mdcnpal\htdocs\public_html\includes\header.php on line 197
[2026-07-06 18:15:14] Undefined array key "MDRCCustID" in C:\xampp\Desktop\mdcnpal\htdocs\public_html\includes\header.php on line 200
[2026-07-06 18:15:14] Undefined property: app::$rs_cartmini in C:\xampp\Desktop\mdcnpal\htdocs\public_html\includes\header.php on line 469
[2026-07-06 18:15:14] Undefined array key "MDRCCustID" in C:\xampp\Desktop\mdcnpal\htdocs\public_html\includes\header.php on line 472
[2026-07-06 18:15:14] Undefined property: app::$rs_cartmini in C:\xampp\Desktop\mdcnpal\htdocs\public_html\includes\header.php on line 525
[2026-07-06 18:15:14] Undefined array key "MDRCCustID" in C:\xampp\Desktop\mdcnpal\htdocs\public_html\includes\header.php on line 528
[2026-07-06 18:15:14] Undefined property: app::$rs_customer in C:\xampp\Desktop\mdcnpal\htdocs\public_html\includes\header.php on line 712
[2026-07-06 18:15:14] Trying to access array offset on value of type null in C:\xampp\Desktop\mdcnpal\htdocs\public_html\includes\header.php on line 712
[2026-07-06 18:15:14] Undefined property: app::$rs_customer in C:\xampp\Desktop\mdcnpal\htdocs\public_html\includes\header.php on line 721
[2026-07-06 18:15:14] Trying to access array offset on value of type null in C:\xampp\Desktop\mdcnpal\htdocs\public_html\includes\header.php on line 721
[2026-07-06 18:15:14] Undefined property: app::$rs_customer in C:\xampp\Desktop\mdcnpal\htdocs\public_html\includes\header.php on line 730
[2026-07-06 18:15:14] Trying to access array offset on value of type null in C:\xampp\Desktop\mdcnpal\htdocs\public_html\includes\header.php on line 730
[2026-07-06 18:15:14] Undefined property: app::$rs_customer in C:\xampp\Desktop\mdcnpal\htdocs\public_html\includes\header.php on line 739
[2026-07-06 18:15:14] Trying to access array offset on value of type null in C:\xampp\Desktop\mdcnpal\htdocs\public_html\includes\header.php on line 739
[2026-07-06 18:15:14] Undefined property: app::$rs_customer in C:\xampp\Desktop\mdcnpal\htdocs\public_html\includes\footer.php on line 357
[2026-07-06 18:15:14] Trying to access array offset on value of type null in C:\xampp\Desktop\mdcnpal\htdocs\public_html\includes\footer.php on line 357
[2026-07-06 18:15:14] Undefined property: app::$rs_customer in C:\xampp\Desktop\mdcnpal\htdocs\public_html\includes\footer.php on line 366
[2026-07-06 18:15:14] Trying to access array offset on value of type null in C:\xampp\Desktop\mdcnpal\htdocs\public_html\includes\footer.php on line 366
[2026-07-06 18:15:14] Undefined property: app::$rs_customer in C:\xampp\Desktop\mdcnpal\htdocs\public_html\includes\footer.php on line 372
[2026-07-06 18:15:14] Trying to access array offset on value of type null in C:\xampp\Desktop\mdcnpal\htdocs\public_html\includes\footer.php on line 372
[2026-07-06 18:15:14] Undefined property: app::$rs_customer in C:\xampp\Desktop\mdcnpal\htdocs\public_html\includes\general_data.php on line 88
[2026-07-06 18:15:14] Trying to access array offset on value of type null in C:\xampp\Desktop\mdcnpal\htdocs\public_html\includes\general_data.php on line 88
[2026-07-06 18:15:14] Undefined array key "MDRCCustID" in C:\xampp\Desktop\mdcnpal\htdocs\public_html\includes\general_data.php on line 88
[2026-07-06 18:15:14] Undefined variable $tmpStr in C:\xampp\Desktop\mdcnpal\htdocs\public_html\core\app.php on line 971
[2026-07-06 18:15:15] Creation of dynamic property dbclass::$RECORD_SET is deprecated in C:\xampp\Desktop\mdcnpal\htdocs\public_html\core\dbclass.php on line 69
[2026-07-06 18:15:15] Creation of dynamic property dbclass::$app is deprecated in C:\xampp\Desktop\mdcnpal\htdocs\public_html\core\dbclass.php on line 75
[2026-07-06 18:15:15] Creation of dynamic property model::$foreign_tables is deprecated in C:\xampp\Desktop\mdcnpal\htdocs\public_html\core\model.php on line 43
[2026-07-06 18:15:15] Creation of dynamic property app::$inputfilter is deprecated in C:\xampp\Desktop\mdcnpal\htdocs\public_html\core\app.php on line 123
[2026-07-06 18:15:15] Creation of dynamic property app::$userconfig is deprecated in C:\xampp\Desktop\mdcnpal\htdocs\public_html\core\app.php on line 124
[2026-07-06 18:15:15] Creation of dynamic property app::$global_include is deprecated in C:\xampp\Desktop\mdcnpal\htdocs\public_html\core\app.php on line 125
[2026-07-06 18:15:15] Creation of dynamic property app::$set_cache_time is deprecated in C:\xampp\Desktop\mdcnpal\htdocs\public_html\core\app.php on line 153
[06-Jul-2026 18:15:15 Asia/Kathmandu] PHP Fatal error:  Uncaught mysqli_sql_exception: Invalid character set was provided in C:\xampp\Desktop\mdcnpal\htdocs\public_html\scripts\ajax\get_blog.php:2
Stack trace:
#0 C:\xampp\Desktop\mdcnpal\htdocs\public_html\scripts\ajax\get_blog.php(2): mysqli_set_charset(Object(mysqli), 'utf-8')
#1 C:\xampp\Desktop\mdcnpal\htdocs\public_html\scripts\ajax\index.php(15): include('C:\\xampp\\Deskto...')
#2 {main}
  thrown in C:\xampp\Desktop\mdcnpal\htdocs\public_html\scripts\ajax\get_blog.php on line 2
[2026-07-06 18:15:16] Creation of dynamic property dbclass::$RECORD_SET is deprecated in C:\xampp\Desktop\mdcnpal\htdocs\public_html\core\dbclass.php on line 69
[2026-07-06 18:15:16] Creation of dynamic property dbclass::$app is deprecated in C:\xampp\Desktop\mdcnpal\htdocs\public_html\core\dbclass.php on line 75
[2026-07-06 18:15:16] Creation of dynamic property model::$foreign_tables is deprecated in C:\xampp\Desktop\mdcnpal\htdocs\public_html\core\model.php on line 43
[2026-07-06 18:15:16] Creation of dynamic property app::$inputfilter is deprecated in C:\xampp\Desktop\mdcnpal\htdocs\public_html\core\app.php on line 123
[2026-07-06 18:15:16] Creation of dynamic property app::$userconfig is deprecated in C:\xampp\Desktop\mdcnpal\htdocs\public_html\core\app.php on line 124
[2026-07-06 18:15:16] Creation of dynamic property app::$global_include is deprecated in C:\xampp\Desktop\mdcnpal\htdocs\public_html\core\app.php on line 125
[2026-07-06 18:15:16] Creation of dynamic property app::$set_cache_time is deprecated in C:\xampp\Desktop\mdcnpal\htdocs\public_html\core\app.php on line 153
[2026-07-06 18:15:16] Undefined variable $RESULT in C:\xampp\Desktop\mdcnpal\htdocs\public_html\scripts\ajax\selectCityUsingGoogleMapApi.php on line 69
[2026-07-06 18:15:16] Undefined variable $URL in C:\xampp\Desktop\mdcnpal\htdocs\public_html\scripts\ajax\selectCityUsingGoogleMapApi.php on line 73
[2026-07-06 18:15:46] Creation of dynamic property dbclass::$RECORD_SET is deprecated in C:\xampp\Desktop\mdcnpal\htdocs\public_html\core\dbclass.php on line 69
[2026-07-06 18:15:46] Creation of dynamic property dbclass::$app is deprecated in C:\xampp\Desktop\mdcnpal\htdocs\public_html\core\dbclass.php on line 75
[2026-07-06 18:15:46] Creation of dynamic property model::$foreign_tables is deprecated in C:\xampp\Desktop\mdcnpal\htdocs\public_html\core\model.php on line 43
[2026-07-06 18:15:46] Creation of dynamic property app::$inputfilter is deprecated in C:\xampp\Desktop\mdcnpal\htdocs\public_html\core\app.php on line 123
[2026-07-06 18:15:46] Creation of dynamic property app::$userconfig is deprecated in C:\xampp\Desktop\mdcnpal\htdocs\public_html\core\app.php on line 124
[2026-07-06 18:15:46] Creation of dynamic property app::$global_include is deprecated in C:\xampp\Desktop\mdcnpal\htdocs\public_html\core\app.php on line 125
[2026-07-06 18:15:46] Creation of dynamic property app::$set_cache_time is deprecated in C:\xampp\Desktop\mdcnpal\htdocs\public_html\core\app.php on line 153
[2026-07-06 18:16:47] Creation of dynamic property dbclass::$RECORD_SET is deprecated in C:\xampp\Desktop\mdcnpal\htdocs\public_html\core\dbclass.php on line 69
[2026-07-06 18:16:47] Creation of dynamic property dbclass::$app is deprecated in C:\xampp\Desktop\mdcnpal\htdocs\public_html\core\dbclass.php on line 75
[2026-07-06 18:16:47] Creation of dynamic property model::$foreign_tables is deprecated in C:\xampp\Desktop\mdcnpal\htdocs\public_html\core\model.php on line 43
[2026-07-06 18:16:47] Creation of dynamic property app::$inputfilter is deprecated in C:\xampp\Desktop\mdcnpal\htdocs\public_html\core\app.php on line 123
[2026-07-06 18:16:47] Creation of dynamic property app::$userconfig is deprecated in C:\xampp\Desktop\mdcnpal\htdocs\public_html\core\app.php on line 124
[2026-07-06 18:16:47] Creation of dynamic property app::$global_include is deprecated in C:\xampp\Desktop\mdcnpal\htdocs\public_html\core\app.php on line 125
[2026-07-06 18:16:47] Creation of dynamic property app::$set_cache_time is deprecated in C:\xampp\Desktop\mdcnpal\htdocs\public_html\core\app.php on line 153
[2026-07-06 18:16:47] Undefined array key "cityID" in C:\xampp\Desktop\mdcnpal\htdocs\public_html\core\global_include.php on line 381
[2026-07-06 18:16:47] Undefined array key "cityID" in C:\xampp\Desktop\mdcnpal\htdocs\public_html\core\global_include.php on line 416
[2026-07-06 18:16:47] Creation of dynamic property app::$meta is deprecated in C:\xampp\Desktop\mdcnpal\htdocs\public_html\core\app.php on line 434
[2026-07-06 18:16:47] Creation of dynamic property app::$rs_gs_city is deprecated in C:\xampp\Desktop\mdcnpal\htdocs\public_html\core\app.php on line 434
[2026-07-06 18:16:47] Undefined array key "cityID" in C:\xampp\Desktop\mdcnpal\htdocs\public_html\core\global_include.php on line 468
[2026-07-06 18:16:47] Creation of dynamic property app::$rs_footer_popular_item is deprecated in C:\xampp\Desktop\mdcnpal\htdocs\public_html\core\app.php on line 434
[2026-07-06 18:16:47] Creation of dynamic property app::$rs_footer_popular_test is deprecated in C:\xampp\Desktop\mdcnpal\htdocs\public_html\core\app.php on line 434
[2026-07-06 18:16:47] Creation of dynamic property app::$rs_testimonial is deprecated in C:\xampp\Desktop\mdcnpal\htdocs\public_html\core\app.php on line 434
[2026-07-06 18:16:47] Creation of dynamic property app::$admin is deprecated in C:\xampp\Desktop\mdcnpal\htdocs\public_html\core\app.php on line 434
[2026-07-06 18:16:47] Undefined array key 0 in C:\xampp\Desktop\mdcnpal\htdocs\public_html\core\global_include.php on line 514
[2026-07-06 18:16:47] Creation of dynamic property app::$popup is deprecated in C:\xampp\Desktop\mdcnpal\htdocs\public_html\core\app.php on line 434
[2026-07-06 18:16:47] Undefined array key "MDRCCustID" in C:\xampp\Desktop\mdcnpal\htdocs\public_html\core\global_include.php on line 515
[2026-07-06 18:16:47] Undefined array key "MDRCToken" in C:\xampp\Desktop\mdcnpal\htdocs\public_html\core\global_include.php on line 515
[2026-07-06 18:16:47] Creation of dynamic property app::$rscategory is deprecated in C:\xampp\Desktop\mdcnpal\htdocs\public_html\core\app.php on line 434
[2026-07-06 18:16:47] Creation of dynamic property app::$rs_pages is deprecated in C:\xampp\Desktop\mdcnpal\htdocs\public_html\core\app.php on line 434
[2026-07-06 18:16:47] Creation of dynamic property app::$gs is deprecated in C:\xampp\Desktop\mdcnpal\htdocs\public_html\core\app.php on line 434
[2026-07-06 18:16:47] Undefined array key "MDRCCustID" in C:\xampp\Desktop\mdcnpal\htdocs\public_html\core\global_include.php on line 596
[2026-07-06 18:16:47] Undefined array key "MDRCCustID" in C:\xampp\Desktop\mdcnpal\htdocs\public_html\core\global_include.php on line 615
[2026-07-06 18:16:47] Undefined variable $getId in C:\xampp\Desktop\mdcnpal\htdocs\public_html\core\global_include.php on line 684
[2026-07-06 18:16:47] Undefined variable $getName in C:\xampp\Desktop\mdcnpal\htdocs\public_html\core\global_include.php on line 685
[2026-07-06 18:16:47] Undefined array key 0 in C:\xampp\Desktop\mdcnpal\htdocs\public_html\core\global_include.php on line 810
[2026-07-06 18:16:47] Creation of dynamic property app::$rs_offer_msg is deprecated in C:\xampp\Desktop\mdcnpal\htdocs\public_html\core\app.php on line 434
[2026-07-06 18:16:47] Creation of dynamic property app::$rs_for_doctors is deprecated in C:\xampp\Desktop\mdcnpal\htdocs\public_html\core\app.php on line 434
[2026-07-06 18:16:47] Creation of dynamic property app::$rs_blog_category is deprecated in C:\xampp\Desktop\mdcnpal\htdocs\public_html\core\app.php on line 434
[2026-07-06 18:16:47] Creation of dynamic property app::$array_bread is deprecated in C:\xampp\Desktop\mdcnpal\htdocs\public_html\core\app.php on line 434
[2026-07-06 18:16:47] Creation of dynamic property app::$CatId is deprecated in C:\xampp\Desktop\mdcnpal\htdocs\public_html\core\app.php on line 434
[2026-07-06 18:16:47] Creation of dynamic property app::$TagId is deprecated in C:\xampp\Desktop\mdcnpal\htdocs\public_html\core\app.php on line 434
[2026-07-06 18:16:47] Creation of dynamic property app::$rs_data is deprecated in C:\xampp\Desktop\mdcnpal\htdocs\public_html\core\app.php on line 434
[2026-07-06 18:16:47] Undefined array key "tempCityID" in C:\xampp\Desktop\mdcnpal\htdocs\public_html\includes\header.php on line 5
[2026-07-06 18:16:47] Undefined array key "items" in C:\xampp\Desktop\mdcnpal\htdocs\public_html\includes\header.php on line 16
[2026-07-06 18:16:47] Undefined array key "item_category" in C:\xampp\Desktop\mdcnpal\htdocs\public_html\includes\header.php on line 26
[2026-07-06 18:16:47] Undefined array key "item_diseases" in C:\xampp\Desktop\mdcnpal\htdocs\public_html\includes\header.php on line 33
[2026-07-06 18:16:47] Undefined property: app::$rs_cartmini in C:\xampp\Desktop\mdcnpal\htdocs\public_html\includes\header.php on line 131
[2026-07-06 18:16:47] Undefined array key "MDRCCustID" in C:\xampp\Desktop\mdcnpal\htdocs\public_html\includes\header.php on line 134
[2026-07-06 18:16:47] Undefined property: app::$rs_cartmini in C:\xampp\Desktop\mdcnpal\htdocs\public_html\includes\header.php on line 197
[2026-07-06 18:16:47] Undefined array key "MDRCCustID" in C:\xampp\Desktop\mdcnpal\htdocs\public_html\includes\header.php on line 200
[2026-07-06 18:16:47] Undefined property: app::$rs_cartmini in C:\xampp\Desktop\mdcnpal\htdocs\public_html\includes\header.php on line 469
[2026-07-06 18:16:47] Undefined array key "MDRCCustID" in C:\xampp\Desktop\mdcnpal\htdocs\public_html\includes\header.php on line 472
[2026-07-06 18:16:47] Undefined property: app::$rs_cartmini in C:\xampp\Desktop\mdcnpal\htdocs\public_html\includes\header.php on line 525
[2026-07-06 18:16:47] Undefined array key "MDRCCustID" in C:\xampp\Desktop\mdcnpal\htdocs\public_html\includes\header.php on line 528
[2026-07-06 18:16:47] Undefined property: app::$rs_customer in C:\xampp\Desktop\mdcnpal\htdocs\public_html\includes\header.php on line 712
[2026-07-06 18:16:47] Trying to access array offset on value of type null in C:\xampp\Desktop\mdcnpal\htdocs\public_html\includes\header.php on line 712
[2026-07-06 18:16:47] Undefined property: app::$rs_customer in C:\xampp\Desktop\mdcnpal\htdocs\public_html\includes\header.php on line 721
[2026-07-06 18:16:47] Trying to access array offset on value of type null in C:\xampp\Desktop\mdcnpal\htdocs\public_html\includes\header.php on line 721
[2026-07-06 18:16:47] Undefined property: app::$rs_customer in C:\xampp\Desktop\mdcnpal\htdocs\public_html\includes\header.php on line 730
[2026-07-06 18:16:47] Trying to access array offset on value of type null in C:\xampp\Desktop\mdcnpal\htdocs\public_html\includes\header.php on line 730
[2026-07-06 18:16:47] Undefined property: app::$rs_customer in C:\xampp\Desktop\mdcnpal\htdocs\public_html\includes\header.php on line 739
[2026-07-06 18:16:47] Trying to access array offset on value of type null in C:\xampp\Desktop\mdcnpal\htdocs\public_html\includes\header.php on line 739
[2026-07-06 18:16:47] Undefined property: app::$rs_customer in C:\xampp\Desktop\mdcnpal\htdocs\public_html\includes\footer.php on line 357
[2026-07-06 18:16:47] Trying to access array offset on value of type null in C:\xampp\Desktop\mdcnpal\htdocs\public_html\includes\footer.php on line 357
[2026-07-06 18:16:47] Undefined property: app::$rs_customer in C:\xampp\Desktop\mdcnpal\htdocs\public_html\includes\footer.php on line 366
[2026-07-06 18:16:47] Trying to access array offset on value of type null in C:\xampp\Desktop\mdcnpal\htdocs\public_html\includes\footer.php on line 366
[2026-07-06 18:16:47] Undefined property: app::$rs_customer in C:\xampp\Desktop\mdcnpal\htdocs\public_html\includes\footer.php on line 372
[2026-07-06 18:16:47] Trying to access array offset on value of type null in C:\xampp\Desktop\mdcnpal\htdocs\public_html\includes\footer.php on line 372
[2026-07-06 18:16:47] Undefined property: app::$rs_customer in C:\xampp\Desktop\mdcnpal\htdocs\public_html\includes\general_data.php on line 88
[2026-07-06 18:16:47] Trying to access array offset on value of type null in C:\xampp\Desktop\mdcnpal\htdocs\public_html\includes\general_data.php on line 88
[2026-07-06 18:16:47] Undefined array key "MDRCCustID" in C:\xampp\Desktop\mdcnpal\htdocs\public_html\includes\general_data.php on line 88
[2026-07-06 18:16:47] Undefined variable $tmpStr in C:\xampp\Desktop\mdcnpal\htdocs\public_html\core\app.php on line 971
[2026-07-06 18:16:48] Creation of dynamic property dbclass::$RECORD_SET is deprecated in C:\xampp\Desktop\mdcnpal\htdocs\public_html\core\dbclass.php on line 69
[2026-07-06 18:16:48] Creation of dynamic property dbclass::$app is deprecated in C:\xampp\Desktop\mdcnpal\htdocs\public_html\core\dbclass.php on line 75
[2026-07-06 18:16:48] Creation of dynamic property model::$foreign_tables is deprecated in C:\xampp\Desktop\mdcnpal\htdocs\public_html\core\model.php on line 43
[2026-07-06 18:16:48] Creation of dynamic property app::$inputfilter is deprecated in C:\xampp\Desktop\mdcnpal\htdocs\public_html\core\app.php on line 123
[2026-07-06 18:16:48] Creation of dynamic property app::$userconfig is deprecated in C:\xampp\Desktop\mdcnpal\htdocs\public_html\core\app.php on line 124
[2026-07-06 18:16:48] Creation of dynamic property app::$global_include is deprecated in C:\xampp\Desktop\mdcnpal\htdocs\public_html\core\app.php on line 125
[2026-07-06 18:16:48] Creation of dynamic property app::$set_cache_time is deprecated in C:\xampp\Desktop\mdcnpal\htdocs\public_html\core\app.php on line 153
[2026-07-06 18:16:48] Creation of dynamic property app::$meta is deprecated in C:\xampp\Desktop\mdcnpal\htdocs\public_html\core\app.php on line 434
[2026-07-06 18:16:48] Creation of dynamic property app::$rs_gs_city is deprecated in C:\xampp\Desktop\mdcnpal\htdocs\public_html\core\app.php on line 434
[2026-07-06 18:16:48] Creation of dynamic property app::$rs_footer_popular_item is deprecated in C:\xampp\Desktop\mdcnpal\htdocs\public_html\core\app.php on line 434
[2026-07-06 18:16:48] Creation of dynamic property app::$rs_footer_popular_test is deprecated in C:\xampp\Desktop\mdcnpal\htdocs\public_html\core\app.php on line 434
[2026-07-06 18:16:48] Creation of dynamic property app::$rs_testimonial is deprecated in C:\xampp\Desktop\mdcnpal\htdocs\public_html\core\app.php on line 434
[2026-07-06 18:16:48] Creation of dynamic property app::$admin is deprecated in C:\xampp\Desktop\mdcnpal\htdocs\public_html\core\app.php on line 434
[2026-07-06 18:16:48] Undefined array key 0 in C:\xampp\Desktop\mdcnpal\htdocs\public_html\core\global_include.php on line 514
[2026-07-06 18:16:48] Creation of dynamic property app::$popup is deprecated in C:\xampp\Desktop\mdcnpal\htdocs\public_html\core\app.php on line 434
[2026-07-06 18:16:48] Undefined array key "MDRCCustID" in C:\xampp\Desktop\mdcnpal\htdocs\public_html\core\global_include.php on line 515
[2026-07-06 18:16:48] Undefined array key "MDRCToken" in C:\xampp\Desktop\mdcnpal\htdocs\public_html\core\global_include.php on line 515
[2026-07-06 18:16:48] Creation of dynamic property app::$rscategory is deprecated in C:\xampp\Desktop\mdcnpal\htdocs\public_html\core\app.php on line 434
[2026-07-06 18:16:48] Creation of dynamic property app::$rs_pages is deprecated in C:\xampp\Desktop\mdcnpal\htdocs\public_html\core\app.php on line 434
[2026-07-06 18:16:48] Creation of dynamic property app::$gs is deprecated in C:\xampp\Desktop\mdcnpal\htdocs\public_html\core\app.php on line 434
[2026-07-06 18:16:48] Undefined array key "MDRCCustID" in C:\xampp\Desktop\mdcnpal\htdocs\public_html\core\global_include.php on line 596
[2026-07-06 18:16:48] Undefined array key "MDRCCustID" in C:\xampp\Desktop\mdcnpal\htdocs\public_html\core\global_include.php on line 615
[2026-07-06 18:16:48] Undefined variable $getId in C:\xampp\Desktop\mdcnpal\htdocs\public_html\core\global_include.php on line 684
[2026-07-06 18:16:48] Undefined variable $getName in C:\xampp\Desktop\mdcnpal\htdocs\public_html\core\global_include.php on line 685
[2026-07-06 18:16:48] Undefined array key 0 in C:\xampp\Desktop\mdcnpal\htdocs\public_html\core\global_include.php on line 810
[2026-07-06 18:16:48] Creation of dynamic property app::$rs_offer_msg is deprecated in C:\xampp\Desktop\mdcnpal\htdocs\public_html\core\app.php on line 434
[2026-07-06 18:16:48] Creation of dynamic property app::$rs_for_doctors is deprecated in C:\xampp\Desktop\mdcnpal\htdocs\public_html\core\app.php on line 434
[2026-07-06 18:16:48] Creation of dynamic property app::$rs_blog_category is deprecated in C:\xampp\Desktop\mdcnpal\htdocs\public_html\core\app.php on line 434
[2026-07-06 18:16:48] Creation of dynamic property app::$array_bread is deprecated in C:\xampp\Desktop\mdcnpal\htdocs\public_html\core\app.php on line 434
[2026-07-06 18:16:48] Creation of dynamic property app::$CatId is deprecated in C:\xampp\Desktop\mdcnpal\htdocs\public_html\core\app.php on line 434
[2026-07-06 18:16:48] Creation of dynamic property app::$TagId is deprecated in C:\xampp\Desktop\mdcnpal\htdocs\public_html\core\app.php on line 434
[2026-07-06 18:16:48] Creation of dynamic property app::$rs_data is deprecated in C:\xampp\Desktop\mdcnpal\htdocs\public_html\core\app.php on line 434
[2026-07-06 18:16:48] Undefined property: app::$rs_cartmini in C:\xampp\Desktop\mdcnpal\htdocs\public_html\includes\header.php on line 131
[2026-07-06 18:16:48] Undefined array key "MDRCCustID" in C:\xampp\Desktop\mdcnpal\htdocs\public_html\includes\header.php on line 134
[2026-07-06 18:16:48] Undefined property: app::$rs_cartmini in C:\xampp\Desktop\mdcnpal\htdocs\public_html\includes\header.php on line 197
[2026-07-06 18:16:48] Undefined array key "MDRCCustID" in C:\xampp\Desktop\mdcnpal\htdocs\public_html\includes\header.php on line 200
[2026-07-06 18:16:48] Undefined property: app::$rs_cartmini in C:\xampp\Desktop\mdcnpal\htdocs\public_html\includes\header.php on line 469
[2026-07-06 18:16:48] Undefined array key "MDRCCustID" in C:\xampp\Desktop\mdcnpal\htdocs\public_html\includes\header.php on line 472
[2026-07-06 18:16:48] Undefined property: app::$rs_cartmini in C:\xampp\Desktop\mdcnpal\htdocs\public_html\includes\header.php on line 525
[2026-07-06 18:16:48] Undefined array key "MDRCCustID" in C:\xampp\Desktop\mdcnpal\htdocs\public_html\includes\header.php on line 528
[2026-07-06 18:16:48] Undefined property: app::$rs_customer in C:\xampp\Desktop\mdcnpal\htdocs\public_html\includes\header.php on line 712
[2026-07-06 18:16:48] Trying to access array offset on value of type null in C:\xampp\Desktop\mdcnpal\htdocs\public_html\includes\header.php on line 712
[2026-07-06 18:16:48] Undefined property: app::$rs_customer in C:\xampp\Desktop\mdcnpal\htdocs\public_html\includes\header.php on line 721
[2026-07-06 18:16:48] Trying to access array offset on value of type null in C:\xampp\Desktop\mdcnpal\htdocs\public_html\includes\header.php on line 721
[2026-07-06 18:16:48] Undefined property: app::$rs_customer in C:\xampp\Desktop\mdcnpal\htdocs\public_html\includes\header.php on line 730
[2026-07-06 18:16:48] Trying to access array offset on value of type null in C:\xampp\Desktop\mdcnpal\htdocs\public_html\includes\header.php on line 730
[2026-07-06 18:16:48] Undefined property: app::$rs_customer in C:\xampp\Desktop\mdcnpal\htdocs\public_html\includes\header.php on line 739
[2026-07-06 18:16:48] Trying to access array offset on value of type null in C:\xampp\Desktop\mdcnpal\htdocs\public_html\includes\header.php on line 739
[2026-07-06 18:16:48] Undefined property: app::$rs_customer in C:\xampp\Desktop\mdcnpal\htdocs\public_html\includes\footer.php on line 357
[2026-07-06 18:16:48] Trying to access array offset on value of type null in C:\xampp\Desktop\mdcnpal\htdocs\public_html\includes\footer.php on line 357
[2026-07-06 18:16:48] Undefined property: app::$rs_customer in C:\xampp\Desktop\mdcnpal\htdocs\public_html\includes\footer.php on line 366
[2026-07-06 18:16:48] Trying to access array offset on value of type null in C:\xampp\Desktop\mdcnpal\htdocs\public_html\includes\footer.php on line 366
[2026-07-06 18:16:48] Undefined property: app::$rs_customer in C:\xampp\Desktop\mdcnpal\htdocs\public_html\includes\footer.php on line 372
[2026-07-06 18:16:48] Trying to access array offset on value of type null in C:\xampp\Desktop\mdcnpal\htdocs\public_html\includes\footer.php on line 372
[2026-07-06 18:16:48] Undefined property: app::$rs_customer in C:\xampp\Desktop\mdcnpal\htdocs\public_html\includes\general_data.php on line 88
[2026-07-06 18:16:48] Trying to access array offset on value of type null in C:\xampp\Desktop\mdcnpal\htdocs\public_html\includes\general_data.php on line 88
[2026-07-06 18:16:48] Undefined array key "MDRCCustID" in C:\xampp\Desktop\mdcnpal\htdocs\public_html\includes\general_data.php on line 88
[2026-07-06 18:16:48] Undefined variable $tmpStr in C:\xampp\Desktop\mdcnpal\htdocs\public_html\core\app.php on line 971
[2026-07-06 18:16:49] Creation of dynamic property dbclass::$RECORD_SET is deprecated in C:\xampp\Desktop\mdcnpal\htdocs\public_html\core\dbclass.php on line 69
[2026-07-06 18:16:49] Creation of dynamic property dbclass::$app is deprecated in C:\xampp\Desktop\mdcnpal\htdocs\public_html\core\dbclass.php on line 75
[2026-07-06 18:16:49] Creation of dynamic property model::$foreign_tables is deprecated in C:\xampp\Desktop\mdcnpal\htdocs\public_html\core\model.php on line 43
[2026-07-06 18:16:49] Creation of dynamic property app::$inputfilter is deprecated in C:\xampp\Desktop\mdcnpal\htdocs\public_html\core\app.php on line 123
[2026-07-06 18:16:49] Creation of dynamic property app::$userconfig is deprecated in C:\xampp\Desktop\mdcnpal\htdocs\public_html\core\app.php on line 124
[2026-07-06 18:16:49] Creation of dynamic property app::$global_include is deprecated in C:\xampp\Desktop\mdcnpal\htdocs\public_html\core\app.php on line 125
[2026-07-06 18:16:49] Creation of dynamic property app::$set_cache_time is deprecated in C:\xampp\Desktop\mdcnpal\htdocs\public_html\core\app.php on line 153
[06-Jul-2026 18:16:49 Asia/Kathmandu] PHP Fatal error:  Uncaught mysqli_sql_exception: Invalid character set was provided in C:\xampp\Desktop\mdcnpal\htdocs\public_html\scripts\ajax\get_blog.php:2
Stack trace:
#0 C:\xampp\Desktop\mdcnpal\htdocs\public_html\scripts\ajax\get_blog.php(2): mysqli_set_charset(Object(mysqli), 'utf-8')
#1 C:\xampp\Desktop\mdcnpal\htdocs\public_html\scripts\ajax\index.php(15): include('C:\\xampp\\Deskto...')
#2 {main}
  thrown in C:\xampp\Desktop\mdcnpal\htdocs\public_html\scripts\ajax\get_blog.php on line 2
[2026-07-06 18:16:56] Creation of dynamic property dbclass::$RECORD_SET is deprecated in C:\xampp\Desktop\mdcnpal\htdocs\public_html\core\dbclass.php on line 69
[2026-07-06 18:16:56] Creation of dynamic property dbclass::$app is deprecated in C:\xampp\Desktop\mdcnpal\htdocs\public_html\core\dbclass.php on line 75
[2026-07-06 18:16:56] Creation of dynamic property model::$foreign_tables is deprecated in C:\xampp\Desktop\mdcnpal\htdocs\public_html\core\model.php on line 43
[2026-07-06 18:16:56] Creation of dynamic property app::$inputfilter is deprecated in C:\xampp\Desktop\mdcnpal\htdocs\public_html\core\app.php on line 123
[2026-07-06 18:16:56] Creation of dynamic property app::$userconfig is deprecated in C:\xampp\Desktop\mdcnpal\htdocs\public_html\core\app.php on line 124
[2026-07-06 18:16:56] Creation of dynamic property app::$global_include is deprecated in C:\xampp\Desktop\mdcnpal\htdocs\public_html\core\app.php on line 125
[2026-07-06 18:16:56] Creation of dynamic property app::$set_cache_time is deprecated in C:\xampp\Desktop\mdcnpal\htdocs\public_html\core\app.php on line 153
[2026-07-06 18:16:56] Undefined variable $RESULT in C:\xampp\Desktop\mdcnpal\htdocs\public_html\scripts\ajax\selectCityUsingGoogleMapApi.php on line 69
[2026-07-06 18:16:56] Undefined variable $URL in C:\xampp\Desktop\mdcnpal\htdocs\public_html\scripts\ajax\selectCityUsingGoogleMapApi.php on line 73
[2026-07-06 18:17:01] Creation of dynamic property dbclass::$RECORD_SET is deprecated in C:\xampp\Desktop\mdcnpal\htdocs\public_html\core\dbclass.php on line 69
[2026-07-06 18:17:01] Creation of dynamic property dbclass::$app is deprecated in C:\xampp\Desktop\mdcnpal\htdocs\public_html\core\dbclass.php on line 75
[2026-07-06 18:17:01] Creation of dynamic property model::$foreign_tables is deprecated in C:\xampp\Desktop\mdcnpal\htdocs\public_html\core\model.php on line 43
[2026-07-06 18:17:01] Creation of dynamic property app::$inputfilter is deprecated in C:\xampp\Desktop\mdcnpal\htdocs\public_html\core\app.php on line 123
[2026-07-06 18:17:01] Creation of dynamic property app::$userconfig is deprecated in C:\xampp\Desktop\mdcnpal\htdocs\public_html\core\app.php on line 124
[2026-07-06 18:17:01] Creation of dynamic property app::$global_include is deprecated in C:\xampp\Desktop\mdcnpal\htdocs\public_html\core\app.php on line 125
[2026-07-06 18:17:01] Creation of dynamic property app::$set_cache_time is deprecated in C:\xampp\Desktop\mdcnpal\htdocs\public_html\core\app.php on line 153
[2026-07-06 18:17:01] Creation of dynamic property app::$meta is deprecated in C:\xampp\Desktop\mdcnpal\htdocs\public_html\core\app.php on line 434
[2026-07-06 18:17:01] Creation of dynamic property app::$rs_gs_city is deprecated in C:\xampp\Desktop\mdcnpal\htdocs\public_html\core\app.php on line 434
[2026-07-06 18:17:01] Creation of dynamic property app::$rs_footer_popular_item is deprecated in C:\xampp\Desktop\mdcnpal\htdocs\public_html\core\app.php on line 434
[2026-07-06 18:17:01] Creation of dynamic property app::$rs_footer_popular_test is deprecated in C:\xampp\Desktop\mdcnpal\htdocs\public_html\core\app.php on line 434
[2026-07-06 18:17:01] Creation of dynamic property app::$rs_testimonial is deprecated in C:\xampp\Desktop\mdcnpal\htdocs\public_html\core\app.php on line 434
[2026-07-06 18:17:01] Creation of dynamic property app::$admin is deprecated in C:\xampp\Desktop\mdcnpal\htdocs\public_html\core\app.php on line 434
[2026-07-06 18:17:01] Undefined array key 0 in C:\xampp\Desktop\mdcnpal\htdocs\public_html\core\global_include.php on line 514
[2026-07-06 18:17:01] Creation of dynamic property app::$popup is deprecated in C:\xampp\Desktop\mdcnpal\htdocs\public_html\core\app.php on line 434
[2026-07-06 18:17:01] Undefined array key "MDRCCustID" in C:\xampp\Desktop\mdcnpal\htdocs\public_html\core\global_include.php on line 515
[2026-07-06 18:17:01] Undefined array key "MDRCToken" in C:\xampp\Desktop\mdcnpal\htdocs\public_html\core\global_include.php on line 515
[2026-07-06 18:17:01] Creation of dynamic property app::$rscategory is deprecated in C:\xampp\Desktop\mdcnpal\htdocs\public_html\core\app.php on line 434
[2026-07-06 18:17:01] Creation of dynamic property app::$rs_pages is deprecated in C:\xampp\Desktop\mdcnpal\htdocs\public_html\core\app.php on line 434
[2026-07-06 18:17:01] Creation of dynamic property app::$gs is deprecated in C:\xampp\Desktop\mdcnpal\htdocs\public_html\core\app.php on line 434
[2026-07-06 18:17:01] Undefined array key "MDRCCustID" in C:\xampp\Desktop\mdcnpal\htdocs\public_html\core\global_include.php on line 596
[2026-07-06 18:17:01] Undefined array key "MDRCCustID" in C:\xampp\Desktop\mdcnpal\htdocs\public_html\core\global_include.php on line 615
[2026-07-06 18:17:01] Undefined variable $getId in C:\xampp\Desktop\mdcnpal\htdocs\public_html\core\global_include.php on line 684
[2026-07-06 18:17:01] Undefined variable $getName in C:\xampp\Desktop\mdcnpal\htdocs\public_html\core\global_include.php on line 685
[2026-07-06 18:17:01] Undefined array key 0 in C:\xampp\Desktop\mdcnpal\htdocs\public_html\core\global_include.php on line 810
[2026-07-06 18:17:01] Creation of dynamic property app::$rs_offer_msg is deprecated in C:\xampp\Desktop\mdcnpal\htdocs\public_html\core\app.php on line 434
[2026-07-06 18:17:01] Creation of dynamic property app::$rs_for_doctors is deprecated in C:\xampp\Desktop\mdcnpal\htdocs\public_html\core\app.php on line 434
[2026-07-06 18:17:01] Creation of dynamic property app::$description is deprecated in C:\xampp\Desktop\mdcnpal\htdocs\public_html\core\app.php on line 434
[2026-07-06 18:17:01] Creation of dynamic property app::$rs_banner is deprecated in C:\xampp\Desktop\mdcnpal\htdocs\public_html\core\app.php on line 434
[2026-07-06 18:17:01] Creation of dynamic property app::$rs_item_diseases is deprecated in C:\xampp\Desktop\mdcnpal\htdocs\public_html\core\app.php on line 434
[2026-07-06 18:17:01] Creation of dynamic property app::$rs_item_home_category is deprecated in C:\xampp\Desktop\mdcnpal\htdocs\public_html\core\app.php on line 434
[2026-07-06 18:17:01] Creation of dynamic property app::$rs_item_banner_category is deprecated in C:\xampp\Desktop\mdcnpal\htdocs\public_html\core\app.php on line 434
[2026-07-06 18:17:01] Creation of dynamic property app::$rs_services is deprecated in C:\xampp\Desktop\mdcnpal\htdocs\public_html\core\app.php on line 434
[2026-07-06 18:17:01] Creation of dynamic property app::$rs_blog is deprecated in C:\xampp\Desktop\mdcnpal\htdocs\public_html\core\app.php on line 434
[2026-07-06 18:17:01] Creation of dynamic property app::$rs_category is deprecated in C:\xampp\Desktop\mdcnpal\htdocs\public_html\core\app.php on line 434
[2026-07-06 18:17:01] Creation of dynamic property app::$rs_faq_data is deprecated in C:\xampp\Desktop\mdcnpal\htdocs\public_html\core\app.php on line 434
[2026-07-06 18:17:01] Creation of dynamic property app::$rs_gallery_data is deprecated in C:\xampp\Desktop\mdcnpal\htdocs\public_html\core\app.php on line 434
[2026-07-06 18:17:01] Undefined property: app::$rs_cartmini in C:\xampp\Desktop\mdcnpal\htdocs\public_html\includes\header.php on line 131
[2026-07-06 18:17:01] Undefined array key "MDRCCustID" in C:\xampp\Desktop\mdcnpal\htdocs\public_html\includes\header.php on line 134
[2026-07-06 18:17:01] Undefined property: app::$rs_cartmini in C:\xampp\Desktop\mdcnpal\htdocs\public_html\includes\header.php on line 197
[2026-07-06 18:17:01] Undefined array key "MDRCCustID" in C:\xampp\Desktop\mdcnpal\htdocs\public_html\includes\header.php on line 200
[2026-07-06 18:17:01] Undefined property: app::$rs_cartmini in C:\xampp\Desktop\mdcnpal\htdocs\public_html\includes\header.php on line 469
[2026-07-06 18:17:01] Undefined array key "MDRCCustID" in C:\xampp\Desktop\mdcnpal\htdocs\public_html\includes\header.php on line 472
[2026-07-06 18:17:01] Undefined property: app::$rs_cartmini in C:\xampp\Desktop\mdcnpal\htdocs\public_html\includes\header.php on line 525
[2026-07-06 18:17:01] Undefined array key "MDRCCustID" in C:\xampp\Desktop\mdcnpal\htdocs\public_html\includes\header.php on line 528
[2026-07-06 18:17:01] Undefined property: app::$rs_customer in C:\xampp\Desktop\mdcnpal\htdocs\public_html\includes\header.php on line 712
[2026-07-06 18:17:01] Trying to access array offset on value of type null in C:\xampp\Desktop\mdcnpal\htdocs\public_html\includes\header.php on line 712
[2026-07-06 18:17:01] Undefined property: app::$rs_customer in C:\xampp\Desktop\mdcnpal\htdocs\public_html\includes\header.php on line 721
[2026-07-06 18:17:01] Trying to access array offset on value of type null in C:\xampp\Desktop\mdcnpal\htdocs\public_html\includes\header.php on line 721
[2026-07-06 18:17:01] Undefined property: app::$rs_customer in C:\xampp\Desktop\mdcnpal\htdocs\public_html\includes\header.php on line 730
[2026-07-06 18:17:01] Trying to access array offset on value of type null in C:\xampp\Desktop\mdcnpal\htdocs\public_html\includes\header.php on line 730
[2026-07-06 18:17:01] Undefined property: app::$rs_customer in C:\xampp\Desktop\mdcnpal\htdocs\public_html\includes\header.php on line 739
[2026-07-06 18:17:01] Trying to access array offset on value of type null in C:\xampp\Desktop\mdcnpal\htdocs\public_html\includes\header.php on line 739
[2026-07-06 18:17:01] Undefined variable $g_search_query in C:\xampp\Desktop\mdcnpal\htdocs\public_html\core\app.php(565) : eval()'d code on line 219
[2026-07-06 18:17:01] Undefined variable $department_cond in C:\xampp\Desktop\mdcnpal\htdocs\public_html\core\app.php(565) : eval()'d code on line 219
[2026-07-06 18:17:01] Undefined variable $type_cond in C:\xampp\Desktop\mdcnpal\htdocs\public_html\core\app.php(565) : eval()'d code on line 219
[2026-07-06 18:17:01] Undefined variable $dieses_cond in C:\xampp\Desktop\mdcnpal\htdocs\public_html\core\app.php(565) : eval()'d code on line 219
[2026-07-06 18:17:01] Undefined variable $popular_pack_cond in C:\xampp\Desktop\mdcnpal\htdocs\public_html\core\app.php(565) : eval()'d code on line 219
[2026-07-06 18:17:02] Undefined variable $g_search_query in C:\xampp\Desktop\mdcnpal\htdocs\public_html\core\app.php(565) : eval()'d code on line 219
[2026-07-06 18:17:02] Undefined variable $department_cond in C:\xampp\Desktop\mdcnpal\htdocs\public_html\core\app.php(565) : eval()'d code on line 219
[2026-07-06 18:17:02] Undefined variable $type_cond in C:\xampp\Desktop\mdcnpal\htdocs\public_html\core\app.php(565) : eval()'d code on line 219
[2026-07-06 18:17:02] Undefined variable $dieses_cond in C:\xampp\Desktop\mdcnpal\htdocs\public_html\core\app.php(565) : eval()'d code on line 219
[2026-07-06 18:17:02] Undefined variable $popular_pack_cond in C:\xampp\Desktop\mdcnpal\htdocs\public_html\core\app.php(565) : eval()'d code on line 219
[2026-07-06 18:17:02] Undefined variable $g_search_query in C:\xampp\Desktop\mdcnpal\htdocs\public_html\core\app.php(565) : eval()'d code on line 219
[2026-07-06 18:17:02] Undefined variable $department_cond in C:\xampp\Desktop\mdcnpal\htdocs\public_html\core\app.php(565) : eval()'d code on line 219
[2026-07-06 18:17:02] Undefined variable $type_cond in C:\xampp\Desktop\mdcnpal\htdocs\public_html\core\app.php(565) : eval()'d code on line 219
[2026-07-06 18:17:02] Undefined variable $dieses_cond in C:\xampp\Desktop\mdcnpal\htdocs\public_html\core\app.php(565) : eval()'d code on line 219
[2026-07-06 18:17:02] Undefined variable $popular_pack_cond in C:\xampp\Desktop\mdcnpal\htdocs\public_html\core\app.php(565) : eval()'d code on line 219
[2026-07-06 18:17:02] Undefined variable $g_search_query in C:\xampp\Desktop\mdcnpal\htdocs\public_html\core\app.php(565) : eval()'d code on line 219
[2026-07-06 18:17:02] Undefined variable $department_cond in C:\xampp\Desktop\mdcnpal\htdocs\public_html\core\app.php(565) : eval()'d code on line 219
[2026-07-06 18:17:02] Undefined variable $type_cond in C:\xampp\Desktop\mdcnpal\htdocs\public_html\core\app.php(565) : eval()'d code on line 219
[2026-07-06 18:17:02] Undefined variable $dieses_cond in C:\xampp\Desktop\mdcnpal\htdocs\public_html\core\app.php(565) : eval()'d code on line 219
[2026-07-06 18:17:02] Undefined variable $popular_pack_cond in C:\xampp\Desktop\mdcnpal\htdocs\public_html\core\app.php(565) : eval()'d code on line 219
[2026-07-06 18:17:02] Undefined variable $g_search_query in C:\xampp\Desktop\mdcnpal\htdocs\public_html\core\app.php(565) : eval()'d code on line 219
[2026-07-06 18:17:02] Undefined variable $department_cond in C:\xampp\Desktop\mdcnpal\htdocs\public_html\core\app.php(565) : eval()'d code on line 219
[2026-07-06 18:17:02] Undefined variable $type_cond in C:\xampp\Desktop\mdcnpal\htdocs\public_html\core\app.php(565) : eval()'d code on line 219
[2026-07-06 18:17:02] Undefined variable $dieses_cond in C:\xampp\Desktop\mdcnpal\htdocs\public_html\core\app.php(565) : eval()'d code on line 219
[2026-07-06 18:17:02] Undefined variable $popular_pack_cond in C:\xampp\Desktop\mdcnpal\htdocs\public_html\core\app.php(565) : eval()'d code on line 219
[2026-07-06 18:17:02] Undefined property: app::$rs_customer in C:\xampp\Desktop\mdcnpal\htdocs\public_html\includes\footer.php on line 357
[2026-07-06 18:17:02] Trying to access array offset on value of type null in C:\xampp\Desktop\mdcnpal\htdocs\public_html\includes\footer.php on line 357
[2026-07-06 18:17:02] Undefined property: app::$rs_customer in C:\xampp\Desktop\mdcnpal\htdocs\public_html\includes\footer.php on line 366
[2026-07-06 18:17:02] Trying to access array offset on value of type null in C:\xampp\Desktop\mdcnpal\htdocs\public_html\includes\footer.php on line 366
[2026-07-06 18:17:02] Undefined property: app::$rs_customer in C:\xampp\Desktop\mdcnpal\htdocs\public_html\includes\footer.php on line 372
[2026-07-06 18:17:02] Trying to access array offset on value of type null in C:\xampp\Desktop\mdcnpal\htdocs\public_html\includes\footer.php on line 372
[2026-07-06 18:17:02] Undefined property: app::$rs_customer in C:\xampp\Desktop\mdcnpal\htdocs\public_html\includes\general_data.php on line 88
[2026-07-06 18:17:02] Trying to access array offset on value of type null in C:\xampp\Desktop\mdcnpal\htdocs\public_html\includes\general_data.php on line 88
[2026-07-06 18:17:02] Undefined array key "MDRCCustID" in C:\xampp\Desktop\mdcnpal\htdocs\public_html\includes\general_data.php on line 88
[2026-07-06 18:17:02] Undefined variable $tmpStr in C:\xampp\Desktop\mdcnpal\htdocs\public_html\core\app.php on line 971
[2026-07-06 18:17:04] Creation of dynamic property dbclass::$RECORD_SET is deprecated in C:\xampp\Desktop\mdcnpal\htdocs\public_html\core\dbclass.php on line 69
[2026-07-06 18:17:04] Creation of dynamic property dbclass::$app is deprecated in C:\xampp\Desktop\mdcnpal\htdocs\public_html\core\dbclass.php on line 75
[2026-07-06 18:17:04] Creation of dynamic property model::$foreign_tables is deprecated in C:\xampp\Desktop\mdcnpal\htdocs\public_html\core\model.php on line 43
[2026-07-06 18:17:04] Creation of dynamic property app::$inputfilter is deprecated in C:\xampp\Desktop\mdcnpal\htdocs\public_html\core\app.php on line 123
[2026-07-06 18:17:04] Creation of dynamic property app::$userconfig is deprecated in C:\xampp\Desktop\mdcnpal\htdocs\public_html\core\app.php on line 124
[2026-07-06 18:17:04] Creation of dynamic property app::$global_include is deprecated in C:\xampp\Desktop\mdcnpal\htdocs\public_html\core\app.php on line 125
[2026-07-06 18:17:04] Creation of dynamic property app::$set_cache_time is deprecated in C:\xampp\Desktop\mdcnpal\htdocs\public_html\core\app.php on line 153
[2026-07-06 18:17:04] Undefined variable $RESULT in C:\xampp\Desktop\mdcnpal\htdocs\public_html\scripts\ajax\selectCityUsingGoogleMapApi.php on line 69
[2026-07-06 18:17:04] Undefined variable $URL in C:\xampp\Desktop\mdcnpal\htdocs\public_html\scripts\ajax\selectCityUsingGoogleMapApi.php on line 73
[2026-07-06 18:17:31] Creation of dynamic property dbclass::$RECORD_SET is deprecated in C:\xampp\Desktop\mdcnpal\htdocs\public_html\core\dbclass.php on line 69
[2026-07-06 18:17:31] Creation of dynamic property dbclass::$app is deprecated in C:\xampp\Desktop\mdcnpal\htdocs\public_html\core\dbclass.php on line 75
[2026-07-06 18:17:31] Creation of dynamic property model::$foreign_tables is deprecated in C:\xampp\Desktop\mdcnpal\htdocs\public_html\core\model.php on line 43
[2026-07-06 18:17:31] Creation of dynamic property app::$inputfilter is deprecated in C:\xampp\Desktop\mdcnpal\htdocs\public_html\core\app.php on line 123
[2026-07-06 18:17:32] Creation of dynamic property app::$userconfig is deprecated in C:\xampp\Desktop\mdcnpal\htdocs\public_html\core\app.php on line 124
[2026-07-06 18:17:32] Creation of dynamic property app::$global_include is deprecated in C:\xampp\Desktop\mdcnpal\htdocs\public_html\core\app.php on line 125
[2026-07-06 18:17:32] Creation of dynamic property app::$set_cache_time is deprecated in C:\xampp\Desktop\mdcnpal\htdocs\public_html\core\app.php on line 153
[2026-07-06 18:17:32] Creation of dynamic property app::$meta is deprecated in C:\xampp\Desktop\mdcnpal\htdocs\public_html\core\app.php on line 434
[2026-07-06 18:17:32] Creation of dynamic property app::$rs_gs_city is deprecated in C:\xampp\Desktop\mdcnpal\htdocs\public_html\core\app.php on line 434
[2026-07-06 18:17:32] Creation of dynamic property app::$rs_footer_popular_item is deprecated in C:\xampp\Desktop\mdcnpal\htdocs\public_html\core\app.php on line 434
[2026-07-06 18:17:32] Creation of dynamic property app::$rs_footer_popular_test is deprecated in C:\xampp\Desktop\mdcnpal\htdocs\public_html\core\app.php on line 434
[2026-07-06 18:17:32] Creation of dynamic property app::$rs_testimonial is deprecated in C:\xampp\Desktop\mdcnpal\htdocs\public_html\core\app.php on line 434
[2026-07-06 18:17:32] Creation of dynamic property app::$admin is deprecated in C:\xampp\Desktop\mdcnpal\htdocs\public_html\core\app.php on line 434
[2026-07-06 18:17:32] Undefined array key 0 in C:\xampp\Desktop\mdcnpal\htdocs\public_html\core\global_include.php on line 514
[2026-07-06 18:17:32] Creation of dynamic property app::$popup is deprecated in C:\xampp\Desktop\mdcnpal\htdocs\public_html\core\app.php on line 434
[2026-07-06 18:17:32] Undefined array key "MDRCCustID" in C:\xampp\Desktop\mdcnpal\htdocs\public_html\core\global_include.php on line 515
[2026-07-06 18:17:32] Undefined array key "MDRCToken" in C:\xampp\Desktop\mdcnpal\htdocs\public_html\core\global_include.php on line 515
[2026-07-06 18:17:32] Creation of dynamic property app::$rscategory is deprecated in C:\xampp\Desktop\mdcnpal\htdocs\public_html\core\app.php on line 434
[2026-07-06 18:17:32] Creation of dynamic property app::$rs_pages is deprecated in C:\xampp\Desktop\mdcnpal\htdocs\public_html\core\app.php on line 434
[2026-07-06 18:17:32] Creation of dynamic property app::$gs is deprecated in C:\xampp\Desktop\mdcnpal\htdocs\public_html\core\app.php on line 434
[2026-07-06 18:17:32] Undefined array key "MDRCCustID" in C:\xampp\Desktop\mdcnpal\htdocs\public_html\core\global_include.php on line 596
[2026-07-06 18:17:32] Undefined array key "MDRCCustID" in C:\xampp\Desktop\mdcnpal\htdocs\public_html\core\global_include.php on line 615
[2026-07-06 18:17:32] Undefined variable $getId in C:\xampp\Desktop\mdcnpal\htdocs\public_html\core\global_include.php on line 684
[2026-07-06 18:17:32] Undefined variable $getName in C:\xampp\Desktop\mdcnpal\htdocs\public_html\core\global_include.php on line 685
[2026-07-06 18:17:32] Undefined array key 0 in C:\xampp\Desktop\mdcnpal\htdocs\public_html\core\global_include.php on line 810
[2026-07-06 18:17:32] Creation of dynamic property app::$rs_offer_msg is deprecated in C:\xampp\Desktop\mdcnpal\htdocs\public_html\core\app.php on line 434
[2026-07-06 18:17:32] Creation of dynamic property app::$rs_for_doctors is deprecated in C:\xampp\Desktop\mdcnpal\htdocs\public_html\core\app.php on line 434
[2026-07-06 18:17:32] Creation of dynamic property app::$rs_blog_category is deprecated in C:\xampp\Desktop\mdcnpal\htdocs\public_html\core\app.php on line 434
[2026-07-06 18:17:32] Creation of dynamic property app::$array_bread is deprecated in C:\xampp\Desktop\mdcnpal\htdocs\public_html\core\app.php on line 434
[2026-07-06 18:17:32] Creation of dynamic property app::$CatId is deprecated in C:\xampp\Desktop\mdcnpal\htdocs\public_html\core\app.php on line 434
[2026-07-06 18:17:32] Creation of dynamic property app::$TagId is deprecated in C:\xampp\Desktop\mdcnpal\htdocs\public_html\core\app.php on line 434
[2026-07-06 18:17:32] Creation of dynamic property app::$rs_data is deprecated in C:\xampp\Desktop\mdcnpal\htdocs\public_html\core\app.php on line 434
[2026-07-06 18:17:32] Undefined property: app::$rs_cartmini in C:\xampp\Desktop\mdcnpal\htdocs\public_html\includes\header.php on line 131
[2026-07-06 18:17:32] Undefined array key "MDRCCustID" in C:\xampp\Desktop\mdcnpal\htdocs\public_html\includes\header.php on line 134
[2026-07-06 18:17:32] Undefined property: app::$rs_cartmini in C:\xampp\Desktop\mdcnpal\htdocs\public_html\includes\header.php on line 197
[2026-07-06 18:17:32] Undefined array key "MDRCCustID" in C:\xampp\Desktop\mdcnpal\htdocs\public_html\includes\header.php on line 200
[2026-07-06 18:17:32] Undefined property: app::$rs_cartmini in C:\xampp\Desktop\mdcnpal\htdocs\public_html\includes\header.php on line 469
[2026-07-06 18:17:32] Undefined array key "MDRCCustID" in C:\xampp\Desktop\mdcnpal\htdocs\public_html\includes\header.php on line 472
[2026-07-06 18:17:32] Undefined property: app::$rs_cartmini in C:\xampp\Desktop\mdcnpal\htdocs\public_html\includes\header.php on line 525
[2026-07-06 18:17:32] Undefined array key "MDRCCustID" in C:\xampp\Desktop\mdcnpal\htdocs\public_html\includes\header.php on line 528
[2026-07-06 18:17:32] Undefined property: app::$rs_customer in C:\xampp\Desktop\mdcnpal\htdocs\public_html\includes\header.php on line 712
[2026-07-06 18:17:32] Trying to access array offset on value of type null in C:\xampp\Desktop\mdcnpal\htdocs\public_html\includes\header.php on line 712
[2026-07-06 18:17:32] Undefined property: app::$rs_customer in C:\xampp\Desktop\mdcnpal\htdocs\public_html\includes\header.php on line 721
[2026-07-06 18:17:32] Trying to access array offset on value of type null in C:\xampp\Desktop\mdcnpal\htdocs\public_html\includes\header.php on line 721
[2026-07-06 18:17:32] Undefined property: app::$rs_customer in C:\xampp\Desktop\mdcnpal\htdocs\public_html\includes\header.php on line 730
[2026-07-06 18:17:32] Trying to access array offset on value of type null in C:\xampp\Desktop\mdcnpal\htdocs\public_html\includes\header.php on line 730
[2026-07-06 18:17:32] Undefined property: app::$rs_customer in C:\xampp\Desktop\mdcnpal\htdocs\public_html\includes\header.php on line 739
[2026-07-06 18:17:32] Trying to access array offset on value of type null in C:\xampp\Desktop\mdcnpal\htdocs\public_html\includes\header.php on line 739
[2026-07-06 18:17:32] Undefined property: app::$rs_customer in C:\xampp\Desktop\mdcnpal\htdocs\public_html\includes\footer.php on line 357
[2026-07-06 18:17:32] Trying to access array offset on value of type null in C:\xampp\Desktop\mdcnpal\htdocs\public_html\includes\footer.php on line 357
[2026-07-06 18:17:32] Undefined property: app::$rs_customer in C:\xampp\Desktop\mdcnpal\htdocs\public_html\includes\footer.php on line 366
[2026-07-06 18:17:32] Trying to access array offset on value of type null in C:\xampp\Desktop\mdcnpal\htdocs\public_html\includes\footer.php on line 366
[2026-07-06 18:17:32] Undefined property: app::$rs_customer in C:\xampp\Desktop\mdcnpal\htdocs\public_html\includes\footer.php on line 372
[2026-07-06 18:17:32] Trying to access array offset on value of type null in C:\xampp\Desktop\mdcnpal\htdocs\public_html\includes\footer.php on line 372
[2026-07-06 18:17:32] Undefined property: app::$rs_customer in C:\xampp\Desktop\mdcnpal\htdocs\public_html\includes\general_data.php on line 88
[2026-07-06 18:17:32] Trying to access array offset on value of type null in C:\xampp\Desktop\mdcnpal\htdocs\public_html\includes\general_data.php on line 88
[2026-07-06 18:17:32] Undefined array key "MDRCCustID" in C:\xampp\Desktop\mdcnpal\htdocs\public_html\includes\general_data.php on line 88
[2026-07-06 18:17:32] Undefined variable $tmpStr in C:\xampp\Desktop\mdcnpal\htdocs\public_html\core\app.php on line 971
[2026-07-06 18:17:37] Creation of dynamic property dbclass::$RECORD_SET is deprecated in C:\xampp\Desktop\mdcnpal\htdocs\public_html\core\dbclass.php on line 69
[2026-07-06 18:17:37] Creation of dynamic property dbclass::$app is deprecated in C:\xampp\Desktop\mdcnpal\htdocs\public_html\core\dbclass.php on line 75
[2026-07-06 18:17:37] Creation of dynamic property model::$foreign_tables is deprecated in C:\xampp\Desktop\mdcnpal\htdocs\public_html\core\model.php on line 43
[2026-07-06 18:17:37] Creation of dynamic property app::$inputfilter is deprecated in C:\xampp\Desktop\mdcnpal\htdocs\public_html\core\app.php on line 123
[2026-07-06 18:17:37] Creation of dynamic property app::$userconfig is deprecated in C:\xampp\Desktop\mdcnpal\htdocs\public_html\core\app.php on line 124
[2026-07-06 18:17:37] Creation of dynamic property app::$global_include is deprecated in C:\xampp\Desktop\mdcnpal\htdocs\public_html\core\app.php on line 125
[2026-07-06 18:17:37] Creation of dynamic property app::$set_cache_time is deprecated in C:\xampp\Desktop\mdcnpal\htdocs\public_html\core\app.php on line 153
[06-Jul-2026 18:17:37 Asia/Kathmandu] PHP Fatal error:  Uncaught mysqli_sql_exception: Invalid character set was provided in C:\xampp\Desktop\mdcnpal\htdocs\public_html\scripts\ajax\get_blog.php:2
Stack trace:
#0 C:\xampp\Desktop\mdcnpal\htdocs\public_html\scripts\ajax\get_blog.php(2): mysqli_set_charset(Object(mysqli), 'utf-8')
#1 C:\xampp\Desktop\mdcnpal\htdocs\public_html\scripts\ajax\index.php(15): include('C:\\xampp\\Deskto...')
#2 {main}
  thrown in C:\xampp\Desktop\mdcnpal\htdocs\public_html\scripts\ajax\get_blog.php on line 2
[2026-07-06 18:17:40] Creation of dynamic property dbclass::$RECORD_SET is deprecated in C:\xampp\Desktop\mdcnpal\htdocs\public_html\core\dbclass.php on line 69
[2026-07-06 18:17:40] Creation of dynamic property dbclass::$app is deprecated in C:\xampp\Desktop\mdcnpal\htdocs\public_html\core\dbclass.php on line 75
[2026-07-06 18:17:40] Creation of dynamic property model::$foreign_tables is deprecated in C:\xampp\Desktop\mdcnpal\htdocs\public_html\core\model.php on line 43
[2026-07-06 18:17:40] Creation of dynamic property app::$inputfilter is deprecated in C:\xampp\Desktop\mdcnpal\htdocs\public_html\core\app.php on line 123
[2026-07-06 18:17:40] Creation of dynamic property app::$userconfig is deprecated in C:\xampp\Desktop\mdcnpal\htdocs\public_html\core\app.php on line 124
[2026-07-06 18:17:40] Creation of dynamic property app::$global_include is deprecated in C:\xampp\Desktop\mdcnpal\htdocs\public_html\core\app.php on line 125
[2026-07-06 18:17:40] Creation of dynamic property app::$set_cache_time is deprecated in C:\xampp\Desktop\mdcnpal\htdocs\public_html\core\app.php on line 153
[2026-07-06 18:17:40] Undefined variable $RESULT in C:\xampp\Desktop\mdcnpal\htdocs\public_html\scripts\ajax\selectCityUsingGoogleMapApi.php on line 69
[2026-07-06 18:17:40] Undefined variable $URL in C:\xampp\Desktop\mdcnpal\htdocs\public_html\scripts\ajax\selectCityUsingGoogleMapApi.php on line 73
[2026-07-06 18:18:20] Creation of dynamic property dbclass::$RECORD_SET is deprecated in C:\xampp\Desktop\mdcnpal\htdocs\public_html\core\dbclass.php on line 69
[2026-07-06 18:18:20] Creation of dynamic property dbclass::$app is deprecated in C:\xampp\Desktop\mdcnpal\htdocs\public_html\core\dbclass.php on line 75
[2026-07-06 18:18:20] Creation of dynamic property model::$foreign_tables is deprecated in C:\xampp\Desktop\mdcnpal\htdocs\public_html\core\model.php on line 43
[2026-07-06 18:18:20] Creation of dynamic property app::$inputfilter is deprecated in C:\xampp\Desktop\mdcnpal\htdocs\public_html\core\app.php on line 123
[2026-07-06 18:18:20] Creation of dynamic property app::$userconfig is deprecated in C:\xampp\Desktop\mdcnpal\htdocs\public_html\core\app.php on line 124
[2026-07-06 18:18:20] Creation of dynamic property app::$global_include is deprecated in C:\xampp\Desktop\mdcnpal\htdocs\public_html\core\app.php on line 125
[2026-07-06 18:18:20] Creation of dynamic property app::$set_cache_time is deprecated in C:\xampp\Desktop\mdcnpal\htdocs\public_html\core\app.php on line 153
[2026-07-06 18:18:20] Undefined array key "cityID" in C:\xampp\Desktop\mdcnpal\htdocs\public_html\core\global_include.php on line 381
[2026-07-06 18:18:20] Undefined array key "cityID" in C:\xampp\Desktop\mdcnpal\htdocs\public_html\core\global_include.php on line 416
[2026-07-06 18:18:21] Creation of dynamic property app::$meta is deprecated in C:\xampp\Desktop\mdcnpal\htdocs\public_html\core\app.php on line 434
[2026-07-06 18:18:21] Creation of dynamic property app::$rs_gs_city is deprecated in C:\xampp\Desktop\mdcnpal\htdocs\public_html\core\app.php on line 434
[2026-07-06 18:18:21] Undefined array key "cityID" in C:\xampp\Desktop\mdcnpal\htdocs\public_html\core\global_include.php on line 468
[2026-07-06 18:18:21] Creation of dynamic property app::$rs_footer_popular_item is deprecated in C:\xampp\Desktop\mdcnpal\htdocs\public_html\core\app.php on line 434
[2026-07-06 18:18:21] Creation of dynamic property app::$rs_footer_popular_test is deprecated in C:\xampp\Desktop\mdcnpal\htdocs\public_html\core\app.php on line 434
[2026-07-06 18:18:21] Creation of dynamic property app::$rs_testimonial is deprecated in C:\xampp\Desktop\mdcnpal\htdocs\public_html\core\app.php on line 434
[2026-07-06 18:18:21] Creation of dynamic property app::$admin is deprecated in C:\xampp\Desktop\mdcnpal\htdocs\public_html\core\app.php on line 434
[2026-07-06 18:18:21] Undefined array key 0 in C:\xampp\Desktop\mdcnpal\htdocs\public_html\core\global_include.php on line 514
[2026-07-06 18:18:21] Creation of dynamic property app::$popup is deprecated in C:\xampp\Desktop\mdcnpal\htdocs\public_html\core\app.php on line 434
[2026-07-06 18:18:21] Undefined array key "MDRCCustID" in C:\xampp\Desktop\mdcnpal\htdocs\public_html\core\global_include.php on line 515
[2026-07-06 18:18:21] Undefined array key "MDRCToken" in C:\xampp\Desktop\mdcnpal\htdocs\public_html\core\global_include.php on line 515
[2026-07-06 18:18:21] Creation of dynamic property app::$rscategory is deprecated in C:\xampp\Desktop\mdcnpal\htdocs\public_html\core\app.php on line 434
[2026-07-06 18:18:21] Creation of dynamic property app::$rs_pages is deprecated in C:\xampp\Desktop\mdcnpal\htdocs\public_html\core\app.php on line 434
[2026-07-06 18:18:21] Creation of dynamic property app::$gs is deprecated in C:\xampp\Desktop\mdcnpal\htdocs\public_html\core\app.php on line 434
[2026-07-06 18:18:21] Undefined array key "MDRCCustID" in C:\xampp\Desktop\mdcnpal\htdocs\public_html\core\global_include.php on line 596
[2026-07-06 18:18:21] Undefined array key "MDRCCustID" in C:\xampp\Desktop\mdcnpal\htdocs\public_html\core\global_include.php on line 615
[2026-07-06 18:18:21] Undefined variable $getId in C:\xampp\Desktop\mdcnpal\htdocs\public_html\core\global_include.php on line 684
[2026-07-06 18:18:21] Undefined variable $getName in C:\xampp\Desktop\mdcnpal\htdocs\public_html\core\global_include.php on line 685
[2026-07-06 18:18:21] Undefined array key 0 in C:\xampp\Desktop\mdcnpal\htdocs\public_html\core\global_include.php on line 810
[2026-07-06 18:18:21] Creation of dynamic property app::$rs_offer_msg is deprecated in C:\xampp\Desktop\mdcnpal\htdocs\public_html\core\app.php on line 434
[2026-07-06 18:18:21] Creation of dynamic property app::$rs_for_doctors is deprecated in C:\xampp\Desktop\mdcnpal\htdocs\public_html\core\app.php on line 434
[2026-07-06 18:18:21] Creation of dynamic property app::$description is deprecated in C:\xampp\Desktop\mdcnpal\htdocs\public_html\core\app.php on line 434
[2026-07-06 18:18:21] Creation of dynamic property app::$rs_banner is deprecated in C:\xampp\Desktop\mdcnpal\htdocs\public_html\core\app.php on line 434
[2026-07-06 18:18:21] Creation of dynamic property app::$rs_item_diseases is deprecated in C:\xampp\Desktop\mdcnpal\htdocs\public_html\core\app.php on line 434
[2026-07-06 18:18:21] Creation of dynamic property app::$rs_item_home_category is deprecated in C:\xampp\Desktop\mdcnpal\htdocs\public_html\core\app.php on line 434
[2026-07-06 18:18:21] Creation of dynamic property app::$rs_item_banner_category is deprecated in C:\xampp\Desktop\mdcnpal\htdocs\public_html\core\app.php on line 434
[2026-07-06 18:18:21] Creation of dynamic property app::$rs_services is deprecated in C:\xampp\Desktop\mdcnpal\htdocs\public_html\core\app.php on line 434
[2026-07-06 18:18:21] Creation of dynamic property app::$rs_blog is deprecated in C:\xampp\Desktop\mdcnpal\htdocs\public_html\core\app.php on line 434
[2026-07-06 18:18:21] Creation of dynamic property app::$rs_category is deprecated in C:\xampp\Desktop\mdcnpal\htdocs\public_html\core\app.php on line 434
[2026-07-06 18:18:21] Creation of dynamic property app::$rs_faq_data is deprecated in C:\xampp\Desktop\mdcnpal\htdocs\public_html\core\app.php on line 434
[2026-07-06 18:18:21] Creation of dynamic property app::$rs_gallery_data is deprecated in C:\xampp\Desktop\mdcnpal\htdocs\public_html\core\app.php on line 434
[2026-07-06 18:18:21] Undefined array key "tempCityID" in C:\xampp\Desktop\mdcnpal\htdocs\public_html\includes\header.php on line 5
[2026-07-06 18:18:21] Undefined array key "items" in C:\xampp\Desktop\mdcnpal\htdocs\public_html\includes\header.php on line 16
[2026-07-06 18:18:21] Undefined array key "item_category" in C:\xampp\Desktop\mdcnpal\htdocs\public_html\includes\header.php on line 26
[2026-07-06 18:18:21] Undefined array key "item_diseases" in C:\xampp\Desktop\mdcnpal\htdocs\public_html\includes\header.php on line 33
[2026-07-06 18:18:21] Undefined property: app::$rs_cartmini in C:\xampp\Desktop\mdcnpal\htdocs\public_html\includes\header.php on line 131
[2026-07-06 18:18:21] Undefined array key "MDRCCustID" in C:\xampp\Desktop\mdcnpal\htdocs\public_html\includes\header.php on line 134
[2026-07-06 18:18:21] Undefined property: app::$rs_cartmini in C:\xampp\Desktop\mdcnpal\htdocs\public_html\includes\header.php on line 197
[2026-07-06 18:18:21] Undefined array key "MDRCCustID" in C:\xampp\Desktop\mdcnpal\htdocs\public_html\includes\header.php on line 200
[2026-07-06 18:18:21] Undefined property: app::$rs_cartmini in C:\xampp\Desktop\mdcnpal\htdocs\public_html\includes\header.php on line 469
[2026-07-06 18:18:21] Undefined array key "MDRCCustID" in C:\xampp\Desktop\mdcnpal\htdocs\public_html\includes\header.php on line 472
[2026-07-06 18:18:21] Undefined property: app::$rs_cartmini in C:\xampp\Desktop\mdcnpal\htdocs\public_html\includes\header.php on line 525
[2026-07-06 18:18:21] Undefined array key "MDRCCustID" in C:\xampp\Desktop\mdcnpal\htdocs\public_html\includes\header.php on line 528
[2026-07-06 18:18:21] Undefined property: app::$rs_customer in C:\xampp\Desktop\mdcnpal\htdocs\public_html\includes\header.php on line 712
[2026-07-06 18:18:21] Trying to access array offset on value of type null in C:\xampp\Desktop\mdcnpal\htdocs\public_html\includes\header.php on line 712
[2026-07-06 18:18:21] Undefined property: app::$rs_customer in C:\xampp\Desktop\mdcnpal\htdocs\public_html\includes\header.php on line 721
[2026-07-06 18:18:21] Trying to access array offset on value of type null in C:\xampp\Desktop\mdcnpal\htdocs\public_html\includes\header.php on line 721
[2026-07-06 18:18:21] Undefined property: app::$rs_customer in C:\xampp\Desktop\mdcnpal\htdocs\public_html\includes\header.php on line 730
[2026-07-06 18:18:21] Trying to access array offset on value of type null in C:\xampp\Desktop\mdcnpal\htdocs\public_html\includes\header.php on line 730
[2026-07-06 18:18:21] Undefined property: app::$rs_customer in C:\xampp\Desktop\mdcnpal\htdocs\public_html\includes\header.php on line 739
[2026-07-06 18:18:21] Trying to access array offset on value of type null in C:\xampp\Desktop\mdcnpal\htdocs\public_html\includes\header.php on line 739
[2026-07-06 18:18:21] Undefined variable $g_search_query in C:\xampp\Desktop\mdcnpal\htdocs\public_html\core\app.php(565) : eval()'d code on line 219
[2026-07-06 18:18:21] Undefined variable $department_cond in C:\xampp\Desktop\mdcnpal\htdocs\public_html\core\app.php(565) : eval()'d code on line 219
[2026-07-06 18:18:21] Undefined variable $type_cond in C:\xampp\Desktop\mdcnpal\htdocs\public_html\core\app.php(565) : eval()'d code on line 219
[2026-07-06 18:18:21] Undefined variable $dieses_cond in C:\xampp\Desktop\mdcnpal\htdocs\public_html\core\app.php(565) : eval()'d code on line 219
[2026-07-06 18:18:21] Undefined variable $popular_pack_cond in C:\xampp\Desktop\mdcnpal\htdocs\public_html\core\app.php(565) : eval()'d code on line 219
[2026-07-06 18:18:21] Undefined variable $g_search_query in C:\xampp\Desktop\mdcnpal\htdocs\public_html\core\app.php(565) : eval()'d code on line 219
[2026-07-06 18:18:21] Undefined variable $department_cond in C:\xampp\Desktop\mdcnpal\htdocs\public_html\core\app.php(565) : eval()'d code on line 219
[2026-07-06 18:18:21] Undefined variable $type_cond in C:\xampp\Desktop\mdcnpal\htdocs\public_html\core\app.php(565) : eval()'d code on line 219
[2026-07-06 18:18:21] Undefined variable $dieses_cond in C:\xampp\Desktop\mdcnpal\htdocs\public_html\core\app.php(565) : eval()'d code on line 219
[2026-07-06 18:18:21] Undefined variable $popular_pack_cond in C:\xampp\Desktop\mdcnpal\htdocs\public_html\core\app.php(565) : eval()'d code on line 219
[2026-07-06 18:18:21] Undefined variable $g_search_query in C:\xampp\Desktop\mdcnpal\htdocs\public_html\core\app.php(565) : eval()'d code on line 219
[2026-07-06 18:18:21] Undefined variable $department_cond in C:\xampp\Desktop\mdcnpal\htdocs\public_html\core\app.php(565) : eval()'d code on line 219
[2026-07-06 18:18:21] Undefined variable $type_cond in C:\xampp\Desktop\mdcnpal\htdocs\public_html\core\app.php(565) : eval()'d code on line 219
[2026-07-06 18:18:21] Undefined variable $dieses_cond in C:\xampp\Desktop\mdcnpal\htdocs\public_html\core\app.php(565) : eval()'d code on line 219
[2026-07-06 18:18:21] Undefined variable $popular_pack_cond in C:\xampp\Desktop\mdcnpal\htdocs\public_html\core\app.php(565) : eval()'d code on line 219
[2026-07-06 18:18:21] Undefined variable $g_search_query in C:\xampp\Desktop\mdcnpal\htdocs\public_html\core\app.php(565) : eval()'d code on line 219
[2026-07-06 18:18:21] Undefined variable $department_cond in C:\xampp\Desktop\mdcnpal\htdocs\public_html\core\app.php(565) : eval()'d code on line 219
[2026-07-06 18:18:21] Undefined variable $type_cond in C:\xampp\Desktop\mdcnpal\htdocs\public_html\core\app.php(565) : eval()'d code on line 219
[2026-07-06 18:18:21] Undefined variable $dieses_cond in C:\xampp\Desktop\mdcnpal\htdocs\public_html\core\app.php(565) : eval()'d code on line 219
[2026-07-06 18:18:21] Undefined variable $popular_pack_cond in C:\xampp\Desktop\mdcnpal\htdocs\public_html\core\app.php(565) : eval()'d code on line 219
[2026-07-06 18:18:21] Undefined variable $g_search_query in C:\xampp\Desktop\mdcnpal\htdocs\public_html\core\app.php(565) : eval()'d code on line 219
[2026-07-06 18:18:21] Undefined variable $department_cond in C:\xampp\Desktop\mdcnpal\htdocs\public_html\core\app.php(565) : eval()'d code on line 219
[2026-07-06 18:18:21] Undefined variable $type_cond in C:\xampp\Desktop\mdcnpal\htdocs\public_html\core\app.php(565) : eval()'d code on line 219
[2026-07-06 18:18:21] Undefined variable $dieses_cond in C:\xampp\Desktop\mdcnpal\htdocs\public_html\core\app.php(565) : eval()'d code on line 219
[2026-07-06 18:18:21] Undefined variable $popular_pack_cond in C:\xampp\Desktop\mdcnpal\htdocs\public_html\core\app.php(565) : eval()'d code on line 219
[2026-07-06 18:18:21] Undefined property: app::$rs_customer in C:\xampp\Desktop\mdcnpal\htdocs\public_html\includes\footer.php on line 357
[2026-07-06 18:18:21] Trying to access array offset on value of type null in C:\xampp\Desktop\mdcnpal\htdocs\public_html\includes\footer.php on line 357
[2026-07-06 18:18:21] Undefined property: app::$rs_customer in C:\xampp\Desktop\mdcnpal\htdocs\public_html\includes\footer.php on line 366
[2026-07-06 18:18:21] Trying to access array offset on value of type null in C:\xampp\Desktop\mdcnpal\htdocs\public_html\includes\footer.php on line 366
[2026-07-06 18:18:21] Undefined property: app::$rs_customer in C:\xampp\Desktop\mdcnpal\htdocs\public_html\includes\footer.php on line 372
[2026-07-06 18:18:21] Trying to access array offset on value of type null in C:\xampp\Desktop\mdcnpal\htdocs\public_html\includes\footer.php on line 372
[2026-07-06 18:18:21] Undefined property: app::$rs_customer in C:\xampp\Desktop\mdcnpal\htdocs\public_html\includes\general_data.php on line 88
[2026-07-06 18:18:21] Trying to access array offset on value of type null in C:\xampp\Desktop\mdcnpal\htdocs\public_html\includes\general_data.php on line 88
[2026-07-06 18:18:21] Undefined array key "MDRCCustID" in C:\xampp\Desktop\mdcnpal\htdocs\public_html\includes\general_data.php on line 88
[2026-07-06 18:18:21] Undefined variable $tmpStr in C:\xampp\Desktop\mdcnpal\htdocs\public_html\core\app.php on line 971
[2026-07-06 18:18:26] Creation of dynamic property dbclass::$RECORD_SET is deprecated in C:\xampp\Desktop\mdcnpal\htdocs\public_html\core\dbclass.php on line 69
[2026-07-06 18:18:26] Creation of dynamic property dbclass::$app is deprecated in C:\xampp\Desktop\mdcnpal\htdocs\public_html\core\dbclass.php on line 75
[2026-07-06 18:18:26] Creation of dynamic property model::$foreign_tables is deprecated in C:\xampp\Desktop\mdcnpal\htdocs\public_html\core\model.php on line 43
[2026-07-06 18:18:26] Creation of dynamic property app::$inputfilter is deprecated in C:\xampp\Desktop\mdcnpal\htdocs\public_html\core\app.php on line 123
[2026-07-06 18:18:26] Creation of dynamic property app::$userconfig is deprecated in C:\xampp\Desktop\mdcnpal\htdocs\public_html\core\app.php on line 124
[2026-07-06 18:18:26] Creation of dynamic property app::$global_include is deprecated in C:\xampp\Desktop\mdcnpal\htdocs\public_html\core\app.php on line 125
[2026-07-06 18:18:26] Creation of dynamic property app::$set_cache_time is deprecated in C:\xampp\Desktop\mdcnpal\htdocs\public_html\core\app.php on line 153
[2026-07-06 18:18:26] Creation of dynamic property app::$meta is deprecated in C:\xampp\Desktop\mdcnpal\htdocs\public_html\core\app.php on line 434
[2026-07-06 18:18:26] Creation of dynamic property app::$rs_gs_city is deprecated in C:\xampp\Desktop\mdcnpal\htdocs\public_html\core\app.php on line 434
[2026-07-06 18:18:26] Creation of dynamic property app::$rs_footer_popular_item is deprecated in C:\xampp\Desktop\mdcnpal\htdocs\public_html\core\app.php on line 434
[2026-07-06 18:18:26] Creation of dynamic property app::$rs_footer_popular_test is deprecated in C:\xampp\Desktop\mdcnpal\htdocs\public_html\core\app.php on line 434
[2026-07-06 18:18:26] Creation of dynamic property app::$rs_testimonial is deprecated in C:\xampp\Desktop\mdcnpal\htdocs\public_html\core\app.php on line 434
[2026-07-06 18:18:26] Creation of dynamic property app::$admin is deprecated in C:\xampp\Desktop\mdcnpal\htdocs\public_html\core\app.php on line 434
[2026-07-06 18:18:26] Undefined array key 0 in C:\xampp\Desktop\mdcnpal\htdocs\public_html\core\global_include.php on line 514
[2026-07-06 18:18:26] Creation of dynamic property app::$popup is deprecated in C:\xampp\Desktop\mdcnpal\htdocs\public_html\core\app.php on line 434
[2026-07-06 18:18:26] Undefined array key "MDRCCustID" in C:\xampp\Desktop\mdcnpal\htdocs\public_html\core\global_include.php on line 515
[2026-07-06 18:18:26] Undefined array key "MDRCToken" in C:\xampp\Desktop\mdcnpal\htdocs\public_html\core\global_include.php on line 515
[2026-07-06 18:18:26] Creation of dynamic property app::$rscategory is deprecated in C:\xampp\Desktop\mdcnpal\htdocs\public_html\core\app.php on line 434
[2026-07-06 18:18:26] Creation of dynamic property app::$rs_pages is deprecated in C:\xampp\Desktop\mdcnpal\htdocs\public_html\core\app.php on line 434
[2026-07-06 18:18:26] Creation of dynamic property app::$gs is deprecated in C:\xampp\Desktop\mdcnpal\htdocs\public_html\core\app.php on line 434
[2026-07-06 18:18:26] Undefined array key "MDRCCustID" in C:\xampp\Desktop\mdcnpal\htdocs\public_html\core\global_include.php on line 596
[2026-07-06 18:18:26] Undefined array key "MDRCCustID" in C:\xampp\Desktop\mdcnpal\htdocs\public_html\core\global_include.php on line 615
[2026-07-06 18:18:26] Undefined variable $getId in C:\xampp\Desktop\mdcnpal\htdocs\public_html\core\global_include.php on line 684
[2026-07-06 18:18:26] Undefined variable $getName in C:\xampp\Desktop\mdcnpal\htdocs\public_html\core\global_include.php on line 685
[2026-07-06 18:18:26] Undefined array key 0 in C:\xampp\Desktop\mdcnpal\htdocs\public_html\core\global_include.php on line 810
[2026-07-06 18:18:26] Creation of dynamic property app::$rs_offer_msg is deprecated in C:\xampp\Desktop\mdcnpal\htdocs\public_html\core\app.php on line 434
[2026-07-06 18:18:27] Creation of dynamic property app::$rs_for_doctors is deprecated in C:\xampp\Desktop\mdcnpal\htdocs\public_html\core\app.php on line 434
[2026-07-06 18:18:27] Creation of dynamic property app::$rs_blog_category is deprecated in C:\xampp\Desktop\mdcnpal\htdocs\public_html\core\app.php on line 434
[2026-07-06 18:18:27] Creation of dynamic property app::$array_bread is deprecated in C:\xampp\Desktop\mdcnpal\htdocs\public_html\core\app.php on line 434
[2026-07-06 18:18:27] Creation of dynamic property app::$CatId is deprecated in C:\xampp\Desktop\mdcnpal\htdocs\public_html\core\app.php on line 434
[2026-07-06 18:18:27] Creation of dynamic property app::$TagId is deprecated in C:\xampp\Desktop\mdcnpal\htdocs\public_html\core\app.php on line 434
[2026-07-06 18:18:27] Creation of dynamic property app::$rs_data is deprecated in C:\xampp\Desktop\mdcnpal\htdocs\public_html\core\app.php on line 434
[2026-07-06 18:18:27] Undefined property: app::$rs_cartmini in C:\xampp\Desktop\mdcnpal\htdocs\public_html\includes\header.php on line 131
[2026-07-06 18:18:27] Undefined array key "MDRCCustID" in C:\xampp\Desktop\mdcnpal\htdocs\public_html\includes\header.php on line 134
[2026-07-06 18:18:27] Undefined property: app::$rs_cartmini in C:\xampp\Desktop\mdcnpal\htdocs\public_html\includes\header.php on line 197
[2026-07-06 18:18:27] Undefined array key "MDRCCustID" in C:\xampp\Desktop\mdcnpal\htdocs\public_html\includes\header.php on line 200
[2026-07-06 18:18:27] Undefined property: app::$rs_cartmini in C:\xampp\Desktop\mdcnpal\htdocs\public_html\includes\header.php on line 469
[2026-07-06 18:18:27] Undefined array key "MDRCCustID" in C:\xampp\Desktop\mdcnpal\htdocs\public_html\includes\header.php on line 472
[2026-07-06 18:18:27] Undefined property: app::$rs_cartmini in C:\xampp\Desktop\mdcnpal\htdocs\public_html\includes\header.php on line 525
[2026-07-06 18:18:27] Undefined array key "MDRCCustID" in C:\xampp\Desktop\mdcnpal\htdocs\public_html\includes\header.php on line 528
[2026-07-06 18:18:27] Undefined property: app::$rs_customer in C:\xampp\Desktop\mdcnpal\htdocs\public_html\includes\header.php on line 712
[2026-07-06 18:18:27] Trying to access array offset on value of type null in C:\xampp\Desktop\mdcnpal\htdocs\public_html\includes\header.php on line 712
[2026-07-06 18:18:27] Undefined property: app::$rs_customer in C:\xampp\Desktop\mdcnpal\htdocs\public_html\includes\header.php on line 721
[2026-07-06 18:18:27] Trying to access array offset on value of type null in C:\xampp\Desktop\mdcnpal\htdocs\public_html\includes\header.php on line 721
[2026-07-06 18:18:27] Undefined property: app::$rs_customer in C:\xampp\Desktop\mdcnpal\htdocs\public_html\includes\header.php on line 730
[2026-07-06 18:18:27] Trying to access array offset on value of type null in C:\xampp\Desktop\mdcnpal\htdocs\public_html\includes\header.php on line 730
[2026-07-06 18:18:27] Undefined property: app::$rs_customer in C:\xampp\Desktop\mdcnpal\htdocs\public_html\includes\header.php on line 739
[2026-07-06 18:18:27] Trying to access array offset on value of type null in C:\xampp\Desktop\mdcnpal\htdocs\public_html\includes\header.php on line 739
[2026-07-06 18:18:27] Undefined property: app::$rs_customer in C:\xampp\Desktop\mdcnpal\htdocs\public_html\includes\footer.php on line 357
[2026-07-06 18:18:27] Trying to access array offset on value of type null in C:\xampp\Desktop\mdcnpal\htdocs\public_html\includes\footer.php on line 357
[2026-07-06 18:18:27] Undefined property: app::$rs_customer in C:\xampp\Desktop\mdcnpal\htdocs\public_html\includes\footer.php on line 366
[2026-07-06 18:18:27] Trying to access array offset on value of type null in C:\xampp\Desktop\mdcnpal\htdocs\public_html\includes\footer.php on line 366
[2026-07-06 18:18:27] Undefined property: app::$rs_customer in C:\xampp\Desktop\mdcnpal\htdocs\public_html\includes\footer.php on line 372
[2026-07-06 18:18:27] Trying to access array offset on value of type null in C:\xampp\Desktop\mdcnpal\htdocs\public_html\includes\footer.php on line 372
[2026-07-06 18:18:27] Undefined property: app::$rs_customer in C:\xampp\Desktop\mdcnpal\htdocs\public_html\includes\general_data.php on line 88
[2026-07-06 18:18:27] Trying to access array offset on value of type null in C:\xampp\Desktop\mdcnpal\htdocs\public_html\includes\general_data.php on line 88
[2026-07-06 18:18:27] Undefined array key "MDRCCustID" in C:\xampp\Desktop\mdcnpal\htdocs\public_html\includes\general_data.php on line 88
[2026-07-06 18:18:27] Undefined variable $tmpStr in C:\xampp\Desktop\mdcnpal\htdocs\public_html\core\app.php on line 971
[2026-07-06 18:18:31] Creation of dynamic property dbclass::$RECORD_SET is deprecated in C:\xampp\Desktop\mdcnpal\htdocs\public_html\core\dbclass.php on line 69
[2026-07-06 18:18:31] Creation of dynamic property dbclass::$app is deprecated in C:\xampp\Desktop\mdcnpal\htdocs\public_html\core\dbclass.php on line 75
[2026-07-06 18:18:31] Creation of dynamic property model::$foreign_tables is deprecated in C:\xampp\Desktop\mdcnpal\htdocs\public_html\core\model.php on line 43
[2026-07-06 18:18:31] Creation of dynamic property app::$inputfilter is deprecated in C:\xampp\Desktop\mdcnpal\htdocs\public_html\core\app.php on line 123
[2026-07-06 18:18:32] Creation of dynamic property app::$userconfig is deprecated in C:\xampp\Desktop\mdcnpal\htdocs\public_html\core\app.php on line 124
[2026-07-06 18:18:32] Creation of dynamic property app::$global_include is deprecated in C:\xampp\Desktop\mdcnpal\htdocs\public_html\core\app.php on line 125
[2026-07-06 18:18:32] Creation of dynamic property app::$set_cache_time is deprecated in C:\xampp\Desktop\mdcnpal\htdocs\public_html\core\app.php on line 153
[06-Jul-2026 18:18:32 Asia/Kathmandu] PHP Fatal error:  Uncaught mysqli_sql_exception: Invalid character set was provided in C:\xampp\Desktop\mdcnpal\htdocs\public_html\scripts\ajax\get_blog.php:2
Stack trace:
#0 C:\xampp\Desktop\mdcnpal\htdocs\public_html\scripts\ajax\get_blog.php(2): mysqli_set_charset(Object(mysqli), 'utf-8')
#1 C:\xampp\Desktop\mdcnpal\htdocs\public_html\scripts\ajax\index.php(15): include('C:\\xampp\\Deskto...')
#2 {main}
  thrown in C:\xampp\Desktop\mdcnpal\htdocs\public_html\scripts\ajax\get_blog.php on line 2
[2026-07-06 18:18:36] Creation of dynamic property dbclass::$RECORD_SET is deprecated in C:\xampp\Desktop\mdcnpal\htdocs\public_html\core\dbclass.php on line 69
[2026-07-06 18:18:36] Creation of dynamic property dbclass::$app is deprecated in C:\xampp\Desktop\mdcnpal\htdocs\public_html\core\dbclass.php on line 75
[2026-07-06 18:18:36] Creation of dynamic property model::$foreign_tables is deprecated in C:\xampp\Desktop\mdcnpal\htdocs\public_html\core\model.php on line 43
[2026-07-06 18:18:36] Creation of dynamic property app::$inputfilter is deprecated in C:\xampp\Desktop\mdcnpal\htdocs\public_html\core\app.php on line 123
[2026-07-06 18:18:36] Creation of dynamic property app::$userconfig is deprecated in C:\xampp\Desktop\mdcnpal\htdocs\public_html\core\app.php on line 124
[2026-07-06 18:18:36] Creation of dynamic property app::$global_include is deprecated in C:\xampp\Desktop\mdcnpal\htdocs\public_html\core\app.php on line 125
[2026-07-06 18:18:36] Creation of dynamic property app::$set_cache_time is deprecated in C:\xampp\Desktop\mdcnpal\htdocs\public_html\core\app.php on line 153
[2026-07-06 18:18:36] Undefined variable $RESULT in C:\xampp\Desktop\mdcnpal\htdocs\public_html\scripts\ajax\selectCityUsingGoogleMapApi.php on line 69
[2026-07-06 18:18:36] Undefined variable $URL in C:\xampp\Desktop\mdcnpal\htdocs\public_html\scripts\ajax\selectCityUsingGoogleMapApi.php on line 73
[2026-07-06 18:19:15] Creation of dynamic property dbclass::$RECORD_SET is deprecated in C:\xampp\Desktop\mdcnpal\htdocs\public_html\core\dbclass.php on line 69
[2026-07-06 18:19:15] Creation of dynamic property dbclass::$app is deprecated in C:\xampp\Desktop\mdcnpal\htdocs\public_html\core\dbclass.php on line 75
[2026-07-06 18:19:15] Creation of dynamic property model::$foreign_tables is deprecated in C:\xampp\Desktop\mdcnpal\htdocs\public_html\core\model.php on line 43
[2026-07-06 18:19:15] Creation of dynamic property app::$inputfilter is deprecated in C:\xampp\Desktop\mdcnpal\htdocs\public_html\core\app.php on line 123
[2026-07-06 18:19:15] Creation of dynamic property app::$userconfig is deprecated in C:\xampp\Desktop\mdcnpal\htdocs\public_html\core\app.php on line 124
[2026-07-06 18:19:15] Creation of dynamic property app::$global_include is deprecated in C:\xampp\Desktop\mdcnpal\htdocs\public_html\core\app.php on line 125
[2026-07-06 18:19:15] Creation of dynamic property app::$set_cache_time is deprecated in C:\xampp\Desktop\mdcnpal\htdocs\public_html\core\app.php on line 153
[2026-07-06 18:19:15] mysqli_real_escape_string(): Passing null to parameter #2 ($string) of type string is deprecated in C:\xampp\Desktop\mdcnpal\htdocs\public_html\scripts\ajax\get_blog.php on line 8
[2026-07-06 18:19:15] Creation of dynamic property dbclass::$RECORD_SET is deprecated in C:\xampp\Desktop\mdcnpal\htdocs\public_html\core\dbclass.php on line 69
[2026-07-06 18:19:15] Creation of dynamic property dbclass::$app is deprecated in C:\xampp\Desktop\mdcnpal\htdocs\public_html\core\dbclass.php on line 75
[2026-07-06 18:19:15] Creation of dynamic property model::$foreign_tables is deprecated in C:\xampp\Desktop\mdcnpal\htdocs\public_html\core\model.php on line 43
[2026-07-06 18:19:15] Creation of dynamic property app::$inputfilter is deprecated in C:\xampp\Desktop\mdcnpal\htdocs\public_html\core\app.php on line 123
[2026-07-06 18:19:15] Creation of dynamic property app::$userconfig is deprecated in C:\xampp\Desktop\mdcnpal\htdocs\public_html\core\app.php on line 124
[2026-07-06 18:19:15] Creation of dynamic property app::$global_include is deprecated in C:\xampp\Desktop\mdcnpal\htdocs\public_html\core\app.php on line 125
[2026-07-06 18:19:15] Creation of dynamic property app::$set_cache_time is deprecated in C:\xampp\Desktop\mdcnpal\htdocs\public_html\core\app.php on line 153
[2026-07-06 18:19:15] Undefined array key "cityID" in C:\xampp\Desktop\mdcnpal\htdocs\public_html\core\global_include.php on line 381
[2026-07-06 18:19:15] Undefined array key "cityID" in C:\xampp\Desktop\mdcnpal\htdocs\public_html\core\global_include.php on line 416
[2026-07-06 18:19:15] Creation of dynamic property app::$meta is deprecated in C:\xampp\Desktop\mdcnpal\htdocs\public_html\core\app.php on line 434
[2026-07-06 18:19:15] Creation of dynamic property app::$rs_gs_city is deprecated in C:\xampp\Desktop\mdcnpal\htdocs\public_html\core\app.php on line 434
[2026-07-06 18:19:15] Undefined array key "cityID" in C:\xampp\Desktop\mdcnpal\htdocs\public_html\core\global_include.php on line 468
[2026-07-06 18:19:15] Creation of dynamic property app::$rs_footer_popular_item is deprecated in C:\xampp\Desktop\mdcnpal\htdocs\public_html\core\app.php on line 434
[2026-07-06 18:19:15] Creation of dynamic property app::$rs_footer_popular_test is deprecated in C:\xampp\Desktop\mdcnpal\htdocs\public_html\core\app.php on line 434
[2026-07-06 18:19:15] Creation of dynamic property app::$rs_testimonial is deprecated in C:\xampp\Desktop\mdcnpal\htdocs\public_html\core\app.php on line 434
[2026-07-06 18:19:15] Creation of dynamic property app::$admin is deprecated in C:\xampp\Desktop\mdcnpal\htdocs\public_html\core\app.php on line 434
[2026-07-06 18:19:15] Undefined array key 0 in C:\xampp\Desktop\mdcnpal\htdocs\public_html\core\global_include.php on line 514
[2026-07-06 18:19:15] Creation of dynamic property app::$popup is deprecated in C:\xampp\Desktop\mdcnpal\htdocs\public_html\core\app.php on line 434
[2026-07-06 18:19:15] Undefined array key "MDRCCustID" in C:\xampp\Desktop\mdcnpal\htdocs\public_html\core\global_include.php on line 515
[2026-07-06 18:19:15] Undefined array key "MDRCToken" in C:\xampp\Desktop\mdcnpal\htdocs\public_html\core\global_include.php on line 515
[2026-07-06 18:19:15] Creation of dynamic property app::$rscategory is deprecated in C:\xampp\Desktop\mdcnpal\htdocs\public_html\core\app.php on line 434
[2026-07-06 18:19:15] Creation of dynamic property app::$rs_pages is deprecated in C:\xampp\Desktop\mdcnpal\htdocs\public_html\core\app.php on line 434
[2026-07-06 18:19:15] Creation of dynamic property app::$gs is deprecated in C:\xampp\Desktop\mdcnpal\htdocs\public_html\core\app.php on line 434
[2026-07-06 18:19:15] Undefined array key "MDRCCustID" in C:\xampp\Desktop\mdcnpal\htdocs\public_html\core\global_include.php on line 596
[2026-07-06 18:19:15] Undefined array key "MDRCCustID" in C:\xampp\Desktop\mdcnpal\htdocs\public_html\core\global_include.php on line 615
[2026-07-06 18:19:15] Undefined variable $getId in C:\xampp\Desktop\mdcnpal\htdocs\public_html\core\global_include.php on line 684
[2026-07-06 18:19:15] Undefined variable $getName in C:\xampp\Desktop\mdcnpal\htdocs\public_html\core\global_include.php on line 685
[2026-07-06 18:19:15] Undefined array key 0 in C:\xampp\Desktop\mdcnpal\htdocs\public_html\core\global_include.php on line 810
[2026-07-06 18:19:15] Creation of dynamic property app::$rs_offer_msg is deprecated in C:\xampp\Desktop\mdcnpal\htdocs\public_html\core\app.php on line 434
[2026-07-06 18:19:15] Creation of dynamic property app::$rs_for_doctors is deprecated in C:\xampp\Desktop\mdcnpal\htdocs\public_html\core\app.php on line 434
[2026-07-06 18:19:15] Creation of dynamic property app::$rs_blog_category is deprecated in C:\xampp\Desktop\mdcnpal\htdocs\public_html\core\app.php on line 434
[2026-07-06 18:19:15] Creation of dynamic property app::$array_bread is deprecated in C:\xampp\Desktop\mdcnpal\htdocs\public_html\core\app.php on line 434
[2026-07-06 18:19:15] Creation of dynamic property app::$CatId is deprecated in C:\xampp\Desktop\mdcnpal\htdocs\public_html\core\app.php on line 434
[2026-07-06 18:19:15] Creation of dynamic property app::$TagId is deprecated in C:\xampp\Desktop\mdcnpal\htdocs\public_html\core\app.php on line 434
[2026-07-06 18:19:15] Creation of dynamic property app::$rs_data is deprecated in C:\xampp\Desktop\mdcnpal\htdocs\public_html\core\app.php on line 434
[2026-07-06 18:19:15] Undefined array key "tempCityID" in C:\xampp\Desktop\mdcnpal\htdocs\public_html\includes\header.php on line 5
[2026-07-06 18:19:15] Undefined array key "items" in C:\xampp\Desktop\mdcnpal\htdocs\public_html\includes\header.php on line 16
[2026-07-06 18:19:15] Undefined array key "item_category" in C:\xampp\Desktop\mdcnpal\htdocs\public_html\includes\header.php on line 26
[2026-07-06 18:19:15] Undefined array key "item_diseases" in C:\xampp\Desktop\mdcnpal\htdocs\public_html\includes\header.php on line 33
[2026-07-06 18:19:15] Undefined property: app::$rs_cartmini in C:\xampp\Desktop\mdcnpal\htdocs\public_html\includes\header.php on line 131
[2026-07-06 18:19:15] Undefined array key "MDRCCustID" in C:\xampp\Desktop\mdcnpal\htdocs\public_html\includes\header.php on line 134
[2026-07-06 18:19:15] Undefined property: app::$rs_cartmini in C:\xampp\Desktop\mdcnpal\htdocs\public_html\includes\header.php on line 197
[2026-07-06 18:19:15] Undefined array key "MDRCCustID" in C:\xampp\Desktop\mdcnpal\htdocs\public_html\includes\header.php on line 200
[2026-07-06 18:19:15] Undefined property: app::$rs_cartmini in C:\xampp\Desktop\mdcnpal\htdocs\public_html\includes\header.php on line 469
[2026-07-06 18:19:15] Undefined array key "MDRCCustID" in C:\xampp\Desktop\mdcnpal\htdocs\public_html\includes\header.php on line 472
[2026-07-06 18:19:15] Undefined property: app::$rs_cartmini in C:\xampp\Desktop\mdcnpal\htdocs\public_html\includes\header.php on line 525
[2026-07-06 18:19:15] Undefined array key "MDRCCustID" in C:\xampp\Desktop\mdcnpal\htdocs\public_html\includes\header.php on line 528
[2026-07-06 18:19:15] Undefined property: app::$rs_customer in C:\xampp\Desktop\mdcnpal\htdocs\public_html\includes\header.php on line 712
[2026-07-06 18:19:15] Trying to access array offset on value of type null in C:\xampp\Desktop\mdcnpal\htdocs\public_html\includes\header.php on line 712
[2026-07-06 18:19:15] Undefined property: app::$rs_customer in C:\xampp\Desktop\mdcnpal\htdocs\public_html\includes\header.php on line 721
[2026-07-06 18:19:15] Trying to access array offset on value of type null in C:\xampp\Desktop\mdcnpal\htdocs\public_html\includes\header.php on line 721
[2026-07-06 18:19:15] Undefined property: app::$rs_customer in C:\xampp\Desktop\mdcnpal\htdocs\public_html\includes\header.php on line 730
[2026-07-06 18:19:15] Trying to access array offset on value of type null in C:\xampp\Desktop\mdcnpal\htdocs\public_html\includes\header.php on line 730
[2026-07-06 18:19:15] Undefined property: app::$rs_customer in C:\xampp\Desktop\mdcnpal\htdocs\public_html\includes\header.php on line 739
[2026-07-06 18:19:15] Trying to access array offset on value of type null in C:\xampp\Desktop\mdcnpal\htdocs\public_html\includes\header.php on line 739
[2026-07-06 18:19:15] Undefined property: app::$rs_customer in C:\xampp\Desktop\mdcnpal\htdocs\public_html\includes\footer.php on line 357
[2026-07-06 18:19:15] Trying to access array offset on value of type null in C:\xampp\Desktop\mdcnpal\htdocs\public_html\includes\footer.php on line 357
[2026-07-06 18:19:15] Undefined property: app::$rs_customer in C:\xampp\Desktop\mdcnpal\htdocs\public_html\includes\footer.php on line 366
[2026-07-06 18:19:15] Trying to access array offset on value of type null in C:\xampp\Desktop\mdcnpal\htdocs\public_html\includes\footer.php on line 366
[2026-07-06 18:19:15] Undefined property: app::$rs_customer in C:\xampp\Desktop\mdcnpal\htdocs\public_html\includes\footer.php on line 372
[2026-07-06 18:19:15] Trying to access array offset on value of type null in C:\xampp\Desktop\mdcnpal\htdocs\public_html\includes\footer.php on line 372
[2026-07-06 18:19:15] Undefined property: app::$rs_customer in C:\xampp\Desktop\mdcnpal\htdocs\public_html\includes\general_data.php on line 88
[2026-07-06 18:19:15] Trying to access array offset on value of type null in C:\xampp\Desktop\mdcnpal\htdocs\public_html\includes\general_data.php on line 88
[2026-07-06 18:19:15] Undefined array key "MDRCCustID" in C:\xampp\Desktop\mdcnpal\htdocs\public_html\includes\general_data.php on line 88
[2026-07-06 18:19:15] Undefined variable $tmpStr in C:\xampp\Desktop\mdcnpal\htdocs\public_html\core\app.php on line 971
[2026-07-06 18:19:33] Creation of dynamic property dbclass::$RECORD_SET is deprecated in C:\xampp\Desktop\mdcnpal\htdocs\public_html\core\dbclass.php on line 69
[2026-07-06 18:19:33] Creation of dynamic property dbclass::$app is deprecated in C:\xampp\Desktop\mdcnpal\htdocs\public_html\core\dbclass.php on line 75
[2026-07-06 18:19:33] Creation of dynamic property model::$foreign_tables is deprecated in C:\xampp\Desktop\mdcnpal\htdocs\public_html\core\model.php on line 43
[2026-07-06 18:19:33] Creation of dynamic property app::$inputfilter is deprecated in C:\xampp\Desktop\mdcnpal\htdocs\public_html\core\app.php on line 123
[2026-07-06 18:19:33] Creation of dynamic property app::$userconfig is deprecated in C:\xampp\Desktop\mdcnpal\htdocs\public_html\core\app.php on line 124
[2026-07-06 18:19:33] Creation of dynamic property app::$global_include is deprecated in C:\xampp\Desktop\mdcnpal\htdocs\public_html\core\app.php on line 125
[2026-07-06 18:19:33] Creation of dynamic property app::$set_cache_time is deprecated in C:\xampp\Desktop\mdcnpal\htdocs\public_html\core\app.php on line 153
[2026-07-06 18:19:33] Creation of dynamic property app::$meta is deprecated in C:\xampp\Desktop\mdcnpal\htdocs\public_html\core\app.php on line 434
[2026-07-06 18:19:33] Creation of dynamic property app::$rs_gs_city is deprecated in C:\xampp\Desktop\mdcnpal\htdocs\public_html\core\app.php on line 434
[2026-07-06 18:19:33] Creation of dynamic property app::$rs_footer_popular_item is deprecated in C:\xampp\Desktop\mdcnpal\htdocs\public_html\core\app.php on line 434
[2026-07-06 18:19:33] Creation of dynamic property app::$rs_footer_popular_test is deprecated in C:\xampp\Desktop\mdcnpal\htdocs\public_html\core\app.php on line 434
[2026-07-06 18:19:33] Creation of dynamic property app::$rs_testimonial is deprecated in C:\xampp\Desktop\mdcnpal\htdocs\public_html\core\app.php on line 434
[2026-07-06 18:19:33] Creation of dynamic property app::$admin is deprecated in C:\xampp\Desktop\mdcnpal\htdocs\public_html\core\app.php on line 434
[2026-07-06 18:19:33] Undefined array key 0 in C:\xampp\Desktop\mdcnpal\htdocs\public_html\core\global_include.php on line 514
[2026-07-06 18:19:33] Creation of dynamic property app::$popup is deprecated in C:\xampp\Desktop\mdcnpal\htdocs\public_html\core\app.php on line 434
[2026-07-06 18:19:33] Undefined array key "MDRCCustID" in C:\xampp\Desktop\mdcnpal\htdocs\public_html\core\global_include.php on line 515
[2026-07-06 18:19:33] Undefined array key "MDRCToken" in C:\xampp\Desktop\mdcnpal\htdocs\public_html\core\global_include.php on line 515
[2026-07-06 18:19:33] Creation of dynamic property app::$rscategory is deprecated in C:\xampp\Desktop\mdcnpal\htdocs\public_html\core\app.php on line 434
[2026-07-06 18:19:33] Creation of dynamic property app::$rs_pages is deprecated in C:\xampp\Desktop\mdcnpal\htdocs\public_html\core\app.php on line 434
[2026-07-06 18:19:33] Creation of dynamic property app::$gs is deprecated in C:\xampp\Desktop\mdcnpal\htdocs\public_html\core\app.php on line 434
[2026-07-06 18:19:33] Undefined array key "MDRCCustID" in C:\xampp\Desktop\mdcnpal\htdocs\public_html\core\global_include.php on line 596
[2026-07-06 18:19:33] Undefined array key "MDRCCustID" in C:\xampp\Desktop\mdcnpal\htdocs\public_html\core\global_include.php on line 615
[2026-07-06 18:19:33] Undefined variable $getId in C:\xampp\Desktop\mdcnpal\htdocs\public_html\core\global_include.php on line 684
[2026-07-06 18:19:33] Undefined variable $getName in C:\xampp\Desktop\mdcnpal\htdocs\public_html\core\global_include.php on line 685
[2026-07-06 18:19:33] Undefined array key 0 in C:\xampp\Desktop\mdcnpal\htdocs\public_html\core\global_include.php on line 810
[2026-07-06 18:19:33] Creation of dynamic property app::$rs_offer_msg is deprecated in C:\xampp\Desktop\mdcnpal\htdocs\public_html\core\app.php on line 434
[2026-07-06 18:19:33] Creation of dynamic property app::$rs_for_doctors is deprecated in C:\xampp\Desktop\mdcnpal\htdocs\public_html\core\app.php on line 434
[2026-07-06 18:19:33] Creation of dynamic property app::$rs_blog_category is deprecated in C:\xampp\Desktop\mdcnpal\htdocs\public_html\core\app.php on line 434
[2026-07-06 18:19:33] Creation of dynamic property app::$array_bread is deprecated in C:\xampp\Desktop\mdcnpal\htdocs\public_html\core\app.php on line 434
[2026-07-06 18:19:33] Creation of dynamic property app::$CatId is deprecated in C:\xampp\Desktop\mdcnpal\htdocs\public_html\core\app.php on line 434
[2026-07-06 18:19:33] Creation of dynamic property app::$TagId is deprecated in C:\xampp\Desktop\mdcnpal\htdocs\public_html\core\app.php on line 434
[2026-07-06 18:19:33] Creation of dynamic property app::$rs_data is deprecated in C:\xampp\Desktop\mdcnpal\htdocs\public_html\core\app.php on line 434
[2026-07-06 18:19:33] Undefined property: app::$rs_cartmini in C:\xampp\Desktop\mdcnpal\htdocs\public_html\includes\header.php on line 131
[2026-07-06 18:19:33] Undefined array key "MDRCCustID" in C:\xampp\Desktop\mdcnpal\htdocs\public_html\includes\header.php on line 134
[2026-07-06 18:19:33] Undefined property: app::$rs_cartmini in C:\xampp\Desktop\mdcnpal\htdocs\public_html\includes\header.php on line 197
[2026-07-06 18:19:33] Undefined array key "MDRCCustID" in C:\xampp\Desktop\mdcnpal\htdocs\public_html\includes\header.php on line 200
[2026-07-06 18:19:33] Undefined property: app::$rs_cartmini in C:\xampp\Desktop\mdcnpal\htdocs\public_html\includes\header.php on line 469
[2026-07-06 18:19:33] Undefined array key "MDRCCustID" in C:\xampp\Desktop\mdcnpal\htdocs\public_html\includes\header.php on line 472
[2026-07-06 18:19:33] Undefined property: app::$rs_cartmini in C:\xampp\Desktop\mdcnpal\htdocs\public_html\includes\header.php on line 525
[2026-07-06 18:19:33] Undefined array key "MDRCCustID" in C:\xampp\Desktop\mdcnpal\htdocs\public_html\includes\header.php on line 528
[2026-07-06 18:19:33] Undefined property: app::$rs_customer in C:\xampp\Desktop\mdcnpal\htdocs\public_html\includes\header.php on line 712
[2026-07-06 18:19:33] Trying to access array offset on value of type null in C:\xampp\Desktop\mdcnpal\htdocs\public_html\includes\header.php on line 712
[2026-07-06 18:19:33] Undefined property: app::$rs_customer in C:\xampp\Desktop\mdcnpal\htdocs\public_html\includes\header.php on line 721
[2026-07-06 18:19:33] Trying to access array offset on value of type null in C:\xampp\Desktop\mdcnpal\htdocs\public_html\includes\header.php on line 721
[2026-07-06 18:19:33] Undefined property: app::$rs_customer in C:\xampp\Desktop\mdcnpal\htdocs\public_html\includes\header.php on line 730
[2026-07-06 18:19:33] Trying to access array offset on value of type null in C:\xampp\Desktop\mdcnpal\htdocs\public_html\includes\header.php on line 730
[2026-07-06 18:19:33] Undefined property: app::$rs_customer in C:\xampp\Desktop\mdcnpal\htdocs\public_html\includes\header.php on line 739
[2026-07-06 18:19:33] Trying to access array offset on value of type null in C:\xampp\Desktop\mdcnpal\htdocs\public_html\includes\header.php on line 739
[2026-07-06 18:19:33] Undefined property: app::$rs_customer in C:\xampp\Desktop\mdcnpal\htdocs\public_html\includes\footer.php on line 357
[2026-07-06 18:19:33] Trying to access array offset on value of type null in C:\xampp\Desktop\mdcnpal\htdocs\public_html\includes\footer.php on line 357
[2026-07-06 18:19:33] Undefined property: app::$rs_customer in C:\xampp\Desktop\mdcnpal\htdocs\public_html\includes\footer.php on line 366
[2026-07-06 18:19:33] Trying to access array offset on value of type null in C:\xampp\Desktop\mdcnpal\htdocs\public_html\includes\footer.php on line 366
[2026-07-06 18:19:33] Undefined property: app::$rs_customer in C:\xampp\Desktop\mdcnpal\htdocs\public_html\includes\footer.php on line 372
[2026-07-06 18:19:33] Trying to access array offset on value of type null in C:\xampp\Desktop\mdcnpal\htdocs\public_html\includes\footer.php on line 372
[2026-07-06 18:19:33] Undefined property: app::$rs_customer in C:\xampp\Desktop\mdcnpal\htdocs\public_html\includes\general_data.php on line 88
[2026-07-06 18:19:33] Trying to access array offset on value of type null in C:\xampp\Desktop\mdcnpal\htdocs\public_html\includes\general_data.php on line 88
[2026-07-06 18:19:33] Undefined array key "MDRCCustID" in C:\xampp\Desktop\mdcnpal\htdocs\public_html\includes\general_data.php on line 88
[2026-07-06 18:19:33] Undefined variable $tmpStr in C:\xampp\Desktop\mdcnpal\htdocs\public_html\core\app.php on line 971
[2026-07-06 18:19:34] Creation of dynamic property dbclass::$RECORD_SET is deprecated in C:\xampp\Desktop\mdcnpal\htdocs\public_html\core\dbclass.php on line 69
[2026-07-06 18:19:34] Creation of dynamic property dbclass::$app is deprecated in C:\xampp\Desktop\mdcnpal\htdocs\public_html\core\dbclass.php on line 75
[2026-07-06 18:19:35] Creation of dynamic property model::$foreign_tables is deprecated in C:\xampp\Desktop\mdcnpal\htdocs\public_html\core\model.php on line 43
[2026-07-06 18:19:35] Creation of dynamic property app::$inputfilter is deprecated in C:\xampp\Desktop\mdcnpal\htdocs\public_html\core\app.php on line 123
[2026-07-06 18:19:35] Creation of dynamic property app::$userconfig is deprecated in C:\xampp\Desktop\mdcnpal\htdocs\public_html\core\app.php on line 124
[2026-07-06 18:19:35] Creation of dynamic property app::$global_include is deprecated in C:\xampp\Desktop\mdcnpal\htdocs\public_html\core\app.php on line 125
[2026-07-06 18:19:35] Creation of dynamic property app::$set_cache_time is deprecated in C:\xampp\Desktop\mdcnpal\htdocs\public_html\core\app.php on line 153
[2026-07-06 18:19:35] Creation of dynamic property app::$meta is deprecated in C:\xampp\Desktop\mdcnpal\htdocs\public_html\core\app.php on line 434
[2026-07-06 18:19:35] Creation of dynamic property app::$rs_gs_city is deprecated in C:\xampp\Desktop\mdcnpal\htdocs\public_html\core\app.php on line 434
[2026-07-06 18:19:35] Creation of dynamic property app::$rs_footer_popular_item is deprecated in C:\xampp\Desktop\mdcnpal\htdocs\public_html\core\app.php on line 434
[2026-07-06 18:19:35] Creation of dynamic property app::$rs_footer_popular_test is deprecated in C:\xampp\Desktop\mdcnpal\htdocs\public_html\core\app.php on line 434
[2026-07-06 18:19:35] Creation of dynamic property app::$rs_testimonial is deprecated in C:\xampp\Desktop\mdcnpal\htdocs\public_html\core\app.php on line 434
[2026-07-06 18:19:35] Creation of dynamic property app::$admin is deprecated in C:\xampp\Desktop\mdcnpal\htdocs\public_html\core\app.php on line 434
[2026-07-06 18:19:35] Undefined array key 0 in C:\xampp\Desktop\mdcnpal\htdocs\public_html\core\global_include.php on line 514
[2026-07-06 18:19:35] Creation of dynamic property app::$popup is deprecated in C:\xampp\Desktop\mdcnpal\htdocs\public_html\core\app.php on line 434
[2026-07-06 18:19:35] Undefined array key "MDRCCustID" in C:\xampp\Desktop\mdcnpal\htdocs\public_html\core\global_include.php on line 515
[2026-07-06 18:19:35] Undefined array key "MDRCToken" in C:\xampp\Desktop\mdcnpal\htdocs\public_html\core\global_include.php on line 515
[2026-07-06 18:19:35] Creation of dynamic property app::$rscategory is deprecated in C:\xampp\Desktop\mdcnpal\htdocs\public_html\core\app.php on line 434
[2026-07-06 18:19:35] Creation of dynamic property app::$rs_pages is deprecated in C:\xampp\Desktop\mdcnpal\htdocs\public_html\core\app.php on line 434
[2026-07-06 18:19:35] Creation of dynamic property app::$gs is deprecated in C:\xampp\Desktop\mdcnpal\htdocs\public_html\core\app.php on line 434
[2026-07-06 18:19:35] Undefined array key "MDRCCustID" in C:\xampp\Desktop\mdcnpal\htdocs\public_html\core\global_include.php on line 596
[2026-07-06 18:19:35] Undefined array key "MDRCCustID" in C:\xampp\Desktop\mdcnpal\htdocs\public_html\core\global_include.php on line 615
[2026-07-06 18:19:36] Undefined variable $getId in C:\xampp\Desktop\mdcnpal\htdocs\public_html\core\global_include.php on line 684
[2026-07-06 18:19:36] Undefined variable $getName in C:\xampp\Desktop\mdcnpal\htdocs\public_html\core\global_include.php on line 685
[2026-07-06 18:19:37] Undefined array key 0 in C:\xampp\Desktop\mdcnpal\htdocs\public_html\core\global_include.php on line 810
[2026-07-06 18:19:37] Creation of dynamic property app::$rs_offer_msg is deprecated in C:\xampp\Desktop\mdcnpal\htdocs\public_html\core\app.php on line 434
[2026-07-06 18:19:37] Creation of dynamic property app::$rs_for_doctors is deprecated in C:\xampp\Desktop\mdcnpal\htdocs\public_html\core\app.php on line 434
[2026-07-06 18:19:37] Undefined property: app::$rs_cartmini in C:\xampp\Desktop\mdcnpal\htdocs\public_html\includes\header.php on line 131
[2026-07-06 18:19:37] Undefined array key "MDRCCustID" in C:\xampp\Desktop\mdcnpal\htdocs\public_html\includes\header.php on line 134
[2026-07-06 18:19:37] Undefined property: app::$rs_cartmini in C:\xampp\Desktop\mdcnpal\htdocs\public_html\includes\header.php on line 197
[2026-07-06 18:19:37] Undefined array key "MDRCCustID" in C:\xampp\Desktop\mdcnpal\htdocs\public_html\includes\header.php on line 200
[2026-07-06 18:19:37] Undefined property: app::$rs_cartmini in C:\xampp\Desktop\mdcnpal\htdocs\public_html\includes\header.php on line 469
[2026-07-06 18:19:37] Undefined array key "MDRCCustID" in C:\xampp\Desktop\mdcnpal\htdocs\public_html\includes\header.php on line 472
[2026-07-06 18:19:37] Undefined property: app::$rs_cartmini in C:\xampp\Desktop\mdcnpal\htdocs\public_html\includes\header.php on line 525
[2026-07-06 18:19:37] Undefined array key "MDRCCustID" in C:\xampp\Desktop\mdcnpal\htdocs\public_html\includes\header.php on line 528
[2026-07-06 18:19:37] Undefined property: app::$rs_customer in C:\xampp\Desktop\mdcnpal\htdocs\public_html\includes\header.php on line 712
[2026-07-06 18:19:37] Trying to access array offset on value of type null in C:\xampp\Desktop\mdcnpal\htdocs\public_html\includes\header.php on line 712
[2026-07-06 18:19:37] Undefined property: app::$rs_customer in C:\xampp\Desktop\mdcnpal\htdocs\public_html\includes\header.php on line 721
[2026-07-06 18:19:37] Trying to access array offset on value of type null in C:\xampp\Desktop\mdcnpal\htdocs\public_html\includes\header.php on line 721
[2026-07-06 18:19:37] Undefined property: app::$rs_customer in C:\xampp\Desktop\mdcnpal\htdocs\public_html\includes\header.php on line 730
[2026-07-06 18:19:37] Trying to access array offset on value of type null in C:\xampp\Desktop\mdcnpal\htdocs\public_html\includes\header.php on line 730
[2026-07-06 18:19:37] Undefined property: app::$rs_customer in C:\xampp\Desktop\mdcnpal\htdocs\public_html\includes\header.php on line 739
[2026-07-06 18:19:37] Trying to access array offset on value of type null in C:\xampp\Desktop\mdcnpal\htdocs\public_html\includes\header.php on line 739
[2026-07-06 18:19:37] Undefined property: app::$rs_customer in C:\xampp\Desktop\mdcnpal\htdocs\public_html\includes\footer.php on line 357
[2026-07-06 18:19:37] Trying to access array offset on value of type null in C:\xampp\Desktop\mdcnpal\htdocs\public_html\includes\footer.php on line 357
[2026-07-06 18:19:37] Undefined property: app::$rs_customer in C:\xampp\Desktop\mdcnpal\htdocs\public_html\includes\footer.php on line 366
[2026-07-06 18:19:37] Trying to access array offset on value of type null in C:\xampp\Desktop\mdcnpal\htdocs\public_html\includes\footer.php on line 366
[2026-07-06 18:19:37] Undefined property: app::$rs_customer in C:\xampp\Desktop\mdcnpal\htdocs\public_html\includes\footer.php on line 372
[2026-07-06 18:19:37] Trying to access array offset on value of type null in C:\xampp\Desktop\mdcnpal\htdocs\public_html\includes\footer.php on line 372
[2026-07-06 18:19:37] Undefined property: app::$rs_customer in C:\xampp\Desktop\mdcnpal\htdocs\public_html\includes\general_data.php on line 88
[2026-07-06 18:19:37] Trying to access array offset on value of type null in C:\xampp\Desktop\mdcnpal\htdocs\public_html\includes\general_data.php on line 88
[2026-07-06 18:19:37] Undefined array key "MDRCCustID" in C:\xampp\Desktop\mdcnpal\htdocs\public_html\includes\general_data.php on line 88
[2026-07-06 18:19:37] Undefined variable $tmpStr in C:\xampp\Desktop\mdcnpal\htdocs\public_html\core\app.php on line 971
[2026-07-06 18:19:38] Creation of dynamic property dbclass::$RECORD_SET is deprecated in C:\xampp\Desktop\mdcnpal\htdocs\public_html\core\dbclass.php on line 69
[2026-07-06 18:19:38] Creation of dynamic property dbclass::$app is deprecated in C:\xampp\Desktop\mdcnpal\htdocs\public_html\core\dbclass.php on line 75
[2026-07-06 18:19:38] Creation of dynamic property model::$foreign_tables is deprecated in C:\xampp\Desktop\mdcnpal\htdocs\public_html\core\model.php on line 43
[2026-07-06 18:19:38] Creation of dynamic property app::$inputfilter is deprecated in C:\xampp\Desktop\mdcnpal\htdocs\public_html\core\app.php on line 123
[2026-07-06 18:19:38] Creation of dynamic property app::$userconfig is deprecated in C:\xampp\Desktop\mdcnpal\htdocs\public_html\core\app.php on line 124
[2026-07-06 18:19:38] Creation of dynamic property app::$global_include is deprecated in C:\xampp\Desktop\mdcnpal\htdocs\public_html\core\app.php on line 125
[2026-07-06 18:19:38] Creation of dynamic property app::$set_cache_time is deprecated in C:\xampp\Desktop\mdcnpal\htdocs\public_html\core\app.php on line 153
[2026-07-06 18:19:43] Creation of dynamic property dbclass::$RECORD_SET is deprecated in C:\xampp\Desktop\mdcnpal\htdocs\public_html\core\dbclass.php on line 69
[2026-07-06 18:19:43] Creation of dynamic property dbclass::$app is deprecated in C:\xampp\Desktop\mdcnpal\htdocs\public_html\core\dbclass.php on line 75
[2026-07-06 18:19:43] Creation of dynamic property model::$foreign_tables is deprecated in C:\xampp\Desktop\mdcnpal\htdocs\public_html\core\model.php on line 43
[2026-07-06 18:19:43] Creation of dynamic property app::$inputfilter is deprecated in C:\xampp\Desktop\mdcnpal\htdocs\public_html\core\app.php on line 123
[2026-07-06 18:19:43] Creation of dynamic property app::$userconfig is deprecated in C:\xampp\Desktop\mdcnpal\htdocs\public_html\core\app.php on line 124
[2026-07-06 18:19:43] Creation of dynamic property app::$global_include is deprecated in C:\xampp\Desktop\mdcnpal\htdocs\public_html\core\app.php on line 125
[2026-07-06 18:19:43] Creation of dynamic property app::$set_cache_time is deprecated in C:\xampp\Desktop\mdcnpal\htdocs\public_html\core\app.php on line 153
[2026-07-06 18:19:43] Undefined variable $RESULT in C:\xampp\Desktop\mdcnpal\htdocs\public_html\scripts\ajax\selectCityUsingGoogleMapApi.php on line 69
[2026-07-06 18:19:43] Undefined variable $URL in C:\xampp\Desktop\mdcnpal\htdocs\public_html\scripts\ajax\selectCityUsingGoogleMapApi.php on line 73
[2026-07-06 18:19:46] Creation of dynamic property dbclass::$RECORD_SET is deprecated in C:\xampp\Desktop\mdcnpal\htdocs\public_html\core\dbclass.php on line 69
[2026-07-06 18:19:46] Creation of dynamic property dbclass::$app is deprecated in C:\xampp\Desktop\mdcnpal\htdocs\public_html\core\dbclass.php on line 75
[2026-07-06 18:19:46] Creation of dynamic property model::$foreign_tables is deprecated in C:\xampp\Desktop\mdcnpal\htdocs\public_html\core\model.php on line 43
[2026-07-06 18:19:46] Creation of dynamic property app::$inputfilter is deprecated in C:\xampp\Desktop\mdcnpal\htdocs\public_html\core\app.php on line 123
[2026-07-06 18:19:46] Creation of dynamic property app::$userconfig is deprecated in C:\xampp\Desktop\mdcnpal\htdocs\public_html\core\app.php on line 124
[2026-07-06 18:19:46] Creation of dynamic property app::$global_include is deprecated in C:\xampp\Desktop\mdcnpal\htdocs\public_html\core\app.php on line 125
[2026-07-06 18:19:46] Creation of dynamic property app::$set_cache_time is deprecated in C:\xampp\Desktop\mdcnpal\htdocs\public_html\core\app.php on line 153
[2026-07-06 18:19:46] Undefined array key "cityID" in C:\xampp\Desktop\mdcnpal\htdocs\public_html\core\global_include.php on line 381
[2026-07-06 18:19:46] Undefined array key "cityID" in C:\xampp\Desktop\mdcnpal\htdocs\public_html\core\global_include.php on line 416
[2026-07-06 18:19:46] Creation of dynamic property app::$meta is deprecated in C:\xampp\Desktop\mdcnpal\htdocs\public_html\core\app.php on line 434
[2026-07-06 18:19:46] Creation of dynamic property app::$rs_gs_city is deprecated in C:\xampp\Desktop\mdcnpal\htdocs\public_html\core\app.php on line 434
[2026-07-06 18:19:46] Undefined array key "cityID" in C:\xampp\Desktop\mdcnpal\htdocs\public_html\core\global_include.php on line 468
[2026-07-06 18:19:46] Creation of dynamic property app::$rs_footer_popular_item is deprecated in C:\xampp\Desktop\mdcnpal\htdocs\public_html\core\app.php on line 434
[2026-07-06 18:19:46] Creation of dynamic property app::$rs_footer_popular_test is deprecated in C:\xampp\Desktop\mdcnpal\htdocs\public_html\core\app.php on line 434
[2026-07-06 18:19:46] Creation of dynamic property app::$rs_testimonial is deprecated in C:\xampp\Desktop\mdcnpal\htdocs\public_html\core\app.php on line 434
[2026-07-06 18:19:46] Creation of dynamic property app::$admin is deprecated in C:\xampp\Desktop\mdcnpal\htdocs\public_html\core\app.php on line 434
[2026-07-06 18:19:46] Undefined array key 0 in C:\xampp\Desktop\mdcnpal\htdocs\public_html\core\global_include.php on line 514
[2026-07-06 18:19:46] Creation of dynamic property app::$popup is deprecated in C:\xampp\Desktop\mdcnpal\htdocs\public_html\core\app.php on line 434
[2026-07-06 18:19:46] Undefined array key "MDRCCustID" in C:\xampp\Desktop\mdcnpal\htdocs\public_html\core\global_include.php on line 515
[2026-07-06 18:19:46] Undefined array key "MDRCToken" in C:\xampp\Desktop\mdcnpal\htdocs\public_html\core\global_include.php on line 515
[2026-07-06 18:19:46] Creation of dynamic property app::$rscategory is deprecated in C:\xampp\Desktop\mdcnpal\htdocs\public_html\core\app.php on line 434
[2026-07-06 18:19:46] Creation of dynamic property app::$rs_pages is deprecated in C:\xampp\Desktop\mdcnpal\htdocs\public_html\core\app.php on line 434
[2026-07-06 18:19:46] Creation of dynamic property app::$gs is deprecated in C:\xampp\Desktop\mdcnpal\htdocs\public_html\core\app.php on line 434
[2026-07-06 18:19:46] Undefined array key "MDRCCustID" in C:\xampp\Desktop\mdcnpal\htdocs\public_html\core\global_include.php on line 596
[2026-07-06 18:19:46] Undefined array key "MDRCCustID" in C:\xampp\Desktop\mdcnpal\htdocs\public_html\core\global_include.php on line 615
[2026-07-06 18:19:46] Undefined variable $getId in C:\xampp\Desktop\mdcnpal\htdocs\public_html\core\global_include.php on line 684
[2026-07-06 18:19:46] Undefined variable $getName in C:\xampp\Desktop\mdcnpal\htdocs\public_html\core\global_include.php on line 685
[2026-07-06 18:19:46] Undefined array key 0 in C:\xampp\Desktop\mdcnpal\htdocs\public_html\core\global_include.php on line 810
[2026-07-06 18:19:46] Creation of dynamic property app::$rs_offer_msg is deprecated in C:\xampp\Desktop\mdcnpal\htdocs\public_html\core\app.php on line 434
[2026-07-06 18:19:46] Creation of dynamic property app::$rs_for_doctors is deprecated in C:\xampp\Desktop\mdcnpal\htdocs\public_html\core\app.php on line 434
[2026-07-06 18:19:46] Creation of dynamic property app::$rs_blog_category is deprecated in C:\xampp\Desktop\mdcnpal\htdocs\public_html\core\app.php on line 434
[2026-07-06 18:19:46] Creation of dynamic property app::$array_bread is deprecated in C:\xampp\Desktop\mdcnpal\htdocs\public_html\core\app.php on line 434
[2026-07-06 18:19:46] Creation of dynamic property app::$CatId is deprecated in C:\xampp\Desktop\mdcnpal\htdocs\public_html\core\app.php on line 434
[2026-07-06 18:19:46] Creation of dynamic property app::$TagId is deprecated in C:\xampp\Desktop\mdcnpal\htdocs\public_html\core\app.php on line 434
[2026-07-06 18:19:46] Creation of dynamic property app::$rs_data is deprecated in C:\xampp\Desktop\mdcnpal\htdocs\public_html\core\app.php on line 434
[2026-07-06 18:19:46] Undefined array key "tempCityID" in C:\xampp\Desktop\mdcnpal\htdocs\public_html\includes\header.php on line 5
[2026-07-06 18:19:46] Undefined array key "items" in C:\xampp\Desktop\mdcnpal\htdocs\public_html\includes\header.php on line 16
[2026-07-06 18:19:46] Undefined array key "item_category" in C:\xampp\Desktop\mdcnpal\htdocs\public_html\includes\header.php on line 26
[2026-07-06 18:19:46] Undefined array key "item_diseases" in C:\xampp\Desktop\mdcnpal\htdocs\public_html\includes\header.php on line 33
[2026-07-06 18:19:46] Undefined property: app::$rs_cartmini in C:\xampp\Desktop\mdcnpal\htdocs\public_html\includes\header.php on line 131
[2026-07-06 18:19:46] Undefined array key "MDRCCustID" in C:\xampp\Desktop\mdcnpal\htdocs\public_html\includes\header.php on line 134
[2026-07-06 18:19:46] Undefined property: app::$rs_cartmini in C:\xampp\Desktop\mdcnpal\htdocs\public_html\includes\header.php on line 197
[2026-07-06 18:19:46] Undefined array key "MDRCCustID" in C:\xampp\Desktop\mdcnpal\htdocs\public_html\includes\header.php on line 200
[2026-07-06 18:19:46] Undefined property: app::$rs_cartmini in C:\xampp\Desktop\mdcnpal\htdocs\public_html\includes\header.php on line 469
[2026-07-06 18:19:46] Undefined array key "MDRCCustID" in C:\xampp\Desktop\mdcnpal\htdocs\public_html\includes\header.php on line 472
[2026-07-06 18:19:46] Undefined property: app::$rs_cartmini in C:\xampp\Desktop\mdcnpal\htdocs\public_html\includes\header.php on line 525
[2026-07-06 18:19:46] Undefined array key "MDRCCustID" in C:\xampp\Desktop\mdcnpal\htdocs\public_html\includes\header.php on line 528
[2026-07-06 18:19:46] Undefined property: app::$rs_customer in C:\xampp\Desktop\mdcnpal\htdocs\public_html\includes\header.php on line 712
[2026-07-06 18:19:46] Trying to access array offset on value of type null in C:\xampp\Desktop\mdcnpal\htdocs\public_html\includes\header.php on line 712
[2026-07-06 18:19:46] Undefined property: app::$rs_customer in C:\xampp\Desktop\mdcnpal\htdocs\public_html\includes\header.php on line 721
[2026-07-06 18:19:46] Trying to access array offset on value of type null in C:\xampp\Desktop\mdcnpal\htdocs\public_html\includes\header.php on line 721
[2026-07-06 18:19:46] Undefined property: app::$rs_customer in C:\xampp\Desktop\mdcnpal\htdocs\public_html\includes\header.php on line 730
[2026-07-06 18:19:46] Trying to access array offset on value of type null in C:\xampp\Desktop\mdcnpal\htdocs\public_html\includes\header.php on line 730
[2026-07-06 18:19:46] Undefined property: app::$rs_customer in C:\xampp\Desktop\mdcnpal\htdocs\public_html\includes\header.php on line 739
[2026-07-06 18:19:46] Trying to access array offset on value of type null in C:\xampp\Desktop\mdcnpal\htdocs\public_html\includes\header.php on line 739
[2026-07-06 18:19:46] Undefined property: app::$rs_customer in C:\xampp\Desktop\mdcnpal\htdocs\public_html\includes\footer.php on line 357
[2026-07-06 18:19:46] Trying to access array offset on value of type null in C:\xampp\Desktop\mdcnpal\htdocs\public_html\includes\footer.php on line 357
[2026-07-06 18:19:46] Undefined property: app::$rs_customer in C:\xampp\Desktop\mdcnpal\htdocs\public_html\includes\footer.php on line 366
[2026-07-06 18:19:46] Trying to access array offset on value of type null in C:\xampp\Desktop\mdcnpal\htdocs\public_html\includes\footer.php on line 366
[2026-07-06 18:19:46] Undefined property: app::$rs_customer in C:\xampp\Desktop\mdcnpal\htdocs\public_html\includes\footer.php on line 372
[2026-07-06 18:19:46] Trying to access array offset on value of type null in C:\xampp\Desktop\mdcnpal\htdocs\public_html\includes\footer.php on line 372
[2026-07-06 18:19:46] Undefined property: app::$rs_customer in C:\xampp\Desktop\mdcnpal\htdocs\public_html\includes\general_data.php on line 88
[2026-07-06 18:19:46] Trying to access array offset on value of type null in C:\xampp\Desktop\mdcnpal\htdocs\public_html\includes\general_data.php on line 88
[2026-07-06 18:19:46] Undefined array key "MDRCCustID" in C:\xampp\Desktop\mdcnpal\htdocs\public_html\includes\general_data.php on line 88
[2026-07-06 18:19:46] Undefined variable $tmpStr in C:\xampp\Desktop\mdcnpal\htdocs\public_html\core\app.php on line 971
[2026-07-06 18:19:47] Creation of dynamic property dbclass::$RECORD_SET is deprecated in C:\xampp\Desktop\mdcnpal\htdocs\public_html\core\dbclass.php on line 69
[2026-07-06 18:19:47] Creation of dynamic property dbclass::$app is deprecated in C:\xampp\Desktop\mdcnpal\htdocs\public_html\core\dbclass.php on line 75
[2026-07-06 18:19:47] Creation of dynamic property model::$foreign_tables is deprecated in C:\xampp\Desktop\mdcnpal\htdocs\public_html\core\model.php on line 43
[2026-07-06 18:19:47] Creation of dynamic property app::$inputfilter is deprecated in C:\xampp\Desktop\mdcnpal\htdocs\public_html\core\app.php on line 123
[2026-07-06 18:19:47] Creation of dynamic property app::$userconfig is deprecated in C:\xampp\Desktop\mdcnpal\htdocs\public_html\core\app.php on line 124
[2026-07-06 18:19:47] Creation of dynamic property app::$global_include is deprecated in C:\xampp\Desktop\mdcnpal\htdocs\public_html\core\app.php on line 125
[2026-07-06 18:19:47] Creation of dynamic property app::$set_cache_time is deprecated in C:\xampp\Desktop\mdcnpal\htdocs\public_html\core\app.php on line 153
[2026-07-06 18:19:47] Undefined array key "cityID" in C:\xampp\Desktop\mdcnpal\htdocs\public_html\core\global_include.php on line 381
[2026-07-06 18:19:47] Undefined array key "cityID" in C:\xampp\Desktop\mdcnpal\htdocs\public_html\core\global_include.php on line 416
[2026-07-06 18:19:47] Creation of dynamic property app::$meta is deprecated in C:\xampp\Desktop\mdcnpal\htdocs\public_html\core\app.php on line 434
[2026-07-06 18:19:47] Creation of dynamic property app::$rs_gs_city is deprecated in C:\xampp\Desktop\mdcnpal\htdocs\public_html\core\app.php on line 434
[2026-07-06 18:19:47] Undefined array key "cityID" in C:\xampp\Desktop\mdcnpal\htdocs\public_html\core\global_include.php on line 468
[2026-07-06 18:19:47] Creation of dynamic property app::$rs_footer_popular_item is deprecated in C:\xampp\Desktop\mdcnpal\htdocs\public_html\core\app.php on line 434
[2026-07-06 18:19:47] Creation of dynamic property app::$rs_footer_popular_test is deprecated in C:\xampp\Desktop\mdcnpal\htdocs\public_html\core\app.php on line 434
[2026-07-06 18:19:47] Creation of dynamic property app::$rs_testimonial is deprecated in C:\xampp\Desktop\mdcnpal\htdocs\public_html\core\app.php on line 434
[2026-07-06 18:19:47] Creation of dynamic property app::$admin is deprecated in C:\xampp\Desktop\mdcnpal\htdocs\public_html\core\app.php on line 434
[2026-07-06 18:19:47] Undefined array key 0 in C:\xampp\Desktop\mdcnpal\htdocs\public_html\core\global_include.php on line 514
[2026-07-06 18:19:47] Creation of dynamic property app::$popup is deprecated in C:\xampp\Desktop\mdcnpal\htdocs\public_html\core\app.php on line 434
[2026-07-06 18:19:47] Undefined array key "MDRCCustID" in C:\xampp\Desktop\mdcnpal\htdocs\public_html\core\global_include.php on line 515
[2026-07-06 18:19:47] Undefined array key "MDRCToken" in C:\xampp\Desktop\mdcnpal\htdocs\public_html\core\global_include.php on line 515
[2026-07-06 18:19:47] Creation of dynamic property app::$rscategory is deprecated in C:\xampp\Desktop\mdcnpal\htdocs\public_html\core\app.php on line 434
[2026-07-06 18:19:47] Creation of dynamic property app::$rs_pages is deprecated in C:\xampp\Desktop\mdcnpal\htdocs\public_html\core\app.php on line 434
[2026-07-06 18:19:47] Creation of dynamic property app::$gs is deprecated in C:\xampp\Desktop\mdcnpal\htdocs\public_html\core\app.php on line 434
[2026-07-06 18:19:47] Undefined array key "MDRCCustID" in C:\xampp\Desktop\mdcnpal\htdocs\public_html\core\global_include.php on line 596
[2026-07-06 18:19:47] Undefined array key "MDRCCustID" in C:\xampp\Desktop\mdcnpal\htdocs\public_html\core\global_include.php on line 615
[2026-07-06 18:19:47] Undefined variable $getId in C:\xampp\Desktop\mdcnpal\htdocs\public_html\core\global_include.php on line 684
[2026-07-06 18:19:47] Undefined variable $getName in C:\xampp\Desktop\mdcnpal\htdocs\public_html\core\global_include.php on line 685
[2026-07-06 18:19:47] Undefined array key 0 in C:\xampp\Desktop\mdcnpal\htdocs\public_html\core\global_include.php on line 810
[2026-07-06 18:19:47] Creation of dynamic property app::$rs_offer_msg is deprecated in C:\xampp\Desktop\mdcnpal\htdocs\public_html\core\app.php on line 434
[2026-07-06 18:19:47] Creation of dynamic property app::$rs_for_doctors is deprecated in C:\xampp\Desktop\mdcnpal\htdocs\public_html\core\app.php on line 434
[2026-07-06 18:19:47] Creation of dynamic property app::$array_bread is deprecated in C:\xampp\Desktop\mdcnpal\htdocs\public_html\core\app.php on line 434
[2026-07-06 18:19:47] Creation of dynamic property app::$CatId is deprecated in C:\xampp\Desktop\mdcnpal\htdocs\public_html\core\app.php on line 434
[2026-07-06 18:19:47] Creation of dynamic property app::$TagId is deprecated in C:\xampp\Desktop\mdcnpal\htdocs\public_html\core\app.php on line 434
[2026-07-06 18:19:47] Creation of dynamic property app::$rs_data is deprecated in C:\xampp\Desktop\mdcnpal\htdocs\public_html\core\app.php on line 434
[2026-07-06 18:19:47] Undefined array key "tempCityID" in C:\xampp\Desktop\mdcnpal\htdocs\public_html\includes\header.php on line 5
[2026-07-06 18:19:47] Undefined array key "items" in C:\xampp\Desktop\mdcnpal\htdocs\public_html\includes\header.php on line 16
[2026-07-06 18:19:48] Undefined array key "item_category" in C:\xampp\Desktop\mdcnpal\htdocs\public_html\includes\header.php on line 26
[2026-07-06 18:19:48] Undefined array key "item_diseases" in C:\xampp\Desktop\mdcnpal\htdocs\public_html\includes\header.php on line 33
[2026-07-06 18:19:48] Undefined property: app::$rs_cartmini in C:\xampp\Desktop\mdcnpal\htdocs\public_html\includes\header.php on line 131
[2026-07-06 18:19:48] Undefined array key "MDRCCustID" in C:\xampp\Desktop\mdcnpal\htdocs\public_html\includes\header.php on line 134
[2026-07-06 18:19:48] Undefined property: app::$rs_cartmini in C:\xampp\Desktop\mdcnpal\htdocs\public_html\includes\header.php on line 197
[2026-07-06 18:19:48] Undefined array key "MDRCCustID" in C:\xampp\Desktop\mdcnpal\htdocs\public_html\includes\header.php on line 200
[2026-07-06 18:19:48] Undefined property: app::$rs_cartmini in C:\xampp\Desktop\mdcnpal\htdocs\public_html\includes\header.php on line 469
[2026-07-06 18:19:48] Undefined array key "MDRCCustID" in C:\xampp\Desktop\mdcnpal\htdocs\public_html\includes\header.php on line 472
[2026-07-06 18:19:48] Undefined property: app::$rs_cartmini in C:\xampp\Desktop\mdcnpal\htdocs\public_html\includes\header.php on line 525
[2026-07-06 18:19:48] Undefined array key "MDRCCustID" in C:\xampp\Desktop\mdcnpal\htdocs\public_html\includes\header.php on line 528
[2026-07-06 18:19:48] Undefined property: app::$rs_customer in C:\xampp\Desktop\mdcnpal\htdocs\public_html\includes\header.php on line 712
[2026-07-06 18:19:48] Trying to access array offset on value of type null in C:\xampp\Desktop\mdcnpal\htdocs\public_html\includes\header.php on line 712
[2026-07-06 18:19:48] Undefined property: app::$rs_customer in C:\xampp\Desktop\mdcnpal\htdocs\public_html\includes\header.php on line 721
[2026-07-06 18:19:48] Trying to access array offset on value of type null in C:\xampp\Desktop\mdcnpal\htdocs\public_html\includes\header.php on line 721
[2026-07-06 18:19:48] Undefined property: app::$rs_customer in C:\xampp\Desktop\mdcnpal\htdocs\public_html\includes\header.php on line 730
[2026-07-06 18:19:48] Trying to access array offset on value of type null in C:\xampp\Desktop\mdcnpal\htdocs\public_html\includes\header.php on line 730
[2026-07-06 18:19:48] Undefined property: app::$rs_customer in C:\xampp\Desktop\mdcnpal\htdocs\public_html\includes\header.php on line 739
[2026-07-06 18:19:48] Trying to access array offset on value of type null in C:\xampp\Desktop\mdcnpal\htdocs\public_html\includes\header.php on line 739
[2026-07-06 18:19:48] Undefined property: app::$rs_customer in C:\xampp\Desktop\mdcnpal\htdocs\public_html\includes\footer.php on line 357
[2026-07-06 18:19:48] Trying to access array offset on value of type null in C:\xampp\Desktop\mdcnpal\htdocs\public_html\includes\footer.php on line 357
[2026-07-06 18:19:48] Undefined property: app::$rs_customer in C:\xampp\Desktop\mdcnpal\htdocs\public_html\includes\footer.php on line 366
[2026-07-06 18:19:48] Trying to access array offset on value of type null in C:\xampp\Desktop\mdcnpal\htdocs\public_html\includes\footer.php on line 366
[2026-07-06 18:19:48] Undefined property: app::$rs_customer in C:\xampp\Desktop\mdcnpal\htdocs\public_html\includes\footer.php on line 372
[2026-07-06 18:19:48] Trying to access array offset on value of type null in C:\xampp\Desktop\mdcnpal\htdocs\public_html\includes\footer.php on line 372
[2026-07-06 18:19:48] Undefined property: app::$rs_customer in C:\xampp\Desktop\mdcnpal\htdocs\public_html\includes\general_data.php on line 88
[2026-07-06 18:19:48] Trying to access array offset on value of type null in C:\xampp\Desktop\mdcnpal\htdocs\public_html\includes\general_data.php on line 88
[2026-07-06 18:19:48] Undefined array key "MDRCCustID" in C:\xampp\Desktop\mdcnpal\htdocs\public_html\includes\general_data.php on line 88
[2026-07-06 18:19:48] Undefined variable $tmpStr in C:\xampp\Desktop\mdcnpal\htdocs\public_html\core\app.php on line 971
[2026-07-06 18:19:49] Creation of dynamic property dbclass::$RECORD_SET is deprecated in C:\xampp\Desktop\mdcnpal\htdocs\public_html\core\dbclass.php on line 69
[2026-07-06 18:19:49] Creation of dynamic property dbclass::$app is deprecated in C:\xampp\Desktop\mdcnpal\htdocs\public_html\core\dbclass.php on line 75
[2026-07-06 18:19:49] Creation of dynamic property model::$foreign_tables is deprecated in C:\xampp\Desktop\mdcnpal\htdocs\public_html\core\model.php on line 43
[2026-07-06 18:19:49] Creation of dynamic property app::$inputfilter is deprecated in C:\xampp\Desktop\mdcnpal\htdocs\public_html\core\app.php on line 123
[2026-07-06 18:19:49] Creation of dynamic property app::$userconfig is deprecated in C:\xampp\Desktop\mdcnpal\htdocs\public_html\core\app.php on line 124
[2026-07-06 18:19:49] Creation of dynamic property app::$global_include is deprecated in C:\xampp\Desktop\mdcnpal\htdocs\public_html\core\app.php on line 125
[2026-07-06 18:19:49] Creation of dynamic property app::$set_cache_time is deprecated in C:\xampp\Desktop\mdcnpal\htdocs\public_html\core\app.php on line 153
[2026-07-06 18:19:49] Undefined array key "cityID" in C:\xampp\Desktop\mdcnpal\htdocs\public_html\core\global_include.php on line 381
[2026-07-06 18:19:49] Undefined array key "cityID" in C:\xampp\Desktop\mdcnpal\htdocs\public_html\core\global_include.php on line 416
[2026-07-06 18:19:49] Creation of dynamic property app::$meta is deprecated in C:\xampp\Desktop\mdcnpal\htdocs\public_html\core\app.php on line 434
[2026-07-06 18:19:49] Creation of dynamic property app::$rs_gs_city is deprecated in C:\xampp\Desktop\mdcnpal\htdocs\public_html\core\app.php on line 434
[2026-07-06 18:19:49] Undefined array key "cityID" in C:\xampp\Desktop\mdcnpal\htdocs\public_html\core\global_include.php on line 468
[2026-07-06 18:19:49] Creation of dynamic property app::$rs_footer_popular_item is deprecated in C:\xampp\Desktop\mdcnpal\htdocs\public_html\core\app.php on line 434
[2026-07-06 18:19:49] Creation of dynamic property app::$rs_footer_popular_test is deprecated in C:\xampp\Desktop\mdcnpal\htdocs\public_html\core\app.php on line 434
[2026-07-06 18:19:49] Creation of dynamic property app::$rs_testimonial is deprecated in C:\xampp\Desktop\mdcnpal\htdocs\public_html\core\app.php on line 434
[2026-07-06 18:19:49] Creation of dynamic property app::$admin is deprecated in C:\xampp\Desktop\mdcnpal\htdocs\public_html\core\app.php on line 434
[2026-07-06 18:19:49] Undefined array key 0 in C:\xampp\Desktop\mdcnpal\htdocs\public_html\core\global_include.php on line 514
[2026-07-06 18:19:49] Creation of dynamic property app::$popup is deprecated in C:\xampp\Desktop\mdcnpal\htdocs\public_html\core\app.php on line 434
[2026-07-06 18:19:49] Undefined array key "MDRCCustID" in C:\xampp\Desktop\mdcnpal\htdocs\public_html\core\global_include.php on line 515
[2026-07-06 18:19:49] Undefined array key "MDRCToken" in C:\xampp\Desktop\mdcnpal\htdocs\public_html\core\global_include.php on line 515
[2026-07-06 18:19:49] Creation of dynamic property app::$rscategory is deprecated in C:\xampp\Desktop\mdcnpal\htdocs\public_html\core\app.php on line 434
[2026-07-06 18:19:49] Creation of dynamic property app::$rs_pages is deprecated in C:\xampp\Desktop\mdcnpal\htdocs\public_html\core\app.php on line 434
[2026-07-06 18:19:49] Creation of dynamic property app::$gs is deprecated in C:\xampp\Desktop\mdcnpal\htdocs\public_html\core\app.php on line 434
[2026-07-06 18:19:49] Undefined array key "MDRCCustID" in C:\xampp\Desktop\mdcnpal\htdocs\public_html\core\global_include.php on line 596
[2026-07-06 18:19:49] Undefined array key "MDRCCustID" in C:\xampp\Desktop\mdcnpal\htdocs\public_html\core\global_include.php on line 615
[2026-07-06 18:19:49] Undefined variable $getId in C:\xampp\Desktop\mdcnpal\htdocs\public_html\core\global_include.php on line 684
[2026-07-06 18:19:49] Undefined variable $getName in C:\xampp\Desktop\mdcnpal\htdocs\public_html\core\global_include.php on line 685
[2026-07-06 18:19:49] Undefined array key 0 in C:\xampp\Desktop\mdcnpal\htdocs\public_html\core\global_include.php on line 810
[2026-07-06 18:19:49] Creation of dynamic property app::$rs_offer_msg is deprecated in C:\xampp\Desktop\mdcnpal\htdocs\public_html\core\app.php on line 434
[2026-07-06 18:19:49] Creation of dynamic property app::$rs_for_doctors is deprecated in C:\xampp\Desktop\mdcnpal\htdocs\public_html\core\app.php on line 434
[2026-07-06 18:19:49] Creation of dynamic property app::$description is deprecated in C:\xampp\Desktop\mdcnpal\htdocs\public_html\core\app.php on line 434
[2026-07-06 18:19:49] Creation of dynamic property app::$rs_banner is deprecated in C:\xampp\Desktop\mdcnpal\htdocs\public_html\core\app.php on line 434
[2026-07-06 18:19:49] Creation of dynamic property app::$rs_item_diseases is deprecated in C:\xampp\Desktop\mdcnpal\htdocs\public_html\core\app.php on line 434
[2026-07-06 18:19:49] Creation of dynamic property app::$rs_item_home_category is deprecated in C:\xampp\Desktop\mdcnpal\htdocs\public_html\core\app.php on line 434
[2026-07-06 18:19:49] Creation of dynamic property app::$rs_item_banner_category is deprecated in C:\xampp\Desktop\mdcnpal\htdocs\public_html\core\app.php on line 434
[2026-07-06 18:19:49] Creation of dynamic property app::$rs_services is deprecated in C:\xampp\Desktop\mdcnpal\htdocs\public_html\core\app.php on line 434
[2026-07-06 18:19:49] Creation of dynamic property app::$rs_blog is deprecated in C:\xampp\Desktop\mdcnpal\htdocs\public_html\core\app.php on line 434
[2026-07-06 18:19:49] Creation of dynamic property app::$rs_category is deprecated in C:\xampp\Desktop\mdcnpal\htdocs\public_html\core\app.php on line 434
[2026-07-06 18:19:49] Creation of dynamic property app::$rs_faq_data is deprecated in C:\xampp\Desktop\mdcnpal\htdocs\public_html\core\app.php on line 434
[2026-07-06 18:19:49] Creation of dynamic property app::$rs_gallery_data is deprecated in C:\xampp\Desktop\mdcnpal\htdocs\public_html\core\app.php on line 434
[2026-07-06 18:19:49] Undefined array key "tempCityID" in C:\xampp\Desktop\mdcnpal\htdocs\public_html\includes\header.php on line 5
[2026-07-06 18:19:49] Undefined array key "items" in C:\xampp\Desktop\mdcnpal\htdocs\public_html\includes\header.php on line 16
[2026-07-06 18:19:49] Undefined array key "item_category" in C:\xampp\Desktop\mdcnpal\htdocs\public_html\includes\header.php on line 26
[2026-07-06 18:19:49] Undefined array key "item_diseases" in C:\xampp\Desktop\mdcnpal\htdocs\public_html\includes\header.php on line 33
[2026-07-06 18:19:49] Undefined property: app::$rs_cartmini in C:\xampp\Desktop\mdcnpal\htdocs\public_html\includes\header.php on line 131
[2026-07-06 18:19:49] Undefined array key "MDRCCustID" in C:\xampp\Desktop\mdcnpal\htdocs\public_html\includes\header.php on line 134
[2026-07-06 18:19:49] Undefined property: app::$rs_cartmini in C:\xampp\Desktop\mdcnpal\htdocs\public_html\includes\header.php on line 197
[2026-07-06 18:19:49] Undefined array key "MDRCCustID" in C:\xampp\Desktop\mdcnpal\htdocs\public_html\includes\header.php on line 200
[2026-07-06 18:19:49] Undefined property: app::$rs_cartmini in C:\xampp\Desktop\mdcnpal\htdocs\public_html\includes\header.php on line 469
[2026-07-06 18:19:49] Undefined array key "MDRCCustID" in C:\xampp\Desktop\mdcnpal\htdocs\public_html\includes\header.php on line 472
[2026-07-06 18:19:49] Undefined property: app::$rs_cartmini in C:\xampp\Desktop\mdcnpal\htdocs\public_html\includes\header.php on line 525
[2026-07-06 18:19:49] Undefined array key "MDRCCustID" in C:\xampp\Desktop\mdcnpal\htdocs\public_html\includes\header.php on line 528
[2026-07-06 18:19:49] Undefined property: app::$rs_customer in C:\xampp\Desktop\mdcnpal\htdocs\public_html\includes\header.php on line 712
[2026-07-06 18:19:49] Trying to access array offset on value of type null in C:\xampp\Desktop\mdcnpal\htdocs\public_html\includes\header.php on line 712
[2026-07-06 18:19:49] Undefined property: app::$rs_customer in C:\xampp\Desktop\mdcnpal\htdocs\public_html\includes\header.php on line 721
[2026-07-06 18:19:49] Trying to access array offset on value of type null in C:\xampp\Desktop\mdcnpal\htdocs\public_html\includes\header.php on line 721
[2026-07-06 18:19:49] Undefined property: app::$rs_customer in C:\xampp\Desktop\mdcnpal\htdocs\public_html\includes\header.php on line 730
[2026-07-06 18:19:49] Trying to access array offset on value of type null in C:\xampp\Desktop\mdcnpal\htdocs\public_html\includes\header.php on line 730
[2026-07-06 18:19:49] Undefined property: app::$rs_customer in C:\xampp\Desktop\mdcnpal\htdocs\public_html\includes\header.php on line 739
[2026-07-06 18:19:49] Trying to access array offset on value of type null in C:\xampp\Desktop\mdcnpal\htdocs\public_html\includes\header.php on line 739
[2026-07-06 18:19:49] Undefined variable $g_search_query in C:\xampp\Desktop\mdcnpal\htdocs\public_html\core\app.php(565) : eval()'d code on line 219
[2026-07-06 18:19:49] Undefined variable $department_cond in C:\xampp\Desktop\mdcnpal\htdocs\public_html\core\app.php(565) : eval()'d code on line 219
[2026-07-06 18:19:49] Undefined variable $type_cond in C:\xampp\Desktop\mdcnpal\htdocs\public_html\core\app.php(565) : eval()'d code on line 219
[2026-07-06 18:19:49] Undefined variable $dieses_cond in C:\xampp\Desktop\mdcnpal\htdocs\public_html\core\app.php(565) : eval()'d code on line 219
[2026-07-06 18:19:49] Undefined variable $popular_pack_cond in C:\xampp\Desktop\mdcnpal\htdocs\public_html\core\app.php(565) : eval()'d code on line 219
[2026-07-06 18:19:50] Undefined variable $g_search_query in C:\xampp\Desktop\mdcnpal\htdocs\public_html\core\app.php(565) : eval()'d code on line 219
[2026-07-06 18:19:50] Undefined variable $department_cond in C:\xampp\Desktop\mdcnpal\htdocs\public_html\core\app.php(565) : eval()'d code on line 219
[2026-07-06 18:19:50] Undefined variable $type_cond in C:\xampp\Desktop\mdcnpal\htdocs\public_html\core\app.php(565) : eval()'d code on line 219
[2026-07-06 18:19:50] Undefined variable $dieses_cond in C:\xampp\Desktop\mdcnpal\htdocs\public_html\core\app.php(565) : eval()'d code on line 219
[2026-07-06 18:19:50] Undefined variable $popular_pack_cond in C:\xampp\Desktop\mdcnpal\htdocs\public_html\core\app.php(565) : eval()'d code on line 219
[2026-07-06 18:19:50] Undefined variable $g_search_query in C:\xampp\Desktop\mdcnpal\htdocs\public_html\core\app.php(565) : eval()'d code on line 219
[2026-07-06 18:19:50] Undefined variable $department_cond in C:\xampp\Desktop\mdcnpal\htdocs\public_html\core\app.php(565) : eval()'d code on line 219
[2026-07-06 18:19:50] Undefined variable $type_cond in C:\xampp\Desktop\mdcnpal\htdocs\public_html\core\app.php(565) : eval()'d code on line 219
[2026-07-06 18:19:50] Undefined variable $dieses_cond in C:\xampp\Desktop\mdcnpal\htdocs\public_html\core\app.php(565) : eval()'d code on line 219
[2026-07-06 18:19:50] Undefined variable $popular_pack_cond in C:\xampp\Desktop\mdcnpal\htdocs\public_html\core\app.php(565) : eval()'d code on line 219
[2026-07-06 18:19:50] Undefined variable $g_search_query in C:\xampp\Desktop\mdcnpal\htdocs\public_html\core\app.php(565) : eval()'d code on line 219
[2026-07-06 18:19:50] Undefined variable $department_cond in C:\xampp\Desktop\mdcnpal\htdocs\public_html\core\app.php(565) : eval()'d code on line 219
[2026-07-06 18:19:50] Undefined variable $type_cond in C:\xampp\Desktop\mdcnpal\htdocs\public_html\core\app.php(565) : eval()'d code on line 219
[2026-07-06 18:19:50] Undefined variable $dieses_cond in C:\xampp\Desktop\mdcnpal\htdocs\public_html\core\app.php(565) : eval()'d code on line 219
[2026-07-06 18:19:50] Undefined variable $popular_pack_cond in C:\xampp\Desktop\mdcnpal\htdocs\public_html\core\app.php(565) : eval()'d code on line 219
[2026-07-06 18:19:50] Undefined variable $g_search_query in C:\xampp\Desktop\mdcnpal\htdocs\public_html\core\app.php(565) : eval()'d code on line 219
[2026-07-06 18:19:50] Undefined variable $department_cond in C:\xampp\Desktop\mdcnpal\htdocs\public_html\core\app.php(565) : eval()'d code on line 219
[2026-07-06 18:19:50] Undefined variable $type_cond in C:\xampp\Desktop\mdcnpal\htdocs\public_html\core\app.php(565) : eval()'d code on line 219
[2026-07-06 18:19:50] Undefined variable $dieses_cond in C:\xampp\Desktop\mdcnpal\htdocs\public_html\core\app.php(565) : eval()'d code on line 219
[2026-07-06 18:19:50] Undefined variable $popular_pack_cond in C:\xampp\Desktop\mdcnpal\htdocs\public_html\core\app.php(565) : eval()'d code on line 219
[2026-07-06 18:19:50] Undefined property: app::$rs_customer in C:\xampp\Desktop\mdcnpal\htdocs\public_html\includes\footer.php on line 357
[2026-07-06 18:19:50] Trying to access array offset on value of type null in C:\xampp\Desktop\mdcnpal\htdocs\public_html\includes\footer.php on line 357
[2026-07-06 18:19:50] Undefined property: app::$rs_customer in C:\xampp\Desktop\mdcnpal\htdocs\public_html\includes\footer.php on line 366
[2026-07-06 18:19:50] Trying to access array offset on value of type null in C:\xampp\Desktop\mdcnpal\htdocs\public_html\includes\footer.php on line 366
[2026-07-06 18:19:50] Undefined property: app::$rs_customer in C:\xampp\Desktop\mdcnpal\htdocs\public_html\includes\footer.php on line 372
[2026-07-06 18:19:50] Trying to access array offset on value of type null in C:\xampp\Desktop\mdcnpal\htdocs\public_html\includes\footer.php on line 372
[2026-07-06 18:19:50] Undefined property: app::$rs_customer in C:\xampp\Desktop\mdcnpal\htdocs\public_html\includes\general_data.php on line 88
[2026-07-06 18:19:50] Trying to access array offset on value of type null in C:\xampp\Desktop\mdcnpal\htdocs\public_html\includes\general_data.php on line 88
[2026-07-06 18:19:50] Undefined array key "MDRCCustID" in C:\xampp\Desktop\mdcnpal\htdocs\public_html\includes\general_data.php on line 88
[2026-07-06 18:19:50] Undefined variable $tmpStr in C:\xampp\Desktop\mdcnpal\htdocs\public_html\core\app.php on line 971
[2026-07-06 18:19:52] Creation of dynamic property dbclass::$RECORD_SET is deprecated in C:\xampp\Desktop\mdcnpal\htdocs\public_html\core\dbclass.php on line 69
[2026-07-06 18:19:52] Creation of dynamic property dbclass::$app is deprecated in C:\xampp\Desktop\mdcnpal\htdocs\public_html\core\dbclass.php on line 75
[2026-07-06 18:19:52] Creation of dynamic property model::$foreign_tables is deprecated in C:\xampp\Desktop\mdcnpal\htdocs\public_html\core\model.php on line 43
[2026-07-06 18:19:52] Creation of dynamic property app::$inputfilter is deprecated in C:\xampp\Desktop\mdcnpal\htdocs\public_html\core\app.php on line 123
[2026-07-06 18:19:52] Creation of dynamic property app::$userconfig is deprecated in C:\xampp\Desktop\mdcnpal\htdocs\public_html\core\app.php on line 124
[2026-07-06 18:19:52] Creation of dynamic property app::$global_include is deprecated in C:\xampp\Desktop\mdcnpal\htdocs\public_html\core\app.php on line 125
[2026-07-06 18:19:52] Creation of dynamic property app::$set_cache_time is deprecated in C:\xampp\Desktop\mdcnpal\htdocs\public_html\core\app.php on line 153
[2026-07-06 18:19:52] Undefined array key "cityID" in C:\xampp\Desktop\mdcnpal\htdocs\public_html\core\global_include.php on line 381
[2026-07-06 18:19:52] Undefined array key "cityID" in C:\xampp\Desktop\mdcnpal\htdocs\public_html\core\global_include.php on line 416
[2026-07-06 18:19:52] Creation of dynamic property app::$meta is deprecated in C:\xampp\Desktop\mdcnpal\htdocs\public_html\core\app.php on line 434
[2026-07-06 18:19:52] Creation of dynamic property app::$rs_gs_city is deprecated in C:\xampp\Desktop\mdcnpal\htdocs\public_html\core\app.php on line 434
[2026-07-06 18:19:52] Undefined array key "cityID" in C:\xampp\Desktop\mdcnpal\htdocs\public_html\core\global_include.php on line 468
[2026-07-06 18:19:52] Creation of dynamic property app::$rs_footer_popular_item is deprecated in C:\xampp\Desktop\mdcnpal\htdocs\public_html\core\app.php on line 434
[2026-07-06 18:19:52] Creation of dynamic property app::$rs_footer_popular_test is deprecated in C:\xampp\Desktop\mdcnpal\htdocs\public_html\core\app.php on line 434
[2026-07-06 18:19:52] Creation of dynamic property app::$rs_testimonial is deprecated in C:\xampp\Desktop\mdcnpal\htdocs\public_html\core\app.php on line 434
[2026-07-06 18:19:52] Creation of dynamic property app::$admin is deprecated in C:\xampp\Desktop\mdcnpal\htdocs\public_html\core\app.php on line 434
[2026-07-06 18:19:52] Undefined array key 0 in C:\xampp\Desktop\mdcnpal\htdocs\public_html\core\global_include.php on line 514
[2026-07-06 18:19:52] Creation of dynamic property app::$popup is deprecated in C:\xampp\Desktop\mdcnpal\htdocs\public_html\core\app.php on line 434
[2026-07-06 18:19:52] Undefined array key "MDRCCustID" in C:\xampp\Desktop\mdcnpal\htdocs\public_html\core\global_include.php on line 515
[2026-07-06 18:19:52] Undefined array key "MDRCToken" in C:\xampp\Desktop\mdcnpal\htdocs\public_html\core\global_include.php on line 515
[2026-07-06 18:19:52] Creation of dynamic property app::$rscategory is deprecated in C:\xampp\Desktop\mdcnpal\htdocs\public_html\core\app.php on line 434
[2026-07-06 18:19:52] Creation of dynamic property app::$rs_pages is deprecated in C:\xampp\Desktop\mdcnpal\htdocs\public_html\core\app.php on line 434
[2026-07-06 18:19:52] Creation of dynamic property app::$gs is deprecated in C:\xampp\Desktop\mdcnpal\htdocs\public_html\core\app.php on line 434
[2026-07-06 18:19:52] Undefined array key "MDRCCustID" in C:\xampp\Desktop\mdcnpal\htdocs\public_html\core\global_include.php on line 596
[2026-07-06 18:19:52] Undefined array key "MDRCCustID" in C:\xampp\Desktop\mdcnpal\htdocs\public_html\core\global_include.php on line 615
[2026-07-06 18:19:52] Undefined variable $getId in C:\xampp\Desktop\mdcnpal\htdocs\public_html\core\global_include.php on line 684
[2026-07-06 18:19:52] Undefined variable $getName in C:\xampp\Desktop\mdcnpal\htdocs\public_html\core\global_include.php on line 685
[2026-07-06 18:19:52] Undefined array key 0 in C:\xampp\Desktop\mdcnpal\htdocs\public_html\core\global_include.php on line 810
[2026-07-06 18:19:52] Creation of dynamic property app::$rs_offer_msg is deprecated in C:\xampp\Desktop\mdcnpal\htdocs\public_html\core\app.php on line 434
[2026-07-06 18:19:52] Creation of dynamic property app::$rs_for_doctors is deprecated in C:\xampp\Desktop\mdcnpal\htdocs\public_html\core\app.php on line 434
[2026-07-06 18:19:52] Creation of dynamic property dbclass::$RECORD_SET is deprecated in C:\xampp\Desktop\mdcnpal\htdocs\public_html\core\dbclass.php on line 69
[2026-07-06 18:19:52] Creation of dynamic property dbclass::$app is deprecated in C:\xampp\Desktop\mdcnpal\htdocs\public_html\core\dbclass.php on line 75
[2026-07-06 18:19:52] Creation of dynamic property model::$foreign_tables is deprecated in C:\xampp\Desktop\mdcnpal\htdocs\public_html\core\model.php on line 43
[2026-07-06 18:19:52] Creation of dynamic property app::$inputfilter is deprecated in C:\xampp\Desktop\mdcnpal\htdocs\public_html\core\app.php on line 123
[2026-07-06 18:19:52] Creation of dynamic property app::$userconfig is deprecated in C:\xampp\Desktop\mdcnpal\htdocs\public_html\core\app.php on line 124
[2026-07-06 18:19:52] Creation of dynamic property app::$global_include is deprecated in C:\xampp\Desktop\mdcnpal\htdocs\public_html\core\app.php on line 125
[2026-07-06 18:19:52] Creation of dynamic property app::$set_cache_time is deprecated in C:\xampp\Desktop\mdcnpal\htdocs\public_html\core\app.php on line 153
[2026-07-06 18:19:52] Creation of dynamic property app::$meta is deprecated in C:\xampp\Desktop\mdcnpal\htdocs\public_html\core\app.php on line 434
[2026-07-06 18:19:53] Creation of dynamic property app::$rs_gs_city is deprecated in C:\xampp\Desktop\mdcnpal\htdocs\public_html\core\app.php on line 434
[2026-07-06 18:19:53] Creation of dynamic property app::$rs_footer_popular_item is deprecated in C:\xampp\Desktop\mdcnpal\htdocs\public_html\core\app.php on line 434
[2026-07-06 18:19:53] Creation of dynamic property app::$rs_footer_popular_test is deprecated in C:\xampp\Desktop\mdcnpal\htdocs\public_html\core\app.php on line 434
[2026-07-06 18:19:53] Creation of dynamic property app::$rs_testimonial is deprecated in C:\xampp\Desktop\mdcnpal\htdocs\public_html\core\app.php on line 434
[2026-07-06 18:19:53] Creation of dynamic property app::$admin is deprecated in C:\xampp\Desktop\mdcnpal\htdocs\public_html\core\app.php on line 434
[2026-07-06 18:19:53] Undefined array key 0 in C:\xampp\Desktop\mdcnpal\htdocs\public_html\core\global_include.php on line 514
[2026-07-06 18:19:53] Creation of dynamic property app::$popup is deprecated in C:\xampp\Desktop\mdcnpal\htdocs\public_html\core\app.php on line 434
[2026-07-06 18:19:53] Undefined array key "MDRCCustID" in C:\xampp\Desktop\mdcnpal\htdocs\public_html\core\global_include.php on line 515
[2026-07-06 18:19:53] Undefined array key "MDRCToken" in C:\xampp\Desktop\mdcnpal\htdocs\public_html\core\global_include.php on line 515
[2026-07-06 18:19:53] Creation of dynamic property app::$rscategory is deprecated in C:\xampp\Desktop\mdcnpal\htdocs\public_html\core\app.php on line 434
[2026-07-06 18:19:53] Creation of dynamic property app::$rs_pages is deprecated in C:\xampp\Desktop\mdcnpal\htdocs\public_html\core\app.php on line 434
[2026-07-06 18:19:53] Creation of dynamic property app::$gs is deprecated in C:\xampp\Desktop\mdcnpal\htdocs\public_html\core\app.php on line 434
[2026-07-06 18:19:53] Undefined array key "MDRCCustID" in C:\xampp\Desktop\mdcnpal\htdocs\public_html\core\global_include.php on line 596
[2026-07-06 18:19:53] Undefined array key "MDRCCustID" in C:\xampp\Desktop\mdcnpal\htdocs\public_html\core\global_include.php on line 615
[2026-07-06 18:19:53] Undefined variable $getId in C:\xampp\Desktop\mdcnpal\htdocs\public_html\core\global_include.php on line 684
[2026-07-06 18:19:53] Undefined variable $getName in C:\xampp\Desktop\mdcnpal\htdocs\public_html\core\global_include.php on line 685
[2026-07-06 18:19:53] Undefined array key 0 in C:\xampp\Desktop\mdcnpal\htdocs\public_html\core\global_include.php on line 810
[2026-07-06 18:19:53] Creation of dynamic property app::$rs_offer_msg is deprecated in C:\xampp\Desktop\mdcnpal\htdocs\public_html\core\app.php on line 434
[2026-07-06 18:19:53] Creation of dynamic property app::$rs_for_doctors is deprecated in C:\xampp\Desktop\mdcnpal\htdocs\public_html\core\app.php on line 434
[2026-07-06 18:19:53] Creation of dynamic property app::$description is deprecated in C:\xampp\Desktop\mdcnpal\htdocs\public_html\core\app.php on line 434
[2026-07-06 18:19:53] Creation of dynamic property app::$rs_banner is deprecated in C:\xampp\Desktop\mdcnpal\htdocs\public_html\core\app.php on line 434
[2026-07-06 18:19:53] Creation of dynamic property app::$rs_item_diseases is deprecated in C:\xampp\Desktop\mdcnpal\htdocs\public_html\core\app.php on line 434
[2026-07-06 18:19:53] Creation of dynamic property app::$rs_item_home_category is deprecated in C:\xampp\Desktop\mdcnpal\htdocs\public_html\core\app.php on line 434
[2026-07-06 18:19:53] Creation of dynamic property app::$rs_item_banner_category is deprecated in C:\xampp\Desktop\mdcnpal\htdocs\public_html\core\app.php on line 434
[2026-07-06 18:19:53] Creation of dynamic property app::$rs_services is deprecated in C:\xampp\Desktop\mdcnpal\htdocs\public_html\core\app.php on line 434
[2026-07-06 18:19:53] Creation of dynamic property app::$rs_blog is deprecated in C:\xampp\Desktop\mdcnpal\htdocs\public_html\core\app.php on line 434
[2026-07-06 18:19:53] Creation of dynamic property app::$rs_category is deprecated in C:\xampp\Desktop\mdcnpal\htdocs\public_html\core\app.php on line 434
[2026-07-06 18:19:53] Creation of dynamic property app::$rs_faq_data is deprecated in C:\xampp\Desktop\mdcnpal\htdocs\public_html\core\app.php on line 434
[2026-07-06 18:19:53] Creation of dynamic property app::$rs_gallery_data is deprecated in C:\xampp\Desktop\mdcnpal\htdocs\public_html\core\app.php on line 434
[2026-07-06 18:19:53] Undefined array key "tempCityID" in C:\xampp\Desktop\mdcnpal\htdocs\public_html\includes\header.php on line 5
[2026-07-06 18:19:53] Undefined array key "items" in C:\xampp\Desktop\mdcnpal\htdocs\public_html\includes\header.php on line 16
[2026-07-06 18:19:53] Undefined array key "item_category" in C:\xampp\Desktop\mdcnpal\htdocs\public_html\includes\header.php on line 26
[2026-07-06 18:19:53] Undefined array key "item_diseases" in C:\xampp\Desktop\mdcnpal\htdocs\public_html\includes\header.php on line 33
[2026-07-06 18:19:53] Undefined property: app::$rs_cartmini in C:\xampp\Desktop\mdcnpal\htdocs\public_html\includes\header.php on line 131
[2026-07-06 18:19:53] Undefined array key "MDRCCustID" in C:\xampp\Desktop\mdcnpal\htdocs\public_html\includes\header.php on line 134
[2026-07-06 18:19:53] Undefined property: app::$rs_cartmini in C:\xampp\Desktop\mdcnpal\htdocs\public_html\includes\header.php on line 197
[2026-07-06 18:19:53] Undefined array key "MDRCCustID" in C:\xampp\Desktop\mdcnpal\htdocs\public_html\includes\header.php on line 200
[2026-07-06 18:19:53] Undefined property: app::$rs_cartmini in C:\xampp\Desktop\mdcnpal\htdocs\public_html\includes\header.php on line 469
[2026-07-06 18:19:53] Undefined array key "MDRCCustID" in C:\xampp\Desktop\mdcnpal\htdocs\public_html\includes\header.php on line 472
[2026-07-06 18:19:53] Undefined property: app::$rs_cartmini in C:\xampp\Desktop\mdcnpal\htdocs\public_html\includes\header.php on line 525
[2026-07-06 18:19:53] Undefined array key "MDRCCustID" in C:\xampp\Desktop\mdcnpal\htdocs\public_html\includes\header.php on line 528
[2026-07-06 18:19:53] Undefined property: app::$rs_customer in C:\xampp\Desktop\mdcnpal\htdocs\public_html\includes\header.php on line 712
[2026-07-06 18:19:53] Trying to access array offset on value of type null in C:\xampp\Desktop\mdcnpal\htdocs\public_html\includes\header.php on line 712
[2026-07-06 18:19:53] Undefined property: app::$rs_customer in C:\xampp\Desktop\mdcnpal\htdocs\public_html\includes\header.php on line 721
[2026-07-06 18:19:53] Trying to access array offset on value of type null in C:\xampp\Desktop\mdcnpal\htdocs\public_html\includes\header.php on line 721
[2026-07-06 18:19:53] Undefined property: app::$rs_customer in C:\xampp\Desktop\mdcnpal\htdocs\public_html\includes\header.php on line 730
[2026-07-06 18:19:53] Trying to access array offset on value of type null in C:\xampp\Desktop\mdcnpal\htdocs\public_html\includes\header.php on line 730
[2026-07-06 18:19:53] Undefined property: app::$rs_customer in C:\xampp\Desktop\mdcnpal\htdocs\public_html\includes\header.php on line 739
[2026-07-06 18:19:53] Trying to access array offset on value of type null in C:\xampp\Desktop\mdcnpal\htdocs\public_html\includes\header.php on line 739
[2026-07-06 18:19:53] Undefined variable $g_search_query in C:\xampp\Desktop\mdcnpal\htdocs\public_html\core\app.php(565) : eval()'d code on line 219
[2026-07-06 18:19:53] Undefined variable $department_cond in C:\xampp\Desktop\mdcnpal\htdocs\public_html\core\app.php(565) : eval()'d code on line 219
[2026-07-06 18:19:53] Undefined variable $type_cond in C:\xampp\Desktop\mdcnpal\htdocs\public_html\core\app.php(565) : eval()'d code on line 219
[2026-07-06 18:19:53] Undefined variable $dieses_cond in C:\xampp\Desktop\mdcnpal\htdocs\public_html\core\app.php(565) : eval()'d code on line 219
[2026-07-06 18:19:53] Undefined variable $popular_pack_cond in C:\xampp\Desktop\mdcnpal\htdocs\public_html\core\app.php(565) : eval()'d code on line 219
[2026-07-06 18:19:53] Undefined variable $g_search_query in C:\xampp\Desktop\mdcnpal\htdocs\public_html\core\app.php(565) : eval()'d code on line 219
[2026-07-06 18:19:53] Undefined variable $department_cond in C:\xampp\Desktop\mdcnpal\htdocs\public_html\core\app.php(565) : eval()'d code on line 219
[2026-07-06 18:19:53] Undefined variable $type_cond in C:\xampp\Desktop\mdcnpal\htdocs\public_html\core\app.php(565) : eval()'d code on line 219
[2026-07-06 18:19:53] Undefined variable $dieses_cond in C:\xampp\Desktop\mdcnpal\htdocs\public_html\core\app.php(565) : eval()'d code on line 219
[2026-07-06 18:19:53] Undefined variable $popular_pack_cond in C:\xampp\Desktop\mdcnpal\htdocs\public_html\core\app.php(565) : eval()'d code on line 219
[2026-07-06 18:19:53] Undefined variable $g_search_query in C:\xampp\Desktop\mdcnpal\htdocs\public_html\core\app.php(565) : eval()'d code on line 219
[2026-07-06 18:19:53] Undefined variable $department_cond in C:\xampp\Desktop\mdcnpal\htdocs\public_html\core\app.php(565) : eval()'d code on line 219
[2026-07-06 18:19:53] Undefined variable $type_cond in C:\xampp\Desktop\mdcnpal\htdocs\public_html\core\app.php(565) : eval()'d code on line 219
[2026-07-06 18:19:53] Undefined variable $dieses_cond in C:\xampp\Desktop\mdcnpal\htdocs\public_html\core\app.php(565) : eval()'d code on line 219
[2026-07-06 18:19:53] Undefined variable $popular_pack_cond in C:\xampp\Desktop\mdcnpal\htdocs\public_html\core\app.php(565) : eval()'d code on line 219
[2026-07-06 18:19:53] Undefined variable $g_search_query in C:\xampp\Desktop\mdcnpal\htdocs\public_html\core\app.php(565) : eval()'d code on line 219
[2026-07-06 18:19:53] Undefined variable $department_cond in C:\xampp\Desktop\mdcnpal\htdocs\public_html\core\app.php(565) : eval()'d code on line 219
[2026-07-06 18:19:53] Undefined variable $type_cond in C:\xampp\Desktop\mdcnpal\htdocs\public_html\core\app.php(565) : eval()'d code on line 219
[2026-07-06 18:19:53] Undefined variable $dieses_cond in C:\xampp\Desktop\mdcnpal\htdocs\public_html\core\app.php(565) : eval()'d code on line 219
[2026-07-06 18:19:53] Undefined variable $popular_pack_cond in C:\xampp\Desktop\mdcnpal\htdocs\public_html\core\app.php(565) : eval()'d code on line 219
[2026-07-06 18:19:53] Undefined variable $g_search_query in C:\xampp\Desktop\mdcnpal\htdocs\public_html\core\app.php(565) : eval()'d code on line 219
[2026-07-06 18:19:53] Undefined variable $department_cond in C:\xampp\Desktop\mdcnpal\htdocs\public_html\core\app.php(565) : eval()'d code on line 219
[2026-07-06 18:19:53] Undefined variable $type_cond in C:\xampp\Desktop\mdcnpal\htdocs\public_html\core\app.php(565) : eval()'d code on line 219
[2026-07-06 18:19:53] Undefined variable $dieses_cond in C:\xampp\Desktop\mdcnpal\htdocs\public_html\core\app.php(565) : eval()'d code on line 219
[2026-07-06 18:19:53] Undefined variable $popular_pack_cond in C:\xampp\Desktop\mdcnpal\htdocs\public_html\core\app.php(565) : eval()'d code on line 219
[2026-07-06 18:19:53] Undefined property: app::$rs_customer in C:\xampp\Desktop\mdcnpal\htdocs\public_html\includes\footer.php on line 357
[2026-07-06 18:19:53] Trying to access array offset on value of type null in C:\xampp\Desktop\mdcnpal\htdocs\public_html\includes\footer.php on line 357
[2026-07-06 18:19:53] Undefined property: app::$rs_customer in C:\xampp\Desktop\mdcnpal\htdocs\public_html\includes\footer.php on line 366
[2026-07-06 18:19:53] Trying to access array offset on value of type null in C:\xampp\Desktop\mdcnpal\htdocs\public_html\includes\footer.php on line 366
[2026-07-06 18:19:53] Undefined property: app::$rs_customer in C:\xampp\Desktop\mdcnpal\htdocs\public_html\includes\footer.php on line 372
[2026-07-06 18:19:53] Trying to access array offset on value of type null in C:\xampp\Desktop\mdcnpal\htdocs\public_html\includes\footer.php on line 372
[2026-07-06 18:19:53] Undefined property: app::$rs_customer in C:\xampp\Desktop\mdcnpal\htdocs\public_html\includes\general_data.php on line 88
[2026-07-06 18:19:53] Trying to access array offset on value of type null in C:\xampp\Desktop\mdcnpal\htdocs\public_html\includes\general_data.php on line 88
[2026-07-06 18:19:53] Undefined array key "MDRCCustID" in C:\xampp\Desktop\mdcnpal\htdocs\public_html\includes\general_data.php on line 88
[2026-07-06 18:19:53] Undefined variable $tmpStr in C:\xampp\Desktop\mdcnpal\htdocs\public_html\core\app.php on line 971
[2026-07-06 18:19:54] Creation of dynamic property dbclass::$RECORD_SET is deprecated in C:\xampp\Desktop\mdcnpal\htdocs\public_html\core\dbclass.php on line 69
[2026-07-06 18:19:54] Creation of dynamic property dbclass::$app is deprecated in C:\xampp\Desktop\mdcnpal\htdocs\public_html\core\dbclass.php on line 75
[2026-07-06 18:19:54] Creation of dynamic property model::$foreign_tables is deprecated in C:\xampp\Desktop\mdcnpal\htdocs\public_html\core\model.php on line 43
[2026-07-06 18:19:54] Creation of dynamic property app::$inputfilter is deprecated in C:\xampp\Desktop\mdcnpal\htdocs\public_html\core\app.php on line 123
[2026-07-06 18:19:54] Creation of dynamic property app::$userconfig is deprecated in C:\xampp\Desktop\mdcnpal\htdocs\public_html\core\app.php on line 124
[2026-07-06 18:19:54] Creation of dynamic property app::$global_include is deprecated in C:\xampp\Desktop\mdcnpal\htdocs\public_html\core\app.php on line 125
[2026-07-06 18:19:54] Creation of dynamic property app::$set_cache_time is deprecated in C:\xampp\Desktop\mdcnpal\htdocs\public_html\core\app.php on line 153
[2026-07-06 18:19:54] Undefined array key "cityID" in C:\xampp\Desktop\mdcnpal\htdocs\public_html\core\global_include.php on line 381
[2026-07-06 18:19:54] Undefined array key "cityID" in C:\xampp\Desktop\mdcnpal\htdocs\public_html\core\global_include.php on line 416
[2026-07-06 18:19:54] Creation of dynamic property app::$meta is deprecated in C:\xampp\Desktop\mdcnpal\htdocs\public_html\core\app.php on line 434
[2026-07-06 18:19:54] Creation of dynamic property app::$rs_gs_city is deprecated in C:\xampp\Desktop\mdcnpal\htdocs\public_html\core\app.php on line 434
[2026-07-06 18:19:54] Undefined array key "cityID" in C:\xampp\Desktop\mdcnpal\htdocs\public_html\core\global_include.php on line 468
[2026-07-06 18:19:54] Creation of dynamic property app::$rs_footer_popular_item is deprecated in C:\xampp\Desktop\mdcnpal\htdocs\public_html\core\app.php on line 434
[2026-07-06 18:19:54] Creation of dynamic property app::$rs_footer_popular_test is deprecated in C:\xampp\Desktop\mdcnpal\htdocs\public_html\core\app.php on line 434
[2026-07-06 18:19:54] Creation of dynamic property app::$rs_testimonial is deprecated in C:\xampp\Desktop\mdcnpal\htdocs\public_html\core\app.php on line 434
[2026-07-06 18:19:54] Creation of dynamic property app::$admin is deprecated in C:\xampp\Desktop\mdcnpal\htdocs\public_html\core\app.php on line 434
[2026-07-06 18:19:54] Undefined array key 0 in C:\xampp\Desktop\mdcnpal\htdocs\public_html\core\global_include.php on line 514
[2026-07-06 18:19:54] Creation of dynamic property app::$popup is deprecated in C:\xampp\Desktop\mdcnpal\htdocs\public_html\core\app.php on line 434
[2026-07-06 18:19:54] Undefined array key "MDRCCustID" in C:\xampp\Desktop\mdcnpal\htdocs\public_html\core\global_include.php on line 515
[2026-07-06 18:19:54] Undefined array key "MDRCToken" in C:\xampp\Desktop\mdcnpal\htdocs\public_html\core\global_include.php on line 515
[2026-07-06 18:19:54] Creation of dynamic property app::$rscategory is deprecated in C:\xampp\Desktop\mdcnpal\htdocs\public_html\core\app.php on line 434
[2026-07-06 18:19:54] Creation of dynamic property app::$rs_pages is deprecated in C:\xampp\Desktop\mdcnpal\htdocs\public_html\core\app.php on line 434
[2026-07-06 18:19:54] Creation of dynamic property app::$gs is deprecated in C:\xampp\Desktop\mdcnpal\htdocs\public_html\core\app.php on line 434
[2026-07-06 18:19:54] Undefined array key "MDRCCustID" in C:\xampp\Desktop\mdcnpal\htdocs\public_html\core\global_include.php on line 596
[2026-07-06 18:19:54] Undefined array key "MDRCCustID" in C:\xampp\Desktop\mdcnpal\htdocs\public_html\core\global_include.php on line 615
[2026-07-06 18:19:54] Undefined variable $getId in C:\xampp\Desktop\mdcnpal\htdocs\public_html\core\global_include.php on line 684
[2026-07-06 18:19:54] Undefined variable $getName in C:\xampp\Desktop\mdcnpal\htdocs\public_html\core\global_include.php on line 685
[2026-07-06 18:19:54] Undefined array key 0 in C:\xampp\Desktop\mdcnpal\htdocs\public_html\core\global_include.php on line 810
[2026-07-06 18:19:54] Creation of dynamic property app::$rs_offer_msg is deprecated in C:\xampp\Desktop\mdcnpal\htdocs\public_html\core\app.php on line 434
[2026-07-06 18:19:54] Creation of dynamic property app::$rs_for_doctors is deprecated in C:\xampp\Desktop\mdcnpal\htdocs\public_html\core\app.php on line 434
[2026-07-06 18:19:54] Creation of dynamic property dbclass::$RECORD_SET is deprecated in C:\xampp\Desktop\mdcnpal\htdocs\public_html\core\dbclass.php on line 69
[2026-07-06 18:19:54] Creation of dynamic property dbclass::$app is deprecated in C:\xampp\Desktop\mdcnpal\htdocs\public_html\core\dbclass.php on line 75
[2026-07-06 18:19:54] Creation of dynamic property model::$foreign_tables is deprecated in C:\xampp\Desktop\mdcnpal\htdocs\public_html\core\model.php on line 43
[2026-07-06 18:19:54] Creation of dynamic property app::$inputfilter is deprecated in C:\xampp\Desktop\mdcnpal\htdocs\public_html\core\app.php on line 123
[2026-07-06 18:19:54] Creation of dynamic property app::$userconfig is deprecated in C:\xampp\Desktop\mdcnpal\htdocs\public_html\core\app.php on line 124
[2026-07-06 18:19:54] Creation of dynamic property app::$global_include is deprecated in C:\xampp\Desktop\mdcnpal\htdocs\public_html\core\app.php on line 125
[2026-07-06 18:19:54] Creation of dynamic property app::$set_cache_time is deprecated in C:\xampp\Desktop\mdcnpal\htdocs\public_html\core\app.php on line 153
[2026-07-06 18:19:54] Creation of dynamic property app::$meta is deprecated in C:\xampp\Desktop\mdcnpal\htdocs\public_html\core\app.php on line 434
[2026-07-06 18:19:54] Creation of dynamic property app::$rs_gs_city is deprecated in C:\xampp\Desktop\mdcnpal\htdocs\public_html\core\app.php on line 434
[2026-07-06 18:19:54] Creation of dynamic property app::$rs_footer_popular_item is deprecated in C:\xampp\Desktop\mdcnpal\htdocs\public_html\core\app.php on line 434
[2026-07-06 18:19:54] Creation of dynamic property app::$rs_footer_popular_test is deprecated in C:\xampp\Desktop\mdcnpal\htdocs\public_html\core\app.php on line 434
[2026-07-06 18:19:54] Creation of dynamic property app::$rs_testimonial is deprecated in C:\xampp\Desktop\mdcnpal\htdocs\public_html\core\app.php on line 434
[2026-07-06 18:19:54] Creation of dynamic property app::$admin is deprecated in C:\xampp\Desktop\mdcnpal\htdocs\public_html\core\app.php on line 434
[2026-07-06 18:19:54] Undefined array key 0 in C:\xampp\Desktop\mdcnpal\htdocs\public_html\core\global_include.php on line 514
[2026-07-06 18:19:54] Creation of dynamic property app::$popup is deprecated in C:\xampp\Desktop\mdcnpal\htdocs\public_html\core\app.php on line 434
[2026-07-06 18:19:54] Undefined array key "MDRCCustID" in C:\xampp\Desktop\mdcnpal\htdocs\public_html\core\global_include.php on line 515
[2026-07-06 18:19:54] Undefined array key "MDRCToken" in C:\xampp\Desktop\mdcnpal\htdocs\public_html\core\global_include.php on line 515
[2026-07-06 18:19:54] Creation of dynamic property app::$rscategory is deprecated in C:\xampp\Desktop\mdcnpal\htdocs\public_html\core\app.php on line 434
[2026-07-06 18:19:54] Creation of dynamic property app::$rs_pages is deprecated in C:\xampp\Desktop\mdcnpal\htdocs\public_html\core\app.php on line 434
[2026-07-06 18:19:54] Creation of dynamic property app::$gs is deprecated in C:\xampp\Desktop\mdcnpal\htdocs\public_html\core\app.php on line 434
[2026-07-06 18:19:54] Undefined array key "MDRCCustID" in C:\xampp\Desktop\mdcnpal\htdocs\public_html\core\global_include.php on line 596
[2026-07-06 18:19:54] Undefined array key "MDRCCustID" in C:\xampp\Desktop\mdcnpal\htdocs\public_html\core\global_include.php on line 615
[2026-07-06 18:19:54] Undefined variable $getId in C:\xampp\Desktop\mdcnpal\htdocs\public_html\core\global_include.php on line 684
[2026-07-06 18:19:54] Undefined variable $getName in C:\xampp\Desktop\mdcnpal\htdocs\public_html\core\global_include.php on line 685
[2026-07-06 18:19:54] Undefined array key 0 in C:\xampp\Desktop\mdcnpal\htdocs\public_html\core\global_include.php on line 810
[2026-07-06 18:19:54] Creation of dynamic property app::$rs_offer_msg is deprecated in C:\xampp\Desktop\mdcnpal\htdocs\public_html\core\app.php on line 434
[2026-07-06 18:19:54] Creation of dynamic property app::$rs_for_doctors is deprecated in C:\xampp\Desktop\mdcnpal\htdocs\public_html\core\app.php on line 434
[2026-07-06 18:19:54] Undefined array key "tempCityID" in C:\xampp\Desktop\mdcnpal\htdocs\public_html\includes\header.php on line 5
[2026-07-06 18:19:54] Undefined array key "items" in C:\xampp\Desktop\mdcnpal\htdocs\public_html\includes\header.php on line 16
[2026-07-06 18:19:54] Undefined array key "item_category" in C:\xampp\Desktop\mdcnpal\htdocs\public_html\includes\header.php on line 26
[2026-07-06 18:19:54] Undefined array key "item_diseases" in C:\xampp\Desktop\mdcnpal\htdocs\public_html\includes\header.php on line 33
[2026-07-06 18:19:54] Undefined property: app::$rs_cartmini in C:\xampp\Desktop\mdcnpal\htdocs\public_html\includes\header.php on line 131
[2026-07-06 18:19:54] Undefined array key "MDRCCustID" in C:\xampp\Desktop\mdcnpal\htdocs\public_html\includes\header.php on line 134
[2026-07-06 18:19:54] Undefined property: app::$rs_cartmini in C:\xampp\Desktop\mdcnpal\htdocs\public_html\includes\header.php on line 197
[2026-07-06 18:19:54] Undefined array key "MDRCCustID" in C:\xampp\Desktop\mdcnpal\htdocs\public_html\includes\header.php on line 200
[2026-07-06 18:19:54] Undefined property: app::$rs_cartmini in C:\xampp\Desktop\mdcnpal\htdocs\public_html\includes\header.php on line 469
[2026-07-06 18:19:54] Undefined array key "MDRCCustID" in C:\xampp\Desktop\mdcnpal\htdocs\public_html\includes\header.php on line 472
[2026-07-06 18:19:54] Undefined property: app::$rs_cartmini in C:\xampp\Desktop\mdcnpal\htdocs\public_html\includes\header.php on line 525
[2026-07-06 18:19:54] Undefined array key "MDRCCustID" in C:\xampp\Desktop\mdcnpal\htdocs\public_html\includes\header.php on line 528
[2026-07-06 18:19:54] Undefined property: app::$rs_customer in C:\xampp\Desktop\mdcnpal\htdocs\public_html\includes\header.php on line 712
[2026-07-06 18:19:54] Trying to access array offset on value of type null in C:\xampp\Desktop\mdcnpal\htdocs\public_html\includes\header.php on line 712
[2026-07-06 18:19:54] Undefined property: app::$rs_customer in C:\xampp\Desktop\mdcnpal\htdocs\public_html\includes\header.php on line 721
[2026-07-06 18:19:54] Trying to access array offset on value of type null in C:\xampp\Desktop\mdcnpal\htdocs\public_html\includes\header.php on line 721
[2026-07-06 18:19:54] Undefined property: app::$rs_customer in C:\xampp\Desktop\mdcnpal\htdocs\public_html\includes\header.php on line 730
[2026-07-06 18:19:54] Trying to access array offset on value of type null in C:\xampp\Desktop\mdcnpal\htdocs\public_html\includes\header.php on line 730
[2026-07-06 18:19:54] Undefined property: app::$rs_customer in C:\xampp\Desktop\mdcnpal\htdocs\public_html\includes\header.php on line 739
[2026-07-06 18:19:54] Trying to access array offset on value of type null in C:\xampp\Desktop\mdcnpal\htdocs\public_html\includes\header.php on line 739
[2026-07-06 18:19:54] Undefined property: app::$rs_customer in C:\xampp\Desktop\mdcnpal\htdocs\public_html\includes\footer.php on line 357
[2026-07-06 18:19:54] Trying to access array offset on value of type null in C:\xampp\Desktop\mdcnpal\htdocs\public_html\includes\footer.php on line 357
[2026-07-06 18:19:54] Undefined property: app::$rs_customer in C:\xampp\Desktop\mdcnpal\htdocs\public_html\includes\footer.php on line 366
[2026-07-06 18:19:54] Trying to access array offset on value of type null in C:\xampp\Desktop\mdcnpal\htdocs\public_html\includes\footer.php on line 366
[2026-07-06 18:19:54] Undefined property: app::$rs_customer in C:\xampp\Desktop\mdcnpal\htdocs\public_html\includes\footer.php on line 372
[2026-07-06 18:19:54] Trying to access array offset on value of type null in C:\xampp\Desktop\mdcnpal\htdocs\public_html\includes\footer.php on line 372
[2026-07-06 18:19:54] Undefined property: app::$rs_customer in C:\xampp\Desktop\mdcnpal\htdocs\public_html\includes\general_data.php on line 88
[2026-07-06 18:19:54] Trying to access array offset on value of type null in C:\xampp\Desktop\mdcnpal\htdocs\public_html\includes\general_data.php on line 88
[2026-07-06 18:19:54] Undefined array key "MDRCCustID" in C:\xampp\Desktop\mdcnpal\htdocs\public_html\includes\general_data.php on line 88
[2026-07-06 18:19:54] Undefined variable $tmpStr in C:\xampp\Desktop\mdcnpal\htdocs\public_html\core\app.php on line 971
[2026-07-06 18:19:55] Creation of dynamic property dbclass::$RECORD_SET is deprecated in C:\xampp\Desktop\mdcnpal\htdocs\public_html\core\dbclass.php on line 69
[2026-07-06 18:19:55] Creation of dynamic property dbclass::$app is deprecated in C:\xampp\Desktop\mdcnpal\htdocs\public_html\core\dbclass.php on line 75
[2026-07-06 18:19:55] Creation of dynamic property model::$foreign_tables is deprecated in C:\xampp\Desktop\mdcnpal\htdocs\public_html\core\model.php on line 43
[2026-07-06 18:19:55] Creation of dynamic property app::$inputfilter is deprecated in C:\xampp\Desktop\mdcnpal\htdocs\public_html\core\app.php on line 123
[2026-07-06 18:19:55] Creation of dynamic property app::$userconfig is deprecated in C:\xampp\Desktop\mdcnpal\htdocs\public_html\core\app.php on line 124
[2026-07-06 18:19:55] Creation of dynamic property app::$global_include is deprecated in C:\xampp\Desktop\mdcnpal\htdocs\public_html\core\app.php on line 125
[2026-07-06 18:19:55] Creation of dynamic property app::$set_cache_time is deprecated in C:\xampp\Desktop\mdcnpal\htdocs\public_html\core\app.php on line 153
[2026-07-06 18:19:55] Creation of dynamic property app::$meta is deprecated in C:\xampp\Desktop\mdcnpal\htdocs\public_html\core\app.php on line 434
[2026-07-06 18:19:55] Creation of dynamic property app::$rs_gs_city is deprecated in C:\xampp\Desktop\mdcnpal\htdocs\public_html\core\app.php on line 434
[2026-07-06 18:19:55] Creation of dynamic property app::$rs_footer_popular_item is deprecated in C:\xampp\Desktop\mdcnpal\htdocs\public_html\core\app.php on line 434
[2026-07-06 18:19:55] Creation of dynamic property app::$rs_footer_popular_test is deprecated in C:\xampp\Desktop\mdcnpal\htdocs\public_html\core\app.php on line 434
[2026-07-06 18:19:55] Creation of dynamic property app::$rs_testimonial is deprecated in C:\xampp\Desktop\mdcnpal\htdocs\public_html\core\app.php on line 434
[2026-07-06 18:19:55] Creation of dynamic property app::$admin is deprecated in C:\xampp\Desktop\mdcnpal\htdocs\public_html\core\app.php on line 434
[2026-07-06 18:19:55] Undefined array key 0 in C:\xampp\Desktop\mdcnpal\htdocs\public_html\core\global_include.php on line 514
[2026-07-06 18:19:55] Creation of dynamic property app::$popup is deprecated in C:\xampp\Desktop\mdcnpal\htdocs\public_html\core\app.php on line 434
[2026-07-06 18:19:55] Undefined array key "MDRCCustID" in C:\xampp\Desktop\mdcnpal\htdocs\public_html\core\global_include.php on line 515
[2026-07-06 18:19:55] Undefined array key "MDRCToken" in C:\xampp\Desktop\mdcnpal\htdocs\public_html\core\global_include.php on line 515
[2026-07-06 18:19:55] Creation of dynamic property app::$rscategory is deprecated in C:\xampp\Desktop\mdcnpal\htdocs\public_html\core\app.php on line 434
[2026-07-06 18:19:55] Creation of dynamic property app::$rs_pages is deprecated in C:\xampp\Desktop\mdcnpal\htdocs\public_html\core\app.php on line 434
[2026-07-06 18:19:55] Creation of dynamic property app::$gs is deprecated in C:\xampp\Desktop\mdcnpal\htdocs\public_html\core\app.php on line 434
[2026-07-06 18:19:55] Undefined array key "MDRCCustID" in C:\xampp\Desktop\mdcnpal\htdocs\public_html\core\global_include.php on line 596
[2026-07-06 18:19:55] Undefined array key "MDRCCustID" in C:\xampp\Desktop\mdcnpal\htdocs\public_html\core\global_include.php on line 615
[2026-07-06 18:19:55] Undefined variable $getId in C:\xampp\Desktop\mdcnpal\htdocs\public_html\core\global_include.php on line 684
[2026-07-06 18:19:55] Undefined variable $getName in C:\xampp\Desktop\mdcnpal\htdocs\public_html\core\global_include.php on line 685
[2026-07-06 18:19:55] Undefined array key 0 in C:\xampp\Desktop\mdcnpal\htdocs\public_html\core\global_include.php on line 810
[2026-07-06 18:19:55] Creation of dynamic property app::$rs_offer_msg is deprecated in C:\xampp\Desktop\mdcnpal\htdocs\public_html\core\app.php on line 434
[2026-07-06 18:19:55] Creation of dynamic property app::$rs_for_doctors is deprecated in C:\xampp\Desktop\mdcnpal\htdocs\public_html\core\app.php on line 434
[2026-07-06 18:19:55] Creation of dynamic property app::$description is deprecated in C:\xampp\Desktop\mdcnpal\htdocs\public_html\core\app.php on line 434
[2026-07-06 18:19:55] Creation of dynamic property app::$rs_banner is deprecated in C:\xampp\Desktop\mdcnpal\htdocs\public_html\core\app.php on line 434
[2026-07-06 18:19:55] Creation of dynamic property app::$rs_item_diseases is deprecated in C:\xampp\Desktop\mdcnpal\htdocs\public_html\core\app.php on line 434
[2026-07-06 18:19:55] Creation of dynamic property app::$rs_item_home_category is deprecated in C:\xampp\Desktop\mdcnpal\htdocs\public_html\core\app.php on line 434
[2026-07-06 18:19:55] Creation of dynamic property app::$rs_item_banner_category is deprecated in C:\xampp\Desktop\mdcnpal\htdocs\public_html\core\app.php on line 434
[2026-07-06 18:19:55] Creation of dynamic property app::$rs_services is deprecated in C:\xampp\Desktop\mdcnpal\htdocs\public_html\core\app.php on line 434
[2026-07-06 18:19:55] Creation of dynamic property app::$rs_blog is deprecated in C:\xampp\Desktop\mdcnpal\htdocs\public_html\core\app.php on line 434
[2026-07-06 18:19:55] Creation of dynamic property app::$rs_category is deprecated in C:\xampp\Desktop\mdcnpal\htdocs\public_html\core\app.php on line 434
[2026-07-06 18:19:55] Creation of dynamic property app::$rs_faq_data is deprecated in C:\xampp\Desktop\mdcnpal\htdocs\public_html\core\app.php on line 434
[2026-07-06 18:19:55] Creation of dynamic property app::$rs_gallery_data is deprecated in C:\xampp\Desktop\mdcnpal\htdocs\public_html\core\app.php on line 434
[2026-07-06 18:19:55] Undefined property: app::$rs_cartmini in C:\xampp\Desktop\mdcnpal\htdocs\public_html\includes\header.php on line 131
[2026-07-06 18:19:55] Undefined array key "MDRCCustID" in C:\xampp\Desktop\mdcnpal\htdocs\public_html\includes\header.php on line 134
[2026-07-06 18:19:55] Undefined property: app::$rs_cartmini in C:\xampp\Desktop\mdcnpal\htdocs\public_html\includes\header.php on line 197
[2026-07-06 18:19:55] Undefined array key "MDRCCustID" in C:\xampp\Desktop\mdcnpal\htdocs\public_html\includes\header.php on line 200
[2026-07-06 18:19:55] Undefined property: app::$rs_cartmini in C:\xampp\Desktop\mdcnpal\htdocs\public_html\includes\header.php on line 469
[2026-07-06 18:19:55] Undefined array key "MDRCCustID" in C:\xampp\Desktop\mdcnpal\htdocs\public_html\includes\header.php on line 472
[2026-07-06 18:19:55] Undefined property: app::$rs_cartmini in C:\xampp\Desktop\mdcnpal\htdocs\public_html\includes\header.php on line 525
[2026-07-06 18:19:55] Undefined array key "MDRCCustID" in C:\xampp\Desktop\mdcnpal\htdocs\public_html\includes\header.php on line 528
[2026-07-06 18:19:55] Undefined property: app::$rs_customer in C:\xampp\Desktop\mdcnpal\htdocs\public_html\includes\header.php on line 712
[2026-07-06 18:19:55] Trying to access array offset on value of type null in C:\xampp\Desktop\mdcnpal\htdocs\public_html\includes\header.php on line 712
[2026-07-06 18:19:55] Undefined property: app::$rs_customer in C:\xampp\Desktop\mdcnpal\htdocs\public_html\includes\header.php on line 721
[2026-07-06 18:19:55] Trying to access array offset on value of type null in C:\xampp\Desktop\mdcnpal\htdocs\public_html\includes\header.php on line 721
[2026-07-06 18:19:55] Undefined property: app::$rs_customer in C:\xampp\Desktop\mdcnpal\htdocs\public_html\includes\header.php on line 730
[2026-07-06 18:19:55] Trying to access array offset on value of type null in C:\xampp\Desktop\mdcnpal\htdocs\public_html\includes\header.php on line 730
[2026-07-06 18:19:55] Undefined property: app::$rs_customer in C:\xampp\Desktop\mdcnpal\htdocs\public_html\includes\header.php on line 739
[2026-07-06 18:19:55] Trying to access array offset on value of type null in C:\xampp\Desktop\mdcnpal\htdocs\public_html\includes\header.php on line 739
[2026-07-06 18:19:55] Undefined variable $g_search_query in C:\xampp\Desktop\mdcnpal\htdocs\public_html\core\app.php(565) : eval()'d code on line 219
[2026-07-06 18:19:55] Undefined variable $department_cond in C:\xampp\Desktop\mdcnpal\htdocs\public_html\core\app.php(565) : eval()'d code on line 219
[2026-07-06 18:19:55] Undefined variable $type_cond in C:\xampp\Desktop\mdcnpal\htdocs\public_html\core\app.php(565) : eval()'d code on line 219
[2026-07-06 18:19:55] Undefined variable $dieses_cond in C:\xampp\Desktop\mdcnpal\htdocs\public_html\core\app.php(565) : eval()'d code on line 219
[2026-07-06 18:19:55] Undefined variable $popular_pack_cond in C:\xampp\Desktop\mdcnpal\htdocs\public_html\core\app.php(565) : eval()'d code on line 219
[2026-07-06 18:19:55] Undefined variable $g_search_query in C:\xampp\Desktop\mdcnpal\htdocs\public_html\core\app.php(565) : eval()'d code on line 219
[2026-07-06 18:19:55] Undefined variable $department_cond in C:\xampp\Desktop\mdcnpal\htdocs\public_html\core\app.php(565) : eval()'d code on line 219
[2026-07-06 18:19:55] Undefined variable $type_cond in C:\xampp\Desktop\mdcnpal\htdocs\public_html\core\app.php(565) : eval()'d code on line 219
[2026-07-06 18:19:55] Undefined variable $dieses_cond in C:\xampp\Desktop\mdcnpal\htdocs\public_html\core\app.php(565) : eval()'d code on line 219
[2026-07-06 18:19:55] Undefined variable $popular_pack_cond in C:\xampp\Desktop\mdcnpal\htdocs\public_html\core\app.php(565) : eval()'d code on line 219
[2026-07-06 18:19:55] Undefined variable $g_search_query in C:\xampp\Desktop\mdcnpal\htdocs\public_html\core\app.php(565) : eval()'d code on line 219
[2026-07-06 18:19:55] Undefined variable $department_cond in C:\xampp\Desktop\mdcnpal\htdocs\public_html\core\app.php(565) : eval()'d code on line 219
[2026-07-06 18:19:55] Undefined variable $type_cond in C:\xampp\Desktop\mdcnpal\htdocs\public_html\core\app.php(565) : eval()'d code on line 219
[2026-07-06 18:19:55] Undefined variable $dieses_cond in C:\xampp\Desktop\mdcnpal\htdocs\public_html\core\app.php(565) : eval()'d code on line 219
[2026-07-06 18:19:55] Undefined variable $popular_pack_cond in C:\xampp\Desktop\mdcnpal\htdocs\public_html\core\app.php(565) : eval()'d code on line 219
[2026-07-06 18:19:56] Undefined variable $g_search_query in C:\xampp\Desktop\mdcnpal\htdocs\public_html\core\app.php(565) : eval()'d code on line 219
[2026-07-06 18:19:56] Undefined variable $department_cond in C:\xampp\Desktop\mdcnpal\htdocs\public_html\core\app.php(565) : eval()'d code on line 219
[2026-07-06 18:19:56] Undefined variable $type_cond in C:\xampp\Desktop\mdcnpal\htdocs\public_html\core\app.php(565) : eval()'d code on line 219
[2026-07-06 18:19:56] Undefined variable $dieses_cond in C:\xampp\Desktop\mdcnpal\htdocs\public_html\core\app.php(565) : eval()'d code on line 219
[2026-07-06 18:19:56] Undefined variable $popular_pack_cond in C:\xampp\Desktop\mdcnpal\htdocs\public_html\core\app.php(565) : eval()'d code on line 219
[2026-07-06 18:19:56] Undefined variable $g_search_query in C:\xampp\Desktop\mdcnpal\htdocs\public_html\core\app.php(565) : eval()'d code on line 219
[2026-07-06 18:19:56] Undefined variable $department_cond in C:\xampp\Desktop\mdcnpal\htdocs\public_html\core\app.php(565) : eval()'d code on line 219
[2026-07-06 18:19:56] Undefined variable $type_cond in C:\xampp\Desktop\mdcnpal\htdocs\public_html\core\app.php(565) : eval()'d code on line 219
[2026-07-06 18:19:56] Undefined variable $dieses_cond in C:\xampp\Desktop\mdcnpal\htdocs\public_html\core\app.php(565) : eval()'d code on line 219
[2026-07-06 18:19:56] Undefined variable $popular_pack_cond in C:\xampp\Desktop\mdcnpal\htdocs\public_html\core\app.php(565) : eval()'d code on line 219
[2026-07-06 18:19:56] Undefined property: app::$rs_customer in C:\xampp\Desktop\mdcnpal\htdocs\public_html\includes\footer.php on line 357
[2026-07-06 18:19:56] Trying to access array offset on value of type null in C:\xampp\Desktop\mdcnpal\htdocs\public_html\includes\footer.php on line 357
[2026-07-06 18:19:56] Undefined property: app::$rs_customer in C:\xampp\Desktop\mdcnpal\htdocs\public_html\includes\footer.php on line 366
[2026-07-06 18:19:56] Trying to access array offset on value of type null in C:\xampp\Desktop\mdcnpal\htdocs\public_html\includes\footer.php on line 366
[2026-07-06 18:19:56] Undefined property: app::$rs_customer in C:\xampp\Desktop\mdcnpal\htdocs\public_html\includes\footer.php on line 372
[2026-07-06 18:19:56] Trying to access array offset on value of type null in C:\xampp\Desktop\mdcnpal\htdocs\public_html\includes\footer.php on line 372
[2026-07-06 18:19:56] Undefined property: app::$rs_customer in C:\xampp\Desktop\mdcnpal\htdocs\public_html\includes\general_data.php on line 88
[2026-07-06 18:19:56] Trying to access array offset on value of type null in C:\xampp\Desktop\mdcnpal\htdocs\public_html\includes\general_data.php on line 88
[2026-07-06 18:19:56] Undefined array key "MDRCCustID" in C:\xampp\Desktop\mdcnpal\htdocs\public_html\includes\general_data.php on line 88
[2026-07-06 18:19:56] Undefined variable $tmpStr in C:\xampp\Desktop\mdcnpal\htdocs\public_html\core\app.php on line 971
[2026-07-06 18:19:58] Creation of dynamic property dbclass::$RECORD_SET is deprecated in C:\xampp\Desktop\mdcnpal\htdocs\public_html\core\dbclass.php on line 69
[2026-07-06 18:19:58] Creation of dynamic property dbclass::$app is deprecated in C:\xampp\Desktop\mdcnpal\htdocs\public_html\core\dbclass.php on line 75
[2026-07-06 18:19:58] Creation of dynamic property model::$foreign_tables is deprecated in C:\xampp\Desktop\mdcnpal\htdocs\public_html\core\model.php on line 43
[2026-07-06 18:19:58] Creation of dynamic property app::$inputfilter is deprecated in C:\xampp\Desktop\mdcnpal\htdocs\public_html\core\app.php on line 123
[2026-07-06 18:19:58] Creation of dynamic property app::$userconfig is deprecated in C:\xampp\Desktop\mdcnpal\htdocs\public_html\core\app.php on line 124
[2026-07-06 18:19:58] Creation of dynamic property app::$global_include is deprecated in C:\xampp\Desktop\mdcnpal\htdocs\public_html\core\app.php on line 125
[2026-07-06 18:19:58] Creation of dynamic property app::$set_cache_time is deprecated in C:\xampp\Desktop\mdcnpal\htdocs\public_html\core\app.php on line 153
[2026-07-06 18:19:58] Undefined variable $RESULT in C:\xampp\Desktop\mdcnpal\htdocs\public_html\scripts\ajax\selectCityUsingGoogleMapApi.php on line 69
[2026-07-06 18:19:58] Undefined variable $URL in C:\xampp\Desktop\mdcnpal\htdocs\public_html\scripts\ajax\selectCityUsingGoogleMapApi.php on line 73
[2026-07-06 18:20:01] Creation of dynamic property dbclass::$RECORD_SET is deprecated in C:\xampp\Desktop\mdcnpal\htdocs\public_html\core\dbclass.php on line 69
[2026-07-06 18:20:01] Creation of dynamic property dbclass::$app is deprecated in C:\xampp\Desktop\mdcnpal\htdocs\public_html\core\dbclass.php on line 75
[2026-07-06 18:20:01] Creation of dynamic property model::$foreign_tables is deprecated in C:\xampp\Desktop\mdcnpal\htdocs\public_html\core\model.php on line 43
[2026-07-06 18:20:01] Creation of dynamic property app::$inputfilter is deprecated in C:\xampp\Desktop\mdcnpal\htdocs\public_html\core\app.php on line 123
[2026-07-06 18:20:01] Creation of dynamic property app::$userconfig is deprecated in C:\xampp\Desktop\mdcnpal\htdocs\public_html\core\app.php on line 124
[2026-07-06 18:20:01] Creation of dynamic property app::$global_include is deprecated in C:\xampp\Desktop\mdcnpal\htdocs\public_html\core\app.php on line 125
[2026-07-06 18:20:01] Creation of dynamic property app::$set_cache_time is deprecated in C:\xampp\Desktop\mdcnpal\htdocs\public_html\core\app.php on line 153
[2026-07-06 18:20:01] Creation of dynamic property app::$meta is deprecated in C:\xampp\Desktop\mdcnpal\htdocs\public_html\core\app.php on line 434
[2026-07-06 18:20:01] Creation of dynamic property app::$rs_gs_city is deprecated in C:\xampp\Desktop\mdcnpal\htdocs\public_html\core\app.php on line 434
[2026-07-06 18:20:01] Creation of dynamic property app::$rs_footer_popular_item is deprecated in C:\xampp\Desktop\mdcnpal\htdocs\public_html\core\app.php on line 434
[2026-07-06 18:20:01] Creation of dynamic property app::$rs_footer_popular_test is deprecated in C:\xampp\Desktop\mdcnpal\htdocs\public_html\core\app.php on line 434
[2026-07-06 18:20:01] Creation of dynamic property app::$rs_testimonial is deprecated in C:\xampp\Desktop\mdcnpal\htdocs\public_html\core\app.php on line 434
[2026-07-06 18:20:01] Creation of dynamic property app::$admin is deprecated in C:\xampp\Desktop\mdcnpal\htdocs\public_html\core\app.php on line 434
[2026-07-06 18:20:01] Undefined array key 0 in C:\xampp\Desktop\mdcnpal\htdocs\public_html\core\global_include.php on line 514
[2026-07-06 18:20:01] Creation of dynamic property app::$popup is deprecated in C:\xampp\Desktop\mdcnpal\htdocs\public_html\core\app.php on line 434
[2026-07-06 18:20:01] Undefined array key "MDRCCustID" in C:\xampp\Desktop\mdcnpal\htdocs\public_html\core\global_include.php on line 515
[2026-07-06 18:20:01] Undefined array key "MDRCToken" in C:\xampp\Desktop\mdcnpal\htdocs\public_html\core\global_include.php on line 515
[2026-07-06 18:20:01] Creation of dynamic property app::$rscategory is deprecated in C:\xampp\Desktop\mdcnpal\htdocs\public_html\core\app.php on line 434
[2026-07-06 18:20:01] Creation of dynamic property app::$rs_pages is deprecated in C:\xampp\Desktop\mdcnpal\htdocs\public_html\core\app.php on line 434
[2026-07-06 18:20:01] Creation of dynamic property app::$gs is deprecated in C:\xampp\Desktop\mdcnpal\htdocs\public_html\core\app.php on line 434
[2026-07-06 18:20:01] Undefined array key "MDRCCustID" in C:\xampp\Desktop\mdcnpal\htdocs\public_html\core\global_include.php on line 596
[2026-07-06 18:20:01] Undefined array key "MDRCCustID" in C:\xampp\Desktop\mdcnpal\htdocs\public_html\core\global_include.php on line 615
[2026-07-06 18:20:01] Undefined variable $getId in C:\xampp\Desktop\mdcnpal\htdocs\public_html\core\global_include.php on line 684
[2026-07-06 18:20:01] Undefined variable $getName in C:\xampp\Desktop\mdcnpal\htdocs\public_html\core\global_include.php on line 685
[2026-07-06 18:20:01] Undefined array key 0 in C:\xampp\Desktop\mdcnpal\htdocs\public_html\core\global_include.php on line 810
[2026-07-06 18:20:01] Creation of dynamic property app::$rs_offer_msg is deprecated in C:\xampp\Desktop\mdcnpal\htdocs\public_html\core\app.php on line 434
[2026-07-06 18:20:01] Creation of dynamic property app::$rs_for_doctors is deprecated in C:\xampp\Desktop\mdcnpal\htdocs\public_html\core\app.php on line 434
[2026-07-06 18:20:01] Creation of dynamic property app::$rs_data is deprecated in C:\xampp\Desktop\mdcnpal\htdocs\public_html\core\app.php on line 434
[2026-07-06 18:20:01] Creation of dynamic property app::$rs_certi_data is deprecated in C:\xampp\Desktop\mdcnpal\htdocs\public_html\core\app.php on line 434
[2026-07-06 18:20:01] Creation of dynamic property app::$rs_key_fetures_data is deprecated in C:\xampp\Desktop\mdcnpal\htdocs\public_html\core\app.php on line 434
[2026-07-06 18:20:01] Creation of dynamic property app::$rs_banner is deprecated in C:\xampp\Desktop\mdcnpal\htdocs\public_html\core\app.php on line 434
[2026-07-06 18:20:01] Undefined variable $rs_package_data in C:\xampp\Desktop\mdcnpal\htdocs\public_html\controllers\controller_detail.php on line 94
[2026-07-06 18:20:01] Creation of dynamic property app::$rs_package_data is deprecated in C:\xampp\Desktop\mdcnpal\htdocs\public_html\core\app.php on line 434
[2026-07-06 18:20:01] Creation of dynamic property app::$city_id is deprecated in C:\xampp\Desktop\mdcnpal\htdocs\public_html\core\app.php on line 434
[2026-07-06 18:20:01] Creation of dynamic property app::$city_name is deprecated in C:\xampp\Desktop\mdcnpal\htdocs\public_html\core\app.php on line 434
[2026-07-06 18:20:01] Creation of dynamic property app::$rs_faq_data is deprecated in C:\xampp\Desktop\mdcnpal\htdocs\public_html\core\app.php on line 434
[2026-07-06 18:20:01] Undefined property: app::$rs_cartmini in C:\xampp\Desktop\mdcnpal\htdocs\public_html\includes\header.php on line 131
[2026-07-06 18:20:01] Undefined array key "MDRCCustID" in C:\xampp\Desktop\mdcnpal\htdocs\public_html\includes\header.php on line 134
[2026-07-06 18:20:01] Undefined property: app::$rs_cartmini in C:\xampp\Desktop\mdcnpal\htdocs\public_html\includes\header.php on line 197
[2026-07-06 18:20:01] Undefined array key "MDRCCustID" in C:\xampp\Desktop\mdcnpal\htdocs\public_html\includes\header.php on line 200
[2026-07-06 18:20:01] Undefined property: app::$rs_cartmini in C:\xampp\Desktop\mdcnpal\htdocs\public_html\includes\header.php on line 469
[2026-07-06 18:20:01] Undefined array key "MDRCCustID" in C:\xampp\Desktop\mdcnpal\htdocs\public_html\includes\header.php on line 472
[2026-07-06 18:20:01] Undefined property: app::$rs_cartmini in C:\xampp\Desktop\mdcnpal\htdocs\public_html\includes\header.php on line 525
[2026-07-06 18:20:01] Undefined array key "MDRCCustID" in C:\xampp\Desktop\mdcnpal\htdocs\public_html\includes\header.php on line 528
[2026-07-06 18:20:01] Undefined property: app::$rs_customer in C:\xampp\Desktop\mdcnpal\htdocs\public_html\includes\header.php on line 712
[2026-07-06 18:20:01] Trying to access array offset on value of type null in C:\xampp\Desktop\mdcnpal\htdocs\public_html\includes\header.php on line 712
[2026-07-06 18:20:01] Undefined property: app::$rs_customer in C:\xampp\Desktop\mdcnpal\htdocs\public_html\includes\header.php on line 721
[2026-07-06 18:20:01] Trying to access array offset on value of type null in C:\xampp\Desktop\mdcnpal\htdocs\public_html\includes\header.php on line 721
[2026-07-06 18:20:01] Undefined property: app::$rs_customer in C:\xampp\Desktop\mdcnpal\htdocs\public_html\includes\header.php on line 730
[2026-07-06 18:20:01] Trying to access array offset on value of type null in C:\xampp\Desktop\mdcnpal\htdocs\public_html\includes\header.php on line 730
[2026-07-06 18:20:01] Undefined property: app::$rs_customer in C:\xampp\Desktop\mdcnpal\htdocs\public_html\includes\header.php on line 739
[2026-07-06 18:20:01] Trying to access array offset on value of type null in C:\xampp\Desktop\mdcnpal\htdocs\public_html\includes\header.php on line 739
[06-Jul-2026 18:20:01 Asia/Kathmandu] PHP Fatal error:  Uncaught TypeError: count(): Argument #1 ($value) must be of type Countable|array, null given in C:\xampp\Desktop\mdcnpal\htdocs\public_html\core\app.php(565) : eval()'d code:42
Stack trace:
#0 C:\xampp\Desktop\mdcnpal\htdocs\public_html\core\app.php(565): eval()
#1 C:\xampp\Desktop\mdcnpal\htdocs\public_html\core\app.php(535): app->compile()
#2 C:\xampp\Desktop\mdcnpal\htdocs\public_html\core\app.php(516): app->package()
#3 C:\xampp\Desktop\mdcnpal\htdocs\public_html\index.php(6): app->execute()
#4 {main}
  thrown in C:\xampp\Desktop\mdcnpal\htdocs\public_html\core\app.php(565) : eval()'d code on line 42
[2026-07-06 18:20:01] Creation of dynamic property dbclass::$RECORD_SET is deprecated in C:\xampp\Desktop\mdcnpal\htdocs\public_html\core\dbclass.php on line 69
[2026-07-06 18:20:01] Creation of dynamic property dbclass::$app is deprecated in C:\xampp\Desktop\mdcnpal\htdocs\public_html\core\dbclass.php on line 75
[2026-07-06 18:20:01] Creation of dynamic property model::$foreign_tables is deprecated in C:\xampp\Desktop\mdcnpal\htdocs\public_html\core\model.php on line 43
[2026-07-06 18:20:01] Creation of dynamic property app::$inputfilter is deprecated in C:\xampp\Desktop\mdcnpal\htdocs\public_html\core\app.php on line 123
[2026-07-06 18:20:01] Creation of dynamic property app::$userconfig is deprecated in C:\xampp\Desktop\mdcnpal\htdocs\public_html\core\app.php on line 124
[2026-07-06 18:20:01] Creation of dynamic property app::$global_include is deprecated in C:\xampp\Desktop\mdcnpal\htdocs\public_html\core\app.php on line 125
[2026-07-06 18:20:01] Creation of dynamic property app::$set_cache_time is deprecated in C:\xampp\Desktop\mdcnpal\htdocs\public_html\core\app.php on line 153
[2026-07-06 18:20:01] Creation of dynamic property app::$meta is deprecated in C:\xampp\Desktop\mdcnpal\htdocs\public_html\core\app.php on line 434
[2026-07-06 18:20:01] Creation of dynamic property app::$rs_gs_city is deprecated in C:\xampp\Desktop\mdcnpal\htdocs\public_html\core\app.php on line 434
[2026-07-06 18:20:01] Creation of dynamic property app::$rs_footer_popular_item is deprecated in C:\xampp\Desktop\mdcnpal\htdocs\public_html\core\app.php on line 434
[2026-07-06 18:20:01] Creation of dynamic property app::$rs_footer_popular_test is deprecated in C:\xampp\Desktop\mdcnpal\htdocs\public_html\core\app.php on line 434
[2026-07-06 18:20:01] Creation of dynamic property app::$rs_testimonial is deprecated in C:\xampp\Desktop\mdcnpal\htdocs\public_html\core\app.php on line 434
[2026-07-06 18:20:01] Creation of dynamic property app::$admin is deprecated in C:\xampp\Desktop\mdcnpal\htdocs\public_html\core\app.php on line 434
[2026-07-06 18:20:01] Undefined array key 0 in C:\xampp\Desktop\mdcnpal\htdocs\public_html\core\global_include.php on line 514
[2026-07-06 18:20:01] Creation of dynamic property app::$popup is deprecated in C:\xampp\Desktop\mdcnpal\htdocs\public_html\core\app.php on line 434
[2026-07-06 18:20:01] Undefined array key "MDRCCustID" in C:\xampp\Desktop\mdcnpal\htdocs\public_html\core\global_include.php on line 515
[2026-07-06 18:20:01] Undefined array key "MDRCToken" in C:\xampp\Desktop\mdcnpal\htdocs\public_html\core\global_include.php on line 515
[2026-07-06 18:20:01] Creation of dynamic property app::$rscategory is deprecated in C:\xampp\Desktop\mdcnpal\htdocs\public_html\core\app.php on line 434
[2026-07-06 18:20:01] Creation of dynamic property app::$rs_pages is deprecated in C:\xampp\Desktop\mdcnpal\htdocs\public_html\core\app.php on line 434
[2026-07-06 18:20:01] Creation of dynamic property app::$gs is deprecated in C:\xampp\Desktop\mdcnpal\htdocs\public_html\core\app.php on line 434
[2026-07-06 18:20:01] Undefined array key "MDRCCustID" in C:\xampp\Desktop\mdcnpal\htdocs\public_html\core\global_include.php on line 596
[2026-07-06 18:20:01] Undefined array key "MDRCCustID" in C:\xampp\Desktop\mdcnpal\htdocs\public_html\core\global_include.php on line 615
[2026-07-06 18:20:01] Undefined variable $getId in C:\xampp\Desktop\mdcnpal\htdocs\public_html\core\global_include.php on line 684
[2026-07-06 18:20:01] Undefined variable $getName in C:\xampp\Desktop\mdcnpal\htdocs\public_html\core\global_include.php on line 685
[2026-07-06 18:20:01] Undefined array key 0 in C:\xampp\Desktop\mdcnpal\htdocs\public_html\core\global_include.php on line 810
[2026-07-06 18:20:01] Creation of dynamic property app::$rs_offer_msg is deprecated in C:\xampp\Desktop\mdcnpal\htdocs\public_html\core\app.php on line 434
[2026-07-06 18:20:01] Creation of dynamic property app::$rs_for_doctors is deprecated in C:\xampp\Desktop\mdcnpal\htdocs\public_html\core\app.php on line 434
[2026-07-06 18:20:01] Undefined property: app::$rs_cartmini in C:\xampp\Desktop\mdcnpal\htdocs\public_html\includes\header.php on line 131
[2026-07-06 18:20:01] Undefined array key "MDRCCustID" in C:\xampp\Desktop\mdcnpal\htdocs\public_html\includes\header.php on line 134
[2026-07-06 18:20:01] Undefined property: app::$rs_cartmini in C:\xampp\Desktop\mdcnpal\htdocs\public_html\includes\header.php on line 197
[2026-07-06 18:20:01] Undefined array key "MDRCCustID" in C:\xampp\Desktop\mdcnpal\htdocs\public_html\includes\header.php on line 200
[2026-07-06 18:20:02] Undefined property: app::$rs_cartmini in C:\xampp\Desktop\mdcnpal\htdocs\public_html\includes\header.php on line 469
[2026-07-06 18:20:02] Undefined array key "MDRCCustID" in C:\xampp\Desktop\mdcnpal\htdocs\public_html\includes\header.php on line 472
[2026-07-06 18:20:02] Undefined property: app::$rs_cartmini in C:\xampp\Desktop\mdcnpal\htdocs\public_html\includes\header.php on line 525
[2026-07-06 18:20:02] Undefined array key "MDRCCustID" in C:\xampp\Desktop\mdcnpal\htdocs\public_html\includes\header.php on line 528
[2026-07-06 18:20:02] Undefined property: app::$rs_customer in C:\xampp\Desktop\mdcnpal\htdocs\public_html\includes\header.php on line 712
[2026-07-06 18:20:02] Trying to access array offset on value of type null in C:\xampp\Desktop\mdcnpal\htdocs\public_html\includes\header.php on line 712
[2026-07-06 18:20:02] Undefined property: app::$rs_customer in C:\xampp\Desktop\mdcnpal\htdocs\public_html\includes\header.php on line 721
[2026-07-06 18:20:02] Trying to access array offset on value of type null in C:\xampp\Desktop\mdcnpal\htdocs\public_html\includes\header.php on line 721
[2026-07-06 18:20:02] Undefined property: app::$rs_customer in C:\xampp\Desktop\mdcnpal\htdocs\public_html\includes\header.php on line 730
[2026-07-06 18:20:02] Trying to access array offset on value of type null in C:\xampp\Desktop\mdcnpal\htdocs\public_html\includes\header.php on line 730
[2026-07-06 18:20:02] Undefined property: app::$rs_customer in C:\xampp\Desktop\mdcnpal\htdocs\public_html\includes\header.php on line 739
[2026-07-06 18:20:02] Trying to access array offset on value of type null in C:\xampp\Desktop\mdcnpal\htdocs\public_html\includes\header.php on line 739
[2026-07-06 18:20:02] Undefined property: app::$rs_customer in C:\xampp\Desktop\mdcnpal\htdocs\public_html\includes\footer.php on line 357
[2026-07-06 18:20:02] Trying to access array offset on value of type null in C:\xampp\Desktop\mdcnpal\htdocs\public_html\includes\footer.php on line 357
[2026-07-06 18:20:02] Undefined property: app::$rs_customer in C:\xampp\Desktop\mdcnpal\htdocs\public_html\includes\footer.php on line 366
[2026-07-06 18:20:02] Trying to access array offset on value of type null in C:\xampp\Desktop\mdcnpal\htdocs\public_html\includes\footer.php on line 366
[2026-07-06 18:20:02] Undefined property: app::$rs_customer in C:\xampp\Desktop\mdcnpal\htdocs\public_html\includes\footer.php on line 372
[2026-07-06 18:20:02] Trying to access array offset on value of type null in C:\xampp\Desktop\mdcnpal\htdocs\public_html\includes\footer.php on line 372
[2026-07-06 18:20:02] Undefined property: app::$rs_customer in C:\xampp\Desktop\mdcnpal\htdocs\public_html\includes\general_data.php on line 88
[2026-07-06 18:20:02] Trying to access array offset on value of type null in C:\xampp\Desktop\mdcnpal\htdocs\public_html\includes\general_data.php on line 88
[2026-07-06 18:20:02] Undefined array key "MDRCCustID" in C:\xampp\Desktop\mdcnpal\htdocs\public_html\includes\general_data.php on line 88
[2026-07-06 18:20:02] Undefined variable $tmpStr in C:\xampp\Desktop\mdcnpal\htdocs\public_html\core\app.php on line 971
[2026-07-06 18:20:02] Creation of dynamic property dbclass::$RECORD_SET is deprecated in C:\xampp\Desktop\mdcnpal\htdocs\public_html\core\dbclass.php on line 69
[2026-07-06 18:20:02] Creation of dynamic property dbclass::$app is deprecated in C:\xampp\Desktop\mdcnpal\htdocs\public_html\core\dbclass.php on line 75
[2026-07-06 18:20:02] Creation of dynamic property model::$foreign_tables is deprecated in C:\xampp\Desktop\mdcnpal\htdocs\public_html\core\model.php on line 43
[2026-07-06 18:20:02] Creation of dynamic property app::$inputfilter is deprecated in C:\xampp\Desktop\mdcnpal\htdocs\public_html\core\app.php on line 123
[2026-07-06 18:20:02] Creation of dynamic property app::$userconfig is deprecated in C:\xampp\Desktop\mdcnpal\htdocs\public_html\core\app.php on line 124
[2026-07-06 18:20:02] Creation of dynamic property app::$global_include is deprecated in C:\xampp\Desktop\mdcnpal\htdocs\public_html\core\app.php on line 125
[2026-07-06 18:20:02] Creation of dynamic property app::$set_cache_time is deprecated in C:\xampp\Desktop\mdcnpal\htdocs\public_html\core\app.php on line 153
[2026-07-06 18:20:02] Creation of dynamic property app::$meta is deprecated in C:\xampp\Desktop\mdcnpal\htdocs\public_html\core\app.php on line 434
[2026-07-06 18:20:02] Creation of dynamic property app::$rs_gs_city is deprecated in C:\xampp\Desktop\mdcnpal\htdocs\public_html\core\app.php on line 434
[2026-07-06 18:20:02] Creation of dynamic property app::$rs_footer_popular_item is deprecated in C:\xampp\Desktop\mdcnpal\htdocs\public_html\core\app.php on line 434
[2026-07-06 18:20:02] Creation of dynamic property app::$rs_footer_popular_test is deprecated in C:\xampp\Desktop\mdcnpal\htdocs\public_html\core\app.php on line 434
[2026-07-06 18:20:02] Creation of dynamic property app::$rs_testimonial is deprecated in C:\xampp\Desktop\mdcnpal\htdocs\public_html\core\app.php on line 434
[2026-07-06 18:20:02] Creation of dynamic property app::$admin is deprecated in C:\xampp\Desktop\mdcnpal\htdocs\public_html\core\app.php on line 434
[2026-07-06 18:20:02] Undefined array key 0 in C:\xampp\Desktop\mdcnpal\htdocs\public_html\core\global_include.php on line 514
[2026-07-06 18:20:02] Creation of dynamic property app::$popup is deprecated in C:\xampp\Desktop\mdcnpal\htdocs\public_html\core\app.php on line 434
[2026-07-06 18:20:02] Undefined array key "MDRCCustID" in C:\xampp\Desktop\mdcnpal\htdocs\public_html\core\global_include.php on line 515
[2026-07-06 18:20:02] Undefined array key "MDRCToken" in C:\xampp\Desktop\mdcnpal\htdocs\public_html\core\global_include.php on line 515
[2026-07-06 18:20:02] Creation of dynamic property app::$rscategory is deprecated in C:\xampp\Desktop\mdcnpal\htdocs\public_html\core\app.php on line 434
[2026-07-06 18:20:02] Creation of dynamic property app::$rs_pages is deprecated in C:\xampp\Desktop\mdcnpal\htdocs\public_html\core\app.php on line 434
[2026-07-06 18:20:02] Creation of dynamic property app::$gs is deprecated in C:\xampp\Desktop\mdcnpal\htdocs\public_html\core\app.php on line 434
[2026-07-06 18:20:02] Undefined array key "MDRCCustID" in C:\xampp\Desktop\mdcnpal\htdocs\public_html\core\global_include.php on line 596
[2026-07-06 18:20:02] Undefined array key "MDRCCustID" in C:\xampp\Desktop\mdcnpal\htdocs\public_html\core\global_include.php on line 615
[2026-07-06 18:20:02] Undefined variable $getId in C:\xampp\Desktop\mdcnpal\htdocs\public_html\core\global_include.php on line 684
[2026-07-06 18:20:02] Undefined variable $getName in C:\xampp\Desktop\mdcnpal\htdocs\public_html\core\global_include.php on line 685
[2026-07-06 18:20:02] Undefined array key 0 in C:\xampp\Desktop\mdcnpal\htdocs\public_html\core\global_include.php on line 810
[2026-07-06 18:20:02] Creation of dynamic property app::$rs_offer_msg is deprecated in C:\xampp\Desktop\mdcnpal\htdocs\public_html\core\app.php on line 434
[2026-07-06 18:20:02] Creation of dynamic property app::$rs_for_doctors is deprecated in C:\xampp\Desktop\mdcnpal\htdocs\public_html\core\app.php on line 434
[2026-07-06 18:20:02] Undefined property: app::$rs_cartmini in C:\xampp\Desktop\mdcnpal\htdocs\public_html\includes\header.php on line 131
[2026-07-06 18:20:02] Undefined array key "MDRCCustID" in C:\xampp\Desktop\mdcnpal\htdocs\public_html\includes\header.php on line 134
[2026-07-06 18:20:02] Undefined property: app::$rs_cartmini in C:\xampp\Desktop\mdcnpal\htdocs\public_html\includes\header.php on line 197
[2026-07-06 18:20:02] Undefined array key "MDRCCustID" in C:\xampp\Desktop\mdcnpal\htdocs\public_html\includes\header.php on line 200
[2026-07-06 18:20:02] Undefined property: app::$rs_cartmini in C:\xampp\Desktop\mdcnpal\htdocs\public_html\includes\header.php on line 469
[2026-07-06 18:20:02] Undefined array key "MDRCCustID" in C:\xampp\Desktop\mdcnpal\htdocs\public_html\includes\header.php on line 472
[2026-07-06 18:20:02] Undefined property: app::$rs_cartmini in C:\xampp\Desktop\mdcnpal\htdocs\public_html\includes\header.php on line 525
[2026-07-06 18:20:02] Undefined array key "MDRCCustID" in C:\xampp\Desktop\mdcnpal\htdocs\public_html\includes\header.php on line 528
[2026-07-06 18:20:02] Undefined property: app::$rs_customer in C:\xampp\Desktop\mdcnpal\htdocs\public_html\includes\header.php on line 712
[2026-07-06 18:20:02] Trying to access array offset on value of type null in C:\xampp\Desktop\mdcnpal\htdocs\public_html\includes\header.php on line 712
[2026-07-06 18:20:02] Undefined property: app::$rs_customer in C:\xampp\Desktop\mdcnpal\htdocs\public_html\includes\header.php on line 721
[2026-07-06 18:20:02] Trying to access array offset on value of type null in C:\xampp\Desktop\mdcnpal\htdocs\public_html\includes\header.php on line 721
[2026-07-06 18:20:02] Undefined property: app::$rs_customer in C:\xampp\Desktop\mdcnpal\htdocs\public_html\includes\header.php on line 730
[2026-07-06 18:20:02] Trying to access array offset on value of type null in C:\xampp\Desktop\mdcnpal\htdocs\public_html\includes\header.php on line 730
[2026-07-06 18:20:02] Undefined property: app::$rs_customer in C:\xampp\Desktop\mdcnpal\htdocs\public_html\includes\header.php on line 739
[2026-07-06 18:20:02] Trying to access array offset on value of type null in C:\xampp\Desktop\mdcnpal\htdocs\public_html\includes\header.php on line 739
[2026-07-06 18:20:02] Undefined property: app::$rs_customer in C:\xampp\Desktop\mdcnpal\htdocs\public_html\includes\footer.php on line 357
[2026-07-06 18:20:02] Trying to access array offset on value of type null in C:\xampp\Desktop\mdcnpal\htdocs\public_html\includes\footer.php on line 357
[2026-07-06 18:20:02] Undefined property: app::$rs_customer in C:\xampp\Desktop\mdcnpal\htdocs\public_html\includes\footer.php on line 366
[2026-07-06 18:20:02] Trying to access array offset on value of type null in C:\xampp\Desktop\mdcnpal\htdocs\public_html\includes\footer.php on line 366
[2026-07-06 18:20:02] Undefined property: app::$rs_customer in C:\xampp\Desktop\mdcnpal\htdocs\public_html\includes\footer.php on line 372
[2026-07-06 18:20:02] Trying to access array offset on value of type null in C:\xampp\Desktop\mdcnpal\htdocs\public_html\includes\footer.php on line 372
[2026-07-06 18:20:02] Undefined property: app::$rs_customer in C:\xampp\Desktop\mdcnpal\htdocs\public_html\includes\general_data.php on line 88
[2026-07-06 18:20:02] Trying to access array offset on value of type null in C:\xampp\Desktop\mdcnpal\htdocs\public_html\includes\general_data.php on line 88
[2026-07-06 18:20:02] Undefined array key "MDRCCustID" in C:\xampp\Desktop\mdcnpal\htdocs\public_html\includes\general_data.php on line 88
[2026-07-06 18:20:02] Undefined variable $tmpStr in C:\xampp\Desktop\mdcnpal\htdocs\public_html\core\app.php on line 971
[2026-07-06 18:20:02] Creation of dynamic property dbclass::$RECORD_SET is deprecated in C:\xampp\Desktop\mdcnpal\htdocs\public_html\core\dbclass.php on line 69
[2026-07-06 18:20:02] Creation of dynamic property dbclass::$app is deprecated in C:\xampp\Desktop\mdcnpal\htdocs\public_html\core\dbclass.php on line 75
[2026-07-06 18:20:02] Creation of dynamic property model::$foreign_tables is deprecated in C:\xampp\Desktop\mdcnpal\htdocs\public_html\core\model.php on line 43
[2026-07-06 18:20:02] Creation of dynamic property app::$inputfilter is deprecated in C:\xampp\Desktop\mdcnpal\htdocs\public_html\core\app.php on line 123
[2026-07-06 18:20:02] Creation of dynamic property app::$userconfig is deprecated in C:\xampp\Desktop\mdcnpal\htdocs\public_html\core\app.php on line 124
[2026-07-06 18:20:02] Creation of dynamic property app::$global_include is deprecated in C:\xampp\Desktop\mdcnpal\htdocs\public_html\core\app.php on line 125
[2026-07-06 18:20:02] Creation of dynamic property app::$set_cache_time is deprecated in C:\xampp\Desktop\mdcnpal\htdocs\public_html\core\app.php on line 153
[2026-07-06 18:20:02] Creation of dynamic property app::$meta is deprecated in C:\xampp\Desktop\mdcnpal\htdocs\public_html\core\app.php on line 434
[2026-07-06 18:20:02] Creation of dynamic property app::$rs_gs_city is deprecated in C:\xampp\Desktop\mdcnpal\htdocs\public_html\core\app.php on line 434
[2026-07-06 18:20:02] Creation of dynamic property app::$rs_footer_popular_item is deprecated in C:\xampp\Desktop\mdcnpal\htdocs\public_html\core\app.php on line 434
[2026-07-06 18:20:02] Creation of dynamic property app::$rs_footer_popular_test is deprecated in C:\xampp\Desktop\mdcnpal\htdocs\public_html\core\app.php on line 434
[2026-07-06 18:20:02] Creation of dynamic property app::$rs_testimonial is deprecated in C:\xampp\Desktop\mdcnpal\htdocs\public_html\core\app.php on line 434
[2026-07-06 18:20:02] Creation of dynamic property app::$admin is deprecated in C:\xampp\Desktop\mdcnpal\htdocs\public_html\core\app.php on line 434
[2026-07-06 18:20:02] Undefined array key 0 in C:\xampp\Desktop\mdcnpal\htdocs\public_html\core\global_include.php on line 514
[2026-07-06 18:20:02] Creation of dynamic property app::$popup is deprecated in C:\xampp\Desktop\mdcnpal\htdocs\public_html\core\app.php on line 434
[2026-07-06 18:20:02] Undefined array key "MDRCCustID" in C:\xampp\Desktop\mdcnpal\htdocs\public_html\core\global_include.php on line 515
[2026-07-06 18:20:02] Undefined array key "MDRCToken" in C:\xampp\Desktop\mdcnpal\htdocs\public_html\core\global_include.php on line 515
[2026-07-06 18:20:02] Creation of dynamic property app::$rscategory is deprecated in C:\xampp\Desktop\mdcnpal\htdocs\public_html\core\app.php on line 434
[2026-07-06 18:20:02] Creation of dynamic property app::$rs_pages is deprecated in C:\xampp\Desktop\mdcnpal\htdocs\public_html\core\app.php on line 434
[2026-07-06 18:20:02] Creation of dynamic property app::$gs is deprecated in C:\xampp\Desktop\mdcnpal\htdocs\public_html\core\app.php on line 434
[2026-07-06 18:20:02] Undefined array key "MDRCCustID" in C:\xampp\Desktop\mdcnpal\htdocs\public_html\core\global_include.php on line 596
[2026-07-06 18:20:02] Undefined array key "MDRCCustID" in C:\xampp\Desktop\mdcnpal\htdocs\public_html\core\global_include.php on line 615
[2026-07-06 18:20:02] Undefined variable $getId in C:\xampp\Desktop\mdcnpal\htdocs\public_html\core\global_include.php on line 684
[2026-07-06 18:20:02] Undefined variable $getName in C:\xampp\Desktop\mdcnpal\htdocs\public_html\core\global_include.php on line 685
[2026-07-06 18:20:02] Undefined array key 0 in C:\xampp\Desktop\mdcnpal\htdocs\public_html\core\global_include.php on line 810
[2026-07-06 18:20:02] Creation of dynamic property app::$rs_offer_msg is deprecated in C:\xampp\Desktop\mdcnpal\htdocs\public_html\core\app.php on line 434
[2026-07-06 18:20:02] Creation of dynamic property app::$rs_for_doctors is deprecated in C:\xampp\Desktop\mdcnpal\htdocs\public_html\core\app.php on line 434
[2026-07-06 18:20:02] Undefined property: app::$rs_cartmini in C:\xampp\Desktop\mdcnpal\htdocs\public_html\includes\header.php on line 131
[2026-07-06 18:20:02] Undefined array key "MDRCCustID" in C:\xampp\Desktop\mdcnpal\htdocs\public_html\includes\header.php on line 134
[2026-07-06 18:20:02] Undefined property: app::$rs_cartmini in C:\xampp\Desktop\mdcnpal\htdocs\public_html\includes\header.php on line 197
[2026-07-06 18:20:02] Undefined array key "MDRCCustID" in C:\xampp\Desktop\mdcnpal\htdocs\public_html\includes\header.php on line 200
[2026-07-06 18:20:02] Undefined property: app::$rs_cartmini in C:\xampp\Desktop\mdcnpal\htdocs\public_html\includes\header.php on line 469
[2026-07-06 18:20:02] Undefined array key "MDRCCustID" in C:\xampp\Desktop\mdcnpal\htdocs\public_html\includes\header.php on line 472
[2026-07-06 18:20:02] Undefined property: app::$rs_cartmini in C:\xampp\Desktop\mdcnpal\htdocs\public_html\includes\header.php on line 525
[2026-07-06 18:20:02] Undefined array key "MDRCCustID" in C:\xampp\Desktop\mdcnpal\htdocs\public_html\includes\header.php on line 528
[2026-07-06 18:20:02] Undefined property: app::$rs_customer in C:\xampp\Desktop\mdcnpal\htdocs\public_html\includes\header.php on line 712
[2026-07-06 18:20:02] Trying to access array offset on value of type null in C:\xampp\Desktop\mdcnpal\htdocs\public_html\includes\header.php on line 712
[2026-07-06 18:20:02] Undefined property: app::$rs_customer in C:\xampp\Desktop\mdcnpal\htdocs\public_html\includes\header.php on line 721
[2026-07-06 18:20:02] Trying to access array offset on value of type null in C:\xampp\Desktop\mdcnpal\htdocs\public_html\includes\header.php on line 721
[2026-07-06 18:20:02] Undefined property: app::$rs_customer in C:\xampp\Desktop\mdcnpal\htdocs\public_html\includes\header.php on line 730
[2026-07-06 18:20:02] Trying to access array offset on value of type null in C:\xampp\Desktop\mdcnpal\htdocs\public_html\includes\header.php on line 730
[2026-07-06 18:20:02] Undefined property: app::$rs_customer in C:\xampp\Desktop\mdcnpal\htdocs\public_html\includes\header.php on line 739
[2026-07-06 18:20:02] Trying to access array offset on value of type null in C:\xampp\Desktop\mdcnpal\htdocs\public_html\includes\header.php on line 739
[2026-07-06 18:20:02] Undefined property: app::$rs_customer in C:\xampp\Desktop\mdcnpal\htdocs\public_html\includes\footer.php on line 357
[2026-07-06 18:20:02] Trying to access array offset on value of type null in C:\xampp\Desktop\mdcnpal\htdocs\public_html\includes\footer.php on line 357
[2026-07-06 18:20:02] Undefined property: app::$rs_customer in C:\xampp\Desktop\mdcnpal\htdocs\public_html\includes\footer.php on line 366
[2026-07-06 18:20:02] Trying to access array offset on value of type null in C:\xampp\Desktop\mdcnpal\htdocs\public_html\includes\footer.php on line 366
[2026-07-06 18:20:02] Undefined property: app::$rs_customer in C:\xampp\Desktop\mdcnpal\htdocs\public_html\includes\footer.php on line 372
[2026-07-06 18:20:02] Trying to access array offset on value of type null in C:\xampp\Desktop\mdcnpal\htdocs\public_html\includes\footer.php on line 372
[2026-07-06 18:20:02] Undefined property: app::$rs_customer in C:\xampp\Desktop\mdcnpal\htdocs\public_html\includes\general_data.php on line 88
[2026-07-06 18:20:02] Trying to access array offset on value of type null in C:\xampp\Desktop\mdcnpal\htdocs\public_html\includes\general_data.php on line 88
[2026-07-06 18:20:02] Undefined array key "MDRCCustID" in C:\xampp\Desktop\mdcnpal\htdocs\public_html\includes\general_data.php on line 88
[2026-07-06 18:20:02] Undefined variable $tmpStr in C:\xampp\Desktop\mdcnpal\htdocs\public_html\core\app.php on line 971
[2026-07-06 18:20:02] Creation of dynamic property dbclass::$RECORD_SET is deprecated in C:\xampp\Desktop\mdcnpal\htdocs\public_html\core\dbclass.php on line 69
[2026-07-06 18:20:02] Creation of dynamic property dbclass::$app is deprecated in C:\xampp\Desktop\mdcnpal\htdocs\public_html\core\dbclass.php on line 75
[2026-07-06 18:20:02] Creation of dynamic property model::$foreign_tables is deprecated in C:\xampp\Desktop\mdcnpal\htdocs\public_html\core\model.php on line 43
[2026-07-06 18:20:02] Creation of dynamic property app::$inputfilter is deprecated in C:\xampp\Desktop\mdcnpal\htdocs\public_html\core\app.php on line 123
[2026-07-06 18:20:02] Creation of dynamic property app::$userconfig is deprecated in C:\xampp\Desktop\mdcnpal\htdocs\public_html\core\app.php on line 124
[2026-07-06 18:20:02] Creation of dynamic property app::$global_include is deprecated in C:\xampp\Desktop\mdcnpal\htdocs\public_html\core\app.php on line 125
[2026-07-06 18:20:02] Creation of dynamic property app::$set_cache_time is deprecated in C:\xampp\Desktop\mdcnpal\htdocs\public_html\core\app.php on line 153
[2026-07-06 18:20:02] Creation of dynamic property app::$meta is deprecated in C:\xampp\Desktop\mdcnpal\htdocs\public_html\core\app.php on line 434
[2026-07-06 18:20:02] Creation of dynamic property app::$rs_gs_city is deprecated in C:\xampp\Desktop\mdcnpal\htdocs\public_html\core\app.php on line 434
[2026-07-06 18:20:02] Creation of dynamic property app::$rs_footer_popular_item is deprecated in C:\xampp\Desktop\mdcnpal\htdocs\public_html\core\app.php on line 434
[2026-07-06 18:20:02] Creation of dynamic property app::$rs_footer_popular_test is deprecated in C:\xampp\Desktop\mdcnpal\htdocs\public_html\core\app.php on line 434
[2026-07-06 18:20:02] Creation of dynamic property app::$rs_testimonial is deprecated in C:\xampp\Desktop\mdcnpal\htdocs\public_html\core\app.php on line 434
[2026-07-06 18:20:02] Creation of dynamic property app::$admin is deprecated in C:\xampp\Desktop\mdcnpal\htdocs\public_html\core\app.php on line 434
[2026-07-06 18:20:02] Undefined array key 0 in C:\xampp\Desktop\mdcnpal\htdocs\public_html\core\global_include.php on line 514
[2026-07-06 18:20:02] Creation of dynamic property app::$popup is deprecated in C:\xampp\Desktop\mdcnpal\htdocs\public_html\core\app.php on line 434
[2026-07-06 18:20:02] Undefined array key "MDRCCustID" in C:\xampp\Desktop\mdcnpal\htdocs\public_html\core\global_include.php on line 515
[2026-07-06 18:20:02] Undefined array key "MDRCToken" in C:\xampp\Desktop\mdcnpal\htdocs\public_html\core\global_include.php on line 515
[2026-07-06 18:20:02] Creation of dynamic property app::$rscategory is deprecated in C:\xampp\Desktop\mdcnpal\htdocs\public_html\core\app.php on line 434
[2026-07-06 18:20:02] Creation of dynamic property app::$rs_pages is deprecated in C:\xampp\Desktop\mdcnpal\htdocs\public_html\core\app.php on line 434
[2026-07-06 18:20:02] Creation of dynamic property app::$gs is deprecated in C:\xampp\Desktop\mdcnpal\htdocs\public_html\core\app.php on line 434
[2026-07-06 18:20:02] Undefined array key "MDRCCustID" in C:\xampp\Desktop\mdcnpal\htdocs\public_html\core\global_include.php on line 596
[2026-07-06 18:20:02] Undefined array key "MDRCCustID" in C:\xampp\Desktop\mdcnpal\htdocs\public_html\core\global_include.php on line 615
[2026-07-06 18:20:02] Undefined variable $getId in C:\xampp\Desktop\mdcnpal\htdocs\public_html\core\global_include.php on line 684
[2026-07-06 18:20:02] Undefined variable $getName in C:\xampp\Desktop\mdcnpal\htdocs\public_html\core\global_include.php on line 685
[2026-07-06 18:20:02] Undefined array key 0 in C:\xampp\Desktop\mdcnpal\htdocs\public_html\core\global_include.php on line 810
[2026-07-06 18:20:02] Creation of dynamic property app::$rs_offer_msg is deprecated in C:\xampp\Desktop\mdcnpal\htdocs\public_html\core\app.php on line 434
[2026-07-06 18:20:02] Creation of dynamic property app::$rs_for_doctors is deprecated in C:\xampp\Desktop\mdcnpal\htdocs\public_html\core\app.php on line 434
[2026-07-06 18:20:02] Undefined property: app::$rs_cartmini in C:\xampp\Desktop\mdcnpal\htdocs\public_html\includes\header.php on line 131
[2026-07-06 18:20:02] Undefined array key "MDRCCustID" in C:\xampp\Desktop\mdcnpal\htdocs\public_html\includes\header.php on line 134
[2026-07-06 18:20:02] Undefined property: app::$rs_cartmini in C:\xampp\Desktop\mdcnpal\htdocs\public_html\includes\header.php on line 197
[2026-07-06 18:20:02] Undefined array key "MDRCCustID" in C:\xampp\Desktop\mdcnpal\htdocs\public_html\includes\header.php on line 200
[2026-07-06 18:20:02] Undefined property: app::$rs_cartmini in C:\xampp\Desktop\mdcnpal\htdocs\public_html\includes\header.php on line 469
[2026-07-06 18:20:02] Undefined array key "MDRCCustID" in C:\xampp\Desktop\mdcnpal\htdocs\public_html\includes\header.php on line 472
[2026-07-06 18:20:02] Undefined property: app::$rs_cartmini in C:\xampp\Desktop\mdcnpal\htdocs\public_html\includes\header.php on line 525
[2026-07-06 18:20:02] Undefined array key "MDRCCustID" in C:\xampp\Desktop\mdcnpal\htdocs\public_html\includes\header.php on line 528
[2026-07-06 18:20:02] Undefined property: app::$rs_customer in C:\xampp\Desktop\mdcnpal\htdocs\public_html\includes\header.php on line 712
[2026-07-06 18:20:02] Trying to access array offset on value of type null in C:\xampp\Desktop\mdcnpal\htdocs\public_html\includes\header.php on line 712
[2026-07-06 18:20:02] Undefined property: app::$rs_customer in C:\xampp\Desktop\mdcnpal\htdocs\public_html\includes\header.php on line 721
[2026-07-06 18:20:02] Trying to access array offset on value of type null in C:\xampp\Desktop\mdcnpal\htdocs\public_html\includes\header.php on line 721
[2026-07-06 18:20:02] Undefined property: app::$rs_customer in C:\xampp\Desktop\mdcnpal\htdocs\public_html\includes\header.php on line 730
[2026-07-06 18:20:02] Trying to access array offset on value of type null in C:\xampp\Desktop\mdcnpal\htdocs\public_html\includes\header.php on line 730
[2026-07-06 18:20:02] Undefined property: app::$rs_customer in C:\xampp\Desktop\mdcnpal\htdocs\public_html\includes\header.php on line 739
[2026-07-06 18:20:02] Trying to access array offset on value of type null in C:\xampp\Desktop\mdcnpal\htdocs\public_html\includes\header.php on line 739
[2026-07-06 18:20:02] Undefined property: app::$rs_customer in C:\xampp\Desktop\mdcnpal\htdocs\public_html\includes\footer.php on line 357
[2026-07-06 18:20:02] Trying to access array offset on value of type null in C:\xampp\Desktop\mdcnpal\htdocs\public_html\includes\footer.php on line 357
[2026-07-06 18:20:02] Undefined property: app::$rs_customer in C:\xampp\Desktop\mdcnpal\htdocs\public_html\includes\footer.php on line 366
[2026-07-06 18:20:02] Trying to access array offset on value of type null in C:\xampp\Desktop\mdcnpal\htdocs\public_html\includes\footer.php on line 366
[2026-07-06 18:20:02] Undefined property: app::$rs_customer in C:\xampp\Desktop\mdcnpal\htdocs\public_html\includes\footer.php on line 372
[2026-07-06 18:20:02] Trying to access array offset on value of type null in C:\xampp\Desktop\mdcnpal\htdocs\public_html\includes\footer.php on line 372
[2026-07-06 18:20:02] Undefined property: app::$rs_customer in C:\xampp\Desktop\mdcnpal\htdocs\public_html\includes\general_data.php on line 88
[2026-07-06 18:20:02] Trying to access array offset on value of type null in C:\xampp\Desktop\mdcnpal\htdocs\public_html\includes\general_data.php on line 88
[2026-07-06 18:20:02] Undefined array key "MDRCCustID" in C:\xampp\Desktop\mdcnpal\htdocs\public_html\includes\general_data.php on line 88
[2026-07-06 18:20:02] Undefined variable $tmpStr in C:\xampp\Desktop\mdcnpal\htdocs\public_html\core\app.php on line 971
[2026-07-06 18:20:02] Creation of dynamic property dbclass::$RECORD_SET is deprecated in C:\xampp\Desktop\mdcnpal\htdocs\public_html\core\dbclass.php on line 69
[2026-07-06 18:20:02] Creation of dynamic property dbclass::$app is deprecated in C:\xampp\Desktop\mdcnpal\htdocs\public_html\core\dbclass.php on line 75
[2026-07-06 18:20:02] Creation of dynamic property model::$foreign_tables is deprecated in C:\xampp\Desktop\mdcnpal\htdocs\public_html\core\model.php on line 43
[2026-07-06 18:20:02] Creation of dynamic property app::$inputfilter is deprecated in C:\xampp\Desktop\mdcnpal\htdocs\public_html\core\app.php on line 123
[2026-07-06 18:20:02] Creation of dynamic property app::$userconfig is deprecated in C:\xampp\Desktop\mdcnpal\htdocs\public_html\core\app.php on line 124
[2026-07-06 18:20:02] Creation of dynamic property app::$global_include is deprecated in C:\xampp\Desktop\mdcnpal\htdocs\public_html\core\app.php on line 125
[2026-07-06 18:20:02] Creation of dynamic property app::$set_cache_time is deprecated in C:\xampp\Desktop\mdcnpal\htdocs\public_html\core\app.php on line 153
[2026-07-06 18:20:03] Creation of dynamic property app::$meta is deprecated in C:\xampp\Desktop\mdcnpal\htdocs\public_html\core\app.php on line 434
[2026-07-06 18:20:03] Creation of dynamic property app::$rs_gs_city is deprecated in C:\xampp\Desktop\mdcnpal\htdocs\public_html\core\app.php on line 434
[2026-07-06 18:20:03] Creation of dynamic property app::$rs_footer_popular_item is deprecated in C:\xampp\Desktop\mdcnpal\htdocs\public_html\core\app.php on line 434
[2026-07-06 18:20:03] Creation of dynamic property app::$rs_footer_popular_test is deprecated in C:\xampp\Desktop\mdcnpal\htdocs\public_html\core\app.php on line 434
[2026-07-06 18:20:03] Creation of dynamic property app::$rs_testimonial is deprecated in C:\xampp\Desktop\mdcnpal\htdocs\public_html\core\app.php on line 434
[2026-07-06 18:20:03] Creation of dynamic property app::$admin is deprecated in C:\xampp\Desktop\mdcnpal\htdocs\public_html\core\app.php on line 434
[2026-07-06 18:20:03] Undefined array key 0 in C:\xampp\Desktop\mdcnpal\htdocs\public_html\core\global_include.php on line 514
[2026-07-06 18:20:03] Creation of dynamic property app::$popup is deprecated in C:\xampp\Desktop\mdcnpal\htdocs\public_html\core\app.php on line 434
[2026-07-06 18:20:03] Undefined array key "MDRCCustID" in C:\xampp\Desktop\mdcnpal\htdocs\public_html\core\global_include.php on line 515
[2026-07-06 18:20:03] Undefined array key "MDRCToken" in C:\xampp\Desktop\mdcnpal\htdocs\public_html\core\global_include.php on line 515
[2026-07-06 18:20:03] Creation of dynamic property app::$rscategory is deprecated in C:\xampp\Desktop\mdcnpal\htdocs\public_html\core\app.php on line 434
[2026-07-06 18:20:03] Creation of dynamic property app::$rs_pages is deprecated in C:\xampp\Desktop\mdcnpal\htdocs\public_html\core\app.php on line 434
[2026-07-06 18:20:03] Creation of dynamic property app::$gs is deprecated in C:\xampp\Desktop\mdcnpal\htdocs\public_html\core\app.php on line 434
[2026-07-06 18:20:03] Undefined array key "MDRCCustID" in C:\xampp\Desktop\mdcnpal\htdocs\public_html\core\global_include.php on line 596
[2026-07-06 18:20:03] Undefined array key "MDRCCustID" in C:\xampp\Desktop\mdcnpal\htdocs\public_html\core\global_include.php on line 615
[2026-07-06 18:20:03] Undefined variable $getId in C:\xampp\Desktop\mdcnpal\htdocs\public_html\core\global_include.php on line 684
[2026-07-06 18:20:03] Undefined variable $getName in C:\xampp\Desktop\mdcnpal\htdocs\public_html\core\global_include.php on line 685
[2026-07-06 18:20:03] Undefined array key 0 in C:\xampp\Desktop\mdcnpal\htdocs\public_html\core\global_include.php on line 810
[2026-07-06 18:20:03] Creation of dynamic property app::$rs_offer_msg is deprecated in C:\xampp\Desktop\mdcnpal\htdocs\public_html\core\app.php on line 434
[2026-07-06 18:20:03] Creation of dynamic property app::$rs_for_doctors is deprecated in C:\xampp\Desktop\mdcnpal\htdocs\public_html\core\app.php on line 434
[2026-07-06 18:20:03] Undefined property: app::$rs_cartmini in C:\xampp\Desktop\mdcnpal\htdocs\public_html\includes\header.php on line 131
[2026-07-06 18:20:03] Undefined array key "MDRCCustID" in C:\xampp\Desktop\mdcnpal\htdocs\public_html\includes\header.php on line 134
[2026-07-06 18:20:03] Undefined property: app::$rs_cartmini in C:\xampp\Desktop\mdcnpal\htdocs\public_html\includes\header.php on line 197
[2026-07-06 18:20:03] Undefined array key "MDRCCustID" in C:\xampp\Desktop\mdcnpal\htdocs\public_html\includes\header.php on line 200
[2026-07-06 18:20:03] Undefined property: app::$rs_cartmini in C:\xampp\Desktop\mdcnpal\htdocs\public_html\includes\header.php on line 469
[2026-07-06 18:20:03] Undefined array key "MDRCCustID" in C:\xampp\Desktop\mdcnpal\htdocs\public_html\includes\header.php on line 472
[2026-07-06 18:20:03] Undefined property: app::$rs_cartmini in C:\xampp\Desktop\mdcnpal\htdocs\public_html\includes\header.php on line 525
[2026-07-06 18:20:03] Undefined array key "MDRCCustID" in C:\xampp\Desktop\mdcnpal\htdocs\public_html\includes\header.php on line 528
[2026-07-06 18:20:03] Undefined property: app::$rs_customer in C:\xampp\Desktop\mdcnpal\htdocs\public_html\includes\header.php on line 712
[2026-07-06 18:20:03] Trying to access array offset on value of type null in C:\xampp\Desktop\mdcnpal\htdocs\public_html\includes\header.php on line 712
[2026-07-06 18:20:03] Undefined property: app::$rs_customer in C:\xampp\Desktop\mdcnpal\htdocs\public_html\includes\header.php on line 721
[2026-07-06 18:20:03] Trying to access array offset on value of type null in C:\xampp\Desktop\mdcnpal\htdocs\public_html\includes\header.php on line 721
[2026-07-06 18:20:03] Undefined property: app::$rs_customer in C:\xampp\Desktop\mdcnpal\htdocs\public_html\includes\header.php on line 730
[2026-07-06 18:20:03] Trying to access array offset on value of type null in C:\xampp\Desktop\mdcnpal\htdocs\public_html\includes\header.php on line 730
[2026-07-06 18:20:03] Undefined property: app::$rs_customer in C:\xampp\Desktop\mdcnpal\htdocs\public_html\includes\header.php on line 739
[2026-07-06 18:20:03] Trying to access array offset on value of type null in C:\xampp\Desktop\mdcnpal\htdocs\public_html\includes\header.php on line 739
[2026-07-06 18:20:03] Undefined property: app::$rs_customer in C:\xampp\Desktop\mdcnpal\htdocs\public_html\includes\footer.php on line 357
[2026-07-06 18:20:03] Trying to access array offset on value of type null in C:\xampp\Desktop\mdcnpal\htdocs\public_html\includes\footer.php on line 357
[2026-07-06 18:20:03] Undefined property: app::$rs_customer in C:\xampp\Desktop\mdcnpal\htdocs\public_html\includes\footer.php on line 366
[2026-07-06 18:20:03] Trying to access array offset on value of type null in C:\xampp\Desktop\mdcnpal\htdocs\public_html\includes\footer.php on line 366
[2026-07-06 18:20:03] Undefined property: app::$rs_customer in C:\xampp\Desktop\mdcnpal\htdocs\public_html\includes\footer.php on line 372
[2026-07-06 18:20:03] Trying to access array offset on value of type null in C:\xampp\Desktop\mdcnpal\htdocs\public_html\includes\footer.php on line 372
[2026-07-06 18:20:03] Undefined property: app::$rs_customer in C:\xampp\Desktop\mdcnpal\htdocs\public_html\includes\general_data.php on line 88
[2026-07-06 18:20:03] Trying to access array offset on value of type null in C:\xampp\Desktop\mdcnpal\htdocs\public_html\includes\general_data.php on line 88
[2026-07-06 18:20:03] Undefined array key "MDRCCustID" in C:\xampp\Desktop\mdcnpal\htdocs\public_html\includes\general_data.php on line 88
[2026-07-06 18:20:03] Undefined variable $tmpStr in C:\xampp\Desktop\mdcnpal\htdocs\public_html\core\app.php on line 971
[2026-07-06 18:20:03] Creation of dynamic property dbclass::$RECORD_SET is deprecated in C:\xampp\Desktop\mdcnpal\htdocs\public_html\core\dbclass.php on line 69
[2026-07-06 18:20:03] Creation of dynamic property dbclass::$app is deprecated in C:\xampp\Desktop\mdcnpal\htdocs\public_html\core\dbclass.php on line 75
[2026-07-06 18:20:03] Creation of dynamic property model::$foreign_tables is deprecated in C:\xampp\Desktop\mdcnpal\htdocs\public_html\core\model.php on line 43
[2026-07-06 18:20:03] Creation of dynamic property app::$inputfilter is deprecated in C:\xampp\Desktop\mdcnpal\htdocs\public_html\core\app.php on line 123
[2026-07-06 18:20:03] Creation of dynamic property app::$userconfig is deprecated in C:\xampp\Desktop\mdcnpal\htdocs\public_html\core\app.php on line 124
[2026-07-06 18:20:03] Creation of dynamic property app::$global_include is deprecated in C:\xampp\Desktop\mdcnpal\htdocs\public_html\core\app.php on line 125
[2026-07-06 18:20:03] Creation of dynamic property app::$set_cache_time is deprecated in C:\xampp\Desktop\mdcnpal\htdocs\public_html\core\app.php on line 153
[2026-07-06 18:20:03] Creation of dynamic property app::$meta is deprecated in C:\xampp\Desktop\mdcnpal\htdocs\public_html\core\app.php on line 434
[2026-07-06 18:20:03] Creation of dynamic property app::$rs_gs_city is deprecated in C:\xampp\Desktop\mdcnpal\htdocs\public_html\core\app.php on line 434
[2026-07-06 18:20:03] Creation of dynamic property app::$rs_footer_popular_item is deprecated in C:\xampp\Desktop\mdcnpal\htdocs\public_html\core\app.php on line 434
[2026-07-06 18:20:03] Creation of dynamic property app::$rs_footer_popular_test is deprecated in C:\xampp\Desktop\mdcnpal\htdocs\public_html\core\app.php on line 434
[2026-07-06 18:20:03] Creation of dynamic property app::$rs_testimonial is deprecated in C:\xampp\Desktop\mdcnpal\htdocs\public_html\core\app.php on line 434
[2026-07-06 18:20:03] Creation of dynamic property app::$admin is deprecated in C:\xampp\Desktop\mdcnpal\htdocs\public_html\core\app.php on line 434
[2026-07-06 18:20:03] Undefined array key 0 in C:\xampp\Desktop\mdcnpal\htdocs\public_html\core\global_include.php on line 514
[2026-07-06 18:20:03] Creation of dynamic property app::$popup is deprecated in C:\xampp\Desktop\mdcnpal\htdocs\public_html\core\app.php on line 434
[2026-07-06 18:20:03] Undefined array key "MDRCCustID" in C:\xampp\Desktop\mdcnpal\htdocs\public_html\core\global_include.php on line 515
[2026-07-06 18:20:03] Undefined array key "MDRCToken" in C:\xampp\Desktop\mdcnpal\htdocs\public_html\core\global_include.php on line 515
[2026-07-06 18:20:03] Creation of dynamic property app::$rscategory is deprecated in C:\xampp\Desktop\mdcnpal\htdocs\public_html\core\app.php on line 434
[2026-07-06 18:20:03] Creation of dynamic property app::$rs_pages is deprecated in C:\xampp\Desktop\mdcnpal\htdocs\public_html\core\app.php on line 434
[2026-07-06 18:20:03] Creation of dynamic property app::$gs is deprecated in C:\xampp\Desktop\mdcnpal\htdocs\public_html\core\app.php on line 434
[2026-07-06 18:20:03] Undefined array key "MDRCCustID" in C:\xampp\Desktop\mdcnpal\htdocs\public_html\core\global_include.php on line 596
[2026-07-06 18:20:03] Undefined array key "MDRCCustID" in C:\xampp\Desktop\mdcnpal\htdocs\public_html\core\global_include.php on line 615
[2026-07-06 18:20:03] Undefined variable $getId in C:\xampp\Desktop\mdcnpal\htdocs\public_html\core\global_include.php on line 684
[2026-07-06 18:20:03] Undefined variable $getName in C:\xampp\Desktop\mdcnpal\htdocs\public_html\core\global_include.php on line 685
[2026-07-06 18:20:03] Undefined array key 0 in C:\xampp\Desktop\mdcnpal\htdocs\public_html\core\global_include.php on line 810
[2026-07-06 18:20:03] Creation of dynamic property app::$rs_offer_msg is deprecated in C:\xampp\Desktop\mdcnpal\htdocs\public_html\core\app.php on line 434
[2026-07-06 18:20:03] Creation of dynamic property app::$rs_for_doctors is deprecated in C:\xampp\Desktop\mdcnpal\htdocs\public_html\core\app.php on line 434
[2026-07-06 18:20:03] Undefined property: app::$rs_cartmini in C:\xampp\Desktop\mdcnpal\htdocs\public_html\includes\header.php on line 131
[2026-07-06 18:20:03] Undefined array key "MDRCCustID" in C:\xampp\Desktop\mdcnpal\htdocs\public_html\includes\header.php on line 134
[2026-07-06 18:20:03] Undefined property: app::$rs_cartmini in C:\xampp\Desktop\mdcnpal\htdocs\public_html\includes\header.php on line 197
[2026-07-06 18:20:03] Undefined array key "MDRCCustID" in C:\xampp\Desktop\mdcnpal\htdocs\public_html\includes\header.php on line 200
[2026-07-06 18:20:03] Undefined property: app::$rs_cartmini in C:\xampp\Desktop\mdcnpal\htdocs\public_html\includes\header.php on line 469
[2026-07-06 18:20:03] Undefined array key "MDRCCustID" in C:\xampp\Desktop\mdcnpal\htdocs\public_html\includes\header.php on line 472
[2026-07-06 18:20:03] Undefined property: app::$rs_cartmini in C:\xampp\Desktop\mdcnpal\htdocs\public_html\includes\header.php on line 525
[2026-07-06 18:20:03] Undefined array key "MDRCCustID" in C:\xampp\Desktop\mdcnpal\htdocs\public_html\includes\header.php on line 528
[2026-07-06 18:20:03] Undefined property: app::$rs_customer in C:\xampp\Desktop\mdcnpal\htdocs\public_html\includes\header.php on line 712
[2026-07-06 18:20:03] Trying to access array offset on value of type null in C:\xampp\Desktop\mdcnpal\htdocs\public_html\includes\header.php on line 712
[2026-07-06 18:20:03] Undefined property: app::$rs_customer in C:\xampp\Desktop\mdcnpal\htdocs\public_html\includes\header.php on line 721
[2026-07-06 18:20:03] Trying to access array offset on value of type null in C:\xampp\Desktop\mdcnpal\htdocs\public_html\includes\header.php on line 721
[2026-07-06 18:20:03] Undefined property: app::$rs_customer in C:\xampp\Desktop\mdcnpal\htdocs\public_html\includes\header.php on line 730
[2026-07-06 18:20:03] Trying to access array offset on value of type null in C:\xampp\Desktop\mdcnpal\htdocs\public_html\includes\header.php on line 730
[2026-07-06 18:20:03] Undefined property: app::$rs_customer in C:\xampp\Desktop\mdcnpal\htdocs\public_html\includes\header.php on line 739
[2026-07-06 18:20:03] Trying to access array offset on value of type null in C:\xampp\Desktop\mdcnpal\htdocs\public_html\includes\header.php on line 739
[2026-07-06 18:20:03] Undefined property: app::$rs_cartmini in C:\xampp\Desktop\mdcnpal\htdocs\public_html\core\app.php(565) : eval()'d code on line 66
[06-Jul-2026 18:20:03 Asia/Kathmandu] PHP Fatal error:  Uncaught TypeError: count(): Argument #1 ($value) must be of type Countable|array, null given in C:\xampp\Desktop\mdcnpal\htdocs\public_html\core\app.php(565) : eval()'d code:66
Stack trace:
#0 C:\xampp\Desktop\mdcnpal\htdocs\public_html\core\app.php(565): eval()
#1 C:\xampp\Desktop\mdcnpal\htdocs\public_html\core\app.php(535): app->compile()
#2 C:\xampp\Desktop\mdcnpal\htdocs\public_html\core\app.php(516): app->package()
#3 C:\xampp\Desktop\mdcnpal\htdocs\public_html\index.php(6): app->execute()
#4 {main}
  thrown in C:\xampp\Desktop\mdcnpal\htdocs\public_html\core\app.php(565) : eval()'d code on line 66
[2026-07-06 18:20:03] Creation of dynamic property dbclass::$RECORD_SET is deprecated in C:\xampp\Desktop\mdcnpal\htdocs\public_html\core\dbclass.php on line 69
[2026-07-06 18:20:03] Creation of dynamic property dbclass::$app is deprecated in C:\xampp\Desktop\mdcnpal\htdocs\public_html\core\dbclass.php on line 75
[2026-07-06 18:20:03] Creation of dynamic property model::$foreign_tables is deprecated in C:\xampp\Desktop\mdcnpal\htdocs\public_html\core\model.php on line 43
[2026-07-06 18:20:03] Creation of dynamic property app::$inputfilter is deprecated in C:\xampp\Desktop\mdcnpal\htdocs\public_html\core\app.php on line 123
[2026-07-06 18:20:03] Creation of dynamic property app::$userconfig is deprecated in C:\xampp\Desktop\mdcnpal\htdocs\public_html\core\app.php on line 124
[2026-07-06 18:20:03] Creation of dynamic property app::$global_include is deprecated in C:\xampp\Desktop\mdcnpal\htdocs\public_html\core\app.php on line 125
[2026-07-06 18:20:03] Creation of dynamic property app::$set_cache_time is deprecated in C:\xampp\Desktop\mdcnpal\htdocs\public_html\core\app.php on line 153
[2026-07-06 18:20:03] Creation of dynamic property app::$meta is deprecated in C:\xampp\Desktop\mdcnpal\htdocs\public_html\core\app.php on line 434
[2026-07-06 18:20:03] Creation of dynamic property app::$rs_gs_city is deprecated in C:\xampp\Desktop\mdcnpal\htdocs\public_html\core\app.php on line 434
[2026-07-06 18:20:03] Creation of dynamic property app::$rs_footer_popular_item is deprecated in C:\xampp\Desktop\mdcnpal\htdocs\public_html\core\app.php on line 434
[2026-07-06 18:20:03] Creation of dynamic property app::$rs_footer_popular_test is deprecated in C:\xampp\Desktop\mdcnpal\htdocs\public_html\core\app.php on line 434
[2026-07-06 18:20:03] Creation of dynamic property app::$rs_testimonial is deprecated in C:\xampp\Desktop\mdcnpal\htdocs\public_html\core\app.php on line 434
[2026-07-06 18:20:03] Creation of dynamic property app::$admin is deprecated in C:\xampp\Desktop\mdcnpal\htdocs\public_html\core\app.php on line 434
[2026-07-06 18:20:03] Undefined array key 0 in C:\xampp\Desktop\mdcnpal\htdocs\public_html\core\global_include.php on line 514
[2026-07-06 18:20:03] Creation of dynamic property app::$popup is deprecated in C:\xampp\Desktop\mdcnpal\htdocs\public_html\core\app.php on line 434
[2026-07-06 18:20:03] Undefined array key "MDRCCustID" in C:\xampp\Desktop\mdcnpal\htdocs\public_html\core\global_include.php on line 515
[2026-07-06 18:20:03] Undefined array key "MDRCToken" in C:\xampp\Desktop\mdcnpal\htdocs\public_html\core\global_include.php on line 515
[2026-07-06 18:20:03] Creation of dynamic property app::$rscategory is deprecated in C:\xampp\Desktop\mdcnpal\htdocs\public_html\core\app.php on line 434
[2026-07-06 18:20:03] Creation of dynamic property app::$rs_pages is deprecated in C:\xampp\Desktop\mdcnpal\htdocs\public_html\core\app.php on line 434
[2026-07-06 18:20:03] Creation of dynamic property app::$gs is deprecated in C:\xampp\Desktop\mdcnpal\htdocs\public_html\core\app.php on line 434
[2026-07-06 18:20:03] Undefined array key "MDRCCustID" in C:\xampp\Desktop\mdcnpal\htdocs\public_html\core\global_include.php on line 596
[2026-07-06 18:20:03] Undefined array key "MDRCCustID" in C:\xampp\Desktop\mdcnpal\htdocs\public_html\core\global_include.php on line 615
[2026-07-06 18:20:03] Undefined variable $getId in C:\xampp\Desktop\mdcnpal\htdocs\public_html\core\global_include.php on line 684
[2026-07-06 18:20:03] Undefined variable $getName in C:\xampp\Desktop\mdcnpal\htdocs\public_html\core\global_include.php on line 685
[2026-07-06 18:20:03] Undefined array key 0 in C:\xampp\Desktop\mdcnpal\htdocs\public_html\core\global_include.php on line 810
[2026-07-06 18:20:03] Creation of dynamic property app::$rs_offer_msg is deprecated in C:\xampp\Desktop\mdcnpal\htdocs\public_html\core\app.php on line 434
[2026-07-06 18:20:03] Creation of dynamic property app::$rs_for_doctors is deprecated in C:\xampp\Desktop\mdcnpal\htdocs\public_html\core\app.php on line 434
[2026-07-06 18:20:03] Undefined property: app::$rs_cartmini in C:\xampp\Desktop\mdcnpal\htdocs\public_html\includes\header.php on line 131
[2026-07-06 18:20:03] Undefined array key "MDRCCustID" in C:\xampp\Desktop\mdcnpal\htdocs\public_html\includes\header.php on line 134
[2026-07-06 18:20:03] Undefined property: app::$rs_cartmini in C:\xampp\Desktop\mdcnpal\htdocs\public_html\includes\header.php on line 197
[2026-07-06 18:20:03] Undefined array key "MDRCCustID" in C:\xampp\Desktop\mdcnpal\htdocs\public_html\includes\header.php on line 200
[2026-07-06 18:20:03] Undefined property: app::$rs_cartmini in C:\xampp\Desktop\mdcnpal\htdocs\public_html\includes\header.php on line 469
[2026-07-06 18:20:03] Undefined array key "MDRCCustID" in C:\xampp\Desktop\mdcnpal\htdocs\public_html\includes\header.php on line 472
[2026-07-06 18:20:03] Undefined property: app::$rs_cartmini in C:\xampp\Desktop\mdcnpal\htdocs\public_html\includes\header.php on line 525
[2026-07-06 18:20:03] Undefined array key "MDRCCustID" in C:\xampp\Desktop\mdcnpal\htdocs\public_html\includes\header.php on line 528
[2026-07-06 18:20:03] Undefined property: app::$rs_customer in C:\xampp\Desktop\mdcnpal\htdocs\public_html\includes\header.php on line 712
[2026-07-06 18:20:03] Trying to access array offset on value of type null in C:\xampp\Desktop\mdcnpal\htdocs\public_html\includes\header.php on line 712
[2026-07-06 18:20:03] Undefined property: app::$rs_customer in C:\xampp\Desktop\mdcnpal\htdocs\public_html\includes\header.php on line 721
[2026-07-06 18:20:03] Trying to access array offset on value of type null in C:\xampp\Desktop\mdcnpal\htdocs\public_html\includes\header.php on line 721
[2026-07-06 18:20:03] Undefined property: app::$rs_customer in C:\xampp\Desktop\mdcnpal\htdocs\public_html\includes\header.php on line 730
[2026-07-06 18:20:03] Trying to access array offset on value of type null in C:\xampp\Desktop\mdcnpal\htdocs\public_html\includes\header.php on line 730
[2026-07-06 18:20:03] Undefined property: app::$rs_customer in C:\xampp\Desktop\mdcnpal\htdocs\public_html\includes\header.php on line 739
[2026-07-06 18:20:03] Trying to access array offset on value of type null in C:\xampp\Desktop\mdcnpal\htdocs\public_html\includes\header.php on line 739
[2026-07-06 18:20:03] Undefined property: app::$rs_customer in C:\xampp\Desktop\mdcnpal\htdocs\public_html\includes\footer.php on line 357
[2026-07-06 18:20:03] Trying to access array offset on value of type null in C:\xampp\Desktop\mdcnpal\htdocs\public_html\includes\footer.php on line 357
[2026-07-06 18:20:03] Undefined property: app::$rs_customer in C:\xampp\Desktop\mdcnpal\htdocs\public_html\includes\footer.php on line 366
[2026-07-06 18:20:03] Trying to access array offset on value of type null in C:\xampp\Desktop\mdcnpal\htdocs\public_html\includes\footer.php on line 366
[2026-07-06 18:20:03] Undefined property: app::$rs_customer in C:\xampp\Desktop\mdcnpal\htdocs\public_html\includes\footer.php on line 372
[2026-07-06 18:20:03] Trying to access array offset on value of type null in C:\xampp\Desktop\mdcnpal\htdocs\public_html\includes\footer.php on line 372
[2026-07-06 18:20:03] Undefined property: app::$rs_customer in C:\xampp\Desktop\mdcnpal\htdocs\public_html\includes\general_data.php on line 88
[2026-07-06 18:20:03] Trying to access array offset on value of type null in C:\xampp\Desktop\mdcnpal\htdocs\public_html\includes\general_data.php on line 88
[2026-07-06 18:20:03] Undefined array key "MDRCCustID" in C:\xampp\Desktop\mdcnpal\htdocs\public_html\includes\general_data.php on line 88
[2026-07-06 18:20:03] Undefined variable $tmpStr in C:\xampp\Desktop\mdcnpal\htdocs\public_html\core\app.php on line 971
[2026-07-06 18:20:03] Creation of dynamic property dbclass::$RECORD_SET is deprecated in C:\xampp\Desktop\mdcnpal\htdocs\public_html\core\dbclass.php on line 69
[2026-07-06 18:20:03] Creation of dynamic property dbclass::$app is deprecated in C:\xampp\Desktop\mdcnpal\htdocs\public_html\core\dbclass.php on line 75
[2026-07-06 18:20:03] Creation of dynamic property model::$foreign_tables is deprecated in C:\xampp\Desktop\mdcnpal\htdocs\public_html\core\model.php on line 43
[2026-07-06 18:20:03] Creation of dynamic property app::$inputfilter is deprecated in C:\xampp\Desktop\mdcnpal\htdocs\public_html\core\app.php on line 123
[2026-07-06 18:20:03] Creation of dynamic property app::$userconfig is deprecated in C:\xampp\Desktop\mdcnpal\htdocs\public_html\core\app.php on line 124
[2026-07-06 18:20:03] Creation of dynamic property app::$global_include is deprecated in C:\xampp\Desktop\mdcnpal\htdocs\public_html\core\app.php on line 125
[2026-07-06 18:20:03] Creation of dynamic property app::$set_cache_time is deprecated in C:\xampp\Desktop\mdcnpal\htdocs\public_html\core\app.php on line 153
[2026-07-06 18:20:03] Creation of dynamic property app::$meta is deprecated in C:\xampp\Desktop\mdcnpal\htdocs\public_html\core\app.php on line 434
[2026-07-06 18:20:03] Creation of dynamic property app::$rs_gs_city is deprecated in C:\xampp\Desktop\mdcnpal\htdocs\public_html\core\app.php on line 434
[2026-07-06 18:20:03] Creation of dynamic property app::$rs_footer_popular_item is deprecated in C:\xampp\Desktop\mdcnpal\htdocs\public_html\core\app.php on line 434
[2026-07-06 18:20:03] Creation of dynamic property app::$rs_footer_popular_test is deprecated in C:\xampp\Desktop\mdcnpal\htdocs\public_html\core\app.php on line 434
[2026-07-06 18:20:03] Creation of dynamic property app::$rs_testimonial is deprecated in C:\xampp\Desktop\mdcnpal\htdocs\public_html\core\app.php on line 434
[2026-07-06 18:20:03] Creation of dynamic property app::$admin is deprecated in C:\xampp\Desktop\mdcnpal\htdocs\public_html\core\app.php on line 434
[2026-07-06 18:20:03] Undefined array key 0 in C:\xampp\Desktop\mdcnpal\htdocs\public_html\core\global_include.php on line 514
[2026-07-06 18:20:03] Creation of dynamic property app::$popup is deprecated in C:\xampp\Desktop\mdcnpal\htdocs\public_html\core\app.php on line 434
[2026-07-06 18:20:03] Undefined array key "MDRCCustID" in C:\xampp\Desktop\mdcnpal\htdocs\public_html\core\global_include.php on line 515
[2026-07-06 18:20:03] Undefined array key "MDRCToken" in C:\xampp\Desktop\mdcnpal\htdocs\public_html\core\global_include.php on line 515
[2026-07-06 18:20:03] Creation of dynamic property app::$rscategory is deprecated in C:\xampp\Desktop\mdcnpal\htdocs\public_html\core\app.php on line 434
[2026-07-06 18:20:03] Creation of dynamic property app::$rs_pages is deprecated in C:\xampp\Desktop\mdcnpal\htdocs\public_html\core\app.php on line 434
[2026-07-06 18:20:03] Creation of dynamic property app::$gs is deprecated in C:\xampp\Desktop\mdcnpal\htdocs\public_html\core\app.php on line 434
[2026-07-06 18:20:03] Undefined array key "MDRCCustID" in C:\xampp\Desktop\mdcnpal\htdocs\public_html\core\global_include.php on line 596
[2026-07-06 18:20:03] Undefined array key "MDRCCustID" in C:\xampp\Desktop\mdcnpal\htdocs\public_html\core\global_include.php on line 615
[2026-07-06 18:20:03] Undefined variable $getId in C:\xampp\Desktop\mdcnpal\htdocs\public_html\core\global_include.php on line 684
[2026-07-06 18:20:03] Undefined variable $getName in C:\xampp\Desktop\mdcnpal\htdocs\public_html\core\global_include.php on line 685
[2026-07-06 18:20:03] Undefined array key 0 in C:\xampp\Desktop\mdcnpal\htdocs\public_html\core\global_include.php on line 810
[2026-07-06 18:20:03] Creation of dynamic property app::$rs_offer_msg is deprecated in C:\xampp\Desktop\mdcnpal\htdocs\public_html\core\app.php on line 434
[2026-07-06 18:20:03] Creation of dynamic property app::$rs_for_doctors is deprecated in C:\xampp\Desktop\mdcnpal\htdocs\public_html\core\app.php on line 434
[2026-07-06 18:20:03] Creation of dynamic property app::$rs_gallery_data is deprecated in C:\xampp\Desktop\mdcnpal\htdocs\public_html\core\app.php on line 434
[2026-07-06 18:20:03] Creation of dynamic property app::$category is deprecated in C:\xampp\Desktop\mdcnpal\htdocs\public_html\core\app.php on line 434
[2026-07-06 18:20:03] Undefined array key 0 in C:\xampp\Desktop\mdcnpal\htdocs\public_html\controllers\controller_for_doctors.php on line 22
[2026-07-06 18:20:03] Creation of dynamic property app::$records_doctors is deprecated in C:\xampp\Desktop\mdcnpal\htdocs\public_html\core\app.php on line 434
[2026-07-06 18:20:03] Undefined array key 0 in C:\xampp\Desktop\mdcnpal\htdocs\public_html\controllers\controller_for_doctors.php on line 25
[2026-07-06 18:20:03] Trying to access array offset on value of type null in C:\xampp\Desktop\mdcnpal\htdocs\public_html\controllers\controller_for_doctors.php on line 25
[2026-07-06 18:20:03] Creation of dynamic property app::$records_services is deprecated in C:\xampp\Desktop\mdcnpal\htdocs\public_html\core\app.php on line 434
[2026-07-06 18:20:03] Undefined array key 0 in C:\xampp\Desktop\mdcnpal\htdocs\public_html\controllers\controller_for_doctors.php on line 31
[2026-07-06 18:20:03] Trying to access array offset on value of type null in C:\xampp\Desktop\mdcnpal\htdocs\public_html\controllers\controller_for_doctors.php on line 31
[2026-07-06 18:20:03] str_replace(): Passing null to parameter #3 ($subject) of type array|string is deprecated in C:\xampp\Desktop\mdcnpal\htdocs\public_html\controllers\controller_for_doctors.php on line 31
[2026-07-06 18:20:03] Undefined array key 0 in C:\xampp\Desktop\mdcnpal\htdocs\public_html\controllers\controller_for_doctors.php on line 32
[2026-07-06 18:20:03] Trying to access array offset on value of type null in C:\xampp\Desktop\mdcnpal\htdocs\public_html\controllers\controller_for_doctors.php on line 32
[2026-07-06 18:20:03] str_replace(): Passing null to parameter #3 ($subject) of type array|string is deprecated in C:\xampp\Desktop\mdcnpal\htdocs\public_html\controllers\controller_for_doctors.php on line 32
[2026-07-06 18:20:03] Undefined array key 0 in C:\xampp\Desktop\mdcnpal\htdocs\public_html\controllers\controller_for_doctors.php on line 33
[2026-07-06 18:20:03] Trying to access array offset on value of type null in C:\xampp\Desktop\mdcnpal\htdocs\public_html\controllers\controller_for_doctors.php on line 33
[2026-07-06 18:20:03] str_replace(): Passing null to parameter #3 ($subject) of type array|string is deprecated in C:\xampp\Desktop\mdcnpal\htdocs\public_html\controllers\controller_for_doctors.php on line 33
[2026-07-06 18:20:04] Creation of dynamic property dbclass::$RECORD_SET is deprecated in C:\xampp\Desktop\mdcnpal\htdocs\public_html\core\dbclass.php on line 69
[2026-07-06 18:20:04] Creation of dynamic property dbclass::$app is deprecated in C:\xampp\Desktop\mdcnpal\htdocs\public_html\core\dbclass.php on line 75
[2026-07-06 18:20:04] Creation of dynamic property model::$foreign_tables is deprecated in C:\xampp\Desktop\mdcnpal\htdocs\public_html\core\model.php on line 43
[2026-07-06 18:20:04] Creation of dynamic property app::$inputfilter is deprecated in C:\xampp\Desktop\mdcnpal\htdocs\public_html\core\app.php on line 123
[2026-07-06 18:20:04] Creation of dynamic property app::$userconfig is deprecated in C:\xampp\Desktop\mdcnpal\htdocs\public_html\core\app.php on line 124
[2026-07-06 18:20:04] Creation of dynamic property app::$global_include is deprecated in C:\xampp\Desktop\mdcnpal\htdocs\public_html\core\app.php on line 125
[2026-07-06 18:20:04] Creation of dynamic property app::$set_cache_time is deprecated in C:\xampp\Desktop\mdcnpal\htdocs\public_html\core\app.php on line 153
[2026-07-06 18:20:04] Creation of dynamic property app::$meta is deprecated in C:\xampp\Desktop\mdcnpal\htdocs\public_html\core\app.php on line 434
[2026-07-06 18:20:04] Creation of dynamic property app::$rs_gs_city is deprecated in C:\xampp\Desktop\mdcnpal\htdocs\public_html\core\app.php on line 434
[2026-07-06 18:20:04] Creation of dynamic property app::$rs_footer_popular_item is deprecated in C:\xampp\Desktop\mdcnpal\htdocs\public_html\core\app.php on line 434
[2026-07-06 18:20:04] Creation of dynamic property app::$rs_footer_popular_test is deprecated in C:\xampp\Desktop\mdcnpal\htdocs\public_html\core\app.php on line 434
[2026-07-06 18:20:04] Creation of dynamic property app::$rs_testimonial is deprecated in C:\xampp\Desktop\mdcnpal\htdocs\public_html\core\app.php on line 434
[2026-07-06 18:20:04] Creation of dynamic property app::$admin is deprecated in C:\xampp\Desktop\mdcnpal\htdocs\public_html\core\app.php on line 434
[2026-07-06 18:20:04] Undefined array key 0 in C:\xampp\Desktop\mdcnpal\htdocs\public_html\core\global_include.php on line 514
[2026-07-06 18:20:04] Creation of dynamic property app::$popup is deprecated in C:\xampp\Desktop\mdcnpal\htdocs\public_html\core\app.php on line 434
[2026-07-06 18:20:04] Undefined array key "MDRCCustID" in C:\xampp\Desktop\mdcnpal\htdocs\public_html\core\global_include.php on line 515
[2026-07-06 18:20:04] Undefined array key "MDRCToken" in C:\xampp\Desktop\mdcnpal\htdocs\public_html\core\global_include.php on line 515
[2026-07-06 18:20:04] Creation of dynamic property app::$rscategory is deprecated in C:\xampp\Desktop\mdcnpal\htdocs\public_html\core\app.php on line 434
[2026-07-06 18:20:04] Creation of dynamic property app::$rs_pages is deprecated in C:\xampp\Desktop\mdcnpal\htdocs\public_html\core\app.php on line 434
[2026-07-06 18:20:04] Creation of dynamic property app::$gs is deprecated in C:\xampp\Desktop\mdcnpal\htdocs\public_html\core\app.php on line 434
[2026-07-06 18:20:04] Undefined array key "MDRCCustID" in C:\xampp\Desktop\mdcnpal\htdocs\public_html\core\global_include.php on line 596
[2026-07-06 18:20:04] Undefined array key "MDRCCustID" in C:\xampp\Desktop\mdcnpal\htdocs\public_html\core\global_include.php on line 615
[2026-07-06 18:20:04] Undefined variable $getId in C:\xampp\Desktop\mdcnpal\htdocs\public_html\core\global_include.php on line 684
[2026-07-06 18:20:04] Undefined variable $getName in C:\xampp\Desktop\mdcnpal\htdocs\public_html\core\global_include.php on line 685
[2026-07-06 18:20:04] Undefined array key 0 in C:\xampp\Desktop\mdcnpal\htdocs\public_html\core\global_include.php on line 810
[2026-07-06 18:20:04] Creation of dynamic property app::$rs_offer_msg is deprecated in C:\xampp\Desktop\mdcnpal\htdocs\public_html\core\app.php on line 434
[2026-07-06 18:20:04] Creation of dynamic property app::$rs_for_doctors is deprecated in C:\xampp\Desktop\mdcnpal\htdocs\public_html\core\app.php on line 434
[2026-07-06 18:20:04] Undefined property: app::$rs_cartmini in C:\xampp\Desktop\mdcnpal\htdocs\public_html\includes\header.php on line 131
[2026-07-06 18:20:04] Undefined array key "MDRCCustID" in C:\xampp\Desktop\mdcnpal\htdocs\public_html\includes\header.php on line 134
[2026-07-06 18:20:04] Undefined property: app::$rs_cartmini in C:\xampp\Desktop\mdcnpal\htdocs\public_html\includes\header.php on line 197
[2026-07-06 18:20:04] Undefined array key "MDRCCustID" in C:\xampp\Desktop\mdcnpal\htdocs\public_html\includes\header.php on line 200
[2026-07-06 18:20:04] Undefined property: app::$rs_cartmini in C:\xampp\Desktop\mdcnpal\htdocs\public_html\includes\header.php on line 469
[2026-07-06 18:20:04] Undefined array key "MDRCCustID" in C:\xampp\Desktop\mdcnpal\htdocs\public_html\includes\header.php on line 472
[2026-07-06 18:20:04] Undefined property: app::$rs_cartmini in C:\xampp\Desktop\mdcnpal\htdocs\public_html\includes\header.php on line 525
[2026-07-06 18:20:04] Undefined array key "MDRCCustID" in C:\xampp\Desktop\mdcnpal\htdocs\public_html\includes\header.php on line 528
[2026-07-06 18:20:04] Undefined property: app::$rs_customer in C:\xampp\Desktop\mdcnpal\htdocs\public_html\includes\header.php on line 712
[2026-07-06 18:20:04] Trying to access array offset on value of type null in C:\xampp\Desktop\mdcnpal\htdocs\public_html\includes\header.php on line 712
[2026-07-06 18:20:04] Undefined property: app::$rs_customer in C:\xampp\Desktop\mdcnpal\htdocs\public_html\includes\header.php on line 721
[2026-07-06 18:20:04] Trying to access array offset on value of type null in C:\xampp\Desktop\mdcnpal\htdocs\public_html\includes\header.php on line 721
[2026-07-06 18:20:04] Undefined property: app::$rs_customer in C:\xampp\Desktop\mdcnpal\htdocs\public_html\includes\header.php on line 730
[2026-07-06 18:20:04] Trying to access array offset on value of type null in C:\xampp\Desktop\mdcnpal\htdocs\public_html\includes\header.php on line 730
[2026-07-06 18:20:04] Undefined property: app::$rs_customer in C:\xampp\Desktop\mdcnpal\htdocs\public_html\includes\header.php on line 739
[2026-07-06 18:20:04] Trying to access array offset on value of type null in C:\xampp\Desktop\mdcnpal\htdocs\public_html\includes\header.php on line 739
[2026-07-06 18:20:04] Undefined property: app::$rs_customer in C:\xampp\Desktop\mdcnpal\htdocs\public_html\includes\footer.php on line 357
[2026-07-06 18:20:04] Trying to access array offset on value of type null in C:\xampp\Desktop\mdcnpal\htdocs\public_html\includes\footer.php on line 357
[2026-07-06 18:20:04] Undefined property: app::$rs_customer in C:\xampp\Desktop\mdcnpal\htdocs\public_html\includes\footer.php on line 366
[2026-07-06 18:20:04] Trying to access array offset on value of type null in C:\xampp\Desktop\mdcnpal\htdocs\public_html\includes\footer.php on line 366
[2026-07-06 18:20:04] Undefined property: app::$rs_customer in C:\xampp\Desktop\mdcnpal\htdocs\public_html\includes\footer.php on line 372
[2026-07-06 18:20:04] Trying to access array offset on value of type null in C:\xampp\Desktop\mdcnpal\htdocs\public_html\includes\footer.php on line 372
[2026-07-06 18:20:04] Undefined property: app::$rs_customer in C:\xampp\Desktop\mdcnpal\htdocs\public_html\includes\general_data.php on line 88
[2026-07-06 18:20:04] Trying to access array offset on value of type null in C:\xampp\Desktop\mdcnpal\htdocs\public_html\includes\general_data.php on line 88
[2026-07-06 18:20:04] Undefined array key "MDRCCustID" in C:\xampp\Desktop\mdcnpal\htdocs\public_html\includes\general_data.php on line 88
[2026-07-06 18:20:04] Undefined variable $tmpStr in C:\xampp\Desktop\mdcnpal\htdocs\public_html\core\app.php on line 971
[2026-07-06 18:20:09] Creation of dynamic property dbclass::$RECORD_SET is deprecated in C:\xampp\Desktop\mdcnpal\htdocs\public_html\core\dbclass.php on line 69
[2026-07-06 18:20:09] Creation of dynamic property dbclass::$app is deprecated in C:\xampp\Desktop\mdcnpal\htdocs\public_html\core\dbclass.php on line 75
[2026-07-06 18:20:09] Creation of dynamic property model::$foreign_tables is deprecated in C:\xampp\Desktop\mdcnpal\htdocs\public_html\core\model.php on line 43
[2026-07-06 18:20:09] Creation of dynamic property app::$inputfilter is deprecated in C:\xampp\Desktop\mdcnpal\htdocs\public_html\core\app.php on line 123
[2026-07-06 18:20:09] Creation of dynamic property app::$userconfig is deprecated in C:\xampp\Desktop\mdcnpal\htdocs\public_html\core\app.php on line 124
[2026-07-06 18:20:09] Creation of dynamic property app::$global_include is deprecated in C:\xampp\Desktop\mdcnpal\htdocs\public_html\core\app.php on line 125
[2026-07-06 18:20:09] Creation of dynamic property app::$set_cache_time is deprecated in C:\xampp\Desktop\mdcnpal\htdocs\public_html\core\app.php on line 153
[2026-07-06 18:20:09] Creation of dynamic property app::$meta is deprecated in C:\xampp\Desktop\mdcnpal\htdocs\public_html\core\app.php on line 434
[2026-07-06 18:20:09] Creation of dynamic property app::$rs_gs_city is deprecated in C:\xampp\Desktop\mdcnpal\htdocs\public_html\core\app.php on line 434
[2026-07-06 18:20:09] Creation of dynamic property app::$rs_footer_popular_item is deprecated in C:\xampp\Desktop\mdcnpal\htdocs\public_html\core\app.php on line 434
[2026-07-06 18:20:09] Creation of dynamic property app::$rs_footer_popular_test is deprecated in C:\xampp\Desktop\mdcnpal\htdocs\public_html\core\app.php on line 434
[2026-07-06 18:20:09] Creation of dynamic property app::$rs_testimonial is deprecated in C:\xampp\Desktop\mdcnpal\htdocs\public_html\core\app.php on line 434
[2026-07-06 18:20:09] Creation of dynamic property app::$admin is deprecated in C:\xampp\Desktop\mdcnpal\htdocs\public_html\core\app.php on line 434
[2026-07-06 18:20:09] Undefined array key 0 in C:\xampp\Desktop\mdcnpal\htdocs\public_html\core\global_include.php on line 514
[2026-07-06 18:20:09] Creation of dynamic property app::$popup is deprecated in C:\xampp\Desktop\mdcnpal\htdocs\public_html\core\app.php on line 434
[2026-07-06 18:20:09] Undefined array key "MDRCCustID" in C:\xampp\Desktop\mdcnpal\htdocs\public_html\core\global_include.php on line 515
[2026-07-06 18:20:09] Undefined array key "MDRCToken" in C:\xampp\Desktop\mdcnpal\htdocs\public_html\core\global_include.php on line 515
[2026-07-06 18:20:09] Creation of dynamic property app::$rscategory is deprecated in C:\xampp\Desktop\mdcnpal\htdocs\public_html\core\app.php on line 434
[2026-07-06 18:20:09] Creation of dynamic property app::$rs_pages is deprecated in C:\xampp\Desktop\mdcnpal\htdocs\public_html\core\app.php on line 434
[2026-07-06 18:20:09] Creation of dynamic property app::$gs is deprecated in C:\xampp\Desktop\mdcnpal\htdocs\public_html\core\app.php on line 434
[2026-07-06 18:20:09] Undefined array key "MDRCCustID" in C:\xampp\Desktop\mdcnpal\htdocs\public_html\core\global_include.php on line 596
[2026-07-06 18:20:09] Undefined array key "MDRCCustID" in C:\xampp\Desktop\mdcnpal\htdocs\public_html\core\global_include.php on line 615
[2026-07-06 18:20:09] Undefined variable $getId in C:\xampp\Desktop\mdcnpal\htdocs\public_html\core\global_include.php on line 684
[2026-07-06 18:20:09] Undefined variable $getName in C:\xampp\Desktop\mdcnpal\htdocs\public_html\core\global_include.php on line 685
[2026-07-06 18:20:09] Undefined array key 0 in C:\xampp\Desktop\mdcnpal\htdocs\public_html\core\global_include.php on line 810
[2026-07-06 18:20:09] Creation of dynamic property app::$rs_offer_msg is deprecated in C:\xampp\Desktop\mdcnpal\htdocs\public_html\core\app.php on line 434
[2026-07-06 18:20:09] Creation of dynamic property app::$rs_for_doctors is deprecated in C:\xampp\Desktop\mdcnpal\htdocs\public_html\core\app.php on line 434
[2026-07-06 18:20:09] Creation of dynamic property app::$description is deprecated in C:\xampp\Desktop\mdcnpal\htdocs\public_html\core\app.php on line 434
[2026-07-06 18:20:09] Creation of dynamic property app::$rs_banner is deprecated in C:\xampp\Desktop\mdcnpal\htdocs\public_html\core\app.php on line 434
[2026-07-06 18:20:09] Creation of dynamic property app::$rs_item_diseases is deprecated in C:\xampp\Desktop\mdcnpal\htdocs\public_html\core\app.php on line 434
[2026-07-06 18:20:09] Creation of dynamic property app::$rs_item_home_category is deprecated in C:\xampp\Desktop\mdcnpal\htdocs\public_html\core\app.php on line 434
[2026-07-06 18:20:09] Creation of dynamic property app::$rs_item_banner_category is deprecated in C:\xampp\Desktop\mdcnpal\htdocs\public_html\core\app.php on line 434
[2026-07-06 18:20:09] Creation of dynamic property app::$rs_services is deprecated in C:\xampp\Desktop\mdcnpal\htdocs\public_html\core\app.php on line 434
[2026-07-06 18:20:09] Creation of dynamic property app::$rs_blog is deprecated in C:\xampp\Desktop\mdcnpal\htdocs\public_html\core\app.php on line 434
[2026-07-06 18:20:09] Creation of dynamic property app::$rs_category is deprecated in C:\xampp\Desktop\mdcnpal\htdocs\public_html\core\app.php on line 434
[2026-07-06 18:20:09] Creation of dynamic property app::$rs_faq_data is deprecated in C:\xampp\Desktop\mdcnpal\htdocs\public_html\core\app.php on line 434
[2026-07-06 18:20:09] Creation of dynamic property app::$rs_gallery_data is deprecated in C:\xampp\Desktop\mdcnpal\htdocs\public_html\core\app.php on line 434
[2026-07-06 18:20:09] Undefined property: app::$rs_cartmini in C:\xampp\Desktop\mdcnpal\htdocs\public_html\includes\header.php on line 131
[2026-07-06 18:20:09] Undefined array key "MDRCCustID" in C:\xampp\Desktop\mdcnpal\htdocs\public_html\includes\header.php on line 134
[2026-07-06 18:20:09] Undefined property: app::$rs_cartmini in C:\xampp\Desktop\mdcnpal\htdocs\public_html\includes\header.php on line 197
[2026-07-06 18:20:09] Undefined array key "MDRCCustID" in C:\xampp\Desktop\mdcnpal\htdocs\public_html\includes\header.php on line 200
[2026-07-06 18:20:09] Undefined property: app::$rs_cartmini in C:\xampp\Desktop\mdcnpal\htdocs\public_html\includes\header.php on line 469
[2026-07-06 18:20:09] Undefined array key "MDRCCustID" in C:\xampp\Desktop\mdcnpal\htdocs\public_html\includes\header.php on line 472
[2026-07-06 18:20:09] Undefined property: app::$rs_cartmini in C:\xampp\Desktop\mdcnpal\htdocs\public_html\includes\header.php on line 525
[2026-07-06 18:20:09] Undefined array key "MDRCCustID" in C:\xampp\Desktop\mdcnpal\htdocs\public_html\includes\header.php on line 528
[2026-07-06 18:20:09] Undefined property: app::$rs_customer in C:\xampp\Desktop\mdcnpal\htdocs\public_html\includes\header.php on line 712
[2026-07-06 18:20:09] Trying to access array offset on value of type null in C:\xampp\Desktop\mdcnpal\htdocs\public_html\includes\header.php on line 712
[2026-07-06 18:20:09] Undefined property: app::$rs_customer in C:\xampp\Desktop\mdcnpal\htdocs\public_html\includes\header.php on line 721
[2026-07-06 18:20:09] Trying to access array offset on value of type null in C:\xampp\Desktop\mdcnpal\htdocs\public_html\includes\header.php on line 721
[2026-07-06 18:20:09] Undefined property: app::$rs_customer in C:\xampp\Desktop\mdcnpal\htdocs\public_html\includes\header.php on line 730
[2026-07-06 18:20:09] Trying to access array offset on value of type null in C:\xampp\Desktop\mdcnpal\htdocs\public_html\includes\header.php on line 730
[2026-07-06 18:20:09] Undefined property: app::$rs_customer in C:\xampp\Desktop\mdcnpal\htdocs\public_html\includes\header.php on line 739
[2026-07-06 18:20:09] Trying to access array offset on value of type null in C:\xampp\Desktop\mdcnpal\htdocs\public_html\includes\header.php on line 739
[2026-07-06 18:20:09] Undefined variable $g_search_query in C:\xampp\Desktop\mdcnpal\htdocs\public_html\core\app.php(565) : eval()'d code on line 219
[2026-07-06 18:20:09] Undefined variable $department_cond in C:\xampp\Desktop\mdcnpal\htdocs\public_html\core\app.php(565) : eval()'d code on line 219
[2026-07-06 18:20:09] Undefined variable $type_cond in C:\xampp\Desktop\mdcnpal\htdocs\public_html\core\app.php(565) : eval()'d code on line 219
[2026-07-06 18:20:09] Undefined variable $dieses_cond in C:\xampp\Desktop\mdcnpal\htdocs\public_html\core\app.php(565) : eval()'d code on line 219
[2026-07-06 18:20:09] Undefined variable $popular_pack_cond in C:\xampp\Desktop\mdcnpal\htdocs\public_html\core\app.php(565) : eval()'d code on line 219
[2026-07-06 18:20:10] Undefined variable $g_search_query in C:\xampp\Desktop\mdcnpal\htdocs\public_html\core\app.php(565) : eval()'d code on line 219
[2026-07-06 18:20:10] Undefined variable $department_cond in C:\xampp\Desktop\mdcnpal\htdocs\public_html\core\app.php(565) : eval()'d code on line 219
[2026-07-06 18:20:10] Undefined variable $type_cond in C:\xampp\Desktop\mdcnpal\htdocs\public_html\core\app.php(565) : eval()'d code on line 219
[2026-07-06 18:20:10] Undefined variable $dieses_cond in C:\xampp\Desktop\mdcnpal\htdocs\public_html\core\app.php(565) : eval()'d code on line 219
[2026-07-06 18:20:10] Undefined variable $popular_pack_cond in C:\xampp\Desktop\mdcnpal\htdocs\public_html\core\app.php(565) : eval()'d code on line 219
[2026-07-06 18:20:10] Undefined variable $g_search_query in C:\xampp\Desktop\mdcnpal\htdocs\public_html\core\app.php(565) : eval()'d code on line 219
[2026-07-06 18:20:10] Undefined variable $department_cond in C:\xampp\Desktop\mdcnpal\htdocs\public_html\core\app.php(565) : eval()'d code on line 219
[2026-07-06 18:20:10] Undefined variable $type_cond in C:\xampp\Desktop\mdcnpal\htdocs\public_html\core\app.php(565) : eval()'d code on line 219
[2026-07-06 18:20:10] Undefined variable $dieses_cond in C:\xampp\Desktop\mdcnpal\htdocs\public_html\core\app.php(565) : eval()'d code on line 219
[2026-07-06 18:20:10] Undefined variable $popular_pack_cond in C:\xampp\Desktop\mdcnpal\htdocs\public_html\core\app.php(565) : eval()'d code on line 219
[2026-07-06 18:20:10] Undefined variable $g_search_query in C:\xampp\Desktop\mdcnpal\htdocs\public_html\core\app.php(565) : eval()'d code on line 219
[2026-07-06 18:20:10] Undefined variable $department_cond in C:\xampp\Desktop\mdcnpal\htdocs\public_html\core\app.php(565) : eval()'d code on line 219
[2026-07-06 18:20:10] Undefined variable $type_cond in C:\xampp\Desktop\mdcnpal\htdocs\public_html\core\app.php(565) : eval()'d code on line 219
[2026-07-06 18:20:10] Undefined variable $dieses_cond in C:\xampp\Desktop\mdcnpal\htdocs\public_html\core\app.php(565) : eval()'d code on line 219
[2026-07-06 18:20:10] Undefined variable $popular_pack_cond in C:\xampp\Desktop\mdcnpal\htdocs\public_html\core\app.php(565) : eval()'d code on line 219
[2026-07-06 18:20:10] Undefined variable $g_search_query in C:\xampp\Desktop\mdcnpal\htdocs\public_html\core\app.php(565) : eval()'d code on line 219
[2026-07-06 18:20:10] Undefined variable $department_cond in C:\xampp\Desktop\mdcnpal\htdocs\public_html\core\app.php(565) : eval()'d code on line 219
[2026-07-06 18:20:10] Undefined variable $type_cond in C:\xampp\Desktop\mdcnpal\htdocs\public_html\core\app.php(565) : eval()'d code on line 219
[2026-07-06 18:20:10] Undefined variable $dieses_cond in C:\xampp\Desktop\mdcnpal\htdocs\public_html\core\app.php(565) : eval()'d code on line 219
[2026-07-06 18:20:10] Undefined variable $popular_pack_cond in C:\xampp\Desktop\mdcnpal\htdocs\public_html\core\app.php(565) : eval()'d code on line 219
[2026-07-06 18:20:10] Undefined property: app::$rs_customer in C:\xampp\Desktop\mdcnpal\htdocs\public_html\includes\footer.php on line 357
[2026-07-06 18:20:10] Trying to access array offset on value of type null in C:\xampp\Desktop\mdcnpal\htdocs\public_html\includes\footer.php on line 357
[2026-07-06 18:20:10] Undefined property: app::$rs_customer in C:\xampp\Desktop\mdcnpal\htdocs\public_html\includes\footer.php on line 366
[2026-07-06 18:20:10] Trying to access array offset on value of type null in C:\xampp\Desktop\mdcnpal\htdocs\public_html\includes\footer.php on line 366
[2026-07-06 18:20:10] Undefined property: app::$rs_customer in C:\xampp\Desktop\mdcnpal\htdocs\public_html\includes\footer.php on line 372
[2026-07-06 18:20:10] Trying to access array offset on value of type null in C:\xampp\Desktop\mdcnpal\htdocs\public_html\includes\footer.php on line 372
[2026-07-06 18:20:10] Undefined property: app::$rs_customer in C:\xampp\Desktop\mdcnpal\htdocs\public_html\includes\general_data.php on line 88
[2026-07-06 18:20:10] Trying to access array offset on value of type null in C:\xampp\Desktop\mdcnpal\htdocs\public_html\includes\general_data.php on line 88
[2026-07-06 18:20:10] Undefined array key "MDRCCustID" in C:\xampp\Desktop\mdcnpal\htdocs\public_html\includes\general_data.php on line 88
[2026-07-06 18:20:10] Undefined variable $tmpStr in C:\xampp\Desktop\mdcnpal\htdocs\public_html\core\app.php on line 971
[2026-07-06 18:20:12] Creation of dynamic property dbclass::$RECORD_SET is deprecated in C:\xampp\Desktop\mdcnpal\htdocs\public_html\core\dbclass.php on line 69
[2026-07-06 18:20:12] Creation of dynamic property dbclass::$app is deprecated in C:\xampp\Desktop\mdcnpal\htdocs\public_html\core\dbclass.php on line 75
[2026-07-06 18:20:12] Creation of dynamic property model::$foreign_tables is deprecated in C:\xampp\Desktop\mdcnpal\htdocs\public_html\core\model.php on line 43
[2026-07-06 18:20:12] Creation of dynamic property app::$inputfilter is deprecated in C:\xampp\Desktop\mdcnpal\htdocs\public_html\core\app.php on line 123
[2026-07-06 18:20:12] Creation of dynamic property app::$userconfig is deprecated in C:\xampp\Desktop\mdcnpal\htdocs\public_html\core\app.php on line 124
[2026-07-06 18:20:12] Creation of dynamic property app::$global_include is deprecated in C:\xampp\Desktop\mdcnpal\htdocs\public_html\core\app.php on line 125
[2026-07-06 18:20:12] Creation of dynamic property app::$set_cache_time is deprecated in C:\xampp\Desktop\mdcnpal\htdocs\public_html\core\app.php on line 153
[2026-07-06 18:20:12] Undefined variable $RESULT in C:\xampp\Desktop\mdcnpal\htdocs\public_html\scripts\ajax\selectCityUsingGoogleMapApi.php on line 69
[2026-07-06 18:20:12] Undefined variable $URL in C:\xampp\Desktop\mdcnpal\htdocs\public_html\scripts\ajax\selectCityUsingGoogleMapApi.php on line 73
[2026-07-06 18:20:15] Creation of dynamic property dbclass::$RECORD_SET is deprecated in C:\xampp\Desktop\mdcnpal\htdocs\public_html\core\dbclass.php on line 69
[2026-07-06 18:20:15] Creation of dynamic property dbclass::$app is deprecated in C:\xampp\Desktop\mdcnpal\htdocs\public_html\core\dbclass.php on line 75
[2026-07-06 18:20:15] Creation of dynamic property model::$foreign_tables is deprecated in C:\xampp\Desktop\mdcnpal\htdocs\public_html\core\model.php on line 43
[2026-07-06 18:20:15] Creation of dynamic property app::$inputfilter is deprecated in C:\xampp\Desktop\mdcnpal\htdocs\public_html\core\app.php on line 123
[2026-07-06 18:20:15] Creation of dynamic property app::$userconfig is deprecated in C:\xampp\Desktop\mdcnpal\htdocs\public_html\core\app.php on line 124
[2026-07-06 18:20:15] Creation of dynamic property app::$global_include is deprecated in C:\xampp\Desktop\mdcnpal\htdocs\public_html\core\app.php on line 125
[2026-07-06 18:20:15] Creation of dynamic property app::$set_cache_time is deprecated in C:\xampp\Desktop\mdcnpal\htdocs\public_html\core\app.php on line 153
[2026-07-06 18:20:15] Creation of dynamic property app::$meta is deprecated in C:\xampp\Desktop\mdcnpal\htdocs\public_html\core\app.php on line 434
[2026-07-06 18:20:15] Creation of dynamic property app::$rs_gs_city is deprecated in C:\xampp\Desktop\mdcnpal\htdocs\public_html\core\app.php on line 434
[2026-07-06 18:20:15] Creation of dynamic property app::$rs_footer_popular_item is deprecated in C:\xampp\Desktop\mdcnpal\htdocs\public_html\core\app.php on line 434
[2026-07-06 18:20:15] Creation of dynamic property app::$rs_footer_popular_test is deprecated in C:\xampp\Desktop\mdcnpal\htdocs\public_html\core\app.php on line 434
[2026-07-06 18:20:15] Creation of dynamic property app::$rs_testimonial is deprecated in C:\xampp\Desktop\mdcnpal\htdocs\public_html\core\app.php on line 434
[2026-07-06 18:20:15] Creation of dynamic property app::$admin is deprecated in C:\xampp\Desktop\mdcnpal\htdocs\public_html\core\app.php on line 434
[2026-07-06 18:20:15] Undefined array key 0 in C:\xampp\Desktop\mdcnpal\htdocs\public_html\core\global_include.php on line 514
[2026-07-06 18:20:15] Creation of dynamic property app::$popup is deprecated in C:\xampp\Desktop\mdcnpal\htdocs\public_html\core\app.php on line 434
[2026-07-06 18:20:15] Undefined array key "MDRCCustID" in C:\xampp\Desktop\mdcnpal\htdocs\public_html\core\global_include.php on line 515
[2026-07-06 18:20:15] Undefined array key "MDRCToken" in C:\xampp\Desktop\mdcnpal\htdocs\public_html\core\global_include.php on line 515
[2026-07-06 18:20:15] Creation of dynamic property app::$rscategory is deprecated in C:\xampp\Desktop\mdcnpal\htdocs\public_html\core\app.php on line 434
[2026-07-06 18:20:15] Creation of dynamic property app::$rs_pages is deprecated in C:\xampp\Desktop\mdcnpal\htdocs\public_html\core\app.php on line 434
[2026-07-06 18:20:15] Creation of dynamic property app::$gs is deprecated in C:\xampp\Desktop\mdcnpal\htdocs\public_html\core\app.php on line 434
[2026-07-06 18:20:15] Undefined array key "MDRCCustID" in C:\xampp\Desktop\mdcnpal\htdocs\public_html\core\global_include.php on line 596
[2026-07-06 18:20:15] Undefined array key "MDRCCustID" in C:\xampp\Desktop\mdcnpal\htdocs\public_html\core\global_include.php on line 615
[2026-07-06 18:20:15] Undefined variable $getId in C:\xampp\Desktop\mdcnpal\htdocs\public_html\core\global_include.php on line 684
[2026-07-06 18:20:15] Undefined variable $getName in C:\xampp\Desktop\mdcnpal\htdocs\public_html\core\global_include.php on line 685
[2026-07-06 18:20:15] Undefined array key 0 in C:\xampp\Desktop\mdcnpal\htdocs\public_html\core\global_include.php on line 810
[2026-07-06 18:20:15] Creation of dynamic property app::$rs_offer_msg is deprecated in C:\xampp\Desktop\mdcnpal\htdocs\public_html\core\app.php on line 434
[2026-07-06 18:20:15] Creation of dynamic property app::$rs_for_doctors is deprecated in C:\xampp\Desktop\mdcnpal\htdocs\public_html\core\app.php on line 434
[2026-07-06 18:20:15] Undefined property: app::$rs_cartmini in C:\xampp\Desktop\mdcnpal\htdocs\public_html\includes\header.php on line 131
[2026-07-06 18:20:15] Undefined array key "MDRCCustID" in C:\xampp\Desktop\mdcnpal\htdocs\public_html\includes\header.php on line 134
[2026-07-06 18:20:15] Undefined property: app::$rs_cartmini in C:\xampp\Desktop\mdcnpal\htdocs\public_html\includes\header.php on line 197
[2026-07-06 18:20:15] Undefined array key "MDRCCustID" in C:\xampp\Desktop\mdcnpal\htdocs\public_html\includes\header.php on line 200
[2026-07-06 18:20:15] Undefined property: app::$rs_cartmini in C:\xampp\Desktop\mdcnpal\htdocs\public_html\includes\header.php on line 469
[2026-07-06 18:20:15] Undefined array key "MDRCCustID" in C:\xampp\Desktop\mdcnpal\htdocs\public_html\includes\header.php on line 472
[2026-07-06 18:20:15] Undefined property: app::$rs_cartmini in C:\xampp\Desktop\mdcnpal\htdocs\public_html\includes\header.php on line 525
[2026-07-06 18:20:15] Undefined array key "MDRCCustID" in C:\xampp\Desktop\mdcnpal\htdocs\public_html\includes\header.php on line 528
[2026-07-06 18:20:15] Undefined property: app::$rs_customer in C:\xampp\Desktop\mdcnpal\htdocs\public_html\includes\header.php on line 712
[2026-07-06 18:20:15] Trying to access array offset on value of type null in C:\xampp\Desktop\mdcnpal\htdocs\public_html\includes\header.php on line 712
[2026-07-06 18:20:15] Undefined property: app::$rs_customer in C:\xampp\Desktop\mdcnpal\htdocs\public_html\includes\header.php on line 721
[2026-07-06 18:20:15] Trying to access array offset on value of type null in C:\xampp\Desktop\mdcnpal\htdocs\public_html\includes\header.php on line 721
[2026-07-06 18:20:15] Undefined property: app::$rs_customer in C:\xampp\Desktop\mdcnpal\htdocs\public_html\includes\header.php on line 730
[2026-07-06 18:20:15] Trying to access array offset on value of type null in C:\xampp\Desktop\mdcnpal\htdocs\public_html\includes\header.php on line 730
[2026-07-06 18:20:15] Undefined property: app::$rs_customer in C:\xampp\Desktop\mdcnpal\htdocs\public_html\includes\header.php on line 739
[2026-07-06 18:20:15] Trying to access array offset on value of type null in C:\xampp\Desktop\mdcnpal\htdocs\public_html\includes\header.php on line 739
[2026-07-06 18:20:15] Undefined property: app::$rs_customer in C:\xampp\Desktop\mdcnpal\htdocs\public_html\includes\footer.php on line 357
[2026-07-06 18:20:15] Trying to access array offset on value of type null in C:\xampp\Desktop\mdcnpal\htdocs\public_html\includes\footer.php on line 357
[2026-07-06 18:20:15] Undefined property: app::$rs_customer in C:\xampp\Desktop\mdcnpal\htdocs\public_html\includes\footer.php on line 366
[2026-07-06 18:20:15] Trying to access array offset on value of type null in C:\xampp\Desktop\mdcnpal\htdocs\public_html\includes\footer.php on line 366
[2026-07-06 18:20:15] Undefined property: app::$rs_customer in C:\xampp\Desktop\mdcnpal\htdocs\public_html\includes\footer.php on line 372
[2026-07-06 18:20:15] Trying to access array offset on value of type null in C:\xampp\Desktop\mdcnpal\htdocs\public_html\includes\footer.php on line 372
[2026-07-06 18:20:15] Undefined property: app::$rs_customer in C:\xampp\Desktop\mdcnpal\htdocs\public_html\includes\general_data.php on line 88
[2026-07-06 18:20:15] Trying to access array offset on value of type null in C:\xampp\Desktop\mdcnpal\htdocs\public_html\includes\general_data.php on line 88
[2026-07-06 18:20:15] Undefined array key "MDRCCustID" in C:\xampp\Desktop\mdcnpal\htdocs\public_html\includes\general_data.php on line 88
[2026-07-06 18:20:16] Undefined variable $tmpStr in C:\xampp\Desktop\mdcnpal\htdocs\public_html\core\app.php on line 971
[2026-07-06 18:20:20] Creation of dynamic property dbclass::$RECORD_SET is deprecated in C:\xampp\Desktop\mdcnpal\htdocs\public_html\core\dbclass.php on line 69
[2026-07-06 18:20:20] Creation of dynamic property dbclass::$app is deprecated in C:\xampp\Desktop\mdcnpal\htdocs\public_html\core\dbclass.php on line 75
[2026-07-06 18:20:20] Creation of dynamic property model::$foreign_tables is deprecated in C:\xampp\Desktop\mdcnpal\htdocs\public_html\core\model.php on line 43
[2026-07-06 18:20:20] Creation of dynamic property app::$inputfilter is deprecated in C:\xampp\Desktop\mdcnpal\htdocs\public_html\core\app.php on line 123
[2026-07-06 18:20:20] Creation of dynamic property app::$userconfig is deprecated in C:\xampp\Desktop\mdcnpal\htdocs\public_html\core\app.php on line 124
[2026-07-06 18:20:20] Creation of dynamic property app::$global_include is deprecated in C:\xampp\Desktop\mdcnpal\htdocs\public_html\core\app.php on line 125
[2026-07-06 18:20:20] Creation of dynamic property app::$set_cache_time is deprecated in C:\xampp\Desktop\mdcnpal\htdocs\public_html\core\app.php on line 153
[2026-07-06 18:20:20] Creation of dynamic property app::$meta is deprecated in C:\xampp\Desktop\mdcnpal\htdocs\public_html\core\app.php on line 434
[2026-07-06 18:20:20] Creation of dynamic property app::$rs_gs_city is deprecated in C:\xampp\Desktop\mdcnpal\htdocs\public_html\core\app.php on line 434
[2026-07-06 18:20:20] Creation of dynamic property app::$rs_footer_popular_item is deprecated in C:\xampp\Desktop\mdcnpal\htdocs\public_html\core\app.php on line 434
[2026-07-06 18:20:21] Creation of dynamic property app::$rs_footer_popular_test is deprecated in C:\xampp\Desktop\mdcnpal\htdocs\public_html\core\app.php on line 434
[2026-07-06 18:20:21] Creation of dynamic property app::$rs_testimonial is deprecated in C:\xampp\Desktop\mdcnpal\htdocs\public_html\core\app.php on line 434
[2026-07-06 18:20:21] Creation of dynamic property app::$admin is deprecated in C:\xampp\Desktop\mdcnpal\htdocs\public_html\core\app.php on line 434
[2026-07-06 18:20:21] Undefined array key 0 in C:\xampp\Desktop\mdcnpal\htdocs\public_html\core\global_include.php on line 514
[2026-07-06 18:20:21] Creation of dynamic property app::$popup is deprecated in C:\xampp\Desktop\mdcnpal\htdocs\public_html\core\app.php on line 434
[2026-07-06 18:20:21] Undefined array key "MDRCCustID" in C:\xampp\Desktop\mdcnpal\htdocs\public_html\core\global_include.php on line 515
[2026-07-06 18:20:21] Undefined array key "MDRCToken" in C:\xampp\Desktop\mdcnpal\htdocs\public_html\core\global_include.php on line 515
[2026-07-06 18:20:21] Creation of dynamic property app::$rscategory is deprecated in C:\xampp\Desktop\mdcnpal\htdocs\public_html\core\app.php on line 434
[2026-07-06 18:20:21] Creation of dynamic property app::$rs_pages is deprecated in C:\xampp\Desktop\mdcnpal\htdocs\public_html\core\app.php on line 434
[2026-07-06 18:20:21] Creation of dynamic property app::$gs is deprecated in C:\xampp\Desktop\mdcnpal\htdocs\public_html\core\app.php on line 434
[2026-07-06 18:20:21] Undefined array key "MDRCCustID" in C:\xampp\Desktop\mdcnpal\htdocs\public_html\core\global_include.php on line 596
[2026-07-06 18:20:21] Undefined array key "MDRCCustID" in C:\xampp\Desktop\mdcnpal\htdocs\public_html\core\global_include.php on line 615
[2026-07-06 18:20:21] Undefined variable $getId in C:\xampp\Desktop\mdcnpal\htdocs\public_html\core\global_include.php on line 684
[2026-07-06 18:20:21] Undefined variable $getName in C:\xampp\Desktop\mdcnpal\htdocs\public_html\core\global_include.php on line 685
[2026-07-06 18:20:21] Undefined array key 0 in C:\xampp\Desktop\mdcnpal\htdocs\public_html\core\global_include.php on line 810
[2026-07-06 18:20:21] Creation of dynamic property app::$rs_offer_msg is deprecated in C:\xampp\Desktop\mdcnpal\htdocs\public_html\core\app.php on line 434
[2026-07-06 18:20:21] Creation of dynamic property app::$rs_for_doctors is deprecated in C:\xampp\Desktop\mdcnpal\htdocs\public_html\core\app.php on line 434
[2026-07-06 18:20:21] Creation of dynamic property app::$rs_data is deprecated in C:\xampp\Desktop\mdcnpal\htdocs\public_html\core\app.php on line 434
[2026-07-06 18:20:21] Creation of dynamic property app::$rs_certi_data is deprecated in C:\xampp\Desktop\mdcnpal\htdocs\public_html\core\app.php on line 434
[2026-07-06 18:20:21] Creation of dynamic property app::$rs_key_fetures_data is deprecated in C:\xampp\Desktop\mdcnpal\htdocs\public_html\core\app.php on line 434
[2026-07-06 18:20:21] Creation of dynamic property app::$rs_banner is deprecated in C:\xampp\Desktop\mdcnpal\htdocs\public_html\core\app.php on line 434
[2026-07-06 18:20:21] Undefined variable $rs_package_data in C:\xampp\Desktop\mdcnpal\htdocs\public_html\controllers\controller_detail.php on line 94
[2026-07-06 18:20:21] Creation of dynamic property app::$rs_package_data is deprecated in C:\xampp\Desktop\mdcnpal\htdocs\public_html\core\app.php on line 434
[2026-07-06 18:20:21] Creation of dynamic property app::$city_id is deprecated in C:\xampp\Desktop\mdcnpal\htdocs\public_html\core\app.php on line 434
[2026-07-06 18:20:21] Creation of dynamic property app::$city_name is deprecated in C:\xampp\Desktop\mdcnpal\htdocs\public_html\core\app.php on line 434
[2026-07-06 18:20:21] Creation of dynamic property app::$rs_faq_data is deprecated in C:\xampp\Desktop\mdcnpal\htdocs\public_html\core\app.php on line 434
[2026-07-06 18:20:21] Undefined property: app::$rs_cartmini in C:\xampp\Desktop\mdcnpal\htdocs\public_html\includes\header.php on line 131
[2026-07-06 18:20:21] Undefined array key "MDRCCustID" in C:\xampp\Desktop\mdcnpal\htdocs\public_html\includes\header.php on line 134
[2026-07-06 18:20:21] Undefined property: app::$rs_cartmini in C:\xampp\Desktop\mdcnpal\htdocs\public_html\includes\header.php on line 197
[2026-07-06 18:20:21] Undefined array key "MDRCCustID" in C:\xampp\Desktop\mdcnpal\htdocs\public_html\includes\header.php on line 200
[2026-07-06 18:20:21] Undefined property: app::$rs_cartmini in C:\xampp\Desktop\mdcnpal\htdocs\public_html\includes\header.php on line 469
[2026-07-06 18:20:21] Undefined array key "MDRCCustID" in C:\xampp\Desktop\mdcnpal\htdocs\public_html\includes\header.php on line 472
[2026-07-06 18:20:21] Undefined property: app::$rs_cartmini in C:\xampp\Desktop\mdcnpal\htdocs\public_html\includes\header.php on line 525
[2026-07-06 18:20:21] Undefined array key "MDRCCustID" in C:\xampp\Desktop\mdcnpal\htdocs\public_html\includes\header.php on line 528
[2026-07-06 18:20:21] Undefined property: app::$rs_customer in C:\xampp\Desktop\mdcnpal\htdocs\public_html\includes\header.php on line 712
[2026-07-06 18:20:21] Trying to access array offset on value of type null in C:\xampp\Desktop\mdcnpal\htdocs\public_html\includes\header.php on line 712
[2026-07-06 18:20:21] Undefined property: app::$rs_customer in C:\xampp\Desktop\mdcnpal\htdocs\public_html\includes\header.php on line 721
[2026-07-06 18:20:21] Trying to access array offset on value of type null in C:\xampp\Desktop\mdcnpal\htdocs\public_html\includes\header.php on line 721
[2026-07-06 18:20:21] Undefined property: app::$rs_customer in C:\xampp\Desktop\mdcnpal\htdocs\public_html\includes\header.php on line 730
[2026-07-06 18:20:21] Trying to access array offset on value of type null in C:\xampp\Desktop\mdcnpal\htdocs\public_html\includes\header.php on line 730
[2026-07-06 18:20:21] Undefined property: app::$rs_customer in C:\xampp\Desktop\mdcnpal\htdocs\public_html\includes\header.php on line 739
[2026-07-06 18:20:21] Trying to access array offset on value of type null in C:\xampp\Desktop\mdcnpal\htdocs\public_html\includes\header.php on line 739
[06-Jul-2026 18:20:21 Asia/Kathmandu] PHP Fatal error:  Uncaught TypeError: count(): Argument #1 ($value) must be of type Countable|array, null given in C:\xampp\Desktop\mdcnpal\htdocs\public_html\core\app.php(565) : eval()'d code:42
Stack trace:
#0 C:\xampp\Desktop\mdcnpal\htdocs\public_html\core\app.php(565): eval()
#1 C:\xampp\Desktop\mdcnpal\htdocs\public_html\core\app.php(535): app->compile()
#2 C:\xampp\Desktop\mdcnpal\htdocs\public_html\core\app.php(516): app->package()
#3 C:\xampp\Desktop\mdcnpal\htdocs\public_html\index.php(6): app->execute()
#4 {main}
  thrown in C:\xampp\Desktop\mdcnpal\htdocs\public_html\core\app.php(565) : eval()'d code on line 42
[2026-07-06 18:20:22] Creation of dynamic property dbclass::$RECORD_SET is deprecated in C:\xampp\Desktop\mdcnpal\htdocs\public_html\core\dbclass.php on line 69
[2026-07-06 18:20:22] Creation of dynamic property dbclass::$app is deprecated in C:\xampp\Desktop\mdcnpal\htdocs\public_html\core\dbclass.php on line 75
[2026-07-06 18:20:22] Creation of dynamic property model::$foreign_tables is deprecated in C:\xampp\Desktop\mdcnpal\htdocs\public_html\core\model.php on line 43
[2026-07-06 18:20:22] Creation of dynamic property app::$inputfilter is deprecated in C:\xampp\Desktop\mdcnpal\htdocs\public_html\core\app.php on line 123
[2026-07-06 18:20:22] Creation of dynamic property app::$userconfig is deprecated in C:\xampp\Desktop\mdcnpal\htdocs\public_html\core\app.php on line 124
[2026-07-06 18:20:22] Creation of dynamic property app::$global_include is deprecated in C:\xampp\Desktop\mdcnpal\htdocs\public_html\core\app.php on line 125
[2026-07-06 18:20:22] Creation of dynamic property app::$set_cache_time is deprecated in C:\xampp\Desktop\mdcnpal\htdocs\public_html\core\app.php on line 153
[2026-07-06 18:20:22] Creation of dynamic property app::$meta is deprecated in C:\xampp\Desktop\mdcnpal\htdocs\public_html\core\app.php on line 434
[2026-07-06 18:20:22] Creation of dynamic property app::$rs_gs_city is deprecated in C:\xampp\Desktop\mdcnpal\htdocs\public_html\core\app.php on line 434
[2026-07-06 18:20:22] Creation of dynamic property app::$rs_footer_popular_item is deprecated in C:\xampp\Desktop\mdcnpal\htdocs\public_html\core\app.php on line 434
[2026-07-06 18:20:22] Creation of dynamic property app::$rs_footer_popular_test is deprecated in C:\xampp\Desktop\mdcnpal\htdocs\public_html\core\app.php on line 434
[2026-07-06 18:20:22] Creation of dynamic property app::$rs_testimonial is deprecated in C:\xampp\Desktop\mdcnpal\htdocs\public_html\core\app.php on line 434
[2026-07-06 18:20:22] Creation of dynamic property app::$admin is deprecated in C:\xampp\Desktop\mdcnpal\htdocs\public_html\core\app.php on line 434
[2026-07-06 18:20:22] Undefined array key 0 in C:\xampp\Desktop\mdcnpal\htdocs\public_html\core\global_include.php on line 514
[2026-07-06 18:20:22] Creation of dynamic property app::$popup is deprecated in C:\xampp\Desktop\mdcnpal\htdocs\public_html\core\app.php on line 434
[2026-07-06 18:20:22] Undefined array key "MDRCCustID" in C:\xampp\Desktop\mdcnpal\htdocs\public_html\core\global_include.php on line 515
[2026-07-06 18:20:22] Undefined array key "MDRCToken" in C:\xampp\Desktop\mdcnpal\htdocs\public_html\core\global_include.php on line 515
[2026-07-06 18:20:22] Creation of dynamic property app::$rscategory is deprecated in C:\xampp\Desktop\mdcnpal\htdocs\public_html\core\app.php on line 434
[2026-07-06 18:20:22] Creation of dynamic property app::$rs_pages is deprecated in C:\xampp\Desktop\mdcnpal\htdocs\public_html\core\app.php on line 434
[2026-07-06 18:20:22] Creation of dynamic property app::$gs is deprecated in C:\xampp\Desktop\mdcnpal\htdocs\public_html\core\app.php on line 434
[2026-07-06 18:20:22] Undefined array key "MDRCCustID" in C:\xampp\Desktop\mdcnpal\htdocs\public_html\core\global_include.php on line 596
[2026-07-06 18:20:22] Undefined array key "MDRCCustID" in C:\xampp\Desktop\mdcnpal\htdocs\public_html\core\global_include.php on line 615
[2026-07-06 18:20:22] Undefined variable $getId in C:\xampp\Desktop\mdcnpal\htdocs\public_html\core\global_include.php on line 684
[2026-07-06 18:20:22] Undefined variable $getName in C:\xampp\Desktop\mdcnpal\htdocs\public_html\core\global_include.php on line 685
[2026-07-06 18:20:22] Undefined array key 0 in C:\xampp\Desktop\mdcnpal\htdocs\public_html\core\global_include.php on line 810
[2026-07-06 18:20:22] Creation of dynamic property app::$rs_offer_msg is deprecated in C:\xampp\Desktop\mdcnpal\htdocs\public_html\core\app.php on line 434
[2026-07-06 18:20:22] Creation of dynamic property app::$rs_for_doctors is deprecated in C:\xampp\Desktop\mdcnpal\htdocs\public_html\core\app.php on line 434
[2026-07-06 18:20:22] Undefined property: app::$rs_cartmini in C:\xampp\Desktop\mdcnpal\htdocs\public_html\includes\header.php on line 131
[2026-07-06 18:20:22] Undefined array key "MDRCCustID" in C:\xampp\Desktop\mdcnpal\htdocs\public_html\includes\header.php on line 134
[2026-07-06 18:20:22] Undefined property: app::$rs_cartmini in C:\xampp\Desktop\mdcnpal\htdocs\public_html\includes\header.php on line 197
[2026-07-06 18:20:22] Undefined array key "MDRCCustID" in C:\xampp\Desktop\mdcnpal\htdocs\public_html\includes\header.php on line 200
[2026-07-06 18:20:22] Undefined property: app::$rs_cartmini in C:\xampp\Desktop\mdcnpal\htdocs\public_html\includes\header.php on line 469
[2026-07-06 18:20:22] Undefined array key "MDRCCustID" in C:\xampp\Desktop\mdcnpal\htdocs\public_html\includes\header.php on line 472
[2026-07-06 18:20:22] Undefined property: app::$rs_cartmini in C:\xampp\Desktop\mdcnpal\htdocs\public_html\includes\header.php on line 525
[2026-07-06 18:20:22] Undefined array key "MDRCCustID" in C:\xampp\Desktop\mdcnpal\htdocs\public_html\includes\header.php on line 528
[2026-07-06 18:20:22] Undefined property: app::$rs_customer in C:\xampp\Desktop\mdcnpal\htdocs\public_html\includes\header.php on line 712
[2026-07-06 18:20:22] Trying to access array offset on value of type null in C:\xampp\Desktop\mdcnpal\htdocs\public_html\includes\header.php on line 712
[2026-07-06 18:20:22] Undefined property: app::$rs_customer in C:\xampp\Desktop\mdcnpal\htdocs\public_html\includes\header.php on line 721
[2026-07-06 18:20:22] Trying to access array offset on value of type null in C:\xampp\Desktop\mdcnpal\htdocs\public_html\includes\header.php on line 721
[2026-07-06 18:20:22] Undefined property: app::$rs_customer in C:\xampp\Desktop\mdcnpal\htdocs\public_html\includes\header.php on line 730
[2026-07-06 18:20:22] Trying to access array offset on value of type null in C:\xampp\Desktop\mdcnpal\htdocs\public_html\includes\header.php on line 730
[2026-07-06 18:20:22] Undefined property: app::$rs_customer in C:\xampp\Desktop\mdcnpal\htdocs\public_html\includes\header.php on line 739
[2026-07-06 18:20:22] Trying to access array offset on value of type null in C:\xampp\Desktop\mdcnpal\htdocs\public_html\includes\header.php on line 739
[2026-07-06 18:20:22] Undefined property: app::$rs_customer in C:\xampp\Desktop\mdcnpal\htdocs\public_html\includes\footer.php on line 357
[2026-07-06 18:20:22] Trying to access array offset on value of type null in C:\xampp\Desktop\mdcnpal\htdocs\public_html\includes\footer.php on line 357
[2026-07-06 18:20:22] Undefined property: app::$rs_customer in C:\xampp\Desktop\mdcnpal\htdocs\public_html\includes\footer.php on line 366
[2026-07-06 18:20:22] Trying to access array offset on value of type null in C:\xampp\Desktop\mdcnpal\htdocs\public_html\includes\footer.php on line 366
[2026-07-06 18:20:22] Undefined property: app::$rs_customer in C:\xampp\Desktop\mdcnpal\htdocs\public_html\includes\footer.php on line 372
[2026-07-06 18:20:22] Trying to access array offset on value of type null in C:\xampp\Desktop\mdcnpal\htdocs\public_html\includes\footer.php on line 372
[2026-07-06 18:20:22] Undefined property: app::$rs_customer in C:\xampp\Desktop\mdcnpal\htdocs\public_html\includes\general_data.php on line 88
[2026-07-06 18:20:22] Trying to access array offset on value of type null in C:\xampp\Desktop\mdcnpal\htdocs\public_html\includes\general_data.php on line 88
[2026-07-06 18:20:22] Undefined array key "MDRCCustID" in C:\xampp\Desktop\mdcnpal\htdocs\public_html\includes\general_data.php on line 88
[2026-07-06 18:20:22] Undefined variable $tmpStr in C:\xampp\Desktop\mdcnpal\htdocs\public_html\core\app.php on line 971
[2026-07-06 18:20:22] Creation of dynamic property dbclass::$RECORD_SET is deprecated in C:\xampp\Desktop\mdcnpal\htdocs\public_html\core\dbclass.php on line 69
[2026-07-06 18:20:22] Creation of dynamic property dbclass::$app is deprecated in C:\xampp\Desktop\mdcnpal\htdocs\public_html\core\dbclass.php on line 75
[2026-07-06 18:20:22] Creation of dynamic property model::$foreign_tables is deprecated in C:\xampp\Desktop\mdcnpal\htdocs\public_html\core\model.php on line 43
[2026-07-06 18:20:22] Creation of dynamic property app::$inputfilter is deprecated in C:\xampp\Desktop\mdcnpal\htdocs\public_html\core\app.php on line 123
[2026-07-06 18:20:22] Creation of dynamic property app::$userconfig is deprecated in C:\xampp\Desktop\mdcnpal\htdocs\public_html\core\app.php on line 124
[2026-07-06 18:20:22] Creation of dynamic property app::$global_include is deprecated in C:\xampp\Desktop\mdcnpal\htdocs\public_html\core\app.php on line 125
[2026-07-06 18:20:22] Creation of dynamic property app::$set_cache_time is deprecated in C:\xampp\Desktop\mdcnpal\htdocs\public_html\core\app.php on line 153
[2026-07-06 18:20:22] Creation of dynamic property app::$meta is deprecated in C:\xampp\Desktop\mdcnpal\htdocs\public_html\core\app.php on line 434
[2026-07-06 18:20:22] Creation of dynamic property app::$rs_gs_city is deprecated in C:\xampp\Desktop\mdcnpal\htdocs\public_html\core\app.php on line 434
[2026-07-06 18:20:22] Creation of dynamic property app::$rs_footer_popular_item is deprecated in C:\xampp\Desktop\mdcnpal\htdocs\public_html\core\app.php on line 434
[2026-07-06 18:20:22] Creation of dynamic property app::$rs_footer_popular_test is deprecated in C:\xampp\Desktop\mdcnpal\htdocs\public_html\core\app.php on line 434
[2026-07-06 18:20:22] Creation of dynamic property app::$rs_testimonial is deprecated in C:\xampp\Desktop\mdcnpal\htdocs\public_html\core\app.php on line 434
[2026-07-06 18:20:22] Creation of dynamic property app::$admin is deprecated in C:\xampp\Desktop\mdcnpal\htdocs\public_html\core\app.php on line 434
[2026-07-06 18:20:22] Undefined array key 0 in C:\xampp\Desktop\mdcnpal\htdocs\public_html\core\global_include.php on line 514
[2026-07-06 18:20:22] Creation of dynamic property app::$popup is deprecated in C:\xampp\Desktop\mdcnpal\htdocs\public_html\core\app.php on line 434
[2026-07-06 18:20:22] Undefined array key "MDRCCustID" in C:\xampp\Desktop\mdcnpal\htdocs\public_html\core\global_include.php on line 515
[2026-07-06 18:20:22] Undefined array key "MDRCToken" in C:\xampp\Desktop\mdcnpal\htdocs\public_html\core\global_include.php on line 515
[2026-07-06 18:20:22] Creation of dynamic property app::$rscategory is deprecated in C:\xampp\Desktop\mdcnpal\htdocs\public_html\core\app.php on line 434
[2026-07-06 18:20:22] Creation of dynamic property app::$rs_pages is deprecated in C:\xampp\Desktop\mdcnpal\htdocs\public_html\core\app.php on line 434
[2026-07-06 18:20:22] Creation of dynamic property app::$gs is deprecated in C:\xampp\Desktop\mdcnpal\htdocs\public_html\core\app.php on line 434
[2026-07-06 18:20:22] Undefined array key "MDRCCustID" in C:\xampp\Desktop\mdcnpal\htdocs\public_html\core\global_include.php on line 596
[2026-07-06 18:20:22] Undefined array key "MDRCCustID" in C:\xampp\Desktop\mdcnpal\htdocs\public_html\core\global_include.php on line 615
[2026-07-06 18:20:22] Undefined variable $getId in C:\xampp\Desktop\mdcnpal\htdocs\public_html\core\global_include.php on line 684
[2026-07-06 18:20:22] Undefined variable $getName in C:\xampp\Desktop\mdcnpal\htdocs\public_html\core\global_include.php on line 685
[2026-07-06 18:20:22] Undefined array key 0 in C:\xampp\Desktop\mdcnpal\htdocs\public_html\core\global_include.php on line 810
[2026-07-06 18:20:22] Creation of dynamic property app::$rs_offer_msg is deprecated in C:\xampp\Desktop\mdcnpal\htdocs\public_html\core\app.php on line 434
[2026-07-06 18:20:22] Creation of dynamic property app::$rs_for_doctors is deprecated in C:\xampp\Desktop\mdcnpal\htdocs\public_html\core\app.php on line 434
[2026-07-06 18:20:22] Undefined property: app::$rs_cartmini in C:\xampp\Desktop\mdcnpal\htdocs\public_html\includes\header.php on line 131
[2026-07-06 18:20:22] Undefined array key "MDRCCustID" in C:\xampp\Desktop\mdcnpal\htdocs\public_html\includes\header.php on line 134
[2026-07-06 18:20:22] Undefined property: app::$rs_cartmini in C:\xampp\Desktop\mdcnpal\htdocs\public_html\includes\header.php on line 197
[2026-07-06 18:20:22] Undefined array key "MDRCCustID" in C:\xampp\Desktop\mdcnpal\htdocs\public_html\includes\header.php on line 200
[2026-07-06 18:20:22] Undefined property: app::$rs_cartmini in C:\xampp\Desktop\mdcnpal\htdocs\public_html\includes\header.php on line 469
[2026-07-06 18:20:22] Undefined array key "MDRCCustID" in C:\xampp\Desktop\mdcnpal\htdocs\public_html\includes\header.php on line 472
[2026-07-06 18:20:22] Undefined property: app::$rs_cartmini in C:\xampp\Desktop\mdcnpal\htdocs\public_html\includes\header.php on line 525
[2026-07-06 18:20:22] Undefined array key "MDRCCustID" in C:\xampp\Desktop\mdcnpal\htdocs\public_html\includes\header.php on line 528
[2026-07-06 18:20:22] Undefined property: app::$rs_customer in C:\xampp\Desktop\mdcnpal\htdocs\public_html\includes\header.php on line 712
[2026-07-06 18:20:22] Trying to access array offset on value of type null in C:\xampp\Desktop\mdcnpal\htdocs\public_html\includes\header.php on line 712
[2026-07-06 18:20:22] Undefined property: app::$rs_customer in C:\xampp\Desktop\mdcnpal\htdocs\public_html\includes\header.php on line 721
[2026-07-06 18:20:22] Trying to access array offset on value of type null in C:\xampp\Desktop\mdcnpal\htdocs\public_html\includes\header.php on line 721
[2026-07-06 18:20:22] Undefined property: app::$rs_customer in C:\xampp\Desktop\mdcnpal\htdocs\public_html\includes\header.php on line 730
[2026-07-06 18:20:22] Trying to access array offset on value of type null in C:\xampp\Desktop\mdcnpal\htdocs\public_html\includes\header.php on line 730
[2026-07-06 18:20:22] Undefined property: app::$rs_customer in C:\xampp\Desktop\mdcnpal\htdocs\public_html\includes\header.php on line 739
[2026-07-06 18:20:22] Trying to access array offset on value of type null in C:\xampp\Desktop\mdcnpal\htdocs\public_html\includes\header.php on line 739
[2026-07-06 18:20:22] Undefined property: app::$rs_customer in C:\xampp\Desktop\mdcnpal\htdocs\public_html\includes\footer.php on line 357
[2026-07-06 18:20:22] Trying to access array offset on value of type null in C:\xampp\Desktop\mdcnpal\htdocs\public_html\includes\footer.php on line 357
[2026-07-06 18:20:22] Undefined property: app::$rs_customer in C:\xampp\Desktop\mdcnpal\htdocs\public_html\includes\footer.php on line 366
[2026-07-06 18:20:22] Trying to access array offset on value of type null in C:\xampp\Desktop\mdcnpal\htdocs\public_html\includes\footer.php on line 366
[2026-07-06 18:20:22] Undefined property: app::$rs_customer in C:\xampp\Desktop\mdcnpal\htdocs\public_html\includes\footer.php on line 372
[2026-07-06 18:20:22] Trying to access array offset on value of type null in C:\xampp\Desktop\mdcnpal\htdocs\public_html\includes\footer.php on line 372
[2026-07-06 18:20:22] Undefined property: app::$rs_customer in C:\xampp\Desktop\mdcnpal\htdocs\public_html\includes\general_data.php on line 88
[2026-07-06 18:20:22] Trying to access array offset on value of type null in C:\xampp\Desktop\mdcnpal\htdocs\public_html\includes\general_data.php on line 88
[2026-07-06 18:20:22] Undefined array key "MDRCCustID" in C:\xampp\Desktop\mdcnpal\htdocs\public_html\includes\general_data.php on line 88
[2026-07-06 18:20:22] Undefined variable $tmpStr in C:\xampp\Desktop\mdcnpal\htdocs\public_html\core\app.php on line 971
[2026-07-06 18:20:23] Creation of dynamic property dbclass::$RECORD_SET is deprecated in C:\xampp\Desktop\mdcnpal\htdocs\public_html\core\dbclass.php on line 69
[2026-07-06 18:20:23] Creation of dynamic property dbclass::$app is deprecated in C:\xampp\Desktop\mdcnpal\htdocs\public_html\core\dbclass.php on line 75
[2026-07-06 18:20:23] Creation of dynamic property model::$foreign_tables is deprecated in C:\xampp\Desktop\mdcnpal\htdocs\public_html\core\model.php on line 43
[2026-07-06 18:20:23] Creation of dynamic property app::$inputfilter is deprecated in C:\xampp\Desktop\mdcnpal\htdocs\public_html\core\app.php on line 123
[2026-07-06 18:20:23] Creation of dynamic property app::$userconfig is deprecated in C:\xampp\Desktop\mdcnpal\htdocs\public_html\core\app.php on line 124
[2026-07-06 18:20:23] Creation of dynamic property app::$global_include is deprecated in C:\xampp\Desktop\mdcnpal\htdocs\public_html\core\app.php on line 125
[2026-07-06 18:20:23] Creation of dynamic property app::$set_cache_time is deprecated in C:\xampp\Desktop\mdcnpal\htdocs\public_html\core\app.php on line 153
[2026-07-06 18:20:23] Creation of dynamic property app::$meta is deprecated in C:\xampp\Desktop\mdcnpal\htdocs\public_html\core\app.php on line 434
[2026-07-06 18:20:23] Creation of dynamic property app::$rs_gs_city is deprecated in C:\xampp\Desktop\mdcnpal\htdocs\public_html\core\app.php on line 434
[2026-07-06 18:20:23] Creation of dynamic property app::$rs_footer_popular_item is deprecated in C:\xampp\Desktop\mdcnpal\htdocs\public_html\core\app.php on line 434
[2026-07-06 18:20:23] Creation of dynamic property app::$rs_footer_popular_test is deprecated in C:\xampp\Desktop\mdcnpal\htdocs\public_html\core\app.php on line 434
[2026-07-06 18:20:23] Creation of dynamic property app::$rs_testimonial is deprecated in C:\xampp\Desktop\mdcnpal\htdocs\public_html\core\app.php on line 434
[2026-07-06 18:20:23] Creation of dynamic property app::$admin is deprecated in C:\xampp\Desktop\mdcnpal\htdocs\public_html\core\app.php on line 434
[2026-07-06 18:20:23] Undefined array key 0 in C:\xampp\Desktop\mdcnpal\htdocs\public_html\core\global_include.php on line 514
[2026-07-06 18:20:23] Creation of dynamic property app::$popup is deprecated in C:\xampp\Desktop\mdcnpal\htdocs\public_html\core\app.php on line 434
[2026-07-06 18:20:23] Undefined array key "MDRCCustID" in C:\xampp\Desktop\mdcnpal\htdocs\public_html\core\global_include.php on line 515
[2026-07-06 18:20:23] Undefined array key "MDRCToken" in C:\xampp\Desktop\mdcnpal\htdocs\public_html\core\global_include.php on line 515
[2026-07-06 18:20:23] Creation of dynamic property app::$rscategory is deprecated in C:\xampp\Desktop\mdcnpal\htdocs\public_html\core\app.php on line 434
[2026-07-06 18:20:23] Creation of dynamic property app::$rs_pages is deprecated in C:\xampp\Desktop\mdcnpal\htdocs\public_html\core\app.php on line 434
[2026-07-06 18:20:23] Creation of dynamic property app::$gs is deprecated in C:\xampp\Desktop\mdcnpal\htdocs\public_html\core\app.php on line 434
[2026-07-06 18:20:23] Undefined array key "MDRCCustID" in C:\xampp\Desktop\mdcnpal\htdocs\public_html\core\global_include.php on line 596
[2026-07-06 18:20:23] Undefined array key "MDRCCustID" in C:\xampp\Desktop\mdcnpal\htdocs\public_html\core\global_include.php on line 615
[2026-07-06 18:20:23] Undefined variable $getId in C:\xampp\Desktop\mdcnpal\htdocs\public_html\core\global_include.php on line 684
[2026-07-06 18:20:23] Undefined variable $getName in C:\xampp\Desktop\mdcnpal\htdocs\public_html\core\global_include.php on line 685
[2026-07-06 18:20:23] Undefined array key 0 in C:\xampp\Desktop\mdcnpal\htdocs\public_html\core\global_include.php on line 810
[2026-07-06 18:20:23] Creation of dynamic property app::$rs_offer_msg is deprecated in C:\xampp\Desktop\mdcnpal\htdocs\public_html\core\app.php on line 434
[2026-07-06 18:20:23] Creation of dynamic property app::$rs_for_doctors is deprecated in C:\xampp\Desktop\mdcnpal\htdocs\public_html\core\app.php on line 434
[2026-07-06 18:20:23] Undefined property: app::$rs_cartmini in C:\xampp\Desktop\mdcnpal\htdocs\public_html\includes\header.php on line 131
[2026-07-06 18:20:23] Undefined array key "MDRCCustID" in C:\xampp\Desktop\mdcnpal\htdocs\public_html\includes\header.php on line 134
[2026-07-06 18:20:23] Undefined property: app::$rs_cartmini in C:\xampp\Desktop\mdcnpal\htdocs\public_html\includes\header.php on line 197
[2026-07-06 18:20:23] Undefined array key "MDRCCustID" in C:\xampp\Desktop\mdcnpal\htdocs\public_html\includes\header.php on line 200
[2026-07-06 18:20:23] Undefined property: app::$rs_cartmini in C:\xampp\Desktop\mdcnpal\htdocs\public_html\includes\header.php on line 469
[2026-07-06 18:20:23] Undefined array key "MDRCCustID" in C:\xampp\Desktop\mdcnpal\htdocs\public_html\includes\header.php on line 472
[2026-07-06 18:20:23] Undefined property: app::$rs_cartmini in C:\xampp\Desktop\mdcnpal\htdocs\public_html\includes\header.php on line 525
[2026-07-06 18:20:23] Undefined array key "MDRCCustID" in C:\xampp\Desktop\mdcnpal\htdocs\public_html\includes\header.php on line 528
[2026-07-06 18:20:23] Undefined property: app::$rs_customer in C:\xampp\Desktop\mdcnpal\htdocs\public_html\includes\header.php on line 712
[2026-07-06 18:20:23] Trying to access array offset on value of type null in C:\xampp\Desktop\mdcnpal\htdocs\public_html\includes\header.php on line 712
[2026-07-06 18:20:23] Undefined property: app::$rs_customer in C:\xampp\Desktop\mdcnpal\htdocs\public_html\includes\header.php on line 721
[2026-07-06 18:20:23] Trying to access array offset on value of type null in C:\xampp\Desktop\mdcnpal\htdocs\public_html\includes\header.php on line 721
[2026-07-06 18:20:23] Undefined property: app::$rs_customer in C:\xampp\Desktop\mdcnpal\htdocs\public_html\includes\header.php on line 730
[2026-07-06 18:20:23] Trying to access array offset on value of type null in C:\xampp\Desktop\mdcnpal\htdocs\public_html\includes\header.php on line 730
[2026-07-06 18:20:23] Undefined property: app::$rs_customer in C:\xampp\Desktop\mdcnpal\htdocs\public_html\includes\header.php on line 739
[2026-07-06 18:20:23] Trying to access array offset on value of type null in C:\xampp\Desktop\mdcnpal\htdocs\public_html\includes\header.php on line 739
[2026-07-06 18:20:23] Undefined property: app::$rs_customer in C:\xampp\Desktop\mdcnpal\htdocs\public_html\includes\footer.php on line 357
[2026-07-06 18:20:23] Trying to access array offset on value of type null in C:\xampp\Desktop\mdcnpal\htdocs\public_html\includes\footer.php on line 357
[2026-07-06 18:20:23] Undefined property: app::$rs_customer in C:\xampp\Desktop\mdcnpal\htdocs\public_html\includes\footer.php on line 366
[2026-07-06 18:20:23] Trying to access array offset on value of type null in C:\xampp\Desktop\mdcnpal\htdocs\public_html\includes\footer.php on line 366
[2026-07-06 18:20:23] Undefined property: app::$rs_customer in C:\xampp\Desktop\mdcnpal\htdocs\public_html\includes\footer.php on line 372
[2026-07-06 18:20:23] Trying to access array offset on value of type null in C:\xampp\Desktop\mdcnpal\htdocs\public_html\includes\footer.php on line 372
[2026-07-06 18:20:23] Undefined property: app::$rs_customer in C:\xampp\Desktop\mdcnpal\htdocs\public_html\includes\general_data.php on line 88
[2026-07-06 18:20:23] Trying to access array offset on value of type null in C:\xampp\Desktop\mdcnpal\htdocs\public_html\includes\general_data.php on line 88
[2026-07-06 18:20:23] Undefined array key "MDRCCustID" in C:\xampp\Desktop\mdcnpal\htdocs\public_html\includes\general_data.php on line 88
[2026-07-06 18:20:23] Undefined variable $tmpStr in C:\xampp\Desktop\mdcnpal\htdocs\public_html\core\app.php on line 971
[2026-07-06 18:20:24] Creation of dynamic property dbclass::$RECORD_SET is deprecated in C:\xampp\Desktop\mdcnpal\htdocs\public_html\core\dbclass.php on line 69
[2026-07-06 18:20:24] Creation of dynamic property dbclass::$app is deprecated in C:\xampp\Desktop\mdcnpal\htdocs\public_html\core\dbclass.php on line 75
[2026-07-06 18:20:24] Creation of dynamic property model::$foreign_tables is deprecated in C:\xampp\Desktop\mdcnpal\htdocs\public_html\core\model.php on line 43
[2026-07-06 18:20:24] Creation of dynamic property app::$inputfilter is deprecated in C:\xampp\Desktop\mdcnpal\htdocs\public_html\core\app.php on line 123
[2026-07-06 18:20:24] Creation of dynamic property app::$userconfig is deprecated in C:\xampp\Desktop\mdcnpal\htdocs\public_html\core\app.php on line 124
[2026-07-06 18:20:24] Creation of dynamic property app::$global_include is deprecated in C:\xampp\Desktop\mdcnpal\htdocs\public_html\core\app.php on line 125
[2026-07-06 18:20:24] Creation of dynamic property app::$set_cache_time is deprecated in C:\xampp\Desktop\mdcnpal\htdocs\public_html\core\app.php on line 153
[2026-07-06 18:20:24] Creation of dynamic property app::$meta is deprecated in C:\xampp\Desktop\mdcnpal\htdocs\public_html\core\app.php on line 434
[2026-07-06 18:20:24] Creation of dynamic property app::$rs_gs_city is deprecated in C:\xampp\Desktop\mdcnpal\htdocs\public_html\core\app.php on line 434
[2026-07-06 18:20:24] Creation of dynamic property app::$rs_footer_popular_item is deprecated in C:\xampp\Desktop\mdcnpal\htdocs\public_html\core\app.php on line 434
[2026-07-06 18:20:24] Creation of dynamic property app::$rs_footer_popular_test is deprecated in C:\xampp\Desktop\mdcnpal\htdocs\public_html\core\app.php on line 434
[2026-07-06 18:20:24] Creation of dynamic property app::$rs_testimonial is deprecated in C:\xampp\Desktop\mdcnpal\htdocs\public_html\core\app.php on line 434
[2026-07-06 18:20:24] Creation of dynamic property app::$admin is deprecated in C:\xampp\Desktop\mdcnpal\htdocs\public_html\core\app.php on line 434
[2026-07-06 18:20:24] Undefined array key 0 in C:\xampp\Desktop\mdcnpal\htdocs\public_html\core\global_include.php on line 514
[2026-07-06 18:20:24] Creation of dynamic property app::$popup is deprecated in C:\xampp\Desktop\mdcnpal\htdocs\public_html\core\app.php on line 434
[2026-07-06 18:20:24] Undefined array key "MDRCCustID" in C:\xampp\Desktop\mdcnpal\htdocs\public_html\core\global_include.php on line 515
[2026-07-06 18:20:24] Undefined array key "MDRCToken" in C:\xampp\Desktop\mdcnpal\htdocs\public_html\core\global_include.php on line 515
[2026-07-06 18:20:24] Creation of dynamic property app::$rscategory is deprecated in C:\xampp\Desktop\mdcnpal\htdocs\public_html\core\app.php on line 434
[2026-07-06 18:20:24] Creation of dynamic property app::$rs_pages is deprecated in C:\xampp\Desktop\mdcnpal\htdocs\public_html\core\app.php on line 434
[2026-07-06 18:20:24] Creation of dynamic property app::$gs is deprecated in C:\xampp\Desktop\mdcnpal\htdocs\public_html\core\app.php on line 434
[2026-07-06 18:20:24] Undefined array key "MDRCCustID" in C:\xampp\Desktop\mdcnpal\htdocs\public_html\core\global_include.php on line 596
[2026-07-06 18:20:24] Undefined array key "MDRCCustID" in C:\xampp\Desktop\mdcnpal\htdocs\public_html\core\global_include.php on line 615
[2026-07-06 18:20:24] Undefined variable $getId in C:\xampp\Desktop\mdcnpal\htdocs\public_html\core\global_include.php on line 684
[2026-07-06 18:20:24] Undefined variable $getName in C:\xampp\Desktop\mdcnpal\htdocs\public_html\core\global_include.php on line 685
[2026-07-06 18:20:24] Undefined array key 0 in C:\xampp\Desktop\mdcnpal\htdocs\public_html\core\global_include.php on line 810
[2026-07-06 18:20:24] Creation of dynamic property app::$rs_offer_msg is deprecated in C:\xampp\Desktop\mdcnpal\htdocs\public_html\core\app.php on line 434
[2026-07-06 18:20:24] Creation of dynamic property app::$rs_for_doctors is deprecated in C:\xampp\Desktop\mdcnpal\htdocs\public_html\core\app.php on line 434
[2026-07-06 18:20:24] Undefined property: app::$rs_cartmini in C:\xampp\Desktop\mdcnpal\htdocs\public_html\includes\header.php on line 131
[2026-07-06 18:20:24] Undefined array key "MDRCCustID" in C:\xampp\Desktop\mdcnpal\htdocs\public_html\includes\header.php on line 134
[2026-07-06 18:20:24] Undefined property: app::$rs_cartmini in C:\xampp\Desktop\mdcnpal\htdocs\public_html\includes\header.php on line 197
[2026-07-06 18:20:24] Undefined array key "MDRCCustID" in C:\xampp\Desktop\mdcnpal\htdocs\public_html\includes\header.php on line 200
[2026-07-06 18:20:24] Undefined property: app::$rs_cartmini in C:\xampp\Desktop\mdcnpal\htdocs\public_html\includes\header.php on line 469
[2026-07-06 18:20:24] Undefined array key "MDRCCustID" in C:\xampp\Desktop\mdcnpal\htdocs\public_html\includes\header.php on line 472
[2026-07-06 18:20:24] Undefined property: app::$rs_cartmini in C:\xampp\Desktop\mdcnpal\htdocs\public_html\includes\header.php on line 525
[2026-07-06 18:20:24] Undefined array key "MDRCCustID" in C:\xampp\Desktop\mdcnpal\htdocs\public_html\includes\header.php on line 528
[2026-07-06 18:20:24] Undefined property: app::$rs_customer in C:\xampp\Desktop\mdcnpal\htdocs\public_html\includes\header.php on line 712
[2026-07-06 18:20:24] Trying to access array offset on value of type null in C:\xampp\Desktop\mdcnpal\htdocs\public_html\includes\header.php on line 712
[2026-07-06 18:20:24] Undefined property: app::$rs_customer in C:\xampp\Desktop\mdcnpal\htdocs\public_html\includes\header.php on line 721
[2026-07-06 18:20:24] Trying to access array offset on value of type null in C:\xampp\Desktop\mdcnpal\htdocs\public_html\includes\header.php on line 721
[2026-07-06 18:20:24] Undefined property: app::$rs_customer in C:\xampp\Desktop\mdcnpal\htdocs\public_html\includes\header.php on line 730
[2026-07-06 18:20:24] Trying to access array offset on value of type null in C:\xampp\Desktop\mdcnpal\htdocs\public_html\includes\header.php on line 730
[2026-07-06 18:20:24] Undefined property: app::$rs_customer in C:\xampp\Desktop\mdcnpal\htdocs\public_html\includes\header.php on line 739
[2026-07-06 18:20:24] Trying to access array offset on value of type null in C:\xampp\Desktop\mdcnpal\htdocs\public_html\includes\header.php on line 739
[2026-07-06 18:20:24] Undefined property: app::$rs_customer in C:\xampp\Desktop\mdcnpal\htdocs\public_html\includes\footer.php on line 357
[2026-07-06 18:20:24] Trying to access array offset on value of type null in C:\xampp\Desktop\mdcnpal\htdocs\public_html\includes\footer.php on line 357
[2026-07-06 18:20:24] Undefined property: app::$rs_customer in C:\xampp\Desktop\mdcnpal\htdocs\public_html\includes\footer.php on line 366
[2026-07-06 18:20:24] Trying to access array offset on value of type null in C:\xampp\Desktop\mdcnpal\htdocs\public_html\includes\footer.php on line 366
[2026-07-06 18:20:24] Undefined property: app::$rs_customer in C:\xampp\Desktop\mdcnpal\htdocs\public_html\includes\footer.php on line 372
[2026-07-06 18:20:24] Trying to access array offset on value of type null in C:\xampp\Desktop\mdcnpal\htdocs\public_html\includes\footer.php on line 372
[2026-07-06 18:20:24] Undefined property: app::$rs_customer in C:\xampp\Desktop\mdcnpal\htdocs\public_html\includes\general_data.php on line 88
[2026-07-06 18:20:24] Trying to access array offset on value of type null in C:\xampp\Desktop\mdcnpal\htdocs\public_html\includes\general_data.php on line 88
[2026-07-06 18:20:24] Undefined array key "MDRCCustID" in C:\xampp\Desktop\mdcnpal\htdocs\public_html\includes\general_data.php on line 88
[2026-07-06 18:20:24] Undefined variable $tmpStr in C:\xampp\Desktop\mdcnpal\htdocs\public_html\core\app.php on line 971
[2026-07-06 18:20:24] Creation of dynamic property dbclass::$RECORD_SET is deprecated in C:\xampp\Desktop\mdcnpal\htdocs\public_html\core\dbclass.php on line 69
[2026-07-06 18:20:24] Creation of dynamic property dbclass::$app is deprecated in C:\xampp\Desktop\mdcnpal\htdocs\public_html\core\dbclass.php on line 75
[2026-07-06 18:20:24] Creation of dynamic property model::$foreign_tables is deprecated in C:\xampp\Desktop\mdcnpal\htdocs\public_html\core\model.php on line 43
[2026-07-06 18:20:24] Creation of dynamic property app::$inputfilter is deprecated in C:\xampp\Desktop\mdcnpal\htdocs\public_html\core\app.php on line 123
[2026-07-06 18:20:24] Creation of dynamic property app::$userconfig is deprecated in C:\xampp\Desktop\mdcnpal\htdocs\public_html\core\app.php on line 124
[2026-07-06 18:20:24] Creation of dynamic property app::$global_include is deprecated in C:\xampp\Desktop\mdcnpal\htdocs\public_html\core\app.php on line 125
[2026-07-06 18:20:24] Creation of dynamic property app::$set_cache_time is deprecated in C:\xampp\Desktop\mdcnpal\htdocs\public_html\core\app.php on line 153
[2026-07-06 18:20:24] Creation of dynamic property app::$meta is deprecated in C:\xampp\Desktop\mdcnpal\htdocs\public_html\core\app.php on line 434
[2026-07-06 18:20:24] Creation of dynamic property app::$rs_gs_city is deprecated in C:\xampp\Desktop\mdcnpal\htdocs\public_html\core\app.php on line 434
[2026-07-06 18:20:24] Creation of dynamic property app::$rs_footer_popular_item is deprecated in C:\xampp\Desktop\mdcnpal\htdocs\public_html\core\app.php on line 434
[2026-07-06 18:20:24] Creation of dynamic property app::$rs_footer_popular_test is deprecated in C:\xampp\Desktop\mdcnpal\htdocs\public_html\core\app.php on line 434
[2026-07-06 18:20:24] Creation of dynamic property app::$rs_testimonial is deprecated in C:\xampp\Desktop\mdcnpal\htdocs\public_html\core\app.php on line 434
[2026-07-06 18:20:24] Creation of dynamic property app::$admin is deprecated in C:\xampp\Desktop\mdcnpal\htdocs\public_html\core\app.php on line 434
[2026-07-06 18:20:24] Undefined array key 0 in C:\xampp\Desktop\mdcnpal\htdocs\public_html\core\global_include.php on line 514
[2026-07-06 18:20:24] Creation of dynamic property app::$popup is deprecated in C:\xampp\Desktop\mdcnpal\htdocs\public_html\core\app.php on line 434
[2026-07-06 18:20:24] Undefined array key "MDRCCustID" in C:\xampp\Desktop\mdcnpal\htdocs\public_html\core\global_include.php on line 515
[2026-07-06 18:20:24] Undefined array key "MDRCToken" in C:\xampp\Desktop\mdcnpal\htdocs\public_html\core\global_include.php on line 515
[2026-07-06 18:20:24] Creation of dynamic property app::$rscategory is deprecated in C:\xampp\Desktop\mdcnpal\htdocs\public_html\core\app.php on line 434
[2026-07-06 18:20:24] Creation of dynamic property app::$rs_pages is deprecated in C:\xampp\Desktop\mdcnpal\htdocs\public_html\core\app.php on line 434
[2026-07-06 18:20:24] Creation of dynamic property app::$gs is deprecated in C:\xampp\Desktop\mdcnpal\htdocs\public_html\core\app.php on line 434
[2026-07-06 18:20:24] Undefined array key "MDRCCustID" in C:\xampp\Desktop\mdcnpal\htdocs\public_html\core\global_include.php on line 596
[2026-07-06 18:20:24] Undefined array key "MDRCCustID" in C:\xampp\Desktop\mdcnpal\htdocs\public_html\core\global_include.php on line 615
[2026-07-06 18:20:24] Undefined variable $getId in C:\xampp\Desktop\mdcnpal\htdocs\public_html\core\global_include.php on line 684
[2026-07-06 18:20:24] Undefined variable $getName in C:\xampp\Desktop\mdcnpal\htdocs\public_html\core\global_include.php on line 685
[2026-07-06 18:20:24] Undefined array key 0 in C:\xampp\Desktop\mdcnpal\htdocs\public_html\core\global_include.php on line 810
[2026-07-06 18:20:24] Creation of dynamic property app::$rs_offer_msg is deprecated in C:\xampp\Desktop\mdcnpal\htdocs\public_html\core\app.php on line 434
[2026-07-06 18:20:24] Creation of dynamic property app::$rs_for_doctors is deprecated in C:\xampp\Desktop\mdcnpal\htdocs\public_html\core\app.php on line 434
[2026-07-06 18:20:24] Undefined property: app::$rs_cartmini in C:\xampp\Desktop\mdcnpal\htdocs\public_html\includes\header.php on line 131
[2026-07-06 18:20:24] Undefined array key "MDRCCustID" in C:\xampp\Desktop\mdcnpal\htdocs\public_html\includes\header.php on line 134
[2026-07-06 18:20:24] Undefined property: app::$rs_cartmini in C:\xampp\Desktop\mdcnpal\htdocs\public_html\includes\header.php on line 197
[2026-07-06 18:20:24] Undefined array key "MDRCCustID" in C:\xampp\Desktop\mdcnpal\htdocs\public_html\includes\header.php on line 200
[2026-07-06 18:20:24] Undefined property: app::$rs_cartmini in C:\xampp\Desktop\mdcnpal\htdocs\public_html\includes\header.php on line 469
[2026-07-06 18:20:24] Undefined array key "MDRCCustID" in C:\xampp\Desktop\mdcnpal\htdocs\public_html\includes\header.php on line 472
[2026-07-06 18:20:24] Undefined property: app::$rs_cartmini in C:\xampp\Desktop\mdcnpal\htdocs\public_html\includes\header.php on line 525
[2026-07-06 18:20:24] Undefined array key "MDRCCustID" in C:\xampp\Desktop\mdcnpal\htdocs\public_html\includes\header.php on line 528
[2026-07-06 18:20:24] Undefined property: app::$rs_customer in C:\xampp\Desktop\mdcnpal\htdocs\public_html\includes\header.php on line 712
[2026-07-06 18:20:24] Trying to access array offset on value of type null in C:\xampp\Desktop\mdcnpal\htdocs\public_html\includes\header.php on line 712
[2026-07-06 18:20:24] Undefined property: app::$rs_customer in C:\xampp\Desktop\mdcnpal\htdocs\public_html\includes\header.php on line 721
[2026-07-06 18:20:24] Trying to access array offset on value of type null in C:\xampp\Desktop\mdcnpal\htdocs\public_html\includes\header.php on line 721
[2026-07-06 18:20:24] Undefined property: app::$rs_customer in C:\xampp\Desktop\mdcnpal\htdocs\public_html\includes\header.php on line 730
[2026-07-06 18:20:24] Trying to access array offset on value of type null in C:\xampp\Desktop\mdcnpal\htdocs\public_html\includes\header.php on line 730
[2026-07-06 18:20:24] Undefined property: app::$rs_customer in C:\xampp\Desktop\mdcnpal\htdocs\public_html\includes\header.php on line 739
[2026-07-06 18:20:24] Trying to access array offset on value of type null in C:\xampp\Desktop\mdcnpal\htdocs\public_html\includes\header.php on line 739
[2026-07-06 18:20:24] Undefined property: app::$rs_customer in C:\xampp\Desktop\mdcnpal\htdocs\public_html\includes\footer.php on line 357
[2026-07-06 18:20:24] Trying to access array offset on value of type null in C:\xampp\Desktop\mdcnpal\htdocs\public_html\includes\footer.php on line 357
[2026-07-06 18:20:24] Undefined property: app::$rs_customer in C:\xampp\Desktop\mdcnpal\htdocs\public_html\includes\footer.php on line 366
[2026-07-06 18:20:24] Trying to access array offset on value of type null in C:\xampp\Desktop\mdcnpal\htdocs\public_html\includes\footer.php on line 366
[2026-07-06 18:20:24] Undefined property: app::$rs_customer in C:\xampp\Desktop\mdcnpal\htdocs\public_html\includes\footer.php on line 372
[2026-07-06 18:20:24] Trying to access array offset on value of type null in C:\xampp\Desktop\mdcnpal\htdocs\public_html\includes\footer.php on line 372
[2026-07-06 18:20:24] Undefined property: app::$rs_customer in C:\xampp\Desktop\mdcnpal\htdocs\public_html\includes\general_data.php on line 88
[2026-07-06 18:20:24] Trying to access array offset on value of type null in C:\xampp\Desktop\mdcnpal\htdocs\public_html\includes\general_data.php on line 88
[2026-07-06 18:20:24] Undefined array key "MDRCCustID" in C:\xampp\Desktop\mdcnpal\htdocs\public_html\includes\general_data.php on line 88
[2026-07-06 18:20:24] Undefined variable $tmpStr in C:\xampp\Desktop\mdcnpal\htdocs\public_html\core\app.php on line 971
[2026-07-06 18:20:25] Creation of dynamic property dbclass::$RECORD_SET is deprecated in C:\xampp\Desktop\mdcnpal\htdocs\public_html\core\dbclass.php on line 69
[2026-07-06 18:20:25] Creation of dynamic property dbclass::$app is deprecated in C:\xampp\Desktop\mdcnpal\htdocs\public_html\core\dbclass.php on line 75
[2026-07-06 18:20:25] Creation of dynamic property model::$foreign_tables is deprecated in C:\xampp\Desktop\mdcnpal\htdocs\public_html\core\model.php on line 43
[2026-07-06 18:20:25] Creation of dynamic property app::$inputfilter is deprecated in C:\xampp\Desktop\mdcnpal\htdocs\public_html\core\app.php on line 123
[2026-07-06 18:20:25] Creation of dynamic property app::$userconfig is deprecated in C:\xampp\Desktop\mdcnpal\htdocs\public_html\core\app.php on line 124
[2026-07-06 18:20:25] Creation of dynamic property app::$global_include is deprecated in C:\xampp\Desktop\mdcnpal\htdocs\public_html\core\app.php on line 125
[2026-07-06 18:20:25] Creation of dynamic property app::$set_cache_time is deprecated in C:\xampp\Desktop\mdcnpal\htdocs\public_html\core\app.php on line 153
[2026-07-06 18:20:25] Creation of dynamic property app::$meta is deprecated in C:\xampp\Desktop\mdcnpal\htdocs\public_html\core\app.php on line 434
[2026-07-06 18:20:25] Creation of dynamic property app::$rs_gs_city is deprecated in C:\xampp\Desktop\mdcnpal\htdocs\public_html\core\app.php on line 434
[2026-07-06 18:20:25] Creation of dynamic property app::$rs_footer_popular_item is deprecated in C:\xampp\Desktop\mdcnpal\htdocs\public_html\core\app.php on line 434
[2026-07-06 18:20:25] Creation of dynamic property app::$rs_footer_popular_test is deprecated in C:\xampp\Desktop\mdcnpal\htdocs\public_html\core\app.php on line 434
[2026-07-06 18:20:25] Creation of dynamic property app::$rs_testimonial is deprecated in C:\xampp\Desktop\mdcnpal\htdocs\public_html\core\app.php on line 434
[2026-07-06 18:20:25] Creation of dynamic property app::$admin is deprecated in C:\xampp\Desktop\mdcnpal\htdocs\public_html\core\app.php on line 434
[2026-07-06 18:20:25] Undefined array key 0 in C:\xampp\Desktop\mdcnpal\htdocs\public_html\core\global_include.php on line 514
[2026-07-06 18:20:25] Creation of dynamic property app::$popup is deprecated in C:\xampp\Desktop\mdcnpal\htdocs\public_html\core\app.php on line 434
[2026-07-06 18:20:25] Undefined array key "MDRCCustID" in C:\xampp\Desktop\mdcnpal\htdocs\public_html\core\global_include.php on line 515
[2026-07-06 18:20:25] Undefined array key "MDRCToken" in C:\xampp\Desktop\mdcnpal\htdocs\public_html\core\global_include.php on line 515
[2026-07-06 18:20:25] Creation of dynamic property app::$rscategory is deprecated in C:\xampp\Desktop\mdcnpal\htdocs\public_html\core\app.php on line 434
[2026-07-06 18:20:25] Creation of dynamic property app::$rs_pages is deprecated in C:\xampp\Desktop\mdcnpal\htdocs\public_html\core\app.php on line 434
[2026-07-06 18:20:25] Creation of dynamic property app::$gs is deprecated in C:\xampp\Desktop\mdcnpal\htdocs\public_html\core\app.php on line 434
[2026-07-06 18:20:25] Undefined array key "MDRCCustID" in C:\xampp\Desktop\mdcnpal\htdocs\public_html\core\global_include.php on line 596
[2026-07-06 18:20:25] Undefined array key "MDRCCustID" in C:\xampp\Desktop\mdcnpal\htdocs\public_html\core\global_include.php on line 615
[2026-07-06 18:20:25] Undefined variable $getId in C:\xampp\Desktop\mdcnpal\htdocs\public_html\core\global_include.php on line 684
[2026-07-06 18:20:25] Undefined variable $getName in C:\xampp\Desktop\mdcnpal\htdocs\public_html\core\global_include.php on line 685
[2026-07-06 18:20:25] Undefined array key 0 in C:\xampp\Desktop\mdcnpal\htdocs\public_html\core\global_include.php on line 810
[2026-07-06 18:20:25] Creation of dynamic property app::$rs_offer_msg is deprecated in C:\xampp\Desktop\mdcnpal\htdocs\public_html\core\app.php on line 434
[2026-07-06 18:20:25] Creation of dynamic property app::$rs_for_doctors is deprecated in C:\xampp\Desktop\mdcnpal\htdocs\public_html\core\app.php on line 434
[2026-07-06 18:20:25] Undefined property: app::$rs_cartmini in C:\xampp\Desktop\mdcnpal\htdocs\public_html\includes\header.php on line 131
[2026-07-06 18:20:25] Undefined array key "MDRCCustID" in C:\xampp\Desktop\mdcnpal\htdocs\public_html\includes\header.php on line 134
[2026-07-06 18:20:25] Undefined property: app::$rs_cartmini in C:\xampp\Desktop\mdcnpal\htdocs\public_html\includes\header.php on line 197
[2026-07-06 18:20:25] Undefined array key "MDRCCustID" in C:\xampp\Desktop\mdcnpal\htdocs\public_html\includes\header.php on line 200
[2026-07-06 18:20:25] Undefined property: app::$rs_cartmini in C:\xampp\Desktop\mdcnpal\htdocs\public_html\includes\header.php on line 469
[2026-07-06 18:20:25] Undefined array key "MDRCCustID" in C:\xampp\Desktop\mdcnpal\htdocs\public_html\includes\header.php on line 472
[2026-07-06 18:20:25] Undefined property: app::$rs_cartmini in C:\xampp\Desktop\mdcnpal\htdocs\public_html\includes\header.php on line 525
[2026-07-06 18:20:25] Undefined array key "MDRCCustID" in C:\xampp\Desktop\mdcnpal\htdocs\public_html\includes\header.php on line 528
[2026-07-06 18:20:25] Undefined property: app::$rs_customer in C:\xampp\Desktop\mdcnpal\htdocs\public_html\includes\header.php on line 712
[2026-07-06 18:20:25] Trying to access array offset on value of type null in C:\xampp\Desktop\mdcnpal\htdocs\public_html\includes\header.php on line 712
[2026-07-06 18:20:25] Undefined property: app::$rs_customer in C:\xampp\Desktop\mdcnpal\htdocs\public_html\includes\header.php on line 721
[2026-07-06 18:20:25] Trying to access array offset on value of type null in C:\xampp\Desktop\mdcnpal\htdocs\public_html\includes\header.php on line 721
[2026-07-06 18:20:25] Undefined property: app::$rs_customer in C:\xampp\Desktop\mdcnpal\htdocs\public_html\includes\header.php on line 730
[2026-07-06 18:20:25] Trying to access array offset on value of type null in C:\xampp\Desktop\mdcnpal\htdocs\public_html\includes\header.php on line 730
[2026-07-06 18:20:25] Undefined property: app::$rs_customer in C:\xampp\Desktop\mdcnpal\htdocs\public_html\includes\header.php on line 739
[2026-07-06 18:20:25] Trying to access array offset on value of type null in C:\xampp\Desktop\mdcnpal\htdocs\public_html\includes\header.php on line 739
[2026-07-06 18:20:25] Undefined property: app::$rs_cartmini in C:\xampp\Desktop\mdcnpal\htdocs\public_html\core\app.php(565) : eval()'d code on line 66
[06-Jul-2026 18:20:25 Asia/Kathmandu] PHP Fatal error:  Uncaught TypeError: count(): Argument #1 ($value) must be of type Countable|array, null given in C:\xampp\Desktop\mdcnpal\htdocs\public_html\core\app.php(565) : eval()'d code:66
Stack trace:
#0 C:\xampp\Desktop\mdcnpal\htdocs\public_html\core\app.php(565): eval()
#1 C:\xampp\Desktop\mdcnpal\htdocs\public_html\core\app.php(535): app->compile()
#2 C:\xampp\Desktop\mdcnpal\htdocs\public_html\core\app.php(516): app->package()
#3 C:\xampp\Desktop\mdcnpal\htdocs\public_html\index.php(6): app->execute()
#4 {main}
  thrown in C:\xampp\Desktop\mdcnpal\htdocs\public_html\core\app.php(565) : eval()'d code on line 66
[2026-07-06 18:20:25] Creation of dynamic property dbclass::$RECORD_SET is deprecated in C:\xampp\Desktop\mdcnpal\htdocs\public_html\core\dbclass.php on line 69
[2026-07-06 18:20:25] Creation of dynamic property dbclass::$app is deprecated in C:\xampp\Desktop\mdcnpal\htdocs\public_html\core\dbclass.php on line 75
[2026-07-06 18:20:25] Creation of dynamic property model::$foreign_tables is deprecated in C:\xampp\Desktop\mdcnpal\htdocs\public_html\core\model.php on line 43
[2026-07-06 18:20:25] Creation of dynamic property app::$inputfilter is deprecated in C:\xampp\Desktop\mdcnpal\htdocs\public_html\core\app.php on line 123
[2026-07-06 18:20:25] Creation of dynamic property app::$userconfig is deprecated in C:\xampp\Desktop\mdcnpal\htdocs\public_html\core\app.php on line 124
[2026-07-06 18:20:25] Creation of dynamic property app::$global_include is deprecated in C:\xampp\Desktop\mdcnpal\htdocs\public_html\core\app.php on line 125
[2026-07-06 18:20:25] Creation of dynamic property app::$set_cache_time is deprecated in C:\xampp\Desktop\mdcnpal\htdocs\public_html\core\app.php on line 153
[2026-07-06 18:20:25] Creation of dynamic property app::$meta is deprecated in C:\xampp\Desktop\mdcnpal\htdocs\public_html\core\app.php on line 434
[2026-07-06 18:20:25] Creation of dynamic property app::$rs_gs_city is deprecated in C:\xampp\Desktop\mdcnpal\htdocs\public_html\core\app.php on line 434
[2026-07-06 18:20:25] Creation of dynamic property app::$rs_footer_popular_item is deprecated in C:\xampp\Desktop\mdcnpal\htdocs\public_html\core\app.php on line 434
[2026-07-06 18:20:25] Creation of dynamic property app::$rs_footer_popular_test is deprecated in C:\xampp\Desktop\mdcnpal\htdocs\public_html\core\app.php on line 434
[2026-07-06 18:20:25] Creation of dynamic property app::$rs_testimonial is deprecated in C:\xampp\Desktop\mdcnpal\htdocs\public_html\core\app.php on line 434
[2026-07-06 18:20:25] Creation of dynamic property app::$admin is deprecated in C:\xampp\Desktop\mdcnpal\htdocs\public_html\core\app.php on line 434
[2026-07-06 18:20:25] Undefined array key 0 in C:\xampp\Desktop\mdcnpal\htdocs\public_html\core\global_include.php on line 514
[2026-07-06 18:20:25] Creation of dynamic property app::$popup is deprecated in C:\xampp\Desktop\mdcnpal\htdocs\public_html\core\app.php on line 434
[2026-07-06 18:20:25] Undefined array key "MDRCCustID" in C:\xampp\Desktop\mdcnpal\htdocs\public_html\core\global_include.php on line 515
[2026-07-06 18:20:25] Undefined array key "MDRCToken" in C:\xampp\Desktop\mdcnpal\htdocs\public_html\core\global_include.php on line 515
[2026-07-06 18:20:25] Creation of dynamic property app::$rscategory is deprecated in C:\xampp\Desktop\mdcnpal\htdocs\public_html\core\app.php on line 434
[2026-07-06 18:20:25] Creation of dynamic property app::$rs_pages is deprecated in C:\xampp\Desktop\mdcnpal\htdocs\public_html\core\app.php on line 434
[2026-07-06 18:20:25] Creation of dynamic property app::$gs is deprecated in C:\xampp\Desktop\mdcnpal\htdocs\public_html\core\app.php on line 434
[2026-07-06 18:20:25] Undefined array key "MDRCCustID" in C:\xampp\Desktop\mdcnpal\htdocs\public_html\core\global_include.php on line 596
[2026-07-06 18:20:25] Undefined array key "MDRCCustID" in C:\xampp\Desktop\mdcnpal\htdocs\public_html\core\global_include.php on line 615
[2026-07-06 18:20:26] Undefined variable $getId in C:\xampp\Desktop\mdcnpal\htdocs\public_html\core\global_include.php on line 684
[2026-07-06 18:20:26] Undefined variable $getName in C:\xampp\Desktop\mdcnpal\htdocs\public_html\core\global_include.php on line 685
[2026-07-06 18:20:26] Undefined array key 0 in C:\xampp\Desktop\mdcnpal\htdocs\public_html\core\global_include.php on line 810
[2026-07-06 18:20:26] Creation of dynamic property app::$rs_offer_msg is deprecated in C:\xampp\Desktop\mdcnpal\htdocs\public_html\core\app.php on line 434
[2026-07-06 18:20:26] Creation of dynamic property app::$rs_for_doctors is deprecated in C:\xampp\Desktop\mdcnpal\htdocs\public_html\core\app.php on line 434
[2026-07-06 18:20:26] Undefined property: app::$rs_cartmini in C:\xampp\Desktop\mdcnpal\htdocs\public_html\includes\header.php on line 131
[2026-07-06 18:20:26] Undefined array key "MDRCCustID" in C:\xampp\Desktop\mdcnpal\htdocs\public_html\includes\header.php on line 134
[2026-07-06 18:20:26] Undefined property: app::$rs_cartmini in C:\xampp\Desktop\mdcnpal\htdocs\public_html\includes\header.php on line 197
[2026-07-06 18:20:26] Undefined array key "MDRCCustID" in C:\xampp\Desktop\mdcnpal\htdocs\public_html\includes\header.php on line 200
[2026-07-06 18:20:26] Undefined property: app::$rs_cartmini in C:\xampp\Desktop\mdcnpal\htdocs\public_html\includes\header.php on line 469
[2026-07-06 18:20:26] Undefined array key "MDRCCustID" in C:\xampp\Desktop\mdcnpal\htdocs\public_html\includes\header.php on line 472
[2026-07-06 18:20:26] Undefined property: app::$rs_cartmini in C:\xampp\Desktop\mdcnpal\htdocs\public_html\includes\header.php on line 525
[2026-07-06 18:20:26] Undefined array key "MDRCCustID" in C:\xampp\Desktop\mdcnpal\htdocs\public_html\includes\header.php on line 528
[2026-07-06 18:20:26] Undefined property: app::$rs_customer in C:\xampp\Desktop\mdcnpal\htdocs\public_html\includes\header.php on line 712
[2026-07-06 18:20:26] Trying to access array offset on value of type null in C:\xampp\Desktop\mdcnpal\htdocs\public_html\includes\header.php on line 712
[2026-07-06 18:20:26] Undefined property: app::$rs_customer in C:\xampp\Desktop\mdcnpal\htdocs\public_html\includes\header.php on line 721
[2026-07-06 18:20:26] Trying to access array offset on value of type null in C:\xampp\Desktop\mdcnpal\htdocs\public_html\includes\header.php on line 721
[2026-07-06 18:20:26] Undefined property: app::$rs_customer in C:\xampp\Desktop\mdcnpal\htdocs\public_html\includes\header.php on line 730
[2026-07-06 18:20:26] Trying to access array offset on value of type null in C:\xampp\Desktop\mdcnpal\htdocs\public_html\includes\header.php on line 730
[2026-07-06 18:20:26] Undefined property: app::$rs_customer in C:\xampp\Desktop\mdcnpal\htdocs\public_html\includes\header.php on line 739
[2026-07-06 18:20:26] Trying to access array offset on value of type null in C:\xampp\Desktop\mdcnpal\htdocs\public_html\includes\header.php on line 739
[2026-07-06 18:20:26] Undefined property: app::$rs_customer in C:\xampp\Desktop\mdcnpal\htdocs\public_html\includes\footer.php on line 357
[2026-07-06 18:20:26] Trying to access array offset on value of type null in C:\xampp\Desktop\mdcnpal\htdocs\public_html\includes\footer.php on line 357
[2026-07-06 18:20:26] Undefined property: app::$rs_customer in C:\xampp\Desktop\mdcnpal\htdocs\public_html\includes\footer.php on line 366
[2026-07-06 18:20:26] Trying to access array offset on value of type null in C:\xampp\Desktop\mdcnpal\htdocs\public_html\includes\footer.php on line 366
[2026-07-06 18:20:26] Undefined property: app::$rs_customer in C:\xampp\Desktop\mdcnpal\htdocs\public_html\includes\footer.php on line 372
[2026-07-06 18:20:26] Trying to access array offset on value of type null in C:\xampp\Desktop\mdcnpal\htdocs\public_html\includes\footer.php on line 372
[2026-07-06 18:20:26] Undefined property: app::$rs_customer in C:\xampp\Desktop\mdcnpal\htdocs\public_html\includes\general_data.php on line 88
[2026-07-06 18:20:26] Trying to access array offset on value of type null in C:\xampp\Desktop\mdcnpal\htdocs\public_html\includes\general_data.php on line 88
[2026-07-06 18:20:26] Undefined array key "MDRCCustID" in C:\xampp\Desktop\mdcnpal\htdocs\public_html\includes\general_data.php on line 88
[2026-07-06 18:20:26] Undefined variable $tmpStr in C:\xampp\Desktop\mdcnpal\htdocs\public_html\core\app.php on line 971
[2026-07-06 18:20:26] Creation of dynamic property dbclass::$RECORD_SET is deprecated in C:\xampp\Desktop\mdcnpal\htdocs\public_html\core\dbclass.php on line 69
[2026-07-06 18:20:26] Creation of dynamic property dbclass::$app is deprecated in C:\xampp\Desktop\mdcnpal\htdocs\public_html\core\dbclass.php on line 75
[2026-07-06 18:20:26] Creation of dynamic property model::$foreign_tables is deprecated in C:\xampp\Desktop\mdcnpal\htdocs\public_html\core\model.php on line 43
[2026-07-06 18:20:26] Creation of dynamic property app::$inputfilter is deprecated in C:\xampp\Desktop\mdcnpal\htdocs\public_html\core\app.php on line 123
[2026-07-06 18:20:26] Creation of dynamic property app::$userconfig is deprecated in C:\xampp\Desktop\mdcnpal\htdocs\public_html\core\app.php on line 124
[2026-07-06 18:20:26] Creation of dynamic property app::$global_include is deprecated in C:\xampp\Desktop\mdcnpal\htdocs\public_html\core\app.php on line 125
[2026-07-06 18:20:26] Creation of dynamic property app::$set_cache_time is deprecated in C:\xampp\Desktop\mdcnpal\htdocs\public_html\core\app.php on line 153
[2026-07-06 18:20:26] Creation of dynamic property app::$meta is deprecated in C:\xampp\Desktop\mdcnpal\htdocs\public_html\core\app.php on line 434
[2026-07-06 18:20:26] Creation of dynamic property app::$rs_gs_city is deprecated in C:\xampp\Desktop\mdcnpal\htdocs\public_html\core\app.php on line 434
[2026-07-06 18:20:26] Creation of dynamic property app::$rs_footer_popular_item is deprecated in C:\xampp\Desktop\mdcnpal\htdocs\public_html\core\app.php on line 434
[2026-07-06 18:20:26] Creation of dynamic property app::$rs_footer_popular_test is deprecated in C:\xampp\Desktop\mdcnpal\htdocs\public_html\core\app.php on line 434
[2026-07-06 18:20:26] Creation of dynamic property app::$rs_testimonial is deprecated in C:\xampp\Desktop\mdcnpal\htdocs\public_html\core\app.php on line 434
[2026-07-06 18:20:26] Creation of dynamic property app::$admin is deprecated in C:\xampp\Desktop\mdcnpal\htdocs\public_html\core\app.php on line 434
[2026-07-06 18:20:26] Undefined array key 0 in C:\xampp\Desktop\mdcnpal\htdocs\public_html\core\global_include.php on line 514
[2026-07-06 18:20:26] Creation of dynamic property app::$popup is deprecated in C:\xampp\Desktop\mdcnpal\htdocs\public_html\core\app.php on line 434
[2026-07-06 18:20:26] Undefined array key "MDRCCustID" in C:\xampp\Desktop\mdcnpal\htdocs\public_html\core\global_include.php on line 515
[2026-07-06 18:20:26] Undefined array key "MDRCToken" in C:\xampp\Desktop\mdcnpal\htdocs\public_html\core\global_include.php on line 515
[2026-07-06 18:20:26] Creation of dynamic property app::$rscategory is deprecated in C:\xampp\Desktop\mdcnpal\htdocs\public_html\core\app.php on line 434
[2026-07-06 18:20:26] Creation of dynamic property app::$rs_pages is deprecated in C:\xampp\Desktop\mdcnpal\htdocs\public_html\core\app.php on line 434
[2026-07-06 18:20:26] Creation of dynamic property app::$gs is deprecated in C:\xampp\Desktop\mdcnpal\htdocs\public_html\core\app.php on line 434
[2026-07-06 18:20:26] Undefined array key "MDRCCustID" in C:\xampp\Desktop\mdcnpal\htdocs\public_html\core\global_include.php on line 596
[2026-07-06 18:20:26] Undefined array key "MDRCCustID" in C:\xampp\Desktop\mdcnpal\htdocs\public_html\core\global_include.php on line 615
[2026-07-06 18:20:26] Undefined variable $getId in C:\xampp\Desktop\mdcnpal\htdocs\public_html\core\global_include.php on line 684
[2026-07-06 18:20:26] Undefined variable $getName in C:\xampp\Desktop\mdcnpal\htdocs\public_html\core\global_include.php on line 685
[2026-07-06 18:20:26] Undefined array key 0 in C:\xampp\Desktop\mdcnpal\htdocs\public_html\core\global_include.php on line 810
[2026-07-06 18:20:26] Creation of dynamic property app::$rs_offer_msg is deprecated in C:\xampp\Desktop\mdcnpal\htdocs\public_html\core\app.php on line 434
[2026-07-06 18:20:26] Creation of dynamic property app::$rs_for_doctors is deprecated in C:\xampp\Desktop\mdcnpal\htdocs\public_html\core\app.php on line 434
[2026-07-06 18:20:26] Undefined property: app::$rs_cartmini in C:\xampp\Desktop\mdcnpal\htdocs\public_html\includes\header.php on line 131
[2026-07-06 18:20:26] Undefined array key "MDRCCustID" in C:\xampp\Desktop\mdcnpal\htdocs\public_html\includes\header.php on line 134
[2026-07-06 18:20:26] Undefined property: app::$rs_cartmini in C:\xampp\Desktop\mdcnpal\htdocs\public_html\includes\header.php on line 197
[2026-07-06 18:20:26] Undefined array key "MDRCCustID" in C:\xampp\Desktop\mdcnpal\htdocs\public_html\includes\header.php on line 200
[2026-07-06 18:20:26] Undefined property: app::$rs_cartmini in C:\xampp\Desktop\mdcnpal\htdocs\public_html\includes\header.php on line 469
[2026-07-06 18:20:26] Undefined array key "MDRCCustID" in C:\xampp\Desktop\mdcnpal\htdocs\public_html\includes\header.php on line 472
[2026-07-06 18:20:26] Undefined property: app::$rs_cartmini in C:\xampp\Desktop\mdcnpal\htdocs\public_html\includes\header.php on line 525
[2026-07-06 18:20:26] Undefined array key "MDRCCustID" in C:\xampp\Desktop\mdcnpal\htdocs\public_html\includes\header.php on line 528
[2026-07-06 18:20:26] Undefined property: app::$rs_customer in C:\xampp\Desktop\mdcnpal\htdocs\public_html\includes\header.php on line 712
[2026-07-06 18:20:26] Trying to access array offset on value of type null in C:\xampp\Desktop\mdcnpal\htdocs\public_html\includes\header.php on line 712
[2026-07-06 18:20:26] Undefined property: app::$rs_customer in C:\xampp\Desktop\mdcnpal\htdocs\public_html\includes\header.php on line 721
[2026-07-06 18:20:26] Trying to access array offset on value of type null in C:\xampp\Desktop\mdcnpal\htdocs\public_html\includes\header.php on line 721
[2026-07-06 18:20:26] Undefined property: app::$rs_customer in C:\xampp\Desktop\mdcnpal\htdocs\public_html\includes\header.php on line 730
[2026-07-06 18:20:26] Trying to access array offset on value of type null in C:\xampp\Desktop\mdcnpal\htdocs\public_html\includes\header.php on line 730
[2026-07-06 18:20:26] Undefined property: app::$rs_customer in C:\xampp\Desktop\mdcnpal\htdocs\public_html\includes\header.php on line 739
[2026-07-06 18:20:26] Trying to access array offset on value of type null in C:\xampp\Desktop\mdcnpal\htdocs\public_html\includes\header.php on line 739
[2026-07-06 18:20:26] Undefined property: app::$rs_customer in C:\xampp\Desktop\mdcnpal\htdocs\public_html\includes\footer.php on line 357
[2026-07-06 18:20:26] Trying to access array offset on value of type null in C:\xampp\Desktop\mdcnpal\htdocs\public_html\includes\footer.php on line 357
[2026-07-06 18:20:26] Undefined property: app::$rs_customer in C:\xampp\Desktop\mdcnpal\htdocs\public_html\includes\footer.php on line 366
[2026-07-06 18:20:26] Trying to access array offset on value of type null in C:\xampp\Desktop\mdcnpal\htdocs\public_html\includes\footer.php on line 366
[2026-07-06 18:20:26] Undefined property: app::$rs_customer in C:\xampp\Desktop\mdcnpal\htdocs\public_html\includes\footer.php on line 372
[2026-07-06 18:20:26] Trying to access array offset on value of type null in C:\xampp\Desktop\mdcnpal\htdocs\public_html\includes\footer.php on line 372
[2026-07-06 18:20:26] Undefined property: app::$rs_customer in C:\xampp\Desktop\mdcnpal\htdocs\public_html\includes\general_data.php on line 88
[2026-07-06 18:20:26] Trying to access array offset on value of type null in C:\xampp\Desktop\mdcnpal\htdocs\public_html\includes\general_data.php on line 88
[2026-07-06 18:20:26] Undefined array key "MDRCCustID" in C:\xampp\Desktop\mdcnpal\htdocs\public_html\includes\general_data.php on line 88
[2026-07-06 18:20:26] Undefined variable $tmpStr in C:\xampp\Desktop\mdcnpal\htdocs\public_html\core\app.php on line 971
[2026-07-06 18:20:26] Creation of dynamic property dbclass::$RECORD_SET is deprecated in C:\xampp\Desktop\mdcnpal\htdocs\public_html\core\dbclass.php on line 69
[2026-07-06 18:20:26] Creation of dynamic property dbclass::$app is deprecated in C:\xampp\Desktop\mdcnpal\htdocs\public_html\core\dbclass.php on line 75
[2026-07-06 18:20:26] Creation of dynamic property model::$foreign_tables is deprecated in C:\xampp\Desktop\mdcnpal\htdocs\public_html\core\model.php on line 43
[2026-07-06 18:20:26] Creation of dynamic property app::$inputfilter is deprecated in C:\xampp\Desktop\mdcnpal\htdocs\public_html\core\app.php on line 123
[2026-07-06 18:20:26] Creation of dynamic property app::$userconfig is deprecated in C:\xampp\Desktop\mdcnpal\htdocs\public_html\core\app.php on line 124
[2026-07-06 18:20:26] Creation of dynamic property app::$global_include is deprecated in C:\xampp\Desktop\mdcnpal\htdocs\public_html\core\app.php on line 125
[2026-07-06 18:20:26] Creation of dynamic property app::$set_cache_time is deprecated in C:\xampp\Desktop\mdcnpal\htdocs\public_html\core\app.php on line 153
[2026-07-06 18:20:26] Creation of dynamic property app::$meta is deprecated in C:\xampp\Desktop\mdcnpal\htdocs\public_html\core\app.php on line 434
[2026-07-06 18:20:26] Creation of dynamic property app::$rs_gs_city is deprecated in C:\xampp\Desktop\mdcnpal\htdocs\public_html\core\app.php on line 434
[2026-07-06 18:20:26] Creation of dynamic property app::$rs_footer_popular_item is deprecated in C:\xampp\Desktop\mdcnpal\htdocs\public_html\core\app.php on line 434
[2026-07-06 18:20:26] Creation of dynamic property app::$rs_footer_popular_test is deprecated in C:\xampp\Desktop\mdcnpal\htdocs\public_html\core\app.php on line 434
[2026-07-06 18:20:26] Creation of dynamic property app::$rs_testimonial is deprecated in C:\xampp\Desktop\mdcnpal\htdocs\public_html\core\app.php on line 434
[2026-07-06 18:20:26] Creation of dynamic property app::$admin is deprecated in C:\xampp\Desktop\mdcnpal\htdocs\public_html\core\app.php on line 434
[2026-07-06 18:20:26] Undefined array key 0 in C:\xampp\Desktop\mdcnpal\htdocs\public_html\core\global_include.php on line 514
[2026-07-06 18:20:26] Creation of dynamic property app::$popup is deprecated in C:\xampp\Desktop\mdcnpal\htdocs\public_html\core\app.php on line 434
[2026-07-06 18:20:26] Undefined array key "MDRCCustID" in C:\xampp\Desktop\mdcnpal\htdocs\public_html\core\global_include.php on line 515
[2026-07-06 18:20:26] Undefined array key "MDRCToken" in C:\xampp\Desktop\mdcnpal\htdocs\public_html\core\global_include.php on line 515
[2026-07-06 18:20:26] Creation of dynamic property app::$rscategory is deprecated in C:\xampp\Desktop\mdcnpal\htdocs\public_html\core\app.php on line 434
[2026-07-06 18:20:26] Creation of dynamic property app::$rs_pages is deprecated in C:\xampp\Desktop\mdcnpal\htdocs\public_html\core\app.php on line 434
[2026-07-06 18:20:26] Creation of dynamic property app::$gs is deprecated in C:\xampp\Desktop\mdcnpal\htdocs\public_html\core\app.php on line 434
[2026-07-06 18:20:26] Undefined array key "MDRCCustID" in C:\xampp\Desktop\mdcnpal\htdocs\public_html\core\global_include.php on line 596
[2026-07-06 18:20:26] Undefined array key "MDRCCustID" in C:\xampp\Desktop\mdcnpal\htdocs\public_html\core\global_include.php on line 615
[2026-07-06 18:20:26] Undefined variable $getId in C:\xampp\Desktop\mdcnpal\htdocs\public_html\core\global_include.php on line 684
[2026-07-06 18:20:26] Undefined variable $getName in C:\xampp\Desktop\mdcnpal\htdocs\public_html\core\global_include.php on line 685
[2026-07-06 18:20:26] Undefined array key 0 in C:\xampp\Desktop\mdcnpal\htdocs\public_html\core\global_include.php on line 810
[2026-07-06 18:20:26] Creation of dynamic property app::$rs_offer_msg is deprecated in C:\xampp\Desktop\mdcnpal\htdocs\public_html\core\app.php on line 434
[2026-07-06 18:20:26] Creation of dynamic property app::$rs_for_doctors is deprecated in C:\xampp\Desktop\mdcnpal\htdocs\public_html\core\app.php on line 434
[2026-07-06 18:20:26] Creation of dynamic property app::$rs_gallery_data is deprecated in C:\xampp\Desktop\mdcnpal\htdocs\public_html\core\app.php on line 434
[2026-07-06 18:20:26] Creation of dynamic property app::$category is deprecated in C:\xampp\Desktop\mdcnpal\htdocs\public_html\core\app.php on line 434
[2026-07-06 18:20:26] Undefined array key 0 in C:\xampp\Desktop\mdcnpal\htdocs\public_html\controllers\controller_for_doctors.php on line 22
[2026-07-06 18:20:26] Creation of dynamic property app::$records_doctors is deprecated in C:\xampp\Desktop\mdcnpal\htdocs\public_html\core\app.php on line 434
[2026-07-06 18:20:26] Undefined array key 0 in C:\xampp\Desktop\mdcnpal\htdocs\public_html\controllers\controller_for_doctors.php on line 25
[2026-07-06 18:20:26] Trying to access array offset on value of type null in C:\xampp\Desktop\mdcnpal\htdocs\public_html\controllers\controller_for_doctors.php on line 25
[2026-07-06 18:20:26] Creation of dynamic property app::$records_services is deprecated in C:\xampp\Desktop\mdcnpal\htdocs\public_html\core\app.php on line 434
[2026-07-06 18:20:26] Undefined array key 0 in C:\xampp\Desktop\mdcnpal\htdocs\public_html\controllers\controller_for_doctors.php on line 31
[2026-07-06 18:20:26] Trying to access array offset on value of type null in C:\xampp\Desktop\mdcnpal\htdocs\public_html\controllers\controller_for_doctors.php on line 31
[2026-07-06 18:20:26] str_replace(): Passing null to parameter #3 ($subject) of type array|string is deprecated in C:\xampp\Desktop\mdcnpal\htdocs\public_html\controllers\controller_for_doctors.php on line 31
[2026-07-06 18:20:26] Undefined array key 0 in C:\xampp\Desktop\mdcnpal\htdocs\public_html\controllers\controller_for_doctors.php on line 32
[2026-07-06 18:20:26] Trying to access array offset on value of type null in C:\xampp\Desktop\mdcnpal\htdocs\public_html\controllers\controller_for_doctors.php on line 32
[2026-07-06 18:20:26] str_replace(): Passing null to parameter #3 ($subject) of type array|string is deprecated in C:\xampp\Desktop\mdcnpal\htdocs\public_html\controllers\controller_for_doctors.php on line 32
[2026-07-06 18:20:26] Undefined array key 0 in C:\xampp\Desktop\mdcnpal\htdocs\public_html\controllers\controller_for_doctors.php on line 33
[2026-07-06 18:20:26] Trying to access array offset on value of type null in C:\xampp\Desktop\mdcnpal\htdocs\public_html\controllers\controller_for_doctors.php on line 33
[2026-07-06 18:20:26] str_replace(): Passing null to parameter #3 ($subject) of type array|string is deprecated in C:\xampp\Desktop\mdcnpal\htdocs\public_html\controllers\controller_for_doctors.php on line 33
[2026-07-06 18:20:27] Creation of dynamic property dbclass::$RECORD_SET is deprecated in C:\xampp\Desktop\mdcnpal\htdocs\public_html\core\dbclass.php on line 69
[2026-07-06 18:20:27] Creation of dynamic property dbclass::$app is deprecated in C:\xampp\Desktop\mdcnpal\htdocs\public_html\core\dbclass.php on line 75
[2026-07-06 18:20:27] Creation of dynamic property model::$foreign_tables is deprecated in C:\xampp\Desktop\mdcnpal\htdocs\public_html\core\model.php on line 43
[2026-07-06 18:20:27] Creation of dynamic property app::$inputfilter is deprecated in C:\xampp\Desktop\mdcnpal\htdocs\public_html\core\app.php on line 123
[2026-07-06 18:20:27] Creation of dynamic property app::$userconfig is deprecated in C:\xampp\Desktop\mdcnpal\htdocs\public_html\core\app.php on line 124
[2026-07-06 18:20:27] Creation of dynamic property app::$global_include is deprecated in C:\xampp\Desktop\mdcnpal\htdocs\public_html\core\app.php on line 125
[2026-07-06 18:20:27] Creation of dynamic property app::$set_cache_time is deprecated in C:\xampp\Desktop\mdcnpal\htdocs\public_html\core\app.php on line 153
[2026-07-06 18:20:27] Creation of dynamic property app::$meta is deprecated in C:\xampp\Desktop\mdcnpal\htdocs\public_html\core\app.php on line 434
[2026-07-06 18:20:27] Creation of dynamic property app::$rs_gs_city is deprecated in C:\xampp\Desktop\mdcnpal\htdocs\public_html\core\app.php on line 434
[2026-07-06 18:20:27] Creation of dynamic property app::$rs_footer_popular_item is deprecated in C:\xampp\Desktop\mdcnpal\htdocs\public_html\core\app.php on line 434
[2026-07-06 18:20:27] Creation of dynamic property app::$rs_footer_popular_test is deprecated in C:\xampp\Desktop\mdcnpal\htdocs\public_html\core\app.php on line 434
[2026-07-06 18:20:27] Creation of dynamic property app::$rs_testimonial is deprecated in C:\xampp\Desktop\mdcnpal\htdocs\public_html\core\app.php on line 434
[2026-07-06 18:20:27] Creation of dynamic property app::$admin is deprecated in C:\xampp\Desktop\mdcnpal\htdocs\public_html\core\app.php on line 434
[2026-07-06 18:20:27] Undefined array key 0 in C:\xampp\Desktop\mdcnpal\htdocs\public_html\core\global_include.php on line 514
[2026-07-06 18:20:27] Creation of dynamic property app::$popup is deprecated in C:\xampp\Desktop\mdcnpal\htdocs\public_html\core\app.php on line 434
[2026-07-06 18:20:27] Undefined array key "MDRCCustID" in C:\xampp\Desktop\mdcnpal\htdocs\public_html\core\global_include.php on line 515
[2026-07-06 18:20:27] Undefined array key "MDRCToken" in C:\xampp\Desktop\mdcnpal\htdocs\public_html\core\global_include.php on line 515
[2026-07-06 18:20:27] Creation of dynamic property app::$rscategory is deprecated in C:\xampp\Desktop\mdcnpal\htdocs\public_html\core\app.php on line 434
[2026-07-06 18:20:27] Creation of dynamic property app::$rs_pages is deprecated in C:\xampp\Desktop\mdcnpal\htdocs\public_html\core\app.php on line 434
[2026-07-06 18:20:27] Creation of dynamic property app::$gs is deprecated in C:\xampp\Desktop\mdcnpal\htdocs\public_html\core\app.php on line 434
[2026-07-06 18:20:27] Undefined array key "MDRCCustID" in C:\xampp\Desktop\mdcnpal\htdocs\public_html\core\global_include.php on line 596
[2026-07-06 18:20:27] Undefined array key "MDRCCustID" in C:\xampp\Desktop\mdcnpal\htdocs\public_html\core\global_include.php on line 615
[2026-07-06 18:20:27] Undefined variable $getId in C:\xampp\Desktop\mdcnpal\htdocs\public_html\core\global_include.php on line 684
[2026-07-06 18:20:27] Undefined variable $getName in C:\xampp\Desktop\mdcnpal\htdocs\public_html\core\global_include.php on line 685
[2026-07-06 18:20:27] Undefined array key 0 in C:\xampp\Desktop\mdcnpal\htdocs\public_html\core\global_include.php on line 810
[2026-07-06 18:20:27] Creation of dynamic property app::$rs_offer_msg is deprecated in C:\xampp\Desktop\mdcnpal\htdocs\public_html\core\app.php on line 434
[2026-07-06 18:20:27] Creation of dynamic property app::$rs_for_doctors is deprecated in C:\xampp\Desktop\mdcnpal\htdocs\public_html\core\app.php on line 434
[2026-07-06 18:20:27] Undefined property: app::$rs_cartmini in C:\xampp\Desktop\mdcnpal\htdocs\public_html\includes\header.php on line 131
[2026-07-06 18:20:27] Undefined array key "MDRCCustID" in C:\xampp\Desktop\mdcnpal\htdocs\public_html\includes\header.php on line 134
[2026-07-06 18:20:27] Undefined property: app::$rs_cartmini in C:\xampp\Desktop\mdcnpal\htdocs\public_html\includes\header.php on line 197
[2026-07-06 18:20:27] Undefined array key "MDRCCustID" in C:\xampp\Desktop\mdcnpal\htdocs\public_html\includes\header.php on line 200
[2026-07-06 18:20:27] Undefined property: app::$rs_cartmini in C:\xampp\Desktop\mdcnpal\htdocs\public_html\includes\header.php on line 469
[2026-07-06 18:20:27] Undefined array key "MDRCCustID" in C:\xampp\Desktop\mdcnpal\htdocs\public_html\includes\header.php on line 472
[2026-07-06 18:20:27] Undefined property: app::$rs_cartmini in C:\xampp\Desktop\mdcnpal\htdocs\public_html\includes\header.php on line 525
[2026-07-06 18:20:27] Undefined array key "MDRCCustID" in C:\xampp\Desktop\mdcnpal\htdocs\public_html\includes\header.php on line 528
[2026-07-06 18:20:27] Undefined property: app::$rs_customer in C:\xampp\Desktop\mdcnpal\htdocs\public_html\includes\header.php on line 712
[2026-07-06 18:20:27] Trying to access array offset on value of type null in C:\xampp\Desktop\mdcnpal\htdocs\public_html\includes\header.php on line 712
[2026-07-06 18:20:27] Undefined property: app::$rs_customer in C:\xampp\Desktop\mdcnpal\htdocs\public_html\includes\header.php on line 721
[2026-07-06 18:20:27] Trying to access array offset on value of type null in C:\xampp\Desktop\mdcnpal\htdocs\public_html\includes\header.php on line 721
[2026-07-06 18:20:27] Undefined property: app::$rs_customer in C:\xampp\Desktop\mdcnpal\htdocs\public_html\includes\header.php on line 730
[2026-07-06 18:20:27] Trying to access array offset on value of type null in C:\xampp\Desktop\mdcnpal\htdocs\public_html\includes\header.php on line 730
[2026-07-06 18:20:27] Undefined property: app::$rs_customer in C:\xampp\Desktop\mdcnpal\htdocs\public_html\includes\header.php on line 739
[2026-07-06 18:20:27] Trying to access array offset on value of type null in C:\xampp\Desktop\mdcnpal\htdocs\public_html\includes\header.php on line 739
[2026-07-06 18:20:27] Undefined property: app::$rs_customer in C:\xampp\Desktop\mdcnpal\htdocs\public_html\includes\footer.php on line 357
[2026-07-06 18:20:27] Trying to access array offset on value of type null in C:\xampp\Desktop\mdcnpal\htdocs\public_html\includes\footer.php on line 357
[2026-07-06 18:20:27] Undefined property: app::$rs_customer in C:\xampp\Desktop\mdcnpal\htdocs\public_html\includes\footer.php on line 366
[2026-07-06 18:20:27] Trying to access array offset on value of type null in C:\xampp\Desktop\mdcnpal\htdocs\public_html\includes\footer.php on line 366
[2026-07-06 18:20:27] Undefined property: app::$rs_customer in C:\xampp\Desktop\mdcnpal\htdocs\public_html\includes\footer.php on line 372
[2026-07-06 18:20:27] Trying to access array offset on value of type null in C:\xampp\Desktop\mdcnpal\htdocs\public_html\includes\footer.php on line 372
[2026-07-06 18:20:27] Undefined property: app::$rs_customer in C:\xampp\Desktop\mdcnpal\htdocs\public_html\includes\general_data.php on line 88
[2026-07-06 18:20:27] Trying to access array offset on value of type null in C:\xampp\Desktop\mdcnpal\htdocs\public_html\includes\general_data.php on line 88
[2026-07-06 18:20:27] Undefined array key "MDRCCustID" in C:\xampp\Desktop\mdcnpal\htdocs\public_html\includes\general_data.php on line 88
[2026-07-06 18:20:27] Undefined variable $tmpStr in C:\xampp\Desktop\mdcnpal\htdocs\public_html\core\app.php on line 971
[2026-07-06 18:20:27] Creation of dynamic property dbclass::$RECORD_SET is deprecated in C:\xampp\Desktop\mdcnpal\htdocs\public_html\core\dbclass.php on line 69
[2026-07-06 18:20:27] Creation of dynamic property dbclass::$app is deprecated in C:\xampp\Desktop\mdcnpal\htdocs\public_html\core\dbclass.php on line 75
[2026-07-06 18:20:27] Creation of dynamic property model::$foreign_tables is deprecated in C:\xampp\Desktop\mdcnpal\htdocs\public_html\core\model.php on line 43
[2026-07-06 18:20:27] Creation of dynamic property app::$inputfilter is deprecated in C:\xampp\Desktop\mdcnpal\htdocs\public_html\core\app.php on line 123
[2026-07-06 18:20:27] Creation of dynamic property app::$userconfig is deprecated in C:\xampp\Desktop\mdcnpal\htdocs\public_html\core\app.php on line 124
[2026-07-06 18:20:27] Creation of dynamic property app::$global_include is deprecated in C:\xampp\Desktop\mdcnpal\htdocs\public_html\core\app.php on line 125
[2026-07-06 18:20:27] Creation of dynamic property app::$set_cache_time is deprecated in C:\xampp\Desktop\mdcnpal\htdocs\public_html\core\app.php on line 153
[2026-07-06 18:20:27] Undefined array key "cityID" in C:\xampp\Desktop\mdcnpal\htdocs\public_html\core\global_include.php on line 381
[2026-07-06 18:20:27] Undefined array key "cityID" in C:\xampp\Desktop\mdcnpal\htdocs\public_html\core\global_include.php on line 416
[2026-07-06 18:20:27] Creation of dynamic property app::$meta is deprecated in C:\xampp\Desktop\mdcnpal\htdocs\public_html\core\app.php on line 434
[2026-07-06 18:20:27] Creation of dynamic property app::$rs_gs_city is deprecated in C:\xampp\Desktop\mdcnpal\htdocs\public_html\core\app.php on line 434
[2026-07-06 18:20:27] Undefined array key "cityID" in C:\xampp\Desktop\mdcnpal\htdocs\public_html\core\global_include.php on line 468
[2026-07-06 18:20:27] Creation of dynamic property app::$rs_footer_popular_item is deprecated in C:\xampp\Desktop\mdcnpal\htdocs\public_html\core\app.php on line 434
[2026-07-06 18:20:27] Creation of dynamic property app::$rs_footer_popular_test is deprecated in C:\xampp\Desktop\mdcnpal\htdocs\public_html\core\app.php on line 434
[2026-07-06 18:20:27] Creation of dynamic property app::$rs_testimonial is deprecated in C:\xampp\Desktop\mdcnpal\htdocs\public_html\core\app.php on line 434
[2026-07-06 18:20:27] Creation of dynamic property app::$admin is deprecated in C:\xampp\Desktop\mdcnpal\htdocs\public_html\core\app.php on line 434
[2026-07-06 18:20:27] Undefined array key 0 in C:\xampp\Desktop\mdcnpal\htdocs\public_html\core\global_include.php on line 514
[2026-07-06 18:20:27] Creation of dynamic property app::$popup is deprecated in C:\xampp\Desktop\mdcnpal\htdocs\public_html\core\app.php on line 434
[2026-07-06 18:20:27] Undefined array key "MDRCCustID" in C:\xampp\Desktop\mdcnpal\htdocs\public_html\core\global_include.php on line 515
[2026-07-06 18:20:27] Undefined array key "MDRCToken" in C:\xampp\Desktop\mdcnpal\htdocs\public_html\core\global_include.php on line 515
[2026-07-06 18:20:27] Creation of dynamic property app::$rscategory is deprecated in C:\xampp\Desktop\mdcnpal\htdocs\public_html\core\app.php on line 434
[2026-07-06 18:20:27] Creation of dynamic property app::$rs_pages is deprecated in C:\xampp\Desktop\mdcnpal\htdocs\public_html\core\app.php on line 434
[2026-07-06 18:20:27] Creation of dynamic property app::$gs is deprecated in C:\xampp\Desktop\mdcnpal\htdocs\public_html\core\app.php on line 434
[2026-07-06 18:20:27] Undefined array key "MDRCCustID" in C:\xampp\Desktop\mdcnpal\htdocs\public_html\core\global_include.php on line 596
[2026-07-06 18:20:27] Undefined array key "MDRCCustID" in C:\xampp\Desktop\mdcnpal\htdocs\public_html\core\global_include.php on line 615
[2026-07-06 18:20:27] Undefined variable $getId in C:\xampp\Desktop\mdcnpal\htdocs\public_html\core\global_include.php on line 684
[2026-07-06 18:20:27] Undefined variable $getName in C:\xampp\Desktop\mdcnpal\htdocs\public_html\core\global_include.php on line 685
[2026-07-06 18:20:27] Undefined array key 0 in C:\xampp\Desktop\mdcnpal\htdocs\public_html\core\global_include.php on line 810
[2026-07-06 18:20:27] Creation of dynamic property app::$rs_offer_msg is deprecated in C:\xampp\Desktop\mdcnpal\htdocs\public_html\core\app.php on line 434
[2026-07-06 18:20:27] Creation of dynamic property dbclass::$RECORD_SET is deprecated in C:\xampp\Desktop\mdcnpal\htdocs\public_html\core\dbclass.php on line 69
[2026-07-06 18:20:27] Creation of dynamic property dbclass::$app is deprecated in C:\xampp\Desktop\mdcnpal\htdocs\public_html\core\dbclass.php on line 75
[2026-07-06 18:20:27] Creation of dynamic property model::$foreign_tables is deprecated in C:\xampp\Desktop\mdcnpal\htdocs\public_html\core\model.php on line 43
[2026-07-06 18:20:27] Creation of dynamic property app::$inputfilter is deprecated in C:\xampp\Desktop\mdcnpal\htdocs\public_html\core\app.php on line 123
[2026-07-06 18:20:27] Creation of dynamic property app::$userconfig is deprecated in C:\xampp\Desktop\mdcnpal\htdocs\public_html\core\app.php on line 124
[2026-07-06 18:20:27] Creation of dynamic property app::$global_include is deprecated in C:\xampp\Desktop\mdcnpal\htdocs\public_html\core\app.php on line 125
[2026-07-06 18:20:27] Creation of dynamic property app::$set_cache_time is deprecated in C:\xampp\Desktop\mdcnpal\htdocs\public_html\core\app.php on line 153
[2026-07-06 18:20:27] Creation of dynamic property app::$rs_for_doctors is deprecated in C:\xampp\Desktop\mdcnpal\htdocs\public_html\core\app.php on line 434
[2026-07-06 18:20:27] Creation of dynamic property app::$meta is deprecated in C:\xampp\Desktop\mdcnpal\htdocs\public_html\core\app.php on line 434
[2026-07-06 18:20:27] Creation of dynamic property app::$rs_gs_city is deprecated in C:\xampp\Desktop\mdcnpal\htdocs\public_html\core\app.php on line 434
[2026-07-06 18:20:27] Creation of dynamic property app::$rs_footer_popular_item is deprecated in C:\xampp\Desktop\mdcnpal\htdocs\public_html\core\app.php on line 434
[2026-07-06 18:20:27] Creation of dynamic property dbclass::$RECORD_SET is deprecated in C:\xampp\Desktop\mdcnpal\htdocs\public_html\core\dbclass.php on line 69
[2026-07-06 18:20:27] Creation of dynamic property dbclass::$app is deprecated in C:\xampp\Desktop\mdcnpal\htdocs\public_html\core\dbclass.php on line 75
[2026-07-06 18:20:27] Creation of dynamic property model::$foreign_tables is deprecated in C:\xampp\Desktop\mdcnpal\htdocs\public_html\core\model.php on line 43
[2026-07-06 18:20:27] Creation of dynamic property app::$inputfilter is deprecated in C:\xampp\Desktop\mdcnpal\htdocs\public_html\core\app.php on line 123
[2026-07-06 18:20:27] Creation of dynamic property app::$userconfig is deprecated in C:\xampp\Desktop\mdcnpal\htdocs\public_html\core\app.php on line 124
[2026-07-06 18:20:27] Creation of dynamic property app::$global_include is deprecated in C:\xampp\Desktop\mdcnpal\htdocs\public_html\core\app.php on line 125
[2026-07-06 18:20:27] Creation of dynamic property app::$set_cache_time is deprecated in C:\xampp\Desktop\mdcnpal\htdocs\public_html\core\app.php on line 153
[2026-07-06 18:20:27] Creation of dynamic property app::$meta is deprecated in C:\xampp\Desktop\mdcnpal\htdocs\public_html\core\app.php on line 434
[2026-07-06 18:20:27] Creation of dynamic property app::$rs_gs_city is deprecated in C:\xampp\Desktop\mdcnpal\htdocs\public_html\core\app.php on line 434
[2026-07-06 18:20:27] Creation of dynamic property app::$rs_footer_popular_item is deprecated in C:\xampp\Desktop\mdcnpal\htdocs\public_html\core\app.php on line 434
[2026-07-06 18:20:27] Creation of dynamic property app::$rs_footer_popular_test is deprecated in C:\xampp\Desktop\mdcnpal\htdocs\public_html\core\app.php on line 434
[2026-07-06 18:20:27] Creation of dynamic property app::$rs_testimonial is deprecated in C:\xampp\Desktop\mdcnpal\htdocs\public_html\core\app.php on line 434
[2026-07-06 18:20:27] Creation of dynamic property app::$admin is deprecated in C:\xampp\Desktop\mdcnpal\htdocs\public_html\core\app.php on line 434
[2026-07-06 18:20:27] Undefined array key 0 in C:\xampp\Desktop\mdcnpal\htdocs\public_html\core\global_include.php on line 514
[2026-07-06 18:20:27] Creation of dynamic property app::$popup is deprecated in C:\xampp\Desktop\mdcnpal\htdocs\public_html\core\app.php on line 434
[2026-07-06 18:20:27] Undefined array key "MDRCCustID" in C:\xampp\Desktop\mdcnpal\htdocs\public_html\core\global_include.php on line 515
[2026-07-06 18:20:27] Undefined array key "MDRCToken" in C:\xampp\Desktop\mdcnpal\htdocs\public_html\core\global_include.php on line 515
[2026-07-06 18:20:27] Creation of dynamic property app::$rscategory is deprecated in C:\xampp\Desktop\mdcnpal\htdocs\public_html\core\app.php on line 434
[2026-07-06 18:20:27] Creation of dynamic property app::$rs_pages is deprecated in C:\xampp\Desktop\mdcnpal\htdocs\public_html\core\app.php on line 434
[2026-07-06 18:20:27] Creation of dynamic property app::$gs is deprecated in C:\xampp\Desktop\mdcnpal\htdocs\public_html\core\app.php on line 434
[2026-07-06 18:20:27] Undefined array key "MDRCCustID" in C:\xampp\Desktop\mdcnpal\htdocs\public_html\core\global_include.php on line 596
[2026-07-06 18:20:27] Undefined array key "MDRCCustID" in C:\xampp\Desktop\mdcnpal\htdocs\public_html\core\global_include.php on line 615
[2026-07-06 18:20:27] Undefined variable $getId in C:\xampp\Desktop\mdcnpal\htdocs\public_html\core\global_include.php on line 684
[2026-07-06 18:20:27] Undefined variable $getName in C:\xampp\Desktop\mdcnpal\htdocs\public_html\core\global_include.php on line 685
[2026-07-06 18:20:27] Undefined array key 0 in C:\xampp\Desktop\mdcnpal\htdocs\public_html\core\global_include.php on line 810
[2026-07-06 18:20:27] Creation of dynamic property app::$rs_offer_msg is deprecated in C:\xampp\Desktop\mdcnpal\htdocs\public_html\core\app.php on line 434
[2026-07-06 18:20:27] Creation of dynamic property app::$rs_footer_popular_test is deprecated in C:\xampp\Desktop\mdcnpal\htdocs\public_html\core\app.php on line 434
[2026-07-06 18:20:27] Creation of dynamic property app::$rs_for_doctors is deprecated in C:\xampp\Desktop\mdcnpal\htdocs\public_html\core\app.php on line 434
[2026-07-06 18:20:27] Creation of dynamic property app::$description is deprecated in C:\xampp\Desktop\mdcnpal\htdocs\public_html\core\app.php on line 434
[2026-07-06 18:20:27] Creation of dynamic property app::$rs_banner is deprecated in C:\xampp\Desktop\mdcnpal\htdocs\public_html\core\app.php on line 434
[2026-07-06 18:20:27] Creation of dynamic property app::$rs_item_diseases is deprecated in C:\xampp\Desktop\mdcnpal\htdocs\public_html\core\app.php on line 434
[2026-07-06 18:20:27] Creation of dynamic property app::$rs_testimonial is deprecated in C:\xampp\Desktop\mdcnpal\htdocs\public_html\core\app.php on line 434
[2026-07-06 18:20:27] Creation of dynamic property app::$rs_item_home_category is deprecated in C:\xampp\Desktop\mdcnpal\htdocs\public_html\core\app.php on line 434
[2026-07-06 18:20:27] Creation of dynamic property app::$admin is deprecated in C:\xampp\Desktop\mdcnpal\htdocs\public_html\core\app.php on line 434
[2026-07-06 18:20:27] Creation of dynamic property app::$rs_item_banner_category is deprecated in C:\xampp\Desktop\mdcnpal\htdocs\public_html\core\app.php on line 434
[2026-07-06 18:20:27] Undefined array key 0 in C:\xampp\Desktop\mdcnpal\htdocs\public_html\core\global_include.php on line 514
[2026-07-06 18:20:27] Creation of dynamic property app::$popup is deprecated in C:\xampp\Desktop\mdcnpal\htdocs\public_html\core\app.php on line 434
[2026-07-06 18:20:27] Undefined array key "MDRCCustID" in C:\xampp\Desktop\mdcnpal\htdocs\public_html\core\global_include.php on line 515
[2026-07-06 18:20:27] Undefined array key "MDRCToken" in C:\xampp\Desktop\mdcnpal\htdocs\public_html\core\global_include.php on line 515
[2026-07-06 18:20:27] Creation of dynamic property app::$rscategory is deprecated in C:\xampp\Desktop\mdcnpal\htdocs\public_html\core\app.php on line 434
[2026-07-06 18:20:27] Creation of dynamic property app::$rs_pages is deprecated in C:\xampp\Desktop\mdcnpal\htdocs\public_html\core\app.php on line 434
[2026-07-06 18:20:27] Creation of dynamic property app::$rs_services is deprecated in C:\xampp\Desktop\mdcnpal\htdocs\public_html\core\app.php on line 434
[2026-07-06 18:20:27] Creation of dynamic property app::$gs is deprecated in C:\xampp\Desktop\mdcnpal\htdocs\public_html\core\app.php on line 434
[2026-07-06 18:20:27] Undefined array key "MDRCCustID" in C:\xampp\Desktop\mdcnpal\htdocs\public_html\core\global_include.php on line 596
[2026-07-06 18:20:27] Undefined array key "MDRCCustID" in C:\xampp\Desktop\mdcnpal\htdocs\public_html\core\global_include.php on line 615
[2026-07-06 18:20:27] Undefined variable $getId in C:\xampp\Desktop\mdcnpal\htdocs\public_html\core\global_include.php on line 684
[2026-07-06 18:20:27] Creation of dynamic property app::$rs_blog is deprecated in C:\xampp\Desktop\mdcnpal\htdocs\public_html\core\app.php on line 434
[2026-07-06 18:20:27] Undefined variable $getName in C:\xampp\Desktop\mdcnpal\htdocs\public_html\core\global_include.php on line 685
[2026-07-06 18:20:27] Creation of dynamic property app::$rs_category is deprecated in C:\xampp\Desktop\mdcnpal\htdocs\public_html\core\app.php on line 434
[2026-07-06 18:20:27] Creation of dynamic property app::$rs_faq_data is deprecated in C:\xampp\Desktop\mdcnpal\htdocs\public_html\core\app.php on line 434
[2026-07-06 18:20:27] Creation of dynamic property app::$rs_gallery_data is deprecated in C:\xampp\Desktop\mdcnpal\htdocs\public_html\core\app.php on line 434
[2026-07-06 18:20:27] Undefined property: app::$rs_cartmini in C:\xampp\Desktop\mdcnpal\htdocs\public_html\includes\header.php on line 131
[2026-07-06 18:20:27] Undefined array key "MDRCCustID" in C:\xampp\Desktop\mdcnpal\htdocs\public_html\includes\header.php on line 134
[2026-07-06 18:20:27] Undefined property: app::$rs_cartmini in C:\xampp\Desktop\mdcnpal\htdocs\public_html\includes\header.php on line 197
[2026-07-06 18:20:27] Undefined array key "MDRCCustID" in C:\xampp\Desktop\mdcnpal\htdocs\public_html\includes\header.php on line 200
[2026-07-06 18:20:27] Undefined array key 0 in C:\xampp\Desktop\mdcnpal\htdocs\public_html\core\global_include.php on line 810
[2026-07-06 18:20:27] Creation of dynamic property app::$rs_offer_msg is deprecated in C:\xampp\Desktop\mdcnpal\htdocs\public_html\core\app.php on line 434
[2026-07-06 18:20:27] Creation of dynamic property app::$rs_for_doctors is deprecated in C:\xampp\Desktop\mdcnpal\htdocs\public_html\core\app.php on line 434
[2026-07-06 18:20:27] Undefined property: app::$rs_cartmini in C:\xampp\Desktop\mdcnpal\htdocs\public_html\includes\header.php on line 469
[2026-07-06 18:20:27] Undefined array key "MDRCCustID" in C:\xampp\Desktop\mdcnpal\htdocs\public_html\includes\header.php on line 472
[2026-07-06 18:20:27] Undefined property: app::$rs_cartmini in C:\xampp\Desktop\mdcnpal\htdocs\public_html\includes\header.php on line 525
[2026-07-06 18:20:27] Undefined array key "MDRCCustID" in C:\xampp\Desktop\mdcnpal\htdocs\public_html\includes\header.php on line 528
[2026-07-06 18:20:27] Undefined property: app::$rs_customer in C:\xampp\Desktop\mdcnpal\htdocs\public_html\includes\header.php on line 712
[2026-07-06 18:20:27] Trying to access array offset on value of type null in C:\xampp\Desktop\mdcnpal\htdocs\public_html\includes\header.php on line 712
[2026-07-06 18:20:27] Undefined property: app::$rs_customer in C:\xampp\Desktop\mdcnpal\htdocs\public_html\includes\header.php on line 721
[2026-07-06 18:20:27] Trying to access array offset on value of type null in C:\xampp\Desktop\mdcnpal\htdocs\public_html\includes\header.php on line 721
[2026-07-06 18:20:27] Undefined property: app::$rs_customer in C:\xampp\Desktop\mdcnpal\htdocs\public_html\includes\header.php on line 730
[2026-07-06 18:20:27] Trying to access array offset on value of type null in C:\xampp\Desktop\mdcnpal\htdocs\public_html\includes\header.php on line 730
[2026-07-06 18:20:27] Undefined property: app::$rs_customer in C:\xampp\Desktop\mdcnpal\htdocs\public_html\includes\header.php on line 739
[2026-07-06 18:20:27] Trying to access array offset on value of type null in C:\xampp\Desktop\mdcnpal\htdocs\public_html\includes\header.php on line 739
[2026-07-06 18:20:27] Undefined array key "tempCityID" in C:\xampp\Desktop\mdcnpal\htdocs\public_html\includes\header.php on line 5
[2026-07-06 18:20:27] Undefined array key "items" in C:\xampp\Desktop\mdcnpal\htdocs\public_html\includes\header.php on line 16
[2026-07-06 18:20:27] Undefined variable $g_search_query in C:\xampp\Desktop\mdcnpal\htdocs\public_html\core\app.php(565) : eval()'d code on line 219
[2026-07-06 18:20:27] Undefined variable $department_cond in C:\xampp\Desktop\mdcnpal\htdocs\public_html\core\app.php(565) : eval()'d code on line 219
[2026-07-06 18:20:27] Undefined variable $type_cond in C:\xampp\Desktop\mdcnpal\htdocs\public_html\core\app.php(565) : eval()'d code on line 219
[2026-07-06 18:20:27] Undefined variable $dieses_cond in C:\xampp\Desktop\mdcnpal\htdocs\public_html\core\app.php(565) : eval()'d code on line 219
[2026-07-06 18:20:27] Undefined variable $popular_pack_cond in C:\xampp\Desktop\mdcnpal\htdocs\public_html\core\app.php(565) : eval()'d code on line 219
[2026-07-06 18:20:28] Undefined array key "item_category" in C:\xampp\Desktop\mdcnpal\htdocs\public_html\includes\header.php on line 26
e on line 219
[2026-07-06 18:20:28] Undefined variable $department_cond in C:\xampp\Desktop\mdcnpal\htdocs\public_html\core\app.php(565) : eval()'d code on line 219
[2026-07-06 18:20:28] Undefined variable $type_cond in C:\xampp\Desktop\mdcnpal\htdocs\public_html\core\app.php(565) : eval()'d code on line 219
[2026-07-06 18:20:28] Undefined variable $dieses_cond in C:\xampp\Desktop\mdcnpal\htdocs\public_html\core\app.php(565) : eval()'d code on line 219
[2026-07-06 18:20:28] Undefined variable $popular_pack_cond in C:\xampp\Desktop\mdcnpal\htdocs\public_html\core\app.php(565) : eval()'d code on line 219
[2026-07-06 18:20:28] Undefined array key "item_diseases" in C:\xampp\Desktop\mdcnpal\htdocs\public_html\includes\header.php on line 33
[2026-07-06 18:20:28] Undefined property: app::$rs_cartmini in C:\xampp\Desktop\mdcnpal\htdocs\public_html\includes\header.php on line 131
[2026-07-06 18:20:28] Undefined array key "MDRCCustID" in C:\xampp\Desktop\mdcnpal\htdocs\public_html\includes\header.php on line 134
[2026-07-06 18:20:28] Undefined property: app::$rs_cartmini in C:\xampp\Desktop\mdcnpal\htdocs\public_html\includes\header.php on line 197
[2026-07-06 18:20:28] Undefined array key "MDRCCustID" in C:\xampp\Desktop\mdcnpal\htdocs\public_html\includes\header.php on line 200
[2026-07-06 18:20:28] Undefined property: app::$rs_cartmini in C:\xampp\Desktop\mdcnpal\htdocs\public_html\includes\header.php on line 469
[2026-07-06 18:20:28] Undefined array key "MDRCCustID" in C:\xampp\Desktop\mdcnpal\htdocs\public_html\includes\header.php on line 472
[2026-07-06 18:20:28] Undefined property: app::$rs_cartmini in C:\xampp\Desktop\mdcnpal\htdocs\public_html\includes\header.php on line 525
[2026-07-06 18:20:28] Undefined array key "MDRCCustID" in C:\xampp\Desktop\mdcnpal\htdocs\public_html\includes\header.php on line 528
[2026-07-06 18:20:28] Undefined property: app::$rs_customer in C:\xampp\Desktop\mdcnpal\htdocs\public_html\includes\header.php on line 712
[2026-07-06 18:20:28] Trying to access array offset on value of type null in C:\xampp\Desktop\mdcnpal\htdocs\public_html\includes\header.php on line 712
[2026-07-06 18:20:28] Undefined property: app::$rs_customer in C:\xampp\Desktop\mdcnpal\htdocs\public_html\includes\header.php on line 721
[2026-07-06 18:20:28] Trying to access array offset on value of type null in C:\xampp\Desktop\mdcnpal\htdocs\public_html\includes\header.php on line 721
[2026-07-06 18:20:28] Undefined property: app::$rs_customer in C:\xampp\Desktop\mdcnpal\htdocs\public_html\includes\header.php on line 730
[2026-07-06 18:20:28] Trying to access array offset on value of type null in C:\xampp\Desktop\mdcnpal\htdocs\public_html\includes\header.php on line 730
[2026-07-06 18:20:28] Undefined property: app::$rs_customer in C:\xampp\Desktop\mdcnpal\htdocs\public_html\includes\header.php on line 739
[2026-07-06 18:20:28] Trying to access array offset on value of type null in C:\xampp\Desktop\mdcnpal\htdocs\public_html\includes\header.php on line 739
[2026-07-06 18:20:28] Undefined property: app::$rs_customer in C:\xampp\Desktop\mdcnpal\htdocs\public_html\includes\footer.php on line 357
[2026-07-06 18:20:28] Trying to access array offset on value of type null in C:\xampp\Desktop\mdcnpal\htdocs\public_html\includes\footer.php on line 357
[2026-07-06 18:20:28] Undefined property: app::$rs_customer in C:\xampp\Desktop\mdcnpal\htdocs\public_html\includes\footer.php on line 366
[2026-07-06 18:20:28] Trying to access array offset on value of type null in C:\xampp\Desktop\mdcnpal\htdocs\public_html\includes\footer.php on line 366
[2026-07-06 18:20:28] Undefined property: app::$rs_customer in C:\xampp\Desktop\mdcnpal\htdocs\public_html\includes\footer.php on line 372
[2026-07-06 18:20:28] Trying to access array offset on value of type null in C:\xampp\Desktop\mdcnpal\htdocs\public_html\includes\footer.php on line 372
[2026-07-06 18:20:28] Undefined property: app::$rs_customer in C:\xampp\Desktop\mdcnpal\htdocs\public_html\includes\general_data.php on line 88
[2026-07-06 18:20:28] Trying to access array offset on value of type null in C:\xampp\Desktop\mdcnpal\htdocs\public_html\includes\general_data.php on line 88
[2026-07-06 18:20:28] Undefined array key "MDRCCustID" in C:\xampp\Desktop\mdcnpal\htdocs\public_html\includes\general_data.php on line 88
[2026-07-06 18:20:28] Undefined variable $tmpStr in C:\xampp\Desktop\mdcnpal\htdocs\public_html\core\app.php on line 971
[2026-07-06 18:20:28] Undefined variable $g_search_query in C:\xampp\Desktop\mdcnpal\htdocs\public_html\core\app.php(565) : eval()'d code on line 219
[2026-07-06 18:20:28] Undefined variable $department_cond in C:\xampp\Desktop\mdcnpal\htdocs\public_html\core\app.php(565) : eval()'d code on line 219
[2026-07-06 18:20:28] Undefined variable $type_cond in C:\xampp\Desktop\mdcnpal\htdocs\public_html\core\app.php(565) : eval()'d code on line 219
[2026-07-06 18:20:28] Undefined variable $dieses_cond in C:\xampp\Desktop\mdcnpal\htdocs\public_html\core\app.php(565) : eval()'d code on line 219
[2026-07-06 18:20:28] Undefined variable $popular_pack_cond in C:\xampp\Desktop\mdcnpal\htdocs\public_html\core\app.php(565) : eval()'d code on line 219
[2026-07-06 18:20:28] Undefined variable $g_search_query in C:\xampp\Desktop\mdcnpal\htdocs\public_html\core\app.php(565) : eval()'d code on line 219
[2026-07-06 18:20:28] Undefined variable $department_cond in C:\xampp\Desktop\mdcnpal\htdocs\public_html\core\app.php(565) : eval()'d code on line 219
[2026-07-06 18:20:28] Undefined variable $type_cond in C:\xampp\Desktop\mdcnpal\htdocs\public_html\core\app.php(565) : eval()'d code on line 219
[2026-07-06 18:20:28] Undefined variable $dieses_cond in C:\xampp\Desktop\mdcnpal\htdocs\public_html\core\app.php(565) : eval()'d code on line 219
[2026-07-06 18:20:28] Undefined variable $popular_pack_cond in C:\xampp\Desktop\mdcnpal\htdocs\public_html\core\app.php(565) : eval()'d code on line 219
[2026-07-06 18:20:28] Undefined variable $g_search_query in C:\xampp\Desktop\mdcnpal\htdocs\public_html\core\app.php(565) : eval()'d code on line 219
[2026-07-06 18:20:28] Undefined variable $department_cond in C:\xampp\Desktop\mdcnpal\htdocs\public_html\core\app.php(565) : eval()'d code on line 219
[2026-07-06 18:20:28] Undefined variable $type_cond in C:\xampp\Desktop\mdcnpal\htdocs\public_html\core\app.php(565) : eval()'d code on line 219
[2026-07-06 18:20:28] Undefined variable $dieses_cond in C:\xampp\Desktop\mdcnpal\htdocs\public_html\core\app.php(565) : eval()'d code on line 219
[2026-07-06 18:20:28] Undefined variable $popular_pack_cond in C:\xampp\Desktop\mdcnpal\htdocs\public_html\core\app.php(565) : eval()'d code on line 219
[2026-07-06 18:20:28] Undefined property: app::$rs_customer in C:\xampp\Desktop\mdcnpal\htdocs\public_html\includes\footer.php on line 357
[2026-07-06 18:20:28] Trying to access array offset on value of type null in C:\xampp\Desktop\mdcnpal\htdocs\public_html\includes\footer.php on line 357
[2026-07-06 18:20:28] Undefined property: app::$rs_customer in C:\xampp\Desktop\mdcnpal\htdocs\public_html\includes\footer.php on line 366
[2026-07-06 18:20:28] Trying to access array offset on value of type null in C:\xampp\Desktop\mdcnpal\htdocs\public_html\includes\footer.php on line 366
[2026-07-06 18:20:28] Undefined property: app::$rs_customer in C:\xampp\Desktop\mdcnpal\htdocs\public_html\includes\footer.php on line 372
[2026-07-06 18:20:28] Trying to access array offset on value of type null in C:\xampp\Desktop\mdcnpal\htdocs\public_html\includes\footer.php on line 372
[2026-07-06 18:20:28] Undefined property: app::$rs_customer in C:\xampp\Desktop\mdcnpal\htdocs\public_html\includes\general_data.php on line 88
[2026-07-06 18:20:28] Trying to access array offset on value of type null in C:\xampp\Desktop\mdcnpal\htdocs\public_html\includes\general_data.php on line 88
[2026-07-06 18:20:28] Undefined array key "MDRCCustID" in C:\xampp\Desktop\mdcnpal\htdocs\public_html\includes\general_data.php on line 88
[2026-07-06 18:20:28] Undefined variable $tmpStr in C:\xampp\Desktop\mdcnpal\htdocs\public_html\core\app.php on line 971
[2026-07-06 18:20:29] Creation of dynamic property dbclass::$RECORD_SET is deprecated in C:\xampp\Desktop\mdcnpal\htdocs\public_html\core\dbclass.php on line 69
[2026-07-06 18:20:29] Creation of dynamic property dbclass::$app is deprecated in C:\xampp\Desktop\mdcnpal\htdocs\public_html\core\dbclass.php on line 75
[2026-07-06 18:20:29] Creation of dynamic property model::$foreign_tables is deprecated in C:\xampp\Desktop\mdcnpal\htdocs\public_html\core\model.php on line 43
[2026-07-06 18:20:29] Creation of dynamic property app::$inputfilter is deprecated in C:\xampp\Desktop\mdcnpal\htdocs\public_html\core\app.php on line 123
[2026-07-06 18:20:29] Creation of dynamic property app::$userconfig is deprecated in C:\xampp\Desktop\mdcnpal\htdocs\public_html\core\app.php on line 124
[2026-07-06 18:20:29] Creation of dynamic property app::$global_include is deprecated in C:\xampp\Desktop\mdcnpal\htdocs\public_html\core\app.php on line 125
[2026-07-06 18:20:29] Creation of dynamic property app::$set_cache_time is deprecated in C:\xampp\Desktop\mdcnpal\htdocs\public_html\core\app.php on line 153
[2026-07-06 18:20:29] Creation of dynamic property app::$meta is deprecated in C:\xampp\Desktop\mdcnpal\htdocs\public_html\core\app.php on line 434
[2026-07-06 18:20:29] Creation of dynamic property app::$rs_gs_city is deprecated in C:\xampp\Desktop\mdcnpal\htdocs\public_html\core\app.php on line 434
[2026-07-06 18:20:29] Creation of dynamic property app::$rs_footer_popular_item is deprecated in C:\xampp\Desktop\mdcnpal\htdocs\public_html\core\app.php on line 434
[2026-07-06 18:20:29] Creation of dynamic property app::$rs_footer_popular_test is deprecated in C:\xampp\Desktop\mdcnpal\htdocs\public_html\core\app.php on line 434
[2026-07-06 18:20:29] Creation of dynamic property app::$rs_testimonial is deprecated in C:\xampp\Desktop\mdcnpal\htdocs\public_html\core\app.php on line 434
[2026-07-06 18:20:29] Creation of dynamic property app::$admin is deprecated in C:\xampp\Desktop\mdcnpal\htdocs\public_html\core\app.php on line 434
[2026-07-06 18:20:29] Undefined array key 0 in C:\xampp\Desktop\mdcnpal\htdocs\public_html\core\global_include.php on line 514
[2026-07-06 18:20:29] Creation of dynamic property app::$popup is deprecated in C:\xampp\Desktop\mdcnpal\htdocs\public_html\core\app.php on line 434
[2026-07-06 18:20:29] Undefined array key "MDRCCustID" in C:\xampp\Desktop\mdcnpal\htdocs\public_html\core\global_include.php on line 515
[2026-07-06 18:20:29] Undefined array key "MDRCToken" in C:\xampp\Desktop\mdcnpal\htdocs\public_html\core\global_include.php on line 515
[2026-07-06 18:20:29] Creation of dynamic property app::$rscategory is deprecated in C:\xampp\Desktop\mdcnpal\htdocs\public_html\core\app.php on line 434
[2026-07-06 18:20:29] Creation of dynamic property app::$rs_pages is deprecated in C:\xampp\Desktop\mdcnpal\htdocs\public_html\core\app.php on line 434
[2026-07-06 18:20:29] Creation of dynamic property app::$gs is deprecated in C:\xampp\Desktop\mdcnpal\htdocs\public_html\core\app.php on line 434
[2026-07-06 18:20:29] Undefined array key "MDRCCustID" in C:\xampp\Desktop\mdcnpal\htdocs\public_html\core\global_include.php on line 596
[2026-07-06 18:20:29] Undefined array key "MDRCCustID" in C:\xampp\Desktop\mdcnpal\htdocs\public_html\core\global_include.php on line 615
[2026-07-06 18:20:29] Undefined variable $getId in C:\xampp\Desktop\mdcnpal\htdocs\public_html\core\global_include.php on line 684
[2026-07-06 18:20:29] Undefined variable $getName in C:\xampp\Desktop\mdcnpal\htdocs\public_html\core\global_include.php on line 685
[2026-07-06 18:20:29] Undefined array key 0 in C:\xampp\Desktop\mdcnpal\htdocs\public_html\core\global_include.php on line 810
[2026-07-06 18:20:29] Creation of dynamic property app::$rs_offer_msg is deprecated in C:\xampp\Desktop\mdcnpal\htdocs\public_html\core\app.php on line 434
[2026-07-06 18:20:29] Creation of dynamic property app::$rs_for_doctors is deprecated in C:\xampp\Desktop\mdcnpal\htdocs\public_html\core\app.php on line 434
[2026-07-06 18:20:29] Undefined property: app::$rs_cartmini in C:\xampp\Desktop\mdcnpal\htdocs\public_html\includes\header.php on line 131
[2026-07-06 18:20:29] Undefined array key "MDRCCustID" in C:\xampp\Desktop\mdcnpal\htdocs\public_html\includes\header.php on line 134
[2026-07-06 18:20:29] Undefined property: app::$rs_cartmini in C:\xampp\Desktop\mdcnpal\htdocs\public_html\includes\header.php on line 197
[2026-07-06 18:20:29] Undefined array key "MDRCCustID" in C:\xampp\Desktop\mdcnpal\htdocs\public_html\includes\header.php on line 200
[2026-07-06 18:20:29] Undefined property: app::$rs_cartmini in C:\xampp\Desktop\mdcnpal\htdocs\public_html\includes\header.php on line 469
[2026-07-06 18:20:29] Undefined array key "MDRCCustID" in C:\xampp\Desktop\mdcnpal\htdocs\public_html\includes\header.php on line 472
[2026-07-06 18:20:29] Undefined property: app::$rs_cartmini in C:\xampp\Desktop\mdcnpal\htdocs\public_html\includes\header.php on line 525
[2026-07-06 18:20:29] Undefined array key "MDRCCustID" in C:\xampp\Desktop\mdcnpal\htdocs\public_html\includes\header.php on line 528
[2026-07-06 18:20:29] Undefined property: app::$rs_customer in C:\xampp\Desktop\mdcnpal\htdocs\public_html\includes\header.php on line 712
[2026-07-06 18:20:29] Trying to access array offset on value of type null in C:\xampp\Desktop\mdcnpal\htdocs\public_html\includes\header.php on line 712
[2026-07-06 18:20:29] Undefined property: app::$rs_customer in C:\xampp\Desktop\mdcnpal\htdocs\public_html\includes\header.php on line 721
[2026-07-06 18:20:29] Trying to access array offset on value of type null in C:\xampp\Desktop\mdcnpal\htdocs\public_html\includes\header.php on line 721
[2026-07-06 18:20:29] Undefined property: app::$rs_customer in C:\xampp\Desktop\mdcnpal\htdocs\public_html\includes\header.php on line 730
[2026-07-06 18:20:29] Trying to access array offset on value of type null in C:\xampp\Desktop\mdcnpal\htdocs\public_html\includes\header.php on line 730
[2026-07-06 18:20:29] Undefined property: app::$rs_customer in C:\xampp\Desktop\mdcnpal\htdocs\public_html\includes\header.php on line 739
[2026-07-06 18:20:29] Trying to access array offset on value of type null in C:\xampp\Desktop\mdcnpal\htdocs\public_html\includes\header.php on line 739
[2026-07-06 18:20:29] Undefined property: app::$rs_customer in C:\xampp\Desktop\mdcnpal\htdocs\public_html\includes\footer.php on line 357
[2026-07-06 18:20:29] Trying to access array offset on value of type null in C:\xampp\Desktop\mdcnpal\htdocs\public_html\includes\footer.php on line 357
[2026-07-06 18:20:29] Undefined property: app::$rs_customer in C:\xampp\Desktop\mdcnpal\htdocs\public_html\includes\footer.php on line 366
[2026-07-06 18:20:29] Trying to access array offset on value of type null in C:\xampp\Desktop\mdcnpal\htdocs\public_html\includes\footer.php on line 366
[2026-07-06 18:20:29] Undefined property: app::$rs_customer in C:\xampp\Desktop\mdcnpal\htdocs\public_html\includes\footer.php on line 372
[2026-07-06 18:20:29] Trying to access array offset on value of type null in C:\xampp\Desktop\mdcnpal\htdocs\public_html\includes\footer.php on line 372
[2026-07-06 18:20:29] Undefined property: app::$rs_customer in C:\xampp\Desktop\mdcnpal\htdocs\public_html\includes\general_data.php on line 88
[2026-07-06 18:20:29] Trying to access array offset on value of type null in C:\xampp\Desktop\mdcnpal\htdocs\public_html\includes\general_data.php on line 88
[2026-07-06 18:20:29] Undefined array key "MDRCCustID" in C:\xampp\Desktop\mdcnpal\htdocs\public_html\includes\general_data.php on line 88
[2026-07-06 18:20:29] Undefined variable $tmpStr in C:\xampp\Desktop\mdcnpal\htdocs\public_html\core\app.php on line 971
[2026-07-06 18:20:37] Creation of dynamic property dbclass::$RECORD_SET is deprecated in C:\xampp\Desktop\mdcnpal\htdocs\public_html\core\dbclass.php on line 69
[2026-07-06 18:20:37] Creation of dynamic property dbclass::$app is deprecated in C:\xampp\Desktop\mdcnpal\htdocs\public_html\core\dbclass.php on line 75
[2026-07-06 18:20:37] Creation of dynamic property model::$foreign_tables is deprecated in C:\xampp\Desktop\mdcnpal\htdocs\public_html\core\model.php on line 43
[2026-07-06 18:20:37] Creation of dynamic property app::$inputfilter is deprecated in C:\xampp\Desktop\mdcnpal\htdocs\public_html\core\app.php on line 123
[2026-07-06 18:20:37] Creation of dynamic property app::$userconfig is deprecated in C:\xampp\Desktop\mdcnpal\htdocs\public_html\core\app.php on line 124
[2026-07-06 18:20:37] Creation of dynamic property app::$global_include is deprecated in C:\xampp\Desktop\mdcnpal\htdocs\public_html\core\app.php on line 125
[2026-07-06 18:20:37] Creation of dynamic property app::$set_cache_time is deprecated in C:\xampp\Desktop\mdcnpal\htdocs\public_html\core\app.php on line 153
[2026-07-06 18:20:37] Creation of dynamic property app::$meta is deprecated in C:\xampp\Desktop\mdcnpal\htdocs\public_html\core\app.php on line 434
[2026-07-06 18:20:37] Creation of dynamic property app::$rs_gs_city is deprecated in C:\xampp\Desktop\mdcnpal\htdocs\public_html\core\app.php on line 434
[2026-07-06 18:20:37] Creation of dynamic property app::$rs_footer_popular_item is deprecated in C:\xampp\Desktop\mdcnpal\htdocs\public_html\core\app.php on line 434
[2026-07-06 18:20:37] Creation of dynamic property app::$rs_footer_popular_test is deprecated in C:\xampp\Desktop\mdcnpal\htdocs\public_html\core\app.php on line 434
[2026-07-06 18:20:37] Creation of dynamic property app::$rs_testimonial is deprecated in C:\xampp\Desktop\mdcnpal\htdocs\public_html\core\app.php on line 434
[2026-07-06 18:20:37] Creation of dynamic property app::$admin is deprecated in C:\xampp\Desktop\mdcnpal\htdocs\public_html\core\app.php on line 434
[2026-07-06 18:20:37] Undefined array key 0 in C:\xampp\Desktop\mdcnpal\htdocs\public_html\core\global_include.php on line 514
[2026-07-06 18:20:37] Creation of dynamic property app::$popup is deprecated in C:\xampp\Desktop\mdcnpal\htdocs\public_html\core\app.php on line 434
[2026-07-06 18:20:37] Undefined array key "MDRCCustID" in C:\xampp\Desktop\mdcnpal\htdocs\public_html\core\global_include.php on line 515
[2026-07-06 18:20:37] Undefined array key "MDRCToken" in C:\xampp\Desktop\mdcnpal\htdocs\public_html\core\global_include.php on line 515
[2026-07-06 18:20:37] Creation of dynamic property app::$rscategory is deprecated in C:\xampp\Desktop\mdcnpal\htdocs\public_html\core\app.php on line 434
[2026-07-06 18:20:37] Creation of dynamic property app::$rs_pages is deprecated in C:\xampp\Desktop\mdcnpal\htdocs\public_html\core\app.php on line 434
[2026-07-06 18:20:37] Creation of dynamic property app::$gs is deprecated in C:\xampp\Desktop\mdcnpal\htdocs\public_html\core\app.php on line 434
[2026-07-06 18:20:37] Undefined array key "MDRCCustID" in C:\xampp\Desktop\mdcnpal\htdocs\public_html\core\global_include.php on line 596
[2026-07-06 18:20:37] Undefined array key "MDRCCustID" in C:\xampp\Desktop\mdcnpal\htdocs\public_html\core\global_include.php on line 615
[2026-07-06 18:20:37] Undefined variable $getId in C:\xampp\Desktop\mdcnpal\htdocs\public_html\core\global_include.php on line 684
[2026-07-06 18:20:37] Undefined variable $getName in C:\xampp\Desktop\mdcnpal\htdocs\public_html\core\global_include.php on line 685
[2026-07-06 18:20:38] Undefined array key 0 in C:\xampp\Desktop\mdcnpal\htdocs\public_html\core\global_include.php on line 810
[2026-07-06 18:20:38] Creation of dynamic property app::$rs_offer_msg is deprecated in C:\xampp\Desktop\mdcnpal\htdocs\public_html\core\app.php on line 434
[2026-07-06 18:20:38] Creation of dynamic property app::$rs_for_doctors is deprecated in C:\xampp\Desktop\mdcnpal\htdocs\public_html\core\app.php on line 434
[2026-07-06 18:20:38] Creation of dynamic property app::$rs_data is deprecated in C:\xampp\Desktop\mdcnpal\htdocs\public_html\core\app.php on line 434
[2026-07-06 18:20:38] Creation of dynamic property app::$rs_certi_data is deprecated in C:\xampp\Desktop\mdcnpal\htdocs\public_html\core\app.php on line 434
[2026-07-06 18:20:38] Creation of dynamic property app::$rs_key_fetures_data is deprecated in C:\xampp\Desktop\mdcnpal\htdocs\public_html\core\app.php on line 434
[2026-07-06 18:20:38] Creation of dynamic property app::$rs_banner is deprecated in C:\xampp\Desktop\mdcnpal\htdocs\public_html\core\app.php on line 434
[2026-07-06 18:20:38] Undefined variable $rs_package_data in C:\xampp\Desktop\mdcnpal\htdocs\public_html\controllers\controller_detail.php on line 94
[2026-07-06 18:20:38] Creation of dynamic property app::$rs_package_data is deprecated in C:\xampp\Desktop\mdcnpal\htdocs\public_html\core\app.php on line 434
[2026-07-06 18:20:38] Creation of dynamic property app::$city_id is deprecated in C:\xampp\Desktop\mdcnpal\htdocs\public_html\core\app.php on line 434
[2026-07-06 18:20:38] Creation of dynamic property app::$city_name is deprecated in C:\xampp\Desktop\mdcnpal\htdocs\public_html\core\app.php on line 434
[2026-07-06 18:20:39] Creation of dynamic property app::$rs_faq_data is deprecated in C:\xampp\Desktop\mdcnpal\htdocs\public_html\core\app.php on line 434
[2026-07-06 18:20:39] Undefined property: app::$rs_cartmini in C:\xampp\Desktop\mdcnpal\htdocs\public_html\includes\header.php on line 131
[2026-07-06 18:20:39] Undefined array key "MDRCCustID" in C:\xampp\Desktop\mdcnpal\htdocs\public_html\includes\header.php on line 134
[2026-07-06 18:20:39] Undefined property: app::$rs_cartmini in C:\xampp\Desktop\mdcnpal\htdocs\public_html\includes\header.php on line 197
[2026-07-06 18:20:39] Undefined array key "MDRCCustID" in C:\xampp\Desktop\mdcnpal\htdocs\public_html\includes\header.php on line 200
[2026-07-06 18:20:39] Undefined property: app::$rs_cartmini in C:\xampp\Desktop\mdcnpal\htdocs\public_html\includes\header.php on line 469
[2026-07-06 18:20:39] Undefined array key "MDRCCustID" in C:\xampp\Desktop\mdcnpal\htdocs\public_html\includes\header.php on line 472
[2026-07-06 18:20:39] Undefined property: app::$rs_cartmini in C:\xampp\Desktop\mdcnpal\htdocs\public_html\includes\header.php on line 525
[2026-07-06 18:20:39] Undefined array key "MDRCCustID" in C:\xampp\Desktop\mdcnpal\htdocs\public_html\includes\header.php on line 528
[2026-07-06 18:20:39] Undefined property: app::$rs_customer in C:\xampp\Desktop\mdcnpal\htdocs\public_html\includes\header.php on line 712
[2026-07-06 18:20:39] Trying to access array offset on value of type null in C:\xampp\Desktop\mdcnpal\htdocs\public_html\includes\header.php on line 712
[2026-07-06 18:20:39] Undefined property: app::$rs_customer in C:\xampp\Desktop\mdcnpal\htdocs\public_html\includes\header.php on line 721
[2026-07-06 18:20:39] Trying to access array offset on value of type null in C:\xampp\Desktop\mdcnpal\htdocs\public_html\includes\header.php on line 721
[2026-07-06 18:20:39] Undefined property: app::$rs_customer in C:\xampp\Desktop\mdcnpal\htdocs\public_html\includes\header.php on line 730
[2026-07-06 18:20:39] Trying to access array offset on value of type null in C:\xampp\Desktop\mdcnpal\htdocs\public_html\includes\header.php on line 730
[2026-07-06 18:20:39] Undefined property: app::$rs_customer in C:\xampp\Desktop\mdcnpal\htdocs\public_html\includes\header.php on line 739
[2026-07-06 18:20:39] Trying to access array offset on value of type null in C:\xampp\Desktop\mdcnpal\htdocs\public_html\includes\header.php on line 739
[06-Jul-2026 18:20:39 Asia/Kathmandu] PHP Fatal error:  Uncaught TypeError: count(): Argument #1 ($value) must be of type Countable|array, null given in C:\xampp\Desktop\mdcnpal\htdocs\public_html\core\app.php(565) : eval()'d code:42
Stack trace:
#0 C:\xampp\Desktop\mdcnpal\htdocs\public_html\core\app.php(565): eval()
#1 C:\xampp\Desktop\mdcnpal\htdocs\public_html\core\app.php(535): app->compile()
#2 C:\xampp\Desktop\mdcnpal\htdocs\public_html\core\app.php(516): app->package()
#3 C:\xampp\Desktop\mdcnpal\htdocs\public_html\index.php(6): app->execute()
#4 {main}
  thrown in C:\xampp\Desktop\mdcnpal\htdocs\public_html\core\app.php(565) : eval()'d code on line 42
[2026-07-06 18:20:39] Creation of dynamic property dbclass::$RECORD_SET is deprecated in C:\xampp\Desktop\mdcnpal\htdocs\public_html\core\dbclass.php on line 69
[2026-07-06 18:20:39] Creation of dynamic property dbclass::$app is deprecated in C:\xampp\Desktop\mdcnpal\htdocs\public_html\core\dbclass.php on line 75
[2026-07-06 18:20:39] Creation of dynamic property model::$foreign_tables is deprecated in C:\xampp\Desktop\mdcnpal\htdocs\public_html\core\model.php on line 43
[2026-07-06 18:20:39] Creation of dynamic property app::$inputfilter is deprecated in C:\xampp\Desktop\mdcnpal\htdocs\public_html\core\app.php on line 123
[2026-07-06 18:20:39] Creation of dynamic property app::$userconfig is deprecated in C:\xampp\Desktop\mdcnpal\htdocs\public_html\core\app.php on line 124
[2026-07-06 18:20:39] Creation of dynamic property app::$global_include is deprecated in C:\xampp\Desktop\mdcnpal\htdocs\public_html\core\app.php on line 125
[2026-07-06 18:20:39] Creation of dynamic property app::$set_cache_time is deprecated in C:\xampp\Desktop\mdcnpal\htdocs\public_html\core\app.php on line 153
[2026-07-06 18:20:39] Undefined variable $RESULT in C:\xampp\Desktop\mdcnpal\htdocs\public_html\scripts\ajax\selectCityUsingGoogleMapApi.php on line 69
[2026-07-06 18:20:39] Undefined variable $URL in C:\xampp\Desktop\mdcnpal\htdocs\public_html\scripts\ajax\selectCityUsingGoogleMapApi.php on line 73
[2026-07-06 18:20:39] Creation of dynamic property dbclass::$RECORD_SET is deprecated in C:\xampp\Desktop\mdcnpal\htdocs\public_html\core\dbclass.php on line 69
[2026-07-06 18:20:39] Creation of dynamic property dbclass::$app is deprecated in C:\xampp\Desktop\mdcnpal\htdocs\public_html\core\dbclass.php on line 75
[2026-07-06 18:20:39] Creation of dynamic property model::$foreign_tables is deprecated in C:\xampp\Desktop\mdcnpal\htdocs\public_html\core\model.php on line 43
[2026-07-06 18:20:39] Creation of dynamic property app::$inputfilter is deprecated in C:\xampp\Desktop\mdcnpal\htdocs\public_html\core\app.php on line 123
[2026-07-06 18:20:39] Creation of dynamic property app::$userconfig is deprecated in C:\xampp\Desktop\mdcnpal\htdocs\public_html\core\app.php on line 124
[2026-07-06 18:20:39] Creation of dynamic property app::$global_include is deprecated in C:\xampp\Desktop\mdcnpal\htdocs\public_html\core\app.php on line 125
[2026-07-06 18:20:39] Creation of dynamic property app::$set_cache_time is deprecated in C:\xampp\Desktop\mdcnpal\htdocs\public_html\core\app.php on line 153
[2026-07-06 18:20:39] Creation of dynamic property app::$meta is deprecated in C:\xampp\Desktop\mdcnpal\htdocs\public_html\core\app.php on line 434
[2026-07-06 18:20:39] Creation of dynamic property app::$rs_gs_city is deprecated in C:\xampp\Desktop\mdcnpal\htdocs\public_html\core\app.php on line 434
[2026-07-06 18:20:39] Creation of dynamic property app::$rs_footer_popular_item is deprecated in C:\xampp\Desktop\mdcnpal\htdocs\public_html\core\app.php on line 434
[2026-07-06 18:20:40] Creation of dynamic property app::$rs_footer_popular_test is deprecated in C:\xampp\Desktop\mdcnpal\htdocs\public_html\core\app.php on line 434
[2026-07-06 18:20:40] Creation of dynamic property app::$rs_testimonial is deprecated in C:\xampp\Desktop\mdcnpal\htdocs\public_html\core\app.php on line 434
[2026-07-06 18:20:40] Creation of dynamic property app::$admin is deprecated in C:\xampp\Desktop\mdcnpal\htdocs\public_html\core\app.php on line 434
[2026-07-06 18:20:40] Undefined array key 0 in C:\xampp\Desktop\mdcnpal\htdocs\public_html\core\global_include.php on line 514
[2026-07-06 18:20:40] Creation of dynamic property app::$popup is deprecated in C:\xampp\Desktop\mdcnpal\htdocs\public_html\core\app.php on line 434
[2026-07-06 18:20:40] Undefined array key "MDRCCustID" in C:\xampp\Desktop\mdcnpal\htdocs\public_html\core\global_include.php on line 515
[2026-07-06 18:20:40] Undefined array key "MDRCToken" in C:\xampp\Desktop\mdcnpal\htdocs\public_html\core\global_include.php on line 515
[2026-07-06 18:20:40] Creation of dynamic property app::$rscategory is deprecated in C:\xampp\Desktop\mdcnpal\htdocs\public_html\core\app.php on line 434
[2026-07-06 18:20:40] Creation of dynamic property app::$rs_pages is deprecated in C:\xampp\Desktop\mdcnpal\htdocs\public_html\core\app.php on line 434
[2026-07-06 18:20:40] Creation of dynamic property app::$gs is deprecated in C:\xampp\Desktop\mdcnpal\htdocs\public_html\core\app.php on line 434
[2026-07-06 18:20:40] Undefined array key "MDRCCustID" in C:\xampp\Desktop\mdcnpal\htdocs\public_html\core\global_include.php on line 596
[2026-07-06 18:20:40] Undefined array key "MDRCCustID" in C:\xampp\Desktop\mdcnpal\htdocs\public_html\core\global_include.php on line 615
[2026-07-06 18:20:40] Undefined variable $getId in C:\xampp\Desktop\mdcnpal\htdocs\public_html\core\global_include.php on line 684
[2026-07-06 18:20:40] Undefined variable $getName in C:\xampp\Desktop\mdcnpal\htdocs\public_html\core\global_include.php on line 685
[2026-07-06 18:20:40] Undefined array key 0 in C:\xampp\Desktop\mdcnpal\htdocs\public_html\core\global_include.php on line 810
[2026-07-06 18:20:40] Creation of dynamic property app::$rs_offer_msg is deprecated in C:\xampp\Desktop\mdcnpal\htdocs\public_html\core\app.php on line 434
[2026-07-06 18:20:40] Creation of dynamic property app::$rs_for_doctors is deprecated in C:\xampp\Desktop\mdcnpal\htdocs\public_html\core\app.php on line 434
[2026-07-06 18:20:40] Undefined property: app::$rs_cartmini in C:\xampp\Desktop\mdcnpal\htdocs\public_html\includes\header.php on line 131
[2026-07-06 18:20:40] Undefined array key "MDRCCustID" in C:\xampp\Desktop\mdcnpal\htdocs\public_html\includes\header.php on line 134
[2026-07-06 18:20:40] Undefined property: app::$rs_cartmini in C:\xampp\Desktop\mdcnpal\htdocs\public_html\includes\header.php on line 197
[2026-07-06 18:20:40] Undefined array key "MDRCCustID" in C:\xampp\Desktop\mdcnpal\htdocs\public_html\includes\header.php on line 200
[2026-07-06 18:20:40] Undefined property: app::$rs_cartmini in C:\xampp\Desktop\mdcnpal\htdocs\public_html\includes\header.php on line 469
[2026-07-06 18:20:40] Undefined array key "MDRCCustID" in C:\xampp\Desktop\mdcnpal\htdocs\public_html\includes\header.php on line 472
[2026-07-06 18:20:40] Undefined property: app::$rs_cartmini in C:\xampp\Desktop\mdcnpal\htdocs\public_html\includes\header.php on line 525
[2026-07-06 18:20:40] Undefined array key "MDRCCustID" in C:\xampp\Desktop\mdcnpal\htdocs\public_html\includes\header.php on line 528
[2026-07-06 18:20:40] Undefined property: app::$rs_customer in C:\xampp\Desktop\mdcnpal\htdocs\public_html\includes\header.php on line 712
[2026-07-06 18:20:40] Trying to access array offset on value of type null in C:\xampp\Desktop\mdcnpal\htdocs\public_html\includes\header.php on line 712
[2026-07-06 18:20:40] Undefined property: app::$rs_customer in C:\xampp\Desktop\mdcnpal\htdocs\public_html\includes\header.php on line 721
[2026-07-06 18:20:40] Trying to access array offset on value of type null in C:\xampp\Desktop\mdcnpal\htdocs\public_html\includes\header.php on line 721
[2026-07-06 18:20:40] Undefined property: app::$rs_customer in C:\xampp\Desktop\mdcnpal\htdocs\public_html\includes\header.php on line 730
[2026-07-06 18:20:40] Trying to access array offset on value of type null in C:\xampp\Desktop\mdcnpal\htdocs\public_html\includes\header.php on line 730
[2026-07-06 18:20:40] Undefined property: app::$rs_customer in C:\xampp\Desktop\mdcnpal\htdocs\public_html\includes\header.php on line 739
[2026-07-06 18:20:40] Trying to access array offset on value of type null in C:\xampp\Desktop\mdcnpal\htdocs\public_html\includes\header.php on line 739
[2026-07-06 18:20:40] Undefined property: app::$rs_customer in C:\xampp\Desktop\mdcnpal\htdocs\public_html\includes\footer.php on line 357
[2026-07-06 18:20:40] Trying to access array offset on value of type null in C:\xampp\Desktop\mdcnpal\htdocs\public_html\includes\footer.php on line 357
[2026-07-06 18:20:40] Undefined property: app::$rs_customer in C:\xampp\Desktop\mdcnpal\htdocs\public_html\includes\footer.php on line 366
[2026-07-06 18:20:40] Trying to access array offset on value of type null in C:\xampp\Desktop\mdcnpal\htdocs\public_html\includes\footer.php on line 366
[2026-07-06 18:20:40] Undefined property: app::$rs_customer in C:\xampp\Desktop\mdcnpal\htdocs\public_html\includes\footer.php on line 372
[2026-07-06 18:20:40] Trying to access array offset on value of type null in C:\xampp\Desktop\mdcnpal\htdocs\public_html\includes\footer.php on line 372
[2026-07-06 18:20:40] Undefined property: app::$rs_customer in C:\xampp\Desktop\mdcnpal\htdocs\public_html\includes\general_data.php on line 88
[2026-07-06 18:20:40] Trying to access array offset on value of type null in C:\xampp\Desktop\mdcnpal\htdocs\public_html\includes\general_data.php on line 88
[2026-07-06 18:20:40] Undefined array key "MDRCCustID" in C:\xampp\Desktop\mdcnpal\htdocs\public_html\includes\general_data.php on line 88
[2026-07-06 18:20:40] Undefined variable $tmpStr in C:\xampp\Desktop\mdcnpal\htdocs\public_html\core\app.php on line 971
[2026-07-06 18:20:40] Creation of dynamic property dbclass::$RECORD_SET is deprecated in C:\xampp\Desktop\mdcnpal\htdocs\public_html\core\dbclass.php on line 69
[2026-07-06 18:20:40] Creation of dynamic property dbclass::$app is deprecated in C:\xampp\Desktop\mdcnpal\htdocs\public_html\core\dbclass.php on line 75
[2026-07-06 18:20:40] Creation of dynamic property model::$foreign_tables is deprecated in C:\xampp\Desktop\mdcnpal\htdocs\public_html\core\model.php on line 43
[2026-07-06 18:20:40] Creation of dynamic property app::$inputfilter is deprecated in C:\xampp\Desktop\mdcnpal\htdocs\public_html\core\app.php on line 123
[2026-07-06 18:20:40] Creation of dynamic property app::$userconfig is deprecated in C:\xampp\Desktop\mdcnpal\htdocs\public_html\core\app.php on line 124
[2026-07-06 18:20:40] Creation of dynamic property app::$global_include is deprecated in C:\xampp\Desktop\mdcnpal\htdocs\public_html\core\app.php on line 125
[2026-07-06 18:20:40] Creation of dynamic property app::$set_cache_time is deprecated in C:\xampp\Desktop\mdcnpal\htdocs\public_html\core\app.php on line 153
[2026-07-06 18:20:40] Creation of dynamic property app::$meta is deprecated in C:\xampp\Desktop\mdcnpal\htdocs\public_html\core\app.php on line 434
[2026-07-06 18:20:40] Creation of dynamic property app::$rs_gs_city is deprecated in C:\xampp\Desktop\mdcnpal\htdocs\public_html\core\app.php on line 434
[2026-07-06 18:20:41] Creation of dynamic property app::$rs_footer_popular_item is deprecated in C:\xampp\Desktop\mdcnpal\htdocs\public_html\core\app.php on line 434
[2026-07-06 18:20:41] Creation of dynamic property app::$rs_footer_popular_test is deprecated in C:\xampp\Desktop\mdcnpal\htdocs\public_html\core\app.php on line 434
[2026-07-06 18:20:41] Creation of dynamic property app::$rs_testimonial is deprecated in C:\xampp\Desktop\mdcnpal\htdocs\public_html\core\app.php on line 434
[2026-07-06 18:20:41] Creation of dynamic property app::$admin is deprecated in C:\xampp\Desktop\mdcnpal\htdocs\public_html\core\app.php on line 434
[2026-07-06 18:20:41] Undefined array key 0 in C:\xampp\Desktop\mdcnpal\htdocs\public_html\core\global_include.php on line 514
[2026-07-06 18:20:41] Creation of dynamic property app::$popup is deprecated in C:\xampp\Desktop\mdcnpal\htdocs\public_html\core\app.php on line 434
[2026-07-06 18:20:41] Undefined array key "MDRCCustID" in C:\xampp\Desktop\mdcnpal\htdocs\public_html\core\global_include.php on line 515
[2026-07-06 18:20:41] Undefined array key "MDRCToken" in C:\xampp\Desktop\mdcnpal\htdocs\public_html\core\global_include.php on line 515
[2026-07-06 18:20:41] Creation of dynamic property app::$rscategory is deprecated in C:\xampp\Desktop\mdcnpal\htdocs\public_html\core\app.php on line 434
[2026-07-06 18:20:41] Creation of dynamic property app::$rs_pages is deprecated in C:\xampp\Desktop\mdcnpal\htdocs\public_html\core\app.php on line 434
[2026-07-06 18:20:41] Creation of dynamic property app::$gs is deprecated in C:\xampp\Desktop\mdcnpal\htdocs\public_html\core\app.php on line 434
[2026-07-06 18:20:41] Undefined array key "MDRCCustID" in C:\xampp\Desktop\mdcnpal\htdocs\public_html\core\global_include.php on line 596
[2026-07-06 18:20:41] Undefined array key "MDRCCustID" in C:\xampp\Desktop\mdcnpal\htdocs\public_html\core\global_include.php on line 615
[2026-07-06 18:20:41] Undefined variable $getId in C:\xampp\Desktop\mdcnpal\htdocs\public_html\core\global_include.php on line 684
[2026-07-06 18:20:41] Undefined variable $getName in C:\xampp\Desktop\mdcnpal\htdocs\public_html\core\global_include.php on line 685
[2026-07-06 18:20:41] Undefined array key 0 in C:\xampp\Desktop\mdcnpal\htdocs\public_html\core\global_include.php on line 810
[2026-07-06 18:20:41] Creation of dynamic property app::$rs_offer_msg is deprecated in C:\xampp\Desktop\mdcnpal\htdocs\public_html\core\app.php on line 434
[2026-07-06 18:20:41] Creation of dynamic property app::$rs_for_doctors is deprecated in C:\xampp\Desktop\mdcnpal\htdocs\public_html\core\app.php on line 434
[2026-07-06 18:20:41] Undefined property: app::$rs_cartmini in C:\xampp\Desktop\mdcnpal\htdocs\public_html\includes\header.php on line 131
[2026-07-06 18:20:41] Undefined array key "MDRCCustID" in C:\xampp\Desktop\mdcnpal\htdocs\public_html\includes\header.php on line 134
[2026-07-06 18:20:41] Undefined property: app::$rs_cartmini in C:\xampp\Desktop\mdcnpal\htdocs\public_html\includes\header.php on line 197
[2026-07-06 18:20:41] Undefined array key "MDRCCustID" in C:\xampp\Desktop\mdcnpal\htdocs\public_html\includes\header.php on line 200
[2026-07-06 18:20:41] Undefined property: app::$rs_cartmini in C:\xampp\Desktop\mdcnpal\htdocs\public_html\includes\header.php on line 469
[2026-07-06 18:20:41] Undefined array key "MDRCCustID" in C:\xampp\Desktop\mdcnpal\htdocs\public_html\includes\header.php on line 472
[2026-07-06 18:20:41] Undefined property: app::$rs_cartmini in C:\xampp\Desktop\mdcnpal\htdocs\public_html\includes\header.php on line 525
[2026-07-06 18:20:41] Undefined array key "MDRCCustID" in C:\xampp\Desktop\mdcnpal\htdocs\public_html\includes\header.php on line 528
[2026-07-06 18:20:41] Undefined property: app::$rs_customer in C:\xampp\Desktop\mdcnpal\htdocs\public_html\includes\header.php on line 712
[2026-07-06 18:20:41] Trying to access array offset on value of type null in C:\xampp\Desktop\mdcnpal\htdocs\public_html\includes\header.php on line 712
[2026-07-06 18:20:41] Undefined property: app::$rs_customer in C:\xampp\Desktop\mdcnpal\htdocs\public_html\includes\header.php on line 721
[2026-07-06 18:20:41] Trying to access array offset on value of type null in C:\xampp\Desktop\mdcnpal\htdocs\public_html\includes\header.php on line 721
[2026-07-06 18:20:41] Undefined property: app::$rs_customer in C:\xampp\Desktop\mdcnpal\htdocs\public_html\includes\header.php on line 730
[2026-07-06 18:20:41] Trying to access array offset on value of type null in C:\xampp\Desktop\mdcnpal\htdocs\public_html\includes\header.php on line 730
[2026-07-06 18:20:41] Undefined property: app::$rs_customer in C:\xampp\Desktop\mdcnpal\htdocs\public_html\includes\header.php on line 739
[2026-07-06 18:20:41] Trying to access array offset on value of type null in C:\xampp\Desktop\mdcnpal\htdocs\public_html\includes\header.php on line 739
[2026-07-06 18:20:41] Undefined property: app::$rs_customer in C:\xampp\Desktop\mdcnpal\htdocs\public_html\includes\footer.php on line 357
[2026-07-06 18:20:41] Trying to access array offset on value of type null in C:\xampp\Desktop\mdcnpal\htdocs\public_html\includes\footer.php on line 357
[2026-07-06 18:20:41] Undefined property: app::$rs_customer in C:\xampp\Desktop\mdcnpal\htdocs\public_html\includes\footer.php on line 366
[2026-07-06 18:20:41] Trying to access array offset on value of type null in C:\xampp\Desktop\mdcnpal\htdocs\public_html\includes\footer.php on line 366
[2026-07-06 18:20:41] Undefined property: app::$rs_customer in C:\xampp\Desktop\mdcnpal\htdocs\public_html\includes\footer.php on line 372
[2026-07-06 18:20:41] Trying to access array offset on value of type null in C:\xampp\Desktop\mdcnpal\htdocs\public_html\includes\footer.php on line 372
[2026-07-06 18:20:41] Undefined property: app::$rs_customer in C:\xampp\Desktop\mdcnpal\htdocs\public_html\includes\general_data.php on line 88
[2026-07-06 18:20:41] Trying to access array offset on value of type null in C:\xampp\Desktop\mdcnpal\htdocs\public_html\includes\general_data.php on line 88
[2026-07-06 18:20:41] Undefined array key "MDRCCustID" in C:\xampp\Desktop\mdcnpal\htdocs\public_html\includes\general_data.php on line 88
[2026-07-06 18:20:41] Undefined variable $tmpStr in C:\xampp\Desktop\mdcnpal\htdocs\public_html\core\app.php on line 971
[2026-07-06 18:20:41] Creation of dynamic property dbclass::$RECORD_SET is deprecated in C:\xampp\Desktop\mdcnpal\htdocs\public_html\core\dbclass.php on line 69
[2026-07-06 18:20:41] Creation of dynamic property dbclass::$app is deprecated in C:\xampp\Desktop\mdcnpal\htdocs\public_html\core\dbclass.php on line 75
[2026-07-06 18:20:41] Creation of dynamic property model::$foreign_tables is deprecated in C:\xampp\Desktop\mdcnpal\htdocs\public_html\core\model.php on line 43
[2026-07-06 18:20:41] Creation of dynamic property app::$inputfilter is deprecated in C:\xampp\Desktop\mdcnpal\htdocs\public_html\core\app.php on line 123
[2026-07-06 18:20:41] Creation of dynamic property app::$userconfig is deprecated in C:\xampp\Desktop\mdcnpal\htdocs\public_html\core\app.php on line 124
[2026-07-06 18:20:41] Creation of dynamic property app::$global_include is deprecated in C:\xampp\Desktop\mdcnpal\htdocs\public_html\core\app.php on line 125
[2026-07-06 18:20:41] Creation of dynamic property app::$set_cache_time is deprecated in C:\xampp\Desktop\mdcnpal\htdocs\public_html\core\app.php on line 153
[2026-07-06 18:20:41] Creation of dynamic property app::$meta is deprecated in C:\xampp\Desktop\mdcnpal\htdocs\public_html\core\app.php on line 434
[2026-07-06 18:20:41] Creation of dynamic property app::$rs_gs_city is deprecated in C:\xampp\Desktop\mdcnpal\htdocs\public_html\core\app.php on line 434
[2026-07-06 18:20:41] Creation of dynamic property app::$rs_footer_popular_item is deprecated in C:\xampp\Desktop\mdcnpal\htdocs\public_html\core\app.php on line 434
[2026-07-06 18:20:41] Creation of dynamic property app::$rs_footer_popular_test is deprecated in C:\xampp\Desktop\mdcnpal\htdocs\public_html\core\app.php on line 434
[2026-07-06 18:20:41] Creation of dynamic property app::$rs_testimonial is deprecated in C:\xampp\Desktop\mdcnpal\htdocs\public_html\core\app.php on line 434
[2026-07-06 18:20:41] Creation of dynamic property app::$admin is deprecated in C:\xampp\Desktop\mdcnpal\htdocs\public_html\core\app.php on line 434
[2026-07-06 18:20:41] Undefined array key 0 in C:\xampp\Desktop\mdcnpal\htdocs\public_html\core\global_include.php on line 514
[2026-07-06 18:20:41] Creation of dynamic property app::$popup is deprecated in C:\xampp\Desktop\mdcnpal\htdocs\public_html\core\app.php on line 434
[2026-07-06 18:20:41] Undefined array key "MDRCCustID" in C:\xampp\Desktop\mdcnpal\htdocs\public_html\core\global_include.php on line 515
[2026-07-06 18:20:41] Undefined array key "MDRCToken" in C:\xampp\Desktop\mdcnpal\htdocs\public_html\core\global_include.php on line 515
[2026-07-06 18:20:41] Creation of dynamic property app::$rscategory is deprecated in C:\xampp\Desktop\mdcnpal\htdocs\public_html\core\app.php on line 434
[2026-07-06 18:20:41] Creation of dynamic property app::$rs_pages is deprecated in C:\xampp\Desktop\mdcnpal\htdocs\public_html\core\app.php on line 434
[2026-07-06 18:20:41] Creation of dynamic property app::$gs is deprecated in C:\xampp\Desktop\mdcnpal\htdocs\public_html\core\app.php on line 434
[2026-07-06 18:20:41] Undefined array key "MDRCCustID" in C:\xampp\Desktop\mdcnpal\htdocs\public_html\core\global_include.php on line 596
[2026-07-06 18:20:41] Undefined array key "MDRCCustID" in C:\xampp\Desktop\mdcnpal\htdocs\public_html\core\global_include.php on line 615
[2026-07-06 18:20:41] Undefined variable $getId in C:\xampp\Desktop\mdcnpal\htdocs\public_html\core\global_include.php on line 684
[2026-07-06 18:20:41] Undefined variable $getName in C:\xampp\Desktop\mdcnpal\htdocs\public_html\core\global_include.php on line 685
[2026-07-06 18:20:41] Undefined array key 0 in C:\xampp\Desktop\mdcnpal\htdocs\public_html\core\global_include.php on line 810
[2026-07-06 18:20:41] Creation of dynamic property app::$rs_offer_msg is deprecated in C:\xampp\Desktop\mdcnpal\htdocs\public_html\core\app.php on line 434
[2026-07-06 18:20:41] Creation of dynamic property app::$rs_for_doctors is deprecated in C:\xampp\Desktop\mdcnpal\htdocs\public_html\core\app.php on line 434
[2026-07-06 18:20:41] Undefined property: app::$rs_cartmini in C:\xampp\Desktop\mdcnpal\htdocs\public_html\includes\header.php on line 131
[2026-07-06 18:20:41] Undefined array key "MDRCCustID" in C:\xampp\Desktop\mdcnpal\htdocs\public_html\includes\header.php on line 134
[2026-07-06 18:20:41] Undefined property: app::$rs_cartmini in C:\xampp\Desktop\mdcnpal\htdocs\public_html\includes\header.php on line 197
[2026-07-06 18:20:41] Undefined array key "MDRCCustID" in C:\xampp\Desktop\mdcnpal\htdocs\public_html\includes\header.php on line 200
[2026-07-06 18:20:41] Undefined property: app::$rs_cartmini in C:\xampp\Desktop\mdcnpal\htdocs\public_html\includes\header.php on line 469
[2026-07-06 18:20:41] Undefined array key "MDRCCustID" in C:\xampp\Desktop\mdcnpal\htdocs\public_html\includes\header.php on line 472
[2026-07-06 18:20:41] Undefined property: app::$rs_cartmini in C:\xampp\Desktop\mdcnpal\htdocs\public_html\includes\header.php on line 525
[2026-07-06 18:20:41] Undefined array key "MDRCCustID" in C:\xampp\Desktop\mdcnpal\htdocs\public_html\includes\header.php on line 528
[2026-07-06 18:20:41] Undefined property: app::$rs_customer in C:\xampp\Desktop\mdcnpal\htdocs\public_html\includes\header.php on line 712
[2026-07-06 18:20:41] Trying to access array offset on value of type null in C:\xampp\Desktop\mdcnpal\htdocs\public_html\includes\header.php on line 712
[2026-07-06 18:20:41] Undefined property: app::$rs_customer in C:\xampp\Desktop\mdcnpal\htdocs\public_html\includes\header.php on line 721
[2026-07-06 18:20:41] Trying to access array offset on value of type null in C:\xampp\Desktop\mdcnpal\htdocs\public_html\includes\header.php on line 721
[2026-07-06 18:20:41] Undefined property: app::$rs_customer in C:\xampp\Desktop\mdcnpal\htdocs\public_html\includes\header.php on line 730
[2026-07-06 18:20:41] Trying to access array offset on value of type null in C:\xampp\Desktop\mdcnpal\htdocs\public_html\includes\header.php on line 730
[2026-07-06 18:20:41] Undefined property: app::$rs_customer in C:\xampp\Desktop\mdcnpal\htdocs\public_html\includes\header.php on line 739
[2026-07-06 18:20:41] Trying to access array offset on value of type null in C:\xampp\Desktop\mdcnpal\htdocs\public_html\includes\header.php on line 739
[2026-07-06 18:20:41] Undefined property: app::$rs_customer in C:\xampp\Desktop\mdcnpal\htdocs\public_html\includes\footer.php on line 357
[2026-07-06 18:20:41] Trying to access array offset on value of type null in C:\xampp\Desktop\mdcnpal\htdocs\public_html\includes\footer.php on line 357
[2026-07-06 18:20:41] Undefined property: app::$rs_customer in C:\xampp\Desktop\mdcnpal\htdocs\public_html\includes\footer.php on line 366
[2026-07-06 18:20:41] Trying to access array offset on value of type null in C:\xampp\Desktop\mdcnpal\htdocs\public_html\includes\footer.php on line 366
[2026-07-06 18:20:41] Undefined property: app::$rs_customer in C:\xampp\Desktop\mdcnpal\htdocs\public_html\includes\footer.php on line 372
[2026-07-06 18:20:41] Trying to access array offset on value of type null in C:\xampp\Desktop\mdcnpal\htdocs\public_html\includes\footer.php on line 372
[2026-07-06 18:20:41] Undefined property: app::$rs_customer in C:\xampp\Desktop\mdcnpal\htdocs\public_html\includes\general_data.php on line 88
[2026-07-06 18:20:41] Trying to access array offset on value of type null in C:\xampp\Desktop\mdcnpal\htdocs\public_html\includes\general_data.php on line 88
[2026-07-06 18:20:41] Undefined array key "MDRCCustID" in C:\xampp\Desktop\mdcnpal\htdocs\public_html\includes\general_data.php on line 88
[2026-07-06 18:20:41] Undefined variable $tmpStr in C:\xampp\Desktop\mdcnpal\htdocs\public_html\core\app.php on line 971
[2026-07-06 18:20:41] Creation of dynamic property dbclass::$RECORD_SET is deprecated in C:\xampp\Desktop\mdcnpal\htdocs\public_html\core\dbclass.php on line 69
[2026-07-06 18:20:41] Creation of dynamic property dbclass::$app is deprecated in C:\xampp\Desktop\mdcnpal\htdocs\public_html\core\dbclass.php on line 75
[2026-07-06 18:20:41] Creation of dynamic property model::$foreign_tables is deprecated in C:\xampp\Desktop\mdcnpal\htdocs\public_html\core\model.php on line 43
[2026-07-06 18:20:41] Creation of dynamic property app::$inputfilter is deprecated in C:\xampp\Desktop\mdcnpal\htdocs\public_html\core\app.php on line 123
[2026-07-06 18:20:41] Creation of dynamic property app::$userconfig is deprecated in C:\xampp\Desktop\mdcnpal\htdocs\public_html\core\app.php on line 124
[2026-07-06 18:20:41] Creation of dynamic property app::$global_include is deprecated in C:\xampp\Desktop\mdcnpal\htdocs\public_html\core\app.php on line 125
[2026-07-06 18:20:41] Creation of dynamic property app::$set_cache_time is deprecated in C:\xampp\Desktop\mdcnpal\htdocs\public_html\core\app.php on line 153
[2026-07-06 18:20:41] Creation of dynamic property app::$meta is deprecated in C:\xampp\Desktop\mdcnpal\htdocs\public_html\core\app.php on line 434
[2026-07-06 18:20:41] Creation of dynamic property app::$rs_gs_city is deprecated in C:\xampp\Desktop\mdcnpal\htdocs\public_html\core\app.php on line 434
[2026-07-06 18:20:41] Creation of dynamic property app::$rs_footer_popular_item is deprecated in C:\xampp\Desktop\mdcnpal\htdocs\public_html\core\app.php on line 434
[2026-07-06 18:20:41] Creation of dynamic property app::$rs_footer_popular_test is deprecated in C:\xampp\Desktop\mdcnpal\htdocs\public_html\core\app.php on line 434
[2026-07-06 18:20:41] Creation of dynamic property app::$rs_testimonial is deprecated in C:\xampp\Desktop\mdcnpal\htdocs\public_html\core\app.php on line 434
[2026-07-06 18:20:41] Creation of dynamic property app::$admin is deprecated in C:\xampp\Desktop\mdcnpal\htdocs\public_html\core\app.php on line 434
[2026-07-06 18:20:41] Undefined array key 0 in C:\xampp\Desktop\mdcnpal\htdocs\public_html\core\global_include.php on line 514
[2026-07-06 18:20:41] Creation of dynamic property app::$popup is deprecated in C:\xampp\Desktop\mdcnpal\htdocs\public_html\core\app.php on line 434
[2026-07-06 18:20:41] Undefined array key "MDRCCustID" in C:\xampp\Desktop\mdcnpal\htdocs\public_html\core\global_include.php on line 515
[2026-07-06 18:20:41] Undefined array key "MDRCToken" in C:\xampp\Desktop\mdcnpal\htdocs\public_html\core\global_include.php on line 515
[2026-07-06 18:20:41] Creation of dynamic property app::$rscategory is deprecated in C:\xampp\Desktop\mdcnpal\htdocs\public_html\core\app.php on line 434
[2026-07-06 18:20:41] Creation of dynamic property app::$rs_pages is deprecated in C:\xampp\Desktop\mdcnpal\htdocs\public_html\core\app.php on line 434
[2026-07-06 18:20:41] Creation of dynamic property app::$gs is deprecated in C:\xampp\Desktop\mdcnpal\htdocs\public_html\core\app.php on line 434
[2026-07-06 18:20:41] Undefined array key "MDRCCustID" in C:\xampp\Desktop\mdcnpal\htdocs\public_html\core\global_include.php on line 596
[2026-07-06 18:20:41] Undefined array key "MDRCCustID" in C:\xampp\Desktop\mdcnpal\htdocs\public_html\core\global_include.php on line 615
[2026-07-06 18:20:41] Undefined variable $getId in C:\xampp\Desktop\mdcnpal\htdocs\public_html\core\global_include.php on line 684
[2026-07-06 18:20:41] Undefined variable $getName in C:\xampp\Desktop\mdcnpal\htdocs\public_html\core\global_include.php on line 685
[2026-07-06 18:20:41] Undefined array key 0 in C:\xampp\Desktop\mdcnpal\htdocs\public_html\core\global_include.php on line 810
[2026-07-06 18:20:41] Creation of dynamic property app::$rs_offer_msg is deprecated in C:\xampp\Desktop\mdcnpal\htdocs\public_html\core\app.php on line 434
[2026-07-06 18:20:41] Creation of dynamic property app::$rs_for_doctors is deprecated in C:\xampp\Desktop\mdcnpal\htdocs\public_html\core\app.php on line 434
[2026-07-06 18:20:41] Undefined property: app::$rs_cartmini in C:\xampp\Desktop\mdcnpal\htdocs\public_html\includes\header.php on line 131
[2026-07-06 18:20:41] Undefined array key "MDRCCustID" in C:\xampp\Desktop\mdcnpal\htdocs\public_html\includes\header.php on line 134
[2026-07-06 18:20:41] Undefined property: app::$rs_cartmini in C:\xampp\Desktop\mdcnpal\htdocs\public_html\includes\header.php on line 197
[2026-07-06 18:20:41] Undefined array key "MDRCCustID" in C:\xampp\Desktop\mdcnpal\htdocs\public_html\includes\header.php on line 200
[2026-07-06 18:20:41] Undefined property: app::$rs_cartmini in C:\xampp\Desktop\mdcnpal\htdocs\public_html\includes\header.php on line 469
[2026-07-06 18:20:41] Undefined array key "MDRCCustID" in C:\xampp\Desktop\mdcnpal\htdocs\public_html\includes\header.php on line 472
[2026-07-06 18:20:41] Undefined property: app::$rs_cartmini in C:\xampp\Desktop\mdcnpal\htdocs\public_html\includes\header.php on line 525
[2026-07-06 18:20:41] Undefined array key "MDRCCustID" in C:\xampp\Desktop\mdcnpal\htdocs\public_html\includes\header.php on line 528
[2026-07-06 18:20:41] Undefined property: app::$rs_customer in C:\xampp\Desktop\mdcnpal\htdocs\public_html\includes\header.php on line 712
[2026-07-06 18:20:41] Trying to access array offset on value of type null in C:\xampp\Desktop\mdcnpal\htdocs\public_html\includes\header.php on line 712
[2026-07-06 18:20:41] Undefined property: app::$rs_customer in C:\xampp\Desktop\mdcnpal\htdocs\public_html\includes\header.php on line 721
[2026-07-06 18:20:41] Trying to access array offset on value of type null in C:\xampp\Desktop\mdcnpal\htdocs\public_html\includes\header.php on line 721
[2026-07-06 18:20:41] Undefined property: app::$rs_customer in C:\xampp\Desktop\mdcnpal\htdocs\public_html\includes\header.php on line 730
[2026-07-06 18:20:41] Trying to access array offset on value of type null in C:\xampp\Desktop\mdcnpal\htdocs\public_html\includes\header.php on line 730
[2026-07-06 18:20:41] Undefined property: app::$rs_customer in C:\xampp\Desktop\mdcnpal\htdocs\public_html\includes\header.php on line 739
[2026-07-06 18:20:41] Trying to access array offset on value of type null in C:\xampp\Desktop\mdcnpal\htdocs\public_html\includes\header.php on line 739
[2026-07-06 18:20:41] Undefined property: app::$rs_customer in C:\xampp\Desktop\mdcnpal\htdocs\public_html\includes\footer.php on line 357
[2026-07-06 18:20:41] Trying to access array offset on value of type null in C:\xampp\Desktop\mdcnpal\htdocs\public_html\includes\footer.php on line 357
[2026-07-06 18:20:41] Undefined property: app::$rs_customer in C:\xampp\Desktop\mdcnpal\htdocs\public_html\includes\footer.php on line 366
[2026-07-06 18:20:41] Trying to access array offset on value of type null in C:\xampp\Desktop\mdcnpal\htdocs\public_html\includes\footer.php on line 366
[2026-07-06 18:20:41] Undefined property: app::$rs_customer in C:\xampp\Desktop\mdcnpal\htdocs\public_html\includes\footer.php on line 372
[2026-07-06 18:20:41] Trying to access array offset on value of type null in C:\xampp\Desktop\mdcnpal\htdocs\public_html\includes\footer.php on line 372
[2026-07-06 18:20:41] Undefined property: app::$rs_customer in C:\xampp\Desktop\mdcnpal\htdocs\public_html\includes\general_data.php on line 88
[2026-07-06 18:20:41] Trying to access array offset on value of type null in C:\xampp\Desktop\mdcnpal\htdocs\public_html\includes\general_data.php on line 88
[2026-07-06 18:20:41] Undefined array key "MDRCCustID" in C:\xampp\Desktop\mdcnpal\htdocs\public_html\includes\general_data.php on line 88
[2026-07-06 18:20:41] Undefined variable $tmpStr in C:\xampp\Desktop\mdcnpal\htdocs\public_html\core\app.php on line 971
[2026-07-06 18:20:41] Creation of dynamic property dbclass::$RECORD_SET is deprecated in C:\xampp\Desktop\mdcnpal\htdocs\public_html\core\dbclass.php on line 69
[2026-07-06 18:20:41] Creation of dynamic property dbclass::$app is deprecated in C:\xampp\Desktop\mdcnpal\htdocs\public_html\core\dbclass.php on line 75
[2026-07-06 18:20:41] Creation of dynamic property model::$foreign_tables is deprecated in C:\xampp\Desktop\mdcnpal\htdocs\public_html\core\model.php on line 43
[2026-07-06 18:20:41] Creation of dynamic property app::$inputfilter is deprecated in C:\xampp\Desktop\mdcnpal\htdocs\public_html\core\app.php on line 123
[2026-07-06 18:20:41] Creation of dynamic property app::$userconfig is deprecated in C:\xampp\Desktop\mdcnpal\htdocs\public_html\core\app.php on line 124
[2026-07-06 18:20:41] Creation of dynamic property app::$global_include is deprecated in C:\xampp\Desktop\mdcnpal\htdocs\public_html\core\app.php on line 125
[2026-07-06 18:20:42] Creation of dynamic property app::$set_cache_time is deprecated in C:\xampp\Desktop\mdcnpal\htdocs\public_html\core\app.php on line 153
[2026-07-06 18:20:42] Creation of dynamic property app::$meta is deprecated in C:\xampp\Desktop\mdcnpal\htdocs\public_html\core\app.php on line 434
[2026-07-06 18:20:42] Creation of dynamic property app::$rs_gs_city is deprecated in C:\xampp\Desktop\mdcnpal\htdocs\public_html\core\app.php on line 434
[2026-07-06 18:20:42] Creation of dynamic property app::$rs_footer_popular_item is deprecated in C:\xampp\Desktop\mdcnpal\htdocs\public_html\core\app.php on line 434
[2026-07-06 18:20:42] Creation of dynamic property app::$rs_footer_popular_test is deprecated in C:\xampp\Desktop\mdcnpal\htdocs\public_html\core\app.php on line 434
[2026-07-06 18:20:42] Creation of dynamic property app::$rs_testimonial is deprecated in C:\xampp\Desktop\mdcnpal\htdocs\public_html\core\app.php on line 434
[2026-07-06 18:20:42] Creation of dynamic property app::$admin is deprecated in C:\xampp\Desktop\mdcnpal\htdocs\public_html\core\app.php on line 434
[2026-07-06 18:20:42] Undefined array key 0 in C:\xampp\Desktop\mdcnpal\htdocs\public_html\core\global_include.php on line 514
[2026-07-06 18:20:42] Creation of dynamic property app::$popup is deprecated in C:\xampp\Desktop\mdcnpal\htdocs\public_html\core\app.php on line 434
[2026-07-06 18:20:42] Undefined array key "MDRCCustID" in C:\xampp\Desktop\mdcnpal\htdocs\public_html\core\global_include.php on line 515
[2026-07-06 18:20:42] Undefined array key "MDRCToken" in C:\xampp\Desktop\mdcnpal\htdocs\public_html\core\global_include.php on line 515
[2026-07-06 18:20:42] Creation of dynamic property app::$rscategory is deprecated in C:\xampp\Desktop\mdcnpal\htdocs\public_html\core\app.php on line 434
[2026-07-06 18:20:42] Creation of dynamic property app::$rs_pages is deprecated in C:\xampp\Desktop\mdcnpal\htdocs\public_html\core\app.php on line 434
[2026-07-06 18:20:42] Creation of dynamic property app::$gs is deprecated in C:\xampp\Desktop\mdcnpal\htdocs\public_html\core\app.php on line 434
[2026-07-06 18:20:42] Undefined array key "MDRCCustID" in C:\xampp\Desktop\mdcnpal\htdocs\public_html\core\global_include.php on line 596
[2026-07-06 18:20:42] Undefined array key "MDRCCustID" in C:\xampp\Desktop\mdcnpal\htdocs\public_html\core\global_include.php on line 615
[2026-07-06 18:20:42] Undefined variable $getId in C:\xampp\Desktop\mdcnpal\htdocs\public_html\core\global_include.php on line 684
[2026-07-06 18:20:42] Undefined variable $getName in C:\xampp\Desktop\mdcnpal\htdocs\public_html\core\global_include.php on line 685
[2026-07-06 18:20:42] Undefined array key 0 in C:\xampp\Desktop\mdcnpal\htdocs\public_html\core\global_include.php on line 810
[2026-07-06 18:20:42] Creation of dynamic property app::$rs_offer_msg is deprecated in C:\xampp\Desktop\mdcnpal\htdocs\public_html\core\app.php on line 434
[2026-07-06 18:20:42] Creation of dynamic property app::$rs_for_doctors is deprecated in C:\xampp\Desktop\mdcnpal\htdocs\public_html\core\app.php on line 434
[2026-07-06 18:20:42] Undefined property: app::$rs_cartmini in C:\xampp\Desktop\mdcnpal\htdocs\public_html\includes\header.php on line 131
[2026-07-06 18:20:42] Undefined array key "MDRCCustID" in C:\xampp\Desktop\mdcnpal\htdocs\public_html\includes\header.php on line 134
[2026-07-06 18:20:42] Undefined property: app::$rs_cartmini in C:\xampp\Desktop\mdcnpal\htdocs\public_html\includes\header.php on line 197
[2026-07-06 18:20:42] Undefined array key "MDRCCustID" in C:\xampp\Desktop\mdcnpal\htdocs\public_html\includes\header.php on line 200
[2026-07-06 18:20:42] Undefined property: app::$rs_cartmini in C:\xampp\Desktop\mdcnpal\htdocs\public_html\includes\header.php on line 469
[2026-07-06 18:20:42] Undefined array key "MDRCCustID" in C:\xampp\Desktop\mdcnpal\htdocs\public_html\includes\header.php on line 472
[2026-07-06 18:20:42] Undefined property: app::$rs_cartmini in C:\xampp\Desktop\mdcnpal\htdocs\public_html\includes\header.php on line 525
[2026-07-06 18:20:42] Undefined array key "MDRCCustID" in C:\xampp\Desktop\mdcnpal\htdocs\public_html\includes\header.php on line 528
[2026-07-06 18:20:42] Undefined property: app::$rs_customer in C:\xampp\Desktop\mdcnpal\htdocs\public_html\includes\header.php on line 712
[2026-07-06 18:20:42] Trying to access array offset on value of type null in C:\xampp\Desktop\mdcnpal\htdocs\public_html\includes\header.php on line 712
[2026-07-06 18:20:42] Undefined property: app::$rs_customer in C:\xampp\Desktop\mdcnpal\htdocs\public_html\includes\header.php on line 721
[2026-07-06 18:20:42] Trying to access array offset on value of type null in C:\xampp\Desktop\mdcnpal\htdocs\public_html\includes\header.php on line 721
[2026-07-06 18:20:42] Undefined property: app::$rs_customer in C:\xampp\Desktop\mdcnpal\htdocs\public_html\includes\header.php on line 730
[2026-07-06 18:20:42] Trying to access array offset on value of type null in C:\xampp\Desktop\mdcnpal\htdocs\public_html\includes\header.php on line 730
[2026-07-06 18:20:42] Undefined property: app::$rs_customer in C:\xampp\Desktop\mdcnpal\htdocs\public_html\includes\header.php on line 739
[2026-07-06 18:20:42] Trying to access array offset on value of type null in C:\xampp\Desktop\mdcnpal\htdocs\public_html\includes\header.php on line 739
[2026-07-06 18:20:42] Undefined property: app::$rs_customer in C:\xampp\Desktop\mdcnpal\htdocs\public_html\includes\footer.php on line 357
[2026-07-06 18:20:42] Trying to access array offset on value of type null in C:\xampp\Desktop\mdcnpal\htdocs\public_html\includes\footer.php on line 357
[2026-07-06 18:20:42] Undefined property: app::$rs_customer in C:\xampp\Desktop\mdcnpal\htdocs\public_html\includes\footer.php on line 366
[2026-07-06 18:20:42] Trying to access array offset on value of type null in C:\xampp\Desktop\mdcnpal\htdocs\public_html\includes\footer.php on line 366
[2026-07-06 18:20:42] Undefined property: app::$rs_customer in C:\xampp\Desktop\mdcnpal\htdocs\public_html\includes\footer.php on line 372
[2026-07-06 18:20:42] Trying to access array offset on value of type null in C:\xampp\Desktop\mdcnpal\htdocs\public_html\includes\footer.php on line 372
[2026-07-06 18:20:42] Undefined property: app::$rs_customer in C:\xampp\Desktop\mdcnpal\htdocs\public_html\includes\general_data.php on line 88
[2026-07-06 18:20:42] Trying to access array offset on value of type null in C:\xampp\Desktop\mdcnpal\htdocs\public_html\includes\general_data.php on line 88
[2026-07-06 18:20:42] Undefined array key "MDRCCustID" in C:\xampp\Desktop\mdcnpal\htdocs\public_html\includes\general_data.php on line 88
[2026-07-06 18:20:42] Undefined variable $tmpStr in C:\xampp\Desktop\mdcnpal\htdocs\public_html\core\app.php on line 971
[2026-07-06 18:20:42] Creation of dynamic property dbclass::$RECORD_SET is deprecated in C:\xampp\Desktop\mdcnpal\htdocs\public_html\core\dbclass.php on line 69
[2026-07-06 18:20:42] Creation of dynamic property dbclass::$app is deprecated in C:\xampp\Desktop\mdcnpal\htdocs\public_html\core\dbclass.php on line 75
[2026-07-06 18:20:42] Creation of dynamic property model::$foreign_tables is deprecated in C:\xampp\Desktop\mdcnpal\htdocs\public_html\core\model.php on line 43
[2026-07-06 18:20:42] Creation of dynamic property app::$inputfilter is deprecated in C:\xampp\Desktop\mdcnpal\htdocs\public_html\core\app.php on line 123
[2026-07-06 18:20:42] Creation of dynamic property app::$userconfig is deprecated in C:\xampp\Desktop\mdcnpal\htdocs\public_html\core\app.php on line 124
[2026-07-06 18:20:42] Creation of dynamic property app::$global_include is deprecated in C:\xampp\Desktop\mdcnpal\htdocs\public_html\core\app.php on line 125
[2026-07-06 18:20:42] Creation of dynamic property app::$set_cache_time is deprecated in C:\xampp\Desktop\mdcnpal\htdocs\public_html\core\app.php on line 153
[2026-07-06 18:20:42] Creation of dynamic property app::$meta is deprecated in C:\xampp\Desktop\mdcnpal\htdocs\public_html\core\app.php on line 434
[2026-07-06 18:20:42] Creation of dynamic property app::$rs_gs_city is deprecated in C:\xampp\Desktop\mdcnpal\htdocs\public_html\core\app.php on line 434
[2026-07-06 18:20:42] Creation of dynamic property app::$rs_footer_popular_item is deprecated in C:\xampp\Desktop\mdcnpal\htdocs\public_html\core\app.php on line 434
[2026-07-06 18:20:42] Creation of dynamic property app::$rs_footer_popular_test is deprecated in C:\xampp\Desktop\mdcnpal\htdocs\public_html\core\app.php on line 434
[2026-07-06 18:20:42] Creation of dynamic property app::$rs_testimonial is deprecated in C:\xampp\Desktop\mdcnpal\htdocs\public_html\core\app.php on line 434
[2026-07-06 18:20:42] Creation of dynamic property app::$admin is deprecated in C:\xampp\Desktop\mdcnpal\htdocs\public_html\core\app.php on line 434
[2026-07-06 18:20:42] Undefined array key 0 in C:\xampp\Desktop\mdcnpal\htdocs\public_html\core\global_include.php on line 514
[2026-07-06 18:20:42] Creation of dynamic property app::$popup is deprecated in C:\xampp\Desktop\mdcnpal\htdocs\public_html\core\app.php on line 434
[2026-07-06 18:20:42] Undefined array key "MDRCCustID" in C:\xampp\Desktop\mdcnpal\htdocs\public_html\core\global_include.php on line 515
[2026-07-06 18:20:42] Undefined array key "MDRCToken" in C:\xampp\Desktop\mdcnpal\htdocs\public_html\core\global_include.php on line 515
[2026-07-06 18:20:42] Creation of dynamic property app::$rscategory is deprecated in C:\xampp\Desktop\mdcnpal\htdocs\public_html\core\app.php on line 434
[2026-07-06 18:20:42] Creation of dynamic property app::$rs_pages is deprecated in C:\xampp\Desktop\mdcnpal\htdocs\public_html\core\app.php on line 434
[2026-07-06 18:20:42] Creation of dynamic property app::$gs is deprecated in C:\xampp\Desktop\mdcnpal\htdocs\public_html\core\app.php on line 434
[2026-07-06 18:20:42] Undefined array key "MDRCCustID" in C:\xampp\Desktop\mdcnpal\htdocs\public_html\core\global_include.php on line 596
[2026-07-06 18:20:42] Undefined array key "MDRCCustID" in C:\xampp\Desktop\mdcnpal\htdocs\public_html\core\global_include.php on line 615
[2026-07-06 18:20:42] Undefined variable $getId in C:\xampp\Desktop\mdcnpal\htdocs\public_html\core\global_include.php on line 684
[2026-07-06 18:20:42] Undefined variable $getName in C:\xampp\Desktop\mdcnpal\htdocs\public_html\core\global_include.php on line 685
[2026-07-06 18:20:42] Undefined array key 0 in C:\xampp\Desktop\mdcnpal\htdocs\public_html\core\global_include.php on line 810
[2026-07-06 18:20:42] Creation of dynamic property app::$rs_offer_msg is deprecated in C:\xampp\Desktop\mdcnpal\htdocs\public_html\core\app.php on line 434
[2026-07-06 18:20:42] Creation of dynamic property app::$rs_for_doctors is deprecated in C:\xampp\Desktop\mdcnpal\htdocs\public_html\core\app.php on line 434
[2026-07-06 18:20:42] Undefined property: app::$rs_cartmini in C:\xampp\Desktop\mdcnpal\htdocs\public_html\includes\header.php on line 131
[2026-07-06 18:20:42] Undefined array key "MDRCCustID" in C:\xampp\Desktop\mdcnpal\htdocs\public_html\includes\header.php on line 134
[2026-07-06 18:20:42] Undefined property: app::$rs_cartmini in C:\xampp\Desktop\mdcnpal\htdocs\public_html\includes\header.php on line 197
[2026-07-06 18:20:42] Undefined array key "MDRCCustID" in C:\xampp\Desktop\mdcnpal\htdocs\public_html\includes\header.php on line 200
[2026-07-06 18:20:42] Undefined property: app::$rs_cartmini in C:\xampp\Desktop\mdcnpal\htdocs\public_html\includes\header.php on line 469
[2026-07-06 18:20:42] Undefined array key "MDRCCustID" in C:\xampp\Desktop\mdcnpal\htdocs\public_html\includes\header.php on line 472
[2026-07-06 18:20:42] Undefined property: app::$rs_cartmini in C:\xampp\Desktop\mdcnpal\htdocs\public_html\includes\header.php on line 525
[2026-07-06 18:20:42] Undefined array key "MDRCCustID" in C:\xampp\Desktop\mdcnpal\htdocs\public_html\includes\header.php on line 528
[2026-07-06 18:20:42] Undefined property: app::$rs_customer in C:\xampp\Desktop\mdcnpal\htdocs\public_html\includes\header.php on line 712
[2026-07-06 18:20:42] Trying to access array offset on value of type null in C:\xampp\Desktop\mdcnpal\htdocs\public_html\includes\header.php on line 712
[2026-07-06 18:20:42] Undefined property: app::$rs_customer in C:\xampp\Desktop\mdcnpal\htdocs\public_html\includes\header.php on line 721
[2026-07-06 18:20:42] Trying to access array offset on value of type null in C:\xampp\Desktop\mdcnpal\htdocs\public_html\includes\header.php on line 721
[2026-07-06 18:20:42] Undefined property: app::$rs_customer in C:\xampp\Desktop\mdcnpal\htdocs\public_html\includes\header.php on line 730
[2026-07-06 18:20:42] Trying to access array offset on value of type null in C:\xampp\Desktop\mdcnpal\htdocs\public_html\includes\header.php on line 730
[2026-07-06 18:20:42] Undefined property: app::$rs_customer in C:\xampp\Desktop\mdcnpal\htdocs\public_html\includes\header.php on line 739
[2026-07-06 18:20:42] Trying to access array offset on value of type null in C:\xampp\Desktop\mdcnpal\htdocs\public_html\includes\header.php on line 739
[2026-07-06 18:20:42] Undefined property: app::$rs_cartmini in C:\xampp\Desktop\mdcnpal\htdocs\public_html\core\app.php(565) : eval()'d code on line 66
[06-Jul-2026 18:20:42 Asia/Kathmandu] PHP Fatal error:  Uncaught TypeError: count(): Argument #1 ($value) must be of type Countable|array, null given in C:\xampp\Desktop\mdcnpal\htdocs\public_html\core\app.php(565) : eval()'d code:66
Stack trace:
#0 C:\xampp\Desktop\mdcnpal\htdocs\public_html\core\app.php(565): eval()
#1 C:\xampp\Desktop\mdcnpal\htdocs\public_html\core\app.php(535): app->compile()
#2 C:\xampp\Desktop\mdcnpal\htdocs\public_html\core\app.php(516): app->package()
#3 C:\xampp\Desktop\mdcnpal\htdocs\public_html\index.php(6): app->execute()
#4 {main}
  thrown in C:\xampp\Desktop\mdcnpal\htdocs\public_html\core\app.php(565) : eval()'d code on line 66
[2026-07-06 18:20:43] Creation of dynamic property dbclass::$RECORD_SET is deprecated in C:\xampp\Desktop\mdcnpal\htdocs\public_html\core\dbclass.php on line 69
[2026-07-06 18:20:43] Creation of dynamic property dbclass::$app is deprecated in C:\xampp\Desktop\mdcnpal\htdocs\public_html\core\dbclass.php on line 75
[2026-07-06 18:20:43] Creation of dynamic property model::$foreign_tables is deprecated in C:\xampp\Desktop\mdcnpal\htdocs\public_html\core\model.php on line 43
[2026-07-06 18:20:43] Creation of dynamic property app::$inputfilter is deprecated in C:\xampp\Desktop\mdcnpal\htdocs\public_html\core\app.php on line 123
[2026-07-06 18:20:43] Creation of dynamic property app::$userconfig is deprecated in C:\xampp\Desktop\mdcnpal\htdocs\public_html\core\app.php on line 124
[2026-07-06 18:20:43] Creation of dynamic property app::$global_include is deprecated in C:\xampp\Desktop\mdcnpal\htdocs\public_html\core\app.php on line 125
[2026-07-06 18:20:43] Creation of dynamic property app::$set_cache_time is deprecated in C:\xampp\Desktop\mdcnpal\htdocs\public_html\core\app.php on line 153
[2026-07-06 18:20:43] Creation of dynamic property app::$meta is deprecated in C:\xampp\Desktop\mdcnpal\htdocs\public_html\core\app.php on line 434
[2026-07-06 18:20:43] Creation of dynamic property app::$rs_gs_city is deprecated in C:\xampp\Desktop\mdcnpal\htdocs\public_html\core\app.php on line 434
[2026-07-06 18:20:43] Creation of dynamic property app::$rs_footer_popular_item is deprecated in C:\xampp\Desktop\mdcnpal\htdocs\public_html\core\app.php on line 434
[2026-07-06 18:20:43] Creation of dynamic property app::$rs_footer_popular_test is deprecated in C:\xampp\Desktop\mdcnpal\htdocs\public_html\core\app.php on line 434
[2026-07-06 18:20:43] Creation of dynamic property app::$rs_testimonial is deprecated in C:\xampp\Desktop\mdcnpal\htdocs\public_html\core\app.php on line 434
[2026-07-06 18:20:43] Creation of dynamic property app::$admin is deprecated in C:\xampp\Desktop\mdcnpal\htdocs\public_html\core\app.php on line 434
[2026-07-06 18:20:43] Undefined array key 0 in C:\xampp\Desktop\mdcnpal\htdocs\public_html\core\global_include.php on line 514
[2026-07-06 18:20:43] Creation of dynamic property app::$popup is deprecated in C:\xampp\Desktop\mdcnpal\htdocs\public_html\core\app.php on line 434
[2026-07-06 18:20:43] Undefined array key "MDRCCustID" in C:\xampp\Desktop\mdcnpal\htdocs\public_html\core\global_include.php on line 515
[2026-07-06 18:20:43] Undefined array key "MDRCToken" in C:\xampp\Desktop\mdcnpal\htdocs\public_html\core\global_include.php on line 515
[2026-07-06 18:20:43] Creation of dynamic property app::$rscategory is deprecated in C:\xampp\Desktop\mdcnpal\htdocs\public_html\core\app.php on line 434
[2026-07-06 18:20:43] Creation of dynamic property app::$rs_pages is deprecated in C:\xampp\Desktop\mdcnpal\htdocs\public_html\core\app.php on line 434
[2026-07-06 18:20:43] Creation of dynamic property app::$gs is deprecated in C:\xampp\Desktop\mdcnpal\htdocs\public_html\core\app.php on line 434
[2026-07-06 18:20:43] Undefined array key "MDRCCustID" in C:\xampp\Desktop\mdcnpal\htdocs\public_html\core\global_include.php on line 596
[2026-07-06 18:20:43] Undefined array key "MDRCCustID" in C:\xampp\Desktop\mdcnpal\htdocs\public_html\core\global_include.php on line 615
[2026-07-06 18:20:43] Undefined variable $getId in C:\xampp\Desktop\mdcnpal\htdocs\public_html\core\global_include.php on line 684
[2026-07-06 18:20:43] Undefined variable $getName in C:\xampp\Desktop\mdcnpal\htdocs\public_html\core\global_include.php on line 685
[2026-07-06 18:20:43] Undefined array key 0 in C:\xampp\Desktop\mdcnpal\htdocs\public_html\core\global_include.php on line 810
[2026-07-06 18:20:43] Creation of dynamic property app::$rs_offer_msg is deprecated in C:\xampp\Desktop\mdcnpal\htdocs\public_html\core\app.php on line 434
[2026-07-06 18:20:43] Creation of dynamic property app::$rs_for_doctors is deprecated in C:\xampp\Desktop\mdcnpal\htdocs\public_html\core\app.php on line 434
[2026-07-06 18:20:43] Undefined property: app::$rs_cartmini in C:\xampp\Desktop\mdcnpal\htdocs\public_html\includes\header.php on line 131
[2026-07-06 18:20:43] Undefined array key "MDRCCustID" in C:\xampp\Desktop\mdcnpal\htdocs\public_html\includes\header.php on line 134
[2026-07-06 18:20:43] Undefined property: app::$rs_cartmini in C:\xampp\Desktop\mdcnpal\htdocs\public_html\includes\header.php on line 197
[2026-07-06 18:20:43] Undefined array key "MDRCCustID" in C:\xampp\Desktop\mdcnpal\htdocs\public_html\includes\header.php on line 200
[2026-07-06 18:20:43] Undefined property: app::$rs_cartmini in C:\xampp\Desktop\mdcnpal\htdocs\public_html\includes\header.php on line 469
[2026-07-06 18:20:43] Undefined array key "MDRCCustID" in C:\xampp\Desktop\mdcnpal\htdocs\public_html\includes\header.php on line 472
[2026-07-06 18:20:43] Undefined property: app::$rs_cartmini in C:\xampp\Desktop\mdcnpal\htdocs\public_html\includes\header.php on line 525
[2026-07-06 18:20:43] Undefined array key "MDRCCustID" in C:\xampp\Desktop\mdcnpal\htdocs\public_html\includes\header.php on line 528
[2026-07-06 18:20:43] Undefined property: app::$rs_customer in C:\xampp\Desktop\mdcnpal\htdocs\public_html\includes\header.php on line 712
[2026-07-06 18:20:43] Trying to access array offset on value of type null in C:\xampp\Desktop\mdcnpal\htdocs\public_html\includes\header.php on line 712
[2026-07-06 18:20:43] Undefined property: app::$rs_customer in C:\xampp\Desktop\mdcnpal\htdocs\public_html\includes\header.php on line 721
[2026-07-06 18:20:43] Trying to access array offset on value of type null in C:\xampp\Desktop\mdcnpal\htdocs\public_html\includes\header.php on line 721
[2026-07-06 18:20:43] Undefined property: app::$rs_customer in C:\xampp\Desktop\mdcnpal\htdocs\public_html\includes\header.php on line 730
[2026-07-06 18:20:43] Trying to access array offset on value of type null in C:\xampp\Desktop\mdcnpal\htdocs\public_html\includes\header.php on line 730
[2026-07-06 18:20:43] Undefined property: app::$rs_customer in C:\xampp\Desktop\mdcnpal\htdocs\public_html\includes\header.php on line 739
[2026-07-06 18:20:43] Trying to access array offset on value of type null in C:\xampp\Desktop\mdcnpal\htdocs\public_html\includes\header.php on line 739
[2026-07-06 18:20:43] Undefined property: app::$rs_customer in C:\xampp\Desktop\mdcnpal\htdocs\public_html\includes\footer.php on line 357
[2026-07-06 18:20:43] Trying to access array offset on value of type null in C:\xampp\Desktop\mdcnpal\htdocs\public_html\includes\footer.php on line 357
[2026-07-06 18:20:43] Undefined property: app::$rs_customer in C:\xampp\Desktop\mdcnpal\htdocs\public_html\includes\footer.php on line 366
[2026-07-06 18:20:43] Trying to access array offset on value of type null in C:\xampp\Desktop\mdcnpal\htdocs\public_html\includes\footer.php on line 366
[2026-07-06 18:20:43] Undefined property: app::$rs_customer in C:\xampp\Desktop\mdcnpal\htdocs\public_html\includes\footer.php on line 372
[2026-07-06 18:20:43] Trying to access array offset on value of type null in C:\xampp\Desktop\mdcnpal\htdocs\public_html\includes\footer.php on line 372
[2026-07-06 18:20:43] Undefined property: app::$rs_customer in C:\xampp\Desktop\mdcnpal\htdocs\public_html\includes\general_data.php on line 88
[2026-07-06 18:20:43] Trying to access array offset on value of type null in C:\xampp\Desktop\mdcnpal\htdocs\public_html\includes\general_data.php on line 88
[2026-07-06 18:20:43] Undefined array key "MDRCCustID" in C:\xampp\Desktop\mdcnpal\htdocs\public_html\includes\general_data.php on line 88
[2026-07-06 18:20:43] Undefined variable $tmpStr in C:\xampp\Desktop\mdcnpal\htdocs\public_html\core\app.php on line 971
[2026-07-06 18:20:43] Creation of dynamic property dbclass::$RECORD_SET is deprecated in C:\xampp\Desktop\mdcnpal\htdocs\public_html\core\dbclass.php on line 69
[2026-07-06 18:20:43] Creation of dynamic property dbclass::$app is deprecated in C:\xampp\Desktop\mdcnpal\htdocs\public_html\core\dbclass.php on line 75
[2026-07-06 18:20:43] Creation of dynamic property model::$foreign_tables is deprecated in C:\xampp\Desktop\mdcnpal\htdocs\public_html\core\model.php on line 43
[2026-07-06 18:20:43] Creation of dynamic property app::$inputfilter is deprecated in C:\xampp\Desktop\mdcnpal\htdocs\public_html\core\app.php on line 123
[2026-07-06 18:20:43] Creation of dynamic property app::$userconfig is deprecated in C:\xampp\Desktop\mdcnpal\htdocs\public_html\core\app.php on line 124
[2026-07-06 18:20:43] Creation of dynamic property app::$global_include is deprecated in C:\xampp\Desktop\mdcnpal\htdocs\public_html\core\app.php on line 125
[2026-07-06 18:20:43] Creation of dynamic property app::$set_cache_time is deprecated in C:\xampp\Desktop\mdcnpal\htdocs\public_html\core\app.php on line 153
[2026-07-06 18:20:43] Creation of dynamic property app::$meta is deprecated in C:\xampp\Desktop\mdcnpal\htdocs\public_html\core\app.php on line 434
[2026-07-06 18:20:43] Creation of dynamic property app::$rs_gs_city is deprecated in C:\xampp\Desktop\mdcnpal\htdocs\public_html\core\app.php on line 434
[2026-07-06 18:20:43] Creation of dynamic property app::$rs_footer_popular_item is deprecated in C:\xampp\Desktop\mdcnpal\htdocs\public_html\core\app.php on line 434
[2026-07-06 18:20:43] Creation of dynamic property app::$rs_footer_popular_test is deprecated in C:\xampp\Desktop\mdcnpal\htdocs\public_html\core\app.php on line 434
[2026-07-06 18:20:43] Creation of dynamic property app::$rs_testimonial is deprecated in C:\xampp\Desktop\mdcnpal\htdocs\public_html\core\app.php on line 434
[2026-07-06 18:20:43] Creation of dynamic property app::$admin is deprecated in C:\xampp\Desktop\mdcnpal\htdocs\public_html\core\app.php on line 434
[2026-07-06 18:20:43] Undefined array key 0 in C:\xampp\Desktop\mdcnpal\htdocs\public_html\core\global_include.php on line 514
[2026-07-06 18:20:43] Creation of dynamic property app::$popup is deprecated in C:\xampp\Desktop\mdcnpal\htdocs\public_html\core\app.php on line 434
[2026-07-06 18:20:43] Undefined array key "MDRCCustID" in C:\xampp\Desktop\mdcnpal\htdocs\public_html\core\global_include.php on line 515
[2026-07-06 18:20:43] Undefined array key "MDRCToken" in C:\xampp\Desktop\mdcnpal\htdocs\public_html\core\global_include.php on line 515
[2026-07-06 18:20:43] Creation of dynamic property app::$rscategory is deprecated in C:\xampp\Desktop\mdcnpal\htdocs\public_html\core\app.php on line 434
[2026-07-06 18:20:43] Creation of dynamic property app::$rs_pages is deprecated in C:\xampp\Desktop\mdcnpal\htdocs\public_html\core\app.php on line 434
[2026-07-06 18:20:43] Creation of dynamic property app::$gs is deprecated in C:\xampp\Desktop\mdcnpal\htdocs\public_html\core\app.php on line 434
[2026-07-06 18:20:43] Undefined array key "MDRCCustID" in C:\xampp\Desktop\mdcnpal\htdocs\public_html\core\global_include.php on line 596
[2026-07-06 18:20:43] Undefined array key "MDRCCustID" in C:\xampp\Desktop\mdcnpal\htdocs\public_html\core\global_include.php on line 615
[2026-07-06 18:20:43] Undefined variable $getId in C:\xampp\Desktop\mdcnpal\htdocs\public_html\core\global_include.php on line 684
[2026-07-06 18:20:43] Undefined variable $getName in C:\xampp\Desktop\mdcnpal\htdocs\public_html\core\global_include.php on line 685
[2026-07-06 18:20:43] Undefined array key 0 in C:\xampp\Desktop\mdcnpal\htdocs\public_html\core\global_include.php on line 810
[2026-07-06 18:20:43] Creation of dynamic property app::$rs_offer_msg is deprecated in C:\xampp\Desktop\mdcnpal\htdocs\public_html\core\app.php on line 434
[2026-07-06 18:20:43] Creation of dynamic property app::$rs_for_doctors is deprecated in C:\xampp\Desktop\mdcnpal\htdocs\public_html\core\app.php on line 434
[2026-07-06 18:20:43] Undefined property: app::$rs_cartmini in C:\xampp\Desktop\mdcnpal\htdocs\public_html\includes\header.php on line 131
[2026-07-06 18:20:43] Undefined array key "MDRCCustID" in C:\xampp\Desktop\mdcnpal\htdocs\public_html\includes\header.php on line 134
[2026-07-06 18:20:43] Undefined property: app::$rs_cartmini in C:\xampp\Desktop\mdcnpal\htdocs\public_html\includes\header.php on line 197
[2026-07-06 18:20:43] Undefined array key "MDRCCustID" in C:\xampp\Desktop\mdcnpal\htdocs\public_html\includes\header.php on line 200
[2026-07-06 18:20:43] Undefined property: app::$rs_cartmini in C:\xampp\Desktop\mdcnpal\htdocs\public_html\includes\header.php on line 469
[2026-07-06 18:20:43] Undefined array key "MDRCCustID" in C:\xampp\Desktop\mdcnpal\htdocs\public_html\includes\header.php on line 472
[2026-07-06 18:20:43] Undefined property: app::$rs_cartmini in C:\xampp\Desktop\mdcnpal\htdocs\public_html\includes\header.php on line 525
[2026-07-06 18:20:43] Undefined array key "MDRCCustID" in C:\xampp\Desktop\mdcnpal\htdocs\public_html\includes\header.php on line 528
[2026-07-06 18:20:43] Undefined property: app::$rs_customer in C:\xampp\Desktop\mdcnpal\htdocs\public_html\includes\header.php on line 712
[2026-07-06 18:20:43] Trying to access array offset on value of type null in C:\xampp\Desktop\mdcnpal\htdocs\public_html\includes\header.php on line 712
[2026-07-06 18:20:43] Undefined property: app::$rs_customer in C:\xampp\Desktop\mdcnpal\htdocs\public_html\includes\header.php on line 721
[2026-07-06 18:20:43] Trying to access array offset on value of type null in C:\xampp\Desktop\mdcnpal\htdocs\public_html\includes\header.php on line 721
[2026-07-06 18:20:43] Undefined property: app::$rs_customer in C:\xampp\Desktop\mdcnpal\htdocs\public_html\includes\header.php on line 730
[2026-07-06 18:20:43] Trying to access array offset on value of type null in C:\xampp\Desktop\mdcnpal\htdocs\public_html\includes\header.php on line 730
[2026-07-06 18:20:43] Undefined property: app::$rs_customer in C:\xampp\Desktop\mdcnpal\htdocs\public_html\includes\header.php on line 739
[2026-07-06 18:20:43] Trying to access array offset on value of type null in C:\xampp\Desktop\mdcnpal\htdocs\public_html\includes\header.php on line 739
[2026-07-06 18:20:43] Undefined property: app::$rs_customer in C:\xampp\Desktop\mdcnpal\htdocs\public_html\includes\footer.php on line 357
[2026-07-06 18:20:43] Trying to access array offset on value of type null in C:\xampp\Desktop\mdcnpal\htdocs\public_html\includes\footer.php on line 357
[2026-07-06 18:20:43] Undefined property: app::$rs_customer in C:\xampp\Desktop\mdcnpal\htdocs\public_html\includes\footer.php on line 366
[2026-07-06 18:20:43] Trying to access array offset on value of type null in C:\xampp\Desktop\mdcnpal\htdocs\public_html\includes\footer.php on line 366
[2026-07-06 18:20:43] Undefined property: app::$rs_customer in C:\xampp\Desktop\mdcnpal\htdocs\public_html\includes\footer.php on line 372
[2026-07-06 18:20:43] Trying to access array offset on value of type null in C:\xampp\Desktop\mdcnpal\htdocs\public_html\includes\footer.php on line 372
[2026-07-06 18:20:43] Undefined property: app::$rs_customer in C:\xampp\Desktop\mdcnpal\htdocs\public_html\includes\general_data.php on line 88
[2026-07-06 18:20:43] Trying to access array offset on value of type null in C:\xampp\Desktop\mdcnpal\htdocs\public_html\includes\general_data.php on line 88
[2026-07-06 18:20:43] Undefined array key "MDRCCustID" in C:\xampp\Desktop\mdcnpal\htdocs\public_html\includes\general_data.php on line 88
[2026-07-06 18:20:43] Undefined variable $tmpStr in C:\xampp\Desktop\mdcnpal\htdocs\public_html\core\app.php on line 971
[2026-07-06 18:20:43] Creation of dynamic property dbclass::$RECORD_SET is deprecated in C:\xampp\Desktop\mdcnpal\htdocs\public_html\core\dbclass.php on line 69
[2026-07-06 18:20:43] Creation of dynamic property dbclass::$app is deprecated in C:\xampp\Desktop\mdcnpal\htdocs\public_html\core\dbclass.php on line 75
[2026-07-06 18:20:43] Creation of dynamic property model::$foreign_tables is deprecated in C:\xampp\Desktop\mdcnpal\htdocs\public_html\core\model.php on line 43
[2026-07-06 18:20:43] Creation of dynamic property app::$inputfilter is deprecated in C:\xampp\Desktop\mdcnpal\htdocs\public_html\core\app.php on line 123
[2026-07-06 18:20:43] Creation of dynamic property app::$userconfig is deprecated in C:\xampp\Desktop\mdcnpal\htdocs\public_html\core\app.php on line 124
[2026-07-06 18:20:43] Creation of dynamic property app::$global_include is deprecated in C:\xampp\Desktop\mdcnpal\htdocs\public_html\core\app.php on line 125
[2026-07-06 18:20:43] Creation of dynamic property app::$set_cache_time is deprecated in C:\xampp\Desktop\mdcnpal\htdocs\public_html\core\app.php on line 153
[2026-07-06 18:20:43] Creation of dynamic property app::$meta is deprecated in C:\xampp\Desktop\mdcnpal\htdocs\public_html\core\app.php on line 434
[2026-07-06 18:20:43] Creation of dynamic property app::$rs_gs_city is deprecated in C:\xampp\Desktop\mdcnpal\htdocs\public_html\core\app.php on line 434
[2026-07-06 18:20:43] Creation of dynamic property app::$rs_footer_popular_item is deprecated in C:\xampp\Desktop\mdcnpal\htdocs\public_html\core\app.php on line 434
[2026-07-06 18:20:44] Creation of dynamic property app::$rs_footer_popular_test is deprecated in C:\xampp\Desktop\mdcnpal\htdocs\public_html\core\app.php on line 434
[2026-07-06 18:20:44] Creation of dynamic property app::$rs_testimonial is deprecated in C:\xampp\Desktop\mdcnpal\htdocs\public_html\core\app.php on line 434
[2026-07-06 18:20:44] Creation of dynamic property app::$admin is deprecated in C:\xampp\Desktop\mdcnpal\htdocs\public_html\core\app.php on line 434
[2026-07-06 18:20:44] Undefined array key 0 in C:\xampp\Desktop\mdcnpal\htdocs\public_html\core\global_include.php on line 514
[2026-07-06 18:20:44] Creation of dynamic property app::$popup is deprecated in C:\xampp\Desktop\mdcnpal\htdocs\public_html\core\app.php on line 434
[2026-07-06 18:20:44] Undefined array key "MDRCCustID" in C:\xampp\Desktop\mdcnpal\htdocs\public_html\core\global_include.php on line 515
[2026-07-06 18:20:44] Undefined array key "MDRCToken" in C:\xampp\Desktop\mdcnpal\htdocs\public_html\core\global_include.php on line 515
[2026-07-06 18:20:44] Creation of dynamic property app::$rscategory is deprecated in C:\xampp\Desktop\mdcnpal\htdocs\public_html\core\app.php on line 434
[2026-07-06 18:20:44] Creation of dynamic property app::$rs_pages is deprecated in C:\xampp\Desktop\mdcnpal\htdocs\public_html\core\app.php on line 434
[2026-07-06 18:20:44] Creation of dynamic property app::$gs is deprecated in C:\xampp\Desktop\mdcnpal\htdocs\public_html\core\app.php on line 434
[2026-07-06 18:20:44] Undefined array key "MDRCCustID" in C:\xampp\Desktop\mdcnpal\htdocs\public_html\core\global_include.php on line 596
[2026-07-06 18:20:44] Undefined array key "MDRCCustID" in C:\xampp\Desktop\mdcnpal\htdocs\public_html\core\global_include.php on line 615
[2026-07-06 18:20:44] Undefined variable $getId in C:\xampp\Desktop\mdcnpal\htdocs\public_html\core\global_include.php on line 684
[2026-07-06 18:20:44] Undefined variable $getName in C:\xampp\Desktop\mdcnpal\htdocs\public_html\core\global_include.php on line 685
[2026-07-06 18:20:44] Undefined array key 0 in C:\xampp\Desktop\mdcnpal\htdocs\public_html\core\global_include.php on line 810
[2026-07-06 18:20:44] Creation of dynamic property app::$rs_offer_msg is deprecated in C:\xampp\Desktop\mdcnpal\htdocs\public_html\core\app.php on line 434
[2026-07-06 18:20:44] Creation of dynamic property app::$rs_for_doctors is deprecated in C:\xampp\Desktop\mdcnpal\htdocs\public_html\core\app.php on line 434
[2026-07-06 18:20:44] Creation of dynamic property app::$rs_gallery_data is deprecated in C:\xampp\Desktop\mdcnpal\htdocs\public_html\core\app.php on line 434
[2026-07-06 18:20:44] Creation of dynamic property app::$category is deprecated in C:\xampp\Desktop\mdcnpal\htdocs\public_html\core\app.php on line 434
[2026-07-06 18:20:44] Undefined array key 0 in C:\xampp\Desktop\mdcnpal\htdocs\public_html\controllers\controller_for_doctors.php on line 22
[2026-07-06 18:20:44] Creation of dynamic property app::$records_doctors is deprecated in C:\xampp\Desktop\mdcnpal\htdocs\public_html\core\app.php on line 434
[2026-07-06 18:20:44] Undefined array key 0 in C:\xampp\Desktop\mdcnpal\htdocs\public_html\controllers\controller_for_doctors.php on line 25
[2026-07-06 18:20:44] Trying to access array offset on value of type null in C:\xampp\Desktop\mdcnpal\htdocs\public_html\controllers\controller_for_doctors.php on line 25
[2026-07-06 18:20:44] Creation of dynamic property app::$records_services is deprecated in C:\xampp\Desktop\mdcnpal\htdocs\public_html\core\app.php on line 434
[2026-07-06 18:20:44] Undefined array key 0 in C:\xampp\Desktop\mdcnpal\htdocs\public_html\controllers\controller_for_doctors.php on line 31
[2026-07-06 18:20:44] Trying to access array offset on value of type null in C:\xampp\Desktop\mdcnpal\htdocs\public_html\controllers\controller_for_doctors.php on line 31
[2026-07-06 18:20:44] str_replace(): Passing null to parameter #3 ($subject) of type array|string is deprecated in C:\xampp\Desktop\mdcnpal\htdocs\public_html\controllers\controller_for_doctors.php on line 31
[2026-07-06 18:20:44] Undefined array key 0 in C:\xampp\Desktop\mdcnpal\htdocs\public_html\controllers\controller_for_doctors.php on line 32
[2026-07-06 18:20:44] Trying to access array offset on value of type null in C:\xampp\Desktop\mdcnpal\htdocs\public_html\controllers\controller_for_doctors.php on line 32
[2026-07-06 18:20:44] str_replace(): Passing null to parameter #3 ($subject) of type array|string is deprecated in C:\xampp\Desktop\mdcnpal\htdocs\public_html\controllers\controller_for_doctors.php on line 32
[2026-07-06 18:20:44] Undefined array key 0 in C:\xampp\Desktop\mdcnpal\htdocs\public_html\controllers\controller_for_doctors.php on line 33
[2026-07-06 18:20:44] Trying to access array offset on value of type null in C:\xampp\Desktop\mdcnpal\htdocs\public_html\controllers\controller_for_doctors.php on line 33
[2026-07-06 18:20:44] str_replace(): Passing null to parameter #3 ($subject) of type array|string is deprecated in C:\xampp\Desktop\mdcnpal\htdocs\public_html\controllers\controller_for_doctors.php on line 33
[2026-07-06 18:20:44] Creation of dynamic property dbclass::$RECORD_SET is deprecated in C:\xampp\Desktop\mdcnpal\htdocs\public_html\core\dbclass.php on line 69
[2026-07-06 18:20:44] Creation of dynamic property dbclass::$app is deprecated in C:\xampp\Desktop\mdcnpal\htdocs\public_html\core\dbclass.php on line 75
[2026-07-06 18:20:44] Creation of dynamic property model::$foreign_tables is deprecated in C:\xampp\Desktop\mdcnpal\htdocs\public_html\core\model.php on line 43
[2026-07-06 18:20:44] Creation of dynamic property app::$inputfilter is deprecated in C:\xampp\Desktop\mdcnpal\htdocs\public_html\core\app.php on line 123
[2026-07-06 18:20:44] Creation of dynamic property app::$userconfig is deprecated in C:\xampp\Desktop\mdcnpal\htdocs\public_html\core\app.php on line 124
[2026-07-06 18:20:44] Creation of dynamic property app::$global_include is deprecated in C:\xampp\Desktop\mdcnpal\htdocs\public_html\core\app.php on line 125
[2026-07-06 18:20:44] Creation of dynamic property app::$set_cache_time is deprecated in C:\xampp\Desktop\mdcnpal\htdocs\public_html\core\app.php on line 153
[2026-07-06 18:20:44] Creation of dynamic property app::$meta is deprecated in C:\xampp\Desktop\mdcnpal\htdocs\public_html\core\app.php on line 434
[2026-07-06 18:20:44] Creation of dynamic property app::$rs_gs_city is deprecated in C:\xampp\Desktop\mdcnpal\htdocs\public_html\core\app.php on line 434
[2026-07-06 18:20:44] Creation of dynamic property app::$rs_footer_popular_item is deprecated in C:\xampp\Desktop\mdcnpal\htdocs\public_html\core\app.php on line 434
[2026-07-06 18:20:44] Creation of dynamic property app::$rs_footer_popular_test is deprecated in C:\xampp\Desktop\mdcnpal\htdocs\public_html\core\app.php on line 434
[2026-07-06 18:20:44] Creation of dynamic property app::$rs_testimonial is deprecated in C:\xampp\Desktop\mdcnpal\htdocs\public_html\core\app.php on line 434
[2026-07-06 18:20:44] Creation of dynamic property app::$admin is deprecated in C:\xampp\Desktop\mdcnpal\htdocs\public_html\core\app.php on line 434
[2026-07-06 18:20:44] Undefined array key 0 in C:\xampp\Desktop\mdcnpal\htdocs\public_html\core\global_include.php on line 514
[2026-07-06 18:20:44] Creation of dynamic property app::$popup is deprecated in C:\xampp\Desktop\mdcnpal\htdocs\public_html\core\app.php on line 434
[2026-07-06 18:20:44] Undefined array key "MDRCCustID" in C:\xampp\Desktop\mdcnpal\htdocs\public_html\core\global_include.php on line 515
[2026-07-06 18:20:44] Undefined array key "MDRCToken" in C:\xampp\Desktop\mdcnpal\htdocs\public_html\core\global_include.php on line 515
[2026-07-06 18:20:44] Creation of dynamic property app::$rscategory is deprecated in C:\xampp\Desktop\mdcnpal\htdocs\public_html\core\app.php on line 434
[2026-07-06 18:20:44] Creation of dynamic property app::$rs_pages is deprecated in C:\xampp\Desktop\mdcnpal\htdocs\public_html\core\app.php on line 434
[2026-07-06 18:20:44] Creation of dynamic property app::$gs is deprecated in C:\xampp\Desktop\mdcnpal\htdocs\public_html\core\app.php on line 434
[2026-07-06 18:20:44] Undefined array key "MDRCCustID" in C:\xampp\Desktop\mdcnpal\htdocs\public_html\core\global_include.php on line 596
[2026-07-06 18:20:44] Undefined array key "MDRCCustID" in C:\xampp\Desktop\mdcnpal\htdocs\public_html\core\global_include.php on line 615
[2026-07-06 18:20:44] Undefined variable $getId in C:\xampp\Desktop\mdcnpal\htdocs\public_html\core\global_include.php on line 684
[2026-07-06 18:20:44] Undefined variable $getName in C:\xampp\Desktop\mdcnpal\htdocs\public_html\core\global_include.php on line 685
[2026-07-06 18:20:44] Undefined array key 0 in C:\xampp\Desktop\mdcnpal\htdocs\public_html\core\global_include.php on line 810
[2026-07-06 18:20:44] Creation of dynamic property app::$rs_offer_msg is deprecated in C:\xampp\Desktop\mdcnpal\htdocs\public_html\core\app.php on line 434
[2026-07-06 18:20:44] Creation of dynamic property app::$rs_for_doctors is deprecated in C:\xampp\Desktop\mdcnpal\htdocs\public_html\core\app.php on line 434
[2026-07-06 18:20:44] Undefined property: app::$rs_cartmini in C:\xampp\Desktop\mdcnpal\htdocs\public_html\includes\header.php on line 131
[2026-07-06 18:20:44] Undefined array key "MDRCCustID" in C:\xampp\Desktop\mdcnpal\htdocs\public_html\includes\header.php on line 134
[2026-07-06 18:20:44] Undefined property: app::$rs_cartmini in C:\xampp\Desktop\mdcnpal\htdocs\public_html\includes\header.php on line 197
[2026-07-06 18:20:44] Undefined array key "MDRCCustID" in C:\xampp\Desktop\mdcnpal\htdocs\public_html\includes\header.php on line 200
[2026-07-06 18:20:44] Undefined property: app::$rs_cartmini in C:\xampp\Desktop\mdcnpal\htdocs\public_html\includes\header.php on line 469
[2026-07-06 18:20:44] Undefined array key "MDRCCustID" in C:\xampp\Desktop\mdcnpal\htdocs\public_html\includes\header.php on line 472
[2026-07-06 18:20:44] Undefined property: app::$rs_cartmini in C:\xampp\Desktop\mdcnpal\htdocs\public_html\includes\header.php on line 525
[2026-07-06 18:20:44] Undefined array key "MDRCCustID" in C:\xampp\Desktop\mdcnpal\htdocs\public_html\includes\header.php on line 528
[2026-07-06 18:20:44] Undefined property: app::$rs_customer in C:\xampp\Desktop\mdcnpal\htdocs\public_html\includes\header.php on line 712
[2026-07-06 18:20:44] Trying to access array offset on value of type null in C:\xampp\Desktop\mdcnpal\htdocs\public_html\includes\header.php on line 712
[2026-07-06 18:20:44] Undefined property: app::$rs_customer in C:\xampp\Desktop\mdcnpal\htdocs\public_html\includes\header.php on line 721
[2026-07-06 18:20:44] Trying to access array offset on value of type null in C:\xampp\Desktop\mdcnpal\htdocs\public_html\includes\header.php on line 721
[2026-07-06 18:20:44] Undefined property: app::$rs_customer in C:\xampp\Desktop\mdcnpal\htdocs\public_html\includes\header.php on line 730
[2026-07-06 18:20:44] Trying to access array offset on value of type null in C:\xampp\Desktop\mdcnpal\htdocs\public_html\includes\header.php on line 730
[2026-07-06 18:20:44] Undefined property: app::$rs_customer in C:\xampp\Desktop\mdcnpal\htdocs\public_html\includes\header.php on line 739
[2026-07-06 18:20:44] Trying to access array offset on value of type null in C:\xampp\Desktop\mdcnpal\htdocs\public_html\includes\header.php on line 739
[2026-07-06 18:20:44] Undefined property: app::$rs_customer in C:\xampp\Desktop\mdcnpal\htdocs\public_html\includes\footer.php on line 357
[2026-07-06 18:20:44] Trying to access array offset on value of type null in C:\xampp\Desktop\mdcnpal\htdocs\public_html\includes\footer.php on line 357
[2026-07-06 18:20:44] Undefined property: app::$rs_customer in C:\xampp\Desktop\mdcnpal\htdocs\public_html\includes\footer.php on line 366
[2026-07-06 18:20:44] Trying to access array offset on value of type null in C:\xampp\Desktop\mdcnpal\htdocs\public_html\includes\footer.php on line 366
[2026-07-06 18:20:44] Undefined property: app::$rs_customer in C:\xampp\Desktop\mdcnpal\htdocs\public_html\includes\footer.php on line 372
[2026-07-06 18:20:44] Trying to access array offset on value of type null in C:\xampp\Desktop\mdcnpal\htdocs\public_html\includes\footer.php on line 372
[2026-07-06 18:20:44] Undefined property: app::$rs_customer in C:\xampp\Desktop\mdcnpal\htdocs\public_html\includes\general_data.php on line 88
[2026-07-06 18:20:44] Trying to access array offset on value of type null in C:\xampp\Desktop\mdcnpal\htdocs\public_html\includes\general_data.php on line 88
[2026-07-06 18:20:44] Undefined array key "MDRCCustID" in C:\xampp\Desktop\mdcnpal\htdocs\public_html\includes\general_data.php on line 88
[2026-07-06 18:20:44] Undefined variable $tmpStr in C:\xampp\Desktop\mdcnpal\htdocs\public_html\core\app.php on line 971
[2026-07-06 18:21:05] Creation of dynamic property dbclass::$RECORD_SET is deprecated in C:\xampp\Desktop\mdcnpal\htdocs\public_html\core\dbclass.php on line 69
[2026-07-06 18:21:05] Creation of dynamic property dbclass::$app is deprecated in C:\xampp\Desktop\mdcnpal\htdocs\public_html\core\dbclass.php on line 75
[2026-07-06 18:21:05] Creation of dynamic property model::$foreign_tables is deprecated in C:\xampp\Desktop\mdcnpal\htdocs\public_html\core\model.php on line 43
[2026-07-06 18:21:05] Creation of dynamic property app::$inputfilter is deprecated in C:\xampp\Desktop\mdcnpal\htdocs\public_html\core\app.php on line 123
[2026-07-06 18:21:05] Creation of dynamic property app::$userconfig is deprecated in C:\xampp\Desktop\mdcnpal\htdocs\public_html\core\app.php on line 124
[2026-07-06 18:21:05] Creation of dynamic property app::$global_include is deprecated in C:\xampp\Desktop\mdcnpal\htdocs\public_html\core\app.php on line 125
[2026-07-06 18:21:05] Creation of dynamic property app::$set_cache_time is deprecated in C:\xampp\Desktop\mdcnpal\htdocs\public_html\core\app.php on line 153
[2026-07-06 18:21:05] Creation of dynamic property app::$meta is deprecated in C:\xampp\Desktop\mdcnpal\htdocs\public_html\core\app.php on line 434
[2026-07-06 18:21:05] Creation of dynamic property app::$rs_gs_city is deprecated in C:\xampp\Desktop\mdcnpal\htdocs\public_html\core\app.php on line 434
[2026-07-06 18:21:05] Creation of dynamic property app::$rs_footer_popular_item is deprecated in C:\xampp\Desktop\mdcnpal\htdocs\public_html\core\app.php on line 434
[2026-07-06 18:21:05] Creation of dynamic property app::$rs_footer_popular_test is deprecated in C:\xampp\Desktop\mdcnpal\htdocs\public_html\core\app.php on line 434
[2026-07-06 18:21:05] Creation of dynamic property app::$rs_testimonial is deprecated in C:\xampp\Desktop\mdcnpal\htdocs\public_html\core\app.php on line 434
[2026-07-06 18:21:05] Creation of dynamic property app::$admin is deprecated in C:\xampp\Desktop\mdcnpal\htdocs\public_html\core\app.php on line 434
[2026-07-06 18:21:05] Undefined array key 0 in C:\xampp\Desktop\mdcnpal\htdocs\public_html\core\global_include.php on line 514
[2026-07-06 18:21:05] Creation of dynamic property app::$popup is deprecated in C:\xampp\Desktop\mdcnpal\htdocs\public_html\core\app.php on line 434
[2026-07-06 18:21:05] Undefined array key "MDRCCustID" in C:\xampp\Desktop\mdcnpal\htdocs\public_html\core\global_include.php on line 515
[2026-07-06 18:21:05] Undefined array key "MDRCToken" in C:\xampp\Desktop\mdcnpal\htdocs\public_html\core\global_include.php on line 515
[2026-07-06 18:21:05] Creation of dynamic property app::$rscategory is deprecated in C:\xampp\Desktop\mdcnpal\htdocs\public_html\core\app.php on line 434
[2026-07-06 18:21:05] Creation of dynamic property app::$rs_pages is deprecated in C:\xampp\Desktop\mdcnpal\htdocs\public_html\core\app.php on line 434
[2026-07-06 18:21:05] Creation of dynamic property app::$gs is deprecated in C:\xampp\Desktop\mdcnpal\htdocs\public_html\core\app.php on line 434
[2026-07-06 18:21:05] Undefined array key "MDRCCustID" in C:\xampp\Desktop\mdcnpal\htdocs\public_html\core\global_include.php on line 596
[2026-07-06 18:21:05] Undefined array key "MDRCCustID" in C:\xampp\Desktop\mdcnpal\htdocs\public_html\core\global_include.php on line 615
[2026-07-06 18:21:05] Undefined variable $getId in C:\xampp\Desktop\mdcnpal\htdocs\public_html\core\global_include.php on line 684
[2026-07-06 18:21:05] Undefined variable $getName in C:\xampp\Desktop\mdcnpal\htdocs\public_html\core\global_include.php on line 685
[2026-07-06 18:21:05] Undefined array key 0 in C:\xampp\Desktop\mdcnpal\htdocs\public_html\core\global_include.php on line 810
[2026-07-06 18:21:05] Creation of dynamic property app::$rs_offer_msg is deprecated in C:\xampp\Desktop\mdcnpal\htdocs\public_html\core\app.php on line 434
[2026-07-06 18:21:05] Creation of dynamic property app::$rs_for_doctors is deprecated in C:\xampp\Desktop\mdcnpal\htdocs\public_html\core\app.php on line 434
[2026-07-06 18:21:05] Creation of dynamic property app::$rs_data is deprecated in C:\xampp\Desktop\mdcnpal\htdocs\public_html\core\app.php on line 434
[2026-07-06 18:21:05] Creation of dynamic property app::$rs_certi_data is deprecated in C:\xampp\Desktop\mdcnpal\htdocs\public_html\core\app.php on line 434
[2026-07-06 18:21:05] Creation of dynamic property app::$rs_key_fetures_data is deprecated in C:\xampp\Desktop\mdcnpal\htdocs\public_html\core\app.php on line 434
[2026-07-06 18:21:05] Creation of dynamic property app::$rs_banner is deprecated in C:\xampp\Desktop\mdcnpal\htdocs\public_html\core\app.php on line 434
[2026-07-06 18:21:05] Undefined variable $rs_package_data in C:\xampp\Desktop\mdcnpal\htdocs\public_html\controllers\controller_detail.php on line 94
[2026-07-06 18:21:05] Creation of dynamic property app::$rs_package_data is deprecated in C:\xampp\Desktop\mdcnpal\htdocs\public_html\core\app.php on line 434
[2026-07-06 18:21:05] Creation of dynamic property app::$city_id is deprecated in C:\xampp\Desktop\mdcnpal\htdocs\public_html\core\app.php on line 434
[2026-07-06 18:21:05] Creation of dynamic property app::$city_name is deprecated in C:\xampp\Desktop\mdcnpal\htdocs\public_html\core\app.php on line 434
[2026-07-06 18:21:05] Creation of dynamic property app::$rs_faq_data is deprecated in C:\xampp\Desktop\mdcnpal\htdocs\public_html\core\app.php on line 434
[2026-07-06 18:21:05] Undefined property: app::$rs_cartmini in C:\xampp\Desktop\mdcnpal\htdocs\public_html\includes\header.php on line 131
[2026-07-06 18:21:05] Undefined array key "MDRCCustID" in C:\xampp\Desktop\mdcnpal\htdocs\public_html\includes\header.php on line 134
[2026-07-06 18:21:05] Undefined property: app::$rs_cartmini in C:\xampp\Desktop\mdcnpal\htdocs\public_html\includes\header.php on line 197
[2026-07-06 18:21:05] Undefined array key "MDRCCustID" in C:\xampp\Desktop\mdcnpal\htdocs\public_html\includes\header.php on line 200
[2026-07-06 18:21:05] Undefined property: app::$rs_cartmini in C:\xampp\Desktop\mdcnpal\htdocs\public_html\includes\header.php on line 469
[2026-07-06 18:21:05] Undefined array key "MDRCCustID" in C:\xampp\Desktop\mdcnpal\htdocs\public_html\includes\header.php on line 472
[2026-07-06 18:21:05] Undefined property: app::$rs_cartmini in C:\xampp\Desktop\mdcnpal\htdocs\public_html\includes\header.php on line 525
[2026-07-06 18:21:05] Undefined array key "MDRCCustID" in C:\xampp\Desktop\mdcnpal\htdocs\public_html\includes\header.php on line 528
[2026-07-06 18:21:05] Undefined property: app::$rs_customer in C:\xampp\Desktop\mdcnpal\htdocs\public_html\includes\header.php on line 712
[2026-07-06 18:21:05] Trying to access array offset on value of type null in C:\xampp\Desktop\mdcnpal\htdocs\public_html\includes\header.php on line 712
[2026-07-06 18:21:05] Undefined property: app::$rs_customer in C:\xampp\Desktop\mdcnpal\htdocs\public_html\includes\header.php on line 721
[2026-07-06 18:21:05] Trying to access array offset on value of type null in C:\xampp\Desktop\mdcnpal\htdocs\public_html\includes\header.php on line 721
[2026-07-06 18:21:05] Undefined property: app::$rs_customer in C:\xampp\Desktop\mdcnpal\htdocs\public_html\includes\header.php on line 730
[2026-07-06 18:21:05] Trying to access array offset on value of type null in C:\xampp\Desktop\mdcnpal\htdocs\public_html\includes\header.php on line 730
[2026-07-06 18:21:05] Undefined property: app::$rs_customer in C:\xampp\Desktop\mdcnpal\htdocs\public_html\includes\header.php on line 739
[2026-07-06 18:21:05] Trying to access array offset on value of type null in C:\xampp\Desktop\mdcnpal\htdocs\public_html\includes\header.php on line 739
[06-Jul-2026 18:21:05 Asia/Kathmandu] PHP Fatal error:  Uncaught TypeError: count(): Argument #1 ($value) must be of type Countable|array, null given in C:\xampp\Desktop\mdcnpal\htdocs\public_html\core\app.php(565) : eval()'d code:42
Stack trace:
#0 C:\xampp\Desktop\mdcnpal\htdocs\public_html\core\app.php(565): eval()
#1 C:\xampp\Desktop\mdcnpal\htdocs\public_html\core\app.php(535): app->compile()
#2 C:\xampp\Desktop\mdcnpal\htdocs\public_html\core\app.php(516): app->package()
#3 C:\xampp\Desktop\mdcnpal\htdocs\public_html\index.php(6): app->execute()
#4 {main}
  thrown in C:\xampp\Desktop\mdcnpal\htdocs\public_html\core\app.php(565) : eval()'d code on line 42
[2026-07-06 18:21:06] Creation of dynamic property dbclass::$RECORD_SET is deprecated in C:\xampp\Desktop\mdcnpal\htdocs\public_html\core\dbclass.php on line 69
[2026-07-06 18:21:06] Creation of dynamic property dbclass::$app is deprecated in C:\xampp\Desktop\mdcnpal\htdocs\public_html\core\dbclass.php on line 75
[2026-07-06 18:21:06] Creation of dynamic property model::$foreign_tables is deprecated in C:\xampp\Desktop\mdcnpal\htdocs\public_html\core\model.php on line 43
[2026-07-06 18:21:06] Creation of dynamic property app::$inputfilter is deprecated in C:\xampp\Desktop\mdcnpal\htdocs\public_html\core\app.php on line 123
[2026-07-06 18:21:06] Creation of dynamic property app::$userconfig is deprecated in C:\xampp\Desktop\mdcnpal\htdocs\public_html\core\app.php on line 124
[2026-07-06 18:21:06] Creation of dynamic property app::$global_include is deprecated in C:\xampp\Desktop\mdcnpal\htdocs\public_html\core\app.php on line 125
[2026-07-06 18:21:06] Creation of dynamic property app::$set_cache_time is deprecated in C:\xampp\Desktop\mdcnpal\htdocs\public_html\core\app.php on line 153
[2026-07-06 18:21:06] Creation of dynamic property app::$meta is deprecated in C:\xampp\Desktop\mdcnpal\htdocs\public_html\core\app.php on line 434
[2026-07-06 18:21:06] Creation of dynamic property app::$rs_gs_city is deprecated in C:\xampp\Desktop\mdcnpal\htdocs\public_html\core\app.php on line 434
[2026-07-06 18:21:06] Creation of dynamic property app::$rs_footer_popular_item is deprecated in C:\xampp\Desktop\mdcnpal\htdocs\public_html\core\app.php on line 434
[2026-07-06 18:21:06] Creation of dynamic property app::$rs_footer_popular_test is deprecated in C:\xampp\Desktop\mdcnpal\htdocs\public_html\core\app.php on line 434
[2026-07-06 18:21:06] Creation of dynamic property app::$rs_testimonial is deprecated in C:\xampp\Desktop\mdcnpal\htdocs\public_html\core\app.php on line 434
[2026-07-06 18:21:06] Creation of dynamic property app::$admin is deprecated in C:\xampp\Desktop\mdcnpal\htdocs\public_html\core\app.php on line 434
[2026-07-06 18:21:06] Undefined array key 0 in C:\xampp\Desktop\mdcnpal\htdocs\public_html\core\global_include.php on line 514
[2026-07-06 18:21:06] Creation of dynamic property app::$popup is deprecated in C:\xampp\Desktop\mdcnpal\htdocs\public_html\core\app.php on line 434
[2026-07-06 18:21:06] Undefined array key "MDRCCustID" in C:\xampp\Desktop\mdcnpal\htdocs\public_html\core\global_include.php on line 515
[2026-07-06 18:21:06] Undefined array key "MDRCToken" in C:\xampp\Desktop\mdcnpal\htdocs\public_html\core\global_include.php on line 515
[2026-07-06 18:21:06] Creation of dynamic property app::$rscategory is deprecated in C:\xampp\Desktop\mdcnpal\htdocs\public_html\core\app.php on line 434
[2026-07-06 18:21:06] Creation of dynamic property app::$rs_pages is deprecated in C:\xampp\Desktop\mdcnpal\htdocs\public_html\core\app.php on line 434
[2026-07-06 18:21:06] Creation of dynamic property app::$gs is deprecated in C:\xampp\Desktop\mdcnpal\htdocs\public_html\core\app.php on line 434
[2026-07-06 18:21:06] Undefined array key "MDRCCustID" in C:\xampp\Desktop\mdcnpal\htdocs\public_html\core\global_include.php on line 596
[2026-07-06 18:21:06] Undefined array key "MDRCCustID" in C:\xampp\Desktop\mdcnpal\htdocs\public_html\core\global_include.php on line 615
[2026-07-06 18:21:07] Undefined variable $getId in C:\xampp\Desktop\mdcnpal\htdocs\public_html\core\global_include.php on line 684
[2026-07-06 18:21:07] Undefined variable $getName in C:\xampp\Desktop\mdcnpal\htdocs\public_html\core\global_include.php on line 685
[2026-07-06 18:21:07] Undefined array key 0 in C:\xampp\Desktop\mdcnpal\htdocs\public_html\core\global_include.php on line 810
[2026-07-06 18:21:07] Creation of dynamic property app::$rs_offer_msg is deprecated in C:\xampp\Desktop\mdcnpal\htdocs\public_html\core\app.php on line 434
[2026-07-06 18:21:07] Creation of dynamic property app::$rs_for_doctors is deprecated in C:\xampp\Desktop\mdcnpal\htdocs\public_html\core\app.php on line 434
[2026-07-06 18:21:07] Undefined property: app::$rs_cartmini in C:\xampp\Desktop\mdcnpal\htdocs\public_html\includes\header.php on line 131
[2026-07-06 18:21:07] Undefined array key "MDRCCustID" in C:\xampp\Desktop\mdcnpal\htdocs\public_html\includes\header.php on line 134
[2026-07-06 18:21:07] Undefined property: app::$rs_cartmini in C:\xampp\Desktop\mdcnpal\htdocs\public_html\includes\header.php on line 197
[2026-07-06 18:21:07] Undefined array key "MDRCCustID" in C:\xampp\Desktop\mdcnpal\htdocs\public_html\includes\header.php on line 200
[2026-07-06 18:21:07] Undefined property: app::$rs_cartmini in C:\xampp\Desktop\mdcnpal\htdocs\public_html\includes\header.php on line 469
[2026-07-06 18:21:07] Undefined array key "MDRCCustID" in C:\xampp\Desktop\mdcnpal\htdocs\public_html\includes\header.php on line 472
[2026-07-06 18:21:07] Undefined property: app::$rs_cartmini in C:\xampp\Desktop\mdcnpal\htdocs\public_html\includes\header.php on line 525
[2026-07-06 18:21:07] Undefined array key "MDRCCustID" in C:\xampp\Desktop\mdcnpal\htdocs\public_html\includes\header.php on line 528
[2026-07-06 18:21:07] Undefined property: app::$rs_customer in C:\xampp\Desktop\mdcnpal\htdocs\public_html\includes\header.php on line 712
[2026-07-06 18:21:07] Trying to access array offset on value of type null in C:\xampp\Desktop\mdcnpal\htdocs\public_html\includes\header.php on line 712
[2026-07-06 18:21:07] Undefined property: app::$rs_customer in C:\xampp\Desktop\mdcnpal\htdocs\public_html\includes\header.php on line 721
[2026-07-06 18:21:07] Trying to access array offset on value of type null in C:\xampp\Desktop\mdcnpal\htdocs\public_html\includes\header.php on line 721
[2026-07-06 18:21:07] Undefined property: app::$rs_customer in C:\xampp\Desktop\mdcnpal\htdocs\public_html\includes\header.php on line 730
[2026-07-06 18:21:07] Trying to access array offset on value of type null in C:\xampp\Desktop\mdcnpal\htdocs\public_html\includes\header.php on line 730
[2026-07-06 18:21:07] Undefined property: app::$rs_customer in C:\xampp\Desktop\mdcnpal\htdocs\public_html\includes\header.php on line 739
[2026-07-06 18:21:07] Trying to access array offset on value of type null in C:\xampp\Desktop\mdcnpal\htdocs\public_html\includes\header.php on line 739
[2026-07-06 18:21:07] Undefined property: app::$rs_customer in C:\xampp\Desktop\mdcnpal\htdocs\public_html\includes\footer.php on line 357
[2026-07-06 18:21:07] Trying to access array offset on value of type null in C:\xampp\Desktop\mdcnpal\htdocs\public_html\includes\footer.php on line 357
[2026-07-06 18:21:07] Undefined property: app::$rs_customer in C:\xampp\Desktop\mdcnpal\htdocs\public_html\includes\footer.php on line 366
[2026-07-06 18:21:07] Trying to access array offset on value of type null in C:\xampp\Desktop\mdcnpal\htdocs\public_html\includes\footer.php on line 366
[2026-07-06 18:21:07] Undefined property: app::$rs_customer in C:\xampp\Desktop\mdcnpal\htdocs\public_html\includes\footer.php on line 372
[2026-07-06 18:21:07] Trying to access array offset on value of type null in C:\xampp\Desktop\mdcnpal\htdocs\public_html\includes\footer.php on line 372
[2026-07-06 18:21:07] Undefined property: app::$rs_customer in C:\xampp\Desktop\mdcnpal\htdocs\public_html\includes\general_data.php on line 88
[2026-07-06 18:21:07] Trying to access array offset on value of type null in C:\xampp\Desktop\mdcnpal\htdocs\public_html\includes\general_data.php on line 88
[2026-07-06 18:21:07] Undefined array key "MDRCCustID" in C:\xampp\Desktop\mdcnpal\htdocs\public_html\includes\general_data.php on line 88
[2026-07-06 18:21:07] Undefined variable $tmpStr in C:\xampp\Desktop\mdcnpal\htdocs\public_html\core\app.php on line 971
[2026-07-06 18:21:07] Creation of dynamic property dbclass::$RECORD_SET is deprecated in C:\xampp\Desktop\mdcnpal\htdocs\public_html\core\dbclass.php on line 69
[2026-07-06 18:21:07] Creation of dynamic property dbclass::$app is deprecated in C:\xampp\Desktop\mdcnpal\htdocs\public_html\core\dbclass.php on line 75
[2026-07-06 18:21:07] Creation of dynamic property model::$foreign_tables is deprecated in C:\xampp\Desktop\mdcnpal\htdocs\public_html\core\model.php on line 43
[2026-07-06 18:21:07] Creation of dynamic property app::$inputfilter is deprecated in C:\xampp\Desktop\mdcnpal\htdocs\public_html\core\app.php on line 123
[2026-07-06 18:21:07] Creation of dynamic property app::$userconfig is deprecated in C:\xampp\Desktop\mdcnpal\htdocs\public_html\core\app.php on line 124
[2026-07-06 18:21:07] Creation of dynamic property app::$global_include is deprecated in C:\xampp\Desktop\mdcnpal\htdocs\public_html\core\app.php on line 125
[2026-07-06 18:21:07] Creation of dynamic property app::$set_cache_time is deprecated in C:\xampp\Desktop\mdcnpal\htdocs\public_html\core\app.php on line 153
[2026-07-06 18:21:07] Creation of dynamic property app::$meta is deprecated in C:\xampp\Desktop\mdcnpal\htdocs\public_html\core\app.php on line 434
[2026-07-06 18:21:07] Creation of dynamic property app::$rs_gs_city is deprecated in C:\xampp\Desktop\mdcnpal\htdocs\public_html\core\app.php on line 434
[2026-07-06 18:21:07] Creation of dynamic property app::$rs_footer_popular_item is deprecated in C:\xampp\Desktop\mdcnpal\htdocs\public_html\core\app.php on line 434
[2026-07-06 18:21:07] Creation of dynamic property app::$rs_footer_popular_test is deprecated in C:\xampp\Desktop\mdcnpal\htdocs\public_html\core\app.php on line 434
[2026-07-06 18:21:07] Creation of dynamic property app::$rs_testimonial is deprecated in C:\xampp\Desktop\mdcnpal\htdocs\public_html\core\app.php on line 434
[2026-07-06 18:21:07] Creation of dynamic property app::$admin is deprecated in C:\xampp\Desktop\mdcnpal\htdocs\public_html\core\app.php on line 434
[2026-07-06 18:21:07] Undefined array key 0 in C:\xampp\Desktop\mdcnpal\htdocs\public_html\core\global_include.php on line 514
[2026-07-06 18:21:07] Creation of dynamic property app::$popup is deprecated in C:\xampp\Desktop\mdcnpal\htdocs\public_html\core\app.php on line 434
[2026-07-06 18:21:07] Undefined array key "MDRCCustID" in C:\xampp\Desktop\mdcnpal\htdocs\public_html\core\global_include.php on line 515
[2026-07-06 18:21:07] Undefined array key "MDRCToken" in C:\xampp\Desktop\mdcnpal\htdocs\public_html\core\global_include.php on line 515
[2026-07-06 18:21:07] Creation of dynamic property app::$rscategory is deprecated in C:\xampp\Desktop\mdcnpal\htdocs\public_html\core\app.php on line 434
[2026-07-06 18:21:07] Creation of dynamic property app::$rs_pages is deprecated in C:\xampp\Desktop\mdcnpal\htdocs\public_html\core\app.php on line 434
[2026-07-06 18:21:07] Creation of dynamic property app::$gs is deprecated in C:\xampp\Desktop\mdcnpal\htdocs\public_html\core\app.php on line 434
[2026-07-06 18:21:07] Undefined array key "MDRCCustID" in C:\xampp\Desktop\mdcnpal\htdocs\public_html\core\global_include.php on line 596
[2026-07-06 18:21:07] Undefined array key "MDRCCustID" in C:\xampp\Desktop\mdcnpal\htdocs\public_html\core\global_include.php on line 615
[2026-07-06 18:21:07] Undefined variable $getId in C:\xampp\Desktop\mdcnpal\htdocs\public_html\core\global_include.php on line 684
[2026-07-06 18:21:07] Undefined variable $getName in C:\xampp\Desktop\mdcnpal\htdocs\public_html\core\global_include.php on line 685
[2026-07-06 18:21:07] Undefined array key 0 in C:\xampp\Desktop\mdcnpal\htdocs\public_html\core\global_include.php on line 810
[2026-07-06 18:21:07] Creation of dynamic property app::$rs_offer_msg is deprecated in C:\xampp\Desktop\mdcnpal\htdocs\public_html\core\app.php on line 434
[2026-07-06 18:21:07] Creation of dynamic property app::$rs_for_doctors is deprecated in C:\xampp\Desktop\mdcnpal\htdocs\public_html\core\app.php on line 434
[2026-07-06 18:21:07] Undefined property: app::$rs_cartmini in C:\xampp\Desktop\mdcnpal\htdocs\public_html\includes\header.php on line 131
[2026-07-06 18:21:07] Undefined array key "MDRCCustID" in C:\xampp\Desktop\mdcnpal\htdocs\public_html\includes\header.php on line 134
[2026-07-06 18:21:07] Undefined property: app::$rs_cartmini in C:\xampp\Desktop\mdcnpal\htdocs\public_html\includes\header.php on line 197
[2026-07-06 18:21:07] Undefined array key "MDRCCustID" in C:\xampp\Desktop\mdcnpal\htdocs\public_html\includes\header.php on line 200
[2026-07-06 18:21:07] Undefined property: app::$rs_cartmini in C:\xampp\Desktop\mdcnpal\htdocs\public_html\includes\header.php on line 469
[2026-07-06 18:21:07] Undefined array key "MDRCCustID" in C:\xampp\Desktop\mdcnpal\htdocs\public_html\includes\header.php on line 472
[2026-07-06 18:21:07] Undefined property: app::$rs_cartmini in C:\xampp\Desktop\mdcnpal\htdocs\public_html\includes\header.php on line 525
[2026-07-06 18:21:07] Undefined array key "MDRCCustID" in C:\xampp\Desktop\mdcnpal\htdocs\public_html\includes\header.php on line 528
[2026-07-06 18:21:07] Undefined property: app::$rs_customer in C:\xampp\Desktop\mdcnpal\htdocs\public_html\includes\header.php on line 712
[2026-07-06 18:21:07] Trying to access array offset on value of type null in C:\xampp\Desktop\mdcnpal\htdocs\public_html\includes\header.php on line 712
[2026-07-06 18:21:07] Undefined property: app::$rs_customer in C:\xampp\Desktop\mdcnpal\htdocs\public_html\includes\header.php on line 721
[2026-07-06 18:21:07] Trying to access array offset on value of type null in C:\xampp\Desktop\mdcnpal\htdocs\public_html\includes\header.php on line 721
[2026-07-06 18:21:07] Undefined property: app::$rs_customer in C:\xampp\Desktop\mdcnpal\htdocs\public_html\includes\header.php on line 730
[2026-07-06 18:21:07] Trying to access array offset on value of type null in C:\xampp\Desktop\mdcnpal\htdocs\public_html\includes\header.php on line 730
[2026-07-06 18:21:07] Undefined property: app::$rs_customer in C:\xampp\Desktop\mdcnpal\htdocs\public_html\includes\header.php on line 739
[2026-07-06 18:21:07] Trying to access array offset on value of type null in C:\xampp\Desktop\mdcnpal\htdocs\public_html\includes\header.php on line 739
[2026-07-06 18:21:07] Undefined property: app::$rs_customer in C:\xampp\Desktop\mdcnpal\htdocs\public_html\includes\footer.php on line 357
[2026-07-06 18:21:07] Trying to access array offset on value of type null in C:\xampp\Desktop\mdcnpal\htdocs\public_html\includes\footer.php on line 357
[2026-07-06 18:21:07] Undefined property: app::$rs_customer in C:\xampp\Desktop\mdcnpal\htdocs\public_html\includes\footer.php on line 366
[2026-07-06 18:21:07] Trying to access array offset on value of type null in C:\xampp\Desktop\mdcnpal\htdocs\public_html\includes\footer.php on line 366
[2026-07-06 18:21:07] Undefined property: app::$rs_customer in C:\xampp\Desktop\mdcnpal\htdocs\public_html\includes\footer.php on line 372
[2026-07-06 18:21:07] Trying to access array offset on value of type null in C:\xampp\Desktop\mdcnpal\htdocs\public_html\includes\footer.php on line 372
[2026-07-06 18:21:07] Undefined property: app::$rs_customer in C:\xampp\Desktop\mdcnpal\htdocs\public_html\includes\general_data.php on line 88
[2026-07-06 18:21:07] Trying to access array offset on value of type null in C:\xampp\Desktop\mdcnpal\htdocs\public_html\includes\general_data.php on line 88
[2026-07-06 18:21:07] Undefined array key "MDRCCustID" in C:\xampp\Desktop\mdcnpal\htdocs\public_html\includes\general_data.php on line 88
[2026-07-06 18:21:07] Undefined variable $tmpStr in C:\xampp\Desktop\mdcnpal\htdocs\public_html\core\app.php on line 971
[2026-07-06 18:21:07] Creation of dynamic property dbclass::$RECORD_SET is deprecated in C:\xampp\Desktop\mdcnpal\htdocs\public_html\core\dbclass.php on line 69
[2026-07-06 18:21:07] Creation of dynamic property dbclass::$app is deprecated in C:\xampp\Desktop\mdcnpal\htdocs\public_html\core\dbclass.php on line 75
[2026-07-06 18:21:07] Creation of dynamic property model::$foreign_tables is deprecated in C:\xampp\Desktop\mdcnpal\htdocs\public_html\core\model.php on line 43
[2026-07-06 18:21:07] Creation of dynamic property app::$inputfilter is deprecated in C:\xampp\Desktop\mdcnpal\htdocs\public_html\core\app.php on line 123
[2026-07-06 18:21:07] Creation of dynamic property app::$userconfig is deprecated in C:\xampp\Desktop\mdcnpal\htdocs\public_html\core\app.php on line 124
[2026-07-06 18:21:07] Creation of dynamic property app::$global_include is deprecated in C:\xampp\Desktop\mdcnpal\htdocs\public_html\core\app.php on line 125
[2026-07-06 18:21:07] Creation of dynamic property app::$set_cache_time is deprecated in C:\xampp\Desktop\mdcnpal\htdocs\public_html\core\app.php on line 153
[2026-07-06 18:21:07] Creation of dynamic property app::$meta is deprecated in C:\xampp\Desktop\mdcnpal\htdocs\public_html\core\app.php on line 434
[2026-07-06 18:21:07] Creation of dynamic property app::$rs_gs_city is deprecated in C:\xampp\Desktop\mdcnpal\htdocs\public_html\core\app.php on line 434
[2026-07-06 18:21:07] Creation of dynamic property app::$rs_footer_popular_item is deprecated in C:\xampp\Desktop\mdcnpal\htdocs\public_html\core\app.php on line 434
[2026-07-06 18:21:07] Creation of dynamic property app::$rs_footer_popular_test is deprecated in C:\xampp\Desktop\mdcnpal\htdocs\public_html\core\app.php on line 434
[2026-07-06 18:21:07] Creation of dynamic property app::$rs_testimonial is deprecated in C:\xampp\Desktop\mdcnpal\htdocs\public_html\core\app.php on line 434
[2026-07-06 18:21:08] Creation of dynamic property app::$admin is deprecated in C:\xampp\Desktop\mdcnpal\htdocs\public_html\core\app.php on line 434
[2026-07-06 18:21:08] Undefined array key 0 in C:\xampp\Desktop\mdcnpal\htdocs\public_html\core\global_include.php on line 514
[2026-07-06 18:21:08] Creation of dynamic property app::$popup is deprecated in C:\xampp\Desktop\mdcnpal\htdocs\public_html\core\app.php on line 434
[2026-07-06 18:21:08] Undefined array key "MDRCCustID" in C:\xampp\Desktop\mdcnpal\htdocs\public_html\core\global_include.php on line 515
[2026-07-06 18:21:08] Undefined array key "MDRCToken" in C:\xampp\Desktop\mdcnpal\htdocs\public_html\core\global_include.php on line 515
[2026-07-06 18:21:08] Creation of dynamic property app::$rscategory is deprecated in C:\xampp\Desktop\mdcnpal\htdocs\public_html\core\app.php on line 434
[2026-07-06 18:21:08] Creation of dynamic property app::$rs_pages is deprecated in C:\xampp\Desktop\mdcnpal\htdocs\public_html\core\app.php on line 434
[2026-07-06 18:21:08] Creation of dynamic property app::$gs is deprecated in C:\xampp\Desktop\mdcnpal\htdocs\public_html\core\app.php on line 434
[2026-07-06 18:21:08] Undefined array key "MDRCCustID" in C:\xampp\Desktop\mdcnpal\htdocs\public_html\core\global_include.php on line 596
[2026-07-06 18:21:08] Undefined array key "MDRCCustID" in C:\xampp\Desktop\mdcnpal\htdocs\public_html\core\global_include.php on line 615
[2026-07-06 18:21:08] Undefined variable $getId in C:\xampp\Desktop\mdcnpal\htdocs\public_html\core\global_include.php on line 684
[2026-07-06 18:21:08] Undefined variable $getName in C:\xampp\Desktop\mdcnpal\htdocs\public_html\core\global_include.php on line 685
[2026-07-06 18:21:08] Undefined array key 0 in C:\xampp\Desktop\mdcnpal\htdocs\public_html\core\global_include.php on line 810
[2026-07-06 18:21:08] Creation of dynamic property app::$rs_offer_msg is deprecated in C:\xampp\Desktop\mdcnpal\htdocs\public_html\core\app.php on line 434
[2026-07-06 18:21:08] Creation of dynamic property app::$rs_for_doctors is deprecated in C:\xampp\Desktop\mdcnpal\htdocs\public_html\core\app.php on line 434
[2026-07-06 18:21:08] Undefined property: app::$rs_cartmini in C:\xampp\Desktop\mdcnpal\htdocs\public_html\includes\header.php on line 131
[2026-07-06 18:21:08] Undefined array key "MDRCCustID" in C:\xampp\Desktop\mdcnpal\htdocs\public_html\includes\header.php on line 134
[2026-07-06 18:21:08] Undefined property: app::$rs_cartmini in C:\xampp\Desktop\mdcnpal\htdocs\public_html\includes\header.php on line 197
[2026-07-06 18:21:08] Undefined array key "MDRCCustID" in C:\xampp\Desktop\mdcnpal\htdocs\public_html\includes\header.php on line 200
[2026-07-06 18:21:08] Undefined property: app::$rs_cartmini in C:\xampp\Desktop\mdcnpal\htdocs\public_html\includes\header.php on line 469
[2026-07-06 18:21:08] Undefined array key "MDRCCustID" in C:\xampp\Desktop\mdcnpal\htdocs\public_html\includes\header.php on line 472
[2026-07-06 18:21:08] Undefined property: app::$rs_cartmini in C:\xampp\Desktop\mdcnpal\htdocs\public_html\includes\header.php on line 525
[2026-07-06 18:21:08] Undefined array key "MDRCCustID" in C:\xampp\Desktop\mdcnpal\htdocs\public_html\includes\header.php on line 528
[2026-07-06 18:21:08] Undefined property: app::$rs_customer in C:\xampp\Desktop\mdcnpal\htdocs\public_html\includes\header.php on line 712
[2026-07-06 18:21:08] Trying to access array offset on value of type null in C:\xampp\Desktop\mdcnpal\htdocs\public_html\includes\header.php on line 712
[2026-07-06 18:21:08] Undefined property: app::$rs_customer in C:\xampp\Desktop\mdcnpal\htdocs\public_html\includes\header.php on line 721
[2026-07-06 18:21:08] Trying to access array offset on value of type null in C:\xampp\Desktop\mdcnpal\htdocs\public_html\includes\header.php on line 721
[2026-07-06 18:21:08] Undefined property: app::$rs_customer in C:\xampp\Desktop\mdcnpal\htdocs\public_html\includes\header.php on line 730
[2026-07-06 18:21:08] Trying to access array offset on value of type null in C:\xampp\Desktop\mdcnpal\htdocs\public_html\includes\header.php on line 730
[2026-07-06 18:21:08] Undefined property: app::$rs_customer in C:\xampp\Desktop\mdcnpal\htdocs\public_html\includes\header.php on line 739
[2026-07-06 18:21:08] Trying to access array offset on value of type null in C:\xampp\Desktop\mdcnpal\htdocs\public_html\includes\header.php on line 739
[2026-07-06 18:21:08] Undefined property: app::$rs_customer in C:\xampp\Desktop\mdcnpal\htdocs\public_html\includes\footer.php on line 357
[2026-07-06 18:21:08] Trying to access array offset on value of type null in C:\xampp\Desktop\mdcnpal\htdocs\public_html\includes\footer.php on line 357
[2026-07-06 18:21:08] Undefined property: app::$rs_customer in C:\xampp\Desktop\mdcnpal\htdocs\public_html\includes\footer.php on line 366
[2026-07-06 18:21:08] Trying to access array offset on value of type null in C:\xampp\Desktop\mdcnpal\htdocs\public_html\includes\footer.php on line 366
[2026-07-06 18:21:08] Undefined property: app::$rs_customer in C:\xampp\Desktop\mdcnpal\htdocs\public_html\includes\footer.php on line 372
[2026-07-06 18:21:08] Trying to access array offset on value of type null in C:\xampp\Desktop\mdcnpal\htdocs\public_html\includes\footer.php on line 372
[2026-07-06 18:21:08] Undefined property: app::$rs_customer in C:\xampp\Desktop\mdcnpal\htdocs\public_html\includes\general_data.php on line 88
[2026-07-06 18:21:08] Trying to access array offset on value of type null in C:\xampp\Desktop\mdcnpal\htdocs\public_html\includes\general_data.php on line 88
[2026-07-06 18:21:08] Undefined array key "MDRCCustID" in C:\xampp\Desktop\mdcnpal\htdocs\public_html\includes\general_data.php on line 88
[2026-07-06 18:21:08] Undefined variable $tmpStr in C:\xampp\Desktop\mdcnpal\htdocs\public_html\core\app.php on line 971
[2026-07-06 18:21:08] Creation of dynamic property dbclass::$RECORD_SET is deprecated in C:\xampp\Desktop\mdcnpal\htdocs\public_html\core\dbclass.php on line 69
[2026-07-06 18:21:08] Creation of dynamic property dbclass::$app is deprecated in C:\xampp\Desktop\mdcnpal\htdocs\public_html\core\dbclass.php on line 75
[2026-07-06 18:21:08] Creation of dynamic property model::$foreign_tables is deprecated in C:\xampp\Desktop\mdcnpal\htdocs\public_html\core\model.php on line 43
[2026-07-06 18:21:08] Creation of dynamic property app::$inputfilter is deprecated in C:\xampp\Desktop\mdcnpal\htdocs\public_html\core\app.php on line 123
[2026-07-06 18:21:08] Creation of dynamic property app::$userconfig is deprecated in C:\xampp\Desktop\mdcnpal\htdocs\public_html\core\app.php on line 124
[2026-07-06 18:21:08] Creation of dynamic property app::$global_include is deprecated in C:\xampp\Desktop\mdcnpal\htdocs\public_html\core\app.php on line 125
[2026-07-06 18:21:08] Creation of dynamic property app::$set_cache_time is deprecated in C:\xampp\Desktop\mdcnpal\htdocs\public_html\core\app.php on line 153
[2026-07-06 18:21:08] Creation of dynamic property app::$meta is deprecated in C:\xampp\Desktop\mdcnpal\htdocs\public_html\core\app.php on line 434
[2026-07-06 18:21:08] Creation of dynamic property app::$rs_gs_city is deprecated in C:\xampp\Desktop\mdcnpal\htdocs\public_html\core\app.php on line 434
[2026-07-06 18:21:08] Creation of dynamic property app::$rs_footer_popular_item is deprecated in C:\xampp\Desktop\mdcnpal\htdocs\public_html\core\app.php on line 434
[2026-07-06 18:21:08] Creation of dynamic property app::$rs_footer_popular_test is deprecated in C:\xampp\Desktop\mdcnpal\htdocs\public_html\core\app.php on line 434
[2026-07-06 18:21:08] Creation of dynamic property app::$rs_testimonial is deprecated in C:\xampp\Desktop\mdcnpal\htdocs\public_html\core\app.php on line 434
[2026-07-06 18:21:08] Creation of dynamic property app::$admin is deprecated in C:\xampp\Desktop\mdcnpal\htdocs\public_html\core\app.php on line 434
[2026-07-06 18:21:08] Undefined array key 0 in C:\xampp\Desktop\mdcnpal\htdocs\public_html\core\global_include.php on line 514
[2026-07-06 18:21:08] Creation of dynamic property app::$popup is deprecated in C:\xampp\Desktop\mdcnpal\htdocs\public_html\core\app.php on line 434
[2026-07-06 18:21:08] Undefined array key "MDRCCustID" in C:\xampp\Desktop\mdcnpal\htdocs\public_html\core\global_include.php on line 515
[2026-07-06 18:21:08] Undefined array key "MDRCToken" in C:\xampp\Desktop\mdcnpal\htdocs\public_html\core\global_include.php on line 515
[2026-07-06 18:21:08] Creation of dynamic property app::$rscategory is deprecated in C:\xampp\Desktop\mdcnpal\htdocs\public_html\core\app.php on line 434
[2026-07-06 18:21:08] Creation of dynamic property app::$rs_pages is deprecated in C:\xampp\Desktop\mdcnpal\htdocs\public_html\core\app.php on line 434
[2026-07-06 18:21:08] Creation of dynamic property app::$gs is deprecated in C:\xampp\Desktop\mdcnpal\htdocs\public_html\core\app.php on line 434
[2026-07-06 18:21:08] Undefined array key "MDRCCustID" in C:\xampp\Desktop\mdcnpal\htdocs\public_html\core\global_include.php on line 596
[2026-07-06 18:21:08] Undefined array key "MDRCCustID" in C:\xampp\Desktop\mdcnpal\htdocs\public_html\core\global_include.php on line 615
[2026-07-06 18:21:08] Undefined variable $getId in C:\xampp\Desktop\mdcnpal\htdocs\public_html\core\global_include.php on line 684
[2026-07-06 18:21:08] Undefined variable $getName in C:\xampp\Desktop\mdcnpal\htdocs\public_html\core\global_include.php on line 685
[2026-07-06 18:21:08] Undefined array key 0 in C:\xampp\Desktop\mdcnpal\htdocs\public_html\core\global_include.php on line 810
[2026-07-06 18:21:08] Creation of dynamic property app::$rs_offer_msg is deprecated in C:\xampp\Desktop\mdcnpal\htdocs\public_html\core\app.php on line 434
[2026-07-06 18:21:08] Creation of dynamic property app::$rs_for_doctors is deprecated in C:\xampp\Desktop\mdcnpal\htdocs\public_html\core\app.php on line 434
[2026-07-06 18:21:08] Undefined property: app::$rs_cartmini in C:\xampp\Desktop\mdcnpal\htdocs\public_html\includes\header.php on line 131
[2026-07-06 18:21:08] Undefined array key "MDRCCustID" in C:\xampp\Desktop\mdcnpal\htdocs\public_html\includes\header.php on line 134
[2026-07-06 18:21:08] Undefined property: app::$rs_cartmini in C:\xampp\Desktop\mdcnpal\htdocs\public_html\includes\header.php on line 197
[2026-07-06 18:21:08] Undefined array key "MDRCCustID" in C:\xampp\Desktop\mdcnpal\htdocs\public_html\includes\header.php on line 200
[2026-07-06 18:21:08] Undefined property: app::$rs_cartmini in C:\xampp\Desktop\mdcnpal\htdocs\public_html\includes\header.php on line 469
[2026-07-06 18:21:08] Undefined array key "MDRCCustID" in C:\xampp\Desktop\mdcnpal\htdocs\public_html\includes\header.php on line 472
[2026-07-06 18:21:08] Undefined property: app::$rs_cartmini in C:\xampp\Desktop\mdcnpal\htdocs\public_html\includes\header.php on line 525
[2026-07-06 18:21:08] Undefined array key "MDRCCustID" in C:\xampp\Desktop\mdcnpal\htdocs\public_html\includes\header.php on line 528
[2026-07-06 18:21:08] Undefined property: app::$rs_customer in C:\xampp\Desktop\mdcnpal\htdocs\public_html\includes\header.php on line 712
[2026-07-06 18:21:08] Trying to access array offset on value of type null in C:\xampp\Desktop\mdcnpal\htdocs\public_html\includes\header.php on line 712
[2026-07-06 18:21:08] Undefined property: app::$rs_customer in C:\xampp\Desktop\mdcnpal\htdocs\public_html\includes\header.php on line 721
[2026-07-06 18:21:08] Trying to access array offset on value of type null in C:\xampp\Desktop\mdcnpal\htdocs\public_html\includes\header.php on line 721
[2026-07-06 18:21:08] Undefined property: app::$rs_customer in C:\xampp\Desktop\mdcnpal\htdocs\public_html\includes\header.php on line 730
[2026-07-06 18:21:08] Trying to access array offset on value of type null in C:\xampp\Desktop\mdcnpal\htdocs\public_html\includes\header.php on line 730
[2026-07-06 18:21:08] Undefined property: app::$rs_customer in C:\xampp\Desktop\mdcnpal\htdocs\public_html\includes\header.php on line 739
[2026-07-06 18:21:08] Trying to access array offset on value of type null in C:\xampp\Desktop\mdcnpal\htdocs\public_html\includes\header.php on line 739
[2026-07-06 18:21:08] Undefined property: app::$rs_customer in C:\xampp\Desktop\mdcnpal\htdocs\public_html\includes\footer.php on line 357
[2026-07-06 18:21:08] Trying to access array offset on value of type null in C:\xampp\Desktop\mdcnpal\htdocs\public_html\includes\footer.php on line 357
[2026-07-06 18:21:08] Undefined property: app::$rs_customer in C:\xampp\Desktop\mdcnpal\htdocs\public_html\includes\footer.php on line 366
[2026-07-06 18:21:08] Trying to access array offset on value of type null in C:\xampp\Desktop\mdcnpal\htdocs\public_html\includes\footer.php on line 366
[2026-07-06 18:21:08] Undefined property: app::$rs_customer in C:\xampp\Desktop\mdcnpal\htdocs\public_html\includes\footer.php on line 372
[2026-07-06 18:21:08] Trying to access array offset on value of type null in C:\xampp\Desktop\mdcnpal\htdocs\public_html\includes\footer.php on line 372
[2026-07-06 18:21:08] Undefined property: app::$rs_customer in C:\xampp\Desktop\mdcnpal\htdocs\public_html\includes\general_data.php on line 88
[2026-07-06 18:21:08] Trying to access array offset on value of type null in C:\xampp\Desktop\mdcnpal\htdocs\public_html\includes\general_data.php on line 88
[2026-07-06 18:21:08] Undefined array key "MDRCCustID" in C:\xampp\Desktop\mdcnpal\htdocs\public_html\includes\general_data.php on line 88
[2026-07-06 18:21:08] Undefined variable $tmpStr in C:\xampp\Desktop\mdcnpal\htdocs\public_html\core\app.php on line 971
[2026-07-06 18:21:08] Creation of dynamic property dbclass::$RECORD_SET is deprecated in C:\xampp\Desktop\mdcnpal\htdocs\public_html\core\dbclass.php on line 69
[2026-07-06 18:21:08] Creation of dynamic property dbclass::$app is deprecated in C:\xampp\Desktop\mdcnpal\htdocs\public_html\core\dbclass.php on line 75
[2026-07-06 18:21:08] Creation of dynamic property model::$foreign_tables is deprecated in C:\xampp\Desktop\mdcnpal\htdocs\public_html\core\model.php on line 43
[2026-07-06 18:21:08] Creation of dynamic property app::$inputfilter is deprecated in C:\xampp\Desktop\mdcnpal\htdocs\public_html\core\app.php on line 123
[2026-07-06 18:21:08] Creation of dynamic property app::$userconfig is deprecated in C:\xampp\Desktop\mdcnpal\htdocs\public_html\core\app.php on line 124
[2026-07-06 18:21:08] Creation of dynamic property app::$global_include is deprecated in C:\xampp\Desktop\mdcnpal\htdocs\public_html\core\app.php on line 125
[2026-07-06 18:21:08] Creation of dynamic property app::$set_cache_time is deprecated in C:\xampp\Desktop\mdcnpal\htdocs\public_html\core\app.php on line 153
[2026-07-06 18:21:08] Creation of dynamic property app::$meta is deprecated in C:\xampp\Desktop\mdcnpal\htdocs\public_html\core\app.php on line 434
[2026-07-06 18:21:08] Creation of dynamic property app::$rs_gs_city is deprecated in C:\xampp\Desktop\mdcnpal\htdocs\public_html\core\app.php on line 434
[2026-07-06 18:21:08] Creation of dynamic property app::$rs_footer_popular_item is deprecated in C:\xampp\Desktop\mdcnpal\htdocs\public_html\core\app.php on line 434
[2026-07-06 18:21:08] Creation of dynamic property app::$rs_footer_popular_test is deprecated in C:\xampp\Desktop\mdcnpal\htdocs\public_html\core\app.php on line 434
[2026-07-06 18:21:08] Creation of dynamic property app::$rs_testimonial is deprecated in C:\xampp\Desktop\mdcnpal\htdocs\public_html\core\app.php on line 434
[2026-07-06 18:21:08] Creation of dynamic property app::$admin is deprecated in C:\xampp\Desktop\mdcnpal\htdocs\public_html\core\app.php on line 434
[2026-07-06 18:21:08] Undefined array key 0 in C:\xampp\Desktop\mdcnpal\htdocs\public_html\core\global_include.php on line 514
[2026-07-06 18:21:08] Creation of dynamic property app::$popup is deprecated in C:\xampp\Desktop\mdcnpal\htdocs\public_html\core\app.php on line 434
[2026-07-06 18:21:08] Undefined array key "MDRCCustID" in C:\xampp\Desktop\mdcnpal\htdocs\public_html\core\global_include.php on line 515
[2026-07-06 18:21:08] Undefined array key "MDRCToken" in C:\xampp\Desktop\mdcnpal\htdocs\public_html\core\global_include.php on line 515
[2026-07-06 18:21:08] Creation of dynamic property app::$rscategory is deprecated in C:\xampp\Desktop\mdcnpal\htdocs\public_html\core\app.php on line 434
[2026-07-06 18:21:08] Creation of dynamic property app::$rs_pages is deprecated in C:\xampp\Desktop\mdcnpal\htdocs\public_html\core\app.php on line 434
[2026-07-06 18:21:08] Creation of dynamic property app::$gs is deprecated in C:\xampp\Desktop\mdcnpal\htdocs\public_html\core\app.php on line 434
[2026-07-06 18:21:08] Undefined array key "MDRCCustID" in C:\xampp\Desktop\mdcnpal\htdocs\public_html\core\global_include.php on line 596
[2026-07-06 18:21:08] Undefined array key "MDRCCustID" in C:\xampp\Desktop\mdcnpal\htdocs\public_html\core\global_include.php on line 615
[2026-07-06 18:21:08] Undefined variable $getId in C:\xampp\Desktop\mdcnpal\htdocs\public_html\core\global_include.php on line 684
[2026-07-06 18:21:08] Undefined variable $getName in C:\xampp\Desktop\mdcnpal\htdocs\public_html\core\global_include.php on line 685
[2026-07-06 18:21:08] Undefined array key 0 in C:\xampp\Desktop\mdcnpal\htdocs\public_html\core\global_include.php on line 810
[2026-07-06 18:21:08] Creation of dynamic property app::$rs_offer_msg is deprecated in C:\xampp\Desktop\mdcnpal\htdocs\public_html\core\app.php on line 434
[2026-07-06 18:21:08] Creation of dynamic property app::$rs_for_doctors is deprecated in C:\xampp\Desktop\mdcnpal\htdocs\public_html\core\app.php on line 434
[2026-07-06 18:21:08] Undefined property: app::$rs_cartmini in C:\xampp\Desktop\mdcnpal\htdocs\public_html\includes\header.php on line 131
[2026-07-06 18:21:08] Undefined array key "MDRCCustID" in C:\xampp\Desktop\mdcnpal\htdocs\public_html\includes\header.php on line 134
[2026-07-06 18:21:08] Undefined property: app::$rs_cartmini in C:\xampp\Desktop\mdcnpal\htdocs\public_html\includes\header.php on line 197
[2026-07-06 18:21:08] Undefined array key "MDRCCustID" in C:\xampp\Desktop\mdcnpal\htdocs\public_html\includes\header.php on line 200
[2026-07-06 18:21:08] Undefined property: app::$rs_cartmini in C:\xampp\Desktop\mdcnpal\htdocs\public_html\includes\header.php on line 469
[2026-07-06 18:21:08] Undefined array key "MDRCCustID" in C:\xampp\Desktop\mdcnpal\htdocs\public_html\includes\header.php on line 472
[2026-07-06 18:21:08] Undefined property: app::$rs_cartmini in C:\xampp\Desktop\mdcnpal\htdocs\public_html\includes\header.php on line 525
[2026-07-06 18:21:08] Undefined array key "MDRCCustID" in C:\xampp\Desktop\mdcnpal\htdocs\public_html\includes\header.php on line 528
[2026-07-06 18:21:08] Undefined property: app::$rs_customer in C:\xampp\Desktop\mdcnpal\htdocs\public_html\includes\header.php on line 712
[2026-07-06 18:21:08] Trying to access array offset on value of type null in C:\xampp\Desktop\mdcnpal\htdocs\public_html\includes\header.php on line 712
[2026-07-06 18:21:08] Undefined property: app::$rs_customer in C:\xampp\Desktop\mdcnpal\htdocs\public_html\includes\header.php on line 721
[2026-07-06 18:21:08] Trying to access array offset on value of type null in C:\xampp\Desktop\mdcnpal\htdocs\public_html\includes\header.php on line 721
[2026-07-06 18:21:08] Undefined property: app::$rs_customer in C:\xampp\Desktop\mdcnpal\htdocs\public_html\includes\header.php on line 730
[2026-07-06 18:21:08] Trying to access array offset on value of type null in C:\xampp\Desktop\mdcnpal\htdocs\public_html\includes\header.php on line 730
[2026-07-06 18:21:08] Undefined property: app::$rs_customer in C:\xampp\Desktop\mdcnpal\htdocs\public_html\includes\header.php on line 739
[2026-07-06 18:21:08] Trying to access array offset on value of type null in C:\xampp\Desktop\mdcnpal\htdocs\public_html\includes\header.php on line 739
[2026-07-06 18:21:08] Undefined property: app::$rs_customer in C:\xampp\Desktop\mdcnpal\htdocs\public_html\includes\footer.php on line 357
[2026-07-06 18:21:08] Trying to access array offset on value of type null in C:\xampp\Desktop\mdcnpal\htdocs\public_html\includes\footer.php on line 357
[2026-07-06 18:21:08] Undefined property: app::$rs_customer in C:\xampp\Desktop\mdcnpal\htdocs\public_html\includes\footer.php on line 366
[2026-07-06 18:21:08] Trying to access array offset on value of type null in C:\xampp\Desktop\mdcnpal\htdocs\public_html\includes\footer.php on line 366
[2026-07-06 18:21:08] Undefined property: app::$rs_customer in C:\xampp\Desktop\mdcnpal\htdocs\public_html\includes\footer.php on line 372
[2026-07-06 18:21:08] Trying to access array offset on value of type null in C:\xampp\Desktop\mdcnpal\htdocs\public_html\includes\footer.php on line 372
[2026-07-06 18:21:08] Undefined property: app::$rs_customer in C:\xampp\Desktop\mdcnpal\htdocs\public_html\includes\general_data.php on line 88
[2026-07-06 18:21:08] Trying to access array offset on value of type null in C:\xampp\Desktop\mdcnpal\htdocs\public_html\includes\general_data.php on line 88
[2026-07-06 18:21:08] Undefined array key "MDRCCustID" in C:\xampp\Desktop\mdcnpal\htdocs\public_html\includes\general_data.php on line 88
[2026-07-06 18:21:08] Undefined variable $tmpStr in C:\xampp\Desktop\mdcnpal\htdocs\public_html\core\app.php on line 971
[2026-07-06 18:21:09] Creation of dynamic property dbclass::$RECORD_SET is deprecated in C:\xampp\Desktop\mdcnpal\htdocs\public_html\core\dbclass.php on line 69
[2026-07-06 18:21:09] Creation of dynamic property dbclass::$app is deprecated in C:\xampp\Desktop\mdcnpal\htdocs\public_html\core\dbclass.php on line 75
[2026-07-06 18:21:09] Creation of dynamic property model::$foreign_tables is deprecated in C:\xampp\Desktop\mdcnpal\htdocs\public_html\core\model.php on line 43
[2026-07-06 18:21:09] Creation of dynamic property app::$inputfilter is deprecated in C:\xampp\Desktop\mdcnpal\htdocs\public_html\core\app.php on line 123
[2026-07-06 18:21:09] Creation of dynamic property app::$userconfig is deprecated in C:\xampp\Desktop\mdcnpal\htdocs\public_html\core\app.php on line 124
[2026-07-06 18:21:09] Creation of dynamic property app::$global_include is deprecated in C:\xampp\Desktop\mdcnpal\htdocs\public_html\core\app.php on line 125
[2026-07-06 18:21:09] Creation of dynamic property app::$set_cache_time is deprecated in C:\xampp\Desktop\mdcnpal\htdocs\public_html\core\app.php on line 153
[2026-07-06 18:21:09] Creation of dynamic property app::$meta is deprecated in C:\xampp\Desktop\mdcnpal\htdocs\public_html\core\app.php on line 434
[2026-07-06 18:21:09] Creation of dynamic property app::$rs_gs_city is deprecated in C:\xampp\Desktop\mdcnpal\htdocs\public_html\core\app.php on line 434
[2026-07-06 18:21:09] Creation of dynamic property app::$rs_footer_popular_item is deprecated in C:\xampp\Desktop\mdcnpal\htdocs\public_html\core\app.php on line 434
[2026-07-06 18:21:09] Creation of dynamic property app::$rs_footer_popular_test is deprecated in C:\xampp\Desktop\mdcnpal\htdocs\public_html\core\app.php on line 434
[2026-07-06 18:21:09] Creation of dynamic property app::$rs_testimonial is deprecated in C:\xampp\Desktop\mdcnpal\htdocs\public_html\core\app.php on line 434
[2026-07-06 18:21:09] Creation of dynamic property app::$admin is deprecated in C:\xampp\Desktop\mdcnpal\htdocs\public_html\core\app.php on line 434
[2026-07-06 18:21:09] Undefined array key 0 in C:\xampp\Desktop\mdcnpal\htdocs\public_html\core\global_include.php on line 514
[2026-07-06 18:21:09] Creation of dynamic property app::$popup is deprecated in C:\xampp\Desktop\mdcnpal\htdocs\public_html\core\app.php on line 434
[2026-07-06 18:21:09] Undefined array key "MDRCCustID" in C:\xampp\Desktop\mdcnpal\htdocs\public_html\core\global_include.php on line 515
[2026-07-06 18:21:09] Undefined array key "MDRCToken" in C:\xampp\Desktop\mdcnpal\htdocs\public_html\core\global_include.php on line 515
[2026-07-06 18:21:09] Creation of dynamic property app::$rscategory is deprecated in C:\xampp\Desktop\mdcnpal\htdocs\public_html\core\app.php on line 434
[2026-07-06 18:21:09] Creation of dynamic property app::$rs_pages is deprecated in C:\xampp\Desktop\mdcnpal\htdocs\public_html\core\app.php on line 434
[2026-07-06 18:21:09] Creation of dynamic property app::$gs is deprecated in C:\xampp\Desktop\mdcnpal\htdocs\public_html\core\app.php on line 434
[2026-07-06 18:21:09] Undefined array key "MDRCCustID" in C:\xampp\Desktop\mdcnpal\htdocs\public_html\core\global_include.php on line 596
[2026-07-06 18:21:09] Undefined array key "MDRCCustID" in C:\xampp\Desktop\mdcnpal\htdocs\public_html\core\global_include.php on line 615
[2026-07-06 18:21:09] Undefined variable $getId in C:\xampp\Desktop\mdcnpal\htdocs\public_html\core\global_include.php on line 684
[2026-07-06 18:21:09] Undefined variable $getName in C:\xampp\Desktop\mdcnpal\htdocs\public_html\core\global_include.php on line 685
[2026-07-06 18:21:09] Undefined array key 0 in C:\xampp\Desktop\mdcnpal\htdocs\public_html\core\global_include.php on line 810
[2026-07-06 18:21:09] Creation of dynamic property app::$rs_offer_msg is deprecated in C:\xampp\Desktop\mdcnpal\htdocs\public_html\core\app.php on line 434
[2026-07-06 18:21:09] Creation of dynamic property app::$rs_for_doctors is deprecated in C:\xampp\Desktop\mdcnpal\htdocs\public_html\core\app.php on line 434
[2026-07-06 18:21:09] Undefined property: app::$rs_cartmini in C:\xampp\Desktop\mdcnpal\htdocs\public_html\includes\header.php on line 131
[2026-07-06 18:21:09] Undefined array key "MDRCCustID" in C:\xampp\Desktop\mdcnpal\htdocs\public_html\includes\header.php on line 134
[2026-07-06 18:21:09] Undefined property: app::$rs_cartmini in C:\xampp\Desktop\mdcnpal\htdocs\public_html\includes\header.php on line 197
[2026-07-06 18:21:09] Undefined array key "MDRCCustID" in C:\xampp\Desktop\mdcnpal\htdocs\public_html\includes\header.php on line 200
[2026-07-06 18:21:09] Undefined property: app::$rs_cartmini in C:\xampp\Desktop\mdcnpal\htdocs\public_html\includes\header.php on line 469
[2026-07-06 18:21:09] Undefined array key "MDRCCustID" in C:\xampp\Desktop\mdcnpal\htdocs\public_html\includes\header.php on line 472
[2026-07-06 18:21:09] Undefined property: app::$rs_cartmini in C:\xampp\Desktop\mdcnpal\htdocs\public_html\includes\header.php on line 525
[2026-07-06 18:21:09] Undefined array key "MDRCCustID" in C:\xampp\Desktop\mdcnpal\htdocs\public_html\includes\header.php on line 528
[2026-07-06 18:21:09] Undefined property: app::$rs_customer in C:\xampp\Desktop\mdcnpal\htdocs\public_html\includes\header.php on line 712
[2026-07-06 18:21:09] Trying to access array offset on value of type null in C:\xampp\Desktop\mdcnpal\htdocs\public_html\includes\header.php on line 712
[2026-07-06 18:21:09] Undefined property: app::$rs_customer in C:\xampp\Desktop\mdcnpal\htdocs\public_html\includes\header.php on line 721
[2026-07-06 18:21:09] Trying to access array offset on value of type null in C:\xampp\Desktop\mdcnpal\htdocs\public_html\includes\header.php on line 721
[2026-07-06 18:21:09] Undefined property: app::$rs_customer in C:\xampp\Desktop\mdcnpal\htdocs\public_html\includes\header.php on line 730
[2026-07-06 18:21:09] Trying to access array offset on value of type null in C:\xampp\Desktop\mdcnpal\htdocs\public_html\includes\header.php on line 730
[2026-07-06 18:21:09] Undefined property: app::$rs_customer in C:\xampp\Desktop\mdcnpal\htdocs\public_html\includes\header.php on line 739
[2026-07-06 18:21:09] Trying to access array offset on value of type null in C:\xampp\Desktop\mdcnpal\htdocs\public_html\includes\header.php on line 739
[2026-07-06 18:21:10] Undefined property: app::$rs_customer in C:\xampp\Desktop\mdcnpal\htdocs\public_html\includes\footer.php on line 357
[2026-07-06 18:21:10] Trying to access array offset on value of type null in C:\xampp\Desktop\mdcnpal\htdocs\public_html\includes\footer.php on line 357
[2026-07-06 18:21:10] Undefined property: app::$rs_customer in C:\xampp\Desktop\mdcnpal\htdocs\public_html\includes\footer.php on line 366
[2026-07-06 18:21:10] Trying to access array offset on value of type null in C:\xampp\Desktop\mdcnpal\htdocs\public_html\includes\footer.php on line 366
[2026-07-06 18:21:10] Undefined property: app::$rs_customer in C:\xampp\Desktop\mdcnpal\htdocs\public_html\includes\footer.php on line 372
[2026-07-06 18:21:10] Trying to access array offset on value of type null in C:\xampp\Desktop\mdcnpal\htdocs\public_html\includes\footer.php on line 372
[2026-07-06 18:21:10] Undefined property: app::$rs_customer in C:\xampp\Desktop\mdcnpal\htdocs\public_html\includes\general_data.php on line 88
[2026-07-06 18:21:10] Trying to access array offset on value of type null in C:\xampp\Desktop\mdcnpal\htdocs\public_html\includes\general_data.php on line 88
[2026-07-06 18:21:10] Undefined array key "MDRCCustID" in C:\xampp\Desktop\mdcnpal\htdocs\public_html\includes\general_data.php on line 88
[2026-07-06 18:21:10] Undefined variable $tmpStr in C:\xampp\Desktop\mdcnpal\htdocs\public_html\core\app.php on line 971
[2026-07-06 18:21:10] Creation of dynamic property dbclass::$RECORD_SET is deprecated in C:\xampp\Desktop\mdcnpal\htdocs\public_html\core\dbclass.php on line 69
[2026-07-06 18:21:10] Creation of dynamic property dbclass::$app is deprecated in C:\xampp\Desktop\mdcnpal\htdocs\public_html\core\dbclass.php on line 75
[2026-07-06 18:21:10] Creation of dynamic property model::$foreign_tables is deprecated in C:\xampp\Desktop\mdcnpal\htdocs\public_html\core\model.php on line 43
[2026-07-06 18:21:10] Creation of dynamic property app::$inputfilter is deprecated in C:\xampp\Desktop\mdcnpal\htdocs\public_html\core\app.php on line 123
[2026-07-06 18:21:10] Creation of dynamic property app::$userconfig is deprecated in C:\xampp\Desktop\mdcnpal\htdocs\public_html\core\app.php on line 124
[2026-07-06 18:21:10] Creation of dynamic property app::$global_include is deprecated in C:\xampp\Desktop\mdcnpal\htdocs\public_html\core\app.php on line 125
[2026-07-06 18:21:10] Creation of dynamic property app::$set_cache_time is deprecated in C:\xampp\Desktop\mdcnpal\htdocs\public_html\core\app.php on line 153
[2026-07-06 18:21:10] Creation of dynamic property app::$meta is deprecated in C:\xampp\Desktop\mdcnpal\htdocs\public_html\core\app.php on line 434
[2026-07-06 18:21:10] Creation of dynamic property app::$rs_gs_city is deprecated in C:\xampp\Desktop\mdcnpal\htdocs\public_html\core\app.php on line 434
[2026-07-06 18:21:10] Creation of dynamic property app::$rs_footer_popular_item is deprecated in C:\xampp\Desktop\mdcnpal\htdocs\public_html\core\app.php on line 434
[2026-07-06 18:21:10] Creation of dynamic property app::$rs_footer_popular_test is deprecated in C:\xampp\Desktop\mdcnpal\htdocs\public_html\core\app.php on line 434
[2026-07-06 18:21:10] Creation of dynamic property app::$rs_testimonial is deprecated in C:\xampp\Desktop\mdcnpal\htdocs\public_html\core\app.php on line 434
[2026-07-06 18:21:10] Creation of dynamic property app::$admin is deprecated in C:\xampp\Desktop\mdcnpal\htdocs\public_html\core\app.php on line 434
[2026-07-06 18:21:10] Undefined array key 0 in C:\xampp\Desktop\mdcnpal\htdocs\public_html\core\global_include.php on line 514
[2026-07-06 18:21:10] Creation of dynamic property app::$popup is deprecated in C:\xampp\Desktop\mdcnpal\htdocs\public_html\core\app.php on line 434
[2026-07-06 18:21:10] Undefined array key "MDRCCustID" in C:\xampp\Desktop\mdcnpal\htdocs\public_html\core\global_include.php on line 515
[2026-07-06 18:21:10] Undefined array key "MDRCToken" in C:\xampp\Desktop\mdcnpal\htdocs\public_html\core\global_include.php on line 515
[2026-07-06 18:21:10] Creation of dynamic property app::$rscategory is deprecated in C:\xampp\Desktop\mdcnpal\htdocs\public_html\core\app.php on line 434
[2026-07-06 18:21:10] Creation of dynamic property app::$rs_pages is deprecated in C:\xampp\Desktop\mdcnpal\htdocs\public_html\core\app.php on line 434
[2026-07-06 18:21:10] Creation of dynamic property app::$gs is deprecated in C:\xampp\Desktop\mdcnpal\htdocs\public_html\core\app.php on line 434
[2026-07-06 18:21:10] Undefined array key "MDRCCustID" in C:\xampp\Desktop\mdcnpal\htdocs\public_html\core\global_include.php on line 596
[2026-07-06 18:21:10] Undefined array key "MDRCCustID" in C:\xampp\Desktop\mdcnpal\htdocs\public_html\core\global_include.php on line 615
[2026-07-06 18:21:10] Undefined variable $getId in C:\xampp\Desktop\mdcnpal\htdocs\public_html\core\global_include.php on line 684
[2026-07-06 18:21:10] Undefined variable $getName in C:\xampp\Desktop\mdcnpal\htdocs\public_html\core\global_include.php on line 685
[2026-07-06 18:21:10] Undefined array key 0 in C:\xampp\Desktop\mdcnpal\htdocs\public_html\core\global_include.php on line 810
[2026-07-06 18:21:10] Creation of dynamic property app::$rs_offer_msg is deprecated in C:\xampp\Desktop\mdcnpal\htdocs\public_html\core\app.php on line 434
[2026-07-06 18:21:10] Creation of dynamic property app::$rs_for_doctors is deprecated in C:\xampp\Desktop\mdcnpal\htdocs\public_html\core\app.php on line 434
[2026-07-06 18:21:10] Undefined property: app::$rs_cartmini in C:\xampp\Desktop\mdcnpal\htdocs\public_html\includes\header.php on line 131
[2026-07-06 18:21:10] Undefined array key "MDRCCustID" in C:\xampp\Desktop\mdcnpal\htdocs\public_html\includes\header.php on line 134
[2026-07-06 18:21:10] Undefined property: app::$rs_cartmini in C:\xampp\Desktop\mdcnpal\htdocs\public_html\includes\header.php on line 197
[2026-07-06 18:21:10] Undefined array key "MDRCCustID" in C:\xampp\Desktop\mdcnpal\htdocs\public_html\includes\header.php on line 200
[2026-07-06 18:21:10] Undefined property: app::$rs_cartmini in C:\xampp\Desktop\mdcnpal\htdocs\public_html\includes\header.php on line 469
[2026-07-06 18:21:10] Undefined array key "MDRCCustID" in C:\xampp\Desktop\mdcnpal\htdocs\public_html\includes\header.php on line 472
[2026-07-06 18:21:10] Undefined property: app::$rs_cartmini in C:\xampp\Desktop\mdcnpal\htdocs\public_html\includes\header.php on line 525
[2026-07-06 18:21:10] Undefined array key "MDRCCustID" in C:\xampp\Desktop\mdcnpal\htdocs\public_html\includes\header.php on line 528
[2026-07-06 18:21:10] Undefined property: app::$rs_customer in C:\xampp\Desktop\mdcnpal\htdocs\public_html\includes\header.php on line 712
[2026-07-06 18:21:10] Trying to access array offset on value of type null in C:\xampp\Desktop\mdcnpal\htdocs\public_html\includes\header.php on line 712
[2026-07-06 18:21:10] Undefined property: app::$rs_customer in C:\xampp\Desktop\mdcnpal\htdocs\public_html\includes\header.php on line 721
[2026-07-06 18:21:10] Trying to access array offset on value of type null in C:\xampp\Desktop\mdcnpal\htdocs\public_html\includes\header.php on line 721
[2026-07-06 18:21:10] Undefined property: app::$rs_customer in C:\xampp\Desktop\mdcnpal\htdocs\public_html\includes\header.php on line 730
[2026-07-06 18:21:10] Trying to access array offset on value of type null in C:\xampp\Desktop\mdcnpal\htdocs\public_html\includes\header.php on line 730
[2026-07-06 18:21:10] Undefined property: app::$rs_customer in C:\xampp\Desktop\mdcnpal\htdocs\public_html\includes\header.php on line 739
[2026-07-06 18:21:10] Trying to access array offset on value of type null in C:\xampp\Desktop\mdcnpal\htdocs\public_html\includes\header.php on line 739
[2026-07-06 18:21:10] Undefined property: app::$rs_cartmini in C:\xampp\Desktop\mdcnpal\htdocs\public_html\core\app.php(565) : eval()'d code on line 66
[06-Jul-2026 18:21:10 Asia/Kathmandu] PHP Fatal error:  Uncaught TypeError: count(): Argument #1 ($value) must be of type Countable|array, null given in C:\xampp\Desktop\mdcnpal\htdocs\public_html\core\app.php(565) : eval()'d code:66
Stack trace:
#0 C:\xampp\Desktop\mdcnpal\htdocs\public_html\core\app.php(565): eval()
#1 C:\xampp\Desktop\mdcnpal\htdocs\public_html\core\app.php(535): app->compile()
#2 C:\xampp\Desktop\mdcnpal\htdocs\public_html\core\app.php(516): app->package()
#3 C:\xampp\Desktop\mdcnpal\htdocs\public_html\index.php(6): app->execute()
#4 {main}
  thrown in C:\xampp\Desktop\mdcnpal\htdocs\public_html\core\app.php(565) : eval()'d code on line 66
[2026-07-06 18:21:10] Creation of dynamic property dbclass::$RECORD_SET is deprecated in C:\xampp\Desktop\mdcnpal\htdocs\public_html\core\dbclass.php on line 69
[2026-07-06 18:21:10] Creation of dynamic property dbclass::$app is deprecated in C:\xampp\Desktop\mdcnpal\htdocs\public_html\core\dbclass.php on line 75
[2026-07-06 18:21:10] Creation of dynamic property model::$foreign_tables is deprecated in C:\xampp\Desktop\mdcnpal\htdocs\public_html\core\model.php on line 43
[2026-07-06 18:21:10] Creation of dynamic property app::$inputfilter is deprecated in C:\xampp\Desktop\mdcnpal\htdocs\public_html\core\app.php on line 123
[2026-07-06 18:21:10] Creation of dynamic property app::$userconfig is deprecated in C:\xampp\Desktop\mdcnpal\htdocs\public_html\core\app.php on line 124
[2026-07-06 18:21:10] Creation of dynamic property app::$global_include is deprecated in C:\xampp\Desktop\mdcnpal\htdocs\public_html\core\app.php on line 125
[2026-07-06 18:21:10] Creation of dynamic property app::$set_cache_time is deprecated in C:\xampp\Desktop\mdcnpal\htdocs\public_html\core\app.php on line 153
[2026-07-06 18:21:10] Creation of dynamic property app::$meta is deprecated in C:\xampp\Desktop\mdcnpal\htdocs\public_html\core\app.php on line 434
[2026-07-06 18:21:10] Creation of dynamic property app::$rs_gs_city is deprecated in C:\xampp\Desktop\mdcnpal\htdocs\public_html\core\app.php on line 434
[2026-07-06 18:21:10] Creation of dynamic property app::$rs_footer_popular_item is deprecated in C:\xampp\Desktop\mdcnpal\htdocs\public_html\core\app.php on line 434
[2026-07-06 18:21:10] Creation of dynamic property app::$rs_footer_popular_test is deprecated in C:\xampp\Desktop\mdcnpal\htdocs\public_html\core\app.php on line 434
[2026-07-06 18:21:10] Creation of dynamic property app::$rs_testimonial is deprecated in C:\xampp\Desktop\mdcnpal\htdocs\public_html\core\app.php on line 434
[2026-07-06 18:21:10] Creation of dynamic property app::$admin is deprecated in C:\xampp\Desktop\mdcnpal\htdocs\public_html\core\app.php on line 434
[2026-07-06 18:21:10] Undefined array key 0 in C:\xampp\Desktop\mdcnpal\htdocs\public_html\core\global_include.php on line 514
[2026-07-06 18:21:10] Creation of dynamic property app::$popup is deprecated in C:\xampp\Desktop\mdcnpal\htdocs\public_html\core\app.php on line 434
[2026-07-06 18:21:10] Undefined array key "MDRCCustID" in C:\xampp\Desktop\mdcnpal\htdocs\public_html\core\global_include.php on line 515
[2026-07-06 18:21:10] Undefined array key "MDRCToken" in C:\xampp\Desktop\mdcnpal\htdocs\public_html\core\global_include.php on line 515
[2026-07-06 18:21:10] Creation of dynamic property app::$rscategory is deprecated in C:\xampp\Desktop\mdcnpal\htdocs\public_html\core\app.php on line 434
[2026-07-06 18:21:10] Creation of dynamic property app::$rs_pages is deprecated in C:\xampp\Desktop\mdcnpal\htdocs\public_html\core\app.php on line 434
[2026-07-06 18:21:10] Creation of dynamic property app::$gs is deprecated in C:\xampp\Desktop\mdcnpal\htdocs\public_html\core\app.php on line 434
[2026-07-06 18:21:10] Undefined array key "MDRCCustID" in C:\xampp\Desktop\mdcnpal\htdocs\public_html\core\global_include.php on line 596
[2026-07-06 18:21:10] Undefined array key "MDRCCustID" in C:\xampp\Desktop\mdcnpal\htdocs\public_html\core\global_include.php on line 615
[2026-07-06 18:21:10] Undefined variable $getId in C:\xampp\Desktop\mdcnpal\htdocs\public_html\core\global_include.php on line 684
[2026-07-06 18:21:10] Undefined variable $getName in C:\xampp\Desktop\mdcnpal\htdocs\public_html\core\global_include.php on line 685
[2026-07-06 18:21:10] Undefined array key 0 in C:\xampp\Desktop\mdcnpal\htdocs\public_html\core\global_include.php on line 810
[2026-07-06 18:21:10] Creation of dynamic property app::$rs_offer_msg is deprecated in C:\xampp\Desktop\mdcnpal\htdocs\public_html\core\app.php on line 434
[2026-07-06 18:21:10] Creation of dynamic property app::$rs_for_doctors is deprecated in C:\xampp\Desktop\mdcnpal\htdocs\public_html\core\app.php on line 434
[2026-07-06 18:21:10] Undefined property: app::$rs_cartmini in C:\xampp\Desktop\mdcnpal\htdocs\public_html\includes\header.php on line 131
[2026-07-06 18:21:10] Undefined array key "MDRCCustID" in C:\xampp\Desktop\mdcnpal\htdocs\public_html\includes\header.php on line 134
[2026-07-06 18:21:10] Undefined property: app::$rs_cartmini in C:\xampp\Desktop\mdcnpal\htdocs\public_html\includes\header.php on line 197
[2026-07-06 18:21:10] Undefined array key "MDRCCustID" in C:\xampp\Desktop\mdcnpal\htdocs\public_html\includes\header.php on line 200
[2026-07-06 18:21:10] Undefined property: app::$rs_cartmini in C:\xampp\Desktop\mdcnpal\htdocs\public_html\includes\header.php on line 469
[2026-07-06 18:21:10] Undefined array key "MDRCCustID" in C:\xampp\Desktop\mdcnpal\htdocs\public_html\includes\header.php on line 472
[2026-07-06 18:21:10] Undefined property: app::$rs_cartmini in C:\xampp\Desktop\mdcnpal\htdocs\public_html\includes\header.php on line 525
[2026-07-06 18:21:10] Undefined array key "MDRCCustID" in C:\xampp\Desktop\mdcnpal\htdocs\public_html\includes\header.php on line 528
[2026-07-06 18:21:10] Undefined property: app::$rs_customer in C:\xampp\Desktop\mdcnpal\htdocs\public_html\includes\header.php on line 712
[2026-07-06 18:21:10] Trying to access array offset on value of type null in C:\xampp\Desktop\mdcnpal\htdocs\public_html\includes\header.php on line 712
[2026-07-06 18:21:10] Undefined property: app::$rs_customer in C:\xampp\Desktop\mdcnpal\htdocs\public_html\includes\header.php on line 721
[2026-07-06 18:21:10] Trying to access array offset on value of type null in C:\xampp\Desktop\mdcnpal\htdocs\public_html\includes\header.php on line 721
[2026-07-06 18:21:10] Undefined property: app::$rs_customer in C:\xampp\Desktop\mdcnpal\htdocs\public_html\includes\header.php on line 730
[2026-07-06 18:21:10] Trying to access array offset on value of type null in C:\xampp\Desktop\mdcnpal\htdocs\public_html\includes\header.php on line 730
[2026-07-06 18:21:10] Undefined property: app::$rs_customer in C:\xampp\Desktop\mdcnpal\htdocs\public_html\includes\header.php on line 739
[2026-07-06 18:21:10] Trying to access array offset on value of type null in C:\xampp\Desktop\mdcnpal\htdocs\public_html\includes\header.php on line 739
[2026-07-06 18:21:10] Undefined property: app::$rs_customer in C:\xampp\Desktop\mdcnpal\htdocs\public_html\includes\footer.php on line 357
[2026-07-06 18:21:10] Trying to access array offset on value of type null in C:\xampp\Desktop\mdcnpal\htdocs\public_html\includes\footer.php on line 357
[2026-07-06 18:21:10] Undefined property: app::$rs_customer in C:\xampp\Desktop\mdcnpal\htdocs\public_html\includes\footer.php on line 366
[2026-07-06 18:21:10] Trying to access array offset on value of type null in C:\xampp\Desktop\mdcnpal\htdocs\public_html\includes\footer.php on line 366
[2026-07-06 18:21:10] Undefined property: app::$rs_customer in C:\xampp\Desktop\mdcnpal\htdocs\public_html\includes\footer.php on line 372
[2026-07-06 18:21:10] Trying to access array offset on value of type null in C:\xampp\Desktop\mdcnpal\htdocs\public_html\includes\footer.php on line 372
[2026-07-06 18:21:10] Undefined property: app::$rs_customer in C:\xampp\Desktop\mdcnpal\htdocs\public_html\includes\general_data.php on line 88
[2026-07-06 18:21:10] Trying to access array offset on value of type null in C:\xampp\Desktop\mdcnpal\htdocs\public_html\includes\general_data.php on line 88
[2026-07-06 18:21:10] Undefined array key "MDRCCustID" in C:\xampp\Desktop\mdcnpal\htdocs\public_html\includes\general_data.php on line 88
[2026-07-06 18:21:10] Undefined variable $tmpStr in C:\xampp\Desktop\mdcnpal\htdocs\public_html\core\app.php on line 971
[2026-07-06 18:21:10] Creation of dynamic property dbclass::$RECORD_SET is deprecated in C:\xampp\Desktop\mdcnpal\htdocs\public_html\core\dbclass.php on line 69
[2026-07-06 18:21:10] Creation of dynamic property dbclass::$app is deprecated in C:\xampp\Desktop\mdcnpal\htdocs\public_html\core\dbclass.php on line 75
[2026-07-06 18:21:10] Creation of dynamic property model::$foreign_tables is deprecated in C:\xampp\Desktop\mdcnpal\htdocs\public_html\core\model.php on line 43
[2026-07-06 18:21:10] Creation of dynamic property app::$inputfilter is deprecated in C:\xampp\Desktop\mdcnpal\htdocs\public_html\core\app.php on line 123
[2026-07-06 18:21:10] Creation of dynamic property app::$userconfig is deprecated in C:\xampp\Desktop\mdcnpal\htdocs\public_html\core\app.php on line 124
[2026-07-06 18:21:10] Creation of dynamic property app::$global_include is deprecated in C:\xampp\Desktop\mdcnpal\htdocs\public_html\core\app.php on line 125
[2026-07-06 18:21:10] Creation of dynamic property app::$set_cache_time is deprecated in C:\xampp\Desktop\mdcnpal\htdocs\public_html\core\app.php on line 153
[2026-07-06 18:21:10] Creation of dynamic property app::$meta is deprecated in C:\xampp\Desktop\mdcnpal\htdocs\public_html\core\app.php on line 434
[2026-07-06 18:21:10] Creation of dynamic property app::$rs_gs_city is deprecated in C:\xampp\Desktop\mdcnpal\htdocs\public_html\core\app.php on line 434
[2026-07-06 18:21:10] Creation of dynamic property app::$rs_footer_popular_item is deprecated in C:\xampp\Desktop\mdcnpal\htdocs\public_html\core\app.php on line 434
[2026-07-06 18:21:10] Creation of dynamic property app::$rs_footer_popular_test is deprecated in C:\xampp\Desktop\mdcnpal\htdocs\public_html\core\app.php on line 434
[2026-07-06 18:21:10] Creation of dynamic property app::$rs_testimonial is deprecated in C:\xampp\Desktop\mdcnpal\htdocs\public_html\core\app.php on line 434
[2026-07-06 18:21:10] Creation of dynamic property app::$admin is deprecated in C:\xampp\Desktop\mdcnpal\htdocs\public_html\core\app.php on line 434
[2026-07-06 18:21:10] Undefined array key 0 in C:\xampp\Desktop\mdcnpal\htdocs\public_html\core\global_include.php on line 514
[2026-07-06 18:21:10] Creation of dynamic property app::$popup is deprecated in C:\xampp\Desktop\mdcnpal\htdocs\public_html\core\app.php on line 434
[2026-07-06 18:21:10] Undefined array key "MDRCCustID" in C:\xampp\Desktop\mdcnpal\htdocs\public_html\core\global_include.php on line 515
[2026-07-06 18:21:10] Undefined array key "MDRCToken" in C:\xampp\Desktop\mdcnpal\htdocs\public_html\core\global_include.php on line 515
[2026-07-06 18:21:10] Creation of dynamic property app::$rscategory is deprecated in C:\xampp\Desktop\mdcnpal\htdocs\public_html\core\app.php on line 434
[2026-07-06 18:21:10] Creation of dynamic property app::$rs_pages is deprecated in C:\xampp\Desktop\mdcnpal\htdocs\public_html\core\app.php on line 434
[2026-07-06 18:21:10] Creation of dynamic property app::$gs is deprecated in C:\xampp\Desktop\mdcnpal\htdocs\public_html\core\app.php on line 434
[2026-07-06 18:21:10] Undefined array key "MDRCCustID" in C:\xampp\Desktop\mdcnpal\htdocs\public_html\core\global_include.php on line 596
[2026-07-06 18:21:10] Undefined array key "MDRCCustID" in C:\xampp\Desktop\mdcnpal\htdocs\public_html\core\global_include.php on line 615
[2026-07-06 18:21:10] Undefined variable $getId in C:\xampp\Desktop\mdcnpal\htdocs\public_html\core\global_include.php on line 684
[2026-07-06 18:21:10] Undefined variable $getName in C:\xampp\Desktop\mdcnpal\htdocs\public_html\core\global_include.php on line 685
[2026-07-06 18:21:10] Undefined array key 0 in C:\xampp\Desktop\mdcnpal\htdocs\public_html\core\global_include.php on line 810
[2026-07-06 18:21:10] Creation of dynamic property app::$rs_offer_msg is deprecated in C:\xampp\Desktop\mdcnpal\htdocs\public_html\core\app.php on line 434
[2026-07-06 18:21:10] Creation of dynamic property app::$rs_for_doctors is deprecated in C:\xampp\Desktop\mdcnpal\htdocs\public_html\core\app.php on line 434
[2026-07-06 18:21:10] Creation of dynamic property app::$rs_gallery_data is deprecated in C:\xampp\Desktop\mdcnpal\htdocs\public_html\core\app.php on line 434
[2026-07-06 18:21:10] Creation of dynamic property app::$category is deprecated in C:\xampp\Desktop\mdcnpal\htdocs\public_html\core\app.php on line 434
[2026-07-06 18:21:10] Undefined array key 0 in C:\xampp\Desktop\mdcnpal\htdocs\public_html\controllers\controller_for_doctors.php on line 22
[2026-07-06 18:21:10] Creation of dynamic property app::$records_doctors is deprecated in C:\xampp\Desktop\mdcnpal\htdocs\public_html\core\app.php on line 434
[2026-07-06 18:21:10] Undefined array key 0 in C:\xampp\Desktop\mdcnpal\htdocs\public_html\controllers\controller_for_doctors.php on line 25
[2026-07-06 18:21:10] Trying to access array offset on value of type null in C:\xampp\Desktop\mdcnpal\htdocs\public_html\controllers\controller_for_doctors.php on line 25
[2026-07-06 18:21:10] Creation of dynamic property app::$records_services is deprecated in C:\xampp\Desktop\mdcnpal\htdocs\public_html\core\app.php on line 434
[2026-07-06 18:21:10] Undefined array key 0 in C:\xampp\Desktop\mdcnpal\htdocs\public_html\controllers\controller_for_doctors.php on line 31
[2026-07-06 18:21:10] Trying to access array offset on value of type null in C:\xampp\Desktop\mdcnpal\htdocs\public_html\controllers\controller_for_doctors.php on line 31
[2026-07-06 18:21:10] str_replace(): Passing null to parameter #3 ($subject) of type array|string is deprecated in C:\xampp\Desktop\mdcnpal\htdocs\public_html\controllers\controller_for_doctors.php on line 31
[2026-07-06 18:21:10] Undefined array key 0 in C:\xampp\Desktop\mdcnpal\htdocs\public_html\controllers\controller_for_doctors.php on line 32
[2026-07-06 18:21:10] Trying to access array offset on value of type null in C:\xampp\Desktop\mdcnpal\htdocs\public_html\controllers\controller_for_doctors.php on line 32
[2026-07-06 18:21:10] str_replace(): Passing null to parameter #3 ($subject) of type array|string is deprecated in C:\xampp\Desktop\mdcnpal\htdocs\public_html\controllers\controller_for_doctors.php on line 32
[2026-07-06 18:21:10] Undefined array key 0 in C:\xampp\Desktop\mdcnpal\htdocs\public_html\controllers\controller_for_doctors.php on line 33
[2026-07-06 18:21:10] Trying to access array offset on value of type null in C:\xampp\Desktop\mdcnpal\htdocs\public_html\controllers\controller_for_doctors.php on line 33
[2026-07-06 18:21:10] str_replace(): Passing null to parameter #3 ($subject) of type array|string is deprecated in C:\xampp\Desktop\mdcnpal\htdocs\public_html\controllers\controller_for_doctors.php on line 33
[2026-07-06 18:21:11] Creation of dynamic property dbclass::$RECORD_SET is deprecated in C:\xampp\Desktop\mdcnpal\htdocs\public_html\core\dbclass.php on line 69
[2026-07-06 18:21:11] Creation of dynamic property dbclass::$app is deprecated in C:\xampp\Desktop\mdcnpal\htdocs\public_html\core\dbclass.php on line 75
[2026-07-06 18:21:11] Creation of dynamic property model::$foreign_tables is deprecated in C:\xampp\Desktop\mdcnpal\htdocs\public_html\core\model.php on line 43
[2026-07-06 18:21:11] Creation of dynamic property app::$inputfilter is deprecated in C:\xampp\Desktop\mdcnpal\htdocs\public_html\core\app.php on line 123
[2026-07-06 18:21:11] Creation of dynamic property app::$userconfig is deprecated in C:\xampp\Desktop\mdcnpal\htdocs\public_html\core\app.php on line 124
[2026-07-06 18:21:11] Creation of dynamic property app::$global_include is deprecated in C:\xampp\Desktop\mdcnpal\htdocs\public_html\core\app.php on line 125
[2026-07-06 18:21:11] Creation of dynamic property app::$set_cache_time is deprecated in C:\xampp\Desktop\mdcnpal\htdocs\public_html\core\app.php on line 153
[2026-07-06 18:21:11] Creation of dynamic property app::$meta is deprecated in C:\xampp\Desktop\mdcnpal\htdocs\public_html\core\app.php on line 434
[2026-07-06 18:21:11] Creation of dynamic property app::$rs_gs_city is deprecated in C:\xampp\Desktop\mdcnpal\htdocs\public_html\core\app.php on line 434
[2026-07-06 18:21:11] Creation of dynamic property app::$rs_footer_popular_item is deprecated in C:\xampp\Desktop\mdcnpal\htdocs\public_html\core\app.php on line 434
[2026-07-06 18:21:11] Creation of dynamic property app::$rs_footer_popular_test is deprecated in C:\xampp\Desktop\mdcnpal\htdocs\public_html\core\app.php on line 434
[2026-07-06 18:21:11] Creation of dynamic property app::$rs_testimonial is deprecated in C:\xampp\Desktop\mdcnpal\htdocs\public_html\core\app.php on line 434
[2026-07-06 18:21:11] Creation of dynamic property app::$admin is deprecated in C:\xampp\Desktop\mdcnpal\htdocs\public_html\core\app.php on line 434
[2026-07-06 18:21:11] Undefined array key 0 in C:\xampp\Desktop\mdcnpal\htdocs\public_html\core\global_include.php on line 514
[2026-07-06 18:21:11] Creation of dynamic property app::$popup is deprecated in C:\xampp\Desktop\mdcnpal\htdocs\public_html\core\app.php on line 434
[2026-07-06 18:21:11] Undefined array key "MDRCCustID" in C:\xampp\Desktop\mdcnpal\htdocs\public_html\core\global_include.php on line 515
[2026-07-06 18:21:11] Undefined array key "MDRCToken" in C:\xampp\Desktop\mdcnpal\htdocs\public_html\core\global_include.php on line 515
[2026-07-06 18:21:11] Creation of dynamic property app::$rscategory is deprecated in C:\xampp\Desktop\mdcnpal\htdocs\public_html\core\app.php on line 434
[2026-07-06 18:21:11] Creation of dynamic property app::$rs_pages is deprecated in C:\xampp\Desktop\mdcnpal\htdocs\public_html\core\app.php on line 434
[2026-07-06 18:21:11] Creation of dynamic property app::$gs is deprecated in C:\xampp\Desktop\mdcnpal\htdocs\public_html\core\app.php on line 434
[2026-07-06 18:21:11] Undefined array key "MDRCCustID" in C:\xampp\Desktop\mdcnpal\htdocs\public_html\core\global_include.php on line 596
[2026-07-06 18:21:11] Undefined array key "MDRCCustID" in C:\xampp\Desktop\mdcnpal\htdocs\public_html\core\global_include.php on line 615
[2026-07-06 18:21:11] Undefined variable $getId in C:\xampp\Desktop\mdcnpal\htdocs\public_html\core\global_include.php on line 684
[2026-07-06 18:21:11] Undefined variable $getName in C:\xampp\Desktop\mdcnpal\htdocs\public_html\core\global_include.php on line 685
[2026-07-06 18:21:11] Undefined array key 0 in C:\xampp\Desktop\mdcnpal\htdocs\public_html\core\global_include.php on line 810
[2026-07-06 18:21:11] Creation of dynamic property app::$rs_offer_msg is deprecated in C:\xampp\Desktop\mdcnpal\htdocs\public_html\core\app.php on line 434
[2026-07-06 18:21:11] Creation of dynamic property app::$rs_for_doctors is deprecated in C:\xampp\Desktop\mdcnpal\htdocs\public_html\core\app.php on line 434
[2026-07-06 18:21:11] Undefined property: app::$rs_cartmini in C:\xampp\Desktop\mdcnpal\htdocs\public_html\includes\header.php on line 131
[2026-07-06 18:21:11] Undefined array key "MDRCCustID" in C:\xampp\Desktop\mdcnpal\htdocs\public_html\includes\header.php on line 134
[2026-07-06 18:21:11] Undefined property: app::$rs_cartmini in C:\xampp\Desktop\mdcnpal\htdocs\public_html\includes\header.php on line 197
[2026-07-06 18:21:11] Undefined array key "MDRCCustID" in C:\xampp\Desktop\mdcnpal\htdocs\public_html\includes\header.php on line 200
[2026-07-06 18:21:11] Undefined property: app::$rs_cartmini in C:\xampp\Desktop\mdcnpal\htdocs\public_html\includes\header.php on line 469
[2026-07-06 18:21:11] Undefined array key "MDRCCustID" in C:\xampp\Desktop\mdcnpal\htdocs\public_html\includes\header.php on line 472
[2026-07-06 18:21:11] Undefined property: app::$rs_cartmini in C:\xampp\Desktop\mdcnpal\htdocs\public_html\includes\header.php on line 525
[2026-07-06 18:21:11] Undefined array key "MDRCCustID" in C:\xampp\Desktop\mdcnpal\htdocs\public_html\includes\header.php on line 528
[2026-07-06 18:21:11] Undefined property: app::$rs_customer in C:\xampp\Desktop\mdcnpal\htdocs\public_html\includes\header.php on line 712
[2026-07-06 18:21:11] Trying to access array offset on value of type null in C:\xampp\Desktop\mdcnpal\htdocs\public_html\includes\header.php on line 712
[2026-07-06 18:21:11] Undefined property: app::$rs_customer in C:\xampp\Desktop\mdcnpal\htdocs\public_html\includes\header.php on line 721
[2026-07-06 18:21:11] Trying to access array offset on value of type null in C:\xampp\Desktop\mdcnpal\htdocs\public_html\includes\header.php on line 721
[2026-07-06 18:21:11] Undefined property: app::$rs_customer in C:\xampp\Desktop\mdcnpal\htdocs\public_html\includes\header.php on line 730
[2026-07-06 18:21:11] Trying to access array offset on value of type null in C:\xampp\Desktop\mdcnpal\htdocs\public_html\includes\header.php on line 730
[2026-07-06 18:21:11] Undefined property: app::$rs_customer in C:\xampp\Desktop\mdcnpal\htdocs\public_html\includes\header.php on line 739
[2026-07-06 18:21:11] Trying to access array offset on value of type null in C:\xampp\Desktop\mdcnpal\htdocs\public_html\includes\header.php on line 739
[2026-07-06 18:21:11] Undefined property: app::$rs_customer in C:\xampp\Desktop\mdcnpal\htdocs\public_html\includes\footer.php on line 357
[2026-07-06 18:21:11] Trying to access array offset on value of type null in C:\xampp\Desktop\mdcnpal\htdocs\public_html\includes\footer.php on line 357
[2026-07-06 18:21:11] Undefined property: app::$rs_customer in C:\xampp\Desktop\mdcnpal\htdocs\public_html\includes\footer.php on line 366
[2026-07-06 18:21:11] Trying to access array offset on value of type null in C:\xampp\Desktop\mdcnpal\htdocs\public_html\includes\footer.php on line 366
[2026-07-06 18:21:11] Undefined property: app::$rs_customer in C:\xampp\Desktop\mdcnpal\htdocs\public_html\includes\footer.php on line 372
[2026-07-06 18:21:11] Trying to access array offset on value of type null in C:\xampp\Desktop\mdcnpal\htdocs\public_html\includes\footer.php on line 372
[2026-07-06 18:21:11] Undefined property: app::$rs_customer in C:\xampp\Desktop\mdcnpal\htdocs\public_html\includes\general_data.php on line 88
[2026-07-06 18:21:11] Trying to access array offset on value of type null in C:\xampp\Desktop\mdcnpal\htdocs\public_html\includes\general_data.php on line 88
[2026-07-06 18:21:11] Undefined array key "MDRCCustID" in C:\xampp\Desktop\mdcnpal\htdocs\public_html\includes\general_data.php on line 88
[2026-07-06 18:21:11] Undefined variable $tmpStr in C:\xampp\Desktop\mdcnpal\htdocs\public_html\core\app.php on line 971
[2026-07-06 18:22:31] Creation of dynamic property dbclass::$RECORD_SET is deprecated in C:\xampp\Desktop\mdcnpal\htdocs\public_html\core\dbclass.php on line 69
[2026-07-06 18:22:31] Creation of dynamic property dbclass::$app is deprecated in C:\xampp\Desktop\mdcnpal\htdocs\public_html\core\dbclass.php on line 75
[2026-07-06 18:22:31] Creation of dynamic property model::$foreign_tables is deprecated in C:\xampp\Desktop\mdcnpal\htdocs\public_html\core\model.php on line 43
[2026-07-06 18:22:31] Creation of dynamic property app::$inputfilter is deprecated in C:\xampp\Desktop\mdcnpal\htdocs\public_html\core\app.php on line 123
[2026-07-06 18:22:31] Creation of dynamic property app::$userconfig is deprecated in C:\xampp\Desktop\mdcnpal\htdocs\public_html\core\app.php on line 124
[2026-07-06 18:22:31] Creation of dynamic property app::$global_include is deprecated in C:\xampp\Desktop\mdcnpal\htdocs\public_html\core\app.php on line 125
[2026-07-06 18:22:31] Creation of dynamic property app::$set_cache_time is deprecated in C:\xampp\Desktop\mdcnpal\htdocs\public_html\core\app.php on line 153
[2026-07-06 18:22:31] Undefined array key "cityID" in C:\xampp\Desktop\mdcnpal\htdocs\public_html\core\global_include.php on line 381
[2026-07-06 18:22:31] Undefined array key "MDRCCustID" in C:\xampp\Desktop\mdcnpal\htdocs\public_html\core\global_include.php on line 406
[2026-07-06 18:22:31] Creation of dynamic property app::$meta is deprecated in C:\xampp\Desktop\mdcnpal\htdocs\public_html\core\app.php on line 434
[2026-07-06 18:22:31] Creation of dynamic property app::$rs_gs_city is deprecated in C:\xampp\Desktop\mdcnpal\htdocs\public_html\core\app.php on line 434
[2026-07-06 18:22:31] Creation of dynamic property app::$rs_footer_popular_item is deprecated in C:\xampp\Desktop\mdcnpal\htdocs\public_html\core\app.php on line 434
[2026-07-06 18:22:31] Creation of dynamic property app::$rs_footer_popular_test is deprecated in C:\xampp\Desktop\mdcnpal\htdocs\public_html\core\app.php on line 434
[2026-07-06 18:22:31] Creation of dynamic property app::$rs_testimonial is deprecated in C:\xampp\Desktop\mdcnpal\htdocs\public_html\core\app.php on line 434
[2026-07-06 18:22:31] Creation of dynamic property app::$admin is deprecated in C:\xampp\Desktop\mdcnpal\htdocs\public_html\core\app.php on line 434
[2026-07-06 18:22:31] Undefined array key 0 in C:\xampp\Desktop\mdcnpal\htdocs\public_html\core\global_include.php on line 514
[2026-07-06 18:22:31] Creation of dynamic property app::$popup is deprecated in C:\xampp\Desktop\mdcnpal\htdocs\public_html\core\app.php on line 434
[2026-07-06 18:22:31] Undefined array key "MDRCCustID" in C:\xampp\Desktop\mdcnpal\htdocs\public_html\core\global_include.php on line 515
[2026-07-06 18:22:31] Undefined array key "MDRCToken" in C:\xampp\Desktop\mdcnpal\htdocs\public_html\core\global_include.php on line 515
[2026-07-06 18:22:31] Creation of dynamic property app::$rscategory is deprecated in C:\xampp\Desktop\mdcnpal\htdocs\public_html\core\app.php on line 434
[2026-07-06 18:22:31] Creation of dynamic property app::$rs_pages is deprecated in C:\xampp\Desktop\mdcnpal\htdocs\public_html\core\app.php on line 434
[2026-07-06 18:22:31] Creation of dynamic property app::$gs is deprecated in C:\xampp\Desktop\mdcnpal\htdocs\public_html\core\app.php on line 434
[2026-07-06 18:22:31] Undefined array key "MDRCCustID" in C:\xampp\Desktop\mdcnpal\htdocs\public_html\core\global_include.php on line 596
[2026-07-06 18:22:31] Undefined array key "MDRCCustID" in C:\xampp\Desktop\mdcnpal\htdocs\public_html\core\global_include.php on line 615
[2026-07-06 18:22:31] Undefined variable $getId in C:\xampp\Desktop\mdcnpal\htdocs\public_html\core\global_include.php on line 684
[2026-07-06 18:22:31] Undefined variable $getName in C:\xampp\Desktop\mdcnpal\htdocs\public_html\core\global_include.php on line 685
[2026-07-06 18:22:31] Undefined array key 0 in C:\xampp\Desktop\mdcnpal\htdocs\public_html\core\global_include.php on line 810
[2026-07-06 18:22:31] Creation of dynamic property app::$rs_offer_msg is deprecated in C:\xampp\Desktop\mdcnpal\htdocs\public_html\core\app.php on line 434
[2026-07-06 18:22:31] Creation of dynamic property app::$rs_for_doctors is deprecated in C:\xampp\Desktop\mdcnpal\htdocs\public_html\core\app.php on line 434
[2026-07-06 18:22:31] Creation of dynamic property app::$rs_data is deprecated in C:\xampp\Desktop\mdcnpal\htdocs\public_html\core\app.php on line 434
[2026-07-06 18:22:31] Creation of dynamic property app::$rs_certi_data is deprecated in C:\xampp\Desktop\mdcnpal\htdocs\public_html\core\app.php on line 434
[2026-07-06 18:22:31] Creation of dynamic property app::$rs_key_fetures_data is deprecated in C:\xampp\Desktop\mdcnpal\htdocs\public_html\core\app.php on line 434
[2026-07-06 18:22:31] Creation of dynamic property app::$rs_banner is deprecated in C:\xampp\Desktop\mdcnpal\htdocs\public_html\core\app.php on line 434
[2026-07-06 18:22:31] Undefined variable $rs_package_data in C:\xampp\Desktop\mdcnpal\htdocs\public_html\controllers\controller_detail.php on line 94
[2026-07-06 18:22:31] Creation of dynamic property app::$rs_package_data is deprecated in C:\xampp\Desktop\mdcnpal\htdocs\public_html\core\app.php on line 434
[2026-07-06 18:22:31] Creation of dynamic property app::$city_id is deprecated in C:\xampp\Desktop\mdcnpal\htdocs\public_html\core\app.php on line 434
[2026-07-06 18:22:31] Creation of dynamic property app::$city_name is deprecated in C:\xampp\Desktop\mdcnpal\htdocs\public_html\core\app.php on line 434
[2026-07-06 18:22:31] Creation of dynamic property app::$rs_faq_data is deprecated in C:\xampp\Desktop\mdcnpal\htdocs\public_html\core\app.php on line 434
[2026-07-06 18:22:31] Undefined array key "tempCityID" in C:\xampp\Desktop\mdcnpal\htdocs\public_html\includes\header.php on line 5
[2026-07-06 18:22:31] Undefined array key "items" in C:\xampp\Desktop\mdcnpal\htdocs\public_html\includes\header.php on line 16
[2026-07-06 18:22:31] Undefined array key "item_category" in C:\xampp\Desktop\mdcnpal\htdocs\public_html\includes\header.php on line 26
[2026-07-06 18:22:31] Undefined array key "item_diseases" in C:\xampp\Desktop\mdcnpal\htdocs\public_html\includes\header.php on line 33
[2026-07-06 18:22:31] Undefined property: app::$rs_cartmini in C:\xampp\Desktop\mdcnpal\htdocs\public_html\includes\header.php on line 131
[2026-07-06 18:22:31] Undefined array key "MDRCCustID" in C:\xampp\Desktop\mdcnpal\htdocs\public_html\includes\header.php on line 134
[2026-07-06 18:22:31] Undefined property: app::$rs_cartmini in C:\xampp\Desktop\mdcnpal\htdocs\public_html\includes\header.php on line 197
[2026-07-06 18:22:31] Undefined array key "MDRCCustID" in C:\xampp\Desktop\mdcnpal\htdocs\public_html\includes\header.php on line 200
[2026-07-06 18:22:31] Undefined property: app::$rs_cartmini in C:\xampp\Desktop\mdcnpal\htdocs\public_html\includes\header.php on line 469
[2026-07-06 18:22:31] Undefined array key "MDRCCustID" in C:\xampp\Desktop\mdcnpal\htdocs\public_html\includes\header.php on line 472
[2026-07-06 18:22:31] Undefined property: app::$rs_cartmini in C:\xampp\Desktop\mdcnpal\htdocs\public_html\includes\header.php on line 525
[2026-07-06 18:22:31] Undefined array key "MDRCCustID" in C:\xampp\Desktop\mdcnpal\htdocs\public_html\includes\header.php on line 528
[2026-07-06 18:22:31] Undefined property: app::$rs_customer in C:\xampp\Desktop\mdcnpal\htdocs\public_html\includes\header.php on line 712
[2026-07-06 18:22:31] Trying to access array offset on value of type null in C:\xampp\Desktop\mdcnpal\htdocs\public_html\includes\header.php on line 712
[2026-07-06 18:22:31] Undefined property: app::$rs_customer in C:\xampp\Desktop\mdcnpal\htdocs\public_html\includes\header.php on line 721
[2026-07-06 18:22:31] Trying to access array offset on value of type null in C:\xampp\Desktop\mdcnpal\htdocs\public_html\includes\header.php on line 721
[2026-07-06 18:22:31] Undefined property: app::$rs_customer in C:\xampp\Desktop\mdcnpal\htdocs\public_html\includes\header.php on line 730
[2026-07-06 18:22:31] Trying to access array offset on value of type null in C:\xampp\Desktop\mdcnpal\htdocs\public_html\includes\header.php on line 730
[2026-07-06 18:22:31] Undefined property: app::$rs_customer in C:\xampp\Desktop\mdcnpal\htdocs\public_html\includes\header.php on line 739
[2026-07-06 18:22:31] Trying to access array offset on value of type null in C:\xampp\Desktop\mdcnpal\htdocs\public_html\includes\header.php on line 739
[06-Jul-2026 18:22:31 Asia/Kathmandu] PHP Fatal error:  Uncaught TypeError: count(): Argument #1 ($value) must be of type Countable|array, null given in C:\xampp\Desktop\mdcnpal\htdocs\public_html\core\app.php(565) : eval()'d code:42
Stack trace:
#0 C:\xampp\Desktop\mdcnpal\htdocs\public_html\core\app.php(565): eval()
#1 C:\xampp\Desktop\mdcnpal\htdocs\public_html\core\app.php(535): app->compile()
#2 C:\xampp\Desktop\mdcnpal\htdocs\public_html\core\app.php(516): app->package()
#3 C:\xampp\Desktop\mdcnpal\htdocs\public_html\index.php(6): app->execute()
#4 {main}
  thrown in C:\xampp\Desktop\mdcnpal\htdocs\public_html\core\app.php(565) : eval()'d code on line 42
[2026-07-06 18:22:40] Creation of dynamic property dbclass::$RECORD_SET is deprecated in C:\xampp\Desktop\mdcnpal\htdocs\public_html\core\dbclass.php on line 69
[2026-07-06 18:22:40] Creation of dynamic property dbclass::$app is deprecated in C:\xampp\Desktop\mdcnpal\htdocs\public_html\core\dbclass.php on line 75
[2026-07-06 18:22:40] Creation of dynamic property model::$foreign_tables is deprecated in C:\xampp\Desktop\mdcnpal\htdocs\public_html\core\model.php on line 43
[2026-07-06 18:22:40] Creation of dynamic property app::$inputfilter is deprecated in C:\xampp\Desktop\mdcnpal\htdocs\public_html\core\app.php on line 123
[2026-07-06 18:22:40] Creation of dynamic property app::$userconfig is deprecated in C:\xampp\Desktop\mdcnpal\htdocs\public_html\core\app.php on line 124
[2026-07-06 18:22:40] Creation of dynamic property app::$global_include is deprecated in C:\xampp\Desktop\mdcnpal\htdocs\public_html\core\app.php on line 125
[2026-07-06 18:22:40] Creation of dynamic property app::$set_cache_time is deprecated in C:\xampp\Desktop\mdcnpal\htdocs\public_html\core\app.php on line 153
[2026-07-06 18:22:40] Creation of dynamic property app::$meta is deprecated in C:\xampp\Desktop\mdcnpal\htdocs\public_html\core\app.php on line 434
[2026-07-06 18:22:40] Creation of dynamic property app::$rs_gs_city is deprecated in C:\xampp\Desktop\mdcnpal\htdocs\public_html\core\app.php on line 434
[2026-07-06 18:22:40] Creation of dynamic property app::$rs_footer_popular_item is deprecated in C:\xampp\Desktop\mdcnpal\htdocs\public_html\core\app.php on line 434
[2026-07-06 18:22:40] Creation of dynamic property app::$rs_footer_popular_test is deprecated in C:\xampp\Desktop\mdcnpal\htdocs\public_html\core\app.php on line 434
[2026-07-06 18:22:40] Creation of dynamic property app::$rs_testimonial is deprecated in C:\xampp\Desktop\mdcnpal\htdocs\public_html\core\app.php on line 434
[2026-07-06 18:22:40] Creation of dynamic property app::$admin is deprecated in C:\xampp\Desktop\mdcnpal\htdocs\public_html\core\app.php on line 434
[2026-07-06 18:22:40] Undefined array key 0 in C:\xampp\Desktop\mdcnpal\htdocs\public_html\core\global_include.php on line 514
[2026-07-06 18:22:40] Creation of dynamic property app::$popup is deprecated in C:\xampp\Desktop\mdcnpal\htdocs\public_html\core\app.php on line 434
[2026-07-06 18:22:40] Undefined array key "MDRCCustID" in C:\xampp\Desktop\mdcnpal\htdocs\public_html\core\global_include.php on line 515
[2026-07-06 18:22:40] Undefined array key "MDRCToken" in C:\xampp\Desktop\mdcnpal\htdocs\public_html\core\global_include.php on line 515
[2026-07-06 18:22:40] Creation of dynamic property app::$rscategory is deprecated in C:\xampp\Desktop\mdcnpal\htdocs\public_html\core\app.php on line 434
[2026-07-06 18:22:40] Creation of dynamic property app::$rs_pages is deprecated in C:\xampp\Desktop\mdcnpal\htdocs\public_html\core\app.php on line 434
[2026-07-06 18:22:40] Creation of dynamic property app::$gs is deprecated in C:\xampp\Desktop\mdcnpal\htdocs\public_html\core\app.php on line 434
[2026-07-06 18:22:40] Undefined array key "MDRCCustID" in C:\xampp\Desktop\mdcnpal\htdocs\public_html\core\global_include.php on line 596
[2026-07-06 18:22:40] Undefined array key "MDRCCustID" in C:\xampp\Desktop\mdcnpal\htdocs\public_html\core\global_include.php on line 615
[2026-07-06 18:22:40] Undefined variable $getId in C:\xampp\Desktop\mdcnpal\htdocs\public_html\core\global_include.php on line 684
[2026-07-06 18:22:40] Undefined variable $getName in C:\xampp\Desktop\mdcnpal\htdocs\public_html\core\global_include.php on line 685
[2026-07-06 18:22:40] Undefined array key 0 in C:\xampp\Desktop\mdcnpal\htdocs\public_html\core\global_include.php on line 810
[2026-07-06 18:22:40] Creation of dynamic property app::$rs_offer_msg is deprecated in C:\xampp\Desktop\mdcnpal\htdocs\public_html\core\app.php on line 434
[2026-07-06 18:22:40] Creation of dynamic property app::$rs_for_doctors is deprecated in C:\xampp\Desktop\mdcnpal\htdocs\public_html\core\app.php on line 434
[2026-07-06 18:22:40] Creation of dynamic property app::$rs_data is deprecated in C:\xampp\Desktop\mdcnpal\htdocs\public_html\core\app.php on line 434
[2026-07-06 18:22:40] Creation of dynamic property app::$rs_certi_data is deprecated in C:\xampp\Desktop\mdcnpal\htdocs\public_html\core\app.php on line 434
[2026-07-06 18:22:40] Creation of dynamic property app::$rs_key_fetures_data is deprecated in C:\xampp\Desktop\mdcnpal\htdocs\public_html\core\app.php on line 434
[2026-07-06 18:22:40] Creation of dynamic property app::$rs_banner is deprecated in C:\xampp\Desktop\mdcnpal\htdocs\public_html\core\app.php on line 434
[2026-07-06 18:22:40] Undefined variable $rs_package_data in C:\xampp\Desktop\mdcnpal\htdocs\public_html\controllers\controller_detail.php on line 94
[2026-07-06 18:22:40] Creation of dynamic property app::$rs_package_data is deprecated in C:\xampp\Desktop\mdcnpal\htdocs\public_html\core\app.php on line 434
[2026-07-06 18:22:40] Creation of dynamic property app::$city_id is deprecated in C:\xampp\Desktop\mdcnpal\htdocs\public_html\core\app.php on line 434
[2026-07-06 18:22:40] Creation of dynamic property app::$city_name is deprecated in C:\xampp\Desktop\mdcnpal\htdocs\public_html\core\app.php on line 434
[2026-07-06 18:22:40] Creation of dynamic property app::$rs_faq_data is deprecated in C:\xampp\Desktop\mdcnpal\htdocs\public_html\core\app.php on line 434
[2026-07-06 18:22:40] Undefined property: app::$rs_cartmini in C:\xampp\Desktop\mdcnpal\htdocs\public_html\includes\header.php on line 131
[2026-07-06 18:22:40] Undefined array key "MDRCCustID" in C:\xampp\Desktop\mdcnpal\htdocs\public_html\includes\header.php on line 134
[2026-07-06 18:22:40] Undefined property: app::$rs_cartmini in C:\xampp\Desktop\mdcnpal\htdocs\public_html\includes\header.php on line 197
[2026-07-06 18:22:40] Undefined array key "MDRCCustID" in C:\xampp\Desktop\mdcnpal\htdocs\public_html\includes\header.php on line 200
[2026-07-06 18:22:40] Undefined property: app::$rs_cartmini in C:\xampp\Desktop\mdcnpal\htdocs\public_html\includes\header.php on line 469
[2026-07-06 18:22:40] Undefined array key "MDRCCustID" in C:\xampp\Desktop\mdcnpal\htdocs\public_html\includes\header.php on line 472
[2026-07-06 18:22:40] Undefined property: app::$rs_cartmini in C:\xampp\Desktop\mdcnpal\htdocs\public_html\includes\header.php on line 525
[2026-07-06 18:22:40] Undefined array key "MDRCCustID" in C:\xampp\Desktop\mdcnpal\htdocs\public_html\includes\header.php on line 528
[2026-07-06 18:22:40] Undefined property: app::$rs_customer in C:\xampp\Desktop\mdcnpal\htdocs\public_html\includes\header.php on line 712
[2026-07-06 18:22:40] Trying to access array offset on value of type null in C:\xampp\Desktop\mdcnpal\htdocs\public_html\includes\header.php on line 712
[2026-07-06 18:22:40] Undefined property: app::$rs_customer in C:\xampp\Desktop\mdcnpal\htdocs\public_html\includes\header.php on line 721
[2026-07-06 18:22:40] Trying to access array offset on value of type null in C:\xampp\Desktop\mdcnpal\htdocs\public_html\includes\header.php on line 721
[2026-07-06 18:22:40] Undefined property: app::$rs_customer in C:\xampp\Desktop\mdcnpal\htdocs\public_html\includes\header.php on line 730
[2026-07-06 18:22:40] Trying to access array offset on value of type null in C:\xampp\Desktop\mdcnpal\htdocs\public_html\includes\header.php on line 730
[2026-07-06 18:22:40] Undefined property: app::$rs_customer in C:\xampp\Desktop\mdcnpal\htdocs\public_html\includes\header.php on line 739
[2026-07-06 18:22:40] Trying to access array offset on value of type null in C:\xampp\Desktop\mdcnpal\htdocs\public_html\includes\header.php on line 739
[06-Jul-2026 18:22:40 Asia/Kathmandu] PHP Fatal error:  Uncaught TypeError: count(): Argument #1 ($value) must be of type Countable|array, null given in C:\xampp\Desktop\mdcnpal\htdocs\public_html\core\app.php(565) : eval()'d code:42
Stack trace:
#0 C:\xampp\Desktop\mdcnpal\htdocs\public_html\core\app.php(565): eval()
#1 C:\xampp\Desktop\mdcnpal\htdocs\public_html\core\app.php(535): app->compile()
#2 C:\xampp\Desktop\mdcnpal\htdocs\public_html\core\app.php(516): app->package()
#3 C:\xampp\Desktop\mdcnpal\htdocs\public_html\index.php(6): app->execute()
#4 {main}
  thrown in C:\xampp\Desktop\mdcnpal\htdocs\public_html\core\app.php(565) : eval()'d code on line 42
[2026-07-06 18:22:40] Creation of dynamic property dbclass::$RECORD_SET is deprecated in C:\xampp\Desktop\mdcnpal\htdocs\public_html\core\dbclass.php on line 69
[2026-07-06 18:22:40] Creation of dynamic property dbclass::$app is deprecated in C:\xampp\Desktop\mdcnpal\htdocs\public_html\core\dbclass.php on line 75
[2026-07-06 18:22:40] Creation of dynamic property model::$foreign_tables is deprecated in C:\xampp\Desktop\mdcnpal\htdocs\public_html\core\model.php on line 43
[2026-07-06 18:22:40] Creation of dynamic property app::$inputfilter is deprecated in C:\xampp\Desktop\mdcnpal\htdocs\public_html\core\app.php on line 123
[2026-07-06 18:22:40] Creation of dynamic property app::$userconfig is deprecated in C:\xampp\Desktop\mdcnpal\htdocs\public_html\core\app.php on line 124
[2026-07-06 18:22:40] Creation of dynamic property app::$global_include is deprecated in C:\xampp\Desktop\mdcnpal\htdocs\public_html\core\app.php on line 125
[2026-07-06 18:22:40] Creation of dynamic property app::$set_cache_time is deprecated in C:\xampp\Desktop\mdcnpal\htdocs\public_html\core\app.php on line 153
[2026-07-06 18:22:40] Creation of dynamic property app::$meta is deprecated in C:\xampp\Desktop\mdcnpal\htdocs\public_html\core\app.php on line 434
[2026-07-06 18:22:40] Creation of dynamic property app::$rs_gs_city is deprecated in C:\xampp\Desktop\mdcnpal\htdocs\public_html\core\app.php on line 434
[2026-07-06 18:22:40] Creation of dynamic property app::$rs_footer_popular_item is deprecated in C:\xampp\Desktop\mdcnpal\htdocs\public_html\core\app.php on line 434
[2026-07-06 18:22:41] Creation of dynamic property app::$rs_footer_popular_test is deprecated in C:\xampp\Desktop\mdcnpal\htdocs\public_html\core\app.php on line 434
[2026-07-06 18:22:41] Creation of dynamic property app::$rs_testimonial is deprecated in C:\xampp\Desktop\mdcnpal\htdocs\public_html\core\app.php on line 434
[2026-07-06 18:22:41] Creation of dynamic property app::$admin is deprecated in C:\xampp\Desktop\mdcnpal\htdocs\public_html\core\app.php on line 434
[2026-07-06 18:22:41] Undefined array key 0 in C:\xampp\Desktop\mdcnpal\htdocs\public_html\core\global_include.php on line 514
[2026-07-06 18:22:41] Creation of dynamic property app::$popup is deprecated in C:\xampp\Desktop\mdcnpal\htdocs\public_html\core\app.php on line 434
[2026-07-06 18:22:41] Undefined array key "MDRCCustID" in C:\xampp\Desktop\mdcnpal\htdocs\public_html\core\global_include.php on line 515
[2026-07-06 18:22:41] Undefined array key "MDRCToken" in C:\xampp\Desktop\mdcnpal\htdocs\public_html\core\global_include.php on line 515
[2026-07-06 18:22:41] Creation of dynamic property app::$rscategory is deprecated in C:\xampp\Desktop\mdcnpal\htdocs\public_html\core\app.php on line 434
[2026-07-06 18:22:41] Creation of dynamic property app::$rs_pages is deprecated in C:\xampp\Desktop\mdcnpal\htdocs\public_html\core\app.php on line 434
[2026-07-06 18:22:41] Creation of dynamic property app::$gs is deprecated in C:\xampp\Desktop\mdcnpal\htdocs\public_html\core\app.php on line 434
[2026-07-06 18:22:41] Undefined array key "MDRCCustID" in C:\xampp\Desktop\mdcnpal\htdocs\public_html\core\global_include.php on line 596
[2026-07-06 18:22:41] Undefined array key "MDRCCustID" in C:\xampp\Desktop\mdcnpal\htdocs\public_html\core\global_include.php on line 615
[2026-07-06 18:22:41] Undefined variable $getId in C:\xampp\Desktop\mdcnpal\htdocs\public_html\core\global_include.php on line 684
[2026-07-06 18:22:41] Undefined variable $getName in C:\xampp\Desktop\mdcnpal\htdocs\public_html\core\global_include.php on line 685
[2026-07-06 18:22:41] Undefined array key 0 in C:\xampp\Desktop\mdcnpal\htdocs\public_html\core\global_include.php on line 810
[2026-07-06 18:22:41] Creation of dynamic property app::$rs_offer_msg is deprecated in C:\xampp\Desktop\mdcnpal\htdocs\public_html\core\app.php on line 434
[2026-07-06 18:22:41] Creation of dynamic property app::$rs_for_doctors is deprecated in C:\xampp\Desktop\mdcnpal\htdocs\public_html\core\app.php on line 434
[2026-07-06 18:22:41] Undefined property: app::$rs_cartmini in C:\xampp\Desktop\mdcnpal\htdocs\public_html\includes\header.php on line 131
[2026-07-06 18:22:41] Undefined array key "MDRCCustID" in C:\xampp\Desktop\mdcnpal\htdocs\public_html\includes\header.php on line 134
[2026-07-06 18:22:41] Undefined property: app::$rs_cartmini in C:\xampp\Desktop\mdcnpal\htdocs\public_html\includes\header.php on line 197
[2026-07-06 18:22:41] Undefined array key "MDRCCustID" in C:\xampp\Desktop\mdcnpal\htdocs\public_html\includes\header.php on line 200
[2026-07-06 18:22:41] Undefined property: app::$rs_cartmini in C:\xampp\Desktop\mdcnpal\htdocs\public_html\includes\header.php on line 469
[2026-07-06 18:22:41] Undefined array key "MDRCCustID" in C:\xampp\Desktop\mdcnpal\htdocs\public_html\includes\header.php on line 472
[2026-07-06 18:22:41] Undefined property: app::$rs_cartmini in C:\xampp\Desktop\mdcnpal\htdocs\public_html\includes\header.php on line 525
[2026-07-06 18:22:41] Undefined array key "MDRCCustID" in C:\xampp\Desktop\mdcnpal\htdocs\public_html\includes\header.php on line 528
[2026-07-06 18:22:41] Undefined property: app::$rs_customer in C:\xampp\Desktop\mdcnpal\htdocs\public_html\includes\header.php on line 712
[2026-07-06 18:22:41] Trying to access array offset on value of type null in C:\xampp\Desktop\mdcnpal\htdocs\public_html\includes\header.php on line 712
[2026-07-06 18:22:41] Undefined property: app::$rs_customer in C:\xampp\Desktop\mdcnpal\htdocs\public_html\includes\header.php on line 721
[2026-07-06 18:22:41] Trying to access array offset on value of type null in C:\xampp\Desktop\mdcnpal\htdocs\public_html\includes\header.php on line 721
[2026-07-06 18:22:41] Undefined property: app::$rs_customer in C:\xampp\Desktop\mdcnpal\htdocs\public_html\includes\header.php on line 730
[2026-07-06 18:22:41] Trying to access array offset on value of type null in C:\xampp\Desktop\mdcnpal\htdocs\public_html\includes\header.php on line 730
[2026-07-06 18:22:41] Undefined property: app::$rs_customer in C:\xampp\Desktop\mdcnpal\htdocs\public_html\includes\header.php on line 739
[2026-07-06 18:22:41] Trying to access array offset on value of type null in C:\xampp\Desktop\mdcnpal\htdocs\public_html\includes\header.php on line 739
[2026-07-06 18:22:41] Undefined property: app::$rs_customer in C:\xampp\Desktop\mdcnpal\htdocs\public_html\includes\footer.php on line 357
[2026-07-06 18:22:41] Trying to access array offset on value of type null in C:\xampp\Desktop\mdcnpal\htdocs\public_html\includes\footer.php on line 357
[2026-07-06 18:22:41] Undefined property: app::$rs_customer in C:\xampp\Desktop\mdcnpal\htdocs\public_html\includes\footer.php on line 366
[2026-07-06 18:22:41] Trying to access array offset on value of type null in C:\xampp\Desktop\mdcnpal\htdocs\public_html\includes\footer.php on line 366
[2026-07-06 18:22:41] Undefined property: app::$rs_customer in C:\xampp\Desktop\mdcnpal\htdocs\public_html\includes\footer.php on line 372
[2026-07-06 18:22:41] Trying to access array offset on value of type null in C:\xampp\Desktop\mdcnpal\htdocs\public_html\includes\footer.php on line 372
[2026-07-06 18:22:41] Undefined property: app::$rs_customer in C:\xampp\Desktop\mdcnpal\htdocs\public_html\includes\general_data.php on line 88
[2026-07-06 18:22:41] Trying to access array offset on value of type null in C:\xampp\Desktop\mdcnpal\htdocs\public_html\includes\general_data.php on line 88
[2026-07-06 18:22:41] Undefined array key "MDRCCustID" in C:\xampp\Desktop\mdcnpal\htdocs\public_html\includes\general_data.php on line 88
[2026-07-06 18:22:41] Undefined variable $tmpStr in C:\xampp\Desktop\mdcnpal\htdocs\public_html\core\app.php on line 971
[2026-07-06 18:22:41] Creation of dynamic property dbclass::$RECORD_SET is deprecated in C:\xampp\Desktop\mdcnpal\htdocs\public_html\core\dbclass.php on line 69
[2026-07-06 18:22:41] Creation of dynamic property dbclass::$app is deprecated in C:\xampp\Desktop\mdcnpal\htdocs\public_html\core\dbclass.php on line 75
[2026-07-06 18:22:41] Creation of dynamic property model::$foreign_tables is deprecated in C:\xampp\Desktop\mdcnpal\htdocs\public_html\core\model.php on line 43
[2026-07-06 18:22:41] Creation of dynamic property app::$inputfilter is deprecated in C:\xampp\Desktop\mdcnpal\htdocs\public_html\core\app.php on line 123
[2026-07-06 18:22:41] Creation of dynamic property app::$userconfig is deprecated in C:\xampp\Desktop\mdcnpal\htdocs\public_html\core\app.php on line 124
[2026-07-06 18:22:41] Creation of dynamic property app::$global_include is deprecated in C:\xampp\Desktop\mdcnpal\htdocs\public_html\core\app.php on line 125
[2026-07-06 18:22:41] Creation of dynamic property app::$set_cache_time is deprecated in C:\xampp\Desktop\mdcnpal\htdocs\public_html\core\app.php on line 153
[2026-07-06 18:22:41] Creation of dynamic property app::$meta is deprecated in C:\xampp\Desktop\mdcnpal\htdocs\public_html\core\app.php on line 434
[2026-07-06 18:22:41] Creation of dynamic property app::$rs_gs_city is deprecated in C:\xampp\Desktop\mdcnpal\htdocs\public_html\core\app.php on line 434
[2026-07-06 18:22:41] Creation of dynamic property app::$rs_footer_popular_item is deprecated in C:\xampp\Desktop\mdcnpal\htdocs\public_html\core\app.php on line 434
[2026-07-06 18:22:41] Creation of dynamic property app::$rs_footer_popular_test is deprecated in C:\xampp\Desktop\mdcnpal\htdocs\public_html\core\app.php on line 434
[2026-07-06 18:22:41] Creation of dynamic property app::$rs_testimonial is deprecated in C:\xampp\Desktop\mdcnpal\htdocs\public_html\core\app.php on line 434
[2026-07-06 18:22:41] Creation of dynamic property app::$admin is deprecated in C:\xampp\Desktop\mdcnpal\htdocs\public_html\core\app.php on line 434
[2026-07-06 18:22:41] Undefined array key 0 in C:\xampp\Desktop\mdcnpal\htdocs\public_html\core\global_include.php on line 514
[2026-07-06 18:22:41] Creation of dynamic property app::$popup is deprecated in C:\xampp\Desktop\mdcnpal\htdocs\public_html\core\app.php on line 434
[2026-07-06 18:22:41] Undefined array key "MDRCCustID" in C:\xampp\Desktop\mdcnpal\htdocs\public_html\core\global_include.php on line 515
[2026-07-06 18:22:41] Undefined array key "MDRCToken" in C:\xampp\Desktop\mdcnpal\htdocs\public_html\core\global_include.php on line 515
[2026-07-06 18:22:41] Creation of dynamic property app::$rscategory is deprecated in C:\xampp\Desktop\mdcnpal\htdocs\public_html\core\app.php on line 434
[2026-07-06 18:22:41] Creation of dynamic property app::$rs_pages is deprecated in C:\xampp\Desktop\mdcnpal\htdocs\public_html\core\app.php on line 434
[2026-07-06 18:22:41] Creation of dynamic property app::$gs is deprecated in C:\xampp\Desktop\mdcnpal\htdocs\public_html\core\app.php on line 434
[2026-07-06 18:22:41] Undefined array key "MDRCCustID" in C:\xampp\Desktop\mdcnpal\htdocs\public_html\core\global_include.php on line 596
[2026-07-06 18:22:41] Undefined array key "MDRCCustID" in C:\xampp\Desktop\mdcnpal\htdocs\public_html\core\global_include.php on line 615
[2026-07-06 18:22:41] Undefined variable $getId in C:\xampp\Desktop\mdcnpal\htdocs\public_html\core\global_include.php on line 684
[2026-07-06 18:22:41] Undefined variable $getName in C:\xampp\Desktop\mdcnpal\htdocs\public_html\core\global_include.php on line 685
[2026-07-06 18:22:41] Undefined array key 0 in C:\xampp\Desktop\mdcnpal\htdocs\public_html\core\global_include.php on line 810
[2026-07-06 18:22:41] Creation of dynamic property app::$rs_offer_msg is deprecated in C:\xampp\Desktop\mdcnpal\htdocs\public_html\core\app.php on line 434
[2026-07-06 18:22:41] Creation of dynamic property app::$rs_for_doctors is deprecated in C:\xampp\Desktop\mdcnpal\htdocs\public_html\core\app.php on line 434
[2026-07-06 18:22:41] Undefined property: app::$rs_cartmini in C:\xampp\Desktop\mdcnpal\htdocs\public_html\includes\header.php on line 131
[2026-07-06 18:22:41] Undefined array key "MDRCCustID" in C:\xampp\Desktop\mdcnpal\htdocs\public_html\includes\header.php on line 134
[2026-07-06 18:22:41] Undefined property: app::$rs_cartmini in C:\xampp\Desktop\mdcnpal\htdocs\public_html\includes\header.php on line 197
[2026-07-06 18:22:41] Undefined array key "MDRCCustID" in C:\xampp\Desktop\mdcnpal\htdocs\public_html\includes\header.php on line 200
[2026-07-06 18:22:41] Undefined property: app::$rs_cartmini in C:\xampp\Desktop\mdcnpal\htdocs\public_html\includes\header.php on line 469
[2026-07-06 18:22:41] Undefined array key "MDRCCustID" in C:\xampp\Desktop\mdcnpal\htdocs\public_html\includes\header.php on line 472
[2026-07-06 18:22:41] Undefined property: app::$rs_cartmini in C:\xampp\Desktop\mdcnpal\htdocs\public_html\includes\header.php on line 525
[2026-07-06 18:22:41] Undefined array key "MDRCCustID" in C:\xampp\Desktop\mdcnpal\htdocs\public_html\includes\header.php on line 528
[2026-07-06 18:22:41] Undefined property: app::$rs_customer in C:\xampp\Desktop\mdcnpal\htdocs\public_html\includes\header.php on line 712
[2026-07-06 18:22:41] Trying to access array offset on value of type null in C:\xampp\Desktop\mdcnpal\htdocs\public_html\includes\header.php on line 712
[2026-07-06 18:22:41] Undefined property: app::$rs_customer in C:\xampp\Desktop\mdcnpal\htdocs\public_html\includes\header.php on line 721
[2026-07-06 18:22:41] Trying to access array offset on value of type null in C:\xampp\Desktop\mdcnpal\htdocs\public_html\includes\header.php on line 721
[2026-07-06 18:22:41] Undefined property: app::$rs_customer in C:\xampp\Desktop\mdcnpal\htdocs\public_html\includes\header.php on line 730
[2026-07-06 18:22:41] Trying to access array offset on value of type null in C:\xampp\Desktop\mdcnpal\htdocs\public_html\includes\header.php on line 730
[2026-07-06 18:22:41] Undefined property: app::$rs_customer in C:\xampp\Desktop\mdcnpal\htdocs\public_html\includes\header.php on line 739
[2026-07-06 18:22:41] Trying to access array offset on value of type null in C:\xampp\Desktop\mdcnpal\htdocs\public_html\includes\header.php on line 739
[2026-07-06 18:22:41] Undefined property: app::$rs_customer in C:\xampp\Desktop\mdcnpal\htdocs\public_html\includes\footer.php on line 357
[2026-07-06 18:22:41] Trying to access array offset on value of type null in C:\xampp\Desktop\mdcnpal\htdocs\public_html\includes\footer.php on line 357
[2026-07-06 18:22:41] Undefined property: app::$rs_customer in C:\xampp\Desktop\mdcnpal\htdocs\public_html\includes\footer.php on line 366
[2026-07-06 18:22:41] Trying to access array offset on value of type null in C:\xampp\Desktop\mdcnpal\htdocs\public_html\includes\footer.php on line 366
[2026-07-06 18:22:41] Undefined property: app::$rs_customer in C:\xampp\Desktop\mdcnpal\htdocs\public_html\includes\footer.php on line 372
[2026-07-06 18:22:41] Trying to access array offset on value of type null in C:\xampp\Desktop\mdcnpal\htdocs\public_html\includes\footer.php on line 372
[2026-07-06 18:22:41] Undefined property: app::$rs_customer in C:\xampp\Desktop\mdcnpal\htdocs\public_html\includes\general_data.php on line 88
[2026-07-06 18:22:41] Trying to access array offset on value of type null in C:\xampp\Desktop\mdcnpal\htdocs\public_html\includes\general_data.php on line 88
[2026-07-06 18:22:41] Undefined array key "MDRCCustID" in C:\xampp\Desktop\mdcnpal\htdocs\public_html\includes\general_data.php on line 88
[2026-07-06 18:22:41] Undefined variable $tmpStr in C:\xampp\Desktop\mdcnpal\htdocs\public_html\core\app.php on line 971
[2026-07-06 18:22:41] Creation of dynamic property dbclass::$RECORD_SET is deprecated in C:\xampp\Desktop\mdcnpal\htdocs\public_html\core\dbclass.php on line 69
[2026-07-06 18:22:41] Creation of dynamic property dbclass::$app is deprecated in C:\xampp\Desktop\mdcnpal\htdocs\public_html\core\dbclass.php on line 75
[2026-07-06 18:22:41] Creation of dynamic property model::$foreign_tables is deprecated in C:\xampp\Desktop\mdcnpal\htdocs\public_html\core\model.php on line 43
[2026-07-06 18:22:41] Creation of dynamic property app::$inputfilter is deprecated in C:\xampp\Desktop\mdcnpal\htdocs\public_html\core\app.php on line 123
[2026-07-06 18:22:41] Creation of dynamic property app::$userconfig is deprecated in C:\xampp\Desktop\mdcnpal\htdocs\public_html\core\app.php on line 124
[2026-07-06 18:22:41] Creation of dynamic property app::$global_include is deprecated in C:\xampp\Desktop\mdcnpal\htdocs\public_html\core\app.php on line 125
[2026-07-06 18:22:41] Creation of dynamic property app::$set_cache_time is deprecated in C:\xampp\Desktop\mdcnpal\htdocs\public_html\core\app.php on line 153
[2026-07-06 18:22:42] Creation of dynamic property app::$meta is deprecated in C:\xampp\Desktop\mdcnpal\htdocs\public_html\core\app.php on line 434
[2026-07-06 18:22:42] Creation of dynamic property app::$rs_gs_city is deprecated in C:\xampp\Desktop\mdcnpal\htdocs\public_html\core\app.php on line 434
[2026-07-06 18:22:42] Creation of dynamic property app::$rs_footer_popular_item is deprecated in C:\xampp\Desktop\mdcnpal\htdocs\public_html\core\app.php on line 434
[2026-07-06 18:22:42] Creation of dynamic property app::$rs_footer_popular_test is deprecated in C:\xampp\Desktop\mdcnpal\htdocs\public_html\core\app.php on line 434
[2026-07-06 18:22:42] Creation of dynamic property app::$rs_testimonial is deprecated in C:\xampp\Desktop\mdcnpal\htdocs\public_html\core\app.php on line 434
[2026-07-06 18:22:42] Creation of dynamic property app::$admin is deprecated in C:\xampp\Desktop\mdcnpal\htdocs\public_html\core\app.php on line 434
[2026-07-06 18:22:42] Undefined array key 0 in C:\xampp\Desktop\mdcnpal\htdocs\public_html\core\global_include.php on line 514
[2026-07-06 18:22:42] Creation of dynamic property app::$popup is deprecated in C:\xampp\Desktop\mdcnpal\htdocs\public_html\core\app.php on line 434
[2026-07-06 18:22:42] Undefined array key "MDRCCustID" in C:\xampp\Desktop\mdcnpal\htdocs\public_html\core\global_include.php on line 515
[2026-07-06 18:22:42] Undefined array key "MDRCToken" in C:\xampp\Desktop\mdcnpal\htdocs\public_html\core\global_include.php on line 515
[2026-07-06 18:22:42] Creation of dynamic property app::$rscategory is deprecated in C:\xampp\Desktop\mdcnpal\htdocs\public_html\core\app.php on line 434
[2026-07-06 18:22:42] Creation of dynamic property app::$rs_pages is deprecated in C:\xampp\Desktop\mdcnpal\htdocs\public_html\core\app.php on line 434
[2026-07-06 18:22:42] Creation of dynamic property app::$gs is deprecated in C:\xampp\Desktop\mdcnpal\htdocs\public_html\core\app.php on line 434
[2026-07-06 18:22:42] Undefined array key "MDRCCustID" in C:\xampp\Desktop\mdcnpal\htdocs\public_html\core\global_include.php on line 596
[2026-07-06 18:22:42] Undefined array key "MDRCCustID" in C:\xampp\Desktop\mdcnpal\htdocs\public_html\core\global_include.php on line 615
[2026-07-06 18:22:42] Undefined variable $getId in C:\xampp\Desktop\mdcnpal\htdocs\public_html\core\global_include.php on line 684
[2026-07-06 18:22:42] Undefined variable $getName in C:\xampp\Desktop\mdcnpal\htdocs\public_html\core\global_include.php on line 685
[2026-07-06 18:22:42] Undefined array key 0 in C:\xampp\Desktop\mdcnpal\htdocs\public_html\core\global_include.php on line 810
[2026-07-06 18:22:42] Creation of dynamic property app::$rs_offer_msg is deprecated in C:\xampp\Desktop\mdcnpal\htdocs\public_html\core\app.php on line 434
[2026-07-06 18:22:42] Creation of dynamic property app::$rs_for_doctors is deprecated in C:\xampp\Desktop\mdcnpal\htdocs\public_html\core\app.php on line 434
[2026-07-06 18:22:42] Undefined property: app::$rs_cartmini in C:\xampp\Desktop\mdcnpal\htdocs\public_html\includes\header.php on line 131
[2026-07-06 18:22:42] Undefined array key "MDRCCustID" in C:\xampp\Desktop\mdcnpal\htdocs\public_html\includes\header.php on line 134
[2026-07-06 18:22:42] Undefined property: app::$rs_cartmini in C:\xampp\Desktop\mdcnpal\htdocs\public_html\includes\header.php on line 197
[2026-07-06 18:22:42] Undefined array key "MDRCCustID" in C:\xampp\Desktop\mdcnpal\htdocs\public_html\includes\header.php on line 200
[2026-07-06 18:22:42] Undefined property: app::$rs_cartmini in C:\xampp\Desktop\mdcnpal\htdocs\public_html\includes\header.php on line 469
[2026-07-06 18:22:42] Undefined array key "MDRCCustID" in C:\xampp\Desktop\mdcnpal\htdocs\public_html\includes\header.php on line 472
[2026-07-06 18:22:42] Undefined property: app::$rs_cartmini in C:\xampp\Desktop\mdcnpal\htdocs\public_html\includes\header.php on line 525
[2026-07-06 18:22:42] Undefined array key "MDRCCustID" in C:\xampp\Desktop\mdcnpal\htdocs\public_html\includes\header.php on line 528
[2026-07-06 18:22:42] Undefined property: app::$rs_customer in C:\xampp\Desktop\mdcnpal\htdocs\public_html\includes\header.php on line 712
[2026-07-06 18:22:42] Trying to access array offset on value of type null in C:\xampp\Desktop\mdcnpal\htdocs\public_html\includes\header.php on line 712
[2026-07-06 18:22:42] Undefined property: app::$rs_customer in C:\xampp\Desktop\mdcnpal\htdocs\public_html\includes\header.php on line 721
[2026-07-06 18:22:42] Trying to access array offset on value of type null in C:\xampp\Desktop\mdcnpal\htdocs\public_html\includes\header.php on line 721
[2026-07-06 18:22:42] Undefined property: app::$rs_customer in C:\xampp\Desktop\mdcnpal\htdocs\public_html\includes\header.php on line 730
[2026-07-06 18:22:42] Trying to access array offset on value of type null in C:\xampp\Desktop\mdcnpal\htdocs\public_html\includes\header.php on line 730
[2026-07-06 18:22:42] Undefined property: app::$rs_customer in C:\xampp\Desktop\mdcnpal\htdocs\public_html\includes\header.php on line 739
[2026-07-06 18:22:42] Trying to access array offset on value of type null in C:\xampp\Desktop\mdcnpal\htdocs\public_html\includes\header.php on line 739
[2026-07-06 18:22:42] Undefined property: app::$rs_customer in C:\xampp\Desktop\mdcnpal\htdocs\public_html\includes\footer.php on line 357
[2026-07-06 18:22:42] Trying to access array offset on value of type null in C:\xampp\Desktop\mdcnpal\htdocs\public_html\includes\footer.php on line 357
[2026-07-06 18:22:42] Undefined property: app::$rs_customer in C:\xampp\Desktop\mdcnpal\htdocs\public_html\includes\footer.php on line 366
[2026-07-06 18:22:42] Trying to access array offset on value of type null in C:\xampp\Desktop\mdcnpal\htdocs\public_html\includes\footer.php on line 366
[2026-07-06 18:22:42] Undefined property: app::$rs_customer in C:\xampp\Desktop\mdcnpal\htdocs\public_html\includes\footer.php on line 372
[2026-07-06 18:22:42] Trying to access array offset on value of type null in C:\xampp\Desktop\mdcnpal\htdocs\public_html\includes\footer.php on line 372
[2026-07-06 18:22:42] Undefined property: app::$rs_customer in C:\xampp\Desktop\mdcnpal\htdocs\public_html\includes\general_data.php on line 88
[2026-07-06 18:22:42] Trying to access array offset on value of type null in C:\xampp\Desktop\mdcnpal\htdocs\public_html\includes\general_data.php on line 88
[2026-07-06 18:22:42] Undefined array key "MDRCCustID" in C:\xampp\Desktop\mdcnpal\htdocs\public_html\includes\general_data.php on line 88
[2026-07-06 18:22:42] Undefined variable $tmpStr in C:\xampp\Desktop\mdcnpal\htdocs\public_html\core\app.php on line 971
[2026-07-06 18:22:42] Creation of dynamic property dbclass::$RECORD_SET is deprecated in C:\xampp\Desktop\mdcnpal\htdocs\public_html\core\dbclass.php on line 69
[2026-07-06 18:22:42] Creation of dynamic property dbclass::$app is deprecated in C:\xampp\Desktop\mdcnpal\htdocs\public_html\core\dbclass.php on line 75
[2026-07-06 18:22:42] Creation of dynamic property model::$foreign_tables is deprecated in C:\xampp\Desktop\mdcnpal\htdocs\public_html\core\model.php on line 43
[2026-07-06 18:22:42] Creation of dynamic property app::$inputfilter is deprecated in C:\xampp\Desktop\mdcnpal\htdocs\public_html\core\app.php on line 123
[2026-07-06 18:22:42] Creation of dynamic property app::$userconfig is deprecated in C:\xampp\Desktop\mdcnpal\htdocs\public_html\core\app.php on line 124
[2026-07-06 18:22:42] Creation of dynamic property app::$global_include is deprecated in C:\xampp\Desktop\mdcnpal\htdocs\public_html\core\app.php on line 125
[2026-07-06 18:22:42] Creation of dynamic property app::$set_cache_time is deprecated in C:\xampp\Desktop\mdcnpal\htdocs\public_html\core\app.php on line 153
[2026-07-06 18:22:42] Creation of dynamic property app::$meta is deprecated in C:\xampp\Desktop\mdcnpal\htdocs\public_html\core\app.php on line 434
[2026-07-06 18:22:42] Creation of dynamic property app::$rs_gs_city is deprecated in C:\xampp\Desktop\mdcnpal\htdocs\public_html\core\app.php on line 434
[2026-07-06 18:22:42] Creation of dynamic property app::$rs_footer_popular_item is deprecated in C:\xampp\Desktop\mdcnpal\htdocs\public_html\core\app.php on line 434
[2026-07-06 18:22:42] Creation of dynamic property app::$rs_footer_popular_test is deprecated in C:\xampp\Desktop\mdcnpal\htdocs\public_html\core\app.php on line 434
[2026-07-06 18:22:42] Creation of dynamic property app::$rs_testimonial is deprecated in C:\xampp\Desktop\mdcnpal\htdocs\public_html\core\app.php on line 434
[2026-07-06 18:22:42] Creation of dynamic property app::$admin is deprecated in C:\xampp\Desktop\mdcnpal\htdocs\public_html\core\app.php on line 434
[2026-07-06 18:22:42] Undefined array key 0 in C:\xampp\Desktop\mdcnpal\htdocs\public_html\core\global_include.php on line 514
[2026-07-06 18:22:42] Creation of dynamic property app::$popup is deprecated in C:\xampp\Desktop\mdcnpal\htdocs\public_html\core\app.php on line 434
[2026-07-06 18:22:42] Undefined array key "MDRCCustID" in C:\xampp\Desktop\mdcnpal\htdocs\public_html\core\global_include.php on line 515
[2026-07-06 18:22:42] Undefined array key "MDRCToken" in C:\xampp\Desktop\mdcnpal\htdocs\public_html\core\global_include.php on line 515
[2026-07-06 18:22:42] Creation of dynamic property app::$rscategory is deprecated in C:\xampp\Desktop\mdcnpal\htdocs\public_html\core\app.php on line 434
[2026-07-06 18:22:42] Creation of dynamic property app::$rs_pages is deprecated in C:\xampp\Desktop\mdcnpal\htdocs\public_html\core\app.php on line 434
[2026-07-06 18:22:42] Creation of dynamic property app::$gs is deprecated in C:\xampp\Desktop\mdcnpal\htdocs\public_html\core\app.php on line 434
[2026-07-06 18:22:42] Undefined array key "MDRCCustID" in C:\xampp\Desktop\mdcnpal\htdocs\public_html\core\global_include.php on line 596
[2026-07-06 18:22:42] Undefined array key "MDRCCustID" in C:\xampp\Desktop\mdcnpal\htdocs\public_html\core\global_include.php on line 615
[2026-07-06 18:22:42] Undefined variable $getId in C:\xampp\Desktop\mdcnpal\htdocs\public_html\core\global_include.php on line 684
[2026-07-06 18:22:42] Undefined variable $getName in C:\xampp\Desktop\mdcnpal\htdocs\public_html\core\global_include.php on line 685
[2026-07-06 18:22:42] Undefined array key 0 in C:\xampp\Desktop\mdcnpal\htdocs\public_html\core\global_include.php on line 810
[2026-07-06 18:22:42] Creation of dynamic property app::$rs_offer_msg is deprecated in C:\xampp\Desktop\mdcnpal\htdocs\public_html\core\app.php on line 434
[2026-07-06 18:22:42] Creation of dynamic property app::$rs_for_doctors is deprecated in C:\xampp\Desktop\mdcnpal\htdocs\public_html\core\app.php on line 434
[2026-07-06 18:22:42] Undefined property: app::$rs_cartmini in C:\xampp\Desktop\mdcnpal\htdocs\public_html\includes\header.php on line 131
[2026-07-06 18:22:42] Undefined array key "MDRCCustID" in C:\xampp\Desktop\mdcnpal\htdocs\public_html\includes\header.php on line 134
[2026-07-06 18:22:42] Undefined property: app::$rs_cartmini in C:\xampp\Desktop\mdcnpal\htdocs\public_html\includes\header.php on line 197
[2026-07-06 18:22:42] Undefined array key "MDRCCustID" in C:\xampp\Desktop\mdcnpal\htdocs\public_html\includes\header.php on line 200
[2026-07-06 18:22:42] Undefined property: app::$rs_cartmini in C:\xampp\Desktop\mdcnpal\htdocs\public_html\includes\header.php on line 469
[2026-07-06 18:22:42] Undefined array key "MDRCCustID" in C:\xampp\Desktop\mdcnpal\htdocs\public_html\includes\header.php on line 472
[2026-07-06 18:22:42] Undefined property: app::$rs_cartmini in C:\xampp\Desktop\mdcnpal\htdocs\public_html\includes\header.php on line 525
[2026-07-06 18:22:42] Undefined array key "MDRCCustID" in C:\xampp\Desktop\mdcnpal\htdocs\public_html\includes\header.php on line 528
[2026-07-06 18:22:42] Undefined property: app::$rs_customer in C:\xampp\Desktop\mdcnpal\htdocs\public_html\includes\header.php on line 712
[2026-07-06 18:22:42] Trying to access array offset on value of type null in C:\xampp\Desktop\mdcnpal\htdocs\public_html\includes\header.php on line 712
[2026-07-06 18:22:42] Undefined property: app::$rs_customer in C:\xampp\Desktop\mdcnpal\htdocs\public_html\includes\header.php on line 721
[2026-07-06 18:22:42] Trying to access array offset on value of type null in C:\xampp\Desktop\mdcnpal\htdocs\public_html\includes\header.php on line 721
[2026-07-06 18:22:42] Undefined property: app::$rs_customer in C:\xampp\Desktop\mdcnpal\htdocs\public_html\includes\header.php on line 730
[2026-07-06 18:22:42] Trying to access array offset on value of type null in C:\xampp\Desktop\mdcnpal\htdocs\public_html\includes\header.php on line 730
[2026-07-06 18:22:42] Undefined property: app::$rs_customer in C:\xampp\Desktop\mdcnpal\htdocs\public_html\includes\header.php on line 739
[2026-07-06 18:22:42] Trying to access array offset on value of type null in C:\xampp\Desktop\mdcnpal\htdocs\public_html\includes\header.php on line 739
[2026-07-06 18:22:42] Undefined property: app::$rs_customer in C:\xampp\Desktop\mdcnpal\htdocs\public_html\includes\footer.php on line 357
[2026-07-06 18:22:42] Trying to access array offset on value of type null in C:\xampp\Desktop\mdcnpal\htdocs\public_html\includes\footer.php on line 357
[2026-07-06 18:22:42] Undefined property: app::$rs_customer in C:\xampp\Desktop\mdcnpal\htdocs\public_html\includes\footer.php on line 366
[2026-07-06 18:22:42] Trying to access array offset on value of type null in C:\xampp\Desktop\mdcnpal\htdocs\public_html\includes\footer.php on line 366
[2026-07-06 18:22:42] Undefined property: app::$rs_customer in C:\xampp\Desktop\mdcnpal\htdocs\public_html\includes\footer.php on line 372
[2026-07-06 18:22:42] Trying to access array offset on value of type null in C:\xampp\Desktop\mdcnpal\htdocs\public_html\includes\footer.php on line 372
[2026-07-06 18:22:42] Undefined property: app::$rs_customer in C:\xampp\Desktop\mdcnpal\htdocs\public_html\includes\general_data.php on line 88
[2026-07-06 18:22:42] Trying to access array offset on value of type null in C:\xampp\Desktop\mdcnpal\htdocs\public_html\includes\general_data.php on line 88
[2026-07-06 18:22:42] Undefined array key "MDRCCustID" in C:\xampp\Desktop\mdcnpal\htdocs\public_html\includes\general_data.php on line 88
[2026-07-06 18:22:42] Undefined variable $tmpStr in C:\xampp\Desktop\mdcnpal\htdocs\public_html\core\app.php on line 971
[2026-07-06 18:22:42] Creation of dynamic property dbclass::$RECORD_SET is deprecated in C:\xampp\Desktop\mdcnpal\htdocs\public_html\core\dbclass.php on line 69
[2026-07-06 18:22:42] Creation of dynamic property dbclass::$app is deprecated in C:\xampp\Desktop\mdcnpal\htdocs\public_html\core\dbclass.php on line 75
[2026-07-06 18:22:42] Creation of dynamic property model::$foreign_tables is deprecated in C:\xampp\Desktop\mdcnpal\htdocs\public_html\core\model.php on line 43
[2026-07-06 18:22:42] Creation of dynamic property app::$inputfilter is deprecated in C:\xampp\Desktop\mdcnpal\htdocs\public_html\core\app.php on line 123
[2026-07-06 18:22:42] Creation of dynamic property app::$userconfig is deprecated in C:\xampp\Desktop\mdcnpal\htdocs\public_html\core\app.php on line 124
[2026-07-06 18:22:42] Creation of dynamic property app::$global_include is deprecated in C:\xampp\Desktop\mdcnpal\htdocs\public_html\core\app.php on line 125
[2026-07-06 18:22:42] Creation of dynamic property app::$set_cache_time is deprecated in C:\xampp\Desktop\mdcnpal\htdocs\public_html\core\app.php on line 153
[2026-07-06 18:22:42] Creation of dynamic property app::$meta is deprecated in C:\xampp\Desktop\mdcnpal\htdocs\public_html\core\app.php on line 434
[2026-07-06 18:22:42] Creation of dynamic property app::$rs_gs_city is deprecated in C:\xampp\Desktop\mdcnpal\htdocs\public_html\core\app.php on line 434
[2026-07-06 18:22:42] Creation of dynamic property app::$rs_footer_popular_item is deprecated in C:\xampp\Desktop\mdcnpal\htdocs\public_html\core\app.php on line 434
[2026-07-06 18:22:42] Creation of dynamic property app::$rs_footer_popular_test is deprecated in C:\xampp\Desktop\mdcnpal\htdocs\public_html\core\app.php on line 434
[2026-07-06 18:22:42] Creation of dynamic property app::$rs_testimonial is deprecated in C:\xampp\Desktop\mdcnpal\htdocs\public_html\core\app.php on line 434
[2026-07-06 18:22:42] Creation of dynamic property app::$admin is deprecated in C:\xampp\Desktop\mdcnpal\htdocs\public_html\core\app.php on line 434
[2026-07-06 18:22:42] Undefined array key 0 in C:\xampp\Desktop\mdcnpal\htdocs\public_html\core\global_include.php on line 514
[2026-07-06 18:22:42] Creation of dynamic property app::$popup is deprecated in C:\xampp\Desktop\mdcnpal\htdocs\public_html\core\app.php on line 434
[2026-07-06 18:22:42] Undefined array key "MDRCCustID" in C:\xampp\Desktop\mdcnpal\htdocs\public_html\core\global_include.php on line 515
[2026-07-06 18:22:42] Undefined array key "MDRCToken" in C:\xampp\Desktop\mdcnpal\htdocs\public_html\core\global_include.php on line 515
[2026-07-06 18:22:42] Creation of dynamic property app::$rscategory is deprecated in C:\xampp\Desktop\mdcnpal\htdocs\public_html\core\app.php on line 434
[2026-07-06 18:22:42] Creation of dynamic property app::$rs_pages is deprecated in C:\xampp\Desktop\mdcnpal\htdocs\public_html\core\app.php on line 434
[2026-07-06 18:22:42] Creation of dynamic property app::$gs is deprecated in C:\xampp\Desktop\mdcnpal\htdocs\public_html\core\app.php on line 434
[2026-07-06 18:22:42] Undefined array key "MDRCCustID" in C:\xampp\Desktop\mdcnpal\htdocs\public_html\core\global_include.php on line 596
[2026-07-06 18:22:42] Undefined array key "MDRCCustID" in C:\xampp\Desktop\mdcnpal\htdocs\public_html\core\global_include.php on line 615
[2026-07-06 18:22:42] Undefined variable $getId in C:\xampp\Desktop\mdcnpal\htdocs\public_html\core\global_include.php on line 684
[2026-07-06 18:22:42] Undefined variable $getName in C:\xampp\Desktop\mdcnpal\htdocs\public_html\core\global_include.php on line 685
[2026-07-06 18:22:42] Undefined array key 0 in C:\xampp\Desktop\mdcnpal\htdocs\public_html\core\global_include.php on line 810
[2026-07-06 18:22:42] Creation of dynamic property app::$rs_offer_msg is deprecated in C:\xampp\Desktop\mdcnpal\htdocs\public_html\core\app.php on line 434
[2026-07-06 18:22:42] Creation of dynamic property app::$rs_for_doctors is deprecated in C:\xampp\Desktop\mdcnpal\htdocs\public_html\core\app.php on line 434
[2026-07-06 18:22:42] Undefined property: app::$rs_cartmini in C:\xampp\Desktop\mdcnpal\htdocs\public_html\includes\header.php on line 131
[2026-07-06 18:22:42] Undefined array key "MDRCCustID" in C:\xampp\Desktop\mdcnpal\htdocs\public_html\includes\header.php on line 134
[2026-07-06 18:22:42] Undefined property: app::$rs_cartmini in C:\xampp\Desktop\mdcnpal\htdocs\public_html\includes\header.php on line 197
[2026-07-06 18:22:42] Undefined array key "MDRCCustID" in C:\xampp\Desktop\mdcnpal\htdocs\public_html\includes\header.php on line 200
[2026-07-06 18:22:42] Undefined property: app::$rs_cartmini in C:\xampp\Desktop\mdcnpal\htdocs\public_html\includes\header.php on line 469
[2026-07-06 18:22:42] Undefined array key "MDRCCustID" in C:\xampp\Desktop\mdcnpal\htdocs\public_html\includes\header.php on line 472
[2026-07-06 18:22:42] Undefined property: app::$rs_cartmini in C:\xampp\Desktop\mdcnpal\htdocs\public_html\includes\header.php on line 525
[2026-07-06 18:22:42] Undefined array key "MDRCCustID" in C:\xampp\Desktop\mdcnpal\htdocs\public_html\includes\header.php on line 528
[2026-07-06 18:22:42] Undefined property: app::$rs_customer in C:\xampp\Desktop\mdcnpal\htdocs\public_html\includes\header.php on line 712
[2026-07-06 18:22:42] Trying to access array offset on value of type null in C:\xampp\Desktop\mdcnpal\htdocs\public_html\includes\header.php on line 712
[2026-07-06 18:22:42] Undefined property: app::$rs_customer in C:\xampp\Desktop\mdcnpal\htdocs\public_html\includes\header.php on line 721
[2026-07-06 18:22:42] Trying to access array offset on value of type null in C:\xampp\Desktop\mdcnpal\htdocs\public_html\includes\header.php on line 721
[2026-07-06 18:22:42] Undefined property: app::$rs_customer in C:\xampp\Desktop\mdcnpal\htdocs\public_html\includes\header.php on line 730
[2026-07-06 18:22:42] Trying to access array offset on value of type null in C:\xampp\Desktop\mdcnpal\htdocs\public_html\includes\header.php on line 730
[2026-07-06 18:22:42] Undefined property: app::$rs_customer in C:\xampp\Desktop\mdcnpal\htdocs\public_html\includes\header.php on line 739
[2026-07-06 18:22:42] Trying to access array offset on value of type null in C:\xampp\Desktop\mdcnpal\htdocs\public_html\includes\header.php on line 739
[2026-07-06 18:22:42] Undefined property: app::$rs_customer in C:\xampp\Desktop\mdcnpal\htdocs\public_html\includes\footer.php on line 357
[2026-07-06 18:22:42] Trying to access array offset on value of type null in C:\xampp\Desktop\mdcnpal\htdocs\public_html\includes\footer.php on line 357
[2026-07-06 18:22:42] Undefined property: app::$rs_customer in C:\xampp\Desktop\mdcnpal\htdocs\public_html\includes\footer.php on line 366
[2026-07-06 18:22:42] Trying to access array offset on value of type null in C:\xampp\Desktop\mdcnpal\htdocs\public_html\includes\footer.php on line 366
[2026-07-06 18:22:42] Undefined property: app::$rs_customer in C:\xampp\Desktop\mdcnpal\htdocs\public_html\includes\footer.php on line 372
[2026-07-06 18:22:42] Trying to access array offset on value of type null in C:\xampp\Desktop\mdcnpal\htdocs\public_html\includes\footer.php on line 372
[2026-07-06 18:22:42] Undefined property: app::$rs_customer in C:\xampp\Desktop\mdcnpal\htdocs\public_html\includes\general_data.php on line 88
[2026-07-06 18:22:42] Trying to access array offset on value of type null in C:\xampp\Desktop\mdcnpal\htdocs\public_html\includes\general_data.php on line 88
[2026-07-06 18:22:42] Undefined array key "MDRCCustID" in C:\xampp\Desktop\mdcnpal\htdocs\public_html\includes\general_data.php on line 88
[2026-07-06 18:22:42] Undefined variable $tmpStr in C:\xampp\Desktop\mdcnpal\htdocs\public_html\core\app.php on line 971
[2026-07-06 18:22:43] Creation of dynamic property dbclass::$RECORD_SET is deprecated in C:\xampp\Desktop\mdcnpal\htdocs\public_html\core\dbclass.php on line 69
[2026-07-06 18:22:43] Creation of dynamic property dbclass::$app is deprecated in C:\xampp\Desktop\mdcnpal\htdocs\public_html\core\dbclass.php on line 75
[2026-07-06 18:22:43] Creation of dynamic property model::$foreign_tables is deprecated in C:\xampp\Desktop\mdcnpal\htdocs\public_html\core\model.php on line 43
[2026-07-06 18:22:43] Creation of dynamic property app::$inputfilter is deprecated in C:\xampp\Desktop\mdcnpal\htdocs\public_html\core\app.php on line 123
[2026-07-06 18:22:43] Creation of dynamic property app::$userconfig is deprecated in C:\xampp\Desktop\mdcnpal\htdocs\public_html\core\app.php on line 124
[2026-07-06 18:22:43] Creation of dynamic property app::$global_include is deprecated in C:\xampp\Desktop\mdcnpal\htdocs\public_html\core\app.php on line 125
[2026-07-06 18:22:43] Creation of dynamic property app::$set_cache_time is deprecated in C:\xampp\Desktop\mdcnpal\htdocs\public_html\core\app.php on line 153
[2026-07-06 18:22:43] Creation of dynamic property app::$meta is deprecated in C:\xampp\Desktop\mdcnpal\htdocs\public_html\core\app.php on line 434
[2026-07-06 18:22:43] Creation of dynamic property app::$rs_gs_city is deprecated in C:\xampp\Desktop\mdcnpal\htdocs\public_html\core\app.php on line 434
[2026-07-06 18:22:43] Creation of dynamic property app::$rs_footer_popular_item is deprecated in C:\xampp\Desktop\mdcnpal\htdocs\public_html\core\app.php on line 434
[2026-07-06 18:22:43] Creation of dynamic property app::$rs_footer_popular_test is deprecated in C:\xampp\Desktop\mdcnpal\htdocs\public_html\core\app.php on line 434
[2026-07-06 18:22:43] Creation of dynamic property app::$rs_testimonial is deprecated in C:\xampp\Desktop\mdcnpal\htdocs\public_html\core\app.php on line 434
[2026-07-06 18:22:43] Creation of dynamic property app::$admin is deprecated in C:\xampp\Desktop\mdcnpal\htdocs\public_html\core\app.php on line 434
[2026-07-06 18:22:43] Undefined array key 0 in C:\xampp\Desktop\mdcnpal\htdocs\public_html\core\global_include.php on line 514
[2026-07-06 18:22:43] Creation of dynamic property app::$popup is deprecated in C:\xampp\Desktop\mdcnpal\htdocs\public_html\core\app.php on line 434
[2026-07-06 18:22:43] Undefined array key "MDRCCustID" in C:\xampp\Desktop\mdcnpal\htdocs\public_html\core\global_include.php on line 515
[2026-07-06 18:22:43] Undefined array key "MDRCToken" in C:\xampp\Desktop\mdcnpal\htdocs\public_html\core\global_include.php on line 515
[2026-07-06 18:22:43] Creation of dynamic property app::$rscategory is deprecated in C:\xampp\Desktop\mdcnpal\htdocs\public_html\core\app.php on line 434
[2026-07-06 18:22:43] Creation of dynamic property app::$rs_pages is deprecated in C:\xampp\Desktop\mdcnpal\htdocs\public_html\core\app.php on line 434
[2026-07-06 18:22:43] Creation of dynamic property app::$gs is deprecated in C:\xampp\Desktop\mdcnpal\htdocs\public_html\core\app.php on line 434
[2026-07-06 18:22:43] Undefined array key "MDRCCustID" in C:\xampp\Desktop\mdcnpal\htdocs\public_html\core\global_include.php on line 596
[2026-07-06 18:22:43] Undefined array key "MDRCCustID" in C:\xampp\Desktop\mdcnpal\htdocs\public_html\core\global_include.php on line 615
[2026-07-06 18:22:43] Undefined variable $getId in C:\xampp\Desktop\mdcnpal\htdocs\public_html\core\global_include.php on line 684
[2026-07-06 18:22:43] Undefined variable $getName in C:\xampp\Desktop\mdcnpal\htdocs\public_html\core\global_include.php on line 685
[2026-07-06 18:22:43] Undefined array key 0 in C:\xampp\Desktop\mdcnpal\htdocs\public_html\core\global_include.php on line 810
[2026-07-06 18:22:43] Creation of dynamic property app::$rs_offer_msg is deprecated in C:\xampp\Desktop\mdcnpal\htdocs\public_html\core\app.php on line 434
[2026-07-06 18:22:43] Creation of dynamic property app::$rs_for_doctors is deprecated in C:\xampp\Desktop\mdcnpal\htdocs\public_html\core\app.php on line 434
[2026-07-06 18:22:43] Undefined property: app::$rs_cartmini in C:\xampp\Desktop\mdcnpal\htdocs\public_html\includes\header.php on line 131
[2026-07-06 18:22:43] Undefined array key "MDRCCustID" in C:\xampp\Desktop\mdcnpal\htdocs\public_html\includes\header.php on line 134
[2026-07-06 18:22:43] Undefined property: app::$rs_cartmini in C:\xampp\Desktop\mdcnpal\htdocs\public_html\includes\header.php on line 197
[2026-07-06 18:22:43] Undefined array key "MDRCCustID" in C:\xampp\Desktop\mdcnpal\htdocs\public_html\includes\header.php on line 200
[2026-07-06 18:22:43] Undefined property: app::$rs_cartmini in C:\xampp\Desktop\mdcnpal\htdocs\public_html\includes\header.php on line 469
[2026-07-06 18:22:43] Undefined array key "MDRCCustID" in C:\xampp\Desktop\mdcnpal\htdocs\public_html\includes\header.php on line 472
[2026-07-06 18:22:43] Undefined property: app::$rs_cartmini in C:\xampp\Desktop\mdcnpal\htdocs\public_html\includes\header.php on line 525
[2026-07-06 18:22:43] Undefined array key "MDRCCustID" in C:\xampp\Desktop\mdcnpal\htdocs\public_html\includes\header.php on line 528
[2026-07-06 18:22:43] Undefined property: app::$rs_customer in C:\xampp\Desktop\mdcnpal\htdocs\public_html\includes\header.php on line 712
[2026-07-06 18:22:43] Trying to access array offset on value of type null in C:\xampp\Desktop\mdcnpal\htdocs\public_html\includes\header.php on line 712
[2026-07-06 18:22:43] Undefined property: app::$rs_customer in C:\xampp\Desktop\mdcnpal\htdocs\public_html\includes\header.php on line 721
[2026-07-06 18:22:43] Trying to access array offset on value of type null in C:\xampp\Desktop\mdcnpal\htdocs\public_html\includes\header.php on line 721
[2026-07-06 18:22:43] Undefined property: app::$rs_customer in C:\xampp\Desktop\mdcnpal\htdocs\public_html\includes\header.php on line 730
[2026-07-06 18:22:43] Trying to access array offset on value of type null in C:\xampp\Desktop\mdcnpal\htdocs\public_html\includes\header.php on line 730
[2026-07-06 18:22:43] Undefined property: app::$rs_customer in C:\xampp\Desktop\mdcnpal\htdocs\public_html\includes\header.php on line 739
[2026-07-06 18:22:43] Trying to access array offset on value of type null in C:\xampp\Desktop\mdcnpal\htdocs\public_html\includes\header.php on line 739
[2026-07-06 18:22:43] Undefined property: app::$rs_customer in C:\xampp\Desktop\mdcnpal\htdocs\public_html\includes\footer.php on line 357
[2026-07-06 18:22:43] Trying to access array offset on value of type null in C:\xampp\Desktop\mdcnpal\htdocs\public_html\includes\footer.php on line 357
[2026-07-06 18:22:43] Undefined property: app::$rs_customer in C:\xampp\Desktop\mdcnpal\htdocs\public_html\includes\footer.php on line 366
[2026-07-06 18:22:43] Trying to access array offset on value of type null in C:\xampp\Desktop\mdcnpal\htdocs\public_html\includes\footer.php on line 366
[2026-07-06 18:22:43] Undefined property: app::$rs_customer in C:\xampp\Desktop\mdcnpal\htdocs\public_html\includes\footer.php on line 372
[2026-07-06 18:22:43] Trying to access array offset on value of type null in C:\xampp\Desktop\mdcnpal\htdocs\public_html\includes\footer.php on line 372
[2026-07-06 18:22:43] Undefined property: app::$rs_customer in C:\xampp\Desktop\mdcnpal\htdocs\public_html\includes\general_data.php on line 88
[2026-07-06 18:22:43] Trying to access array offset on value of type null in C:\xampp\Desktop\mdcnpal\htdocs\public_html\includes\general_data.php on line 88
[2026-07-06 18:22:43] Undefined array key "MDRCCustID" in C:\xampp\Desktop\mdcnpal\htdocs\public_html\includes\general_data.php on line 88
[2026-07-06 18:22:43] Undefined variable $tmpStr in C:\xampp\Desktop\mdcnpal\htdocs\public_html\core\app.php on line 971
[2026-07-06 18:22:43] Creation of dynamic property dbclass::$RECORD_SET is deprecated in C:\xampp\Desktop\mdcnpal\htdocs\public_html\core\dbclass.php on line 69
[2026-07-06 18:22:43] Creation of dynamic property dbclass::$app is deprecated in C:\xampp\Desktop\mdcnpal\htdocs\public_html\core\dbclass.php on line 75
[2026-07-06 18:22:43] Creation of dynamic property model::$foreign_tables is deprecated in C:\xampp\Desktop\mdcnpal\htdocs\public_html\core\model.php on line 43
[2026-07-06 18:22:43] Creation of dynamic property app::$inputfilter is deprecated in C:\xampp\Desktop\mdcnpal\htdocs\public_html\core\app.php on line 123
[2026-07-06 18:22:43] Creation of dynamic property app::$userconfig is deprecated in C:\xampp\Desktop\mdcnpal\htdocs\public_html\core\app.php on line 124
[2026-07-06 18:22:43] Creation of dynamic property app::$global_include is deprecated in C:\xampp\Desktop\mdcnpal\htdocs\public_html\core\app.php on line 125
[2026-07-06 18:22:43] Creation of dynamic property app::$set_cache_time is deprecated in C:\xampp\Desktop\mdcnpal\htdocs\public_html\core\app.php on line 153
[2026-07-06 18:22:43] Creation of dynamic property app::$meta is deprecated in C:\xampp\Desktop\mdcnpal\htdocs\public_html\core\app.php on line 434
[2026-07-06 18:22:43] Creation of dynamic property app::$rs_gs_city is deprecated in C:\xampp\Desktop\mdcnpal\htdocs\public_html\core\app.php on line 434
[2026-07-06 18:22:43] Creation of dynamic property app::$rs_footer_popular_item is deprecated in C:\xampp\Desktop\mdcnpal\htdocs\public_html\core\app.php on line 434
[2026-07-06 18:22:44] Creation of dynamic property app::$rs_footer_popular_test is deprecated in C:\xampp\Desktop\mdcnpal\htdocs\public_html\core\app.php on line 434
[2026-07-06 18:22:44] Creation of dynamic property app::$rs_testimonial is deprecated in C:\xampp\Desktop\mdcnpal\htdocs\public_html\core\app.php on line 434
[2026-07-06 18:22:44] Creation of dynamic property app::$admin is deprecated in C:\xampp\Desktop\mdcnpal\htdocs\public_html\core\app.php on line 434
[2026-07-06 18:22:44] Undefined array key 0 in C:\xampp\Desktop\mdcnpal\htdocs\public_html\core\global_include.php on line 514
[2026-07-06 18:22:44] Creation of dynamic property app::$popup is deprecated in C:\xampp\Desktop\mdcnpal\htdocs\public_html\core\app.php on line 434
[2026-07-06 18:22:44] Undefined array key "MDRCCustID" in C:\xampp\Desktop\mdcnpal\htdocs\public_html\core\global_include.php on line 515
[2026-07-06 18:22:44] Undefined array key "MDRCToken" in C:\xampp\Desktop\mdcnpal\htdocs\public_html\core\global_include.php on line 515
[2026-07-06 18:22:44] Creation of dynamic property app::$rscategory is deprecated in C:\xampp\Desktop\mdcnpal\htdocs\public_html\core\app.php on line 434
[2026-07-06 18:22:44] Creation of dynamic property app::$rs_pages is deprecated in C:\xampp\Desktop\mdcnpal\htdocs\public_html\core\app.php on line 434
[2026-07-06 18:22:44] Creation of dynamic property app::$gs is deprecated in C:\xampp\Desktop\mdcnpal\htdocs\public_html\core\app.php on line 434
[2026-07-06 18:22:44] Undefined array key "MDRCCustID" in C:\xampp\Desktop\mdcnpal\htdocs\public_html\core\global_include.php on line 596
[2026-07-06 18:22:44] Undefined array key "MDRCCustID" in C:\xampp\Desktop\mdcnpal\htdocs\public_html\core\global_include.php on line 615
[2026-07-06 18:22:44] Undefined variable $getId in C:\xampp\Desktop\mdcnpal\htdocs\public_html\core\global_include.php on line 684
[2026-07-06 18:22:44] Undefined variable $getName in C:\xampp\Desktop\mdcnpal\htdocs\public_html\core\global_include.php on line 685
[2026-07-06 18:22:44] Undefined array key 0 in C:\xampp\Desktop\mdcnpal\htdocs\public_html\core\global_include.php on line 810
[2026-07-06 18:22:44] Creation of dynamic property app::$rs_offer_msg is deprecated in C:\xampp\Desktop\mdcnpal\htdocs\public_html\core\app.php on line 434
[2026-07-06 18:22:44] Creation of dynamic property app::$rs_for_doctors is deprecated in C:\xampp\Desktop\mdcnpal\htdocs\public_html\core\app.php on line 434
[2026-07-06 18:22:44] Undefined property: app::$rs_cartmini in C:\xampp\Desktop\mdcnpal\htdocs\public_html\includes\header.php on line 131
[2026-07-06 18:22:44] Undefined array key "MDRCCustID" in C:\xampp\Desktop\mdcnpal\htdocs\public_html\includes\header.php on line 134
[2026-07-06 18:22:44] Undefined property: app::$rs_cartmini in C:\xampp\Desktop\mdcnpal\htdocs\public_html\includes\header.php on line 197
[2026-07-06 18:22:44] Undefined array key "MDRCCustID" in C:\xampp\Desktop\mdcnpal\htdocs\public_html\includes\header.php on line 200
[2026-07-06 18:22:44] Undefined property: app::$rs_cartmini in C:\xampp\Desktop\mdcnpal\htdocs\public_html\includes\header.php on line 469
[2026-07-06 18:22:44] Undefined array key "MDRCCustID" in C:\xampp\Desktop\mdcnpal\htdocs\public_html\includes\header.php on line 472
[2026-07-06 18:22:44] Undefined property: app::$rs_cartmini in C:\xampp\Desktop\mdcnpal\htdocs\public_html\includes\header.php on line 525
[2026-07-06 18:22:44] Undefined array key "MDRCCustID" in C:\xampp\Desktop\mdcnpal\htdocs\public_html\includes\header.php on line 528
[2026-07-06 18:22:44] Undefined property: app::$rs_customer in C:\xampp\Desktop\mdcnpal\htdocs\public_html\includes\header.php on line 712
[2026-07-06 18:22:44] Trying to access array offset on value of type null in C:\xampp\Desktop\mdcnpal\htdocs\public_html\includes\header.php on line 712
[2026-07-06 18:22:44] Undefined property: app::$rs_customer in C:\xampp\Desktop\mdcnpal\htdocs\public_html\includes\header.php on line 721
[2026-07-06 18:22:44] Trying to access array offset on value of type null in C:\xampp\Desktop\mdcnpal\htdocs\public_html\includes\header.php on line 721
[2026-07-06 18:22:44] Undefined property: app::$rs_customer in C:\xampp\Desktop\mdcnpal\htdocs\public_html\includes\header.php on line 730
[2026-07-06 18:22:44] Trying to access array offset on value of type null in C:\xampp\Desktop\mdcnpal\htdocs\public_html\includes\header.php on line 730
[2026-07-06 18:22:44] Undefined property: app::$rs_customer in C:\xampp\Desktop\mdcnpal\htdocs\public_html\includes\header.php on line 739
[2026-07-06 18:22:44] Trying to access array offset on value of type null in C:\xampp\Desktop\mdcnpal\htdocs\public_html\includes\header.php on line 739
[2026-07-06 18:22:44] Undefined property: app::$rs_customer in C:\xampp\Desktop\mdcnpal\htdocs\public_html\includes\footer.php on line 357
[2026-07-06 18:22:44] Trying to access array offset on value of type null in C:\xampp\Desktop\mdcnpal\htdocs\public_html\includes\footer.php on line 357
[2026-07-06 18:22:44] Undefined property: app::$rs_customer in C:\xampp\Desktop\mdcnpal\htdocs\public_html\includes\footer.php on line 366
[2026-07-06 18:22:44] Trying to access array offset on value of type null in C:\xampp\Desktop\mdcnpal\htdocs\public_html\includes\footer.php on line 366
[2026-07-06 18:22:44] Undefined property: app::$rs_customer in C:\xampp\Desktop\mdcnpal\htdocs\public_html\includes\footer.php on line 372
[2026-07-06 18:22:44] Trying to access array offset on value of type null in C:\xampp\Desktop\mdcnpal\htdocs\public_html\includes\footer.php on line 372
[2026-07-06 18:22:44] Undefined property: app::$rs_customer in C:\xampp\Desktop\mdcnpal\htdocs\public_html\includes\general_data.php on line 88
[2026-07-06 18:22:44] Trying to access array offset on value of type null in C:\xampp\Desktop\mdcnpal\htdocs\public_html\includes\general_data.php on line 88
[2026-07-06 18:22:44] Undefined array key "MDRCCustID" in C:\xampp\Desktop\mdcnpal\htdocs\public_html\includes\general_data.php on line 88
[2026-07-06 18:22:44] Undefined variable $tmpStr in C:\xampp\Desktop\mdcnpal\htdocs\public_html\core\app.php on line 971
[2026-07-06 18:22:44] Creation of dynamic property dbclass::$RECORD_SET is deprecated in C:\xampp\Desktop\mdcnpal\htdocs\public_html\core\dbclass.php on line 69
[2026-07-06 18:22:44] Creation of dynamic property dbclass::$app is deprecated in C:\xampp\Desktop\mdcnpal\htdocs\public_html\core\dbclass.php on line 75
[2026-07-06 18:22:44] Creation of dynamic property model::$foreign_tables is deprecated in C:\xampp\Desktop\mdcnpal\htdocs\public_html\core\model.php on line 43
[2026-07-06 18:22:44] Creation of dynamic property app::$inputfilter is deprecated in C:\xampp\Desktop\mdcnpal\htdocs\public_html\core\app.php on line 123
[2026-07-06 18:22:44] Creation of dynamic property app::$userconfig is deprecated in C:\xampp\Desktop\mdcnpal\htdocs\public_html\core\app.php on line 124
[2026-07-06 18:22:44] Creation of dynamic property app::$global_include is deprecated in C:\xampp\Desktop\mdcnpal\htdocs\public_html\core\app.php on line 125
[2026-07-06 18:22:44] Creation of dynamic property app::$set_cache_time is deprecated in C:\xampp\Desktop\mdcnpal\htdocs\public_html\core\app.php on line 153
[2026-07-06 18:22:44] Creation of dynamic property app::$meta is deprecated in C:\xampp\Desktop\mdcnpal\htdocs\public_html\core\app.php on line 434
[2026-07-06 18:22:44] Creation of dynamic property app::$rs_gs_city is deprecated in C:\xampp\Desktop\mdcnpal\htdocs\public_html\core\app.php on line 434
[2026-07-06 18:22:44] Creation of dynamic property app::$rs_footer_popular_item is deprecated in C:\xampp\Desktop\mdcnpal\htdocs\public_html\core\app.php on line 434
[2026-07-06 18:22:44] Creation of dynamic property app::$rs_footer_popular_test is deprecated in C:\xampp\Desktop\mdcnpal\htdocs\public_html\core\app.php on line 434
[2026-07-06 18:22:44] Creation of dynamic property app::$rs_testimonial is deprecated in C:\xampp\Desktop\mdcnpal\htdocs\public_html\core\app.php on line 434
[2026-07-06 18:22:44] Creation of dynamic property app::$admin is deprecated in C:\xampp\Desktop\mdcnpal\htdocs\public_html\core\app.php on line 434
[2026-07-06 18:22:44] Undefined array key 0 in C:\xampp\Desktop\mdcnpal\htdocs\public_html\core\global_include.php on line 514
[2026-07-06 18:22:44] Creation of dynamic property app::$popup is deprecated in C:\xampp\Desktop\mdcnpal\htdocs\public_html\core\app.php on line 434
[2026-07-06 18:22:44] Undefined array key "MDRCCustID" in C:\xampp\Desktop\mdcnpal\htdocs\public_html\core\global_include.php on line 515
[2026-07-06 18:22:44] Undefined array key "MDRCToken" in C:\xampp\Desktop\mdcnpal\htdocs\public_html\core\global_include.php on line 515
[2026-07-06 18:22:44] Creation of dynamic property app::$rscategory is deprecated in C:\xampp\Desktop\mdcnpal\htdocs\public_html\core\app.php on line 434
[2026-07-06 18:22:44] Creation of dynamic property app::$rs_pages is deprecated in C:\xampp\Desktop\mdcnpal\htdocs\public_html\core\app.php on line 434
[2026-07-06 18:22:44] Creation of dynamic property app::$gs is deprecated in C:\xampp\Desktop\mdcnpal\htdocs\public_html\core\app.php on line 434
[2026-07-06 18:22:44] Undefined array key "MDRCCustID" in C:\xampp\Desktop\mdcnpal\htdocs\public_html\core\global_include.php on line 596
[2026-07-06 18:22:44] Undefined array key "MDRCCustID" in C:\xampp\Desktop\mdcnpal\htdocs\public_html\core\global_include.php on line 615
[2026-07-06 18:22:44] Undefined variable $getId in C:\xampp\Desktop\mdcnpal\htdocs\public_html\core\global_include.php on line 684
[2026-07-06 18:22:44] Undefined variable $getName in C:\xampp\Desktop\mdcnpal\htdocs\public_html\core\global_include.php on line 685
[2026-07-06 18:22:44] Undefined array key 0 in C:\xampp\Desktop\mdcnpal\htdocs\public_html\core\global_include.php on line 810
[2026-07-06 18:22:44] Creation of dynamic property app::$rs_offer_msg is deprecated in C:\xampp\Desktop\mdcnpal\htdocs\public_html\core\app.php on line 434
[2026-07-06 18:22:44] Creation of dynamic property app::$rs_for_doctors is deprecated in C:\xampp\Desktop\mdcnpal\htdocs\public_html\core\app.php on line 434
[2026-07-06 18:22:44] Undefined property: app::$rs_cartmini in C:\xampp\Desktop\mdcnpal\htdocs\public_html\includes\header.php on line 131
[2026-07-06 18:22:44] Undefined array key "MDRCCustID" in C:\xampp\Desktop\mdcnpal\htdocs\public_html\includes\header.php on line 134
[2026-07-06 18:22:44] Undefined property: app::$rs_cartmini in C:\xampp\Desktop\mdcnpal\htdocs\public_html\includes\header.php on line 197
[2026-07-06 18:22:44] Undefined array key "MDRCCustID" in C:\xampp\Desktop\mdcnpal\htdocs\public_html\includes\header.php on line 200
[2026-07-06 18:22:44] Undefined property: app::$rs_cartmini in C:\xampp\Desktop\mdcnpal\htdocs\public_html\includes\header.php on line 469
[2026-07-06 18:22:44] Undefined array key "MDRCCustID" in C:\xampp\Desktop\mdcnpal\htdocs\public_html\includes\header.php on line 472
[2026-07-06 18:22:44] Undefined property: app::$rs_cartmini in C:\xampp\Desktop\mdcnpal\htdocs\public_html\includes\header.php on line 525
[2026-07-06 18:22:44] Undefined array key "MDRCCustID" in C:\xampp\Desktop\mdcnpal\htdocs\public_html\includes\header.php on line 528
[2026-07-06 18:22:44] Undefined property: app::$rs_customer in C:\xampp\Desktop\mdcnpal\htdocs\public_html\includes\header.php on line 712
[2026-07-06 18:22:44] Trying to access array offset on value of type null in C:\xampp\Desktop\mdcnpal\htdocs\public_html\includes\header.php on line 712
[2026-07-06 18:22:44] Undefined property: app::$rs_customer in C:\xampp\Desktop\mdcnpal\htdocs\public_html\includes\header.php on line 721
[2026-07-06 18:22:44] Trying to access array offset on value of type null in C:\xampp\Desktop\mdcnpal\htdocs\public_html\includes\header.php on line 721
[2026-07-06 18:22:44] Undefined property: app::$rs_customer in C:\xampp\Desktop\mdcnpal\htdocs\public_html\includes\header.php on line 730
[2026-07-06 18:22:44] Trying to access array offset on value of type null in C:\xampp\Desktop\mdcnpal\htdocs\public_html\includes\header.php on line 730
[2026-07-06 18:22:44] Undefined property: app::$rs_customer in C:\xampp\Desktop\mdcnpal\htdocs\public_html\includes\header.php on line 739
[2026-07-06 18:22:44] Trying to access array offset on value of type null in C:\xampp\Desktop\mdcnpal\htdocs\public_html\includes\header.php on line 739
[2026-07-06 18:22:44] Undefined property: app::$rs_cartmini in C:\xampp\Desktop\mdcnpal\htdocs\public_html\core\app.php(565) : eval()'d code on line 66
[06-Jul-2026 18:22:44 Asia/Kathmandu] PHP Fatal error:  Uncaught TypeError: count(): Argument #1 ($value) must be of type Countable|array, null given in C:\xampp\Desktop\mdcnpal\htdocs\public_html\core\app.php(565) : eval()'d code:66
Stack trace:
#0 C:\xampp\Desktop\mdcnpal\htdocs\public_html\core\app.php(565): eval()
#1 C:\xampp\Desktop\mdcnpal\htdocs\public_html\core\app.php(535): app->compile()
#2 C:\xampp\Desktop\mdcnpal\htdocs\public_html\core\app.php(516): app->package()
#3 C:\xampp\Desktop\mdcnpal\htdocs\public_html\index.php(6): app->execute()
#4 {main}
  thrown in C:\xampp\Desktop\mdcnpal\htdocs\public_html\core\app.php(565) : eval()'d code on line 66
[2026-07-06 18:22:44] Creation of dynamic property dbclass::$RECORD_SET is deprecated in C:\xampp\Desktop\mdcnpal\htdocs\public_html\core\dbclass.php on line 69
[2026-07-06 18:22:44] Creation of dynamic property dbclass::$app is deprecated in C:\xampp\Desktop\mdcnpal\htdocs\public_html\core\dbclass.php on line 75
[2026-07-06 18:22:44] Creation of dynamic property model::$foreign_tables is deprecated in C:\xampp\Desktop\mdcnpal\htdocs\public_html\core\model.php on line 43
[2026-07-06 18:22:44] Creation of dynamic property app::$inputfilter is deprecated in C:\xampp\Desktop\mdcnpal\htdocs\public_html\core\app.php on line 123
[2026-07-06 18:22:44] Creation of dynamic property app::$userconfig is deprecated in C:\xampp\Desktop\mdcnpal\htdocs\public_html\core\app.php on line 124
[2026-07-06 18:22:44] Creation of dynamic property app::$global_include is deprecated in C:\xampp\Desktop\mdcnpal\htdocs\public_html\core\app.php on line 125
[2026-07-06 18:22:44] Creation of dynamic property app::$set_cache_time is deprecated in C:\xampp\Desktop\mdcnpal\htdocs\public_html\core\app.php on line 153
[2026-07-06 18:22:44] Creation of dynamic property app::$meta is deprecated in C:\xampp\Desktop\mdcnpal\htdocs\public_html\core\app.php on line 434
[2026-07-06 18:22:44] Creation of dynamic property app::$rs_gs_city is deprecated in C:\xampp\Desktop\mdcnpal\htdocs\public_html\core\app.php on line 434
[2026-07-06 18:22:44] Creation of dynamic property app::$rs_footer_popular_item is deprecated in C:\xampp\Desktop\mdcnpal\htdocs\public_html\core\app.php on line 434
[2026-07-06 18:22:44] Creation of dynamic property app::$rs_footer_popular_test is deprecated in C:\xampp\Desktop\mdcnpal\htdocs\public_html\core\app.php on line 434
[2026-07-06 18:22:44] Creation of dynamic property app::$rs_testimonial is deprecated in C:\xampp\Desktop\mdcnpal\htdocs\public_html\core\app.php on line 434
[2026-07-06 18:22:44] Creation of dynamic property app::$admin is deprecated in C:\xampp\Desktop\mdcnpal\htdocs\public_html\core\app.php on line 434
[2026-07-06 18:22:44] Undefined array key 0 in C:\xampp\Desktop\mdcnpal\htdocs\public_html\core\global_include.php on line 514
[2026-07-06 18:22:44] Creation of dynamic property app::$popup is deprecated in C:\xampp\Desktop\mdcnpal\htdocs\public_html\core\app.php on line 434
[2026-07-06 18:22:44] Undefined array key "MDRCCustID" in C:\xampp\Desktop\mdcnpal\htdocs\public_html\core\global_include.php on line 515
[2026-07-06 18:22:44] Undefined array key "MDRCToken" in C:\xampp\Desktop\mdcnpal\htdocs\public_html\core\global_include.php on line 515
[2026-07-06 18:22:44] Creation of dynamic property app::$rscategory is deprecated in C:\xampp\Desktop\mdcnpal\htdocs\public_html\core\app.php on line 434
[2026-07-06 18:22:44] Creation of dynamic property app::$rs_pages is deprecated in C:\xampp\Desktop\mdcnpal\htdocs\public_html\core\app.php on line 434
[2026-07-06 18:22:44] Creation of dynamic property app::$gs is deprecated in C:\xampp\Desktop\mdcnpal\htdocs\public_html\core\app.php on line 434
[2026-07-06 18:22:44] Undefined array key "MDRCCustID" in C:\xampp\Desktop\mdcnpal\htdocs\public_html\core\global_include.php on line 596
[2026-07-06 18:22:44] Undefined array key "MDRCCustID" in C:\xampp\Desktop\mdcnpal\htdocs\public_html\core\global_include.php on line 615
[2026-07-06 18:22:44] Undefined variable $getId in C:\xampp\Desktop\mdcnpal\htdocs\public_html\core\global_include.php on line 684
[2026-07-06 18:22:44] Undefined variable $getName in C:\xampp\Desktop\mdcnpal\htdocs\public_html\core\global_include.php on line 685
[2026-07-06 18:22:44] Undefined array key 0 in C:\xampp\Desktop\mdcnpal\htdocs\public_html\core\global_include.php on line 810
[2026-07-06 18:22:44] Creation of dynamic property app::$rs_offer_msg is deprecated in C:\xampp\Desktop\mdcnpal\htdocs\public_html\core\app.php on line 434
[2026-07-06 18:22:44] Creation of dynamic property app::$rs_for_doctors is deprecated in C:\xampp\Desktop\mdcnpal\htdocs\public_html\core\app.php on line 434
[2026-07-06 18:22:44] Creation of dynamic property app::$rs_gallery_data is deprecated in C:\xampp\Desktop\mdcnpal\htdocs\public_html\core\app.php on line 434
[2026-07-06 18:22:44] Creation of dynamic property app::$category is deprecated in C:\xampp\Desktop\mdcnpal\htdocs\public_html\core\app.php on line 434
[2026-07-06 18:22:44] Undefined array key 0 in C:\xampp\Desktop\mdcnpal\htdocs\public_html\controllers\controller_for_doctors.php on line 22
[2026-07-06 18:22:44] Creation of dynamic property app::$records_doctors is deprecated in C:\xampp\Desktop\mdcnpal\htdocs\public_html\core\app.php on line 434
[2026-07-06 18:22:44] Undefined array key 0 in C:\xampp\Desktop\mdcnpal\htdocs\public_html\controllers\controller_for_doctors.php on line 25
[2026-07-06 18:22:44] Trying to access array offset on value of type null in C:\xampp\Desktop\mdcnpal\htdocs\public_html\controllers\controller_for_doctors.php on line 25
[2026-07-06 18:22:44] Creation of dynamic property app::$records_services is deprecated in C:\xampp\Desktop\mdcnpal\htdocs\public_html\core\app.php on line 434
[2026-07-06 18:22:44] Undefined array key 0 in C:\xampp\Desktop\mdcnpal\htdocs\public_html\controllers\controller_for_doctors.php on line 31
[2026-07-06 18:22:44] Trying to access array offset on value of type null in C:\xampp\Desktop\mdcnpal\htdocs\public_html\controllers\controller_for_doctors.php on line 31
[2026-07-06 18:22:44] str_replace(): Passing null to parameter #3 ($subject) of type array|string is deprecated in C:\xampp\Desktop\mdcnpal\htdocs\public_html\controllers\controller_for_doctors.php on line 31
[2026-07-06 18:22:44] Undefined array key 0 in C:\xampp\Desktop\mdcnpal\htdocs\public_html\controllers\controller_for_doctors.php on line 32
[2026-07-06 18:22:44] Trying to access array offset on value of type null in C:\xampp\Desktop\mdcnpal\htdocs\public_html\controllers\controller_for_doctors.php on line 32
[2026-07-06 18:22:44] str_replace(): Passing null to parameter #3 ($subject) of type array|string is deprecated in C:\xampp\Desktop\mdcnpal\htdocs\public_html\controllers\controller_for_doctors.php on line 32
[2026-07-06 18:22:44] Undefined array key 0 in C:\xampp\Desktop\mdcnpal\htdocs\public_html\controllers\controller_for_doctors.php on line 33
[2026-07-06 18:22:44] Trying to access array offset on value of type null in C:\xampp\Desktop\mdcnpal\htdocs\public_html\controllers\controller_for_doctors.php on line 33
[2026-07-06 18:22:44] str_replace(): Passing null to parameter #3 ($subject) of type array|string is deprecated in C:\xampp\Desktop\mdcnpal\htdocs\public_html\controllers\controller_for_doctors.php on line 33
[2026-07-06 18:22:44] Creation of dynamic property dbclass::$RECORD_SET is deprecated in C:\xampp\Desktop\mdcnpal\htdocs\public_html\core\dbclass.php on line 69
[2026-07-06 18:22:44] Creation of dynamic property dbclass::$app is deprecated in C:\xampp\Desktop\mdcnpal\htdocs\public_html\core\dbclass.php on line 75
[2026-07-06 18:22:44] Creation of dynamic property model::$foreign_tables is deprecated in C:\xampp\Desktop\mdcnpal\htdocs\public_html\core\model.php on line 43
[2026-07-06 18:22:44] Creation of dynamic property app::$inputfilter is deprecated in C:\xampp\Desktop\mdcnpal\htdocs\public_html\core\app.php on line 123
[2026-07-06 18:22:44] Creation of dynamic property app::$userconfig is deprecated in C:\xampp\Desktop\mdcnpal\htdocs\public_html\core\app.php on line 124
[2026-07-06 18:22:44] Creation of dynamic property app::$global_include is deprecated in C:\xampp\Desktop\mdcnpal\htdocs\public_html\core\app.php on line 125
[2026-07-06 18:22:44] Creation of dynamic property app::$set_cache_time is deprecated in C:\xampp\Desktop\mdcnpal\htdocs\public_html\core\app.php on line 153
[2026-07-06 18:22:44] Creation of dynamic property app::$meta is deprecated in C:\xampp\Desktop\mdcnpal\htdocs\public_html\core\app.php on line 434
[2026-07-06 18:22:44] Creation of dynamic property app::$rs_gs_city is deprecated in C:\xampp\Desktop\mdcnpal\htdocs\public_html\core\app.php on line 434
[2026-07-06 18:22:44] Creation of dynamic property app::$rs_footer_popular_item is deprecated in C:\xampp\Desktop\mdcnpal\htdocs\public_html\core\app.php on line 434
[2026-07-06 18:22:44] Creation of dynamic property app::$rs_footer_popular_test is deprecated in C:\xampp\Desktop\mdcnpal\htdocs\public_html\core\app.php on line 434
[2026-07-06 18:22:44] Creation of dynamic property app::$rs_testimonial is deprecated in C:\xampp\Desktop\mdcnpal\htdocs\public_html\core\app.php on line 434
[2026-07-06 18:22:44] Creation of dynamic property app::$admin is deprecated in C:\xampp\Desktop\mdcnpal\htdocs\public_html\core\app.php on line 434
[2026-07-06 18:22:44] Undefined array key 0 in C:\xampp\Desktop\mdcnpal\htdocs\public_html\core\global_include.php on line 514
[2026-07-06 18:22:44] Creation of dynamic property app::$popup is deprecated in C:\xampp\Desktop\mdcnpal\htdocs\public_html\core\app.php on line 434
[2026-07-06 18:22:44] Undefined array key "MDRCCustID" in C:\xampp\Desktop\mdcnpal\htdocs\public_html\core\global_include.php on line 515
[2026-07-06 18:22:44] Undefined array key "MDRCToken" in C:\xampp\Desktop\mdcnpal\htdocs\public_html\core\global_include.php on line 515
[2026-07-06 18:22:44] Creation of dynamic property app::$rscategory is deprecated in C:\xampp\Desktop\mdcnpal\htdocs\public_html\core\app.php on line 434
[2026-07-06 18:22:44] Creation of dynamic property app::$rs_pages is deprecated in C:\xampp\Desktop\mdcnpal\htdocs\public_html\core\app.php on line 434
[2026-07-06 18:22:44] Creation of dynamic property app::$gs is deprecated in C:\xampp\Desktop\mdcnpal\htdocs\public_html\core\app.php on line 434
[2026-07-06 18:22:44] Undefined array key "MDRCCustID" in C:\xampp\Desktop\mdcnpal\htdocs\public_html\core\global_include.php on line 596
[2026-07-06 18:22:44] Undefined array key "MDRCCustID" in C:\xampp\Desktop\mdcnpal\htdocs\public_html\core\global_include.php on line 615
[2026-07-06 18:22:44] Undefined variable $getId in C:\xampp\Desktop\mdcnpal\htdocs\public_html\core\global_include.php on line 684
[2026-07-06 18:22:44] Undefined variable $getName in C:\xampp\Desktop\mdcnpal\htdocs\public_html\core\global_include.php on line 685
[2026-07-06 18:22:44] Undefined array key 0 in C:\xampp\Desktop\mdcnpal\htdocs\public_html\core\global_include.php on line 810
[2026-07-06 18:22:44] Creation of dynamic property app::$rs_offer_msg is deprecated in C:\xampp\Desktop\mdcnpal\htdocs\public_html\core\app.php on line 434
[2026-07-06 18:22:44] Creation of dynamic property app::$rs_for_doctors is deprecated in C:\xampp\Desktop\mdcnpal\htdocs\public_html\core\app.php on line 434
[2026-07-06 18:22:44] Undefined property: app::$rs_cartmini in C:\xampp\Desktop\mdcnpal\htdocs\public_html\includes\header.php on line 131
[2026-07-06 18:22:44] Undefined array key "MDRCCustID" in C:\xampp\Desktop\mdcnpal\htdocs\public_html\includes\header.php on line 134
[2026-07-06 18:22:44] Undefined property: app::$rs_cartmini in C:\xampp\Desktop\mdcnpal\htdocs\public_html\includes\header.php on line 197
[2026-07-06 18:22:44] Undefined array key "MDRCCustID" in C:\xampp\Desktop\mdcnpal\htdocs\public_html\includes\header.php on line 200
[2026-07-06 18:22:44] Undefined property: app::$rs_cartmini in C:\xampp\Desktop\mdcnpal\htdocs\public_html\includes\header.php on line 469
[2026-07-06 18:22:44] Undefined array key "MDRCCustID" in C:\xampp\Desktop\mdcnpal\htdocs\public_html\includes\header.php on line 472
[2026-07-06 18:22:44] Undefined property: app::$rs_cartmini in C:\xampp\Desktop\mdcnpal\htdocs\public_html\includes\header.php on line 525
[2026-07-06 18:22:44] Undefined array key "MDRCCustID" in C:\xampp\Desktop\mdcnpal\htdocs\public_html\includes\header.php on line 528
[2026-07-06 18:22:44] Undefined property: app::$rs_customer in C:\xampp\Desktop\mdcnpal\htdocs\public_html\includes\header.php on line 712
[2026-07-06 18:22:44] Trying to access array offset on value of type null in C:\xampp\Desktop\mdcnpal\htdocs\public_html\includes\header.php on line 712
[2026-07-06 18:22:44] Undefined property: app::$rs_customer in C:\xampp\Desktop\mdcnpal\htdocs\public_html\includes\header.php on line 721
[2026-07-06 18:22:44] Trying to access array offset on value of type null in C:\xampp\Desktop\mdcnpal\htdocs\public_html\includes\header.php on line 721
[2026-07-06 18:22:44] Undefined property: app::$rs_customer in C:\xampp\Desktop\mdcnpal\htdocs\public_html\includes\header.php on line 730
[2026-07-06 18:22:44] Trying to access array offset on value of type null in C:\xampp\Desktop\mdcnpal\htdocs\public_html\includes\header.php on line 730
[2026-07-06 18:22:44] Undefined property: app::$rs_customer in C:\xampp\Desktop\mdcnpal\htdocs\public_html\includes\header.php on line 739
[2026-07-06 18:22:44] Trying to access array offset on value of type null in C:\xampp\Desktop\mdcnpal\htdocs\public_html\includes\header.php on line 739
[2026-07-06 18:22:44] Undefined property: app::$rs_customer in C:\xampp\Desktop\mdcnpal\htdocs\public_html\includes\footer.php on line 357
[2026-07-06 18:22:44] Trying to access array offset on value of type null in C:\xampp\Desktop\mdcnpal\htdocs\public_html\includes\footer.php on line 357
[2026-07-06 18:22:44] Undefined property: app::$rs_customer in C:\xampp\Desktop\mdcnpal\htdocs\public_html\includes\footer.php on line 366
[2026-07-06 18:22:44] Trying to access array offset on value of type null in C:\xampp\Desktop\mdcnpal\htdocs\public_html\includes\footer.php on line 366
[2026-07-06 18:22:44] Undefined property: app::$rs_customer in C:\xampp\Desktop\mdcnpal\htdocs\public_html\includes\footer.php on line 372
[2026-07-06 18:22:44] Trying to access array offset on value of type null in C:\xampp\Desktop\mdcnpal\htdocs\public_html\includes\footer.php on line 372
[2026-07-06 18:22:44] Undefined property: app::$rs_customer in C:\xampp\Desktop\mdcnpal\htdocs\public_html\includes\general_data.php on line 88
[2026-07-06 18:22:44] Trying to access array offset on value of type null in C:\xampp\Desktop\mdcnpal\htdocs\public_html\includes\general_data.php on line 88
[2026-07-06 18:22:44] Undefined array key "MDRCCustID" in C:\xampp\Desktop\mdcnpal\htdocs\public_html\includes\general_data.php on line 88
[2026-07-06 18:22:44] Undefined variable $tmpStr in C:\xampp\Desktop\mdcnpal\htdocs\public_html\core\app.php on line 971
[2026-07-06 18:23:44] Creation of dynamic property dbclass::$RECORD_SET is deprecated in C:\xampp\Desktop\mdcnpal\htdocs\public_html\core\dbclass.php on line 69
[2026-07-06 18:23:44] Creation of dynamic property dbclass::$app is deprecated in C:\xampp\Desktop\mdcnpal\htdocs\public_html\core\dbclass.php on line 75
[2026-07-06 18:23:44] Creation of dynamic property model::$foreign_tables is deprecated in C:\xampp\Desktop\mdcnpal\htdocs\public_html\core\model.php on line 43
[2026-07-06 18:23:44] Creation of dynamic property app::$inputfilter is deprecated in C:\xampp\Desktop\mdcnpal\htdocs\public_html\core\app.php on line 123
[2026-07-06 18:23:44] Creation of dynamic property app::$userconfig is deprecated in C:\xampp\Desktop\mdcnpal\htdocs\public_html\core\app.php on line 124
[2026-07-06 18:23:44] Creation of dynamic property app::$global_include is deprecated in C:\xampp\Desktop\mdcnpal\htdocs\public_html\core\app.php on line 125
[2026-07-06 18:23:45] Creation of dynamic property app::$set_cache_time is deprecated in C:\xampp\Desktop\mdcnpal\htdocs\public_html\core\app.php on line 153
[2026-07-06 18:23:45] Creation of dynamic property app::$meta is deprecated in C:\xampp\Desktop\mdcnpal\htdocs\public_html\core\app.php on line 434
[2026-07-06 18:23:45] Creation of dynamic property app::$rs_gs_city is deprecated in C:\xampp\Desktop\mdcnpal\htdocs\public_html\core\app.php on line 434
[2026-07-06 18:23:45] Creation of dynamic property app::$rs_footer_popular_item is deprecated in C:\xampp\Desktop\mdcnpal\htdocs\public_html\core\app.php on line 434
[2026-07-06 18:23:45] Creation of dynamic property app::$rs_footer_popular_test is deprecated in C:\xampp\Desktop\mdcnpal\htdocs\public_html\core\app.php on line 434
[2026-07-06 18:23:45] Creation of dynamic property app::$rs_testimonial is deprecated in C:\xampp\Desktop\mdcnpal\htdocs\public_html\core\app.php on line 434
[2026-07-06 18:23:45] Creation of dynamic property app::$admin is deprecated in C:\xampp\Desktop\mdcnpal\htdocs\public_html\core\app.php on line 434
[2026-07-06 18:23:45] Undefined array key 0 in C:\xampp\Desktop\mdcnpal\htdocs\public_html\core\global_include.php on line 514
[2026-07-06 18:23:45] Creation of dynamic property app::$popup is deprecated in C:\xampp\Desktop\mdcnpal\htdocs\public_html\core\app.php on line 434
[2026-07-06 18:23:45] Undefined array key "MDRCCustID" in C:\xampp\Desktop\mdcnpal\htdocs\public_html\core\global_include.php on line 515
[2026-07-06 18:23:45] Undefined array key "MDRCToken" in C:\xampp\Desktop\mdcnpal\htdocs\public_html\core\global_include.php on line 515
[2026-07-06 18:23:45] Creation of dynamic property app::$rscategory is deprecated in C:\xampp\Desktop\mdcnpal\htdocs\public_html\core\app.php on line 434
[2026-07-06 18:23:45] Creation of dynamic property app::$rs_pages is deprecated in C:\xampp\Desktop\mdcnpal\htdocs\public_html\core\app.php on line 434
[2026-07-06 18:23:45] Creation of dynamic property app::$gs is deprecated in C:\xampp\Desktop\mdcnpal\htdocs\public_html\core\app.php on line 434
[2026-07-06 18:23:45] Undefined array key "MDRCCustID" in C:\xampp\Desktop\mdcnpal\htdocs\public_html\core\global_include.php on line 596
[2026-07-06 18:23:45] Undefined array key "MDRCCustID" in C:\xampp\Desktop\mdcnpal\htdocs\public_html\core\global_include.php on line 615
[2026-07-06 18:23:45] Undefined variable $getId in C:\xampp\Desktop\mdcnpal\htdocs\public_html\core\global_include.php on line 684
[2026-07-06 18:23:45] Undefined variable $getName in C:\xampp\Desktop\mdcnpal\htdocs\public_html\core\global_include.php on line 685
[2026-07-06 18:23:45] Undefined array key 0 in C:\xampp\Desktop\mdcnpal\htdocs\public_html\core\global_include.php on line 810
[2026-07-06 18:23:45] Creation of dynamic property app::$rs_offer_msg is deprecated in C:\xampp\Desktop\mdcnpal\htdocs\public_html\core\app.php on line 434
[2026-07-06 18:23:45] Creation of dynamic property app::$rs_for_doctors is deprecated in C:\xampp\Desktop\mdcnpal\htdocs\public_html\core\app.php on line 434
[2026-07-06 18:23:45] Creation of dynamic property app::$rs_data is deprecated in C:\xampp\Desktop\mdcnpal\htdocs\public_html\core\app.php on line 434
[2026-07-06 18:23:45] Creation of dynamic property app::$rs_certi_data is deprecated in C:\xampp\Desktop\mdcnpal\htdocs\public_html\core\app.php on line 434
[2026-07-06 18:23:45] Creation of dynamic property app::$rs_key_fetures_data is deprecated in C:\xampp\Desktop\mdcnpal\htdocs\public_html\core\app.php on line 434
[2026-07-06 18:23:45] Creation of dynamic property app::$rs_banner is deprecated in C:\xampp\Desktop\mdcnpal\htdocs\public_html\core\app.php on line 434
[2026-07-06 18:23:45] Undefined variable $rs_package_data in C:\xampp\Desktop\mdcnpal\htdocs\public_html\controllers\controller_detail.php on line 94
[2026-07-06 18:23:45] Creation of dynamic property app::$rs_package_data is deprecated in C:\xampp\Desktop\mdcnpal\htdocs\public_html\core\app.php on line 434
[2026-07-06 18:23:45] Creation of dynamic property app::$city_id is deprecated in C:\xampp\Desktop\mdcnpal\htdocs\public_html\core\app.php on line 434
[2026-07-06 18:23:45] Creation of dynamic property app::$city_name is deprecated in C:\xampp\Desktop\mdcnpal\htdocs\public_html\core\app.php on line 434
[2026-07-06 18:23:45] Creation of dynamic property app::$rs_faq_data is deprecated in C:\xampp\Desktop\mdcnpal\htdocs\public_html\core\app.php on line 434
[2026-07-06 18:23:45] Undefined property: app::$rs_cartmini in C:\xampp\Desktop\mdcnpal\htdocs\public_html\includes\header.php on line 131
[2026-07-06 18:23:45] Undefined array key "MDRCCustID" in C:\xampp\Desktop\mdcnpal\htdocs\public_html\includes\header.php on line 134
[2026-07-06 18:23:45] Undefined property: app::$rs_cartmini in C:\xampp\Desktop\mdcnpal\htdocs\public_html\includes\header.php on line 197
[2026-07-06 18:23:45] Undefined array key "MDRCCustID" in C:\xampp\Desktop\mdcnpal\htdocs\public_html\includes\header.php on line 200
[2026-07-06 18:23:45] Undefined property: app::$rs_cartmini in C:\xampp\Desktop\mdcnpal\htdocs\public_html\includes\header.php on line 469
[2026-07-06 18:23:45] Undefined array key "MDRCCustID" in C:\xampp\Desktop\mdcnpal\htdocs\public_html\includes\header.php on line 472
[2026-07-06 18:23:45] Undefined property: app::$rs_cartmini in C:\xampp\Desktop\mdcnpal\htdocs\public_html\includes\header.php on line 525
[2026-07-06 18:23:45] Undefined array key "MDRCCustID" in C:\xampp\Desktop\mdcnpal\htdocs\public_html\includes\header.php on line 528
[2026-07-06 18:23:45] Undefined property: app::$rs_customer in C:\xampp\Desktop\mdcnpal\htdocs\public_html\includes\header.php on line 712
[2026-07-06 18:23:45] Trying to access array offset on value of type null in C:\xampp\Desktop\mdcnpal\htdocs\public_html\includes\header.php on line 712
[2026-07-06 18:23:45] Undefined property: app::$rs_customer in C:\xampp\Desktop\mdcnpal\htdocs\public_html\includes\header.php on line 721
[2026-07-06 18:23:45] Trying to access array offset on value of type null in C:\xampp\Desktop\mdcnpal\htdocs\public_html\includes\header.php on line 721
[2026-07-06 18:23:45] Undefined property: app::$rs_customer in C:\xampp\Desktop\mdcnpal\htdocs\public_html\includes\header.php on line 730
[2026-07-06 18:23:45] Trying to access array offset on value of type null in C:\xampp\Desktop\mdcnpal\htdocs\public_html\includes\header.php on line 730
[2026-07-06 18:23:45] Undefined property: app::$rs_customer in C:\xampp\Desktop\mdcnpal\htdocs\public_html\includes\header.php on line 739
[2026-07-06 18:23:45] Trying to access array offset on value of type null in C:\xampp\Desktop\mdcnpal\htdocs\public_html\includes\header.php on line 739
[06-Jul-2026 18:23:45 Asia/Kathmandu] PHP Fatal error:  Uncaught TypeError: count(): Argument #1 ($value) must be of type Countable|array, null given in C:\xampp\Desktop\mdcnpal\htdocs\public_html\core\app.php(565) : eval()'d code:42
Stack trace:
#0 C:\xampp\Desktop\mdcnpal\htdocs\public_html\core\app.php(565): eval()
#1 C:\xampp\Desktop\mdcnpal\htdocs\public_html\core\app.php(535): app->compile()
#2 C:\xampp\Desktop\mdcnpal\htdocs\public_html\core\app.php(516): app->package()
#3 C:\xampp\Desktop\mdcnpal\htdocs\public_html\index.php(6): app->execute()
#4 {main}
  thrown in C:\xampp\Desktop\mdcnpal\htdocs\public_html\core\app.php(565) : eval()'d code on line 42
[2026-07-06 18:23:45] Creation of dynamic property dbclass::$RECORD_SET is deprecated in C:\xampp\Desktop\mdcnpal\htdocs\public_html\core\dbclass.php on line 69
[2026-07-06 18:23:45] Creation of dynamic property dbclass::$app is deprecated in C:\xampp\Desktop\mdcnpal\htdocs\public_html\core\dbclass.php on line 75
[2026-07-06 18:23:46] Creation of dynamic property model::$foreign_tables is deprecated in C:\xampp\Desktop\mdcnpal\htdocs\public_html\core\model.php on line 43
[2026-07-06 18:23:46] Creation of dynamic property app::$inputfilter is deprecated in C:\xampp\Desktop\mdcnpal\htdocs\public_html\core\app.php on line 123
[2026-07-06 18:23:46] Creation of dynamic property app::$userconfig is deprecated in C:\xampp\Desktop\mdcnpal\htdocs\public_html\core\app.php on line 124
[2026-07-06 18:23:46] Creation of dynamic property app::$global_include is deprecated in C:\xampp\Desktop\mdcnpal\htdocs\public_html\core\app.php on line 125
[2026-07-06 18:23:46] Creation of dynamic property app::$set_cache_time is deprecated in C:\xampp\Desktop\mdcnpal\htdocs\public_html\core\app.php on line 153
[2026-07-06 18:23:46] Creation of dynamic property app::$meta is deprecated in C:\xampp\Desktop\mdcnpal\htdocs\public_html\core\app.php on line 434
[2026-07-06 18:23:46] Creation of dynamic property app::$rs_gs_city is deprecated in C:\xampp\Desktop\mdcnpal\htdocs\public_html\core\app.php on line 434
[2026-07-06 18:23:46] Creation of dynamic property app::$rs_footer_popular_item is deprecated in C:\xampp\Desktop\mdcnpal\htdocs\public_html\core\app.php on line 434
[2026-07-06 18:23:46] Creation of dynamic property app::$rs_footer_popular_test is deprecated in C:\xampp\Desktop\mdcnpal\htdocs\public_html\core\app.php on line 434
[2026-07-06 18:23:46] Creation of dynamic property app::$rs_testimonial is deprecated in C:\xampp\Desktop\mdcnpal\htdocs\public_html\core\app.php on line 434
[2026-07-06 18:23:46] Creation of dynamic property app::$admin is deprecated in C:\xampp\Desktop\mdcnpal\htdocs\public_html\core\app.php on line 434
[2026-07-06 18:23:46] Undefined array key 0 in C:\xampp\Desktop\mdcnpal\htdocs\public_html\core\global_include.php on line 514
[2026-07-06 18:23:46] Creation of dynamic property app::$popup is deprecated in C:\xampp\Desktop\mdcnpal\htdocs\public_html\core\app.php on line 434
[2026-07-06 18:23:46] Undefined array key "MDRCCustID" in C:\xampp\Desktop\mdcnpal\htdocs\public_html\core\global_include.php on line 515
[2026-07-06 18:23:46] Undefined array key "MDRCToken" in C:\xampp\Desktop\mdcnpal\htdocs\public_html\core\global_include.php on line 515
[2026-07-06 18:23:46] Creation of dynamic property app::$rscategory is deprecated in C:\xampp\Desktop\mdcnpal\htdocs\public_html\core\app.php on line 434
[2026-07-06 18:23:46] Creation of dynamic property app::$rs_pages is deprecated in C:\xampp\Desktop\mdcnpal\htdocs\public_html\core\app.php on line 434
[2026-07-06 18:23:46] Creation of dynamic property app::$gs is deprecated in C:\xampp\Desktop\mdcnpal\htdocs\public_html\core\app.php on line 434
[2026-07-06 18:23:46] Undefined array key "MDRCCustID" in C:\xampp\Desktop\mdcnpal\htdocs\public_html\core\global_include.php on line 596
[2026-07-06 18:23:46] Undefined array key "MDRCCustID" in C:\xampp\Desktop\mdcnpal\htdocs\public_html\core\global_include.php on line 615
[2026-07-06 18:23:46] Undefined variable $getId in C:\xampp\Desktop\mdcnpal\htdocs\public_html\core\global_include.php on line 684
[2026-07-06 18:23:46] Undefined variable $getName in C:\xampp\Desktop\mdcnpal\htdocs\public_html\core\global_include.php on line 685
[2026-07-06 18:23:46] Undefined array key 0 in C:\xampp\Desktop\mdcnpal\htdocs\public_html\core\global_include.php on line 810
[2026-07-06 18:23:46] Creation of dynamic property app::$rs_offer_msg is deprecated in C:\xampp\Desktop\mdcnpal\htdocs\public_html\core\app.php on line 434
[2026-07-06 18:23:46] Creation of dynamic property app::$rs_for_doctors is deprecated in C:\xampp\Desktop\mdcnpal\htdocs\public_html\core\app.php on line 434
[2026-07-06 18:23:46] Undefined property: app::$rs_cartmini in C:\xampp\Desktop\mdcnpal\htdocs\public_html\includes\header.php on line 131
[2026-07-06 18:23:46] Undefined array key "MDRCCustID" in C:\xampp\Desktop\mdcnpal\htdocs\public_html\includes\header.php on line 134
[2026-07-06 18:23:46] Undefined property: app::$rs_cartmini in C:\xampp\Desktop\mdcnpal\htdocs\public_html\includes\header.php on line 197
[2026-07-06 18:23:46] Undefined array key "MDRCCustID" in C:\xampp\Desktop\mdcnpal\htdocs\public_html\includes\header.php on line 200
[2026-07-06 18:23:46] Undefined property: app::$rs_cartmini in C:\xampp\Desktop\mdcnpal\htdocs\public_html\includes\header.php on line 469
[2026-07-06 18:23:46] Undefined array key "MDRCCustID" in C:\xampp\Desktop\mdcnpal\htdocs\public_html\includes\header.php on line 472
[2026-07-06 18:23:46] Undefined property: app::$rs_cartmini in C:\xampp\Desktop\mdcnpal\htdocs\public_html\includes\header.php on line 525
[2026-07-06 18:23:46] Undefined array key "MDRCCustID" in C:\xampp\Desktop\mdcnpal\htdocs\public_html\includes\header.php on line 528
[2026-07-06 18:23:46] Undefined property: app::$rs_customer in C:\xampp\Desktop\mdcnpal\htdocs\public_html\includes\header.php on line 712
[2026-07-06 18:23:46] Trying to access array offset on value of type null in C:\xampp\Desktop\mdcnpal\htdocs\public_html\includes\header.php on line 712
[2026-07-06 18:23:46] Undefined property: app::$rs_customer in C:\xampp\Desktop\mdcnpal\htdocs\public_html\includes\header.php on line 721
[2026-07-06 18:23:46] Trying to access array offset on value of type null in C:\xampp\Desktop\mdcnpal\htdocs\public_html\includes\header.php on line 721
[2026-07-06 18:23:46] Undefined property: app::$rs_customer in C:\xampp\Desktop\mdcnpal\htdocs\public_html\includes\header.php on line 730
[2026-07-06 18:23:46] Trying to access array offset on value of type null in C:\xampp\Desktop\mdcnpal\htdocs\public_html\includes\header.php on line 730
[2026-07-06 18:23:46] Undefined property: app::$rs_customer in C:\xampp\Desktop\mdcnpal\htdocs\public_html\includes\header.php on line 739
[2026-07-06 18:23:46] Trying to access array offset on value of type null in C:\xampp\Desktop\mdcnpal\htdocs\public_html\includes\header.php on line 739
[2026-07-06 18:23:46] Undefined property: app::$rs_customer in C:\xampp\Desktop\mdcnpal\htdocs\public_html\includes\footer.php on line 357
[2026-07-06 18:23:46] Trying to access array offset on value of type null in C:\xampp\Desktop\mdcnpal\htdocs\public_html\includes\footer.php on line 357
[2026-07-06 18:23:46] Undefined property: app::$rs_customer in C:\xampp\Desktop\mdcnpal\htdocs\public_html\includes\footer.php on line 366
[2026-07-06 18:23:46] Trying to access array offset on value of type null in C:\xampp\Desktop\mdcnpal\htdocs\public_html\includes\footer.php on line 366
[2026-07-06 18:23:46] Undefined property: app::$rs_customer in C:\xampp\Desktop\mdcnpal\htdocs\public_html\includes\footer.php on line 372
[2026-07-06 18:23:46] Trying to access array offset on value of type null in C:\xampp\Desktop\mdcnpal\htdocs\public_html\includes\footer.php on line 372
[2026-07-06 18:23:46] Undefined property: app::$rs_customer in C:\xampp\Desktop\mdcnpal\htdocs\public_html\includes\general_data.php on line 88
[2026-07-06 18:23:46] Trying to access array offset on value of type null in C:\xampp\Desktop\mdcnpal\htdocs\public_html\includes\general_data.php on line 88
[2026-07-06 18:23:46] Undefined array key "MDRCCustID" in C:\xampp\Desktop\mdcnpal\htdocs\public_html\includes\general_data.php on line 88
[2026-07-06 18:23:46] Undefined variable $tmpStr in C:\xampp\Desktop\mdcnpal\htdocs\public_html\core\app.php on line 971
[2026-07-06 18:23:47] Creation of dynamic property dbclass::$RECORD_SET is deprecated in C:\xampp\Desktop\mdcnpal\htdocs\public_html\core\dbclass.php on line 69
[2026-07-06 18:23:47] Creation of dynamic property dbclass::$app is deprecated in C:\xampp\Desktop\mdcnpal\htdocs\public_html\core\dbclass.php on line 75
[2026-07-06 18:23:47] Creation of dynamic property model::$foreign_tables is deprecated in C:\xampp\Desktop\mdcnpal\htdocs\public_html\core\model.php on line 43
[2026-07-06 18:23:47] Creation of dynamic property app::$inputfilter is deprecated in C:\xampp\Desktop\mdcnpal\htdocs\public_html\core\app.php on line 123
[2026-07-06 18:23:47] Creation of dynamic property app::$userconfig is deprecated in C:\xampp\Desktop\mdcnpal\htdocs\public_html\core\app.php on line 124
[2026-07-06 18:23:47] Creation of dynamic property app::$global_include is deprecated in C:\xampp\Desktop\mdcnpal\htdocs\public_html\core\app.php on line 125
[2026-07-06 18:23:47] Creation of dynamic property app::$set_cache_time is deprecated in C:\xampp\Desktop\mdcnpal\htdocs\public_html\core\app.php on line 153
[2026-07-06 18:23:47] Creation of dynamic property app::$meta is deprecated in C:\xampp\Desktop\mdcnpal\htdocs\public_html\core\app.php on line 434
[2026-07-06 18:23:47] Creation of dynamic property app::$rs_gs_city is deprecated in C:\xampp\Desktop\mdcnpal\htdocs\public_html\core\app.php on line 434
[2026-07-06 18:23:47] Creation of dynamic property app::$rs_footer_popular_item is deprecated in C:\xampp\Desktop\mdcnpal\htdocs\public_html\core\app.php on line 434
[2026-07-06 18:23:47] Creation of dynamic property app::$rs_footer_popular_test is deprecated in C:\xampp\Desktop\mdcnpal\htdocs\public_html\core\app.php on line 434
[2026-07-06 18:23:47] Creation of dynamic property app::$rs_testimonial is deprecated in C:\xampp\Desktop\mdcnpal\htdocs\public_html\core\app.php on line 434
[2026-07-06 18:23:47] Creation of dynamic property app::$admin is deprecated in C:\xampp\Desktop\mdcnpal\htdocs\public_html\core\app.php on line 434
[2026-07-06 18:23:47] Undefined array key 0 in C:\xampp\Desktop\mdcnpal\htdocs\public_html\core\global_include.php on line 514
[2026-07-06 18:23:47] Creation of dynamic property app::$popup is deprecated in C:\xampp\Desktop\mdcnpal\htdocs\public_html\core\app.php on line 434
[2026-07-06 18:23:47] Undefined array key "MDRCCustID" in C:\xampp\Desktop\mdcnpal\htdocs\public_html\core\global_include.php on line 515
[2026-07-06 18:23:47] Undefined array key "MDRCToken" in C:\xampp\Desktop\mdcnpal\htdocs\public_html\core\global_include.php on line 515
[2026-07-06 18:23:47] Creation of dynamic property app::$rscategory is deprecated in C:\xampp\Desktop\mdcnpal\htdocs\public_html\core\app.php on line 434
[2026-07-06 18:23:47] Creation of dynamic property app::$rs_pages is deprecated in C:\xampp\Desktop\mdcnpal\htdocs\public_html\core\app.php on line 434
[2026-07-06 18:23:47] Creation of dynamic property app::$gs is deprecated in C:\xampp\Desktop\mdcnpal\htdocs\public_html\core\app.php on line 434
[2026-07-06 18:23:47] Undefined array key "MDRCCustID" in C:\xampp\Desktop\mdcnpal\htdocs\public_html\core\global_include.php on line 596
[2026-07-06 18:23:47] Undefined array key "MDRCCustID" in C:\xampp\Desktop\mdcnpal\htdocs\public_html\core\global_include.php on line 615
[2026-07-06 18:23:47] Undefined variable $getId in C:\xampp\Desktop\mdcnpal\htdocs\public_html\core\global_include.php on line 684
[2026-07-06 18:23:47] Undefined variable $getName in C:\xampp\Desktop\mdcnpal\htdocs\public_html\core\global_include.php on line 685
[2026-07-06 18:23:47] Undefined array key 0 in C:\xampp\Desktop\mdcnpal\htdocs\public_html\core\global_include.php on line 810
[2026-07-06 18:23:47] Creation of dynamic property app::$rs_offer_msg is deprecated in C:\xampp\Desktop\mdcnpal\htdocs\public_html\core\app.php on line 434
[2026-07-06 18:23:47] Creation of dynamic property app::$rs_for_doctors is deprecated in C:\xampp\Desktop\mdcnpal\htdocs\public_html\core\app.php on line 434
[2026-07-06 18:23:47] Undefined property: app::$rs_cartmini in C:\xampp\Desktop\mdcnpal\htdocs\public_html\includes\header.php on line 131
[2026-07-06 18:23:47] Undefined array key "MDRCCustID" in C:\xampp\Desktop\mdcnpal\htdocs\public_html\includes\header.php on line 134
[2026-07-06 18:23:47] Undefined property: app::$rs_cartmini in C:\xampp\Desktop\mdcnpal\htdocs\public_html\includes\header.php on line 197
[2026-07-06 18:23:47] Undefined array key "MDRCCustID" in C:\xampp\Desktop\mdcnpal\htdocs\public_html\includes\header.php on line 200
[2026-07-06 18:23:47] Undefined property: app::$rs_cartmini in C:\xampp\Desktop\mdcnpal\htdocs\public_html\includes\header.php on line 469
[2026-07-06 18:23:47] Undefined array key "MDRCCustID" in C:\xampp\Desktop\mdcnpal\htdocs\public_html\includes\header.php on line 472
[2026-07-06 18:23:47] Undefined property: app::$rs_cartmini in C:\xampp\Desktop\mdcnpal\htdocs\public_html\includes\header.php on line 525
[2026-07-06 18:23:47] Undefined array key "MDRCCustID" in C:\xampp\Desktop\mdcnpal\htdocs\public_html\includes\header.php on line 528
[2026-07-06 18:23:47] Undefined property: app::$rs_customer in C:\xampp\Desktop\mdcnpal\htdocs\public_html\includes\header.php on line 712
[2026-07-06 18:23:47] Trying to access array offset on value of type null in C:\xampp\Desktop\mdcnpal\htdocs\public_html\includes\header.php on line 712
[2026-07-06 18:23:47] Undefined property: app::$rs_customer in C:\xampp\Desktop\mdcnpal\htdocs\public_html\includes\header.php on line 721
[2026-07-06 18:23:47] Trying to access array offset on value of type null in C:\xampp\Desktop\mdcnpal\htdocs\public_html\includes\header.php on line 721
[2026-07-06 18:23:47] Undefined property: app::$rs_customer in C:\xampp\Desktop\mdcnpal\htdocs\public_html\includes\header.php on line 730
[2026-07-06 18:23:47] Trying to access array offset on value of type null in C:\xampp\Desktop\mdcnpal\htdocs\public_html\includes\header.php on line 730
[2026-07-06 18:23:47] Undefined property: app::$rs_customer in C:\xampp\Desktop\mdcnpal\htdocs\public_html\includes\header.php on line 739
[2026-07-06 18:23:47] Trying to access array offset on value of type null in C:\xampp\Desktop\mdcnpal\htdocs\public_html\includes\header.php on line 739
[2026-07-06 18:23:47] Undefined property: app::$rs_customer in C:\xampp\Desktop\mdcnpal\htdocs\public_html\includes\footer.php on line 357
[2026-07-06 18:23:47] Trying to access array offset on value of type null in C:\xampp\Desktop\mdcnpal\htdocs\public_html\includes\footer.php on line 357
[2026-07-06 18:23:47] Undefined property: app::$rs_customer in C:\xampp\Desktop\mdcnpal\htdocs\public_html\includes\footer.php on line 366
[2026-07-06 18:23:47] Trying to access array offset on value of type null in C:\xampp\Desktop\mdcnpal\htdocs\public_html\includes\footer.php on line 366
[2026-07-06 18:23:47] Undefined property: app::$rs_customer in C:\xampp\Desktop\mdcnpal\htdocs\public_html\includes\footer.php on line 372
[2026-07-06 18:23:47] Trying to access array offset on value of type null in C:\xampp\Desktop\mdcnpal\htdocs\public_html\includes\footer.php on line 372
[2026-07-06 18:23:47] Undefined property: app::$rs_customer in C:\xampp\Desktop\mdcnpal\htdocs\public_html\includes\general_data.php on line 88
[2026-07-06 18:23:47] Trying to access array offset on value of type null in C:\xampp\Desktop\mdcnpal\htdocs\public_html\includes\general_data.php on line 88
[2026-07-06 18:23:47] Undefined array key "MDRCCustID" in C:\xampp\Desktop\mdcnpal\htdocs\public_html\includes\general_data.php on line 88
[2026-07-06 18:23:47] Undefined variable $tmpStr in C:\xampp\Desktop\mdcnpal\htdocs\public_html\core\app.php on line 971
[2026-07-06 18:23:47] Creation of dynamic property dbclass::$RECORD_SET is deprecated in C:\xampp\Desktop\mdcnpal\htdocs\public_html\core\dbclass.php on line 69
[2026-07-06 18:23:47] Creation of dynamic property dbclass::$app is deprecated in C:\xampp\Desktop\mdcnpal\htdocs\public_html\core\dbclass.php on line 75
[2026-07-06 18:23:47] Creation of dynamic property model::$foreign_tables is deprecated in C:\xampp\Desktop\mdcnpal\htdocs\public_html\core\model.php on line 43
[2026-07-06 18:23:47] Creation of dynamic property app::$inputfilter is deprecated in C:\xampp\Desktop\mdcnpal\htdocs\public_html\core\app.php on line 123
[2026-07-06 18:23:47] Creation of dynamic property app::$userconfig is deprecated in C:\xampp\Desktop\mdcnpal\htdocs\public_html\core\app.php on line 124
[2026-07-06 18:23:47] Creation of dynamic property app::$global_include is deprecated in C:\xampp\Desktop\mdcnpal\htdocs\public_html\core\app.php on line 125
[2026-07-06 18:23:47] Creation of dynamic property app::$set_cache_time is deprecated in C:\xampp\Desktop\mdcnpal\htdocs\public_html\core\app.php on line 153
[2026-07-06 18:23:47] Creation of dynamic property app::$meta is deprecated in C:\xampp\Desktop\mdcnpal\htdocs\public_html\core\app.php on line 434
[2026-07-06 18:23:47] Creation of dynamic property app::$rs_gs_city is deprecated in C:\xampp\Desktop\mdcnpal\htdocs\public_html\core\app.php on line 434
[2026-07-06 18:23:47] Creation of dynamic property app::$rs_footer_popular_item is deprecated in C:\xampp\Desktop\mdcnpal\htdocs\public_html\core\app.php on line 434
[2026-07-06 18:23:47] Creation of dynamic property app::$rs_footer_popular_test is deprecated in C:\xampp\Desktop\mdcnpal\htdocs\public_html\core\app.php on line 434
[2026-07-06 18:23:47] Creation of dynamic property app::$rs_testimonial is deprecated in C:\xampp\Desktop\mdcnpal\htdocs\public_html\core\app.php on line 434
[2026-07-06 18:23:47] Creation of dynamic property app::$admin is deprecated in C:\xampp\Desktop\mdcnpal\htdocs\public_html\core\app.php on line 434
[2026-07-06 18:23:47] Undefined array key 0 in C:\xampp\Desktop\mdcnpal\htdocs\public_html\core\global_include.php on line 514
[2026-07-06 18:23:47] Creation of dynamic property app::$popup is deprecated in C:\xampp\Desktop\mdcnpal\htdocs\public_html\core\app.php on line 434
[2026-07-06 18:23:47] Undefined array key "MDRCCustID" in C:\xampp\Desktop\mdcnpal\htdocs\public_html\core\global_include.php on line 515
[2026-07-06 18:23:47] Undefined array key "MDRCToken" in C:\xampp\Desktop\mdcnpal\htdocs\public_html\core\global_include.php on line 515
[2026-07-06 18:23:48] Creation of dynamic property app::$rscategory is deprecated in C:\xampp\Desktop\mdcnpal\htdocs\public_html\core\app.php on line 434
[2026-07-06 18:23:48] Creation of dynamic property app::$rs_pages is deprecated in C:\xampp\Desktop\mdcnpal\htdocs\public_html\core\app.php on line 434
[2026-07-06 18:23:48] Creation of dynamic property app::$gs is deprecated in C:\xampp\Desktop\mdcnpal\htdocs\public_html\core\app.php on line 434
[2026-07-06 18:23:48] Undefined array key "MDRCCustID" in C:\xampp\Desktop\mdcnpal\htdocs\public_html\core\global_include.php on line 596
[2026-07-06 18:23:48] Undefined array key "MDRCCustID" in C:\xampp\Desktop\mdcnpal\htdocs\public_html\core\global_include.php on line 615
[2026-07-06 18:23:48] Undefined variable $getId in C:\xampp\Desktop\mdcnpal\htdocs\public_html\core\global_include.php on line 684
[2026-07-06 18:23:48] Undefined variable $getName in C:\xampp\Desktop\mdcnpal\htdocs\public_html\core\global_include.php on line 685
[2026-07-06 18:23:48] Undefined array key 0 in C:\xampp\Desktop\mdcnpal\htdocs\public_html\core\global_include.php on line 810
[2026-07-06 18:23:48] Creation of dynamic property app::$rs_offer_msg is deprecated in C:\xampp\Desktop\mdcnpal\htdocs\public_html\core\app.php on line 434
[2026-07-06 18:23:48] Creation of dynamic property app::$rs_for_doctors is deprecated in C:\xampp\Desktop\mdcnpal\htdocs\public_html\core\app.php on line 434
[2026-07-06 18:23:48] Undefined property: app::$rs_cartmini in C:\xampp\Desktop\mdcnpal\htdocs\public_html\includes\header.php on line 131
[2026-07-06 18:23:48] Undefined array key "MDRCCustID" in C:\xampp\Desktop\mdcnpal\htdocs\public_html\includes\header.php on line 134
[2026-07-06 18:23:48] Undefined property: app::$rs_cartmini in C:\xampp\Desktop\mdcnpal\htdocs\public_html\includes\header.php on line 197
[2026-07-06 18:23:48] Undefined array key "MDRCCustID" in C:\xampp\Desktop\mdcnpal\htdocs\public_html\includes\header.php on line 200
[2026-07-06 18:23:48] Undefined property: app::$rs_cartmini in C:\xampp\Desktop\mdcnpal\htdocs\public_html\includes\header.php on line 469
[2026-07-06 18:23:48] Undefined array key "MDRCCustID" in C:\xampp\Desktop\mdcnpal\htdocs\public_html\includes\header.php on line 472
[2026-07-06 18:23:48] Undefined property: app::$rs_cartmini in C:\xampp\Desktop\mdcnpal\htdocs\public_html\includes\header.php on line 525
[2026-07-06 18:23:48] Undefined array key "MDRCCustID" in C:\xampp\Desktop\mdcnpal\htdocs\public_html\includes\header.php on line 528
[2026-07-06 18:23:48] Undefined property: app::$rs_customer in C:\xampp\Desktop\mdcnpal\htdocs\public_html\includes\header.php on line 712
[2026-07-06 18:23:48] Trying to access array offset on value of type null in C:\xampp\Desktop\mdcnpal\htdocs\public_html\includes\header.php on line 712
[2026-07-06 18:23:48] Undefined property: app::$rs_customer in C:\xampp\Desktop\mdcnpal\htdocs\public_html\includes\header.php on line 721
[2026-07-06 18:23:48] Trying to access array offset on value of type null in C:\xampp\Desktop\mdcnpal\htdocs\public_html\includes\header.php on line 721
[2026-07-06 18:23:48] Undefined property: app::$rs_customer in C:\xampp\Desktop\mdcnpal\htdocs\public_html\includes\header.php on line 730
[2026-07-06 18:23:48] Trying to access array offset on value of type null in C:\xampp\Desktop\mdcnpal\htdocs\public_html\includes\header.php on line 730
[2026-07-06 18:23:48] Undefined property: app::$rs_customer in C:\xampp\Desktop\mdcnpal\htdocs\public_html\includes\header.php on line 739
[2026-07-06 18:23:48] Trying to access array offset on value of type null in C:\xampp\Desktop\mdcnpal\htdocs\public_html\includes\header.php on line 739
[2026-07-06 18:23:48] Undefined property: app::$rs_customer in C:\xampp\Desktop\mdcnpal\htdocs\public_html\includes\footer.php on line 357
[2026-07-06 18:23:48] Trying to access array offset on value of type null in C:\xampp\Desktop\mdcnpal\htdocs\public_html\includes\footer.php on line 357
[2026-07-06 18:23:48] Undefined property: app::$rs_customer in C:\xampp\Desktop\mdcnpal\htdocs\public_html\includes\footer.php on line 366
[2026-07-06 18:23:48] Trying to access array offset on value of type null in C:\xampp\Desktop\mdcnpal\htdocs\public_html\includes\footer.php on line 366
[2026-07-06 18:23:48] Undefined property: app::$rs_customer in C:\xampp\Desktop\mdcnpal\htdocs\public_html\includes\footer.php on line 372
[2026-07-06 18:23:48] Trying to access array offset on value of type null in C:\xampp\Desktop\mdcnpal\htdocs\public_html\includes\footer.php on line 372
[2026-07-06 18:23:48] Undefined property: app::$rs_customer in C:\xampp\Desktop\mdcnpal\htdocs\public_html\includes\general_data.php on line 88
[2026-07-06 18:23:48] Trying to access array offset on value of type null in C:\xampp\Desktop\mdcnpal\htdocs\public_html\includes\general_data.php on line 88
[2026-07-06 18:23:48] Undefined array key "MDRCCustID" in C:\xampp\Desktop\mdcnpal\htdocs\public_html\includes\general_data.php on line 88
[2026-07-06 18:23:48] Undefined variable $tmpStr in C:\xampp\Desktop\mdcnpal\htdocs\public_html\core\app.php on line 971
[2026-07-06 18:23:48] Creation of dynamic property dbclass::$RECORD_SET is deprecated in C:\xampp\Desktop\mdcnpal\htdocs\public_html\core\dbclass.php on line 69
[2026-07-06 18:23:48] Creation of dynamic property dbclass::$app is deprecated in C:\xampp\Desktop\mdcnpal\htdocs\public_html\core\dbclass.php on line 75
[2026-07-06 18:23:48] Creation of dynamic property model::$foreign_tables is deprecated in C:\xampp\Desktop\mdcnpal\htdocs\public_html\core\model.php on line 43
[2026-07-06 18:23:48] Creation of dynamic property app::$inputfilter is deprecated in C:\xampp\Desktop\mdcnpal\htdocs\public_html\core\app.php on line 123
[2026-07-06 18:23:48] Creation of dynamic property app::$userconfig is deprecated in C:\xampp\Desktop\mdcnpal\htdocs\public_html\core\app.php on line 124
[2026-07-06 18:23:48] Creation of dynamic property app::$global_include is deprecated in C:\xampp\Desktop\mdcnpal\htdocs\public_html\core\app.php on line 125
[2026-07-06 18:23:48] Creation of dynamic property app::$set_cache_time is deprecated in C:\xampp\Desktop\mdcnpal\htdocs\public_html\core\app.php on line 153
[2026-07-06 18:23:48] Creation of dynamic property app::$meta is deprecated in C:\xampp\Desktop\mdcnpal\htdocs\public_html\core\app.php on line 434
[2026-07-06 18:23:48] Creation of dynamic property app::$rs_gs_city is deprecated in C:\xampp\Desktop\mdcnpal\htdocs\public_html\core\app.php on line 434
[2026-07-06 18:23:48] Creation of dynamic property app::$rs_footer_popular_item is deprecated in C:\xampp\Desktop\mdcnpal\htdocs\public_html\core\app.php on line 434
[2026-07-06 18:23:49] Creation of dynamic property app::$rs_footer_popular_test is deprecated in C:\xampp\Desktop\mdcnpal\htdocs\public_html\core\app.php on line 434
[2026-07-06 18:23:49] Creation of dynamic property app::$rs_testimonial is deprecated in C:\xampp\Desktop\mdcnpal\htdocs\public_html\core\app.php on line 434
[2026-07-06 18:23:49] Creation of dynamic property app::$admin is deprecated in C:\xampp\Desktop\mdcnpal\htdocs\public_html\core\app.php on line 434
[2026-07-06 18:23:49] Undefined array key 0 in C:\xampp\Desktop\mdcnpal\htdocs\public_html\core\global_include.php on line 514
[2026-07-06 18:23:49] Creation of dynamic property app::$popup is deprecated in C:\xampp\Desktop\mdcnpal\htdocs\public_html\core\app.php on line 434
[2026-07-06 18:23:49] Undefined array key "MDRCCustID" in C:\xampp\Desktop\mdcnpal\htdocs\public_html\core\global_include.php on line 515
[2026-07-06 18:23:49] Undefined array key "MDRCToken" in C:\xampp\Desktop\mdcnpal\htdocs\public_html\core\global_include.php on line 515
[2026-07-06 18:23:49] Creation of dynamic property app::$rscategory is deprecated in C:\xampp\Desktop\mdcnpal\htdocs\public_html\core\app.php on line 434
[2026-07-06 18:23:49] Creation of dynamic property app::$rs_pages is deprecated in C:\xampp\Desktop\mdcnpal\htdocs\public_html\core\app.php on line 434
[2026-07-06 18:23:49] Creation of dynamic property app::$gs is deprecated in C:\xampp\Desktop\mdcnpal\htdocs\public_html\core\app.php on line 434
[2026-07-06 18:23:49] Undefined array key "MDRCCustID" in C:\xampp\Desktop\mdcnpal\htdocs\public_html\core\global_include.php on line 596
[2026-07-06 18:23:49] Undefined array key "MDRCCustID" in C:\xampp\Desktop\mdcnpal\htdocs\public_html\core\global_include.php on line 615
[2026-07-06 18:23:49] Undefined variable $getId in C:\xampp\Desktop\mdcnpal\htdocs\public_html\core\global_include.php on line 684
[2026-07-06 18:23:49] Undefined variable $getName in C:\xampp\Desktop\mdcnpal\htdocs\public_html\core\global_include.php on line 685
[2026-07-06 18:23:49] Undefined array key 0 in C:\xampp\Desktop\mdcnpal\htdocs\public_html\core\global_include.php on line 810
[2026-07-06 18:23:49] Creation of dynamic property app::$rs_offer_msg is deprecated in C:\xampp\Desktop\mdcnpal\htdocs\public_html\core\app.php on line 434
[2026-07-06 18:23:49] Creation of dynamic property app::$rs_for_doctors is deprecated in C:\xampp\Desktop\mdcnpal\htdocs\public_html\core\app.php on line 434
[2026-07-06 18:23:49] Undefined property: app::$rs_cartmini in C:\xampp\Desktop\mdcnpal\htdocs\public_html\includes\header.php on line 131
[2026-07-06 18:23:49] Undefined array key "MDRCCustID" in C:\xampp\Desktop\mdcnpal\htdocs\public_html\includes\header.php on line 134
[2026-07-06 18:23:49] Undefined property: app::$rs_cartmini in C:\xampp\Desktop\mdcnpal\htdocs\public_html\includes\header.php on line 197
[2026-07-06 18:23:49] Undefined array key "MDRCCustID" in C:\xampp\Desktop\mdcnpal\htdocs\public_html\includes\header.php on line 200
[2026-07-06 18:23:49] Undefined property: app::$rs_cartmini in C:\xampp\Desktop\mdcnpal\htdocs\public_html\includes\header.php on line 469
[2026-07-06 18:23:49] Undefined array key "MDRCCustID" in C:\xampp\Desktop\mdcnpal\htdocs\public_html\includes\header.php on line 472
[2026-07-06 18:23:49] Undefined property: app::$rs_cartmini in C:\xampp\Desktop\mdcnpal\htdocs\public_html\includes\header.php on line 525
[2026-07-06 18:23:49] Undefined array key "MDRCCustID" in C:\xampp\Desktop\mdcnpal\htdocs\public_html\includes\header.php on line 528
[2026-07-06 18:23:49] Undefined property: app::$rs_customer in C:\xampp\Desktop\mdcnpal\htdocs\public_html\includes\header.php on line 712
[2026-07-06 18:23:49] Trying to access array offset on value of type null in C:\xampp\Desktop\mdcnpal\htdocs\public_html\includes\header.php on line 712
[2026-07-06 18:23:49] Undefined property: app::$rs_customer in C:\xampp\Desktop\mdcnpal\htdocs\public_html\includes\header.php on line 721
[2026-07-06 18:23:49] Trying to access array offset on value of type null in C:\xampp\Desktop\mdcnpal\htdocs\public_html\includes\header.php on line 721
[2026-07-06 18:23:49] Undefined property: app::$rs_customer in C:\xampp\Desktop\mdcnpal\htdocs\public_html\includes\header.php on line 730
[2026-07-06 18:23:49] Trying to access array offset on value of type null in C:\xampp\Desktop\mdcnpal\htdocs\public_html\includes\header.php on line 730
[2026-07-06 18:23:49] Undefined property: app::$rs_customer in C:\xampp\Desktop\mdcnpal\htdocs\public_html\includes\header.php on line 739
[2026-07-06 18:23:49] Trying to access array offset on value of type null in C:\xampp\Desktop\mdcnpal\htdocs\public_html\includes\header.php on line 739
[2026-07-06 18:23:49] Undefined property: app::$rs_customer in C:\xampp\Desktop\mdcnpal\htdocs\public_html\includes\footer.php on line 357
[2026-07-06 18:23:49] Trying to access array offset on value of type null in C:\xampp\Desktop\mdcnpal\htdocs\public_html\includes\footer.php on line 357
[2026-07-06 18:23:49] Undefined property: app::$rs_customer in C:\xampp\Desktop\mdcnpal\htdocs\public_html\includes\footer.php on line 366
[2026-07-06 18:23:49] Trying to access array offset on value of type null in C:\xampp\Desktop\mdcnpal\htdocs\public_html\includes\footer.php on line 366
[2026-07-06 18:23:49] Undefined property: app::$rs_customer in C:\xampp\Desktop\mdcnpal\htdocs\public_html\includes\footer.php on line 372
[2026-07-06 18:23:49] Trying to access array offset on value of type null in C:\xampp\Desktop\mdcnpal\htdocs\public_html\includes\footer.php on line 372
[2026-07-06 18:23:49] Undefined property: app::$rs_customer in C:\xampp\Desktop\mdcnpal\htdocs\public_html\includes\general_data.php on line 88
[2026-07-06 18:23:49] Trying to access array offset on value of type null in C:\xampp\Desktop\mdcnpal\htdocs\public_html\includes\general_data.php on line 88
[2026-07-06 18:23:49] Undefined array key "MDRCCustID" in C:\xampp\Desktop\mdcnpal\htdocs\public_html\includes\general_data.php on line 88
[2026-07-06 18:23:49] Undefined variable $tmpStr in C:\xampp\Desktop\mdcnpal\htdocs\public_html\core\app.php on line 971
[2026-07-06 18:23:49] Creation of dynamic property dbclass::$RECORD_SET is deprecated in C:\xampp\Desktop\mdcnpal\htdocs\public_html\core\dbclass.php on line 69
[2026-07-06 18:23:49] Creation of dynamic property dbclass::$app is deprecated in C:\xampp\Desktop\mdcnpal\htdocs\public_html\core\dbclass.php on line 75
[2026-07-06 18:23:49] Creation of dynamic property model::$foreign_tables is deprecated in C:\xampp\Desktop\mdcnpal\htdocs\public_html\core\model.php on line 43
[2026-07-06 18:23:49] Creation of dynamic property app::$inputfilter is deprecated in C:\xampp\Desktop\mdcnpal\htdocs\public_html\core\app.php on line 123
[2026-07-06 18:23:49] Creation of dynamic property app::$userconfig is deprecated in C:\xampp\Desktop\mdcnpal\htdocs\public_html\core\app.php on line 124
[2026-07-06 18:23:49] Creation of dynamic property app::$global_include is deprecated in C:\xampp\Desktop\mdcnpal\htdocs\public_html\core\app.php on line 125
[2026-07-06 18:23:49] Creation of dynamic property app::$set_cache_time is deprecated in C:\xampp\Desktop\mdcnpal\htdocs\public_html\core\app.php on line 153
[2026-07-06 18:23:49] Creation of dynamic property app::$meta is deprecated in C:\xampp\Desktop\mdcnpal\htdocs\public_html\core\app.php on line 434
[2026-07-06 18:23:49] Creation of dynamic property app::$rs_gs_city is deprecated in C:\xampp\Desktop\mdcnpal\htdocs\public_html\core\app.php on line 434
[2026-07-06 18:23:49] Creation of dynamic property app::$rs_footer_popular_item is deprecated in C:\xampp\Desktop\mdcnpal\htdocs\public_html\core\app.php on line 434
[2026-07-06 18:23:49] Creation of dynamic property app::$rs_footer_popular_test is deprecated in C:\xampp\Desktop\mdcnpal\htdocs\public_html\core\app.php on line 434
[2026-07-06 18:23:49] Creation of dynamic property app::$rs_testimonial is deprecated in C:\xampp\Desktop\mdcnpal\htdocs\public_html\core\app.php on line 434
[2026-07-06 18:23:49] Creation of dynamic property app::$admin is deprecated in C:\xampp\Desktop\mdcnpal\htdocs\public_html\core\app.php on line 434
[2026-07-06 18:23:49] Undefined array key 0 in C:\xampp\Desktop\mdcnpal\htdocs\public_html\core\global_include.php on line 514
[2026-07-06 18:23:49] Creation of dynamic property app::$popup is deprecated in C:\xampp\Desktop\mdcnpal\htdocs\public_html\core\app.php on line 434
[2026-07-06 18:23:49] Undefined array key "MDRCCustID" in C:\xampp\Desktop\mdcnpal\htdocs\public_html\core\global_include.php on line 515
[2026-07-06 18:23:49] Undefined array key "MDRCToken" in C:\xampp\Desktop\mdcnpal\htdocs\public_html\core\global_include.php on line 515
[2026-07-06 18:23:49] Creation of dynamic property app::$rscategory is deprecated in C:\xampp\Desktop\mdcnpal\htdocs\public_html\core\app.php on line 434
[2026-07-06 18:23:49] Creation of dynamic property app::$rs_pages is deprecated in C:\xampp\Desktop\mdcnpal\htdocs\public_html\core\app.php on line 434
[2026-07-06 18:23:49] Creation of dynamic property app::$gs is deprecated in C:\xampp\Desktop\mdcnpal\htdocs\public_html\core\app.php on line 434
[2026-07-06 18:23:49] Undefined array key "MDRCCustID" in C:\xampp\Desktop\mdcnpal\htdocs\public_html\core\global_include.php on line 596
[2026-07-06 18:23:49] Undefined array key "MDRCCustID" in C:\xampp\Desktop\mdcnpal\htdocs\public_html\core\global_include.php on line 615
[2026-07-06 18:23:49] Undefined variable $getId in C:\xampp\Desktop\mdcnpal\htdocs\public_html\core\global_include.php on line 684
[2026-07-06 18:23:49] Undefined variable $getName in C:\xampp\Desktop\mdcnpal\htdocs\public_html\core\global_include.php on line 685
[2026-07-06 18:23:49] Undefined array key 0 in C:\xampp\Desktop\mdcnpal\htdocs\public_html\core\global_include.php on line 810
[2026-07-06 18:23:49] Creation of dynamic property app::$rs_offer_msg is deprecated in C:\xampp\Desktop\mdcnpal\htdocs\public_html\core\app.php on line 434
[2026-07-06 18:23:49] Creation of dynamic property app::$rs_for_doctors is deprecated in C:\xampp\Desktop\mdcnpal\htdocs\public_html\core\app.php on line 434
[2026-07-06 18:23:49] Undefined property: app::$rs_cartmini in C:\xampp\Desktop\mdcnpal\htdocs\public_html\includes\header.php on line 131
[2026-07-06 18:23:49] Undefined array key "MDRCCustID" in C:\xampp\Desktop\mdcnpal\htdocs\public_html\includes\header.php on line 134
[2026-07-06 18:23:49] Undefined property: app::$rs_cartmini in C:\xampp\Desktop\mdcnpal\htdocs\public_html\includes\header.php on line 197
[2026-07-06 18:23:49] Undefined array key "MDRCCustID" in C:\xampp\Desktop\mdcnpal\htdocs\public_html\includes\header.php on line 200
[2026-07-06 18:23:49] Undefined property: app::$rs_cartmini in C:\xampp\Desktop\mdcnpal\htdocs\public_html\includes\header.php on line 469
[2026-07-06 18:23:49] Undefined array key "MDRCCustID" in C:\xampp\Desktop\mdcnpal\htdocs\public_html\includes\header.php on line 472
[2026-07-06 18:23:49] Undefined property: app::$rs_cartmini in C:\xampp\Desktop\mdcnpal\htdocs\public_html\includes\header.php on line 525
[2026-07-06 18:23:49] Undefined array key "MDRCCustID" in C:\xampp\Desktop\mdcnpal\htdocs\public_html\includes\header.php on line 528
[2026-07-06 18:23:49] Undefined property: app::$rs_customer in C:\xampp\Desktop\mdcnpal\htdocs\public_html\includes\header.php on line 712
[2026-07-06 18:23:49] Trying to access array offset on value of type null in C:\xampp\Desktop\mdcnpal\htdocs\public_html\includes\header.php on line 712
[2026-07-06 18:23:49] Undefined property: app::$rs_customer in C:\xampp\Desktop\mdcnpal\htdocs\public_html\includes\header.php on line 721
[2026-07-06 18:23:49] Trying to access array offset on value of type null in C:\xampp\Desktop\mdcnpal\htdocs\public_html\includes\header.php on line 721
[2026-07-06 18:23:49] Undefined property: app::$rs_customer in C:\xampp\Desktop\mdcnpal\htdocs\public_html\includes\header.php on line 730
[2026-07-06 18:23:49] Trying to access array offset on value of type null in C:\xampp\Desktop\mdcnpal\htdocs\public_html\includes\header.php on line 730
[2026-07-06 18:23:49] Undefined property: app::$rs_customer in C:\xampp\Desktop\mdcnpal\htdocs\public_html\includes\header.php on line 739
[2026-07-06 18:23:49] Trying to access array offset on value of type null in C:\xampp\Desktop\mdcnpal\htdocs\public_html\includes\header.php on line 739
[2026-07-06 18:23:49] Undefined property: app::$rs_customer in C:\xampp\Desktop\mdcnpal\htdocs\public_html\includes\footer.php on line 357
[2026-07-06 18:23:49] Trying to access array offset on value of type null in C:\xampp\Desktop\mdcnpal\htdocs\public_html\includes\footer.php on line 357
[2026-07-06 18:23:49] Undefined property: app::$rs_customer in C:\xampp\Desktop\mdcnpal\htdocs\public_html\includes\footer.php on line 366
[2026-07-06 18:23:49] Trying to access array offset on value of type null in C:\xampp\Desktop\mdcnpal\htdocs\public_html\includes\footer.php on line 366
[2026-07-06 18:23:49] Undefined property: app::$rs_customer in C:\xampp\Desktop\mdcnpal\htdocs\public_html\includes\footer.php on line 372
[2026-07-06 18:23:49] Trying to access array offset on value of type null in C:\xampp\Desktop\mdcnpal\htdocs\public_html\includes\footer.php on line 372
[2026-07-06 18:23:49] Undefined property: app::$rs_customer in C:\xampp\Desktop\mdcnpal\htdocs\public_html\includes\general_data.php on line 88
[2026-07-06 18:23:49] Trying to access array offset on value of type null in C:\xampp\Desktop\mdcnpal\htdocs\public_html\includes\general_data.php on line 88
[2026-07-06 18:23:49] Undefined array key "MDRCCustID" in C:\xampp\Desktop\mdcnpal\htdocs\public_html\includes\general_data.php on line 88
[2026-07-06 18:23:49] Undefined variable $tmpStr in C:\xampp\Desktop\mdcnpal\htdocs\public_html\core\app.php on line 971
[2026-07-06 18:23:49] Creation of dynamic property dbclass::$RECORD_SET is deprecated in C:\xampp\Desktop\mdcnpal\htdocs\public_html\core\dbclass.php on line 69
[2026-07-06 18:23:49] Creation of dynamic property dbclass::$app is deprecated in C:\xampp\Desktop\mdcnpal\htdocs\public_html\core\dbclass.php on line 75
[2026-07-06 18:23:49] Creation of dynamic property model::$foreign_tables is deprecated in C:\xampp\Desktop\mdcnpal\htdocs\public_html\core\model.php on line 43
[2026-07-06 18:23:49] Creation of dynamic property app::$inputfilter is deprecated in C:\xampp\Desktop\mdcnpal\htdocs\public_html\core\app.php on line 123
[2026-07-06 18:23:49] Creation of dynamic property app::$userconfig is deprecated in C:\xampp\Desktop\mdcnpal\htdocs\public_html\core\app.php on line 124
[2026-07-06 18:23:49] Creation of dynamic property app::$global_include is deprecated in C:\xampp\Desktop\mdcnpal\htdocs\public_html\core\app.php on line 125
[2026-07-06 18:23:49] Creation of dynamic property app::$set_cache_time is deprecated in C:\xampp\Desktop\mdcnpal\htdocs\public_html\core\app.php on line 153
[2026-07-06 18:23:49] Creation of dynamic property app::$meta is deprecated in C:\xampp\Desktop\mdcnpal\htdocs\public_html\core\app.php on line 434
[2026-07-06 18:23:49] Creation of dynamic property app::$rs_gs_city is deprecated in C:\xampp\Desktop\mdcnpal\htdocs\public_html\core\app.php on line 434
[2026-07-06 18:23:49] Creation of dynamic property app::$rs_footer_popular_item is deprecated in C:\xampp\Desktop\mdcnpal\htdocs\public_html\core\app.php on line 434
[2026-07-06 18:23:49] Creation of dynamic property app::$rs_footer_popular_test is deprecated in C:\xampp\Desktop\mdcnpal\htdocs\public_html\core\app.php on line 434
[2026-07-06 18:23:49] Creation of dynamic property app::$rs_testimonial is deprecated in C:\xampp\Desktop\mdcnpal\htdocs\public_html\core\app.php on line 434
[2026-07-06 18:23:49] Creation of dynamic property app::$admin is deprecated in C:\xampp\Desktop\mdcnpal\htdocs\public_html\core\app.php on line 434
[2026-07-06 18:23:49] Undefined array key 0 in C:\xampp\Desktop\mdcnpal\htdocs\public_html\core\global_include.php on line 514
[2026-07-06 18:23:49] Creation of dynamic property app::$popup is deprecated in C:\xampp\Desktop\mdcnpal\htdocs\public_html\core\app.php on line 434
[2026-07-06 18:23:49] Undefined array key "MDRCCustID" in C:\xampp\Desktop\mdcnpal\htdocs\public_html\core\global_include.php on line 515
[2026-07-06 18:23:49] Undefined array key "MDRCToken" in C:\xampp\Desktop\mdcnpal\htdocs\public_html\core\global_include.php on line 515
[2026-07-06 18:23:49] Creation of dynamic property app::$rscategory is deprecated in C:\xampp\Desktop\mdcnpal\htdocs\public_html\core\app.php on line 434
[2026-07-06 18:23:49] Creation of dynamic property app::$rs_pages is deprecated in C:\xampp\Desktop\mdcnpal\htdocs\public_html\core\app.php on line 434
[2026-07-06 18:23:49] Creation of dynamic property app::$gs is deprecated in C:\xampp\Desktop\mdcnpal\htdocs\public_html\core\app.php on line 434
[2026-07-06 18:23:49] Undefined array key "MDRCCustID" in C:\xampp\Desktop\mdcnpal\htdocs\public_html\core\global_include.php on line 596
[2026-07-06 18:23:49] Undefined array key "MDRCCustID" in C:\xampp\Desktop\mdcnpal\htdocs\public_html\core\global_include.php on line 615
[2026-07-06 18:23:49] Undefined variable $getId in C:\xampp\Desktop\mdcnpal\htdocs\public_html\core\global_include.php on line 684
[2026-07-06 18:23:49] Undefined variable $getName in C:\xampp\Desktop\mdcnpal\htdocs\public_html\core\global_include.php on line 685
[2026-07-06 18:23:49] Undefined array key 0 in C:\xampp\Desktop\mdcnpal\htdocs\public_html\core\global_include.php on line 810
[2026-07-06 18:23:49] Creation of dynamic property app::$rs_offer_msg is deprecated in C:\xampp\Desktop\mdcnpal\htdocs\public_html\core\app.php on line 434
[2026-07-06 18:23:49] Creation of dynamic property app::$rs_for_doctors is deprecated in C:\xampp\Desktop\mdcnpal\htdocs\public_html\core\app.php on line 434
[2026-07-06 18:23:49] Undefined property: app::$rs_cartmini in C:\xampp\Desktop\mdcnpal\htdocs\public_html\includes\header.php on line 131
[2026-07-06 18:23:49] Undefined array key "MDRCCustID" in C:\xampp\Desktop\mdcnpal\htdocs\public_html\includes\header.php on line 134
[2026-07-06 18:23:49] Undefined property: app::$rs_cartmini in C:\xampp\Desktop\mdcnpal\htdocs\public_html\includes\header.php on line 197
[2026-07-06 18:23:49] Undefined array key "MDRCCustID" in C:\xampp\Desktop\mdcnpal\htdocs\public_html\includes\header.php on line 200
[2026-07-06 18:23:49] Undefined property: app::$rs_cartmini in C:\xampp\Desktop\mdcnpal\htdocs\public_html\includes\header.php on line 469
[2026-07-06 18:23:49] Undefined array key "MDRCCustID" in C:\xampp\Desktop\mdcnpal\htdocs\public_html\includes\header.php on line 472
[2026-07-06 18:23:49] Undefined property: app::$rs_cartmini in C:\xampp\Desktop\mdcnpal\htdocs\public_html\includes\header.php on line 525
[2026-07-06 18:23:49] Undefined array key "MDRCCustID" in C:\xampp\Desktop\mdcnpal\htdocs\public_html\includes\header.php on line 528
[2026-07-06 18:23:49] Undefined property: app::$rs_customer in C:\xampp\Desktop\mdcnpal\htdocs\public_html\includes\header.php on line 712
[2026-07-06 18:23:49] Trying to access array offset on value of type null in C:\xampp\Desktop\mdcnpal\htdocs\public_html\includes\header.php on line 712
[2026-07-06 18:23:49] Undefined property: app::$rs_customer in C:\xampp\Desktop\mdcnpal\htdocs\public_html\includes\header.php on line 721
[2026-07-06 18:23:49] Trying to access array offset on value of type null in C:\xampp\Desktop\mdcnpal\htdocs\public_html\includes\header.php on line 721
[2026-07-06 18:23:49] Undefined property: app::$rs_customer in C:\xampp\Desktop\mdcnpal\htdocs\public_html\includes\header.php on line 730
[2026-07-06 18:23:49] Trying to access array offset on value of type null in C:\xampp\Desktop\mdcnpal\htdocs\public_html\includes\header.php on line 730
[2026-07-06 18:23:49] Undefined property: app::$rs_customer in C:\xampp\Desktop\mdcnpal\htdocs\public_html\includes\header.php on line 739
[2026-07-06 18:23:49] Trying to access array offset on value of type null in C:\xampp\Desktop\mdcnpal\htdocs\public_html\includes\header.php on line 739
[2026-07-06 18:23:49] Undefined property: app::$rs_cartmini in C:\xampp\Desktop\mdcnpal\htdocs\public_html\core\app.php(565) : eval()'d code on line 66
[06-Jul-2026 18:23:49 Asia/Kathmandu] PHP Fatal error:  Uncaught TypeError: count(): Argument #1 ($value) must be of type Countable|array, null given in C:\xampp\Desktop\mdcnpal\htdocs\public_html\core\app.php(565) : eval()'d code:66
Stack trace:
#0 C:\xampp\Desktop\mdcnpal\htdocs\public_html\core\app.php(565): eval()
#1 C:\xampp\Desktop\mdcnpal\htdocs\public_html\core\app.php(535): app->compile()
#2 C:\xampp\Desktop\mdcnpal\htdocs\public_html\core\app.php(516): app->package()
#3 C:\xampp\Desktop\mdcnpal\htdocs\public_html\index.php(6): app->execute()
#4 {main}
  thrown in C:\xampp\Desktop\mdcnpal\htdocs\public_html\core\app.php(565) : eval()'d code on line 66
[2026-07-06 18:23:50] Creation of dynamic property dbclass::$RECORD_SET is deprecated in C:\xampp\Desktop\mdcnpal\htdocs\public_html\core\dbclass.php on line 69
[2026-07-06 18:23:50] Creation of dynamic property dbclass::$app is deprecated in C:\xampp\Desktop\mdcnpal\htdocs\public_html\core\dbclass.php on line 75
[2026-07-06 18:23:50] Creation of dynamic property model::$foreign_tables is deprecated in C:\xampp\Desktop\mdcnpal\htdocs\public_html\core\model.php on line 43
[2026-07-06 18:23:50] Creation of dynamic property app::$inputfilter is deprecated in C:\xampp\Desktop\mdcnpal\htdocs\public_html\core\app.php on line 123
[2026-07-06 18:23:50] Creation of dynamic property app::$userconfig is deprecated in C:\xampp\Desktop\mdcnpal\htdocs\public_html\core\app.php on line 124
[2026-07-06 18:23:50] Creation of dynamic property app::$global_include is deprecated in C:\xampp\Desktop\mdcnpal\htdocs\public_html\core\app.php on line 125
[2026-07-06 18:23:50] Creation of dynamic property app::$set_cache_time is deprecated in C:\xampp\Desktop\mdcnpal\htdocs\public_html\core\app.php on line 153
[2026-07-06 18:23:50] Creation of dynamic property app::$meta is deprecated in C:\xampp\Desktop\mdcnpal\htdocs\public_html\core\app.php on line 434
[2026-07-06 18:23:50] Creation of dynamic property app::$rs_gs_city is deprecated in C:\xampp\Desktop\mdcnpal\htdocs\public_html\core\app.php on line 434
[2026-07-06 18:23:50] Creation of dynamic property app::$rs_footer_popular_item is deprecated in C:\xampp\Desktop\mdcnpal\htdocs\public_html\core\app.php on line 434
[2026-07-06 18:23:50] Creation of dynamic property app::$rs_footer_popular_test is deprecated in C:\xampp\Desktop\mdcnpal\htdocs\public_html\core\app.php on line 434
[2026-07-06 18:23:50] Creation of dynamic property app::$rs_testimonial is deprecated in C:\xampp\Desktop\mdcnpal\htdocs\public_html\core\app.php on line 434
[2026-07-06 18:23:50] Creation of dynamic property app::$admin is deprecated in C:\xampp\Desktop\mdcnpal\htdocs\public_html\core\app.php on line 434
[2026-07-06 18:23:50] Undefined array key 0 in C:\xampp\Desktop\mdcnpal\htdocs\public_html\core\global_include.php on line 514
[2026-07-06 18:23:50] Creation of dynamic property app::$popup is deprecated in C:\xampp\Desktop\mdcnpal\htdocs\public_html\core\app.php on line 434
[2026-07-06 18:23:50] Undefined array key "MDRCCustID" in C:\xampp\Desktop\mdcnpal\htdocs\public_html\core\global_include.php on line 515
[2026-07-06 18:23:50] Undefined array key "MDRCToken" in C:\xampp\Desktop\mdcnpal\htdocs\public_html\core\global_include.php on line 515
[2026-07-06 18:23:50] Creation of dynamic property app::$rscategory is deprecated in C:\xampp\Desktop\mdcnpal\htdocs\public_html\core\app.php on line 434
[2026-07-06 18:23:50] Creation of dynamic property app::$rs_pages is deprecated in C:\xampp\Desktop\mdcnpal\htdocs\public_html\core\app.php on line 434
[2026-07-06 18:23:50] Creation of dynamic property app::$gs is deprecated in C:\xampp\Desktop\mdcnpal\htdocs\public_html\core\app.php on line 434
[2026-07-06 18:23:50] Undefined array key "MDRCCustID" in C:\xampp\Desktop\mdcnpal\htdocs\public_html\core\global_include.php on line 596
[2026-07-06 18:23:50] Undefined array key "MDRCCustID" in C:\xampp\Desktop\mdcnpal\htdocs\public_html\core\global_include.php on line 615
[2026-07-06 18:23:50] Undefined variable $getId in C:\xampp\Desktop\mdcnpal\htdocs\public_html\core\global_include.php on line 684
[2026-07-06 18:23:50] Undefined variable $getName in C:\xampp\Desktop\mdcnpal\htdocs\public_html\core\global_include.php on line 685
[2026-07-06 18:23:50] Undefined array key 0 in C:\xampp\Desktop\mdcnpal\htdocs\public_html\core\global_include.php on line 810
[2026-07-06 18:23:50] Creation of dynamic property app::$rs_offer_msg is deprecated in C:\xampp\Desktop\mdcnpal\htdocs\public_html\core\app.php on line 434
[2026-07-06 18:23:50] Creation of dynamic property app::$rs_for_doctors is deprecated in C:\xampp\Desktop\mdcnpal\htdocs\public_html\core\app.php on line 434
[2026-07-06 18:23:50] Undefined property: app::$rs_cartmini in C:\xampp\Desktop\mdcnpal\htdocs\public_html\includes\header.php on line 131
[2026-07-06 18:23:50] Undefined array key "MDRCCustID" in C:\xampp\Desktop\mdcnpal\htdocs\public_html\includes\header.php on line 134
[2026-07-06 18:23:50] Undefined property: app::$rs_cartmini in C:\xampp\Desktop\mdcnpal\htdocs\public_html\includes\header.php on line 197
[2026-07-06 18:23:50] Undefined array key "MDRCCustID" in C:\xampp\Desktop\mdcnpal\htdocs\public_html\includes\header.php on line 200
[2026-07-06 18:23:50] Undefined property: app::$rs_cartmini in C:\xampp\Desktop\mdcnpal\htdocs\public_html\includes\header.php on line 469
[2026-07-06 18:23:50] Undefined array key "MDRCCustID" in C:\xampp\Desktop\mdcnpal\htdocs\public_html\includes\header.php on line 472
[2026-07-06 18:23:50] Undefined property: app::$rs_cartmini in C:\xampp\Desktop\mdcnpal\htdocs\public_html\includes\header.php on line 525
[2026-07-06 18:23:50] Undefined array key "MDRCCustID" in C:\xampp\Desktop\mdcnpal\htdocs\public_html\includes\header.php on line 528
[2026-07-06 18:23:50] Undefined property: app::$rs_customer in C:\xampp\Desktop\mdcnpal\htdocs\public_html\includes\header.php on line 712
[2026-07-06 18:23:50] Trying to access array offset on value of type null in C:\xampp\Desktop\mdcnpal\htdocs\public_html\includes\header.php on line 712
[2026-07-06 18:23:50] Undefined property: app::$rs_customer in C:\xampp\Desktop\mdcnpal\htdocs\public_html\includes\header.php on line 721
[2026-07-06 18:23:50] Trying to access array offset on value of type null in C:\xampp\Desktop\mdcnpal\htdocs\public_html\includes\header.php on line 721
[2026-07-06 18:23:50] Undefined property: app::$rs_customer in C:\xampp\Desktop\mdcnpal\htdocs\public_html\includes\header.php on line 730
[2026-07-06 18:23:50] Trying to access array offset on value of type null in C:\xampp\Desktop\mdcnpal\htdocs\public_html\includes\header.php on line 730
[2026-07-06 18:23:50] Undefined property: app::$rs_customer in C:\xampp\Desktop\mdcnpal\htdocs\public_html\includes\header.php on line 739
[2026-07-06 18:23:50] Trying to access array offset on value of type null in C:\xampp\Desktop\mdcnpal\htdocs\public_html\includes\header.php on line 739
[2026-07-06 18:23:50] Undefined property: app::$rs_customer in C:\xampp\Desktop\mdcnpal\htdocs\public_html\includes\footer.php on line 357
[2026-07-06 18:23:50] Trying to access array offset on value of type null in C:\xampp\Desktop\mdcnpal\htdocs\public_html\includes\footer.php on line 357
[2026-07-06 18:23:50] Undefined property: app::$rs_customer in C:\xampp\Desktop\mdcnpal\htdocs\public_html\includes\footer.php on line 366
[2026-07-06 18:23:50] Trying to access array offset on value of type null in C:\xampp\Desktop\mdcnpal\htdocs\public_html\includes\footer.php on line 366
[2026-07-06 18:23:50] Undefined property: app::$rs_customer in C:\xampp\Desktop\mdcnpal\htdocs\public_html\includes\footer.php on line 372
[2026-07-06 18:23:50] Trying to access array offset on value of type null in C:\xampp\Desktop\mdcnpal\htdocs\public_html\includes\footer.php on line 372
[2026-07-06 18:23:50] Undefined property: app::$rs_customer in C:\xampp\Desktop\mdcnpal\htdocs\public_html\includes\general_data.php on line 88
[2026-07-06 18:23:50] Trying to access array offset on value of type null in C:\xampp\Desktop\mdcnpal\htdocs\public_html\includes\general_data.php on line 88
[2026-07-06 18:23:50] Undefined array key "MDRCCustID" in C:\xampp\Desktop\mdcnpal\htdocs\public_html\includes\general_data.php on line 88
[2026-07-06 18:23:50] Undefined variable $tmpStr in C:\xampp\Desktop\mdcnpal\htdocs\public_html\core\app.php on line 971
[2026-07-06 18:23:50] Creation of dynamic property dbclass::$RECORD_SET is deprecated in C:\xampp\Desktop\mdcnpal\htdocs\public_html\core\dbclass.php on line 69
[2026-07-06 18:23:50] Creation of dynamic property dbclass::$app is deprecated in C:\xampp\Desktop\mdcnpal\htdocs\public_html\core\dbclass.php on line 75
[2026-07-06 18:23:50] Creation of dynamic property model::$foreign_tables is deprecated in C:\xampp\Desktop\mdcnpal\htdocs\public_html\core\model.php on line 43
[2026-07-06 18:23:50] Creation of dynamic property app::$inputfilter is deprecated in C:\xampp\Desktop\mdcnpal\htdocs\public_html\core\app.php on line 123
[2026-07-06 18:23:50] Creation of dynamic property app::$userconfig is deprecated in C:\xampp\Desktop\mdcnpal\htdocs\public_html\core\app.php on line 124
[2026-07-06 18:23:50] Creation of dynamic property app::$global_include is deprecated in C:\xampp\Desktop\mdcnpal\htdocs\public_html\core\app.php on line 125
[2026-07-06 18:23:50] Creation of dynamic property app::$set_cache_time is deprecated in C:\xampp\Desktop\mdcnpal\htdocs\public_html\core\app.php on line 153
[2026-07-06 18:23:50] Creation of dynamic property app::$meta is deprecated in C:\xampp\Desktop\mdcnpal\htdocs\public_html\core\app.php on line 434
[2026-07-06 18:23:50] Creation of dynamic property app::$rs_gs_city is deprecated in C:\xampp\Desktop\mdcnpal\htdocs\public_html\core\app.php on line 434
[2026-07-06 18:23:50] Creation of dynamic property app::$rs_footer_popular_item is deprecated in C:\xampp\Desktop\mdcnpal\htdocs\public_html\core\app.php on line 434
[2026-07-06 18:23:50] Creation of dynamic property app::$rs_footer_popular_test is deprecated in C:\xampp\Desktop\mdcnpal\htdocs\public_html\core\app.php on line 434
[2026-07-06 18:23:50] Creation of dynamic property app::$rs_testimonial is deprecated in C:\xampp\Desktop\mdcnpal\htdocs\public_html\core\app.php on line 434
[2026-07-06 18:23:50] Creation of dynamic property app::$admin is deprecated in C:\xampp\Desktop\mdcnpal\htdocs\public_html\core\app.php on line 434
[2026-07-06 18:23:50] Undefined array key 0 in C:\xampp\Desktop\mdcnpal\htdocs\public_html\core\global_include.php on line 514
[2026-07-06 18:23:50] Creation of dynamic property app::$popup is deprecated in C:\xampp\Desktop\mdcnpal\htdocs\public_html\core\app.php on line 434
[2026-07-06 18:23:50] Undefined array key "MDRCCustID" in C:\xampp\Desktop\mdcnpal\htdocs\public_html\core\global_include.php on line 515
[2026-07-06 18:23:50] Undefined array key "MDRCToken" in C:\xampp\Desktop\mdcnpal\htdocs\public_html\core\global_include.php on line 515
[2026-07-06 18:23:50] Creation of dynamic property app::$rscategory is deprecated in C:\xampp\Desktop\mdcnpal\htdocs\public_html\core\app.php on line 434
[2026-07-06 18:23:50] Creation of dynamic property app::$rs_pages is deprecated in C:\xampp\Desktop\mdcnpal\htdocs\public_html\core\app.php on line 434
[2026-07-06 18:23:50] Creation of dynamic property app::$gs is deprecated in C:\xampp\Desktop\mdcnpal\htdocs\public_html\core\app.php on line 434
[2026-07-06 18:23:50] Undefined array key "MDRCCustID" in C:\xampp\Desktop\mdcnpal\htdocs\public_html\core\global_include.php on line 596
[2026-07-06 18:23:50] Undefined array key "MDRCCustID" in C:\xampp\Desktop\mdcnpal\htdocs\public_html\core\global_include.php on line 615
[2026-07-06 18:23:50] Undefined variable $getId in C:\xampp\Desktop\mdcnpal\htdocs\public_html\core\global_include.php on line 684
[2026-07-06 18:23:50] Undefined variable $getName in C:\xampp\Desktop\mdcnpal\htdocs\public_html\core\global_include.php on line 685
[2026-07-06 18:23:50] Undefined array key 0 in C:\xampp\Desktop\mdcnpal\htdocs\public_html\core\global_include.php on line 810
[2026-07-06 18:23:50] Creation of dynamic property app::$rs_offer_msg is deprecated in C:\xampp\Desktop\mdcnpal\htdocs\public_html\core\app.php on line 434
[2026-07-06 18:23:50] Creation of dynamic property app::$rs_for_doctors is deprecated in C:\xampp\Desktop\mdcnpal\htdocs\public_html\core\app.php on line 434
[2026-07-06 18:23:50] Undefined property: app::$rs_cartmini in C:\xampp\Desktop\mdcnpal\htdocs\public_html\includes\header.php on line 131
[2026-07-06 18:23:50] Undefined array key "MDRCCustID" in C:\xampp\Desktop\mdcnpal\htdocs\public_html\includes\header.php on line 134
[2026-07-06 18:23:50] Undefined property: app::$rs_cartmini in C:\xampp\Desktop\mdcnpal\htdocs\public_html\includes\header.php on line 197
[2026-07-06 18:23:50] Undefined array key "MDRCCustID" in C:\xampp\Desktop\mdcnpal\htdocs\public_html\includes\header.php on line 200
[2026-07-06 18:23:50] Undefined property: app::$rs_cartmini in C:\xampp\Desktop\mdcnpal\htdocs\public_html\includes\header.php on line 469
[2026-07-06 18:23:50] Undefined array key "MDRCCustID" in C:\xampp\Desktop\mdcnpal\htdocs\public_html\includes\header.php on line 472
[2026-07-06 18:23:50] Undefined property: app::$rs_cartmini in C:\xampp\Desktop\mdcnpal\htdocs\public_html\includes\header.php on line 525
[2026-07-06 18:23:50] Undefined array key "MDRCCustID" in C:\xampp\Desktop\mdcnpal\htdocs\public_html\includes\header.php on line 528
[2026-07-06 18:23:50] Undefined property: app::$rs_customer in C:\xampp\Desktop\mdcnpal\htdocs\public_html\includes\header.php on line 712
[2026-07-06 18:23:50] Trying to access array offset on value of type null in C:\xampp\Desktop\mdcnpal\htdocs\public_html\includes\header.php on line 712
[2026-07-06 18:23:50] Undefined property: app::$rs_customer in C:\xampp\Desktop\mdcnpal\htdocs\public_html\includes\header.php on line 721
[2026-07-06 18:23:50] Trying to access array offset on value of type null in C:\xampp\Desktop\mdcnpal\htdocs\public_html\includes\header.php on line 721
[2026-07-06 18:23:50] Undefined property: app::$rs_customer in C:\xampp\Desktop\mdcnpal\htdocs\public_html\includes\header.php on line 730
[2026-07-06 18:23:50] Trying to access array offset on value of type null in C:\xampp\Desktop\mdcnpal\htdocs\public_html\includes\header.php on line 730
[2026-07-06 18:23:50] Undefined property: app::$rs_customer in C:\xampp\Desktop\mdcnpal\htdocs\public_html\includes\header.php on line 739
[2026-07-06 18:23:50] Trying to access array offset on value of type null in C:\xampp\Desktop\mdcnpal\htdocs\public_html\includes\header.php on line 739
[2026-07-06 18:23:50] Undefined property: app::$rs_customer in C:\xampp\Desktop\mdcnpal\htdocs\public_html\includes\footer.php on line 357
[2026-07-06 18:23:50] Trying to access array offset on value of type null in C:\xampp\Desktop\mdcnpal\htdocs\public_html\includes\footer.php on line 357
[2026-07-06 18:23:50] Undefined property: app::$rs_customer in C:\xampp\Desktop\mdcnpal\htdocs\public_html\includes\footer.php on line 366
[2026-07-06 18:23:50] Trying to access array offset on value of type null in C:\xampp\Desktop\mdcnpal\htdocs\public_html\includes\footer.php on line 366
[2026-07-06 18:23:50] Undefined property: app::$rs_customer in C:\xampp\Desktop\mdcnpal\htdocs\public_html\includes\footer.php on line 372
[2026-07-06 18:23:50] Trying to access array offset on value of type null in C:\xampp\Desktop\mdcnpal\htdocs\public_html\includes\footer.php on line 372
[2026-07-06 18:23:50] Undefined property: app::$rs_customer in C:\xampp\Desktop\mdcnpal\htdocs\public_html\includes\general_data.php on line 88
[2026-07-06 18:23:50] Trying to access array offset on value of type null in C:\xampp\Desktop\mdcnpal\htdocs\public_html\includes\general_data.php on line 88
[2026-07-06 18:23:50] Undefined array key "MDRCCustID" in C:\xampp\Desktop\mdcnpal\htdocs\public_html\includes\general_data.php on line 88
[2026-07-06 18:23:50] Undefined variable $tmpStr in C:\xampp\Desktop\mdcnpal\htdocs\public_html\core\app.php on line 971
[2026-07-06 18:23:51] Creation of dynamic property dbclass::$RECORD_SET is deprecated in C:\xampp\Desktop\mdcnpal\htdocs\public_html\core\dbclass.php on line 69
[2026-07-06 18:23:51] Creation of dynamic property dbclass::$app is deprecated in C:\xampp\Desktop\mdcnpal\htdocs\public_html\core\dbclass.php on line 75
[2026-07-06 18:23:51] Creation of dynamic property model::$foreign_tables is deprecated in C:\xampp\Desktop\mdcnpal\htdocs\public_html\core\model.php on line 43
[2026-07-06 18:23:51] Creation of dynamic property app::$inputfilter is deprecated in C:\xampp\Desktop\mdcnpal\htdocs\public_html\core\app.php on line 123
[2026-07-06 18:23:51] Creation of dynamic property app::$userconfig is deprecated in C:\xampp\Desktop\mdcnpal\htdocs\public_html\core\app.php on line 124
[2026-07-06 18:23:51] Creation of dynamic property app::$global_include is deprecated in C:\xampp\Desktop\mdcnpal\htdocs\public_html\core\app.php on line 125
[2026-07-06 18:23:51] Creation of dynamic property app::$set_cache_time is deprecated in C:\xampp\Desktop\mdcnpal\htdocs\public_html\core\app.php on line 153
[2026-07-06 18:23:51] Creation of dynamic property app::$meta is deprecated in C:\xampp\Desktop\mdcnpal\htdocs\public_html\core\app.php on line 434
[2026-07-06 18:23:51] Creation of dynamic property app::$rs_gs_city is deprecated in C:\xampp\Desktop\mdcnpal\htdocs\public_html\core\app.php on line 434
[2026-07-06 18:23:51] Creation of dynamic property app::$rs_footer_popular_item is deprecated in C:\xampp\Desktop\mdcnpal\htdocs\public_html\core\app.php on line 434
[2026-07-06 18:23:51] Creation of dynamic property app::$rs_footer_popular_test is deprecated in C:\xampp\Desktop\mdcnpal\htdocs\public_html\core\app.php on line 434
[2026-07-06 18:23:51] Creation of dynamic property app::$rs_testimonial is deprecated in C:\xampp\Desktop\mdcnpal\htdocs\public_html\core\app.php on line 434
[2026-07-06 18:23:51] Creation of dynamic property app::$admin is deprecated in C:\xampp\Desktop\mdcnpal\htdocs\public_html\core\app.php on line 434
[2026-07-06 18:23:51] Undefined array key 0 in C:\xampp\Desktop\mdcnpal\htdocs\public_html\core\global_include.php on line 514
[2026-07-06 18:23:51] Creation of dynamic property app::$popup is deprecated in C:\xampp\Desktop\mdcnpal\htdocs\public_html\core\app.php on line 434
[2026-07-06 18:23:51] Undefined array key "MDRCCustID" in C:\xampp\Desktop\mdcnpal\htdocs\public_html\core\global_include.php on line 515
[2026-07-06 18:23:51] Undefined array key "MDRCToken" in C:\xampp\Desktop\mdcnpal\htdocs\public_html\core\global_include.php on line 515
[2026-07-06 18:23:51] Creation of dynamic property app::$rscategory is deprecated in C:\xampp\Desktop\mdcnpal\htdocs\public_html\core\app.php on line 434
[2026-07-06 18:23:51] Creation of dynamic property app::$rs_pages is deprecated in C:\xampp\Desktop\mdcnpal\htdocs\public_html\core\app.php on line 434
[2026-07-06 18:23:51] Creation of dynamic property app::$gs is deprecated in C:\xampp\Desktop\mdcnpal\htdocs\public_html\core\app.php on line 434
[2026-07-06 18:23:51] Undefined array key "MDRCCustID" in C:\xampp\Desktop\mdcnpal\htdocs\public_html\core\global_include.php on line 596
[2026-07-06 18:23:51] Undefined array key "MDRCCustID" in C:\xampp\Desktop\mdcnpal\htdocs\public_html\core\global_include.php on line 615
[2026-07-06 18:23:51] Undefined variable $getId in C:\xampp\Desktop\mdcnpal\htdocs\public_html\core\global_include.php on line 684
[2026-07-06 18:23:51] Undefined variable $getName in C:\xampp\Desktop\mdcnpal\htdocs\public_html\core\global_include.php on line 685
[2026-07-06 18:23:51] Undefined array key 0 in C:\xampp\Desktop\mdcnpal\htdocs\public_html\core\global_include.php on line 810
[2026-07-06 18:23:51] Creation of dynamic property app::$rs_offer_msg is deprecated in C:\xampp\Desktop\mdcnpal\htdocs\public_html\core\app.php on line 434
[2026-07-06 18:23:51] Creation of dynamic property app::$rs_for_doctors is deprecated in C:\xampp\Desktop\mdcnpal\htdocs\public_html\core\app.php on line 434
[2026-07-06 18:23:51] Creation of dynamic property app::$rs_gallery_data is deprecated in C:\xampp\Desktop\mdcnpal\htdocs\public_html\core\app.php on line 434
[2026-07-06 18:23:51] Creation of dynamic property app::$category is deprecated in C:\xampp\Desktop\mdcnpal\htdocs\public_html\core\app.php on line 434
[2026-07-06 18:23:51] Undefined array key 0 in C:\xampp\Desktop\mdcnpal\htdocs\public_html\controllers\controller_for_doctors.php on line 22
[2026-07-06 18:23:51] Creation of dynamic property app::$records_doctors is deprecated in C:\xampp\Desktop\mdcnpal\htdocs\public_html\core\app.php on line 434
[2026-07-06 18:23:51] Undefined array key 0 in C:\xampp\Desktop\mdcnpal\htdocs\public_html\controllers\controller_for_doctors.php on line 25
[2026-07-06 18:23:51] Trying to access array offset on value of type null in C:\xampp\Desktop\mdcnpal\htdocs\public_html\controllers\controller_for_doctors.php on line 25
[2026-07-06 18:23:51] Creation of dynamic property app::$records_services is deprecated in C:\xampp\Desktop\mdcnpal\htdocs\public_html\core\app.php on line 434
[2026-07-06 18:23:51] Undefined array key 0 in C:\xampp\Desktop\mdcnpal\htdocs\public_html\controllers\controller_for_doctors.php on line 31
[2026-07-06 18:23:51] Trying to access array offset on value of type null in C:\xampp\Desktop\mdcnpal\htdocs\public_html\controllers\controller_for_doctors.php on line 31
[2026-07-06 18:23:51] str_replace(): Passing null to parameter #3 ($subject) of type array|string is deprecated in C:\xampp\Desktop\mdcnpal\htdocs\public_html\controllers\controller_for_doctors.php on line 31
[2026-07-06 18:23:51] Undefined array key 0 in C:\xampp\Desktop\mdcnpal\htdocs\public_html\controllers\controller_for_doctors.php on line 32
[2026-07-06 18:23:51] Trying to access array offset on value of type null in C:\xampp\Desktop\mdcnpal\htdocs\public_html\controllers\controller_for_doctors.php on line 32
[2026-07-06 18:23:51] str_replace(): Passing null to parameter #3 ($subject) of type array|string is deprecated in C:\xampp\Desktop\mdcnpal\htdocs\public_html\controllers\controller_for_doctors.php on line 32
[2026-07-06 18:23:51] Undefined array key 0 in C:\xampp\Desktop\mdcnpal\htdocs\public_html\controllers\controller_for_doctors.php on line 33
[2026-07-06 18:23:51] Trying to access array offset on value of type null in C:\xampp\Desktop\mdcnpal\htdocs\public_html\controllers\controller_for_doctors.php on line 33
[2026-07-06 18:23:51] str_replace(): Passing null to parameter #3 ($subject) of type array|string is deprecated in C:\xampp\Desktop\mdcnpal\htdocs\public_html\controllers\controller_for_doctors.php on line 33
[2026-07-06 18:23:51] Creation of dynamic property dbclass::$RECORD_SET is deprecated in C:\xampp\Desktop\mdcnpal\htdocs\public_html\core\dbclass.php on line 69
[2026-07-06 18:23:51] Creation of dynamic property dbclass::$app is deprecated in C:\xampp\Desktop\mdcnpal\htdocs\public_html\core\dbclass.php on line 75
[2026-07-06 18:23:51] Creation of dynamic property model::$foreign_tables is deprecated in C:\xampp\Desktop\mdcnpal\htdocs\public_html\core\model.php on line 43
[2026-07-06 18:23:51] Creation of dynamic property app::$inputfilter is deprecated in C:\xampp\Desktop\mdcnpal\htdocs\public_html\core\app.php on line 123
[2026-07-06 18:23:51] Creation of dynamic property app::$userconfig is deprecated in C:\xampp\Desktop\mdcnpal\htdocs\public_html\core\app.php on line 124
[2026-07-06 18:23:51] Creation of dynamic property app::$global_include is deprecated in C:\xampp\Desktop\mdcnpal\htdocs\public_html\core\app.php on line 125
[2026-07-06 18:23:51] Creation of dynamic property app::$set_cache_time is deprecated in C:\xampp\Desktop\mdcnpal\htdocs\public_html\core\app.php on line 153
[2026-07-06 18:23:51] Creation of dynamic property app::$meta is deprecated in C:\xampp\Desktop\mdcnpal\htdocs\public_html\core\app.php on line 434
[2026-07-06 18:23:51] Creation of dynamic property app::$rs_gs_city is deprecated in C:\xampp\Desktop\mdcnpal\htdocs\public_html\core\app.php on line 434
[2026-07-06 18:23:51] Creation of dynamic property app::$rs_footer_popular_item is deprecated in C:\xampp\Desktop\mdcnpal\htdocs\public_html\core\app.php on line 434
[2026-07-06 18:23:51] Creation of dynamic property app::$rs_footer_popular_test is deprecated in C:\xampp\Desktop\mdcnpal\htdocs\public_html\core\app.php on line 434
[2026-07-06 18:23:51] Creation of dynamic property app::$rs_testimonial is deprecated in C:\xampp\Desktop\mdcnpal\htdocs\public_html\core\app.php on line 434
[2026-07-06 18:23:51] Creation of dynamic property app::$admin is deprecated in C:\xampp\Desktop\mdcnpal\htdocs\public_html\core\app.php on line 434
[2026-07-06 18:23:51] Undefined array key 0 in C:\xampp\Desktop\mdcnpal\htdocs\public_html\core\global_include.php on line 514
[2026-07-06 18:23:51] Creation of dynamic property app::$popup is deprecated in C:\xampp\Desktop\mdcnpal\htdocs\public_html\core\app.php on line 434
[2026-07-06 18:23:51] Undefined array key "MDRCCustID" in C:\xampp\Desktop\mdcnpal\htdocs\public_html\core\global_include.php on line 515
[2026-07-06 18:23:51] Undefined array key "MDRCToken" in C:\xampp\Desktop\mdcnpal\htdocs\public_html\core\global_include.php on line 515
[2026-07-06 18:23:51] Creation of dynamic property app::$rscategory is deprecated in C:\xampp\Desktop\mdcnpal\htdocs\public_html\core\app.php on line 434
[2026-07-06 18:23:51] Creation of dynamic property app::$rs_pages is deprecated in C:\xampp\Desktop\mdcnpal\htdocs\public_html\core\app.php on line 434
[2026-07-06 18:23:51] Creation of dynamic property app::$gs is deprecated in C:\xampp\Desktop\mdcnpal\htdocs\public_html\core\app.php on line 434
[2026-07-06 18:23:51] Undefined array key "MDRCCustID" in C:\xampp\Desktop\mdcnpal\htdocs\public_html\core\global_include.php on line 596
[2026-07-06 18:23:51] Undefined array key "MDRCCustID" in C:\xampp\Desktop\mdcnpal\htdocs\public_html\core\global_include.php on line 615
[2026-07-06 18:23:51] Undefined variable $getId in C:\xampp\Desktop\mdcnpal\htdocs\public_html\core\global_include.php on line 684
[2026-07-06 18:23:51] Undefined variable $getName in C:\xampp\Desktop\mdcnpal\htdocs\public_html\core\global_include.php on line 685
[2026-07-06 18:23:51] Undefined array key 0 in C:\xampp\Desktop\mdcnpal\htdocs\public_html\core\global_include.php on line 810
[2026-07-06 18:23:51] Creation of dynamic property app::$rs_offer_msg is deprecated in C:\xampp\Desktop\mdcnpal\htdocs\public_html\core\app.php on line 434
[2026-07-06 18:23:51] Creation of dynamic property app::$rs_for_doctors is deprecated in C:\xampp\Desktop\mdcnpal\htdocs\public_html\core\app.php on line 434
[2026-07-06 18:23:51] Undefined property: app::$rs_cartmini in C:\xampp\Desktop\mdcnpal\htdocs\public_html\includes\header.php on line 131
[2026-07-06 18:23:51] Undefined array key "MDRCCustID" in C:\xampp\Desktop\mdcnpal\htdocs\public_html\includes\header.php on line 134
[2026-07-06 18:23:51] Undefined property: app::$rs_cartmini in C:\xampp\Desktop\mdcnpal\htdocs\public_html\includes\header.php on line 197
[2026-07-06 18:23:51] Undefined array key "MDRCCustID" in C:\xampp\Desktop\mdcnpal\htdocs\public_html\includes\header.php on line 200
[2026-07-06 18:23:51] Undefined property: app::$rs_cartmini in C:\xampp\Desktop\mdcnpal\htdocs\public_html\includes\header.php on line 469
[2026-07-06 18:23:51] Undefined array key "MDRCCustID" in C:\xampp\Desktop\mdcnpal\htdocs\public_html\includes\header.php on line 472
[2026-07-06 18:23:51] Undefined property: app::$rs_cartmini in C:\xampp\Desktop\mdcnpal\htdocs\public_html\includes\header.php on line 525
[2026-07-06 18:23:51] Undefined array key "MDRCCustID" in C:\xampp\Desktop\mdcnpal\htdocs\public_html\includes\header.php on line 528
[2026-07-06 18:23:51] Undefined property: app::$rs_customer in C:\xampp\Desktop\mdcnpal\htdocs\public_html\includes\header.php on line 712
[2026-07-06 18:23:51] Trying to access array offset on value of type null in C:\xampp\Desktop\mdcnpal\htdocs\public_html\includes\header.php on line 712
[2026-07-06 18:23:51] Undefined property: app::$rs_customer in C:\xampp\Desktop\mdcnpal\htdocs\public_html\includes\header.php on line 721
[2026-07-06 18:23:51] Trying to access array offset on value of type null in C:\xampp\Desktop\mdcnpal\htdocs\public_html\includes\header.php on line 721
[2026-07-06 18:23:51] Undefined property: app::$rs_customer in C:\xampp\Desktop\mdcnpal\htdocs\public_html\includes\header.php on line 730
[2026-07-06 18:23:51] Trying to access array offset on value of type null in C:\xampp\Desktop\mdcnpal\htdocs\public_html\includes\header.php on line 730
[2026-07-06 18:23:51] Undefined property: app::$rs_customer in C:\xampp\Desktop\mdcnpal\htdocs\public_html\includes\header.php on line 739
[2026-07-06 18:23:51] Trying to access array offset on value of type null in C:\xampp\Desktop\mdcnpal\htdocs\public_html\includes\header.php on line 739
[2026-07-06 18:23:51] Undefined property: app::$rs_customer in C:\xampp\Desktop\mdcnpal\htdocs\public_html\includes\footer.php on line 357
[2026-07-06 18:23:51] Trying to access array offset on value of type null in C:\xampp\Desktop\mdcnpal\htdocs\public_html\includes\footer.php on line 357
[2026-07-06 18:23:51] Undefined property: app::$rs_customer in C:\xampp\Desktop\mdcnpal\htdocs\public_html\includes\footer.php on line 366
[2026-07-06 18:23:51] Trying to access array offset on value of type null in C:\xampp\Desktop\mdcnpal\htdocs\public_html\includes\footer.php on line 366
[2026-07-06 18:23:51] Undefined property: app::$rs_customer in C:\xampp\Desktop\mdcnpal\htdocs\public_html\includes\footer.php on line 372
[2026-07-06 18:23:51] Trying to access array offset on value of type null in C:\xampp\Desktop\mdcnpal\htdocs\public_html\includes\footer.php on line 372
[2026-07-06 18:23:51] Undefined property: app::$rs_customer in C:\xampp\Desktop\mdcnpal\htdocs\public_html\includes\general_data.php on line 88
[2026-07-06 18:23:51] Trying to access array offset on value of type null in C:\xampp\Desktop\mdcnpal\htdocs\public_html\includes\general_data.php on line 88
[2026-07-06 18:23:51] Undefined array key "MDRCCustID" in C:\xampp\Desktop\mdcnpal\htdocs\public_html\includes\general_data.php on line 88
[2026-07-06 18:23:51] Undefined variable $tmpStr in C:\xampp\Desktop\mdcnpal\htdocs\public_html\core\app.php on line 971
[2026-07-06 18:23:52] Creation of dynamic property dbclass::$RECORD_SET is deprecated in C:\xampp\Desktop\mdcnpal\htdocs\public_html\core\dbclass.php on line 69
[2026-07-06 18:23:52] Creation of dynamic property dbclass::$app is deprecated in C:\xampp\Desktop\mdcnpal\htdocs\public_html\core\dbclass.php on line 75
[2026-07-06 18:23:52] Creation of dynamic property model::$foreign_tables is deprecated in C:\xampp\Desktop\mdcnpal\htdocs\public_html\core\model.php on line 43
[2026-07-06 18:23:52] Creation of dynamic property app::$inputfilter is deprecated in C:\xampp\Desktop\mdcnpal\htdocs\public_html\core\app.php on line 123
[2026-07-06 18:23:52] Creation of dynamic property app::$userconfig is deprecated in C:\xampp\Desktop\mdcnpal\htdocs\public_html\core\app.php on line 124
[2026-07-06 18:23:52] Creation of dynamic property app::$global_include is deprecated in C:\xampp\Desktop\mdcnpal\htdocs\public_html\core\app.php on line 125
[2026-07-06 18:23:52] Creation of dynamic property app::$set_cache_time is deprecated in C:\xampp\Desktop\mdcnpal\htdocs\public_html\core\app.php on line 153
[2026-07-06 18:23:52] Creation of dynamic property app::$meta is deprecated in C:\xampp\Desktop\mdcnpal\htdocs\public_html\core\app.php on line 434
[2026-07-06 18:23:52] Creation of dynamic property app::$rs_gs_city is deprecated in C:\xampp\Desktop\mdcnpal\htdocs\public_html\core\app.php on line 434
[2026-07-06 18:23:52] Creation of dynamic property app::$rs_footer_popular_item is deprecated in C:\xampp\Desktop\mdcnpal\htdocs\public_html\core\app.php on line 434
[2026-07-06 18:23:52] Creation of dynamic property app::$rs_footer_popular_test is deprecated in C:\xampp\Desktop\mdcnpal\htdocs\public_html\core\app.php on line 434
[2026-07-06 18:23:52] Creation of dynamic property app::$rs_testimonial is deprecated in C:\xampp\Desktop\mdcnpal\htdocs\public_html\core\app.php on line 434
[2026-07-06 18:23:52] Creation of dynamic property app::$admin is deprecated in C:\xampp\Desktop\mdcnpal\htdocs\public_html\core\app.php on line 434
[2026-07-06 18:23:52] Undefined array key 0 in C:\xampp\Desktop\mdcnpal\htdocs\public_html\core\global_include.php on line 514
[2026-07-06 18:23:52] Creation of dynamic property app::$popup is deprecated in C:\xampp\Desktop\mdcnpal\htdocs\public_html\core\app.php on line 434
[2026-07-06 18:23:52] Undefined array key "MDRCCustID" in C:\xampp\Desktop\mdcnpal\htdocs\public_html\core\global_include.php on line 515
[2026-07-06 18:23:52] Undefined array key "MDRCToken" in C:\xampp\Desktop\mdcnpal\htdocs\public_html\core\global_include.php on line 515
[2026-07-06 18:23:52] Creation of dynamic property app::$rscategory is deprecated in C:\xampp\Desktop\mdcnpal\htdocs\public_html\core\app.php on line 434
[2026-07-06 18:23:52] Creation of dynamic property app::$rs_pages is deprecated in C:\xampp\Desktop\mdcnpal\htdocs\public_html\core\app.php on line 434
[2026-07-06 18:23:52] Creation of dynamic property app::$gs is deprecated in C:\xampp\Desktop\mdcnpal\htdocs\public_html\core\app.php on line 434
[2026-07-06 18:23:52] Undefined array key "MDRCCustID" in C:\xampp\Desktop\mdcnpal\htdocs\public_html\core\global_include.php on line 596
[2026-07-06 18:23:52] Undefined array key "MDRCCustID" in C:\xampp\Desktop\mdcnpal\htdocs\public_html\core\global_include.php on line 615
[2026-07-06 18:23:52] Undefined variable $getId in C:\xampp\Desktop\mdcnpal\htdocs\public_html\core\global_include.php on line 684
[2026-07-06 18:23:52] Undefined variable $getName in C:\xampp\Desktop\mdcnpal\htdocs\public_html\core\global_include.php on line 685
[2026-07-06 18:23:52] Undefined array key 0 in C:\xampp\Desktop\mdcnpal\htdocs\public_html\core\global_include.php on line 810
[2026-07-06 18:23:52] Creation of dynamic property app::$rs_offer_msg is deprecated in C:\xampp\Desktop\mdcnpal\htdocs\public_html\core\app.php on line 434
[2026-07-06 18:23:52] Creation of dynamic property app::$rs_for_doctors is deprecated in C:\xampp\Desktop\mdcnpal\htdocs\public_html\core\app.php on line 434
[2026-07-06 18:23:52] Undefined property: app::$rs_cartmini in C:\xampp\Desktop\mdcnpal\htdocs\public_html\includes\header.php on line 131
[2026-07-06 18:23:52] Undefined array key "MDRCCustID" in C:\xampp\Desktop\mdcnpal\htdocs\public_html\includes\header.php on line 134
[2026-07-06 18:23:52] Undefined property: app::$rs_cartmini in C:\xampp\Desktop\mdcnpal\htdocs\public_html\includes\header.php on line 197
[2026-07-06 18:23:52] Undefined array key "MDRCCustID" in C:\xampp\Desktop\mdcnpal\htdocs\public_html\includes\header.php on line 200
[2026-07-06 18:23:52] Undefined property: app::$rs_cartmini in C:\xampp\Desktop\mdcnpal\htdocs\public_html\includes\header.php on line 469
[2026-07-06 18:23:52] Undefined array key "MDRCCustID" in C:\xampp\Desktop\mdcnpal\htdocs\public_html\includes\header.php on line 472
[2026-07-06 18:23:52] Undefined property: app::$rs_cartmini in C:\xampp\Desktop\mdcnpal\htdocs\public_html\includes\header.php on line 525
[2026-07-06 18:23:52] Undefined array key "MDRCCustID" in C:\xampp\Desktop\mdcnpal\htdocs\public_html\includes\header.php on line 528
[2026-07-06 18:23:52] Undefined property: app::$rs_customer in C:\xampp\Desktop\mdcnpal\htdocs\public_html\includes\header.php on line 712
[2026-07-06 18:23:52] Trying to access array offset on value of type null in C:\xampp\Desktop\mdcnpal\htdocs\public_html\includes\header.php on line 712
[2026-07-06 18:23:52] Undefined property: app::$rs_customer in C:\xampp\Desktop\mdcnpal\htdocs\public_html\includes\header.php on line 721
[2026-07-06 18:23:52] Trying to access array offset on value of type null in C:\xampp\Desktop\mdcnpal\htdocs\public_html\includes\header.php on line 721
[2026-07-06 18:23:52] Undefined property: app::$rs_customer in C:\xampp\Desktop\mdcnpal\htdocs\public_html\includes\header.php on line 730
[2026-07-06 18:23:52] Trying to access array offset on value of type null in C:\xampp\Desktop\mdcnpal\htdocs\public_html\includes\header.php on line 730
[2026-07-06 18:23:52] Undefined property: app::$rs_customer in C:\xampp\Desktop\mdcnpal\htdocs\public_html\includes\header.php on line 739
[2026-07-06 18:23:52] Trying to access array offset on value of type null in C:\xampp\Desktop\mdcnpal\htdocs\public_html\includes\header.php on line 739
[2026-07-06 18:23:52] Undefined property: app::$rs_cartmini in C:\xampp\Desktop\mdcnpal\htdocs\public_html\core\app.php(565) : eval()'d code on line 66
[06-Jul-2026 18:23:52 Asia/Kathmandu] PHP Fatal error:  Uncaught TypeError: count(): Argument #1 ($value) must be of type Countable|array, null given in C:\xampp\Desktop\mdcnpal\htdocs\public_html\core\app.php(565) : eval()'d code:66
Stack trace:
#0 C:\xampp\Desktop\mdcnpal\htdocs\public_html\core\app.php(565): eval()
#1 C:\xampp\Desktop\mdcnpal\htdocs\public_html\core\app.php(535): app->compile()
#2 C:\xampp\Desktop\mdcnpal\htdocs\public_html\core\app.php(516): app->package()
#3 C:\xampp\Desktop\mdcnpal\htdocs\public_html\index.php(6): app->execute()
#4 {main}
  thrown in C:\xampp\Desktop\mdcnpal\htdocs\public_html\core\app.php(565) : eval()'d code on line 66
[2026-07-06 18:23:53] Creation of dynamic property dbclass::$RECORD_SET is deprecated in C:\xampp\Desktop\mdcnpal\htdocs\public_html\core\dbclass.php on line 69
[2026-07-06 18:23:53] Creation of dynamic property dbclass::$app is deprecated in C:\xampp\Desktop\mdcnpal\htdocs\public_html\core\dbclass.php on line 75
[2026-07-06 18:23:53] Creation of dynamic property model::$foreign_tables is deprecated in C:\xampp\Desktop\mdcnpal\htdocs\public_html\core\model.php on line 43
[2026-07-06 18:23:53] Creation of dynamic property app::$inputfilter is deprecated in C:\xampp\Desktop\mdcnpal\htdocs\public_html\core\app.php on line 123
[2026-07-06 18:23:53] Creation of dynamic property app::$userconfig is deprecated in C:\xampp\Desktop\mdcnpal\htdocs\public_html\core\app.php on line 124
[2026-07-06 18:23:53] Creation of dynamic property app::$global_include is deprecated in C:\xampp\Desktop\mdcnpal\htdocs\public_html\core\app.php on line 125
[2026-07-06 18:23:53] Creation of dynamic property app::$set_cache_time is deprecated in C:\xampp\Desktop\mdcnpal\htdocs\public_html\core\app.php on line 153
[2026-07-06 18:23:53] Creation of dynamic property app::$meta is deprecated in C:\xampp\Desktop\mdcnpal\htdocs\public_html\core\app.php on line 434
[2026-07-06 18:23:53] Creation of dynamic property app::$rs_gs_city is deprecated in C:\xampp\Desktop\mdcnpal\htdocs\public_html\core\app.php on line 434
[2026-07-06 18:23:53] Creation of dynamic property app::$rs_footer_popular_item is deprecated in C:\xampp\Desktop\mdcnpal\htdocs\public_html\core\app.php on line 434
[2026-07-06 18:23:53] Creation of dynamic property app::$rs_footer_popular_test is deprecated in C:\xampp\Desktop\mdcnpal\htdocs\public_html\core\app.php on line 434
[2026-07-06 18:23:53] Creation of dynamic property app::$rs_testimonial is deprecated in C:\xampp\Desktop\mdcnpal\htdocs\public_html\core\app.php on line 434
[2026-07-06 18:23:53] Creation of dynamic property app::$admin is deprecated in C:\xampp\Desktop\mdcnpal\htdocs\public_html\core\app.php on line 434
[2026-07-06 18:23:53] Undefined array key 0 in C:\xampp\Desktop\mdcnpal\htdocs\public_html\core\global_include.php on line 514
[2026-07-06 18:23:53] Creation of dynamic property app::$popup is deprecated in C:\xampp\Desktop\mdcnpal\htdocs\public_html\core\app.php on line 434
[2026-07-06 18:23:53] Undefined array key "MDRCCustID" in C:\xampp\Desktop\mdcnpal\htdocs\public_html\core\global_include.php on line 515
[2026-07-06 18:23:53] Undefined array key "MDRCToken" in C:\xampp\Desktop\mdcnpal\htdocs\public_html\core\global_include.php on line 515
[2026-07-06 18:23:53] Creation of dynamic property app::$rscategory is deprecated in C:\xampp\Desktop\mdcnpal\htdocs\public_html\core\app.php on line 434
[2026-07-06 18:23:53] Creation of dynamic property app::$rs_pages is deprecated in C:\xampp\Desktop\mdcnpal\htdocs\public_html\core\app.php on line 434
[2026-07-06 18:23:53] Creation of dynamic property app::$gs is deprecated in C:\xampp\Desktop\mdcnpal\htdocs\public_html\core\app.php on line 434
[2026-07-06 18:23:53] Undefined array key "MDRCCustID" in C:\xampp\Desktop\mdcnpal\htdocs\public_html\core\global_include.php on line 596
[2026-07-06 18:23:53] Undefined array key "MDRCCustID" in C:\xampp\Desktop\mdcnpal\htdocs\public_html\core\global_include.php on line 615
[2026-07-06 18:23:53] Undefined variable $getId in C:\xampp\Desktop\mdcnpal\htdocs\public_html\core\global_include.php on line 684
[2026-07-06 18:23:53] Undefined variable $getName in C:\xampp\Desktop\mdcnpal\htdocs\public_html\core\global_include.php on line 685
[2026-07-06 18:23:53] Undefined array key 0 in C:\xampp\Desktop\mdcnpal\htdocs\public_html\core\global_include.php on line 810
[2026-07-06 18:23:53] Creation of dynamic property app::$rs_offer_msg is deprecated in C:\xampp\Desktop\mdcnpal\htdocs\public_html\core\app.php on line 434
[2026-07-06 18:23:53] Creation of dynamic property app::$rs_for_doctors is deprecated in C:\xampp\Desktop\mdcnpal\htdocs\public_html\core\app.php on line 434
[2026-07-06 18:23:53] Undefined property: app::$rs_cartmini in C:\xampp\Desktop\mdcnpal\htdocs\public_html\includes\header.php on line 131
[2026-07-06 18:23:53] Undefined array key "MDRCCustID" in C:\xampp\Desktop\mdcnpal\htdocs\public_html\includes\header.php on line 134
[2026-07-06 18:23:53] Undefined property: app::$rs_cartmini in C:\xampp\Desktop\mdcnpal\htdocs\public_html\includes\header.php on line 197
[2026-07-06 18:23:53] Undefined array key "MDRCCustID" in C:\xampp\Desktop\mdcnpal\htdocs\public_html\includes\header.php on line 200
[2026-07-06 18:23:53] Undefined property: app::$rs_cartmini in C:\xampp\Desktop\mdcnpal\htdocs\public_html\includes\header.php on line 469
[2026-07-06 18:23:53] Undefined array key "MDRCCustID" in C:\xampp\Desktop\mdcnpal\htdocs\public_html\includes\header.php on line 472
[2026-07-06 18:23:53] Undefined property: app::$rs_cartmini in C:\xampp\Desktop\mdcnpal\htdocs\public_html\includes\header.php on line 525
[2026-07-06 18:23:53] Undefined array key "MDRCCustID" in C:\xampp\Desktop\mdcnpal\htdocs\public_html\includes\header.php on line 528
[2026-07-06 18:23:53] Undefined property: app::$rs_customer in C:\xampp\Desktop\mdcnpal\htdocs\public_html\includes\header.php on line 712
[2026-07-06 18:23:53] Trying to access array offset on value of type null in C:\xampp\Desktop\mdcnpal\htdocs\public_html\includes\header.php on line 712
[2026-07-06 18:23:53] Undefined property: app::$rs_customer in C:\xampp\Desktop\mdcnpal\htdocs\public_html\includes\header.php on line 721
[2026-07-06 18:23:53] Trying to access array offset on value of type null in C:\xampp\Desktop\mdcnpal\htdocs\public_html\includes\header.php on line 721
[2026-07-06 18:23:53] Undefined property: app::$rs_customer in C:\xampp\Desktop\mdcnpal\htdocs\public_html\includes\header.php on line 730
[2026-07-06 18:23:53] Trying to access array offset on value of type null in C:\xampp\Desktop\mdcnpal\htdocs\public_html\includes\header.php on line 730
[2026-07-06 18:23:53] Undefined property: app::$rs_customer in C:\xampp\Desktop\mdcnpal\htdocs\public_html\includes\header.php on line 739
[2026-07-06 18:23:53] Trying to access array offset on value of type null in C:\xampp\Desktop\mdcnpal\htdocs\public_html\includes\header.php on line 739
[2026-07-06 18:23:53] Undefined property: app::$rs_customer in C:\xampp\Desktop\mdcnpal\htdocs\public_html\includes\footer.php on line 357
[2026-07-06 18:23:53] Trying to access array offset on value of type null in C:\xampp\Desktop\mdcnpal\htdocs\public_html\includes\footer.php on line 357
[2026-07-06 18:23:53] Undefined property: app::$rs_customer in C:\xampp\Desktop\mdcnpal\htdocs\public_html\includes\footer.php on line 366
[2026-07-06 18:23:53] Trying to access array offset on value of type null in C:\xampp\Desktop\mdcnpal\htdocs\public_html\includes\footer.php on line 366
[2026-07-06 18:23:53] Undefined property: app::$rs_customer in C:\xampp\Desktop\mdcnpal\htdocs\public_html\includes\footer.php on line 372
[2026-07-06 18:23:53] Trying to access array offset on value of type null in C:\xampp\Desktop\mdcnpal\htdocs\public_html\includes\footer.php on line 372
[2026-07-06 18:23:53] Undefined property: app::$rs_customer in C:\xampp\Desktop\mdcnpal\htdocs\public_html\includes\general_data.php on line 88
[2026-07-06 18:23:53] Trying to access array offset on value of type null in C:\xampp\Desktop\mdcnpal\htdocs\public_html\includes\general_data.php on line 88
[2026-07-06 18:23:53] Undefined array key "MDRCCustID" in C:\xampp\Desktop\mdcnpal\htdocs\public_html\includes\general_data.php on line 88
[2026-07-06 18:23:53] Undefined variable $tmpStr in C:\xampp\Desktop\mdcnpal\htdocs\public_html\core\app.php on line 971
[2026-07-06 18:23:53] Creation of dynamic property dbclass::$RECORD_SET is deprecated in C:\xampp\Desktop\mdcnpal\htdocs\public_html\core\dbclass.php on line 69
[2026-07-06 18:23:53] Creation of dynamic property dbclass::$app is deprecated in C:\xampp\Desktop\mdcnpal\htdocs\public_html\core\dbclass.php on line 75
[2026-07-06 18:23:53] Creation of dynamic property model::$foreign_tables is deprecated in C:\xampp\Desktop\mdcnpal\htdocs\public_html\core\model.php on line 43
[2026-07-06 18:23:53] Creation of dynamic property app::$inputfilter is deprecated in C:\xampp\Desktop\mdcnpal\htdocs\public_html\core\app.php on line 123
[2026-07-06 18:23:53] Creation of dynamic property app::$userconfig is deprecated in C:\xampp\Desktop\mdcnpal\htdocs\public_html\core\app.php on line 124
[2026-07-06 18:23:53] Creation of dynamic property app::$global_include is deprecated in C:\xampp\Desktop\mdcnpal\htdocs\public_html\core\app.php on line 125
[2026-07-06 18:23:53] Creation of dynamic property app::$set_cache_time is deprecated in C:\xampp\Desktop\mdcnpal\htdocs\public_html\core\app.php on line 153
[2026-07-06 18:23:53] Creation of dynamic property app::$meta is deprecated in C:\xampp\Desktop\mdcnpal\htdocs\public_html\core\app.php on line 434
[2026-07-06 18:23:53] Creation of dynamic property app::$rs_gs_city is deprecated in C:\xampp\Desktop\mdcnpal\htdocs\public_html\core\app.php on line 434
[2026-07-06 18:23:53] Creation of dynamic property app::$rs_footer_popular_item is deprecated in C:\xampp\Desktop\mdcnpal\htdocs\public_html\core\app.php on line 434
[2026-07-06 18:23:53] Creation of dynamic property app::$rs_footer_popular_test is deprecated in C:\xampp\Desktop\mdcnpal\htdocs\public_html\core\app.php on line 434
[2026-07-06 18:23:53] Creation of dynamic property app::$rs_testimonial is deprecated in C:\xampp\Desktop\mdcnpal\htdocs\public_html\core\app.php on line 434
[2026-07-06 18:23:53] Creation of dynamic property app::$admin is deprecated in C:\xampp\Desktop\mdcnpal\htdocs\public_html\core\app.php on line 434
[2026-07-06 18:23:53] Undefined array key 0 in C:\xampp\Desktop\mdcnpal\htdocs\public_html\core\global_include.php on line 514
[2026-07-06 18:23:53] Creation of dynamic property app::$popup is deprecated in C:\xampp\Desktop\mdcnpal\htdocs\public_html\core\app.php on line 434
[2026-07-06 18:23:53] Undefined array key "MDRCCustID" in C:\xampp\Desktop\mdcnpal\htdocs\public_html\core\global_include.php on line 515
[2026-07-06 18:23:53] Undefined array key "MDRCToken" in C:\xampp\Desktop\mdcnpal\htdocs\public_html\core\global_include.php on line 515
[2026-07-06 18:23:53] Creation of dynamic property app::$rscategory is deprecated in C:\xampp\Desktop\mdcnpal\htdocs\public_html\core\app.php on line 434
[2026-07-06 18:23:53] Creation of dynamic property app::$rs_pages is deprecated in C:\xampp\Desktop\mdcnpal\htdocs\public_html\core\app.php on line 434
[2026-07-06 18:23:53] Creation of dynamic property app::$gs is deprecated in C:\xampp\Desktop\mdcnpal\htdocs\public_html\core\app.php on line 434
[2026-07-06 18:23:53] Undefined array key "MDRCCustID" in C:\xampp\Desktop\mdcnpal\htdocs\public_html\core\global_include.php on line 596
[2026-07-06 18:23:53] Undefined array key "MDRCCustID" in C:\xampp\Desktop\mdcnpal\htdocs\public_html\core\global_include.php on line 615
[2026-07-06 18:23:53] Undefined variable $getId in C:\xampp\Desktop\mdcnpal\htdocs\public_html\core\global_include.php on line 684
[2026-07-06 18:23:53] Undefined variable $getName in C:\xampp\Desktop\mdcnpal\htdocs\public_html\core\global_include.php on line 685
[2026-07-06 18:23:53] Undefined array key 0 in C:\xampp\Desktop\mdcnpal\htdocs\public_html\core\global_include.php on line 810
[2026-07-06 18:23:53] Creation of dynamic property app::$rs_offer_msg is deprecated in C:\xampp\Desktop\mdcnpal\htdocs\public_html\core\app.php on line 434
[2026-07-06 18:23:53] Creation of dynamic property app::$rs_for_doctors is deprecated in C:\xampp\Desktop\mdcnpal\htdocs\public_html\core\app.php on line 434
[2026-07-06 18:23:53] Undefined property: app::$rs_cartmini in C:\xampp\Desktop\mdcnpal\htdocs\public_html\includes\header.php on line 131
[2026-07-06 18:23:53] Undefined array key "MDRCCustID" in C:\xampp\Desktop\mdcnpal\htdocs\public_html\includes\header.php on line 134
[2026-07-06 18:23:53] Undefined property: app::$rs_cartmini in C:\xampp\Desktop\mdcnpal\htdocs\public_html\includes\header.php on line 197
[2026-07-06 18:23:53] Undefined array key "MDRCCustID" in C:\xampp\Desktop\mdcnpal\htdocs\public_html\includes\header.php on line 200
[2026-07-06 18:23:53] Undefined property: app::$rs_cartmini in C:\xampp\Desktop\mdcnpal\htdocs\public_html\includes\header.php on line 469
[2026-07-06 18:23:53] Undefined array key "MDRCCustID" in C:\xampp\Desktop\mdcnpal\htdocs\public_html\includes\header.php on line 472
[2026-07-06 18:23:53] Undefined property: app::$rs_cartmini in C:\xampp\Desktop\mdcnpal\htdocs\public_html\includes\header.php on line 525
[2026-07-06 18:23:53] Undefined array key "MDRCCustID" in C:\xampp\Desktop\mdcnpal\htdocs\public_html\includes\header.php on line 528
[2026-07-06 18:23:53] Undefined property: app::$rs_customer in C:\xampp\Desktop\mdcnpal\htdocs\public_html\includes\header.php on line 712
[2026-07-06 18:23:53] Trying to access array offset on value of type null in C:\xampp\Desktop\mdcnpal\htdocs\public_html\includes\header.php on line 712
[2026-07-06 18:23:53] Undefined property: app::$rs_customer in C:\xampp\Desktop\mdcnpal\htdocs\public_html\includes\header.php on line 721
[2026-07-06 18:23:53] Trying to access array offset on value of type null in C:\xampp\Desktop\mdcnpal\htdocs\public_html\includes\header.php on line 721
[2026-07-06 18:23:53] Undefined property: app::$rs_customer in C:\xampp\Desktop\mdcnpal\htdocs\public_html\includes\header.php on line 730
[2026-07-06 18:23:53] Trying to access array offset on value of type null in C:\xampp\Desktop\mdcnpal\htdocs\public_html\includes\header.php on line 730
[2026-07-06 18:23:53] Undefined property: app::$rs_customer in C:\xampp\Desktop\mdcnpal\htdocs\public_html\includes\header.php on line 739
[2026-07-06 18:23:53] Trying to access array offset on value of type null in C:\xampp\Desktop\mdcnpal\htdocs\public_html\includes\header.php on line 739
[2026-07-06 18:23:53] Undefined property: app::$rs_customer in C:\xampp\Desktop\mdcnpal\htdocs\public_html\includes\footer.php on line 357
[2026-07-06 18:23:53] Trying to access array offset on value of type null in C:\xampp\Desktop\mdcnpal\htdocs\public_html\includes\footer.php on line 357
[2026-07-06 18:23:53] Undefined property: app::$rs_customer in C:\xampp\Desktop\mdcnpal\htdocs\public_html\includes\footer.php on line 366
[2026-07-06 18:23:53] Trying to access array offset on value of type null in C:\xampp\Desktop\mdcnpal\htdocs\public_html\includes\footer.php on line 366
[2026-07-06 18:23:53] Undefined property: app::$rs_customer in C:\xampp\Desktop\mdcnpal\htdocs\public_html\includes\footer.php on line 372
[2026-07-06 18:23:53] Trying to access array offset on value of type null in C:\xampp\Desktop\mdcnpal\htdocs\public_html\includes\footer.php on line 372
[2026-07-06 18:23:53] Undefined property: app::$rs_customer in C:\xampp\Desktop\mdcnpal\htdocs\public_html\includes\general_data.php on line 88
[2026-07-06 18:23:53] Trying to access array offset on value of type null in C:\xampp\Desktop\mdcnpal\htdocs\public_html\includes\general_data.php on line 88
[2026-07-06 18:23:53] Undefined array key "MDRCCustID" in C:\xampp\Desktop\mdcnpal\htdocs\public_html\includes\general_data.php on line 88
[2026-07-06 18:23:53] Undefined variable $tmpStr in C:\xampp\Desktop\mdcnpal\htdocs\public_html\core\app.php on line 971
[2026-07-06 18:23:53] Creation of dynamic property dbclass::$RECORD_SET is deprecated in C:\xampp\Desktop\mdcnpal\htdocs\public_html\core\dbclass.php on line 69
[2026-07-06 18:23:53] Creation of dynamic property dbclass::$app is deprecated in C:\xampp\Desktop\mdcnpal\htdocs\public_html\core\dbclass.php on line 75
[2026-07-06 18:23:53] Creation of dynamic property model::$foreign_tables is deprecated in C:\xampp\Desktop\mdcnpal\htdocs\public_html\core\model.php on line 43
[2026-07-06 18:23:53] Creation of dynamic property app::$inputfilter is deprecated in C:\xampp\Desktop\mdcnpal\htdocs\public_html\core\app.php on line 123
[2026-07-06 18:23:53] Creation of dynamic property app::$userconfig is deprecated in C:\xampp\Desktop\mdcnpal\htdocs\public_html\core\app.php on line 124
[2026-07-06 18:23:53] Creation of dynamic property app::$global_include is deprecated in C:\xampp\Desktop\mdcnpal\htdocs\public_html\core\app.php on line 125
[2026-07-06 18:23:53] Creation of dynamic property app::$set_cache_time is deprecated in C:\xampp\Desktop\mdcnpal\htdocs\public_html\core\app.php on line 153
[2026-07-06 18:23:53] Creation of dynamic property app::$meta is deprecated in C:\xampp\Desktop\mdcnpal\htdocs\public_html\core\app.php on line 434
[2026-07-06 18:23:53] Creation of dynamic property app::$rs_gs_city is deprecated in C:\xampp\Desktop\mdcnpal\htdocs\public_html\core\app.php on line 434
[2026-07-06 18:23:53] Creation of dynamic property app::$rs_footer_popular_item is deprecated in C:\xampp\Desktop\mdcnpal\htdocs\public_html\core\app.php on line 434
[2026-07-06 18:23:53] Creation of dynamic property app::$rs_footer_popular_test is deprecated in C:\xampp\Desktop\mdcnpal\htdocs\public_html\core\app.php on line 434
[2026-07-06 18:23:53] Creation of dynamic property app::$rs_testimonial is deprecated in C:\xampp\Desktop\mdcnpal\htdocs\public_html\core\app.php on line 434
[2026-07-06 18:23:53] Creation of dynamic property app::$admin is deprecated in C:\xampp\Desktop\mdcnpal\htdocs\public_html\core\app.php on line 434
[2026-07-06 18:23:53] Undefined array key 0 in C:\xampp\Desktop\mdcnpal\htdocs\public_html\core\global_include.php on line 514
[2026-07-06 18:23:53] Creation of dynamic property app::$popup is deprecated in C:\xampp\Desktop\mdcnpal\htdocs\public_html\core\app.php on line 434
[2026-07-06 18:23:53] Undefined array key "MDRCCustID" in C:\xampp\Desktop\mdcnpal\htdocs\public_html\core\global_include.php on line 515
[2026-07-06 18:23:53] Undefined array key "MDRCToken" in C:\xampp\Desktop\mdcnpal\htdocs\public_html\core\global_include.php on line 515
[2026-07-06 18:23:53] Creation of dynamic property app::$rscategory is deprecated in C:\xampp\Desktop\mdcnpal\htdocs\public_html\core\app.php on line 434
[2026-07-06 18:23:53] Creation of dynamic property app::$rs_pages is deprecated in C:\xampp\Desktop\mdcnpal\htdocs\public_html\core\app.php on line 434
[2026-07-06 18:23:53] Creation of dynamic property app::$gs is deprecated in C:\xampp\Desktop\mdcnpal\htdocs\public_html\core\app.php on line 434
[2026-07-06 18:23:53] Undefined array key "MDRCCustID" in C:\xampp\Desktop\mdcnpal\htdocs\public_html\core\global_include.php on line 596
[2026-07-06 18:23:53] Undefined array key "MDRCCustID" in C:\xampp\Desktop\mdcnpal\htdocs\public_html\core\global_include.php on line 615
[2026-07-06 18:23:53] Undefined variable $getId in C:\xampp\Desktop\mdcnpal\htdocs\public_html\core\global_include.php on line 684
[2026-07-06 18:23:53] Undefined variable $getName in C:\xampp\Desktop\mdcnpal\htdocs\public_html\core\global_include.php on line 685
[2026-07-06 18:23:53] Undefined array key 0 in C:\xampp\Desktop\mdcnpal\htdocs\public_html\core\global_include.php on line 810
[2026-07-06 18:23:53] Creation of dynamic property app::$rs_offer_msg is deprecated in C:\xampp\Desktop\mdcnpal\htdocs\public_html\core\app.php on line 434
[2026-07-06 18:23:53] Creation of dynamic property app::$rs_for_doctors is deprecated in C:\xampp\Desktop\mdcnpal\htdocs\public_html\core\app.php on line 434
[2026-07-06 18:23:53] Undefined property: app::$rs_cartmini in C:\xampp\Desktop\mdcnpal\htdocs\public_html\includes\header.php on line 131
[2026-07-06 18:23:53] Undefined array key "MDRCCustID" in C:\xampp\Desktop\mdcnpal\htdocs\public_html\includes\header.php on line 134
[2026-07-06 18:23:53] Undefined property: app::$rs_cartmini in C:\xampp\Desktop\mdcnpal\htdocs\public_html\includes\header.php on line 197
[2026-07-06 18:23:53] Undefined array key "MDRCCustID" in C:\xampp\Desktop\mdcnpal\htdocs\public_html\includes\header.php on line 200
[2026-07-06 18:23:53] Undefined property: app::$rs_cartmini in C:\xampp\Desktop\mdcnpal\htdocs\public_html\includes\header.php on line 469
[2026-07-06 18:23:53] Undefined array key "MDRCCustID" in C:\xampp\Desktop\mdcnpal\htdocs\public_html\includes\header.php on line 472
[2026-07-06 18:23:53] Undefined property: app::$rs_cartmini in C:\xampp\Desktop\mdcnpal\htdocs\public_html\includes\header.php on line 525
[2026-07-06 18:23:53] Undefined array key "MDRCCustID" in C:\xampp\Desktop\mdcnpal\htdocs\public_html\includes\header.php on line 528
[2026-07-06 18:23:53] Undefined property: app::$rs_customer in C:\xampp\Desktop\mdcnpal\htdocs\public_html\includes\header.php on line 712
[2026-07-06 18:23:53] Trying to access array offset on value of type null in C:\xampp\Desktop\mdcnpal\htdocs\public_html\includes\header.php on line 712
[2026-07-06 18:23:53] Undefined property: app::$rs_customer in C:\xampp\Desktop\mdcnpal\htdocs\public_html\includes\header.php on line 721
[2026-07-06 18:23:53] Trying to access array offset on value of type null in C:\xampp\Desktop\mdcnpal\htdocs\public_html\includes\header.php on line 721
[2026-07-06 18:23:53] Undefined property: app::$rs_customer in C:\xampp\Desktop\mdcnpal\htdocs\public_html\includes\header.php on line 730
[2026-07-06 18:23:53] Trying to access array offset on value of type null in C:\xampp\Desktop\mdcnpal\htdocs\public_html\includes\header.php on line 730
[2026-07-06 18:23:53] Undefined property: app::$rs_customer in C:\xampp\Desktop\mdcnpal\htdocs\public_html\includes\header.php on line 739
[2026-07-06 18:23:53] Trying to access array offset on value of type null in C:\xampp\Desktop\mdcnpal\htdocs\public_html\includes\header.php on line 739
[2026-07-06 18:23:53] Undefined property: app::$rs_customer in C:\xampp\Desktop\mdcnpal\htdocs\public_html\includes\footer.php on line 357
[2026-07-06 18:23:53] Trying to access array offset on value of type null in C:\xampp\Desktop\mdcnpal\htdocs\public_html\includes\footer.php on line 357
[2026-07-06 18:23:53] Undefined property: app::$rs_customer in C:\xampp\Desktop\mdcnpal\htdocs\public_html\includes\footer.php on line 366
[2026-07-06 18:23:53] Trying to access array offset on value of type null in C:\xampp\Desktop\mdcnpal\htdocs\public_html\includes\footer.php on line 366
[2026-07-06 18:23:53] Undefined property: app::$rs_customer in C:\xampp\Desktop\mdcnpal\htdocs\public_html\includes\footer.php on line 372
[2026-07-06 18:23:53] Trying to access array offset on value of type null in C:\xampp\Desktop\mdcnpal\htdocs\public_html\includes\footer.php on line 372
[2026-07-06 18:23:53] Undefined property: app::$rs_customer in C:\xampp\Desktop\mdcnpal\htdocs\public_html\includes\general_data.php on line 88
[2026-07-06 18:23:53] Trying to access array offset on value of type null in C:\xampp\Desktop\mdcnpal\htdocs\public_html\includes\general_data.php on line 88
[2026-07-06 18:23:53] Undefined array key "MDRCCustID" in C:\xampp\Desktop\mdcnpal\htdocs\public_html\includes\general_data.php on line 88
[2026-07-06 18:23:53] Undefined variable $tmpStr in C:\xampp\Desktop\mdcnpal\htdocs\public_html\core\app.php on line 971
[2026-07-06 18:23:54] Creation of dynamic property dbclass::$RECORD_SET is deprecated in C:\xampp\Desktop\mdcnpal\htdocs\public_html\core\dbclass.php on line 69
[2026-07-06 18:23:54] Creation of dynamic property dbclass::$app is deprecated in C:\xampp\Desktop\mdcnpal\htdocs\public_html\core\dbclass.php on line 75
[2026-07-06 18:23:54] Creation of dynamic property model::$foreign_tables is deprecated in C:\xampp\Desktop\mdcnpal\htdocs\public_html\core\model.php on line 43
[2026-07-06 18:23:54] Creation of dynamic property app::$inputfilter is deprecated in C:\xampp\Desktop\mdcnpal\htdocs\public_html\core\app.php on line 123
[2026-07-06 18:23:54] Creation of dynamic property app::$userconfig is deprecated in C:\xampp\Desktop\mdcnpal\htdocs\public_html\core\app.php on line 124
[2026-07-06 18:23:54] Creation of dynamic property app::$global_include is deprecated in C:\xampp\Desktop\mdcnpal\htdocs\public_html\core\app.php on line 125
[2026-07-06 18:23:54] Creation of dynamic property app::$set_cache_time is deprecated in C:\xampp\Desktop\mdcnpal\htdocs\public_html\core\app.php on line 153
[2026-07-06 18:23:54] Creation of dynamic property app::$meta is deprecated in C:\xampp\Desktop\mdcnpal\htdocs\public_html\core\app.php on line 434
[2026-07-06 18:23:54] Creation of dynamic property app::$rs_gs_city is deprecated in C:\xampp\Desktop\mdcnpal\htdocs\public_html\core\app.php on line 434
[2026-07-06 18:23:54] Creation of dynamic property app::$rs_footer_popular_item is deprecated in C:\xampp\Desktop\mdcnpal\htdocs\public_html\core\app.php on line 434
[2026-07-06 18:23:54] Creation of dynamic property app::$rs_footer_popular_test is deprecated in C:\xampp\Desktop\mdcnpal\htdocs\public_html\core\app.php on line 434
[2026-07-06 18:23:54] Creation of dynamic property app::$rs_testimonial is deprecated in C:\xampp\Desktop\mdcnpal\htdocs\public_html\core\app.php on line 434
[2026-07-06 18:23:54] Creation of dynamic property app::$admin is deprecated in C:\xampp\Desktop\mdcnpal\htdocs\public_html\core\app.php on line 434
[2026-07-06 18:23:54] Undefined array key 0 in C:\xampp\Desktop\mdcnpal\htdocs\public_html\core\global_include.php on line 514
[2026-07-06 18:23:54] Creation of dynamic property app::$popup is deprecated in C:\xampp\Desktop\mdcnpal\htdocs\public_html\core\app.php on line 434
[2026-07-06 18:23:54] Undefined array key "MDRCCustID" in C:\xampp\Desktop\mdcnpal\htdocs\public_html\core\global_include.php on line 515
[2026-07-06 18:23:54] Undefined array key "MDRCToken" in C:\xampp\Desktop\mdcnpal\htdocs\public_html\core\global_include.php on line 515
[2026-07-06 18:23:54] Creation of dynamic property app::$rscategory is deprecated in C:\xampp\Desktop\mdcnpal\htdocs\public_html\core\app.php on line 434
[2026-07-06 18:23:54] Creation of dynamic property app::$rs_pages is deprecated in C:\xampp\Desktop\mdcnpal\htdocs\public_html\core\app.php on line 434
[2026-07-06 18:23:54] Creation of dynamic property app::$gs is deprecated in C:\xampp\Desktop\mdcnpal\htdocs\public_html\core\app.php on line 434
[2026-07-06 18:23:54] Undefined array key "MDRCCustID" in C:\xampp\Desktop\mdcnpal\htdocs\public_html\core\global_include.php on line 596
[2026-07-06 18:23:54] Undefined array key "MDRCCustID" in C:\xampp\Desktop\mdcnpal\htdocs\public_html\core\global_include.php on line 615
[2026-07-06 18:23:54] Undefined variable $getId in C:\xampp\Desktop\mdcnpal\htdocs\public_html\core\global_include.php on line 684
[2026-07-06 18:23:54] Undefined variable $getName in C:\xampp\Desktop\mdcnpal\htdocs\public_html\core\global_include.php on line 685
[2026-07-06 18:23:54] Undefined array key 0 in C:\xampp\Desktop\mdcnpal\htdocs\public_html\core\global_include.php on line 810
[2026-07-06 18:23:54] Creation of dynamic property app::$rs_offer_msg is deprecated in C:\xampp\Desktop\mdcnpal\htdocs\public_html\core\app.php on line 434
[2026-07-06 18:23:54] Creation of dynamic property app::$rs_for_doctors is deprecated in C:\xampp\Desktop\mdcnpal\htdocs\public_html\core\app.php on line 434
[2026-07-06 18:23:54] Undefined property: app::$rs_cartmini in C:\xampp\Desktop\mdcnpal\htdocs\public_html\includes\header.php on line 131
[2026-07-06 18:23:54] Undefined array key "MDRCCustID" in C:\xampp\Desktop\mdcnpal\htdocs\public_html\includes\header.php on line 134
[2026-07-06 18:23:54] Undefined property: app::$rs_cartmini in C:\xampp\Desktop\mdcnpal\htdocs\public_html\includes\header.php on line 197
[2026-07-06 18:23:54] Undefined array key "MDRCCustID" in C:\xampp\Desktop\mdcnpal\htdocs\public_html\includes\header.php on line 200
[2026-07-06 18:23:54] Undefined property: app::$rs_cartmini in C:\xampp\Desktop\mdcnpal\htdocs\public_html\includes\header.php on line 469
[2026-07-06 18:23:54] Undefined array key "MDRCCustID" in C:\xampp\Desktop\mdcnpal\htdocs\public_html\includes\header.php on line 472
[2026-07-06 18:23:54] Undefined property: app::$rs_cartmini in C:\xampp\Desktop\mdcnpal\htdocs\public_html\includes\header.php on line 525
[2026-07-06 18:23:54] Undefined array key "MDRCCustID" in C:\xampp\Desktop\mdcnpal\htdocs\public_html\includes\header.php on line 528
[2026-07-06 18:23:54] Undefined property: app::$rs_customer in C:\xampp\Desktop\mdcnpal\htdocs\public_html\includes\header.php on line 712
[2026-07-06 18:23:54] Trying to access array offset on value of type null in C:\xampp\Desktop\mdcnpal\htdocs\public_html\includes\header.php on line 712
[2026-07-06 18:23:54] Undefined property: app::$rs_customer in C:\xampp\Desktop\mdcnpal\htdocs\public_html\includes\header.php on line 721
[2026-07-06 18:23:54] Trying to access array offset on value of type null in C:\xampp\Desktop\mdcnpal\htdocs\public_html\includes\header.php on line 721
[2026-07-06 18:23:54] Undefined property: app::$rs_customer in C:\xampp\Desktop\mdcnpal\htdocs\public_html\includes\header.php on line 730
[2026-07-06 18:23:54] Trying to access array offset on value of type null in C:\xampp\Desktop\mdcnpal\htdocs\public_html\includes\header.php on line 730
[2026-07-06 18:23:54] Undefined property: app::$rs_customer in C:\xampp\Desktop\mdcnpal\htdocs\public_html\includes\header.php on line 739
[2026-07-06 18:23:54] Trying to access array offset on value of type null in C:\xampp\Desktop\mdcnpal\htdocs\public_html\includes\header.php on line 739
[2026-07-06 18:23:54] Undefined property: app::$rs_customer in C:\xampp\Desktop\mdcnpal\htdocs\public_html\includes\footer.php on line 357
[2026-07-06 18:23:54] Trying to access array offset on value of type null in C:\xampp\Desktop\mdcnpal\htdocs\public_html\includes\footer.php on line 357
[2026-07-06 18:23:54] Undefined property: app::$rs_customer in C:\xampp\Desktop\mdcnpal\htdocs\public_html\includes\footer.php on line 366
[2026-07-06 18:23:54] Trying to access array offset on value of type null in C:\xampp\Desktop\mdcnpal\htdocs\public_html\includes\footer.php on line 366
[2026-07-06 18:23:54] Undefined property: app::$rs_customer in C:\xampp\Desktop\mdcnpal\htdocs\public_html\includes\footer.php on line 372
[2026-07-06 18:23:54] Trying to access array offset on value of type null in C:\xampp\Desktop\mdcnpal\htdocs\public_html\includes\footer.php on line 372
[2026-07-06 18:23:54] Undefined property: app::$rs_customer in C:\xampp\Desktop\mdcnpal\htdocs\public_html\includes\general_data.php on line 88
[2026-07-06 18:23:54] Trying to access array offset on value of type null in C:\xampp\Desktop\mdcnpal\htdocs\public_html\includes\general_data.php on line 88
[2026-07-06 18:23:54] Undefined array key "MDRCCustID" in C:\xampp\Desktop\mdcnpal\htdocs\public_html\includes\general_data.php on line 88
[2026-07-06 18:23:54] Undefined variable $tmpStr in C:\xampp\Desktop\mdcnpal\htdocs\public_html\core\app.php on line 971
[2026-07-06 18:23:54] Creation of dynamic property dbclass::$RECORD_SET is deprecated in C:\xampp\Desktop\mdcnpal\htdocs\public_html\core\dbclass.php on line 69
[2026-07-06 18:23:54] Creation of dynamic property dbclass::$app is deprecated in C:\xampp\Desktop\mdcnpal\htdocs\public_html\core\dbclass.php on line 75
[2026-07-06 18:23:54] Creation of dynamic property model::$foreign_tables is deprecated in C:\xampp\Desktop\mdcnpal\htdocs\public_html\core\model.php on line 43
[2026-07-06 18:23:54] Creation of dynamic property app::$inputfilter is deprecated in C:\xampp\Desktop\mdcnpal\htdocs\public_html\core\app.php on line 123
[2026-07-06 18:23:54] Creation of dynamic property app::$userconfig is deprecated in C:\xampp\Desktop\mdcnpal\htdocs\public_html\core\app.php on line 124
[2026-07-06 18:23:54] Creation of dynamic property app::$global_include is deprecated in C:\xampp\Desktop\mdcnpal\htdocs\public_html\core\app.php on line 125
[2026-07-06 18:23:54] Creation of dynamic property app::$set_cache_time is deprecated in C:\xampp\Desktop\mdcnpal\htdocs\public_html\core\app.php on line 153
[2026-07-06 18:23:54] Creation of dynamic property app::$meta is deprecated in C:\xampp\Desktop\mdcnpal\htdocs\public_html\core\app.php on line 434
[2026-07-06 18:23:54] Creation of dynamic property app::$rs_gs_city is deprecated in C:\xampp\Desktop\mdcnpal\htdocs\public_html\core\app.php on line 434
[2026-07-06 18:23:54] Creation of dynamic property app::$rs_footer_popular_item is deprecated in C:\xampp\Desktop\mdcnpal\htdocs\public_html\core\app.php on line 434
[2026-07-06 18:23:54] Creation of dynamic property app::$rs_footer_popular_test is deprecated in C:\xampp\Desktop\mdcnpal\htdocs\public_html\core\app.php on line 434
[2026-07-06 18:23:54] Creation of dynamic property app::$rs_testimonial is deprecated in C:\xampp\Desktop\mdcnpal\htdocs\public_html\core\app.php on line 434
[2026-07-06 18:23:54] Creation of dynamic property app::$admin is deprecated in C:\xampp\Desktop\mdcnpal\htdocs\public_html\core\app.php on line 434
[2026-07-06 18:23:54] Undefined array key 0 in C:\xampp\Desktop\mdcnpal\htdocs\public_html\core\global_include.php on line 514
[2026-07-06 18:23:54] Creation of dynamic property app::$popup is deprecated in C:\xampp\Desktop\mdcnpal\htdocs\public_html\core\app.php on line 434
[2026-07-06 18:23:54] Undefined array key "MDRCCustID" in C:\xampp\Desktop\mdcnpal\htdocs\public_html\core\global_include.php on line 515
[2026-07-06 18:23:54] Undefined array key "MDRCToken" in C:\xampp\Desktop\mdcnpal\htdocs\public_html\core\global_include.php on line 515
[2026-07-06 18:23:54] Creation of dynamic property app::$rscategory is deprecated in C:\xampp\Desktop\mdcnpal\htdocs\public_html\core\app.php on line 434
[2026-07-06 18:23:54] Creation of dynamic property app::$rs_pages is deprecated in C:\xampp\Desktop\mdcnpal\htdocs\public_html\core\app.php on line 434
[2026-07-06 18:23:54] Creation of dynamic property app::$gs is deprecated in C:\xampp\Desktop\mdcnpal\htdocs\public_html\core\app.php on line 434
[2026-07-06 18:23:54] Undefined array key "MDRCCustID" in C:\xampp\Desktop\mdcnpal\htdocs\public_html\core\global_include.php on line 596
[2026-07-06 18:23:54] Undefined array key "MDRCCustID" in C:\xampp\Desktop\mdcnpal\htdocs\public_html\core\global_include.php on line 615
[2026-07-06 18:23:54] Undefined variable $getId in C:\xampp\Desktop\mdcnpal\htdocs\public_html\core\global_include.php on line 684
[2026-07-06 18:23:54] Undefined variable $getName in C:\xampp\Desktop\mdcnpal\htdocs\public_html\core\global_include.php on line 685
[2026-07-06 18:23:54] Undefined array key 0 in C:\xampp\Desktop\mdcnpal\htdocs\public_html\core\global_include.php on line 810
[2026-07-06 18:23:54] Creation of dynamic property app::$rs_offer_msg is deprecated in C:\xampp\Desktop\mdcnpal\htdocs\public_html\core\app.php on line 434
[2026-07-06 18:23:54] Creation of dynamic property app::$rs_for_doctors is deprecated in C:\xampp\Desktop\mdcnpal\htdocs\public_html\core\app.php on line 434
[2026-07-06 18:23:54] Undefined property: app::$rs_cartmini in C:\xampp\Desktop\mdcnpal\htdocs\public_html\includes\header.php on line 131
[2026-07-06 18:23:54] Undefined array key "MDRCCustID" in C:\xampp\Desktop\mdcnpal\htdocs\public_html\includes\header.php on line 134
[2026-07-06 18:23:54] Undefined property: app::$rs_cartmini in C:\xampp\Desktop\mdcnpal\htdocs\public_html\includes\header.php on line 197
[2026-07-06 18:23:54] Undefined array key "MDRCCustID" in C:\xampp\Desktop\mdcnpal\htdocs\public_html\includes\header.php on line 200
[2026-07-06 18:23:54] Undefined property: app::$rs_cartmini in C:\xampp\Desktop\mdcnpal\htdocs\public_html\includes\header.php on line 469
[2026-07-06 18:23:54] Undefined array key "MDRCCustID" in C:\xampp\Desktop\mdcnpal\htdocs\public_html\includes\header.php on line 472
[2026-07-06 18:23:54] Undefined property: app::$rs_cartmini in C:\xampp\Desktop\mdcnpal\htdocs\public_html\includes\header.php on line 525
[2026-07-06 18:23:54] Undefined array key "MDRCCustID" in C:\xampp\Desktop\mdcnpal\htdocs\public_html\includes\header.php on line 528
[2026-07-06 18:23:54] Undefined property: app::$rs_customer in C:\xampp\Desktop\mdcnpal\htdocs\public_html\includes\header.php on line 712
[2026-07-06 18:23:54] Trying to access array offset on value of type null in C:\xampp\Desktop\mdcnpal\htdocs\public_html\includes\header.php on line 712
[2026-07-06 18:23:54] Undefined property: app::$rs_customer in C:\xampp\Desktop\mdcnpal\htdocs\public_html\includes\header.php on line 721
[2026-07-06 18:23:54] Trying to access array offset on value of type null in C:\xampp\Desktop\mdcnpal\htdocs\public_html\includes\header.php on line 721
[2026-07-06 18:23:54] Undefined property: app::$rs_customer in C:\xampp\Desktop\mdcnpal\htdocs\public_html\includes\header.php on line 730
[2026-07-06 18:23:54] Trying to access array offset on value of type null in C:\xampp\Desktop\mdcnpal\htdocs\public_html\includes\header.php on line 730
[2026-07-06 18:23:54] Undefined property: app::$rs_customer in C:\xampp\Desktop\mdcnpal\htdocs\public_html\includes\header.php on line 739
[2026-07-06 18:23:54] Trying to access array offset on value of type null in C:\xampp\Desktop\mdcnpal\htdocs\public_html\includes\header.php on line 739
[2026-07-06 18:23:54] Undefined property: app::$rs_cartmini in C:\xampp\Desktop\mdcnpal\htdocs\public_html\core\app.php(565) : eval()'d code on line 66
[06-Jul-2026 18:23:54 Asia/Kathmandu] PHP Fatal error:  Uncaught TypeError: count(): Argument #1 ($value) must be of type Countable|array, null given in C:\xampp\Desktop\mdcnpal\htdocs\public_html\core\app.php(565) : eval()'d code:66
Stack trace:
#0 C:\xampp\Desktop\mdcnpal\htdocs\public_html\core\app.php(565): eval()
#1 C:\xampp\Desktop\mdcnpal\htdocs\public_html\core\app.php(535): app->compile()
#2 C:\xampp\Desktop\mdcnpal\htdocs\public_html\core\app.php(516): app->package()
#3 C:\xampp\Desktop\mdcnpal\htdocs\public_html\index.php(6): app->execute()
#4 {main}
  thrown in C:\xampp\Desktop\mdcnpal\htdocs\public_html\core\app.php(565) : eval()'d code on line 66
[2026-07-06 18:23:54] Creation of dynamic property dbclass::$RECORD_SET is deprecated in C:\xampp\Desktop\mdcnpal\htdocs\public_html\core\dbclass.php on line 69
[2026-07-06 18:23:54] Creation of dynamic property dbclass::$app is deprecated in C:\xampp\Desktop\mdcnpal\htdocs\public_html\core\dbclass.php on line 75
[2026-07-06 18:23:54] Creation of dynamic property model::$foreign_tables is deprecated in C:\xampp\Desktop\mdcnpal\htdocs\public_html\core\model.php on line 43
[2026-07-06 18:23:54] Creation of dynamic property app::$inputfilter is deprecated in C:\xampp\Desktop\mdcnpal\htdocs\public_html\core\app.php on line 123
[2026-07-06 18:23:54] Creation of dynamic property app::$userconfig is deprecated in C:\xampp\Desktop\mdcnpal\htdocs\public_html\core\app.php on line 124
[2026-07-06 18:23:54] Creation of dynamic property app::$global_include is deprecated in C:\xampp\Desktop\mdcnpal\htdocs\public_html\core\app.php on line 125
[2026-07-06 18:23:54] Creation of dynamic property app::$set_cache_time is deprecated in C:\xampp\Desktop\mdcnpal\htdocs\public_html\core\app.php on line 153
[2026-07-06 18:23:54] Creation of dynamic property app::$meta is deprecated in C:\xampp\Desktop\mdcnpal\htdocs\public_html\core\app.php on line 434
[2026-07-06 18:23:54] Creation of dynamic property app::$rs_gs_city is deprecated in C:\xampp\Desktop\mdcnpal\htdocs\public_html\core\app.php on line 434
[2026-07-06 18:23:54] Creation of dynamic property app::$rs_footer_popular_item is deprecated in C:\xampp\Desktop\mdcnpal\htdocs\public_html\core\app.php on line 434
[2026-07-06 18:23:54] Creation of dynamic property app::$rs_footer_popular_test is deprecated in C:\xampp\Desktop\mdcnpal\htdocs\public_html\core\app.php on line 434
[2026-07-06 18:23:54] Creation of dynamic property app::$rs_testimonial is deprecated in C:\xampp\Desktop\mdcnpal\htdocs\public_html\core\app.php on line 434
[2026-07-06 18:23:54] Creation of dynamic property app::$admin is deprecated in C:\xampp\Desktop\mdcnpal\htdocs\public_html\core\app.php on line 434
[2026-07-06 18:23:54] Undefined array key 0 in C:\xampp\Desktop\mdcnpal\htdocs\public_html\core\global_include.php on line 514
[2026-07-06 18:23:54] Creation of dynamic property app::$popup is deprecated in C:\xampp\Desktop\mdcnpal\htdocs\public_html\core\app.php on line 434
[2026-07-06 18:23:54] Undefined array key "MDRCCustID" in C:\xampp\Desktop\mdcnpal\htdocs\public_html\core\global_include.php on line 515
[2026-07-06 18:23:54] Undefined array key "MDRCToken" in C:\xampp\Desktop\mdcnpal\htdocs\public_html\core\global_include.php on line 515
[2026-07-06 18:23:54] Creation of dynamic property app::$rscategory is deprecated in C:\xampp\Desktop\mdcnpal\htdocs\public_html\core\app.php on line 434
[2026-07-06 18:23:54] Creation of dynamic property app::$rs_pages is deprecated in C:\xampp\Desktop\mdcnpal\htdocs\public_html\core\app.php on line 434
[2026-07-06 18:23:54] Creation of dynamic property app::$gs is deprecated in C:\xampp\Desktop\mdcnpal\htdocs\public_html\core\app.php on line 434
[2026-07-06 18:23:54] Undefined array key "MDRCCustID" in C:\xampp\Desktop\mdcnpal\htdocs\public_html\core\global_include.php on line 596
[2026-07-06 18:23:54] Undefined array key "MDRCCustID" in C:\xampp\Desktop\mdcnpal\htdocs\public_html\core\global_include.php on line 615
[2026-07-06 18:23:54] Undefined variable $getId in C:\xampp\Desktop\mdcnpal\htdocs\public_html\core\global_include.php on line 684
[2026-07-06 18:23:54] Undefined variable $getName in C:\xampp\Desktop\mdcnpal\htdocs\public_html\core\global_include.php on line 685
[2026-07-06 18:23:54] Undefined array key 0 in C:\xampp\Desktop\mdcnpal\htdocs\public_html\core\global_include.php on line 810
[2026-07-06 18:23:54] Creation of dynamic property app::$rs_offer_msg is deprecated in C:\xampp\Desktop\mdcnpal\htdocs\public_html\core\app.php on line 434
[2026-07-06 18:23:54] Creation of dynamic property app::$rs_for_doctors is deprecated in C:\xampp\Desktop\mdcnpal\htdocs\public_html\core\app.php on line 434
[2026-07-06 18:23:54] Undefined property: app::$rs_cartmini in C:\xampp\Desktop\mdcnpal\htdocs\public_html\includes\header.php on line 131
[2026-07-06 18:23:54] Undefined array key "MDRCCustID" in C:\xampp\Desktop\mdcnpal\htdocs\public_html\includes\header.php on line 134
[2026-07-06 18:23:54] Undefined property: app::$rs_cartmini in C:\xampp\Desktop\mdcnpal\htdocs\public_html\includes\header.php on line 197
[2026-07-06 18:23:54] Undefined array key "MDRCCustID" in C:\xampp\Desktop\mdcnpal\htdocs\public_html\includes\header.php on line 200
[2026-07-06 18:23:54] Undefined property: app::$rs_cartmini in C:\xampp\Desktop\mdcnpal\htdocs\public_html\includes\header.php on line 469
[2026-07-06 18:23:54] Undefined array key "MDRCCustID" in C:\xampp\Desktop\mdcnpal\htdocs\public_html\includes\header.php on line 472
[2026-07-06 18:23:54] Undefined property: app::$rs_cartmini in C:\xampp\Desktop\mdcnpal\htdocs\public_html\includes\header.php on line 525
[2026-07-06 18:23:54] Undefined array key "MDRCCustID" in C:\xampp\Desktop\mdcnpal\htdocs\public_html\includes\header.php on line 528
[2026-07-06 18:23:54] Undefined property: app::$rs_customer in C:\xampp\Desktop\mdcnpal\htdocs\public_html\includes\header.php on line 712
[2026-07-06 18:23:54] Trying to access array offset on value of type null in C:\xampp\Desktop\mdcnpal\htdocs\public_html\includes\header.php on line 712
[2026-07-06 18:23:54] Undefined property: app::$rs_customer in C:\xampp\Desktop\mdcnpal\htdocs\public_html\includes\header.php on line 721
[2026-07-06 18:23:54] Trying to access array offset on value of type null in C:\xampp\Desktop\mdcnpal\htdocs\public_html\includes\header.php on line 721
[2026-07-06 18:23:54] Undefined property: app::$rs_customer in C:\xampp\Desktop\mdcnpal\htdocs\public_html\includes\header.php on line 730
[2026-07-06 18:23:54] Trying to access array offset on value of type null in C:\xampp\Desktop\mdcnpal\htdocs\public_html\includes\header.php on line 730
[2026-07-06 18:23:54] Undefined property: app::$rs_customer in C:\xampp\Desktop\mdcnpal\htdocs\public_html\includes\header.php on line 739
[2026-07-06 18:23:54] Trying to access array offset on value of type null in C:\xampp\Desktop\mdcnpal\htdocs\public_html\includes\header.php on line 739
[2026-07-06 18:23:54] Undefined property: app::$rs_customer in C:\xampp\Desktop\mdcnpal\htdocs\public_html\includes\footer.php on line 357
[2026-07-06 18:23:54] Trying to access array offset on value of type null in C:\xampp\Desktop\mdcnpal\htdocs\public_html\includes\footer.php on line 357
[2026-07-06 18:23:54] Undefined property: app::$rs_customer in C:\xampp\Desktop\mdcnpal\htdocs\public_html\includes\footer.php on line 366
[2026-07-06 18:23:54] Trying to access array offset on value of type null in C:\xampp\Desktop\mdcnpal\htdocs\public_html\includes\footer.php on line 366
[2026-07-06 18:23:54] Undefined property: app::$rs_customer in C:\xampp\Desktop\mdcnpal\htdocs\public_html\includes\footer.php on line 372
[2026-07-06 18:23:54] Trying to access array offset on value of type null in C:\xampp\Desktop\mdcnpal\htdocs\public_html\includes\footer.php on line 372
[2026-07-06 18:23:54] Undefined property: app::$rs_customer in C:\xampp\Desktop\mdcnpal\htdocs\public_html\includes\general_data.php on line 88
[2026-07-06 18:23:54] Trying to access array offset on value of type null in C:\xampp\Desktop\mdcnpal\htdocs\public_html\includes\general_data.php on line 88
[2026-07-06 18:23:54] Undefined array key "MDRCCustID" in C:\xampp\Desktop\mdcnpal\htdocs\public_html\includes\general_data.php on line 88
[2026-07-06 18:23:54] Undefined variable $tmpStr in C:\xampp\Desktop\mdcnpal\htdocs\public_html\core\app.php on line 971
[2026-07-06 18:23:55] Creation of dynamic property dbclass::$RECORD_SET is deprecated in C:\xampp\Desktop\mdcnpal\htdocs\public_html\core\dbclass.php on line 69
[2026-07-06 18:23:55] Creation of dynamic property dbclass::$app is deprecated in C:\xampp\Desktop\mdcnpal\htdocs\public_html\core\dbclass.php on line 75
[2026-07-06 18:23:55] Creation of dynamic property model::$foreign_tables is deprecated in C:\xampp\Desktop\mdcnpal\htdocs\public_html\core\model.php on line 43
[2026-07-06 18:23:55] Creation of dynamic property app::$inputfilter is deprecated in C:\xampp\Desktop\mdcnpal\htdocs\public_html\core\app.php on line 123
[2026-07-06 18:23:55] Creation of dynamic property app::$userconfig is deprecated in C:\xampp\Desktop\mdcnpal\htdocs\public_html\core\app.php on line 124
[2026-07-06 18:23:55] Creation of dynamic property app::$global_include is deprecated in C:\xampp\Desktop\mdcnpal\htdocs\public_html\core\app.php on line 125
[2026-07-06 18:23:55] Creation of dynamic property app::$set_cache_time is deprecated in C:\xampp\Desktop\mdcnpal\htdocs\public_html\core\app.php on line 153
[2026-07-06 18:23:55] Creation of dynamic property app::$meta is deprecated in C:\xampp\Desktop\mdcnpal\htdocs\public_html\core\app.php on line 434
[2026-07-06 18:23:55] Creation of dynamic property app::$rs_gs_city is deprecated in C:\xampp\Desktop\mdcnpal\htdocs\public_html\core\app.php on line 434
[2026-07-06 18:23:55] Creation of dynamic property app::$rs_footer_popular_item is deprecated in C:\xampp\Desktop\mdcnpal\htdocs\public_html\core\app.php on line 434
[2026-07-06 18:23:55] Creation of dynamic property app::$rs_footer_popular_test is deprecated in C:\xampp\Desktop\mdcnpal\htdocs\public_html\core\app.php on line 434
[2026-07-06 18:23:55] Creation of dynamic property app::$rs_testimonial is deprecated in C:\xampp\Desktop\mdcnpal\htdocs\public_html\core\app.php on line 434
[2026-07-06 18:23:55] Creation of dynamic property app::$admin is deprecated in C:\xampp\Desktop\mdcnpal\htdocs\public_html\core\app.php on line 434
[2026-07-06 18:23:55] Undefined array key 0 in C:\xampp\Desktop\mdcnpal\htdocs\public_html\core\global_include.php on line 514
[2026-07-06 18:23:55] Creation of dynamic property app::$popup is deprecated in C:\xampp\Desktop\mdcnpal\htdocs\public_html\core\app.php on line 434
[2026-07-06 18:23:55] Undefined array key "MDRCCustID" in C:\xampp\Desktop\mdcnpal\htdocs\public_html\core\global_include.php on line 515
[2026-07-06 18:23:55] Undefined array key "MDRCToken" in C:\xampp\Desktop\mdcnpal\htdocs\public_html\core\global_include.php on line 515
[2026-07-06 18:23:55] Creation of dynamic property app::$rscategory is deprecated in C:\xampp\Desktop\mdcnpal\htdocs\public_html\core\app.php on line 434
[2026-07-06 18:23:55] Creation of dynamic property app::$rs_pages is deprecated in C:\xampp\Desktop\mdcnpal\htdocs\public_html\core\app.php on line 434
[2026-07-06 18:23:55] Creation of dynamic property app::$gs is deprecated in C:\xampp\Desktop\mdcnpal\htdocs\public_html\core\app.php on line 434
[2026-07-06 18:23:55] Undefined array key "MDRCCustID" in C:\xampp\Desktop\mdcnpal\htdocs\public_html\core\global_include.php on line 596
[2026-07-06 18:23:55] Undefined array key "MDRCCustID" in C:\xampp\Desktop\mdcnpal\htdocs\public_html\core\global_include.php on line 615
[2026-07-06 18:23:55] Undefined variable $getId in C:\xampp\Desktop\mdcnpal\htdocs\public_html\core\global_include.php on line 684
[2026-07-06 18:23:55] Undefined variable $getName in C:\xampp\Desktop\mdcnpal\htdocs\public_html\core\global_include.php on line 685
[2026-07-06 18:23:55] Undefined array key 0 in C:\xampp\Desktop\mdcnpal\htdocs\public_html\core\global_include.php on line 810
[2026-07-06 18:23:55] Creation of dynamic property app::$rs_offer_msg is deprecated in C:\xampp\Desktop\mdcnpal\htdocs\public_html\core\app.php on line 434
[2026-07-06 18:23:55] Creation of dynamic property app::$rs_for_doctors is deprecated in C:\xampp\Desktop\mdcnpal\htdocs\public_html\core\app.php on line 434
[2026-07-06 18:23:55] Undefined property: app::$rs_cartmini in C:\xampp\Desktop\mdcnpal\htdocs\public_html\includes\header.php on line 131
[2026-07-06 18:23:55] Undefined array key "MDRCCustID" in C:\xampp\Desktop\mdcnpal\htdocs\public_html\includes\header.php on line 134
[2026-07-06 18:23:55] Undefined property: app::$rs_cartmini in C:\xampp\Desktop\mdcnpal\htdocs\public_html\includes\header.php on line 197
[2026-07-06 18:23:55] Undefined array key "MDRCCustID" in C:\xampp\Desktop\mdcnpal\htdocs\public_html\includes\header.php on line 200
[2026-07-06 18:23:55] Undefined property: app::$rs_cartmini in C:\xampp\Desktop\mdcnpal\htdocs\public_html\includes\header.php on line 469
[2026-07-06 18:23:55] Undefined array key "MDRCCustID" in C:\xampp\Desktop\mdcnpal\htdocs\public_html\includes\header.php on line 472
[2026-07-06 18:23:55] Undefined property: app::$rs_cartmini in C:\xampp\Desktop\mdcnpal\htdocs\public_html\includes\header.php on line 525
[2026-07-06 18:23:55] Undefined array key "MDRCCustID" in C:\xampp\Desktop\mdcnpal\htdocs\public_html\includes\header.php on line 528
[2026-07-06 18:23:55] Undefined property: app::$rs_customer in C:\xampp\Desktop\mdcnpal\htdocs\public_html\includes\header.php on line 712
[2026-07-06 18:23:55] Trying to access array offset on value of type null in C:\xampp\Desktop\mdcnpal\htdocs\public_html\includes\header.php on line 712
[2026-07-06 18:23:55] Undefined property: app::$rs_customer in C:\xampp\Desktop\mdcnpal\htdocs\public_html\includes\header.php on line 721
[2026-07-06 18:23:55] Trying to access array offset on value of type null in C:\xampp\Desktop\mdcnpal\htdocs\public_html\includes\header.php on line 721
[2026-07-06 18:23:55] Undefined property: app::$rs_customer in C:\xampp\Desktop\mdcnpal\htdocs\public_html\includes\header.php on line 730
[2026-07-06 18:23:55] Trying to access array offset on value of type null in C:\xampp\Desktop\mdcnpal\htdocs\public_html\includes\header.php on line 730
[2026-07-06 18:23:55] Undefined property: app::$rs_customer in C:\xampp\Desktop\mdcnpal\htdocs\public_html\includes\header.php on line 739
[2026-07-06 18:23:55] Trying to access array offset on value of type null in C:\xampp\Desktop\mdcnpal\htdocs\public_html\includes\header.php on line 739
[2026-07-06 18:23:55] Undefined property: app::$rs_customer in C:\xampp\Desktop\mdcnpal\htdocs\public_html\includes\footer.php on line 357
[2026-07-06 18:23:55] Trying to access array offset on value of type null in C:\xampp\Desktop\mdcnpal\htdocs\public_html\includes\footer.php on line 357
[2026-07-06 18:23:55] Undefined property: app::$rs_customer in C:\xampp\Desktop\mdcnpal\htdocs\public_html\includes\footer.php on line 366
[2026-07-06 18:23:55] Trying to access array offset on value of type null in C:\xampp\Desktop\mdcnpal\htdocs\public_html\includes\footer.php on line 366
[2026-07-06 18:23:55] Undefined property: app::$rs_customer in C:\xampp\Desktop\mdcnpal\htdocs\public_html\includes\footer.php on line 372
[2026-07-06 18:23:55] Trying to access array offset on value of type null in C:\xampp\Desktop\mdcnpal\htdocs\public_html\includes\footer.php on line 372
[2026-07-06 18:23:55] Undefined property: app::$rs_customer in C:\xampp\Desktop\mdcnpal\htdocs\public_html\includes\general_data.php on line 88
[2026-07-06 18:23:55] Trying to access array offset on value of type null in C:\xampp\Desktop\mdcnpal\htdocs\public_html\includes\general_data.php on line 88
[2026-07-06 18:23:55] Undefined array key "MDRCCustID" in C:\xampp\Desktop\mdcnpal\htdocs\public_html\includes\general_data.php on line 88
[2026-07-06 18:23:55] Undefined variable $tmpStr in C:\xampp\Desktop\mdcnpal\htdocs\public_html\core\app.php on line 971
[2026-07-06 18:23:55] Creation of dynamic property dbclass::$RECORD_SET is deprecated in C:\xampp\Desktop\mdcnpal\htdocs\public_html\core\dbclass.php on line 69
[2026-07-06 18:23:55] Creation of dynamic property dbclass::$app is deprecated in C:\xampp\Desktop\mdcnpal\htdocs\public_html\core\dbclass.php on line 75
[2026-07-06 18:23:55] Creation of dynamic property model::$foreign_tables is deprecated in C:\xampp\Desktop\mdcnpal\htdocs\public_html\core\model.php on line 43
[2026-07-06 18:23:55] Creation of dynamic property app::$inputfilter is deprecated in C:\xampp\Desktop\mdcnpal\htdocs\public_html\core\app.php on line 123
[2026-07-06 18:23:55] Creation of dynamic property app::$userconfig is deprecated in C:\xampp\Desktop\mdcnpal\htdocs\public_html\core\app.php on line 124
[2026-07-06 18:23:55] Creation of dynamic property app::$global_include is deprecated in C:\xampp\Desktop\mdcnpal\htdocs\public_html\core\app.php on line 125
[2026-07-06 18:23:55] Creation of dynamic property app::$set_cache_time is deprecated in C:\xampp\Desktop\mdcnpal\htdocs\public_html\core\app.php on line 153
[2026-07-06 18:23:55] Creation of dynamic property app::$meta is deprecated in C:\xampp\Desktop\mdcnpal\htdocs\public_html\core\app.php on line 434
[2026-07-06 18:23:55] Creation of dynamic property app::$rs_gs_city is deprecated in C:\xampp\Desktop\mdcnpal\htdocs\public_html\core\app.php on line 434
[2026-07-06 18:23:55] Creation of dynamic property app::$rs_footer_popular_item is deprecated in C:\xampp\Desktop\mdcnpal\htdocs\public_html\core\app.php on line 434
[2026-07-06 18:23:56] Creation of dynamic property app::$rs_footer_popular_test is deprecated in C:\xampp\Desktop\mdcnpal\htdocs\public_html\core\app.php on line 434
[2026-07-06 18:23:56] Creation of dynamic property app::$rs_testimonial is deprecated in C:\xampp\Desktop\mdcnpal\htdocs\public_html\core\app.php on line 434
[2026-07-06 18:23:56] Creation of dynamic property app::$admin is deprecated in C:\xampp\Desktop\mdcnpal\htdocs\public_html\core\app.php on line 434
[2026-07-06 18:23:56] Undefined array key 0 in C:\xampp\Desktop\mdcnpal\htdocs\public_html\core\global_include.php on line 514
[2026-07-06 18:23:56] Creation of dynamic property app::$popup is deprecated in C:\xampp\Desktop\mdcnpal\htdocs\public_html\core\app.php on line 434
[2026-07-06 18:23:56] Undefined array key "MDRCCustID" in C:\xampp\Desktop\mdcnpal\htdocs\public_html\core\global_include.php on line 515
[2026-07-06 18:23:56] Undefined array key "MDRCToken" in C:\xampp\Desktop\mdcnpal\htdocs\public_html\core\global_include.php on line 515
[2026-07-06 18:23:56] Creation of dynamic property app::$rscategory is deprecated in C:\xampp\Desktop\mdcnpal\htdocs\public_html\core\app.php on line 434
[2026-07-06 18:23:56] Creation of dynamic property app::$rs_pages is deprecated in C:\xampp\Desktop\mdcnpal\htdocs\public_html\core\app.php on line 434
[2026-07-06 18:23:56] Creation of dynamic property app::$gs is deprecated in C:\xampp\Desktop\mdcnpal\htdocs\public_html\core\app.php on line 434
[2026-07-06 18:23:56] Undefined array key "MDRCCustID" in C:\xampp\Desktop\mdcnpal\htdocs\public_html\core\global_include.php on line 596
[2026-07-06 18:23:56] Undefined array key "MDRCCustID" in C:\xampp\Desktop\mdcnpal\htdocs\public_html\core\global_include.php on line 615
[2026-07-06 18:23:56] Undefined variable $getId in C:\xampp\Desktop\mdcnpal\htdocs\public_html\core\global_include.php on line 684
[2026-07-06 18:23:56] Undefined variable $getName in C:\xampp\Desktop\mdcnpal\htdocs\public_html\core\global_include.php on line 685
[2026-07-06 18:23:56] Undefined array key 0 in C:\xampp\Desktop\mdcnpal\htdocs\public_html\core\global_include.php on line 810
[2026-07-06 18:23:56] Creation of dynamic property app::$rs_offer_msg is deprecated in C:\xampp\Desktop\mdcnpal\htdocs\public_html\core\app.php on line 434
[2026-07-06 18:23:56] Creation of dynamic property app::$rs_for_doctors is deprecated in C:\xampp\Desktop\mdcnpal\htdocs\public_html\core\app.php on line 434
[2026-07-06 18:23:56] Undefined property: app::$rs_cartmini in C:\xampp\Desktop\mdcnpal\htdocs\public_html\includes\header.php on line 131
[2026-07-06 18:23:56] Undefined array key "MDRCCustID" in C:\xampp\Desktop\mdcnpal\htdocs\public_html\includes\header.php on line 134
[2026-07-06 18:23:56] Undefined property: app::$rs_cartmini in C:\xampp\Desktop\mdcnpal\htdocs\public_html\includes\header.php on line 197
[2026-07-06 18:23:56] Undefined array key "MDRCCustID" in C:\xampp\Desktop\mdcnpal\htdocs\public_html\includes\header.php on line 200
[2026-07-06 18:23:56] Undefined property: app::$rs_cartmini in C:\xampp\Desktop\mdcnpal\htdocs\public_html\includes\header.php on line 469
[2026-07-06 18:23:56] Undefined array key "MDRCCustID" in C:\xampp\Desktop\mdcnpal\htdocs\public_html\includes\header.php on line 472
[2026-07-06 18:23:56] Undefined property: app::$rs_cartmini in C:\xampp\Desktop\mdcnpal\htdocs\public_html\includes\header.php on line 525
[2026-07-06 18:23:56] Undefined array key "MDRCCustID" in C:\xampp\Desktop\mdcnpal\htdocs\public_html\includes\header.php on line 528
[2026-07-06 18:23:56] Undefined property: app::$rs_customer in C:\xampp\Desktop\mdcnpal\htdocs\public_html\includes\header.php on line 712
[2026-07-06 18:23:56] Trying to access array offset on value of type null in C:\xampp\Desktop\mdcnpal\htdocs\public_html\includes\header.php on line 712
[2026-07-06 18:23:56] Undefined property: app::$rs_customer in C:\xampp\Desktop\mdcnpal\htdocs\public_html\includes\header.php on line 721
[2026-07-06 18:23:56] Trying to access array offset on value of type null in C:\xampp\Desktop\mdcnpal\htdocs\public_html\includes\header.php on line 721
[2026-07-06 18:23:56] Undefined property: app::$rs_customer in C:\xampp\Desktop\mdcnpal\htdocs\public_html\includes\header.php on line 730
[2026-07-06 18:23:56] Trying to access array offset on value of type null in C:\xampp\Desktop\mdcnpal\htdocs\public_html\includes\header.php on line 730
[2026-07-06 18:23:56] Undefined property: app::$rs_customer in C:\xampp\Desktop\mdcnpal\htdocs\public_html\includes\header.php on line 739
[2026-07-06 18:23:56] Trying to access array offset on value of type null in C:\xampp\Desktop\mdcnpal\htdocs\public_html\includes\header.php on line 739
[2026-07-06 18:23:56] Undefined property: app::$rs_customer in C:\xampp\Desktop\mdcnpal\htdocs\public_html\includes\footer.php on line 357
[2026-07-06 18:23:56] Trying to access array offset on value of type null in C:\xampp\Desktop\mdcnpal\htdocs\public_html\includes\footer.php on line 357
[2026-07-06 18:23:56] Undefined property: app::$rs_customer in C:\xampp\Desktop\mdcnpal\htdocs\public_html\includes\footer.php on line 366
[2026-07-06 18:23:56] Trying to access array offset on value of type null in C:\xampp\Desktop\mdcnpal\htdocs\public_html\includes\footer.php on line 366
[2026-07-06 18:23:56] Undefined property: app::$rs_customer in C:\xampp\Desktop\mdcnpal\htdocs\public_html\includes\footer.php on line 372
[2026-07-06 18:23:56] Trying to access array offset on value of type null in C:\xampp\Desktop\mdcnpal\htdocs\public_html\includes\footer.php on line 372
[2026-07-06 18:23:56] Undefined property: app::$rs_customer in C:\xampp\Desktop\mdcnpal\htdocs\public_html\includes\general_data.php on line 88
[2026-07-06 18:23:56] Trying to access array offset on value of type null in C:\xampp\Desktop\mdcnpal\htdocs\public_html\includes\general_data.php on line 88
[2026-07-06 18:23:56] Undefined array key "MDRCCustID" in C:\xampp\Desktop\mdcnpal\htdocs\public_html\includes\general_data.php on line 88
[2026-07-06 18:23:56] Undefined variable $tmpStr in C:\xampp\Desktop\mdcnpal\htdocs\public_html\core\app.php on line 971
[2026-07-06 18:23:56] Creation of dynamic property dbclass::$RECORD_SET is deprecated in C:\xampp\Desktop\mdcnpal\htdocs\public_html\core\dbclass.php on line 69
[2026-07-06 18:23:56] Creation of dynamic property dbclass::$app is deprecated in C:\xampp\Desktop\mdcnpal\htdocs\public_html\core\dbclass.php on line 75
[2026-07-06 18:23:56] Creation of dynamic property model::$foreign_tables is deprecated in C:\xampp\Desktop\mdcnpal\htdocs\public_html\core\model.php on line 43
[2026-07-06 18:23:56] Creation of dynamic property app::$inputfilter is deprecated in C:\xampp\Desktop\mdcnpal\htdocs\public_html\core\app.php on line 123
[2026-07-06 18:23:56] Creation of dynamic property app::$userconfig is deprecated in C:\xampp\Desktop\mdcnpal\htdocs\public_html\core\app.php on line 124
[2026-07-06 18:23:56] Creation of dynamic property app::$global_include is deprecated in C:\xampp\Desktop\mdcnpal\htdocs\public_html\core\app.php on line 125
[2026-07-06 18:23:56] Creation of dynamic property app::$set_cache_time is deprecated in C:\xampp\Desktop\mdcnpal\htdocs\public_html\core\app.php on line 153
[2026-07-06 18:23:56] Creation of dynamic property app::$meta is deprecated in C:\xampp\Desktop\mdcnpal\htdocs\public_html\core\app.php on line 434
[2026-07-06 18:23:56] Creation of dynamic property app::$rs_gs_city is deprecated in C:\xampp\Desktop\mdcnpal\htdocs\public_html\core\app.php on line 434
[2026-07-06 18:23:56] Creation of dynamic property app::$rs_footer_popular_item is deprecated in C:\xampp\Desktop\mdcnpal\htdocs\public_html\core\app.php on line 434
[2026-07-06 18:23:56] Creation of dynamic property app::$rs_footer_popular_test is deprecated in C:\xampp\Desktop\mdcnpal\htdocs\public_html\core\app.php on line 434
[2026-07-06 18:23:56] Creation of dynamic property app::$rs_testimonial is deprecated in C:\xampp\Desktop\mdcnpal\htdocs\public_html\core\app.php on line 434
[2026-07-06 18:23:56] Creation of dynamic property app::$admin is deprecated in C:\xampp\Desktop\mdcnpal\htdocs\public_html\core\app.php on line 434
[2026-07-06 18:23:56] Undefined array key 0 in C:\xampp\Desktop\mdcnpal\htdocs\public_html\core\global_include.php on line 514
[2026-07-06 18:23:56] Creation of dynamic property app::$popup is deprecated in C:\xampp\Desktop\mdcnpal\htdocs\public_html\core\app.php on line 434
[2026-07-06 18:23:56] Undefined array key "MDRCCustID" in C:\xampp\Desktop\mdcnpal\htdocs\public_html\core\global_include.php on line 515
[2026-07-06 18:23:56] Undefined array key "MDRCToken" in C:\xampp\Desktop\mdcnpal\htdocs\public_html\core\global_include.php on line 515
[2026-07-06 18:23:56] Creation of dynamic property app::$rscategory is deprecated in C:\xampp\Desktop\mdcnpal\htdocs\public_html\core\app.php on line 434
[2026-07-06 18:23:56] Creation of dynamic property app::$rs_pages is deprecated in C:\xampp\Desktop\mdcnpal\htdocs\public_html\core\app.php on line 434
[2026-07-06 18:23:56] Creation of dynamic property app::$gs is deprecated in C:\xampp\Desktop\mdcnpal\htdocs\public_html\core\app.php on line 434
[2026-07-06 18:23:56] Undefined array key "MDRCCustID" in C:\xampp\Desktop\mdcnpal\htdocs\public_html\core\global_include.php on line 596
[2026-07-06 18:23:56] Undefined array key "MDRCCustID" in C:\xampp\Desktop\mdcnpal\htdocs\public_html\core\global_include.php on line 615
[2026-07-06 18:23:56] Undefined variable $getId in C:\xampp\Desktop\mdcnpal\htdocs\public_html\core\global_include.php on line 684
[2026-07-06 18:23:56] Undefined variable $getName in C:\xampp\Desktop\mdcnpal\htdocs\public_html\core\global_include.php on line 685
[2026-07-06 18:23:56] Undefined array key 0 in C:\xampp\Desktop\mdcnpal\htdocs\public_html\core\global_include.php on line 810
[2026-07-06 18:23:56] Creation of dynamic property app::$rs_offer_msg is deprecated in C:\xampp\Desktop\mdcnpal\htdocs\public_html\core\app.php on line 434
[2026-07-06 18:23:56] Creation of dynamic property app::$rs_for_doctors is deprecated in C:\xampp\Desktop\mdcnpal\htdocs\public_html\core\app.php on line 434
[2026-07-06 18:23:56] Creation of dynamic property app::$rs_gallery_data is deprecated in C:\xampp\Desktop\mdcnpal\htdocs\public_html\core\app.php on line 434
[2026-07-06 18:23:56] Creation of dynamic property app::$category is deprecated in C:\xampp\Desktop\mdcnpal\htdocs\public_html\core\app.php on line 434
[2026-07-06 18:23:56] Undefined array key 0 in C:\xampp\Desktop\mdcnpal\htdocs\public_html\controllers\controller_for_doctors.php on line 22
[2026-07-06 18:23:56] Creation of dynamic property app::$records_doctors is deprecated in C:\xampp\Desktop\mdcnpal\htdocs\public_html\core\app.php on line 434
[2026-07-06 18:23:56] Undefined array key 0 in C:\xampp\Desktop\mdcnpal\htdocs\public_html\controllers\controller_for_doctors.php on line 25
[2026-07-06 18:23:56] Trying to access array offset on value of type null in C:\xampp\Desktop\mdcnpal\htdocs\public_html\controllers\controller_for_doctors.php on line 25
[2026-07-06 18:23:56] Creation of dynamic property app::$records_services is deprecated in C:\xampp\Desktop\mdcnpal\htdocs\public_html\core\app.php on line 434
[2026-07-06 18:23:56] Undefined array key 0 in C:\xampp\Desktop\mdcnpal\htdocs\public_html\controllers\controller_for_doctors.php on line 31
[2026-07-06 18:23:56] Trying to access array offset on value of type null in C:\xampp\Desktop\mdcnpal\htdocs\public_html\controllers\controller_for_doctors.php on line 31
[2026-07-06 18:23:56] str_replace(): Passing null to parameter #3 ($subject) of type array|string is deprecated in C:\xampp\Desktop\mdcnpal\htdocs\public_html\controllers\controller_for_doctors.php on line 31
[2026-07-06 18:23:56] Undefined array key 0 in C:\xampp\Desktop\mdcnpal\htdocs\public_html\controllers\controller_for_doctors.php on line 32
[2026-07-06 18:23:56] Trying to access array offset on value of type null in C:\xampp\Desktop\mdcnpal\htdocs\public_html\controllers\controller_for_doctors.php on line 32
[2026-07-06 18:23:56] str_replace(): Passing null to parameter #3 ($subject) of type array|string is deprecated in C:\xampp\Desktop\mdcnpal\htdocs\public_html\controllers\controller_for_doctors.php on line 32
[2026-07-06 18:23:56] Undefined array key 0 in C:\xampp\Desktop\mdcnpal\htdocs\public_html\controllers\controller_for_doctors.php on line 33
[2026-07-06 18:23:56] Trying to access array offset on value of type null in C:\xampp\Desktop\mdcnpal\htdocs\public_html\controllers\controller_for_doctors.php on line 33
[2026-07-06 18:23:56] str_replace(): Passing null to parameter #3 ($subject) of type array|string is deprecated in C:\xampp\Desktop\mdcnpal\htdocs\public_html\controllers\controller_for_doctors.php on line 33
[2026-07-06 18:23:56] Creation of dynamic property dbclass::$RECORD_SET is deprecated in C:\xampp\Desktop\mdcnpal\htdocs\public_html\core\dbclass.php on line 69
[2026-07-06 18:23:56] Creation of dynamic property dbclass::$app is deprecated in C:\xampp\Desktop\mdcnpal\htdocs\public_html\core\dbclass.php on line 75
[2026-07-06 18:23:56] Creation of dynamic property model::$foreign_tables is deprecated in C:\xampp\Desktop\mdcnpal\htdocs\public_html\core\model.php on line 43
[2026-07-06 18:23:56] Creation of dynamic property app::$inputfilter is deprecated in C:\xampp\Desktop\mdcnpal\htdocs\public_html\core\app.php on line 123
[2026-07-06 18:23:56] Creation of dynamic property app::$userconfig is deprecated in C:\xampp\Desktop\mdcnpal\htdocs\public_html\core\app.php on line 124
[2026-07-06 18:23:56] Creation of dynamic property app::$global_include is deprecated in C:\xampp\Desktop\mdcnpal\htdocs\public_html\core\app.php on line 125
[2026-07-06 18:23:56] Creation of dynamic property app::$set_cache_time is deprecated in C:\xampp\Desktop\mdcnpal\htdocs\public_html\core\app.php on line 153
[2026-07-06 18:23:56] Creation of dynamic property app::$meta is deprecated in C:\xampp\Desktop\mdcnpal\htdocs\public_html\core\app.php on line 434
[2026-07-06 18:23:56] Creation of dynamic property app::$rs_gs_city is deprecated in C:\xampp\Desktop\mdcnpal\htdocs\public_html\core\app.php on line 434
[2026-07-06 18:23:56] Creation of dynamic property app::$rs_footer_popular_item is deprecated in C:\xampp\Desktop\mdcnpal\htdocs\public_html\core\app.php on line 434
[2026-07-06 18:23:56] Creation of dynamic property app::$rs_footer_popular_test is deprecated in C:\xampp\Desktop\mdcnpal\htdocs\public_html\core\app.php on line 434
[2026-07-06 18:23:56] Creation of dynamic property app::$rs_testimonial is deprecated in C:\xampp\Desktop\mdcnpal\htdocs\public_html\core\app.php on line 434
[2026-07-06 18:23:56] Creation of dynamic property app::$admin is deprecated in C:\xampp\Desktop\mdcnpal\htdocs\public_html\core\app.php on line 434
[2026-07-06 18:23:56] Undefined array key 0 in C:\xampp\Desktop\mdcnpal\htdocs\public_html\core\global_include.php on line 514
[2026-07-06 18:23:56] Creation of dynamic property app::$popup is deprecated in C:\xampp\Desktop\mdcnpal\htdocs\public_html\core\app.php on line 434
[2026-07-06 18:23:56] Undefined array key "MDRCCustID" in C:\xampp\Desktop\mdcnpal\htdocs\public_html\core\global_include.php on line 515
[2026-07-06 18:23:56] Undefined array key "MDRCToken" in C:\xampp\Desktop\mdcnpal\htdocs\public_html\core\global_include.php on line 515
[2026-07-06 18:23:56] Creation of dynamic property app::$rscategory is deprecated in C:\xampp\Desktop\mdcnpal\htdocs\public_html\core\app.php on line 434
[2026-07-06 18:23:56] Creation of dynamic property app::$rs_pages is deprecated in C:\xampp\Desktop\mdcnpal\htdocs\public_html\core\app.php on line 434
[2026-07-06 18:23:56] Creation of dynamic property app::$gs is deprecated in C:\xampp\Desktop\mdcnpal\htdocs\public_html\core\app.php on line 434
[2026-07-06 18:23:56] Undefined array key "MDRCCustID" in C:\xampp\Desktop\mdcnpal\htdocs\public_html\core\global_include.php on line 596
[2026-07-06 18:23:56] Undefined array key "MDRCCustID" in C:\xampp\Desktop\mdcnpal\htdocs\public_html\core\global_include.php on line 615
[2026-07-06 18:23:56] Undefined variable $getId in C:\xampp\Desktop\mdcnpal\htdocs\public_html\core\global_include.php on line 684
[2026-07-06 18:23:56] Undefined variable $getName in C:\xampp\Desktop\mdcnpal\htdocs\public_html\core\global_include.php on line 685
[2026-07-06 18:23:56] Undefined array key 0 in C:\xampp\Desktop\mdcnpal\htdocs\public_html\core\global_include.php on line 810
[2026-07-06 18:23:56] Creation of dynamic property app::$rs_offer_msg is deprecated in C:\xampp\Desktop\mdcnpal\htdocs\public_html\core\app.php on line 434
[2026-07-06 18:23:56] Creation of dynamic property app::$rs_for_doctors is deprecated in C:\xampp\Desktop\mdcnpal\htdocs\public_html\core\app.php on line 434
[2026-07-06 18:23:56] Undefined property: app::$rs_cartmini in C:\xampp\Desktop\mdcnpal\htdocs\public_html\includes\header.php on line 131
[2026-07-06 18:23:56] Undefined array key "MDRCCustID" in C:\xampp\Desktop\mdcnpal\htdocs\public_html\includes\header.php on line 134
[2026-07-06 18:23:56] Undefined property: app::$rs_cartmini in C:\xampp\Desktop\mdcnpal\htdocs\public_html\includes\header.php on line 197
[2026-07-06 18:23:56] Undefined array key "MDRCCustID" in C:\xampp\Desktop\mdcnpal\htdocs\public_html\includes\header.php on line 200
[2026-07-06 18:23:56] Undefined property: app::$rs_cartmini in C:\xampp\Desktop\mdcnpal\htdocs\public_html\includes\header.php on line 469
[2026-07-06 18:23:56] Undefined array key "MDRCCustID" in C:\xampp\Desktop\mdcnpal\htdocs\public_html\includes\header.php on line 472
[2026-07-06 18:23:56] Undefined property: app::$rs_cartmini in C:\xampp\Desktop\mdcnpal\htdocs\public_html\includes\header.php on line 525
[2026-07-06 18:23:56] Undefined array key "MDRCCustID" in C:\xampp\Desktop\mdcnpal\htdocs\public_html\includes\header.php on line 528
[2026-07-06 18:23:56] Undefined property: app::$rs_customer in C:\xampp\Desktop\mdcnpal\htdocs\public_html\includes\header.php on line 712
[2026-07-06 18:23:56] Trying to access array offset on value of type null in C:\xampp\Desktop\mdcnpal\htdocs\public_html\includes\header.php on line 712
[2026-07-06 18:23:56] Undefined property: app::$rs_customer in C:\xampp\Desktop\mdcnpal\htdocs\public_html\includes\header.php on line 721
[2026-07-06 18:23:56] Trying to access array offset on value of type null in C:\xampp\Desktop\mdcnpal\htdocs\public_html\includes\header.php on line 721
[2026-07-06 18:23:56] Undefined property: app::$rs_customer in C:\xampp\Desktop\mdcnpal\htdocs\public_html\includes\header.php on line 730
[2026-07-06 18:23:56] Trying to access array offset on value of type null in C:\xampp\Desktop\mdcnpal\htdocs\public_html\includes\header.php on line 730
[2026-07-06 18:23:56] Undefined property: app::$rs_customer in C:\xampp\Desktop\mdcnpal\htdocs\public_html\includes\header.php on line 739
[2026-07-06 18:23:56] Trying to access array offset on value of type null in C:\xampp\Desktop\mdcnpal\htdocs\public_html\includes\header.php on line 739
[2026-07-06 18:23:56] Undefined property: app::$rs_customer in C:\xampp\Desktop\mdcnpal\htdocs\public_html\includes\footer.php on line 357
[2026-07-06 18:23:56] Trying to access array offset on value of type null in C:\xampp\Desktop\mdcnpal\htdocs\public_html\includes\footer.php on line 357
[2026-07-06 18:23:56] Undefined property: app::$rs_customer in C:\xampp\Desktop\mdcnpal\htdocs\public_html\includes\footer.php on line 366
[2026-07-06 18:23:56] Trying to access array offset on value of type null in C:\xampp\Desktop\mdcnpal\htdocs\public_html\includes\footer.php on line 366
[2026-07-06 18:23:56] Undefined property: app::$rs_customer in C:\xampp\Desktop\mdcnpal\htdocs\public_html\includes\footer.php on line 372
[2026-07-06 18:23:56] Trying to access array offset on value of type null in C:\xampp\Desktop\mdcnpal\htdocs\public_html\includes\footer.php on line 372
[2026-07-06 18:23:56] Undefined property: app::$rs_customer in C:\xampp\Desktop\mdcnpal\htdocs\public_html\includes\general_data.php on line 88
[2026-07-06 18:23:56] Trying to access array offset on value of type null in C:\xampp\Desktop\mdcnpal\htdocs\public_html\includes\general_data.php on line 88
[2026-07-06 18:23:56] Undefined array key "MDRCCustID" in C:\xampp\Desktop\mdcnpal\htdocs\public_html\includes\general_data.php on line 88
[2026-07-06 18:23:56] Undefined variable $tmpStr in C:\xampp\Desktop\mdcnpal\htdocs\public_html\core\app.php on line 971
[2026-07-06 18:24:24] Creation of dynamic property dbclass::$RECORD_SET is deprecated in C:\xampp\Desktop\mdcnpal\htdocs\public_html\core\dbclass.php on line 69
[2026-07-06 18:24:24] Creation of dynamic property dbclass::$app is deprecated in C:\xampp\Desktop\mdcnpal\htdocs\public_html\core\dbclass.php on line 75
[2026-07-06 18:24:24] Creation of dynamic property model::$foreign_tables is deprecated in C:\xampp\Desktop\mdcnpal\htdocs\public_html\core\model.php on line 43
[2026-07-06 18:24:24] Creation of dynamic property app::$inputfilter is deprecated in C:\xampp\Desktop\mdcnpal\htdocs\public_html\core\app.php on line 123
[2026-07-06 18:24:24] Creation of dynamic property app::$userconfig is deprecated in C:\xampp\Desktop\mdcnpal\htdocs\public_html\core\app.php on line 124
[2026-07-06 18:24:24] Creation of dynamic property app::$global_include is deprecated in C:\xampp\Desktop\mdcnpal\htdocs\public_html\core\app.php on line 125
[2026-07-06 18:24:24] Creation of dynamic property app::$set_cache_time is deprecated in C:\xampp\Desktop\mdcnpal\htdocs\public_html\core\app.php on line 153
[2026-07-06 18:24:24] Creation of dynamic property app::$meta is deprecated in C:\xampp\Desktop\mdcnpal\htdocs\public_html\core\app.php on line 434
[2026-07-06 18:24:24] Creation of dynamic property app::$rs_gs_city is deprecated in C:\xampp\Desktop\mdcnpal\htdocs\public_html\core\app.php on line 434
[2026-07-06 18:24:24] Creation of dynamic property app::$rs_footer_popular_item is deprecated in C:\xampp\Desktop\mdcnpal\htdocs\public_html\core\app.php on line 434
[2026-07-06 18:24:24] Creation of dynamic property app::$rs_footer_popular_test is deprecated in C:\xampp\Desktop\mdcnpal\htdocs\public_html\core\app.php on line 434
[2026-07-06 18:24:24] Creation of dynamic property app::$rs_testimonial is deprecated in C:\xampp\Desktop\mdcnpal\htdocs\public_html\core\app.php on line 434
[2026-07-06 18:24:24] Creation of dynamic property app::$admin is deprecated in C:\xampp\Desktop\mdcnpal\htdocs\public_html\core\app.php on line 434
[2026-07-06 18:24:24] Undefined array key 0 in C:\xampp\Desktop\mdcnpal\htdocs\public_html\core\global_include.php on line 514
[2026-07-06 18:24:24] Creation of dynamic property app::$popup is deprecated in C:\xampp\Desktop\mdcnpal\htdocs\public_html\core\app.php on line 434
[2026-07-06 18:24:24] Undefined array key "MDRCCustID" in C:\xampp\Desktop\mdcnpal\htdocs\public_html\core\global_include.php on line 515
[2026-07-06 18:24:24] Undefined array key "MDRCToken" in C:\xampp\Desktop\mdcnpal\htdocs\public_html\core\global_include.php on line 515
[2026-07-06 18:24:24] Creation of dynamic property app::$rscategory is deprecated in C:\xampp\Desktop\mdcnpal\htdocs\public_html\core\app.php on line 434
[2026-07-06 18:24:24] Creation of dynamic property app::$rs_pages is deprecated in C:\xampp\Desktop\mdcnpal\htdocs\public_html\core\app.php on line 434
[2026-07-06 18:24:24] Creation of dynamic property app::$gs is deprecated in C:\xampp\Desktop\mdcnpal\htdocs\public_html\core\app.php on line 434
[2026-07-06 18:24:24] Undefined array key "MDRCCustID" in C:\xampp\Desktop\mdcnpal\htdocs\public_html\core\global_include.php on line 596
[2026-07-06 18:24:24] Undefined array key "MDRCCustID" in C:\xampp\Desktop\mdcnpal\htdocs\public_html\core\global_include.php on line 615
[2026-07-06 18:24:24] Undefined variable $getId in C:\xampp\Desktop\mdcnpal\htdocs\public_html\core\global_include.php on line 684
[2026-07-06 18:24:24] Undefined variable $getName in C:\xampp\Desktop\mdcnpal\htdocs\public_html\core\global_include.php on line 685
[2026-07-06 18:24:24] Undefined array key 0 in C:\xampp\Desktop\mdcnpal\htdocs\public_html\core\global_include.php on line 810
[2026-07-06 18:24:24] Creation of dynamic property app::$rs_offer_msg is deprecated in C:\xampp\Desktop\mdcnpal\htdocs\public_html\core\app.php on line 434
[2026-07-06 18:24:24] Creation of dynamic property app::$rs_for_doctors is deprecated in C:\xampp\Desktop\mdcnpal\htdocs\public_html\core\app.php on line 434
[2026-07-06 18:24:24] Undefined property: app::$rs_cartmini in C:\xampp\Desktop\mdcnpal\htdocs\public_html\includes\header.php on line 131
[2026-07-06 18:24:24] Undefined array key "MDRCCustID" in C:\xampp\Desktop\mdcnpal\htdocs\public_html\includes\header.php on line 134
[2026-07-06 18:24:24] Undefined property: app::$rs_cartmini in C:\xampp\Desktop\mdcnpal\htdocs\public_html\includes\header.php on line 197
[2026-07-06 18:24:24] Undefined array key "MDRCCustID" in C:\xampp\Desktop\mdcnpal\htdocs\public_html\includes\header.php on line 200
[2026-07-06 18:24:24] Undefined property: app::$rs_cartmini in C:\xampp\Desktop\mdcnpal\htdocs\public_html\includes\header.php on line 469
[2026-07-06 18:24:24] Undefined array key "MDRCCustID" in C:\xampp\Desktop\mdcnpal\htdocs\public_html\includes\header.php on line 472
[2026-07-06 18:24:24] Undefined property: app::$rs_cartmini in C:\xampp\Desktop\mdcnpal\htdocs\public_html\includes\header.php on line 525
[2026-07-06 18:24:24] Undefined array key "MDRCCustID" in C:\xampp\Desktop\mdcnpal\htdocs\public_html\includes\header.php on line 528
[2026-07-06 18:24:24] Undefined property: app::$rs_customer in C:\xampp\Desktop\mdcnpal\htdocs\public_html\includes\header.php on line 712
[2026-07-06 18:24:24] Trying to access array offset on value of type null in C:\xampp\Desktop\mdcnpal\htdocs\public_html\includes\header.php on line 712
[2026-07-06 18:24:24] Undefined property: app::$rs_customer in C:\xampp\Desktop\mdcnpal\htdocs\public_html\includes\header.php on line 721
[2026-07-06 18:24:24] Trying to access array offset on value of type null in C:\xampp\Desktop\mdcnpal\htdocs\public_html\includes\header.php on line 721
[2026-07-06 18:24:24] Undefined property: app::$rs_customer in C:\xampp\Desktop\mdcnpal\htdocs\public_html\includes\header.php on line 730
[2026-07-06 18:24:24] Trying to access array offset on value of type null in C:\xampp\Desktop\mdcnpal\htdocs\public_html\includes\header.php on line 730
[2026-07-06 18:24:24] Undefined property: app::$rs_customer in C:\xampp\Desktop\mdcnpal\htdocs\public_html\includes\header.php on line 739
[2026-07-06 18:24:24] Trying to access array offset on value of type null in C:\xampp\Desktop\mdcnpal\htdocs\public_html\includes\header.php on line 739
[2026-07-06 18:24:24] Undefined property: app::$rs_cartmini in C:\xampp\Desktop\mdcnpal\htdocs\public_html\core\app.php(565) : eval()'d code on line 66
[06-Jul-2026 18:24:24 Asia/Kathmandu] PHP Fatal error:  Uncaught TypeError: count(): Argument #1 ($value) must be of type Countable|array, null given in C:\xampp\Desktop\mdcnpal\htdocs\public_html\core\app.php(565) : eval()'d code:66
Stack trace:
#0 C:\xampp\Desktop\mdcnpal\htdocs\public_html\core\app.php(565): eval()
#1 C:\xampp\Desktop\mdcnpal\htdocs\public_html\core\app.php(535): app->compile()
#2 C:\xampp\Desktop\mdcnpal\htdocs\public_html\core\app.php(516): app->package()
#3 C:\xampp\Desktop\mdcnpal\htdocs\public_html\index.php(6): app->execute()
#4 {main}
  thrown in C:\xampp\Desktop\mdcnpal\htdocs\public_html\core\app.php(565) : eval()'d code on line 66
[2026-07-06 18:24:25] Creation of dynamic property dbclass::$RECORD_SET is deprecated in C:\xampp\Desktop\mdcnpal\htdocs\public_html\core\dbclass.php on line 69
[2026-07-06 18:24:25] Creation of dynamic property dbclass::$app is deprecated in C:\xampp\Desktop\mdcnpal\htdocs\public_html\core\dbclass.php on line 75
[2026-07-06 18:24:25] Creation of dynamic property model::$foreign_tables is deprecated in C:\xampp\Desktop\mdcnpal\htdocs\public_html\core\model.php on line 43
[2026-07-06 18:24:25] Creation of dynamic property app::$inputfilter is deprecated in C:\xampp\Desktop\mdcnpal\htdocs\public_html\core\app.php on line 123
[2026-07-06 18:24:25] Creation of dynamic property app::$userconfig is deprecated in C:\xampp\Desktop\mdcnpal\htdocs\public_html\core\app.php on line 124
[2026-07-06 18:24:25] Creation of dynamic property app::$global_include is deprecated in C:\xampp\Desktop\mdcnpal\htdocs\public_html\core\app.php on line 125
[2026-07-06 18:24:25] Creation of dynamic property app::$set_cache_time is deprecated in C:\xampp\Desktop\mdcnpal\htdocs\public_html\core\app.php on line 153
[2026-07-06 18:24:25] Creation of dynamic property app::$meta is deprecated in C:\xampp\Desktop\mdcnpal\htdocs\public_html\core\app.php on line 434
[2026-07-06 18:24:25] Creation of dynamic property app::$rs_gs_city is deprecated in C:\xampp\Desktop\mdcnpal\htdocs\public_html\core\app.php on line 434
[2026-07-06 18:24:25] Creation of dynamic property app::$rs_footer_popular_item is deprecated in C:\xampp\Desktop\mdcnpal\htdocs\public_html\core\app.php on line 434
[2026-07-06 18:24:25] Creation of dynamic property app::$rs_footer_popular_test is deprecated in C:\xampp\Desktop\mdcnpal\htdocs\public_html\core\app.php on line 434
[2026-07-06 18:24:26] Creation of dynamic property app::$rs_testimonial is deprecated in C:\xampp\Desktop\mdcnpal\htdocs\public_html\core\app.php on line 434
[2026-07-06 18:24:26] Creation of dynamic property app::$admin is deprecated in C:\xampp\Desktop\mdcnpal\htdocs\public_html\core\app.php on line 434
[2026-07-06 18:24:26] Undefined array key 0 in C:\xampp\Desktop\mdcnpal\htdocs\public_html\core\global_include.php on line 514
[2026-07-06 18:24:26] Creation of dynamic property app::$popup is deprecated in C:\xampp\Desktop\mdcnpal\htdocs\public_html\core\app.php on line 434
[2026-07-06 18:24:26] Undefined array key "MDRCCustID" in C:\xampp\Desktop\mdcnpal\htdocs\public_html\core\global_include.php on line 515
[2026-07-06 18:24:26] Undefined array key "MDRCToken" in C:\xampp\Desktop\mdcnpal\htdocs\public_html\core\global_include.php on line 515
[2026-07-06 18:24:26] Creation of dynamic property app::$rscategory is deprecated in C:\xampp\Desktop\mdcnpal\htdocs\public_html\core\app.php on line 434
[2026-07-06 18:24:26] Creation of dynamic property app::$rs_pages is deprecated in C:\xampp\Desktop\mdcnpal\htdocs\public_html\core\app.php on line 434
[2026-07-06 18:24:26] Creation of dynamic property app::$gs is deprecated in C:\xampp\Desktop\mdcnpal\htdocs\public_html\core\app.php on line 434
[2026-07-06 18:24:26] Undefined array key "MDRCCustID" in C:\xampp\Desktop\mdcnpal\htdocs\public_html\core\global_include.php on line 596
[2026-07-06 18:24:26] Undefined array key "MDRCCustID" in C:\xampp\Desktop\mdcnpal\htdocs\public_html\core\global_include.php on line 615
[2026-07-06 18:24:26] Undefined variable $getId in C:\xampp\Desktop\mdcnpal\htdocs\public_html\core\global_include.php on line 684
[2026-07-06 18:24:26] Undefined variable $getName in C:\xampp\Desktop\mdcnpal\htdocs\public_html\core\global_include.php on line 685
[2026-07-06 18:24:26] Undefined array key 0 in C:\xampp\Desktop\mdcnpal\htdocs\public_html\core\global_include.php on line 810
[2026-07-06 18:24:26] Creation of dynamic property app::$rs_offer_msg is deprecated in C:\xampp\Desktop\mdcnpal\htdocs\public_html\core\app.php on line 434
[2026-07-06 18:24:26] Creation of dynamic property app::$rs_for_doctors is deprecated in C:\xampp\Desktop\mdcnpal\htdocs\public_html\core\app.php on line 434
[2026-07-06 18:24:26] Undefined property: app::$rs_cartmini in C:\xampp\Desktop\mdcnpal\htdocs\public_html\includes\header.php on line 131
[2026-07-06 18:24:26] Undefined array key "MDRCCustID" in C:\xampp\Desktop\mdcnpal\htdocs\public_html\includes\header.php on line 134
[2026-07-06 18:24:26] Undefined property: app::$rs_cartmini in C:\xampp\Desktop\mdcnpal\htdocs\public_html\includes\header.php on line 197
[2026-07-06 18:24:26] Undefined array key "MDRCCustID" in C:\xampp\Desktop\mdcnpal\htdocs\public_html\includes\header.php on line 200
[2026-07-06 18:24:26] Undefined property: app::$rs_cartmini in C:\xampp\Desktop\mdcnpal\htdocs\public_html\includes\header.php on line 469
[2026-07-06 18:24:26] Undefined array key "MDRCCustID" in C:\xampp\Desktop\mdcnpal\htdocs\public_html\includes\header.php on line 472
[2026-07-06 18:24:26] Undefined property: app::$rs_cartmini in C:\xampp\Desktop\mdcnpal\htdocs\public_html\includes\header.php on line 525
[2026-07-06 18:24:26] Undefined array key "MDRCCustID" in C:\xampp\Desktop\mdcnpal\htdocs\public_html\includes\header.php on line 528
[2026-07-06 18:24:26] Undefined property: app::$rs_customer in C:\xampp\Desktop\mdcnpal\htdocs\public_html\includes\header.php on line 712
[2026-07-06 18:24:26] Trying to access array offset on value of type null in C:\xampp\Desktop\mdcnpal\htdocs\public_html\includes\header.php on line 712
[2026-07-06 18:24:26] Undefined property: app::$rs_customer in C:\xampp\Desktop\mdcnpal\htdocs\public_html\includes\header.php on line 721
[2026-07-06 18:24:26] Trying to access array offset on value of type null in C:\xampp\Desktop\mdcnpal\htdocs\public_html\includes\header.php on line 721
[2026-07-06 18:24:26] Undefined property: app::$rs_customer in C:\xampp\Desktop\mdcnpal\htdocs\public_html\includes\header.php on line 730
[2026-07-06 18:24:26] Trying to access array offset on value of type null in C:\xampp\Desktop\mdcnpal\htdocs\public_html\includes\header.php on line 730
[2026-07-06 18:24:26] Undefined property: app::$rs_customer in C:\xampp\Desktop\mdcnpal\htdocs\public_html\includes\header.php on line 739
[2026-07-06 18:24:26] Trying to access array offset on value of type null in C:\xampp\Desktop\mdcnpal\htdocs\public_html\includes\header.php on line 739
[2026-07-06 18:24:26] Undefined property: app::$rs_customer in C:\xampp\Desktop\mdcnpal\htdocs\public_html\includes\footer.php on line 357
[2026-07-06 18:24:26] Trying to access array offset on value of type null in C:\xampp\Desktop\mdcnpal\htdocs\public_html\includes\footer.php on line 357
[2026-07-06 18:24:26] Undefined property: app::$rs_customer in C:\xampp\Desktop\mdcnpal\htdocs\public_html\includes\footer.php on line 366
[2026-07-06 18:24:26] Trying to access array offset on value of type null in C:\xampp\Desktop\mdcnpal\htdocs\public_html\includes\footer.php on line 366
[2026-07-06 18:24:26] Undefined property: app::$rs_customer in C:\xampp\Desktop\mdcnpal\htdocs\public_html\includes\footer.php on line 372
[2026-07-06 18:24:26] Trying to access array offset on value of type null in C:\xampp\Desktop\mdcnpal\htdocs\public_html\includes\footer.php on line 372
[2026-07-06 18:24:26] Undefined property: app::$rs_customer in C:\xampp\Desktop\mdcnpal\htdocs\public_html\includes\general_data.php on line 88
[2026-07-06 18:24:26] Trying to access array offset on value of type null in C:\xampp\Desktop\mdcnpal\htdocs\public_html\includes\general_data.php on line 88
[2026-07-06 18:24:26] Undefined array key "MDRCCustID" in C:\xampp\Desktop\mdcnpal\htdocs\public_html\includes\general_data.php on line 88
[2026-07-06 18:24:26] Undefined variable $tmpStr in C:\xampp\Desktop\mdcnpal\htdocs\public_html\core\app.php on line 969
[2026-07-06 18:24:26] Creation of dynamic property dbclass::$RECORD_SET is deprecated in C:\xampp\Desktop\mdcnpal\htdocs\public_html\core\dbclass.php on line 69
[2026-07-06 18:24:26] Creation of dynamic property dbclass::$app is deprecated in C:\xampp\Desktop\mdcnpal\htdocs\public_html\core\dbclass.php on line 75
[2026-07-06 18:24:26] Creation of dynamic property model::$foreign_tables is deprecated in C:\xampp\Desktop\mdcnpal\htdocs\public_html\core\model.php on line 43
[2026-07-06 18:24:26] Creation of dynamic property app::$inputfilter is deprecated in C:\xampp\Desktop\mdcnpal\htdocs\public_html\core\app.php on line 123
[2026-07-06 18:24:26] Creation of dynamic property app::$userconfig is deprecated in C:\xampp\Desktop\mdcnpal\htdocs\public_html\core\app.php on line 124
[2026-07-06 18:24:26] Creation of dynamic property app::$global_include is deprecated in C:\xampp\Desktop\mdcnpal\htdocs\public_html\core\app.php on line 125
[2026-07-06 18:24:26] Creation of dynamic property app::$set_cache_time is deprecated in C:\xampp\Desktop\mdcnpal\htdocs\public_html\core\app.php on line 153
[2026-07-06 18:24:26] Creation of dynamic property app::$meta is deprecated in C:\xampp\Desktop\mdcnpal\htdocs\public_html\core\app.php on line 434
[2026-07-06 18:24:26] Creation of dynamic property app::$rs_gs_city is deprecated in C:\xampp\Desktop\mdcnpal\htdocs\public_html\core\app.php on line 434
[2026-07-06 18:24:26] Creation of dynamic property app::$rs_footer_popular_item is deprecated in C:\xampp\Desktop\mdcnpal\htdocs\public_html\core\app.php on line 434
[2026-07-06 18:24:26] Creation of dynamic property app::$rs_footer_popular_test is deprecated in C:\xampp\Desktop\mdcnpal\htdocs\public_html\core\app.php on line 434
[2026-07-06 18:24:26] Creation of dynamic property app::$rs_testimonial is deprecated in C:\xampp\Desktop\mdcnpal\htdocs\public_html\core\app.php on line 434
[2026-07-06 18:24:26] Creation of dynamic property app::$admin is deprecated in C:\xampp\Desktop\mdcnpal\htdocs\public_html\core\app.php on line 434
[2026-07-06 18:24:26] Undefined array key 0 in C:\xampp\Desktop\mdcnpal\htdocs\public_html\core\global_include.php on line 514
[2026-07-06 18:24:26] Creation of dynamic property app::$popup is deprecated in C:\xampp\Desktop\mdcnpal\htdocs\public_html\core\app.php on line 434
[2026-07-06 18:24:26] Undefined array key "MDRCCustID" in C:\xampp\Desktop\mdcnpal\htdocs\public_html\core\global_include.php on line 515
[2026-07-06 18:24:26] Undefined array key "MDRCToken" in C:\xampp\Desktop\mdcnpal\htdocs\public_html\core\global_include.php on line 515
[2026-07-06 18:24:26] Creation of dynamic property app::$rscategory is deprecated in C:\xampp\Desktop\mdcnpal\htdocs\public_html\core\app.php on line 434
[2026-07-06 18:24:26] Creation of dynamic property app::$rs_pages is deprecated in C:\xampp\Desktop\mdcnpal\htdocs\public_html\core\app.php on line 434
[2026-07-06 18:24:26] Creation of dynamic property app::$gs is deprecated in C:\xampp\Desktop\mdcnpal\htdocs\public_html\core\app.php on line 434
[2026-07-06 18:24:26] Undefined array key "MDRCCustID" in C:\xampp\Desktop\mdcnpal\htdocs\public_html\core\global_include.php on line 596
[2026-07-06 18:24:26] Undefined array key "MDRCCustID" in C:\xampp\Desktop\mdcnpal\htdocs\public_html\core\global_include.php on line 615
[2026-07-06 18:24:26] Undefined variable $getId in C:\xampp\Desktop\mdcnpal\htdocs\public_html\core\global_include.php on line 684
[2026-07-06 18:24:26] Undefined variable $getName in C:\xampp\Desktop\mdcnpal\htdocs\public_html\core\global_include.php on line 685
[2026-07-06 18:24:26] Undefined array key 0 in C:\xampp\Desktop\mdcnpal\htdocs\public_html\core\global_include.php on line 810
[2026-07-06 18:24:26] Creation of dynamic property app::$rs_offer_msg is deprecated in C:\xampp\Desktop\mdcnpal\htdocs\public_html\core\app.php on line 434
[2026-07-06 18:24:26] Creation of dynamic property app::$rs_for_doctors is deprecated in C:\xampp\Desktop\mdcnpal\htdocs\public_html\core\app.php on line 434
[2026-07-06 18:24:26] Undefined property: app::$rs_cartmini in C:\xampp\Desktop\mdcnpal\htdocs\public_html\includes\header.php on line 131
[2026-07-06 18:24:26] Undefined array key "MDRCCustID" in C:\xampp\Desktop\mdcnpal\htdocs\public_html\includes\header.php on line 134
[2026-07-06 18:24:26] Undefined property: app::$rs_cartmini in C:\xampp\Desktop\mdcnpal\htdocs\public_html\includes\header.php on line 197
[2026-07-06 18:24:26] Undefined array key "MDRCCustID" in C:\xampp\Desktop\mdcnpal\htdocs\public_html\includes\header.php on line 200
[2026-07-06 18:24:26] Undefined property: app::$rs_cartmini in C:\xampp\Desktop\mdcnpal\htdocs\public_html\includes\header.php on line 469
[2026-07-06 18:24:26] Undefined array key "MDRCCustID" in C:\xampp\Desktop\mdcnpal\htdocs\public_html\includes\header.php on line 472
[2026-07-06 18:24:26] Undefined property: app::$rs_cartmini in C:\xampp\Desktop\mdcnpal\htdocs\public_html\includes\header.php on line 525
[2026-07-06 18:24:26] Undefined array key "MDRCCustID" in C:\xampp\Desktop\mdcnpal\htdocs\public_html\includes\header.php on line 528
[2026-07-06 18:24:26] Undefined property: app::$rs_customer in C:\xampp\Desktop\mdcnpal\htdocs\public_html\includes\header.php on line 712
[2026-07-06 18:24:26] Trying to access array offset on value of type null in C:\xampp\Desktop\mdcnpal\htdocs\public_html\includes\header.php on line 712
[2026-07-06 18:24:26] Undefined property: app::$rs_customer in C:\xampp\Desktop\mdcnpal\htdocs\public_html\includes\header.php on line 721
[2026-07-06 18:24:26] Trying to access array offset on value of type null in C:\xampp\Desktop\mdcnpal\htdocs\public_html\includes\header.php on line 721
[2026-07-06 18:24:26] Undefined property: app::$rs_customer in C:\xampp\Desktop\mdcnpal\htdocs\public_html\includes\header.php on line 730
[2026-07-06 18:24:26] Trying to access array offset on value of type null in C:\xampp\Desktop\mdcnpal\htdocs\public_html\includes\header.php on line 730
[2026-07-06 18:24:26] Undefined property: app::$rs_customer in C:\xampp\Desktop\mdcnpal\htdocs\public_html\includes\header.php on line 739
[2026-07-06 18:24:26] Trying to access array offset on value of type null in C:\xampp\Desktop\mdcnpal\htdocs\public_html\includes\header.php on line 739
[2026-07-06 18:24:26] Undefined property: app::$rs_customer in C:\xampp\Desktop\mdcnpal\htdocs\public_html\includes\footer.php on line 357
[2026-07-06 18:24:26] Trying to access array offset on value of type null in C:\xampp\Desktop\mdcnpal\htdocs\public_html\includes\footer.php on line 357
[2026-07-06 18:24:26] Undefined property: app::$rs_customer in C:\xampp\Desktop\mdcnpal\htdocs\public_html\includes\footer.php on line 366
[2026-07-06 18:24:26] Trying to access array offset on value of type null in C:\xampp\Desktop\mdcnpal\htdocs\public_html\includes\footer.php on line 366
[2026-07-06 18:24:26] Undefined property: app::$rs_customer in C:\xampp\Desktop\mdcnpal\htdocs\public_html\includes\footer.php on line 372
[2026-07-06 18:24:26] Trying to access array offset on value of type null in C:\xampp\Desktop\mdcnpal\htdocs\public_html\includes\footer.php on line 372
[2026-07-06 18:24:26] Undefined property: app::$rs_customer in C:\xampp\Desktop\mdcnpal\htdocs\public_html\includes\general_data.php on line 88
[2026-07-06 18:24:26] Trying to access array offset on value of type null in C:\xampp\Desktop\mdcnpal\htdocs\public_html\includes\general_data.php on line 88
[2026-07-06 18:24:26] Undefined array key "MDRCCustID" in C:\xampp\Desktop\mdcnpal\htdocs\public_html\includes\general_data.php on line 88
[2026-07-06 18:24:26] Undefined variable $tmpStr in C:\xampp\Desktop\mdcnpal\htdocs\public_html\core\app.php on line 969
[2026-07-06 18:24:27] Creation of dynamic property dbclass::$RECORD_SET is deprecated in C:\xampp\Desktop\mdcnpal\htdocs\public_html\core\dbclass.php on line 69
[2026-07-06 18:24:27] Creation of dynamic property dbclass::$app is deprecated in C:\xampp\Desktop\mdcnpal\htdocs\public_html\core\dbclass.php on line 75
[2026-07-06 18:24:27] Creation of dynamic property model::$foreign_tables is deprecated in C:\xampp\Desktop\mdcnpal\htdocs\public_html\core\model.php on line 43
[2026-07-06 18:24:27] Creation of dynamic property app::$inputfilter is deprecated in C:\xampp\Desktop\mdcnpal\htdocs\public_html\core\app.php on line 123
[2026-07-06 18:24:27] Creation of dynamic property app::$userconfig is deprecated in C:\xampp\Desktop\mdcnpal\htdocs\public_html\core\app.php on line 124
[2026-07-06 18:24:27] Creation of dynamic property app::$global_include is deprecated in C:\xampp\Desktop\mdcnpal\htdocs\public_html\core\app.php on line 125
[2026-07-06 18:24:27] Creation of dynamic property app::$set_cache_time is deprecated in C:\xampp\Desktop\mdcnpal\htdocs\public_html\core\app.php on line 153
[2026-07-06 18:24:27] Creation of dynamic property app::$meta is deprecated in C:\xampp\Desktop\mdcnpal\htdocs\public_html\core\app.php on line 434
[2026-07-06 18:24:27] Creation of dynamic property app::$rs_gs_city is deprecated in C:\xampp\Desktop\mdcnpal\htdocs\public_html\core\app.php on line 434
[2026-07-06 18:24:27] Creation of dynamic property app::$rs_footer_popular_item is deprecated in C:\xampp\Desktop\mdcnpal\htdocs\public_html\core\app.php on line 434
[2026-07-06 18:24:27] Creation of dynamic property app::$rs_footer_popular_test is deprecated in C:\xampp\Desktop\mdcnpal\htdocs\public_html\core\app.php on line 434
[2026-07-06 18:24:27] Creation of dynamic property app::$rs_testimonial is deprecated in C:\xampp\Desktop\mdcnpal\htdocs\public_html\core\app.php on line 434
[2026-07-06 18:24:27] Creation of dynamic property app::$admin is deprecated in C:\xampp\Desktop\mdcnpal\htdocs\public_html\core\app.php on line 434
[2026-07-06 18:24:27] Undefined array key 0 in C:\xampp\Desktop\mdcnpal\htdocs\public_html\core\global_include.php on line 514
[2026-07-06 18:24:27] Creation of dynamic property app::$popup is deprecated in C:\xampp\Desktop\mdcnpal\htdocs\public_html\core\app.php on line 434
[2026-07-06 18:24:27] Undefined array key "MDRCCustID" in C:\xampp\Desktop\mdcnpal\htdocs\public_html\core\global_include.php on line 515
[2026-07-06 18:24:27] Undefined array key "MDRCToken" in C:\xampp\Desktop\mdcnpal\htdocs\public_html\core\global_include.php on line 515
[2026-07-06 18:24:27] Creation of dynamic property app::$rscategory is deprecated in C:\xampp\Desktop\mdcnpal\htdocs\public_html\core\app.php on line 434
[2026-07-06 18:24:27] Creation of dynamic property app::$rs_pages is deprecated in C:\xampp\Desktop\mdcnpal\htdocs\public_html\core\app.php on line 434
[2026-07-06 18:24:27] Creation of dynamic property app::$gs is deprecated in C:\xampp\Desktop\mdcnpal\htdocs\public_html\core\app.php on line 434
[2026-07-06 18:24:27] Undefined array key "MDRCCustID" in C:\xampp\Desktop\mdcnpal\htdocs\public_html\core\global_include.php on line 596
[2026-07-06 18:24:27] Undefined array key "MDRCCustID" in C:\xampp\Desktop\mdcnpal\htdocs\public_html\core\global_include.php on line 615
[2026-07-06 18:24:27] Undefined variable $getId in C:\xampp\Desktop\mdcnpal\htdocs\public_html\core\global_include.php on line 684
[2026-07-06 18:24:27] Undefined variable $getName in C:\xampp\Desktop\mdcnpal\htdocs\public_html\core\global_include.php on line 685
[2026-07-06 18:24:27] Undefined array key 0 in C:\xampp\Desktop\mdcnpal\htdocs\public_html\core\global_include.php on line 810
[2026-07-06 18:24:27] Creation of dynamic property app::$rs_offer_msg is deprecated in C:\xampp\Desktop\mdcnpal\htdocs\public_html\core\app.php on line 434
[2026-07-06 18:24:27] Creation of dynamic property app::$rs_for_doctors is deprecated in C:\xampp\Desktop\mdcnpal\htdocs\public_html\core\app.php on line 434
[2026-07-06 18:24:27] Undefined property: app::$rs_cartmini in C:\xampp\Desktop\mdcnpal\htdocs\public_html\includes\header.php on line 131
[2026-07-06 18:24:27] Undefined array key "MDRCCustID" in C:\xampp\Desktop\mdcnpal\htdocs\public_html\includes\header.php on line 134
[2026-07-06 18:24:27] Undefined property: app::$rs_cartmini in C:\xampp\Desktop\mdcnpal\htdocs\public_html\includes\header.php on line 197
[2026-07-06 18:24:27] Undefined array key "MDRCCustID" in C:\xampp\Desktop\mdcnpal\htdocs\public_html\includes\header.php on line 200
[2026-07-06 18:24:27] Undefined property: app::$rs_cartmini in C:\xampp\Desktop\mdcnpal\htdocs\public_html\includes\header.php on line 469
[2026-07-06 18:24:27] Undefined array key "MDRCCustID" in C:\xampp\Desktop\mdcnpal\htdocs\public_html\includes\header.php on line 472
[2026-07-06 18:24:27] Undefined property: app::$rs_cartmini in C:\xampp\Desktop\mdcnpal\htdocs\public_html\includes\header.php on line 525
[2026-07-06 18:24:27] Undefined array key "MDRCCustID" in C:\xampp\Desktop\mdcnpal\htdocs\public_html\includes\header.php on line 528
[2026-07-06 18:24:27] Undefined property: app::$rs_customer in C:\xampp\Desktop\mdcnpal\htdocs\public_html\includes\header.php on line 712
[2026-07-06 18:24:27] Trying to access array offset on value of type null in C:\xampp\Desktop\mdcnpal\htdocs\public_html\includes\header.php on line 712
[2026-07-06 18:24:27] Undefined property: app::$rs_customer in C:\xampp\Desktop\mdcnpal\htdocs\public_html\includes\header.php on line 721
[2026-07-06 18:24:27] Trying to access array offset on value of type null in C:\xampp\Desktop\mdcnpal\htdocs\public_html\includes\header.php on line 721
[2026-07-06 18:24:27] Undefined property: app::$rs_customer in C:\xampp\Desktop\mdcnpal\htdocs\public_html\includes\header.php on line 730
[2026-07-06 18:24:27] Trying to access array offset on value of type null in C:\xampp\Desktop\mdcnpal\htdocs\public_html\includes\header.php on line 730
[2026-07-06 18:24:27] Undefined property: app::$rs_customer in C:\xampp\Desktop\mdcnpal\htdocs\public_html\includes\header.php on line 739
[2026-07-06 18:24:27] Trying to access array offset on value of type null in C:\xampp\Desktop\mdcnpal\htdocs\public_html\includes\header.php on line 739
[2026-07-06 18:24:27] Undefined property: app::$rs_customer in C:\xampp\Desktop\mdcnpal\htdocs\public_html\includes\footer.php on line 357
[2026-07-06 18:24:27] Trying to access array offset on value of type null in C:\xampp\Desktop\mdcnpal\htdocs\public_html\includes\footer.php on line 357
[2026-07-06 18:24:27] Undefined property: app::$rs_customer in C:\xampp\Desktop\mdcnpal\htdocs\public_html\includes\footer.php on line 366
[2026-07-06 18:24:27] Trying to access array offset on value of type null in C:\xampp\Desktop\mdcnpal\htdocs\public_html\includes\footer.php on line 366
[2026-07-06 18:24:27] Undefined property: app::$rs_customer in C:\xampp\Desktop\mdcnpal\htdocs\public_html\includes\footer.php on line 372
[2026-07-06 18:24:27] Trying to access array offset on value of type null in C:\xampp\Desktop\mdcnpal\htdocs\public_html\includes\footer.php on line 372
[2026-07-06 18:24:27] Undefined property: app::$rs_customer in C:\xampp\Desktop\mdcnpal\htdocs\public_html\includes\general_data.php on line 88
[2026-07-06 18:24:27] Trying to access array offset on value of type null in C:\xampp\Desktop\mdcnpal\htdocs\public_html\includes\general_data.php on line 88
[2026-07-06 18:24:27] Undefined array key "MDRCCustID" in C:\xampp\Desktop\mdcnpal\htdocs\public_html\includes\general_data.php on line 88
[2026-07-06 18:24:27] Undefined variable $tmpStr in C:\xampp\Desktop\mdcnpal\htdocs\public_html\core\app.php on line 969
[2026-07-06 18:24:27] Creation of dynamic property dbclass::$RECORD_SET is deprecated in C:\xampp\Desktop\mdcnpal\htdocs\public_html\core\dbclass.php on line 69
[2026-07-06 18:24:27] Creation of dynamic property dbclass::$app is deprecated in C:\xampp\Desktop\mdcnpal\htdocs\public_html\core\dbclass.php on line 75
[2026-07-06 18:24:27] Creation of dynamic property model::$foreign_tables is deprecated in C:\xampp\Desktop\mdcnpal\htdocs\public_html\core\model.php on line 43
[2026-07-06 18:24:27] Creation of dynamic property app::$inputfilter is deprecated in C:\xampp\Desktop\mdcnpal\htdocs\public_html\core\app.php on line 123
[2026-07-06 18:24:27] Creation of dynamic property app::$userconfig is deprecated in C:\xampp\Desktop\mdcnpal\htdocs\public_html\core\app.php on line 124
[2026-07-06 18:24:27] Creation of dynamic property app::$global_include is deprecated in C:\xampp\Desktop\mdcnpal\htdocs\public_html\core\app.php on line 125
[2026-07-06 18:24:27] Creation of dynamic property app::$set_cache_time is deprecated in C:\xampp\Desktop\mdcnpal\htdocs\public_html\core\app.php on line 153
[2026-07-06 18:24:27] Creation of dynamic property app::$meta is deprecated in C:\xampp\Desktop\mdcnpal\htdocs\public_html\core\app.php on line 434
[2026-07-06 18:24:27] Creation of dynamic property app::$rs_gs_city is deprecated in C:\xampp\Desktop\mdcnpal\htdocs\public_html\core\app.php on line 434
[2026-07-06 18:24:27] Creation of dynamic property app::$rs_footer_popular_item is deprecated in C:\xampp\Desktop\mdcnpal\htdocs\public_html\core\app.php on line 434
[2026-07-06 18:24:28] Creation of dynamic property app::$rs_footer_popular_test is deprecated in C:\xampp\Desktop\mdcnpal\htdocs\public_html\core\app.php on line 434
[2026-07-06 18:24:28] Creation of dynamic property app::$rs_testimonial is deprecated in C:\xampp\Desktop\mdcnpal\htdocs\public_html\core\app.php on line 434
[2026-07-06 18:24:28] Creation of dynamic property app::$admin is deprecated in C:\xampp\Desktop\mdcnpal\htdocs\public_html\core\app.php on line 434
[2026-07-06 18:24:28] Undefined array key 0 in C:\xampp\Desktop\mdcnpal\htdocs\public_html\core\global_include.php on line 514
[2026-07-06 18:24:28] Creation of dynamic property app::$popup is deprecated in C:\xampp\Desktop\mdcnpal\htdocs\public_html\core\app.php on line 434
[2026-07-06 18:24:28] Undefined array key "MDRCCustID" in C:\xampp\Desktop\mdcnpal\htdocs\public_html\core\global_include.php on line 515
[2026-07-06 18:24:28] Undefined array key "MDRCToken" in C:\xampp\Desktop\mdcnpal\htdocs\public_html\core\global_include.php on line 515
[2026-07-06 18:24:28] Creation of dynamic property app::$rscategory is deprecated in C:\xampp\Desktop\mdcnpal\htdocs\public_html\core\app.php on line 434
[2026-07-06 18:24:28] Creation of dynamic property app::$rs_pages is deprecated in C:\xampp\Desktop\mdcnpal\htdocs\public_html\core\app.php on line 434
[2026-07-06 18:24:28] Creation of dynamic property app::$gs is deprecated in C:\xampp\Desktop\mdcnpal\htdocs\public_html\core\app.php on line 434
[2026-07-06 18:24:28] Undefined array key "MDRCCustID" in C:\xampp\Desktop\mdcnpal\htdocs\public_html\core\global_include.php on line 596
[2026-07-06 18:24:28] Undefined array key "MDRCCustID" in C:\xampp\Desktop\mdcnpal\htdocs\public_html\core\global_include.php on line 615
[2026-07-06 18:24:28] Undefined variable $getId in C:\xampp\Desktop\mdcnpal\htdocs\public_html\core\global_include.php on line 684
[2026-07-06 18:24:28] Undefined variable $getName in C:\xampp\Desktop\mdcnpal\htdocs\public_html\core\global_include.php on line 685
[2026-07-06 18:24:28] Undefined array key 0 in C:\xampp\Desktop\mdcnpal\htdocs\public_html\core\global_include.php on line 810
[2026-07-06 18:24:28] Creation of dynamic property app::$rs_offer_msg is deprecated in C:\xampp\Desktop\mdcnpal\htdocs\public_html\core\app.php on line 434
[2026-07-06 18:24:28] Creation of dynamic property app::$rs_for_doctors is deprecated in C:\xampp\Desktop\mdcnpal\htdocs\public_html\core\app.php on line 434
[2026-07-06 18:24:28] Undefined property: app::$rs_cartmini in C:\xampp\Desktop\mdcnpal\htdocs\public_html\includes\header.php on line 131
[2026-07-06 18:24:28] Undefined array key "MDRCCustID" in C:\xampp\Desktop\mdcnpal\htdocs\public_html\includes\header.php on line 134
[2026-07-06 18:24:28] Undefined property: app::$rs_cartmini in C:\xampp\Desktop\mdcnpal\htdocs\public_html\includes\header.php on line 197
[2026-07-06 18:24:28] Undefined array key "MDRCCustID" in C:\xampp\Desktop\mdcnpal\htdocs\public_html\includes\header.php on line 200
[2026-07-06 18:24:28] Undefined property: app::$rs_cartmini in C:\xampp\Desktop\mdcnpal\htdocs\public_html\includes\header.php on line 469
[2026-07-06 18:24:28] Undefined array key "MDRCCustID" in C:\xampp\Desktop\mdcnpal\htdocs\public_html\includes\header.php on line 472
[2026-07-06 18:24:28] Undefined property: app::$rs_cartmini in C:\xampp\Desktop\mdcnpal\htdocs\public_html\includes\header.php on line 525
[2026-07-06 18:24:28] Undefined array key "MDRCCustID" in C:\xampp\Desktop\mdcnpal\htdocs\public_html\includes\header.php on line 528
[2026-07-06 18:24:28] Undefined property: app::$rs_customer in C:\xampp\Desktop\mdcnpal\htdocs\public_html\includes\header.php on line 712
[2026-07-06 18:24:28] Trying to access array offset on value of type null in C:\xampp\Desktop\mdcnpal\htdocs\public_html\includes\header.php on line 712
[2026-07-06 18:24:28] Undefined property: app::$rs_customer in C:\xampp\Desktop\mdcnpal\htdocs\public_html\includes\header.php on line 721
[2026-07-06 18:24:28] Trying to access array offset on value of type null in C:\xampp\Desktop\mdcnpal\htdocs\public_html\includes\header.php on line 721
[2026-07-06 18:24:28] Undefined property: app::$rs_customer in C:\xampp\Desktop\mdcnpal\htdocs\public_html\includes\header.php on line 730
[2026-07-06 18:24:28] Trying to access array offset on value of type null in C:\xampp\Desktop\mdcnpal\htdocs\public_html\includes\header.php on line 730
[2026-07-06 18:24:28] Undefined property: app::$rs_customer in C:\xampp\Desktop\mdcnpal\htdocs\public_html\includes\header.php on line 739
[2026-07-06 18:24:28] Trying to access array offset on value of type null in C:\xampp\Desktop\mdcnpal\htdocs\public_html\includes\header.php on line 739
[2026-07-06 18:24:28] Undefined property: app::$rs_customer in C:\xampp\Desktop\mdcnpal\htdocs\public_html\includes\footer.php on line 357
[2026-07-06 18:24:28] Trying to access array offset on value of type null in C:\xampp\Desktop\mdcnpal\htdocs\public_html\includes\footer.php on line 357
[2026-07-06 18:24:28] Undefined property: app::$rs_customer in C:\xampp\Desktop\mdcnpal\htdocs\public_html\includes\footer.php on line 366
[2026-07-06 18:24:28] Trying to access array offset on value of type null in C:\xampp\Desktop\mdcnpal\htdocs\public_html\includes\footer.php on line 366
[2026-07-06 18:24:28] Undefined property: app::$rs_customer in C:\xampp\Desktop\mdcnpal\htdocs\public_html\includes\footer.php on line 372
[2026-07-06 18:24:28] Trying to access array offset on value of type null in C:\xampp\Desktop\mdcnpal\htdocs\public_html\includes\footer.php on line 372
[2026-07-06 18:24:28] Undefined property: app::$rs_customer in C:\xampp\Desktop\mdcnpal\htdocs\public_html\includes\general_data.php on line 88
[2026-07-06 18:24:28] Trying to access array offset on value of type null in C:\xampp\Desktop\mdcnpal\htdocs\public_html\includes\general_data.php on line 88
[2026-07-06 18:24:28] Undefined array key "MDRCCustID" in C:\xampp\Desktop\mdcnpal\htdocs\public_html\includes\general_data.php on line 88
[2026-07-06 18:24:28] Undefined variable $tmpStr in C:\xampp\Desktop\mdcnpal\htdocs\public_html\core\app.php on line 969
[2026-07-06 18:24:28] Creation of dynamic property dbclass::$RECORD_SET is deprecated in C:\xampp\Desktop\mdcnpal\htdocs\public_html\core\dbclass.php on line 69
[2026-07-06 18:24:28] Creation of dynamic property dbclass::$app is deprecated in C:\xampp\Desktop\mdcnpal\htdocs\public_html\core\dbclass.php on line 75
[2026-07-06 18:24:28] Creation of dynamic property model::$foreign_tables is deprecated in C:\xampp\Desktop\mdcnpal\htdocs\public_html\core\model.php on line 43
[2026-07-06 18:24:28] Creation of dynamic property app::$inputfilter is deprecated in C:\xampp\Desktop\mdcnpal\htdocs\public_html\core\app.php on line 123
[2026-07-06 18:24:28] Creation of dynamic property app::$userconfig is deprecated in C:\xampp\Desktop\mdcnpal\htdocs\public_html\core\app.php on line 124
[2026-07-06 18:24:28] Creation of dynamic property app::$global_include is deprecated in C:\xampp\Desktop\mdcnpal\htdocs\public_html\core\app.php on line 125
[2026-07-06 18:24:28] Creation of dynamic property app::$set_cache_time is deprecated in C:\xampp\Desktop\mdcnpal\htdocs\public_html\core\app.php on line 153
[2026-07-06 18:24:28] Creation of dynamic property app::$meta is deprecated in C:\xampp\Desktop\mdcnpal\htdocs\public_html\core\app.php on line 434
[2026-07-06 18:24:28] Creation of dynamic property app::$rs_gs_city is deprecated in C:\xampp\Desktop\mdcnpal\htdocs\public_html\core\app.php on line 434
[2026-07-06 18:24:28] Creation of dynamic property app::$rs_footer_popular_item is deprecated in C:\xampp\Desktop\mdcnpal\htdocs\public_html\core\app.php on line 434
[2026-07-06 18:24:28] Creation of dynamic property app::$rs_footer_popular_test is deprecated in C:\xampp\Desktop\mdcnpal\htdocs\public_html\core\app.php on line 434
[2026-07-06 18:24:28] Creation of dynamic property app::$rs_testimonial is deprecated in C:\xampp\Desktop\mdcnpal\htdocs\public_html\core\app.php on line 434
[2026-07-06 18:24:28] Creation of dynamic property app::$admin is deprecated in C:\xampp\Desktop\mdcnpal\htdocs\public_html\core\app.php on line 434
[2026-07-06 18:24:28] Undefined array key 0 in C:\xampp\Desktop\mdcnpal\htdocs\public_html\core\global_include.php on line 514
[2026-07-06 18:24:28] Creation of dynamic property app::$popup is deprecated in C:\xampp\Desktop\mdcnpal\htdocs\public_html\core\app.php on line 434
[2026-07-06 18:24:28] Undefined array key "MDRCCustID" in C:\xampp\Desktop\mdcnpal\htdocs\public_html\core\global_include.php on line 515
[2026-07-06 18:24:28] Undefined array key "MDRCToken" in C:\xampp\Desktop\mdcnpal\htdocs\public_html\core\global_include.php on line 515
[2026-07-06 18:24:28] Creation of dynamic property app::$rscategory is deprecated in C:\xampp\Desktop\mdcnpal\htdocs\public_html\core\app.php on line 434
[2026-07-06 18:24:28] Creation of dynamic property app::$rs_pages is deprecated in C:\xampp\Desktop\mdcnpal\htdocs\public_html\core\app.php on line 434
[2026-07-06 18:24:28] Creation of dynamic property app::$gs is deprecated in C:\xampp\Desktop\mdcnpal\htdocs\public_html\core\app.php on line 434
[2026-07-06 18:24:28] Undefined array key "MDRCCustID" in C:\xampp\Desktop\mdcnpal\htdocs\public_html\core\global_include.php on line 596
[2026-07-06 18:24:28] Undefined array key "MDRCCustID" in C:\xampp\Desktop\mdcnpal\htdocs\public_html\core\global_include.php on line 615
[2026-07-06 18:24:28] Undefined variable $getId in C:\xampp\Desktop\mdcnpal\htdocs\public_html\core\global_include.php on line 684
[2026-07-06 18:24:28] Undefined variable $getName in C:\xampp\Desktop\mdcnpal\htdocs\public_html\core\global_include.php on line 685
[2026-07-06 18:24:28] Undefined array key 0 in C:\xampp\Desktop\mdcnpal\htdocs\public_html\core\global_include.php on line 810
[2026-07-06 18:24:28] Creation of dynamic property app::$rs_offer_msg is deprecated in C:\xampp\Desktop\mdcnpal\htdocs\public_html\core\app.php on line 434
[2026-07-06 18:24:28] Creation of dynamic property app::$rs_for_doctors is deprecated in C:\xampp\Desktop\mdcnpal\htdocs\public_html\core\app.php on line 434
[2026-07-06 18:24:28] Undefined property: app::$rs_cartmini in C:\xampp\Desktop\mdcnpal\htdocs\public_html\includes\header.php on line 131
[2026-07-06 18:24:28] Undefined array key "MDRCCustID" in C:\xampp\Desktop\mdcnpal\htdocs\public_html\includes\header.php on line 134
[2026-07-06 18:24:28] Undefined property: app::$rs_cartmini in C:\xampp\Desktop\mdcnpal\htdocs\public_html\includes\header.php on line 197
[2026-07-06 18:24:28] Undefined array key "MDRCCustID" in C:\xampp\Desktop\mdcnpal\htdocs\public_html\includes\header.php on line 200
[2026-07-06 18:24:28] Undefined property: app::$rs_cartmini in C:\xampp\Desktop\mdcnpal\htdocs\public_html\includes\header.php on line 469
[2026-07-06 18:24:28] Undefined array key "MDRCCustID" in C:\xampp\Desktop\mdcnpal\htdocs\public_html\includes\header.php on line 472
[2026-07-06 18:24:28] Undefined property: app::$rs_cartmini in C:\xampp\Desktop\mdcnpal\htdocs\public_html\includes\header.php on line 525
[2026-07-06 18:24:28] Undefined array key "MDRCCustID" in C:\xampp\Desktop\mdcnpal\htdocs\public_html\includes\header.php on line 528
[2026-07-06 18:24:28] Undefined property: app::$rs_customer in C:\xampp\Desktop\mdcnpal\htdocs\public_html\includes\header.php on line 712
[2026-07-06 18:24:28] Trying to access array offset on value of type null in C:\xampp\Desktop\mdcnpal\htdocs\public_html\includes\header.php on line 712
[2026-07-06 18:24:28] Undefined property: app::$rs_customer in C:\xampp\Desktop\mdcnpal\htdocs\public_html\includes\header.php on line 721
[2026-07-06 18:24:28] Trying to access array offset on value of type null in C:\xampp\Desktop\mdcnpal\htdocs\public_html\includes\header.php on line 721
[2026-07-06 18:24:28] Undefined property: app::$rs_customer in C:\xampp\Desktop\mdcnpal\htdocs\public_html\includes\header.php on line 730
[2026-07-06 18:24:28] Trying to access array offset on value of type null in C:\xampp\Desktop\mdcnpal\htdocs\public_html\includes\header.php on line 730
[2026-07-06 18:24:28] Undefined property: app::$rs_customer in C:\xampp\Desktop\mdcnpal\htdocs\public_html\includes\header.php on line 739
[2026-07-06 18:24:28] Trying to access array offset on value of type null in C:\xampp\Desktop\mdcnpal\htdocs\public_html\includes\header.php on line 739
[2026-07-06 18:24:28] Undefined property: app::$rs_customer in C:\xampp\Desktop\mdcnpal\htdocs\public_html\includes\footer.php on line 357
[2026-07-06 18:24:28] Trying to access array offset on value of type null in C:\xampp\Desktop\mdcnpal\htdocs\public_html\includes\footer.php on line 357
[2026-07-06 18:24:28] Undefined property: app::$rs_customer in C:\xampp\Desktop\mdcnpal\htdocs\public_html\includes\footer.php on line 366
[2026-07-06 18:24:28] Trying to access array offset on value of type null in C:\xampp\Desktop\mdcnpal\htdocs\public_html\includes\footer.php on line 366
[2026-07-06 18:24:28] Undefined property: app::$rs_customer in C:\xampp\Desktop\mdcnpal\htdocs\public_html\includes\footer.php on line 372
[2026-07-06 18:24:28] Trying to access array offset on value of type null in C:\xampp\Desktop\mdcnpal\htdocs\public_html\includes\footer.php on line 372
[2026-07-06 18:24:28] Undefined property: app::$rs_customer in C:\xampp\Desktop\mdcnpal\htdocs\public_html\includes\general_data.php on line 88
[2026-07-06 18:24:28] Trying to access array offset on value of type null in C:\xampp\Desktop\mdcnpal\htdocs\public_html\includes\general_data.php on line 88
[2026-07-06 18:24:28] Undefined array key "MDRCCustID" in C:\xampp\Desktop\mdcnpal\htdocs\public_html\includes\general_data.php on line 88
[2026-07-06 18:24:28] Undefined variable $tmpStr in C:\xampp\Desktop\mdcnpal\htdocs\public_html\core\app.php on line 969
[2026-07-06 18:24:29] Creation of dynamic property dbclass::$RECORD_SET is deprecated in C:\xampp\Desktop\mdcnpal\htdocs\public_html\core\dbclass.php on line 69
[2026-07-06 18:24:29] Creation of dynamic property dbclass::$app is deprecated in C:\xampp\Desktop\mdcnpal\htdocs\public_html\core\dbclass.php on line 75
[2026-07-06 18:24:29] Creation of dynamic property model::$foreign_tables is deprecated in C:\xampp\Desktop\mdcnpal\htdocs\public_html\core\model.php on line 43
[2026-07-06 18:24:29] Creation of dynamic property app::$inputfilter is deprecated in C:\xampp\Desktop\mdcnpal\htdocs\public_html\core\app.php on line 123
[2026-07-06 18:24:29] Creation of dynamic property app::$userconfig is deprecated in C:\xampp\Desktop\mdcnpal\htdocs\public_html\core\app.php on line 124
[2026-07-06 18:24:29] Creation of dynamic property app::$global_include is deprecated in C:\xampp\Desktop\mdcnpal\htdocs\public_html\core\app.php on line 125
[2026-07-06 18:24:29] Creation of dynamic property app::$set_cache_time is deprecated in C:\xampp\Desktop\mdcnpal\htdocs\public_html\core\app.php on line 153
[2026-07-06 18:24:29] Creation of dynamic property app::$meta is deprecated in C:\xampp\Desktop\mdcnpal\htdocs\public_html\core\app.php on line 434
[2026-07-06 18:24:29] Creation of dynamic property app::$rs_gs_city is deprecated in C:\xampp\Desktop\mdcnpal\htdocs\public_html\core\app.php on line 434
[2026-07-06 18:24:29] Creation of dynamic property app::$rs_footer_popular_item is deprecated in C:\xampp\Desktop\mdcnpal\htdocs\public_html\core\app.php on line 434
[2026-07-06 18:24:29] Creation of dynamic property app::$rs_footer_popular_test is deprecated in C:\xampp\Desktop\mdcnpal\htdocs\public_html\core\app.php on line 434
[2026-07-06 18:24:29] Creation of dynamic property app::$rs_testimonial is deprecated in C:\xampp\Desktop\mdcnpal\htdocs\public_html\core\app.php on line 434
[2026-07-06 18:24:29] Creation of dynamic property app::$admin is deprecated in C:\xampp\Desktop\mdcnpal\htdocs\public_html\core\app.php on line 434
[2026-07-06 18:24:29] Undefined array key 0 in C:\xampp\Desktop\mdcnpal\htdocs\public_html\core\global_include.php on line 514
[2026-07-06 18:24:29] Creation of dynamic property app::$popup is deprecated in C:\xampp\Desktop\mdcnpal\htdocs\public_html\core\app.php on line 434
[2026-07-06 18:24:29] Undefined array key "MDRCCustID" in C:\xampp\Desktop\mdcnpal\htdocs\public_html\core\global_include.php on line 515
[2026-07-06 18:24:29] Undefined array key "MDRCToken" in C:\xampp\Desktop\mdcnpal\htdocs\public_html\core\global_include.php on line 515
[2026-07-06 18:24:29] Creation of dynamic property app::$rscategory is deprecated in C:\xampp\Desktop\mdcnpal\htdocs\public_html\core\app.php on line 434
[2026-07-06 18:24:29] Creation of dynamic property app::$rs_pages is deprecated in C:\xampp\Desktop\mdcnpal\htdocs\public_html\core\app.php on line 434
[2026-07-06 18:24:29] Creation of dynamic property app::$gs is deprecated in C:\xampp\Desktop\mdcnpal\htdocs\public_html\core\app.php on line 434
[2026-07-06 18:24:29] Undefined array key "MDRCCustID" in C:\xampp\Desktop\mdcnpal\htdocs\public_html\core\global_include.php on line 596
[2026-07-06 18:24:29] Undefined array key "MDRCCustID" in C:\xampp\Desktop\mdcnpal\htdocs\public_html\core\global_include.php on line 615
[2026-07-06 18:24:29] Undefined variable $getId in C:\xampp\Desktop\mdcnpal\htdocs\public_html\core\global_include.php on line 684
[2026-07-06 18:24:29] Undefined variable $getName in C:\xampp\Desktop\mdcnpal\htdocs\public_html\core\global_include.php on line 685
[2026-07-06 18:24:29] Undefined array key 0 in C:\xampp\Desktop\mdcnpal\htdocs\public_html\core\global_include.php on line 810
[2026-07-06 18:24:29] Creation of dynamic property app::$rs_offer_msg is deprecated in C:\xampp\Desktop\mdcnpal\htdocs\public_html\core\app.php on line 434
[2026-07-06 18:24:29] Creation of dynamic property app::$rs_for_doctors is deprecated in C:\xampp\Desktop\mdcnpal\htdocs\public_html\core\app.php on line 434
[2026-07-06 18:24:29] Undefined property: app::$rs_cartmini in C:\xampp\Desktop\mdcnpal\htdocs\public_html\includes\header.php on line 131
[2026-07-06 18:24:29] Undefined array key "MDRCCustID" in C:\xampp\Desktop\mdcnpal\htdocs\public_html\includes\header.php on line 134
[2026-07-06 18:24:29] Undefined property: app::$rs_cartmini in C:\xampp\Desktop\mdcnpal\htdocs\public_html\includes\header.php on line 197
[2026-07-06 18:24:29] Undefined array key "MDRCCustID" in C:\xampp\Desktop\mdcnpal\htdocs\public_html\includes\header.php on line 200
[2026-07-06 18:24:29] Undefined property: app::$rs_cartmini in C:\xampp\Desktop\mdcnpal\htdocs\public_html\includes\header.php on line 469
[2026-07-06 18:24:29] Undefined array key "MDRCCustID" in C:\xampp\Desktop\mdcnpal\htdocs\public_html\includes\header.php on line 472
[2026-07-06 18:24:29] Undefined property: app::$rs_cartmini in C:\xampp\Desktop\mdcnpal\htdocs\public_html\includes\header.php on line 525
[2026-07-06 18:24:29] Undefined array key "MDRCCustID" in C:\xampp\Desktop\mdcnpal\htdocs\public_html\includes\header.php on line 528
[2026-07-06 18:24:29] Undefined property: app::$rs_customer in C:\xampp\Desktop\mdcnpal\htdocs\public_html\includes\header.php on line 712
[2026-07-06 18:24:29] Trying to access array offset on value of type null in C:\xampp\Desktop\mdcnpal\htdocs\public_html\includes\header.php on line 712
[2026-07-06 18:24:29] Undefined property: app::$rs_customer in C:\xampp\Desktop\mdcnpal\htdocs\public_html\includes\header.php on line 721
[2026-07-06 18:24:29] Trying to access array offset on value of type null in C:\xampp\Desktop\mdcnpal\htdocs\public_html\includes\header.php on line 721
[2026-07-06 18:24:29] Undefined property: app::$rs_customer in C:\xampp\Desktop\mdcnpal\htdocs\public_html\includes\header.php on line 730
[2026-07-06 18:24:29] Trying to access array offset on value of type null in C:\xampp\Desktop\mdcnpal\htdocs\public_html\includes\header.php on line 730
[2026-07-06 18:24:29] Undefined property: app::$rs_customer in C:\xampp\Desktop\mdcnpal\htdocs\public_html\includes\header.php on line 739
[2026-07-06 18:24:29] Trying to access array offset on value of type null in C:\xampp\Desktop\mdcnpal\htdocs\public_html\includes\header.php on line 739
[2026-07-06 18:24:29] Undefined property: app::$rs_customer in C:\xampp\Desktop\mdcnpal\htdocs\public_html\includes\footer.php on line 357
[2026-07-06 18:24:29] Trying to access array offset on value of type null in C:\xampp\Desktop\mdcnpal\htdocs\public_html\includes\footer.php on line 357
[2026-07-06 18:24:29] Undefined property: app::$rs_customer in C:\xampp\Desktop\mdcnpal\htdocs\public_html\includes\footer.php on line 366
[2026-07-06 18:24:29] Trying to access array offset on value of type null in C:\xampp\Desktop\mdcnpal\htdocs\public_html\includes\footer.php on line 366
[2026-07-06 18:24:29] Undefined property: app::$rs_customer in C:\xampp\Desktop\mdcnpal\htdocs\public_html\includes\footer.php on line 372
[2026-07-06 18:24:29] Trying to access array offset on value of type null in C:\xampp\Desktop\mdcnpal\htdocs\public_html\includes\footer.php on line 372
[2026-07-06 18:24:29] Undefined property: app::$rs_customer in C:\xampp\Desktop\mdcnpal\htdocs\public_html\includes\general_data.php on line 88
[2026-07-06 18:24:29] Trying to access array offset on value of type null in C:\xampp\Desktop\mdcnpal\htdocs\public_html\includes\general_data.php on line 88
[2026-07-06 18:24:29] Undefined array key "MDRCCustID" in C:\xampp\Desktop\mdcnpal\htdocs\public_html\includes\general_data.php on line 88
[2026-07-06 18:24:30] Undefined variable $tmpStr in C:\xampp\Desktop\mdcnpal\htdocs\public_html\core\app.php on line 969
[2026-07-06 18:24:30] Creation of dynamic property dbclass::$RECORD_SET is deprecated in C:\xampp\Desktop\mdcnpal\htdocs\public_html\core\dbclass.php on line 69
[2026-07-06 18:24:30] Creation of dynamic property dbclass::$app is deprecated in C:\xampp\Desktop\mdcnpal\htdocs\public_html\core\dbclass.php on line 75
[2026-07-06 18:24:30] Creation of dynamic property model::$foreign_tables is deprecated in C:\xampp\Desktop\mdcnpal\htdocs\public_html\core\model.php on line 43
[2026-07-06 18:24:30] Creation of dynamic property app::$inputfilter is deprecated in C:\xampp\Desktop\mdcnpal\htdocs\public_html\core\app.php on line 123
[2026-07-06 18:24:30] Creation of dynamic property app::$userconfig is deprecated in C:\xampp\Desktop\mdcnpal\htdocs\public_html\core\app.php on line 124
[2026-07-06 18:24:30] Creation of dynamic property app::$global_include is deprecated in C:\xampp\Desktop\mdcnpal\htdocs\public_html\core\app.php on line 125
[2026-07-06 18:24:30] Creation of dynamic property app::$set_cache_time is deprecated in C:\xampp\Desktop\mdcnpal\htdocs\public_html\core\app.php on line 153
[2026-07-06 18:24:30] Creation of dynamic property app::$meta is deprecated in C:\xampp\Desktop\mdcnpal\htdocs\public_html\core\app.php on line 434
[2026-07-06 18:24:30] Creation of dynamic property app::$rs_gs_city is deprecated in C:\xampp\Desktop\mdcnpal\htdocs\public_html\core\app.php on line 434
[2026-07-06 18:24:30] Creation of dynamic property app::$rs_footer_popular_item is deprecated in C:\xampp\Desktop\mdcnpal\htdocs\public_html\core\app.php on line 434
[2026-07-06 18:24:30] Creation of dynamic property app::$rs_footer_popular_test is deprecated in C:\xampp\Desktop\mdcnpal\htdocs\public_html\core\app.php on line 434
[2026-07-06 18:24:30] Creation of dynamic property app::$rs_testimonial is deprecated in C:\xampp\Desktop\mdcnpal\htdocs\public_html\core\app.php on line 434
[2026-07-06 18:24:30] Creation of dynamic property app::$admin is deprecated in C:\xampp\Desktop\mdcnpal\htdocs\public_html\core\app.php on line 434
[2026-07-06 18:24:30] Undefined array key 0 in C:\xampp\Desktop\mdcnpal\htdocs\public_html\core\global_include.php on line 514
[2026-07-06 18:24:30] Creation of dynamic property app::$popup is deprecated in C:\xampp\Desktop\mdcnpal\htdocs\public_html\core\app.php on line 434
[2026-07-06 18:24:30] Undefined array key "MDRCCustID" in C:\xampp\Desktop\mdcnpal\htdocs\public_html\core\global_include.php on line 515
[2026-07-06 18:24:30] Undefined array key "MDRCToken" in C:\xampp\Desktop\mdcnpal\htdocs\public_html\core\global_include.php on line 515
[2026-07-06 18:24:30] Creation of dynamic property app::$rscategory is deprecated in C:\xampp\Desktop\mdcnpal\htdocs\public_html\core\app.php on line 434
[2026-07-06 18:24:30] Creation of dynamic property app::$rs_pages is deprecated in C:\xampp\Desktop\mdcnpal\htdocs\public_html\core\app.php on line 434
[2026-07-06 18:24:30] Creation of dynamic property app::$gs is deprecated in C:\xampp\Desktop\mdcnpal\htdocs\public_html\core\app.php on line 434
[2026-07-06 18:24:30] Undefined array key "MDRCCustID" in C:\xampp\Desktop\mdcnpal\htdocs\public_html\core\global_include.php on line 596
[2026-07-06 18:24:30] Undefined array key "MDRCCustID" in C:\xampp\Desktop\mdcnpal\htdocs\public_html\core\global_include.php on line 615
[2026-07-06 18:24:30] Undefined variable $getId in C:\xampp\Desktop\mdcnpal\htdocs\public_html\core\global_include.php on line 684
[2026-07-06 18:24:30] Undefined variable $getName in C:\xampp\Desktop\mdcnpal\htdocs\public_html\core\global_include.php on line 685
[2026-07-06 18:24:30] Undefined array key 0 in C:\xampp\Desktop\mdcnpal\htdocs\public_html\core\global_include.php on line 810
[2026-07-06 18:24:30] Creation of dynamic property app::$rs_offer_msg is deprecated in C:\xampp\Desktop\mdcnpal\htdocs\public_html\core\app.php on line 434
[2026-07-06 18:24:30] Creation of dynamic property app::$rs_for_doctors is deprecated in C:\xampp\Desktop\mdcnpal\htdocs\public_html\core\app.php on line 434
[2026-07-06 18:24:30] Undefined property: app::$rs_cartmini in C:\xampp\Desktop\mdcnpal\htdocs\public_html\includes\header.php on line 131
[2026-07-06 18:24:30] Undefined array key "MDRCCustID" in C:\xampp\Desktop\mdcnpal\htdocs\public_html\includes\header.php on line 134
[2026-07-06 18:24:30] Undefined property: app::$rs_cartmini in C:\xampp\Desktop\mdcnpal\htdocs\public_html\includes\header.php on line 197
[2026-07-06 18:24:30] Undefined array key "MDRCCustID" in C:\xampp\Desktop\mdcnpal\htdocs\public_html\includes\header.php on line 200
[2026-07-06 18:24:30] Undefined property: app::$rs_cartmini in C:\xampp\Desktop\mdcnpal\htdocs\public_html\includes\header.php on line 469
[2026-07-06 18:24:30] Undefined array key "MDRCCustID" in C:\xampp\Desktop\mdcnpal\htdocs\public_html\includes\header.php on line 472
[2026-07-06 18:24:30] Undefined property: app::$rs_cartmini in C:\xampp\Desktop\mdcnpal\htdocs\public_html\includes\header.php on line 525
[2026-07-06 18:24:30] Undefined array key "MDRCCustID" in C:\xampp\Desktop\mdcnpal\htdocs\public_html\includes\header.php on line 528
[2026-07-06 18:24:30] Undefined property: app::$rs_customer in C:\xampp\Desktop\mdcnpal\htdocs\public_html\includes\header.php on line 712
[2026-07-06 18:24:30] Trying to access array offset on value of type null in C:\xampp\Desktop\mdcnpal\htdocs\public_html\includes\header.php on line 712
[2026-07-06 18:24:30] Undefined property: app::$rs_customer in C:\xampp\Desktop\mdcnpal\htdocs\public_html\includes\header.php on line 721
[2026-07-06 18:24:30] Trying to access array offset on value of type null in C:\xampp\Desktop\mdcnpal\htdocs\public_html\includes\header.php on line 721
[2026-07-06 18:24:30] Undefined property: app::$rs_customer in C:\xampp\Desktop\mdcnpal\htdocs\public_html\includes\header.php on line 730
[2026-07-06 18:24:30] Trying to access array offset on value of type null in C:\xampp\Desktop\mdcnpal\htdocs\public_html\includes\header.php on line 730
[2026-07-06 18:24:30] Undefined property: app::$rs_customer in C:\xampp\Desktop\mdcnpal\htdocs\public_html\includes\header.php on line 739
[2026-07-06 18:24:30] Trying to access array offset on value of type null in C:\xampp\Desktop\mdcnpal\htdocs\public_html\includes\header.php on line 739
[2026-07-06 18:24:30] Undefined property: app::$rs_cartmini in C:\xampp\Desktop\mdcnpal\htdocs\public_html\core\app.php(565) : eval()'d code on line 66
[06-Jul-2026 18:24:30 Asia/Kathmandu] PHP Fatal error:  Uncaught TypeError: count(): Argument #1 ($value) must be of type Countable|array, null given in C:\xampp\Desktop\mdcnpal\htdocs\public_html\core\app.php(565) : eval()'d code:66
Stack trace:
#0 C:\xampp\Desktop\mdcnpal\htdocs\public_html\core\app.php(565): eval()
#1 C:\xampp\Desktop\mdcnpal\htdocs\public_html\core\app.php(535): app->compile()
#2 C:\xampp\Desktop\mdcnpal\htdocs\public_html\core\app.php(516): app->package()
#3 C:\xampp\Desktop\mdcnpal\htdocs\public_html\index.php(6): app->execute()
#4 {main}
  thrown in C:\xampp\Desktop\mdcnpal\htdocs\public_html\core\app.php(565) : eval()'d code on line 66
[2026-07-06 18:24:31] Creation of dynamic property dbclass::$RECORD_SET is deprecated in C:\xampp\Desktop\mdcnpal\htdocs\public_html\core\dbclass.php on line 69
[2026-07-06 18:24:31] Creation of dynamic property dbclass::$app is deprecated in C:\xampp\Desktop\mdcnpal\htdocs\public_html\core\dbclass.php on line 75
[2026-07-06 18:24:31] Creation of dynamic property model::$foreign_tables is deprecated in C:\xampp\Desktop\mdcnpal\htdocs\public_html\core\model.php on line 43
[2026-07-06 18:24:31] Creation of dynamic property app::$inputfilter is deprecated in C:\xampp\Desktop\mdcnpal\htdocs\public_html\core\app.php on line 123
[2026-07-06 18:24:31] Creation of dynamic property app::$userconfig is deprecated in C:\xampp\Desktop\mdcnpal\htdocs\public_html\core\app.php on line 124
[2026-07-06 18:24:31] Creation of dynamic property app::$global_include is deprecated in C:\xampp\Desktop\mdcnpal\htdocs\public_html\core\app.php on line 125
[2026-07-06 18:24:31] Creation of dynamic property app::$set_cache_time is deprecated in C:\xampp\Desktop\mdcnpal\htdocs\public_html\core\app.php on line 153
[2026-07-06 18:24:31] Creation of dynamic property app::$meta is deprecated in C:\xampp\Desktop\mdcnpal\htdocs\public_html\core\app.php on line 434
[2026-07-06 18:24:31] Creation of dynamic property app::$rs_gs_city is deprecated in C:\xampp\Desktop\mdcnpal\htdocs\public_html\core\app.php on line 434
[2026-07-06 18:24:31] Creation of dynamic property app::$rs_footer_popular_item is deprecated in C:\xampp\Desktop\mdcnpal\htdocs\public_html\core\app.php on line 434
[2026-07-06 18:24:31] Creation of dynamic property app::$rs_footer_popular_test is deprecated in C:\xampp\Desktop\mdcnpal\htdocs\public_html\core\app.php on line 434
[2026-07-06 18:24:31] Creation of dynamic property app::$rs_testimonial is deprecated in C:\xampp\Desktop\mdcnpal\htdocs\public_html\core\app.php on line 434
[2026-07-06 18:24:31] Creation of dynamic property app::$admin is deprecated in C:\xampp\Desktop\mdcnpal\htdocs\public_html\core\app.php on line 434
[2026-07-06 18:24:31] Undefined array key 0 in C:\xampp\Desktop\mdcnpal\htdocs\public_html\core\global_include.php on line 514
[2026-07-06 18:24:31] Creation of dynamic property app::$popup is deprecated in C:\xampp\Desktop\mdcnpal\htdocs\public_html\core\app.php on line 434
[2026-07-06 18:24:31] Undefined array key "MDRCCustID" in C:\xampp\Desktop\mdcnpal\htdocs\public_html\core\global_include.php on line 515
[2026-07-06 18:24:31] Undefined array key "MDRCToken" in C:\xampp\Desktop\mdcnpal\htdocs\public_html\core\global_include.php on line 515
[2026-07-06 18:24:31] Creation of dynamic property app::$rscategory is deprecated in C:\xampp\Desktop\mdcnpal\htdocs\public_html\core\app.php on line 434
[2026-07-06 18:24:31] Creation of dynamic property app::$rs_pages is deprecated in C:\xampp\Desktop\mdcnpal\htdocs\public_html\core\app.php on line 434
[2026-07-06 18:24:31] Creation of dynamic property app::$gs is deprecated in C:\xampp\Desktop\mdcnpal\htdocs\public_html\core\app.php on line 434
[2026-07-06 18:24:31] Undefined array key "MDRCCustID" in C:\xampp\Desktop\mdcnpal\htdocs\public_html\core\global_include.php on line 596
[2026-07-06 18:24:31] Undefined array key "MDRCCustID" in C:\xampp\Desktop\mdcnpal\htdocs\public_html\core\global_include.php on line 615
[2026-07-06 18:24:31] Undefined variable $getId in C:\xampp\Desktop\mdcnpal\htdocs\public_html\core\global_include.php on line 684
[2026-07-06 18:24:31] Undefined variable $getName in C:\xampp\Desktop\mdcnpal\htdocs\public_html\core\global_include.php on line 685
[2026-07-06 18:24:31] Undefined array key 0 in C:\xampp\Desktop\mdcnpal\htdocs\public_html\core\global_include.php on line 810
[2026-07-06 18:24:31] Creation of dynamic property app::$rs_offer_msg is deprecated in C:\xampp\Desktop\mdcnpal\htdocs\public_html\core\app.php on line 434
[2026-07-06 18:24:31] Creation of dynamic property app::$rs_for_doctors is deprecated in C:\xampp\Desktop\mdcnpal\htdocs\public_html\core\app.php on line 434
[2026-07-06 18:24:31] Undefined property: app::$rs_cartmini in C:\xampp\Desktop\mdcnpal\htdocs\public_html\includes\header.php on line 131
[2026-07-06 18:24:31] Undefined array key "MDRCCustID" in C:\xampp\Desktop\mdcnpal\htdocs\public_html\includes\header.php on line 134
[2026-07-06 18:24:31] Undefined property: app::$rs_cartmini in C:\xampp\Desktop\mdcnpal\htdocs\public_html\includes\header.php on line 197
[2026-07-06 18:24:31] Undefined array key "MDRCCustID" in C:\xampp\Desktop\mdcnpal\htdocs\public_html\includes\header.php on line 200
[2026-07-06 18:24:31] Undefined property: app::$rs_cartmini in C:\xampp\Desktop\mdcnpal\htdocs\public_html\includes\header.php on line 469
[2026-07-06 18:24:31] Undefined array key "MDRCCustID" in C:\xampp\Desktop\mdcnpal\htdocs\public_html\includes\header.php on line 472
[2026-07-06 18:24:31] Undefined property: app::$rs_cartmini in C:\xampp\Desktop\mdcnpal\htdocs\public_html\includes\header.php on line 525
[2026-07-06 18:24:31] Undefined array key "MDRCCustID" in C:\xampp\Desktop\mdcnpal\htdocs\public_html\includes\header.php on line 528
[2026-07-06 18:24:31] Undefined property: app::$rs_customer in C:\xampp\Desktop\mdcnpal\htdocs\public_html\includes\header.php on line 712
[2026-07-06 18:24:31] Trying to access array offset on value of type null in C:\xampp\Desktop\mdcnpal\htdocs\public_html\includes\header.php on line 712
[2026-07-06 18:24:31] Undefined property: app::$rs_customer in C:\xampp\Desktop\mdcnpal\htdocs\public_html\includes\header.php on line 721
[2026-07-06 18:24:31] Trying to access array offset on value of type null in C:\xampp\Desktop\mdcnpal\htdocs\public_html\includes\header.php on line 721
[2026-07-06 18:24:31] Undefined property: app::$rs_customer in C:\xampp\Desktop\mdcnpal\htdocs\public_html\includes\header.php on line 730
[2026-07-06 18:24:31] Trying to access array offset on value of type null in C:\xampp\Desktop\mdcnpal\htdocs\public_html\includes\header.php on line 730
[2026-07-06 18:24:31] Undefined property: app::$rs_customer in C:\xampp\Desktop\mdcnpal\htdocs\public_html\includes\header.php on line 739
[2026-07-06 18:24:31] Trying to access array offset on value of type null in C:\xampp\Desktop\mdcnpal\htdocs\public_html\includes\header.php on line 739
[2026-07-06 18:24:31] Undefined property: app::$rs_customer in C:\xampp\Desktop\mdcnpal\htdocs\public_html\includes\footer.php on line 357
[2026-07-06 18:24:31] Trying to access array offset on value of type null in C:\xampp\Desktop\mdcnpal\htdocs\public_html\includes\footer.php on line 357
[2026-07-06 18:24:31] Undefined property: app::$rs_customer in C:\xampp\Desktop\mdcnpal\htdocs\public_html\includes\footer.php on line 366
[2026-07-06 18:24:31] Trying to access array offset on value of type null in C:\xampp\Desktop\mdcnpal\htdocs\public_html\includes\footer.php on line 366
[2026-07-06 18:24:31] Undefined property: app::$rs_customer in C:\xampp\Desktop\mdcnpal\htdocs\public_html\includes\footer.php on line 372
[2026-07-06 18:24:31] Trying to access array offset on value of type null in C:\xampp\Desktop\mdcnpal\htdocs\public_html\includes\footer.php on line 372
[2026-07-06 18:24:31] Undefined property: app::$rs_customer in C:\xampp\Desktop\mdcnpal\htdocs\public_html\includes\general_data.php on line 88
[2026-07-06 18:24:31] Trying to access array offset on value of type null in C:\xampp\Desktop\mdcnpal\htdocs\public_html\includes\general_data.php on line 88
[2026-07-06 18:24:31] Undefined array key "MDRCCustID" in C:\xampp\Desktop\mdcnpal\htdocs\public_html\includes\general_data.php on line 88
[2026-07-06 18:24:31] Undefined variable $tmpStr in C:\xampp\Desktop\mdcnpal\htdocs\public_html\core\app.php on line 969
[2026-07-06 18:24:31] Creation of dynamic property dbclass::$RECORD_SET is deprecated in C:\xampp\Desktop\mdcnpal\htdocs\public_html\core\dbclass.php on line 69
[2026-07-06 18:24:31] Creation of dynamic property dbclass::$app is deprecated in C:\xampp\Desktop\mdcnpal\htdocs\public_html\core\dbclass.php on line 75
[2026-07-06 18:24:31] Creation of dynamic property model::$foreign_tables is deprecated in C:\xampp\Desktop\mdcnpal\htdocs\public_html\core\model.php on line 43
[2026-07-06 18:24:31] Creation of dynamic property app::$inputfilter is deprecated in C:\xampp\Desktop\mdcnpal\htdocs\public_html\core\app.php on line 123
[2026-07-06 18:24:31] Creation of dynamic property app::$userconfig is deprecated in C:\xampp\Desktop\mdcnpal\htdocs\public_html\core\app.php on line 124
[2026-07-06 18:24:31] Creation of dynamic property app::$global_include is deprecated in C:\xampp\Desktop\mdcnpal\htdocs\public_html\core\app.php on line 125
[2026-07-06 18:24:31] Creation of dynamic property app::$set_cache_time is deprecated in C:\xampp\Desktop\mdcnpal\htdocs\public_html\core\app.php on line 153
[2026-07-06 18:24:31] Creation of dynamic property app::$meta is deprecated in C:\xampp\Desktop\mdcnpal\htdocs\public_html\core\app.php on line 434
[2026-07-06 18:24:31] Creation of dynamic property app::$rs_gs_city is deprecated in C:\xampp\Desktop\mdcnpal\htdocs\public_html\core\app.php on line 434
[2026-07-06 18:24:31] Creation of dynamic property app::$rs_footer_popular_item is deprecated in C:\xampp\Desktop\mdcnpal\htdocs\public_html\core\app.php on line 434
[2026-07-06 18:24:31] Creation of dynamic property app::$rs_footer_popular_test is deprecated in C:\xampp\Desktop\mdcnpal\htdocs\public_html\core\app.php on line 434
[2026-07-06 18:24:31] Creation of dynamic property app::$rs_testimonial is deprecated in C:\xampp\Desktop\mdcnpal\htdocs\public_html\core\app.php on line 434
[2026-07-06 18:24:31] Creation of dynamic property app::$admin is deprecated in C:\xampp\Desktop\mdcnpal\htdocs\public_html\core\app.php on line 434
[2026-07-06 18:24:31] Undefined array key 0 in C:\xampp\Desktop\mdcnpal\htdocs\public_html\core\global_include.php on line 514
[2026-07-06 18:24:31] Creation of dynamic property app::$popup is deprecated in C:\xampp\Desktop\mdcnpal\htdocs\public_html\core\app.php on line 434
[2026-07-06 18:24:31] Undefined array key "MDRCCustID" in C:\xampp\Desktop\mdcnpal\htdocs\public_html\core\global_include.php on line 515
[2026-07-06 18:24:31] Undefined array key "MDRCToken" in C:\xampp\Desktop\mdcnpal\htdocs\public_html\core\global_include.php on line 515
[2026-07-06 18:24:31] Creation of dynamic property app::$rscategory is deprecated in C:\xampp\Desktop\mdcnpal\htdocs\public_html\core\app.php on line 434
[2026-07-06 18:24:31] Creation of dynamic property app::$rs_pages is deprecated in C:\xampp\Desktop\mdcnpal\htdocs\public_html\core\app.php on line 434
[2026-07-06 18:24:31] Creation of dynamic property app::$gs is deprecated in C:\xampp\Desktop\mdcnpal\htdocs\public_html\core\app.php on line 434
[2026-07-06 18:24:31] Undefined array key "MDRCCustID" in C:\xampp\Desktop\mdcnpal\htdocs\public_html\core\global_include.php on line 596
[2026-07-06 18:24:31] Undefined array key "MDRCCustID" in C:\xampp\Desktop\mdcnpal\htdocs\public_html\core\global_include.php on line 615
[2026-07-06 18:24:31] Undefined variable $getId in C:\xampp\Desktop\mdcnpal\htdocs\public_html\core\global_include.php on line 684
[2026-07-06 18:24:31] Undefined variable $getName in C:\xampp\Desktop\mdcnpal\htdocs\public_html\core\global_include.php on line 685
[2026-07-06 18:24:31] Undefined array key 0 in C:\xampp\Desktop\mdcnpal\htdocs\public_html\core\global_include.php on line 810
[2026-07-06 18:24:31] Creation of dynamic property app::$rs_offer_msg is deprecated in C:\xampp\Desktop\mdcnpal\htdocs\public_html\core\app.php on line 434
[2026-07-06 18:24:31] Creation of dynamic property app::$rs_for_doctors is deprecated in C:\xampp\Desktop\mdcnpal\htdocs\public_html\core\app.php on line 434
[2026-07-06 18:24:31] Creation of dynamic property app::$rs_gallery_data is deprecated in C:\xampp\Desktop\mdcnpal\htdocs\public_html\core\app.php on line 434
[2026-07-06 18:24:31] Creation of dynamic property app::$category is deprecated in C:\xampp\Desktop\mdcnpal\htdocs\public_html\core\app.php on line 434
[2026-07-06 18:24:31] Undefined array key 0 in C:\xampp\Desktop\mdcnpal\htdocs\public_html\controllers\controller_for_doctors.php on line 22
[2026-07-06 18:24:31] Creation of dynamic property app::$records_doctors is deprecated in C:\xampp\Desktop\mdcnpal\htdocs\public_html\core\app.php on line 434
[2026-07-06 18:24:31] Undefined array key 0 in C:\xampp\Desktop\mdcnpal\htdocs\public_html\controllers\controller_for_doctors.php on line 25
[2026-07-06 18:24:31] Trying to access array offset on value of type null in C:\xampp\Desktop\mdcnpal\htdocs\public_html\controllers\controller_for_doctors.php on line 25
[2026-07-06 18:24:31] Creation of dynamic property app::$records_services is deprecated in C:\xampp\Desktop\mdcnpal\htdocs\public_html\core\app.php on line 434
[2026-07-06 18:24:31] Undefined array key 0 in C:\xampp\Desktop\mdcnpal\htdocs\public_html\controllers\controller_for_doctors.php on line 31
[2026-07-06 18:24:31] Trying to access array offset on value of type null in C:\xampp\Desktop\mdcnpal\htdocs\public_html\controllers\controller_for_doctors.php on line 31
[2026-07-06 18:24:31] str_replace(): Passing null to parameter #3 ($subject) of type array|string is deprecated in C:\xampp\Desktop\mdcnpal\htdocs\public_html\controllers\controller_for_doctors.php on line 31
[2026-07-06 18:24:31] Undefined array key 0 in C:\xampp\Desktop\mdcnpal\htdocs\public_html\controllers\controller_for_doctors.php on line 32
[2026-07-06 18:24:31] Trying to access array offset on value of type null in C:\xampp\Desktop\mdcnpal\htdocs\public_html\controllers\controller_for_doctors.php on line 32
[2026-07-06 18:24:31] str_replace(): Passing null to parameter #3 ($subject) of type array|string is deprecated in C:\xampp\Desktop\mdcnpal\htdocs\public_html\controllers\controller_for_doctors.php on line 32
[2026-07-06 18:24:31] Undefined array key 0 in C:\xampp\Desktop\mdcnpal\htdocs\public_html\controllers\controller_for_doctors.php on line 33
[2026-07-06 18:24:31] Trying to access array offset on value of type null in C:\xampp\Desktop\mdcnpal\htdocs\public_html\controllers\controller_for_doctors.php on line 33
[2026-07-06 18:24:31] str_replace(): Passing null to parameter #3 ($subject) of type array|string is deprecated in C:\xampp\Desktop\mdcnpal\htdocs\public_html\controllers\controller_for_doctors.php on line 33
[2026-07-06 18:24:31] Creation of dynamic property dbclass::$RECORD_SET is deprecated in C:\xampp\Desktop\mdcnpal\htdocs\public_html\core\dbclass.php on line 69
[2026-07-06 18:24:31] Creation of dynamic property dbclass::$app is deprecated in C:\xampp\Desktop\mdcnpal\htdocs\public_html\core\dbclass.php on line 75
[2026-07-06 18:24:31] Creation of dynamic property model::$foreign_tables is deprecated in C:\xampp\Desktop\mdcnpal\htdocs\public_html\core\model.php on line 43
[2026-07-06 18:24:31] Creation of dynamic property app::$inputfilter is deprecated in C:\xampp\Desktop\mdcnpal\htdocs\public_html\core\app.php on line 123
[2026-07-06 18:24:31] Creation of dynamic property app::$userconfig is deprecated in C:\xampp\Desktop\mdcnpal\htdocs\public_html\core\app.php on line 124
[2026-07-06 18:24:31] Creation of dynamic property app::$global_include is deprecated in C:\xampp\Desktop\mdcnpal\htdocs\public_html\core\app.php on line 125
[2026-07-06 18:24:31] Creation of dynamic property app::$set_cache_time is deprecated in C:\xampp\Desktop\mdcnpal\htdocs\public_html\core\app.php on line 153
[2026-07-06 18:24:31] Creation of dynamic property app::$meta is deprecated in C:\xampp\Desktop\mdcnpal\htdocs\public_html\core\app.php on line 434
[2026-07-06 18:24:31] Creation of dynamic property app::$rs_gs_city is deprecated in C:\xampp\Desktop\mdcnpal\htdocs\public_html\core\app.php on line 434
[2026-07-06 18:24:32] Creation of dynamic property app::$rs_footer_popular_item is deprecated in C:\xampp\Desktop\mdcnpal\htdocs\public_html\core\app.php on line 434
[2026-07-06 18:24:32] Creation of dynamic property app::$rs_footer_popular_test is deprecated in C:\xampp\Desktop\mdcnpal\htdocs\public_html\core\app.php on line 434
[2026-07-06 18:24:32] Creation of dynamic property app::$rs_testimonial is deprecated in C:\xampp\Desktop\mdcnpal\htdocs\public_html\core\app.php on line 434
[2026-07-06 18:24:32] Creation of dynamic property app::$admin is deprecated in C:\xampp\Desktop\mdcnpal\htdocs\public_html\core\app.php on line 434
[2026-07-06 18:24:32] Undefined array key 0 in C:\xampp\Desktop\mdcnpal\htdocs\public_html\core\global_include.php on line 514
[2026-07-06 18:24:32] Creation of dynamic property app::$popup is deprecated in C:\xampp\Desktop\mdcnpal\htdocs\public_html\core\app.php on line 434
[2026-07-06 18:24:32] Undefined array key "MDRCCustID" in C:\xampp\Desktop\mdcnpal\htdocs\public_html\core\global_include.php on line 515
[2026-07-06 18:24:32] Undefined array key "MDRCToken" in C:\xampp\Desktop\mdcnpal\htdocs\public_html\core\global_include.php on line 515
[2026-07-06 18:24:32] Creation of dynamic property app::$rscategory is deprecated in C:\xampp\Desktop\mdcnpal\htdocs\public_html\core\app.php on line 434
[2026-07-06 18:24:32] Creation of dynamic property app::$rs_pages is deprecated in C:\xampp\Desktop\mdcnpal\htdocs\public_html\core\app.php on line 434
[2026-07-06 18:24:32] Creation of dynamic property app::$gs is deprecated in C:\xampp\Desktop\mdcnpal\htdocs\public_html\core\app.php on line 434
[2026-07-06 18:24:32] Undefined array key "MDRCCustID" in C:\xampp\Desktop\mdcnpal\htdocs\public_html\core\global_include.php on line 596
[2026-07-06 18:24:32] Undefined array key "MDRCCustID" in C:\xampp\Desktop\mdcnpal\htdocs\public_html\core\global_include.php on line 615
[2026-07-06 18:24:32] Undefined variable $getId in C:\xampp\Desktop\mdcnpal\htdocs\public_html\core\global_include.php on line 684
[2026-07-06 18:24:32] Undefined variable $getName in C:\xampp\Desktop\mdcnpal\htdocs\public_html\core\global_include.php on line 685
[2026-07-06 18:24:32] Undefined array key 0 in C:\xampp\Desktop\mdcnpal\htdocs\public_html\core\global_include.php on line 810
[2026-07-06 18:24:32] Creation of dynamic property app::$rs_offer_msg is deprecated in C:\xampp\Desktop\mdcnpal\htdocs\public_html\core\app.php on line 434
[2026-07-06 18:24:32] Creation of dynamic property app::$rs_for_doctors is deprecated in C:\xampp\Desktop\mdcnpal\htdocs\public_html\core\app.php on line 434
[2026-07-06 18:24:32] Undefined property: app::$rs_cartmini in C:\xampp\Desktop\mdcnpal\htdocs\public_html\includes\header.php on line 131
[2026-07-06 18:24:32] Undefined array key "MDRCCustID" in C:\xampp\Desktop\mdcnpal\htdocs\public_html\includes\header.php on line 134
[2026-07-06 18:24:32] Undefined property: app::$rs_cartmini in C:\xampp\Desktop\mdcnpal\htdocs\public_html\includes\header.php on line 197
[2026-07-06 18:24:32] Undefined array key "MDRCCustID" in C:\xampp\Desktop\mdcnpal\htdocs\public_html\includes\header.php on line 200
[2026-07-06 18:24:32] Undefined property: app::$rs_cartmini in C:\xampp\Desktop\mdcnpal\htdocs\public_html\includes\header.php on line 469
[2026-07-06 18:24:32] Undefined array key "MDRCCustID" in C:\xampp\Desktop\mdcnpal\htdocs\public_html\includes\header.php on line 472
[2026-07-06 18:24:32] Undefined property: app::$rs_cartmini in C:\xampp\Desktop\mdcnpal\htdocs\public_html\includes\header.php on line 525
[2026-07-06 18:24:32] Undefined array key "MDRCCustID" in C:\xampp\Desktop\mdcnpal\htdocs\public_html\includes\header.php on line 528
[2026-07-06 18:24:32] Undefined property: app::$rs_customer in C:\xampp\Desktop\mdcnpal\htdocs\public_html\includes\header.php on line 712
[2026-07-06 18:24:32] Trying to access array offset on value of type null in C:\xampp\Desktop\mdcnpal\htdocs\public_html\includes\header.php on line 712
[2026-07-06 18:24:32] Undefined property: app::$rs_customer in C:\xampp\Desktop\mdcnpal\htdocs\public_html\includes\header.php on line 721
[2026-07-06 18:24:32] Trying to access array offset on value of type null in C:\xampp\Desktop\mdcnpal\htdocs\public_html\includes\header.php on line 721
[2026-07-06 18:24:32] Undefined property: app::$rs_customer in C:\xampp\Desktop\mdcnpal\htdocs\public_html\includes\header.php on line 730
[2026-07-06 18:24:32] Trying to access array offset on value of type null in C:\xampp\Desktop\mdcnpal\htdocs\public_html\includes\header.php on line 730
[2026-07-06 18:24:32] Undefined property: app::$rs_customer in C:\xampp\Desktop\mdcnpal\htdocs\public_html\includes\header.php on line 739
[2026-07-06 18:24:32] Trying to access array offset on value of type null in C:\xampp\Desktop\mdcnpal\htdocs\public_html\includes\header.php on line 739
[2026-07-06 18:24:32] Undefined property: app::$rs_customer in C:\xampp\Desktop\mdcnpal\htdocs\public_html\includes\footer.php on line 357
[2026-07-06 18:24:32] Trying to access array offset on value of type null in C:\xampp\Desktop\mdcnpal\htdocs\public_html\includes\footer.php on line 357
[2026-07-06 18:24:32] Undefined property: app::$rs_customer in C:\xampp\Desktop\mdcnpal\htdocs\public_html\includes\footer.php on line 366
[2026-07-06 18:24:32] Trying to access array offset on value of type null in C:\xampp\Desktop\mdcnpal\htdocs\public_html\includes\footer.php on line 366
[2026-07-06 18:24:32] Undefined property: app::$rs_customer in C:\xampp\Desktop\mdcnpal\htdocs\public_html\includes\footer.php on line 372
[2026-07-06 18:24:32] Trying to access array offset on value of type null in C:\xampp\Desktop\mdcnpal\htdocs\public_html\includes\footer.php on line 372
[2026-07-06 18:24:32] Undefined property: app::$rs_customer in C:\xampp\Desktop\mdcnpal\htdocs\public_html\includes\general_data.php on line 88
[2026-07-06 18:24:32] Trying to access array offset on value of type null in C:\xampp\Desktop\mdcnpal\htdocs\public_html\includes\general_data.php on line 88
[2026-07-06 18:24:32] Undefined array key "MDRCCustID" in C:\xampp\Desktop\mdcnpal\htdocs\public_html\includes\general_data.php on line 88
[2026-07-06 18:24:32] Undefined variable $tmpStr in C:\xampp\Desktop\mdcnpal\htdocs\public_html\core\app.php on line 969
[2026-07-06 18:24:41] Creation of dynamic property dbclass::$RECORD_SET is deprecated in C:\xampp\Desktop\mdcnpal\htdocs\public_html\core\dbclass.php on line 69
[2026-07-06 18:24:41] Creation of dynamic property dbclass::$app is deprecated in C:\xampp\Desktop\mdcnpal\htdocs\public_html\core\dbclass.php on line 75
[2026-07-06 18:24:41] Creation of dynamic property model::$foreign_tables is deprecated in C:\xampp\Desktop\mdcnpal\htdocs\public_html\core\model.php on line 43
[2026-07-06 18:24:41] Creation of dynamic property app::$inputfilter is deprecated in C:\xampp\Desktop\mdcnpal\htdocs\public_html\core\app.php on line 123
[2026-07-06 18:24:41] Creation of dynamic property app::$userconfig is deprecated in C:\xampp\Desktop\mdcnpal\htdocs\public_html\core\app.php on line 124
[2026-07-06 18:24:41] Creation of dynamic property app::$global_include is deprecated in C:\xampp\Desktop\mdcnpal\htdocs\public_html\core\app.php on line 125
[2026-07-06 18:24:41] Creation of dynamic property app::$set_cache_time is deprecated in C:\xampp\Desktop\mdcnpal\htdocs\public_html\core\app.php on line 153
[2026-07-06 18:24:41] Undefined array key "cityID" in C:\xampp\Desktop\mdcnpal\htdocs\public_html\core\global_include.php on line 381
[2026-07-06 18:24:41] Undefined array key "MDRCCustID" in C:\xampp\Desktop\mdcnpal\htdocs\public_html\core\global_include.php on line 406
[2026-07-06 18:24:41] Creation of dynamic property app::$meta is deprecated in C:\xampp\Desktop\mdcnpal\htdocs\public_html\core\app.php on line 434
[2026-07-06 18:24:41] Creation of dynamic property app::$rs_gs_city is deprecated in C:\xampp\Desktop\mdcnpal\htdocs\public_html\core\app.php on line 434
[2026-07-06 18:24:41] Creation of dynamic property app::$rs_footer_popular_item is deprecated in C:\xampp\Desktop\mdcnpal\htdocs\public_html\core\app.php on line 434
[2026-07-06 18:24:41] Creation of dynamic property app::$rs_footer_popular_test is deprecated in C:\xampp\Desktop\mdcnpal\htdocs\public_html\core\app.php on line 434
[2026-07-06 18:24:41] Creation of dynamic property app::$rs_testimonial is deprecated in C:\xampp\Desktop\mdcnpal\htdocs\public_html\core\app.php on line 434
[2026-07-06 18:24:41] Creation of dynamic property app::$admin is deprecated in C:\xampp\Desktop\mdcnpal\htdocs\public_html\core\app.php on line 434
[2026-07-06 18:24:41] Undefined array key 0 in C:\xampp\Desktop\mdcnpal\htdocs\public_html\core\global_include.php on line 514
[2026-07-06 18:24:41] Creation of dynamic property app::$popup is deprecated in C:\xampp\Desktop\mdcnpal\htdocs\public_html\core\app.php on line 434
[2026-07-06 18:24:41] Undefined array key "MDRCCustID" in C:\xampp\Desktop\mdcnpal\htdocs\public_html\core\global_include.php on line 515
[2026-07-06 18:24:41] Undefined array key "MDRCToken" in C:\xampp\Desktop\mdcnpal\htdocs\public_html\core\global_include.php on line 515
[2026-07-06 18:24:41] Creation of dynamic property app::$rscategory is deprecated in C:\xampp\Desktop\mdcnpal\htdocs\public_html\core\app.php on line 434
[2026-07-06 18:24:41] Creation of dynamic property app::$rs_pages is deprecated in C:\xampp\Desktop\mdcnpal\htdocs\public_html\core\app.php on line 434
[2026-07-06 18:24:41] Creation of dynamic property app::$gs is deprecated in C:\xampp\Desktop\mdcnpal\htdocs\public_html\core\app.php on line 434
[2026-07-06 18:24:41] Undefined array key "MDRCCustID" in C:\xampp\Desktop\mdcnpal\htdocs\public_html\core\global_include.php on line 596
[2026-07-06 18:24:41] Undefined array key "MDRCCustID" in C:\xampp\Desktop\mdcnpal\htdocs\public_html\core\global_include.php on line 615
[2026-07-06 18:24:41] Undefined variable $getId in C:\xampp\Desktop\mdcnpal\htdocs\public_html\core\global_include.php on line 684
[2026-07-06 18:24:41] Undefined variable $getName in C:\xampp\Desktop\mdcnpal\htdocs\public_html\core\global_include.php on line 685
[2026-07-06 18:24:41] Undefined array key 0 in C:\xampp\Desktop\mdcnpal\htdocs\public_html\core\global_include.php on line 810
[2026-07-06 18:24:41] Creation of dynamic property app::$rs_offer_msg is deprecated in C:\xampp\Desktop\mdcnpal\htdocs\public_html\core\app.php on line 434
[2026-07-06 18:24:41] Creation of dynamic property app::$rs_for_doctors is deprecated in C:\xampp\Desktop\mdcnpal\htdocs\public_html\core\app.php on line 434
[2026-07-06 18:24:41] Creation of dynamic property app::$rs_data is deprecated in C:\xampp\Desktop\mdcnpal\htdocs\public_html\core\app.php on line 434
[2026-07-06 18:24:41] Creation of dynamic property app::$rs_certi_data is deprecated in C:\xampp\Desktop\mdcnpal\htdocs\public_html\core\app.php on line 434
[2026-07-06 18:24:41] Creation of dynamic property app::$rs_key_fetures_data is deprecated in C:\xampp\Desktop\mdcnpal\htdocs\public_html\core\app.php on line 434
[2026-07-06 18:24:41] Creation of dynamic property app::$rs_banner is deprecated in C:\xampp\Desktop\mdcnpal\htdocs\public_html\core\app.php on line 434
[2026-07-06 18:24:41] Creation of dynamic property app::$rs_package_data is deprecated in C:\xampp\Desktop\mdcnpal\htdocs\public_html\core\app.php on line 434
[2026-07-06 18:24:41] Creation of dynamic property app::$city_id is deprecated in C:\xampp\Desktop\mdcnpal\htdocs\public_html\core\app.php on line 434
[2026-07-06 18:24:41] Creation of dynamic property app::$city_name is deprecated in C:\xampp\Desktop\mdcnpal\htdocs\public_html\core\app.php on line 434
[2026-07-06 18:24:41] Creation of dynamic property app::$rs_faq_data is deprecated in C:\xampp\Desktop\mdcnpal\htdocs\public_html\core\app.php on line 434
[2026-07-06 18:24:41] Undefined array key "tempCityID" in C:\xampp\Desktop\mdcnpal\htdocs\public_html\includes\header.php on line 5
[2026-07-06 18:24:41] Undefined array key "items" in C:\xampp\Desktop\mdcnpal\htdocs\public_html\includes\header.php on line 16
[2026-07-06 18:24:41] Undefined array key "item_category" in C:\xampp\Desktop\mdcnpal\htdocs\public_html\includes\header.php on line 26
[2026-07-06 18:24:41] Undefined array key "item_diseases" in C:\xampp\Desktop\mdcnpal\htdocs\public_html\includes\header.php on line 33
[2026-07-06 18:24:41] Undefined property: app::$rs_cartmini in C:\xampp\Desktop\mdcnpal\htdocs\public_html\includes\header.php on line 131
[2026-07-06 18:24:41] Undefined array key "MDRCCustID" in C:\xampp\Desktop\mdcnpal\htdocs\public_html\includes\header.php on line 134
[2026-07-06 18:24:41] Undefined property: app::$rs_cartmini in C:\xampp\Desktop\mdcnpal\htdocs\public_html\includes\header.php on line 197
[2026-07-06 18:24:41] Undefined array key "MDRCCustID" in C:\xampp\Desktop\mdcnpal\htdocs\public_html\includes\header.php on line 200
[2026-07-06 18:24:41] Undefined property: app::$rs_cartmini in C:\xampp\Desktop\mdcnpal\htdocs\public_html\includes\header.php on line 469
[2026-07-06 18:24:41] Undefined array key "MDRCCustID" in C:\xampp\Desktop\mdcnpal\htdocs\public_html\includes\header.php on line 472
[2026-07-06 18:24:41] Undefined property: app::$rs_cartmini in C:\xampp\Desktop\mdcnpal\htdocs\public_html\includes\header.php on line 525
[2026-07-06 18:24:41] Undefined array key "MDRCCustID" in C:\xampp\Desktop\mdcnpal\htdocs\public_html\includes\header.php on line 528
[2026-07-06 18:24:41] Undefined property: app::$rs_customer in C:\xampp\Desktop\mdcnpal\htdocs\public_html\includes\header.php on line 712
[2026-07-06 18:24:41] Trying to access array offset on value of type null in C:\xampp\Desktop\mdcnpal\htdocs\public_html\includes\header.php on line 712
[2026-07-06 18:24:41] Undefined property: app::$rs_customer in C:\xampp\Desktop\mdcnpal\htdocs\public_html\includes\header.php on line 721
[2026-07-06 18:24:41] Trying to access array offset on value of type null in C:\xampp\Desktop\mdcnpal\htdocs\public_html\includes\header.php on line 721
[2026-07-06 18:24:41] Undefined property: app::$rs_customer in C:\xampp\Desktop\mdcnpal\htdocs\public_html\includes\header.php on line 730
[2026-07-06 18:24:41] Trying to access array offset on value of type null in C:\xampp\Desktop\mdcnpal\htdocs\public_html\includes\header.php on line 730
[2026-07-06 18:24:41] Undefined property: app::$rs_customer in C:\xampp\Desktop\mdcnpal\htdocs\public_html\includes\header.php on line 739
[2026-07-06 18:24:41] Trying to access array offset on value of type null in C:\xampp\Desktop\mdcnpal\htdocs\public_html\includes\header.php on line 739
[2026-07-06 18:24:41] Undefined variable $mrpP in C:\xampp\Desktop\mdcnpal\htdocs\public_html\core\utility.php on line 7183
[2026-07-06 18:24:41] Undefined variable $disc in C:\xampp\Desktop\mdcnpal\htdocs\public_html\core\utility.php on line 7194
[2026-07-06 18:24:41] Undefined property: app::$rs_customer in C:\xampp\Desktop\mdcnpal\htdocs\public_html\includes\footer.php on line 357
[2026-07-06 18:24:41] Trying to access array offset on value of type null in C:\xampp\Desktop\mdcnpal\htdocs\public_html\includes\footer.php on line 357
[2026-07-06 18:24:41] Undefined property: app::$rs_customer in C:\xampp\Desktop\mdcnpal\htdocs\public_html\includes\footer.php on line 366
[2026-07-06 18:24:41] Trying to access array offset on value of type null in C:\xampp\Desktop\mdcnpal\htdocs\public_html\includes\footer.php on line 366
[2026-07-06 18:24:41] Undefined property: app::$rs_customer in C:\xampp\Desktop\mdcnpal\htdocs\public_html\includes\footer.php on line 372
[2026-07-06 18:24:41] Trying to access array offset on value of type null in C:\xampp\Desktop\mdcnpal\htdocs\public_html\includes\footer.php on line 372
[2026-07-06 18:24:41] Undefined property: app::$rs_customer in C:\xampp\Desktop\mdcnpal\htdocs\public_html\includes\general_data.php on line 88
[2026-07-06 18:24:41] Trying to access array offset on value of type null in C:\xampp\Desktop\mdcnpal\htdocs\public_html\includes\general_data.php on line 88
[2026-07-06 18:24:41] Undefined array key "MDRCCustID" in C:\xampp\Desktop\mdcnpal\htdocs\public_html\includes\general_data.php on line 88
[2026-07-06 18:24:41] Undefined variable $tmpStr in C:\xampp\Desktop\mdcnpal\htdocs\public_html\core\app.php on line 969
[2026-07-06 18:24:46] Creation of dynamic property dbclass::$RECORD_SET is deprecated in C:\xampp\Desktop\mdcnpal\htdocs\public_html\core\dbclass.php on line 69
[2026-07-06 18:24:46] Creation of dynamic property dbclass::$app is deprecated in C:\xampp\Desktop\mdcnpal\htdocs\public_html\core\dbclass.php on line 75
[2026-07-06 18:24:46] Creation of dynamic property model::$foreign_tables is deprecated in C:\xampp\Desktop\mdcnpal\htdocs\public_html\core\model.php on line 43
[2026-07-06 18:24:46] Creation of dynamic property app::$inputfilter is deprecated in C:\xampp\Desktop\mdcnpal\htdocs\public_html\core\app.php on line 123
[2026-07-06 18:24:46] Creation of dynamic property app::$userconfig is deprecated in C:\xampp\Desktop\mdcnpal\htdocs\public_html\core\app.php on line 124
[2026-07-06 18:24:46] Creation of dynamic property app::$global_include is deprecated in C:\xampp\Desktop\mdcnpal\htdocs\public_html\core\app.php on line 125
[2026-07-06 18:24:46] Creation of dynamic property app::$set_cache_time is deprecated in C:\xampp\Desktop\mdcnpal\htdocs\public_html\core\app.php on line 153
[2026-07-06 18:24:46] Creation of dynamic property app::$meta is deprecated in C:\xampp\Desktop\mdcnpal\htdocs\public_html\core\app.php on line 434
[2026-07-06 18:24:46] Creation of dynamic property app::$rs_gs_city is deprecated in C:\xampp\Desktop\mdcnpal\htdocs\public_html\core\app.php on line 434
[2026-07-06 18:24:46] Creation of dynamic property app::$rs_footer_popular_item is deprecated in C:\xampp\Desktop\mdcnpal\htdocs\public_html\core\app.php on line 434
[2026-07-06 18:24:46] Creation of dynamic property app::$rs_footer_popular_test is deprecated in C:\xampp\Desktop\mdcnpal\htdocs\public_html\core\app.php on line 434
[2026-07-06 18:24:46] Creation of dynamic property app::$rs_testimonial is deprecated in C:\xampp\Desktop\mdcnpal\htdocs\public_html\core\app.php on line 434
[2026-07-06 18:24:46] Creation of dynamic property app::$admin is deprecated in C:\xampp\Desktop\mdcnpal\htdocs\public_html\core\app.php on line 434
[2026-07-06 18:24:46] Undefined array key 0 in C:\xampp\Desktop\mdcnpal\htdocs\public_html\core\global_include.php on line 514
[2026-07-06 18:24:46] Creation of dynamic property app::$popup is deprecated in C:\xampp\Desktop\mdcnpal\htdocs\public_html\core\app.php on line 434
[2026-07-06 18:24:46] Undefined array key "MDRCCustID" in C:\xampp\Desktop\mdcnpal\htdocs\public_html\core\global_include.php on line 515
[2026-07-06 18:24:46] Undefined array key "MDRCToken" in C:\xampp\Desktop\mdcnpal\htdocs\public_html\core\global_include.php on line 515
[2026-07-06 18:24:46] Creation of dynamic property app::$rscategory is deprecated in C:\xampp\Desktop\mdcnpal\htdocs\public_html\core\app.php on line 434
[2026-07-06 18:24:46] Creation of dynamic property app::$rs_pages is deprecated in C:\xampp\Desktop\mdcnpal\htdocs\public_html\core\app.php on line 434
[2026-07-06 18:24:46] Creation of dynamic property app::$gs is deprecated in C:\xampp\Desktop\mdcnpal\htdocs\public_html\core\app.php on line 434
[2026-07-06 18:24:46] Undefined array key "MDRCCustID" in C:\xampp\Desktop\mdcnpal\htdocs\public_html\core\global_include.php on line 596
[2026-07-06 18:24:46] Undefined array key "MDRCCustID" in C:\xampp\Desktop\mdcnpal\htdocs\public_html\core\global_include.php on line 615
[2026-07-06 18:24:46] Undefined variable $getId in C:\xampp\Desktop\mdcnpal\htdocs\public_html\core\global_include.php on line 684
[2026-07-06 18:24:46] Undefined variable $getName in C:\xampp\Desktop\mdcnpal\htdocs\public_html\core\global_include.php on line 685
[2026-07-06 18:24:46] Undefined array key 0 in C:\xampp\Desktop\mdcnpal\htdocs\public_html\core\global_include.php on line 810
[2026-07-06 18:24:46] Creation of dynamic property app::$rs_offer_msg is deprecated in C:\xampp\Desktop\mdcnpal\htdocs\public_html\core\app.php on line 434
[2026-07-06 18:24:46] Creation of dynamic property app::$rs_for_doctors is deprecated in C:\xampp\Desktop\mdcnpal\htdocs\public_html\core\app.php on line 434
[2026-07-06 18:24:46] Undefined property: app::$rs_cartmini in C:\xampp\Desktop\mdcnpal\htdocs\public_html\includes\header.php on line 131
[2026-07-06 18:24:46] Undefined array key "MDRCCustID" in C:\xampp\Desktop\mdcnpal\htdocs\public_html\includes\header.php on line 134
[2026-07-06 18:24:46] Undefined property: app::$rs_cartmini in C:\xampp\Desktop\mdcnpal\htdocs\public_html\includes\header.php on line 197
[2026-07-06 18:24:46] Undefined array key "MDRCCustID" in C:\xampp\Desktop\mdcnpal\htdocs\public_html\includes\header.php on line 200
[2026-07-06 18:24:46] Undefined property: app::$rs_cartmini in C:\xampp\Desktop\mdcnpal\htdocs\public_html\includes\header.php on line 469
[2026-07-06 18:24:46] Undefined array key "MDRCCustID" in C:\xampp\Desktop\mdcnpal\htdocs\public_html\includes\header.php on line 472
[2026-07-06 18:24:46] Undefined property: app::$rs_cartmini in C:\xampp\Desktop\mdcnpal\htdocs\public_html\includes\header.php on line 525
[2026-07-06 18:24:46] Undefined array key "MDRCCustID" in C:\xampp\Desktop\mdcnpal\htdocs\public_html\includes\header.php on line 528
[2026-07-06 18:24:46] Undefined property: app::$rs_customer in C:\xampp\Desktop\mdcnpal\htdocs\public_html\includes\header.php on line 712
[2026-07-06 18:24:46] Trying to access array offset on value of type null in C:\xampp\Desktop\mdcnpal\htdocs\public_html\includes\header.php on line 712
[2026-07-06 18:24:46] Undefined property: app::$rs_customer in C:\xampp\Desktop\mdcnpal\htdocs\public_html\includes\header.php on line 721
[2026-07-06 18:24:46] Trying to access array offset on value of type null in C:\xampp\Desktop\mdcnpal\htdocs\public_html\includes\header.php on line 721
[2026-07-06 18:24:46] Undefined property: app::$rs_customer in C:\xampp\Desktop\mdcnpal\htdocs\public_html\includes\header.php on line 730
[2026-07-06 18:24:46] Trying to access array offset on value of type null in C:\xampp\Desktop\mdcnpal\htdocs\public_html\includes\header.php on line 730
[2026-07-06 18:24:46] Undefined property: app::$rs_customer in C:\xampp\Desktop\mdcnpal\htdocs\public_html\includes\header.php on line 739
[2026-07-06 18:24:46] Trying to access array offset on value of type null in C:\xampp\Desktop\mdcnpal\htdocs\public_html\includes\header.php on line 739
[2026-07-06 18:24:46] Undefined property: app::$rs_cartmini in C:\xampp\Desktop\mdcnpal\htdocs\public_html\core\app.php(565) : eval()'d code on line 66
[06-Jul-2026 18:24:46 Asia/Kathmandu] PHP Fatal error:  Uncaught TypeError: count(): Argument #1 ($value) must be of type Countable|array, null given in C:\xampp\Desktop\mdcnpal\htdocs\public_html\core\app.php(565) : eval()'d code:66
Stack trace:
#0 C:\xampp\Desktop\mdcnpal\htdocs\public_html\core\app.php(565): eval()
#1 C:\xampp\Desktop\mdcnpal\htdocs\public_html\core\app.php(535): app->compile()
#2 C:\xampp\Desktop\mdcnpal\htdocs\public_html\core\app.php(516): app->package()
#3 C:\xampp\Desktop\mdcnpal\htdocs\public_html\index.php(6): app->execute()
#4 {main}
  thrown in C:\xampp\Desktop\mdcnpal\htdocs\public_html\core\app.php(565) : eval()'d code on line 66
[2026-07-06 18:24:46] Creation of dynamic property dbclass::$RECORD_SET is deprecated in C:\xampp\Desktop\mdcnpal\htdocs\public_html\core\dbclass.php on line 69
[2026-07-06 18:24:46] Creation of dynamic property dbclass::$app is deprecated in C:\xampp\Desktop\mdcnpal\htdocs\public_html\core\dbclass.php on line 75
[2026-07-06 18:24:46] Creation of dynamic property model::$foreign_tables is deprecated in C:\xampp\Desktop\mdcnpal\htdocs\public_html\core\model.php on line 43
[2026-07-06 18:24:46] Creation of dynamic property app::$inputfilter is deprecated in C:\xampp\Desktop\mdcnpal\htdocs\public_html\core\app.php on line 123
[2026-07-06 18:24:46] Creation of dynamic property app::$userconfig is deprecated in C:\xampp\Desktop\mdcnpal\htdocs\public_html\core\app.php on line 124
[2026-07-06 18:24:47] Creation of dynamic property app::$global_include is deprecated in C:\xampp\Desktop\mdcnpal\htdocs\public_html\core\app.php on line 125
[2026-07-06 18:24:47] Creation of dynamic property app::$set_cache_time is deprecated in C:\xampp\Desktop\mdcnpal\htdocs\public_html\core\app.php on line 153
[2026-07-06 18:24:47] Creation of dynamic property app::$meta is deprecated in C:\xampp\Desktop\mdcnpal\htdocs\public_html\core\app.php on line 434
[2026-07-06 18:24:47] Creation of dynamic property app::$rs_gs_city is deprecated in C:\xampp\Desktop\mdcnpal\htdocs\public_html\core\app.php on line 434
[2026-07-06 18:24:47] Creation of dynamic property app::$rs_footer_popular_item is deprecated in C:\xampp\Desktop\mdcnpal\htdocs\public_html\core\app.php on line 434
[2026-07-06 18:24:47] Creation of dynamic property app::$rs_footer_popular_test is deprecated in C:\xampp\Desktop\mdcnpal\htdocs\public_html\core\app.php on line 434
[2026-07-06 18:24:47] Creation of dynamic property app::$rs_testimonial is deprecated in C:\xampp\Desktop\mdcnpal\htdocs\public_html\core\app.php on line 434
[2026-07-06 18:24:47] Creation of dynamic property app::$admin is deprecated in C:\xampp\Desktop\mdcnpal\htdocs\public_html\core\app.php on line 434
[2026-07-06 18:24:47] Undefined array key 0 in C:\xampp\Desktop\mdcnpal\htdocs\public_html\core\global_include.php on line 514
[2026-07-06 18:24:47] Creation of dynamic property app::$popup is deprecated in C:\xampp\Desktop\mdcnpal\htdocs\public_html\core\app.php on line 434
[2026-07-06 18:24:47] Undefined array key "MDRCCustID" in C:\xampp\Desktop\mdcnpal\htdocs\public_html\core\global_include.php on line 515
[2026-07-06 18:24:47] Undefined array key "MDRCToken" in C:\xampp\Desktop\mdcnpal\htdocs\public_html\core\global_include.php on line 515
[2026-07-06 18:24:47] Creation of dynamic property app::$rscategory is deprecated in C:\xampp\Desktop\mdcnpal\htdocs\public_html\core\app.php on line 434
[2026-07-06 18:24:47] Creation of dynamic property app::$rs_pages is deprecated in C:\xampp\Desktop\mdcnpal\htdocs\public_html\core\app.php on line 434
[2026-07-06 18:24:47] Creation of dynamic property app::$gs is deprecated in C:\xampp\Desktop\mdcnpal\htdocs\public_html\core\app.php on line 434
[2026-07-06 18:24:47] Undefined array key "MDRCCustID" in C:\xampp\Desktop\mdcnpal\htdocs\public_html\core\global_include.php on line 596
[2026-07-06 18:24:47] Undefined array key "MDRCCustID" in C:\xampp\Desktop\mdcnpal\htdocs\public_html\core\global_include.php on line 615
[2026-07-06 18:24:47] Undefined variable $getId in C:\xampp\Desktop\mdcnpal\htdocs\public_html\core\global_include.php on line 684
[2026-07-06 18:24:47] Undefined variable $getName in C:\xampp\Desktop\mdcnpal\htdocs\public_html\core\global_include.php on line 685
[2026-07-06 18:24:47] Undefined array key 0 in C:\xampp\Desktop\mdcnpal\htdocs\public_html\core\global_include.php on line 810
[2026-07-06 18:24:47] Creation of dynamic property app::$rs_offer_msg is deprecated in C:\xampp\Desktop\mdcnpal\htdocs\public_html\core\app.php on line 434
[2026-07-06 18:24:47] Creation of dynamic property app::$rs_for_doctors is deprecated in C:\xampp\Desktop\mdcnpal\htdocs\public_html\core\app.php on line 434
[2026-07-06 18:24:47] Undefined property: app::$rs_cartmini in C:\xampp\Desktop\mdcnpal\htdocs\public_html\includes\header.php on line 131
[2026-07-06 18:24:47] Undefined array key "MDRCCustID" in C:\xampp\Desktop\mdcnpal\htdocs\public_html\includes\header.php on line 134
[2026-07-06 18:24:47] Undefined property: app::$rs_cartmini in C:\xampp\Desktop\mdcnpal\htdocs\public_html\includes\header.php on line 197
[2026-07-06 18:24:47] Undefined array key "MDRCCustID" in C:\xampp\Desktop\mdcnpal\htdocs\public_html\includes\header.php on line 200
[2026-07-06 18:24:47] Undefined property: app::$rs_cartmini in C:\xampp\Desktop\mdcnpal\htdocs\public_html\includes\header.php on line 469
[2026-07-06 18:24:47] Undefined array key "MDRCCustID" in C:\xampp\Desktop\mdcnpal\htdocs\public_html\includes\header.php on line 472
[2026-07-06 18:24:47] Undefined property: app::$rs_cartmini in C:\xampp\Desktop\mdcnpal\htdocs\public_html\includes\header.php on line 525
[2026-07-06 18:24:47] Undefined array key "MDRCCustID" in C:\xampp\Desktop\mdcnpal\htdocs\public_html\includes\header.php on line 528
[2026-07-06 18:24:47] Undefined property: app::$rs_customer in C:\xampp\Desktop\mdcnpal\htdocs\public_html\includes\header.php on line 712
[2026-07-06 18:24:47] Trying to access array offset on value of type null in C:\xampp\Desktop\mdcnpal\htdocs\public_html\includes\header.php on line 712
[2026-07-06 18:24:47] Undefined property: app::$rs_customer in C:\xampp\Desktop\mdcnpal\htdocs\public_html\includes\header.php on line 721
[2026-07-06 18:24:47] Trying to access array offset on value of type null in C:\xampp\Desktop\mdcnpal\htdocs\public_html\includes\header.php on line 721
[2026-07-06 18:24:47] Undefined property: app::$rs_customer in C:\xampp\Desktop\mdcnpal\htdocs\public_html\includes\header.php on line 730
[2026-07-06 18:24:47] Trying to access array offset on value of type null in C:\xampp\Desktop\mdcnpal\htdocs\public_html\includes\header.php on line 730
[2026-07-06 18:24:47] Undefined property: app::$rs_customer in C:\xampp\Desktop\mdcnpal\htdocs\public_html\includes\header.php on line 739
[2026-07-06 18:24:47] Trying to access array offset on value of type null in C:\xampp\Desktop\mdcnpal\htdocs\public_html\includes\header.php on line 739
[2026-07-06 18:24:47] Undefined property: app::$rs_customer in C:\xampp\Desktop\mdcnpal\htdocs\public_html\includes\footer.php on line 357
[2026-07-06 18:24:47] Trying to access array offset on value of type null in C:\xampp\Desktop\mdcnpal\htdocs\public_html\includes\footer.php on line 357
[2026-07-06 18:24:47] Undefined property: app::$rs_customer in C:\xampp\Desktop\mdcnpal\htdocs\public_html\includes\footer.php on line 366
[2026-07-06 18:24:47] Trying to access array offset on value of type null in C:\xampp\Desktop\mdcnpal\htdocs\public_html\includes\footer.php on line 366
[2026-07-06 18:24:47] Undefined property: app::$rs_customer in C:\xampp\Desktop\mdcnpal\htdocs\public_html\includes\footer.php on line 372
[2026-07-06 18:24:47] Trying to access array offset on value of type null in C:\xampp\Desktop\mdcnpal\htdocs\public_html\includes\footer.php on line 372
[2026-07-06 18:24:47] Undefined property: app::$rs_customer in C:\xampp\Desktop\mdcnpal\htdocs\public_html\includes\general_data.php on line 88
[2026-07-06 18:24:47] Trying to access array offset on value of type null in C:\xampp\Desktop\mdcnpal\htdocs\public_html\includes\general_data.php on line 88
[2026-07-06 18:24:47] Undefined array key "MDRCCustID" in C:\xampp\Desktop\mdcnpal\htdocs\public_html\includes\general_data.php on line 88
[2026-07-06 18:24:47] Undefined variable $tmpStr in C:\xampp\Desktop\mdcnpal\htdocs\public_html\core\app.php on line 969
[2026-07-06 18:24:47] Creation of dynamic property dbclass::$RECORD_SET is deprecated in C:\xampp\Desktop\mdcnpal\htdocs\public_html\core\dbclass.php on line 69
[2026-07-06 18:24:47] Creation of dynamic property dbclass::$app is deprecated in C:\xampp\Desktop\mdcnpal\htdocs\public_html\core\dbclass.php on line 75
[2026-07-06 18:24:47] Creation of dynamic property model::$foreign_tables is deprecated in C:\xampp\Desktop\mdcnpal\htdocs\public_html\core\model.php on line 43
[2026-07-06 18:24:47] Creation of dynamic property app::$inputfilter is deprecated in C:\xampp\Desktop\mdcnpal\htdocs\public_html\core\app.php on line 123
[2026-07-06 18:24:47] Creation of dynamic property app::$userconfig is deprecated in C:\xampp\Desktop\mdcnpal\htdocs\public_html\core\app.php on line 124
[2026-07-06 18:24:47] Creation of dynamic property app::$global_include is deprecated in C:\xampp\Desktop\mdcnpal\htdocs\public_html\core\app.php on line 125
[2026-07-06 18:24:47] Creation of dynamic property app::$set_cache_time is deprecated in C:\xampp\Desktop\mdcnpal\htdocs\public_html\core\app.php on line 153
[2026-07-06 18:24:47] Creation of dynamic property app::$meta is deprecated in C:\xampp\Desktop\mdcnpal\htdocs\public_html\core\app.php on line 434
[2026-07-06 18:24:47] Creation of dynamic property app::$rs_gs_city is deprecated in C:\xampp\Desktop\mdcnpal\htdocs\public_html\core\app.php on line 434
[2026-07-06 18:24:47] Creation of dynamic property app::$rs_footer_popular_item is deprecated in C:\xampp\Desktop\mdcnpal\htdocs\public_html\core\app.php on line 434
[2026-07-06 18:24:48] Creation of dynamic property app::$rs_footer_popular_test is deprecated in C:\xampp\Desktop\mdcnpal\htdocs\public_html\core\app.php on line 434
[2026-07-06 18:24:48] Creation of dynamic property app::$rs_testimonial is deprecated in C:\xampp\Desktop\mdcnpal\htdocs\public_html\core\app.php on line 434
[2026-07-06 18:24:48] Creation of dynamic property app::$admin is deprecated in C:\xampp\Desktop\mdcnpal\htdocs\public_html\core\app.php on line 434
[2026-07-06 18:24:48] Undefined array key 0 in C:\xampp\Desktop\mdcnpal\htdocs\public_html\core\global_include.php on line 514
[2026-07-06 18:24:48] Creation of dynamic property app::$popup is deprecated in C:\xampp\Desktop\mdcnpal\htdocs\public_html\core\app.php on line 434
[2026-07-06 18:24:48] Undefined array key "MDRCCustID" in C:\xampp\Desktop\mdcnpal\htdocs\public_html\core\global_include.php on line 515
[2026-07-06 18:24:48] Undefined array key "MDRCToken" in C:\xampp\Desktop\mdcnpal\htdocs\public_html\core\global_include.php on line 515
[2026-07-06 18:24:48] Creation of dynamic property app::$rscategory is deprecated in C:\xampp\Desktop\mdcnpal\htdocs\public_html\core\app.php on line 434
[2026-07-06 18:24:48] Creation of dynamic property app::$rs_pages is deprecated in C:\xampp\Desktop\mdcnpal\htdocs\public_html\core\app.php on line 434
[2026-07-06 18:24:48] Creation of dynamic property app::$gs is deprecated in C:\xampp\Desktop\mdcnpal\htdocs\public_html\core\app.php on line 434
[2026-07-06 18:24:48] Undefined array key "MDRCCustID" in C:\xampp\Desktop\mdcnpal\htdocs\public_html\core\global_include.php on line 596
[2026-07-06 18:24:48] Undefined array key "MDRCCustID" in C:\xampp\Desktop\mdcnpal\htdocs\public_html\core\global_include.php on line 615
[2026-07-06 18:24:48] Undefined variable $getId in C:\xampp\Desktop\mdcnpal\htdocs\public_html\core\global_include.php on line 684
[2026-07-06 18:24:48] Undefined variable $getName in C:\xampp\Desktop\mdcnpal\htdocs\public_html\core\global_include.php on line 685
[2026-07-06 18:24:48] Undefined array key 0 in C:\xampp\Desktop\mdcnpal\htdocs\public_html\core\global_include.php on line 810
[2026-07-06 18:24:48] Creation of dynamic property app::$rs_offer_msg is deprecated in C:\xampp\Desktop\mdcnpal\htdocs\public_html\core\app.php on line 434
[2026-07-06 18:24:48] Creation of dynamic property app::$rs_for_doctors is deprecated in C:\xampp\Desktop\mdcnpal\htdocs\public_html\core\app.php on line 434
[2026-07-06 18:24:48] Undefined property: app::$rs_cartmini in C:\xampp\Desktop\mdcnpal\htdocs\public_html\includes\header.php on line 131
[2026-07-06 18:24:48] Undefined array key "MDRCCustID" in C:\xampp\Desktop\mdcnpal\htdocs\public_html\includes\header.php on line 134
[2026-07-06 18:24:48] Undefined property: app::$rs_cartmini in C:\xampp\Desktop\mdcnpal\htdocs\public_html\includes\header.php on line 197
[2026-07-06 18:24:48] Undefined array key "MDRCCustID" in C:\xampp\Desktop\mdcnpal\htdocs\public_html\includes\header.php on line 200
[2026-07-06 18:24:48] Undefined property: app::$rs_cartmini in C:\xampp\Desktop\mdcnpal\htdocs\public_html\includes\header.php on line 469
[2026-07-06 18:24:48] Undefined array key "MDRCCustID" in C:\xampp\Desktop\mdcnpal\htdocs\public_html\includes\header.php on line 472
[2026-07-06 18:24:48] Undefined property: app::$rs_cartmini in C:\xampp\Desktop\mdcnpal\htdocs\public_html\includes\header.php on line 525
[2026-07-06 18:24:48] Undefined array key "MDRCCustID" in C:\xampp\Desktop\mdcnpal\htdocs\public_html\includes\header.php on line 528
[2026-07-06 18:24:48] Undefined property: app::$rs_customer in C:\xampp\Desktop\mdcnpal\htdocs\public_html\includes\header.php on line 712
[2026-07-06 18:24:48] Trying to access array offset on value of type null in C:\xampp\Desktop\mdcnpal\htdocs\public_html\includes\header.php on line 712
[2026-07-06 18:24:48] Undefined property: app::$rs_customer in C:\xampp\Desktop\mdcnpal\htdocs\public_html\includes\header.php on line 721
[2026-07-06 18:24:48] Trying to access array offset on value of type null in C:\xampp\Desktop\mdcnpal\htdocs\public_html\includes\header.php on line 721
[2026-07-06 18:24:48] Undefined property: app::$rs_customer in C:\xampp\Desktop\mdcnpal\htdocs\public_html\includes\header.php on line 730
[2026-07-06 18:24:48] Trying to access array offset on value of type null in C:\xampp\Desktop\mdcnpal\htdocs\public_html\includes\header.php on line 730
[2026-07-06 18:24:48] Undefined property: app::$rs_customer in C:\xampp\Desktop\mdcnpal\htdocs\public_html\includes\header.php on line 739
[2026-07-06 18:24:48] Trying to access array offset on value of type null in C:\xampp\Desktop\mdcnpal\htdocs\public_html\includes\header.php on line 739
[2026-07-06 18:24:48] Undefined property: app::$rs_customer in C:\xampp\Desktop\mdcnpal\htdocs\public_html\includes\footer.php on line 357
[2026-07-06 18:24:48] Trying to access array offset on value of type null in C:\xampp\Desktop\mdcnpal\htdocs\public_html\includes\footer.php on line 357
[2026-07-06 18:24:48] Undefined property: app::$rs_customer in C:\xampp\Desktop\mdcnpal\htdocs\public_html\includes\footer.php on line 366
[2026-07-06 18:24:48] Trying to access array offset on value of type null in C:\xampp\Desktop\mdcnpal\htdocs\public_html\includes\footer.php on line 366
[2026-07-06 18:24:48] Undefined property: app::$rs_customer in C:\xampp\Desktop\mdcnpal\htdocs\public_html\includes\footer.php on line 372
[2026-07-06 18:24:48] Trying to access array offset on value of type null in C:\xampp\Desktop\mdcnpal\htdocs\public_html\includes\footer.php on line 372
[2026-07-06 18:24:48] Undefined property: app::$rs_customer in C:\xampp\Desktop\mdcnpal\htdocs\public_html\includes\general_data.php on line 88
[2026-07-06 18:24:48] Trying to access array offset on value of type null in C:\xampp\Desktop\mdcnpal\htdocs\public_html\includes\general_data.php on line 88
[2026-07-06 18:24:48] Undefined array key "MDRCCustID" in C:\xampp\Desktop\mdcnpal\htdocs\public_html\includes\general_data.php on line 88
[2026-07-06 18:24:48] Undefined variable $tmpStr in C:\xampp\Desktop\mdcnpal\htdocs\public_html\core\app.php on line 969
[2026-07-06 18:24:48] Creation of dynamic property dbclass::$RECORD_SET is deprecated in C:\xampp\Desktop\mdcnpal\htdocs\public_html\core\dbclass.php on line 69
[2026-07-06 18:24:48] Creation of dynamic property dbclass::$app is deprecated in C:\xampp\Desktop\mdcnpal\htdocs\public_html\core\dbclass.php on line 75
[2026-07-06 18:24:48] Creation of dynamic property model::$foreign_tables is deprecated in C:\xampp\Desktop\mdcnpal\htdocs\public_html\core\model.php on line 43
[2026-07-06 18:24:48] Creation of dynamic property app::$inputfilter is deprecated in C:\xampp\Desktop\mdcnpal\htdocs\public_html\core\app.php on line 123
[2026-07-06 18:24:48] Creation of dynamic property app::$userconfig is deprecated in C:\xampp\Desktop\mdcnpal\htdocs\public_html\core\app.php on line 124
[2026-07-06 18:24:48] Creation of dynamic property app::$global_include is deprecated in C:\xampp\Desktop\mdcnpal\htdocs\public_html\core\app.php on line 125
[2026-07-06 18:24:48] Creation of dynamic property app::$set_cache_time is deprecated in C:\xampp\Desktop\mdcnpal\htdocs\public_html\core\app.php on line 153
[2026-07-06 18:24:48] Creation of dynamic property app::$meta is deprecated in C:\xampp\Desktop\mdcnpal\htdocs\public_html\core\app.php on line 434
[2026-07-06 18:24:48] Creation of dynamic property app::$rs_gs_city is deprecated in C:\xampp\Desktop\mdcnpal\htdocs\public_html\core\app.php on line 434
[2026-07-06 18:24:48] Creation of dynamic property app::$rs_footer_popular_item is deprecated in C:\xampp\Desktop\mdcnpal\htdocs\public_html\core\app.php on line 434
[2026-07-06 18:24:48] Creation of dynamic property app::$rs_footer_popular_test is deprecated in C:\xampp\Desktop\mdcnpal\htdocs\public_html\core\app.php on line 434
[2026-07-06 18:24:48] Creation of dynamic property app::$rs_testimonial is deprecated in C:\xampp\Desktop\mdcnpal\htdocs\public_html\core\app.php on line 434
[2026-07-06 18:24:48] Creation of dynamic property app::$admin is deprecated in C:\xampp\Desktop\mdcnpal\htdocs\public_html\core\app.php on line 434
[2026-07-06 18:24:48] Undefined array key 0 in C:\xampp\Desktop\mdcnpal\htdocs\public_html\core\global_include.php on line 514
[2026-07-06 18:24:48] Creation of dynamic property app::$popup is deprecated in C:\xampp\Desktop\mdcnpal\htdocs\public_html\core\app.php on line 434
[2026-07-06 18:24:48] Undefined array key "MDRCCustID" in C:\xampp\Desktop\mdcnpal\htdocs\public_html\core\global_include.php on line 515
[2026-07-06 18:24:48] Undefined array key "MDRCToken" in C:\xampp\Desktop\mdcnpal\htdocs\public_html\core\global_include.php on line 515
[2026-07-06 18:24:48] Creation of dynamic property app::$rscategory is deprecated in C:\xampp\Desktop\mdcnpal\htdocs\public_html\core\app.php on line 434
[2026-07-06 18:24:48] Creation of dynamic property app::$rs_pages is deprecated in C:\xampp\Desktop\mdcnpal\htdocs\public_html\core\app.php on line 434
[2026-07-06 18:24:48] Creation of dynamic property app::$gs is deprecated in C:\xampp\Desktop\mdcnpal\htdocs\public_html\core\app.php on line 434
[2026-07-06 18:24:48] Undefined array key "MDRCCustID" in C:\xampp\Desktop\mdcnpal\htdocs\public_html\core\global_include.php on line 596
[2026-07-06 18:24:48] Undefined array key "MDRCCustID" in C:\xampp\Desktop\mdcnpal\htdocs\public_html\core\global_include.php on line 615
[2026-07-06 18:24:48] Undefined variable $getId in C:\xampp\Desktop\mdcnpal\htdocs\public_html\core\global_include.php on line 684
[2026-07-06 18:24:48] Undefined variable $getName in C:\xampp\Desktop\mdcnpal\htdocs\public_html\core\global_include.php on line 685
[2026-07-06 18:24:48] Undefined array key 0 in C:\xampp\Desktop\mdcnpal\htdocs\public_html\core\global_include.php on line 810
[2026-07-06 18:24:48] Creation of dynamic property app::$rs_offer_msg is deprecated in C:\xampp\Desktop\mdcnpal\htdocs\public_html\core\app.php on line 434
[2026-07-06 18:24:48] Creation of dynamic property app::$rs_for_doctors is deprecated in C:\xampp\Desktop\mdcnpal\htdocs\public_html\core\app.php on line 434
[2026-07-06 18:24:48] Undefined property: app::$rs_cartmini in C:\xampp\Desktop\mdcnpal\htdocs\public_html\includes\header.php on line 131
[2026-07-06 18:24:48] Undefined array key "MDRCCustID" in C:\xampp\Desktop\mdcnpal\htdocs\public_html\includes\header.php on line 134
[2026-07-06 18:24:48] Undefined property: app::$rs_cartmini in C:\xampp\Desktop\mdcnpal\htdocs\public_html\includes\header.php on line 197
[2026-07-06 18:24:48] Undefined array key "MDRCCustID" in C:\xampp\Desktop\mdcnpal\htdocs\public_html\includes\header.php on line 200
[2026-07-06 18:24:48] Undefined property: app::$rs_cartmini in C:\xampp\Desktop\mdcnpal\htdocs\public_html\includes\header.php on line 469
[2026-07-06 18:24:48] Undefined array key "MDRCCustID" in C:\xampp\Desktop\mdcnpal\htdocs\public_html\includes\header.php on line 472
[2026-07-06 18:24:48] Undefined property: app::$rs_cartmini in C:\xampp\Desktop\mdcnpal\htdocs\public_html\includes\header.php on line 525
[2026-07-06 18:24:48] Undefined array key "MDRCCustID" in C:\xampp\Desktop\mdcnpal\htdocs\public_html\includes\header.php on line 528
[2026-07-06 18:24:48] Undefined property: app::$rs_customer in C:\xampp\Desktop\mdcnpal\htdocs\public_html\includes\header.php on line 712
[2026-07-06 18:24:48] Trying to access array offset on value of type null in C:\xampp\Desktop\mdcnpal\htdocs\public_html\includes\header.php on line 712
[2026-07-06 18:24:48] Undefined property: app::$rs_customer in C:\xampp\Desktop\mdcnpal\htdocs\public_html\includes\header.php on line 721
[2026-07-06 18:24:48] Trying to access array offset on value of type null in C:\xampp\Desktop\mdcnpal\htdocs\public_html\includes\header.php on line 721
[2026-07-06 18:24:48] Undefined property: app::$rs_customer in C:\xampp\Desktop\mdcnpal\htdocs\public_html\includes\header.php on line 730
[2026-07-06 18:24:48] Trying to access array offset on value of type null in C:\xampp\Desktop\mdcnpal\htdocs\public_html\includes\header.php on line 730
[2026-07-06 18:24:48] Undefined property: app::$rs_customer in C:\xampp\Desktop\mdcnpal\htdocs\public_html\includes\header.php on line 739
[2026-07-06 18:24:48] Trying to access array offset on value of type null in C:\xampp\Desktop\mdcnpal\htdocs\public_html\includes\header.php on line 739
[2026-07-06 18:24:48] Undefined property: app::$rs_customer in C:\xampp\Desktop\mdcnpal\htdocs\public_html\includes\footer.php on line 357
[2026-07-06 18:24:48] Trying to access array offset on value of type null in C:\xampp\Desktop\mdcnpal\htdocs\public_html\includes\footer.php on line 357
[2026-07-06 18:24:48] Undefined property: app::$rs_customer in C:\xampp\Desktop\mdcnpal\htdocs\public_html\includes\footer.php on line 366
[2026-07-06 18:24:48] Trying to access array offset on value of type null in C:\xampp\Desktop\mdcnpal\htdocs\public_html\includes\footer.php on line 366
[2026-07-06 18:24:48] Undefined property: app::$rs_customer in C:\xampp\Desktop\mdcnpal\htdocs\public_html\includes\footer.php on line 372
[2026-07-06 18:24:48] Trying to access array offset on value of type null in C:\xampp\Desktop\mdcnpal\htdocs\public_html\includes\footer.php on line 372
[2026-07-06 18:24:48] Undefined property: app::$rs_customer in C:\xampp\Desktop\mdcnpal\htdocs\public_html\includes\general_data.php on line 88
[2026-07-06 18:24:48] Trying to access array offset on value of type null in C:\xampp\Desktop\mdcnpal\htdocs\public_html\includes\general_data.php on line 88
[2026-07-06 18:24:48] Undefined array key "MDRCCustID" in C:\xampp\Desktop\mdcnpal\htdocs\public_html\includes\general_data.php on line 88
[2026-07-06 18:24:48] Undefined variable $tmpStr in C:\xampp\Desktop\mdcnpal\htdocs\public_html\core\app.php on line 969
[2026-07-06 18:24:48] Creation of dynamic property dbclass::$RECORD_SET is deprecated in C:\xampp\Desktop\mdcnpal\htdocs\public_html\core\dbclass.php on line 69
[2026-07-06 18:24:48] Creation of dynamic property dbclass::$app is deprecated in C:\xampp\Desktop\mdcnpal\htdocs\public_html\core\dbclass.php on line 75
[2026-07-06 18:24:48] Creation of dynamic property model::$foreign_tables is deprecated in C:\xampp\Desktop\mdcnpal\htdocs\public_html\core\model.php on line 43
[2026-07-06 18:24:48] Creation of dynamic property app::$inputfilter is deprecated in C:\xampp\Desktop\mdcnpal\htdocs\public_html\core\app.php on line 123
[2026-07-06 18:24:48] Creation of dynamic property app::$userconfig is deprecated in C:\xampp\Desktop\mdcnpal\htdocs\public_html\core\app.php on line 124
[2026-07-06 18:24:48] Creation of dynamic property app::$global_include is deprecated in C:\xampp\Desktop\mdcnpal\htdocs\public_html\core\app.php on line 125
[2026-07-06 18:24:48] Creation of dynamic property app::$set_cache_time is deprecated in C:\xampp\Desktop\mdcnpal\htdocs\public_html\core\app.php on line 153
[2026-07-06 18:24:48] Creation of dynamic property app::$meta is deprecated in C:\xampp\Desktop\mdcnpal\htdocs\public_html\core\app.php on line 434
[2026-07-06 18:24:48] Creation of dynamic property app::$rs_gs_city is deprecated in C:\xampp\Desktop\mdcnpal\htdocs\public_html\core\app.php on line 434
[2026-07-06 18:24:48] Creation of dynamic property app::$rs_footer_popular_item is deprecated in C:\xampp\Desktop\mdcnpal\htdocs\public_html\core\app.php on line 434
[2026-07-06 18:24:48] Creation of dynamic property app::$rs_footer_popular_test is deprecated in C:\xampp\Desktop\mdcnpal\htdocs\public_html\core\app.php on line 434
[2026-07-06 18:24:48] Creation of dynamic property app::$rs_testimonial is deprecated in C:\xampp\Desktop\mdcnpal\htdocs\public_html\core\app.php on line 434
[2026-07-06 18:24:48] Creation of dynamic property app::$admin is deprecated in C:\xampp\Desktop\mdcnpal\htdocs\public_html\core\app.php on line 434
[2026-07-06 18:24:48] Undefined array key 0 in C:\xampp\Desktop\mdcnpal\htdocs\public_html\core\global_include.php on line 514
[2026-07-06 18:24:48] Creation of dynamic property app::$popup is deprecated in C:\xampp\Desktop\mdcnpal\htdocs\public_html\core\app.php on line 434
[2026-07-06 18:24:48] Undefined array key "MDRCCustID" in C:\xampp\Desktop\mdcnpal\htdocs\public_html\core\global_include.php on line 515
[2026-07-06 18:24:48] Undefined array key "MDRCToken" in C:\xampp\Desktop\mdcnpal\htdocs\public_html\core\global_include.php on line 515
[2026-07-06 18:24:48] Creation of dynamic property app::$rscategory is deprecated in C:\xampp\Desktop\mdcnpal\htdocs\public_html\core\app.php on line 434
[2026-07-06 18:24:48] Creation of dynamic property app::$rs_pages is deprecated in C:\xampp\Desktop\mdcnpal\htdocs\public_html\core\app.php on line 434
[2026-07-06 18:24:48] Creation of dynamic property app::$gs is deprecated in C:\xampp\Desktop\mdcnpal\htdocs\public_html\core\app.php on line 434
[2026-07-06 18:24:48] Undefined array key "MDRCCustID" in C:\xampp\Desktop\mdcnpal\htdocs\public_html\core\global_include.php on line 596
[2026-07-06 18:24:48] Undefined array key "MDRCCustID" in C:\xampp\Desktop\mdcnpal\htdocs\public_html\core\global_include.php on line 615
[2026-07-06 18:24:48] Undefined variable $getId in C:\xampp\Desktop\mdcnpal\htdocs\public_html\core\global_include.php on line 684
[2026-07-06 18:24:48] Undefined variable $getName in C:\xampp\Desktop\mdcnpal\htdocs\public_html\core\global_include.php on line 685
[2026-07-06 18:24:48] Undefined array key 0 in C:\xampp\Desktop\mdcnpal\htdocs\public_html\core\global_include.php on line 810
[2026-07-06 18:24:48] Creation of dynamic property app::$rs_offer_msg is deprecated in C:\xampp\Desktop\mdcnpal\htdocs\public_html\core\app.php on line 434
[2026-07-06 18:24:48] Creation of dynamic property app::$rs_for_doctors is deprecated in C:\xampp\Desktop\mdcnpal\htdocs\public_html\core\app.php on line 434
[2026-07-06 18:24:48] Undefined property: app::$rs_cartmini in C:\xampp\Desktop\mdcnpal\htdocs\public_html\includes\header.php on line 131
[2026-07-06 18:24:48] Undefined array key "MDRCCustID" in C:\xampp\Desktop\mdcnpal\htdocs\public_html\includes\header.php on line 134
[2026-07-06 18:24:48] Undefined property: app::$rs_cartmini in C:\xampp\Desktop\mdcnpal\htdocs\public_html\includes\header.php on line 197
[2026-07-06 18:24:48] Undefined array key "MDRCCustID" in C:\xampp\Desktop\mdcnpal\htdocs\public_html\includes\header.php on line 200
[2026-07-06 18:24:48] Undefined property: app::$rs_cartmini in C:\xampp\Desktop\mdcnpal\htdocs\public_html\includes\header.php on line 469
[2026-07-06 18:24:48] Undefined array key "MDRCCustID" in C:\xampp\Desktop\mdcnpal\htdocs\public_html\includes\header.php on line 472
[2026-07-06 18:24:48] Undefined property: app::$rs_cartmini in C:\xampp\Desktop\mdcnpal\htdocs\public_html\includes\header.php on line 525
[2026-07-06 18:24:48] Undefined array key "MDRCCustID" in C:\xampp\Desktop\mdcnpal\htdocs\public_html\includes\header.php on line 528
[2026-07-06 18:24:48] Undefined property: app::$rs_customer in C:\xampp\Desktop\mdcnpal\htdocs\public_html\includes\header.php on line 712
[2026-07-06 18:24:48] Trying to access array offset on value of type null in C:\xampp\Desktop\mdcnpal\htdocs\public_html\includes\header.php on line 712
[2026-07-06 18:24:48] Undefined property: app::$rs_customer in C:\xampp\Desktop\mdcnpal\htdocs\public_html\includes\header.php on line 721
[2026-07-06 18:24:48] Trying to access array offset on value of type null in C:\xampp\Desktop\mdcnpal\htdocs\public_html\includes\header.php on line 721
[2026-07-06 18:24:48] Undefined property: app::$rs_customer in C:\xampp\Desktop\mdcnpal\htdocs\public_html\includes\header.php on line 730
[2026-07-06 18:24:48] Trying to access array offset on value of type null in C:\xampp\Desktop\mdcnpal\htdocs\public_html\includes\header.php on line 730
[2026-07-06 18:24:48] Undefined property: app::$rs_customer in C:\xampp\Desktop\mdcnpal\htdocs\public_html\includes\header.php on line 739
[2026-07-06 18:24:48] Trying to access array offset on value of type null in C:\xampp\Desktop\mdcnpal\htdocs\public_html\includes\header.php on line 739
[2026-07-06 18:24:48] Undefined property: app::$rs_customer in C:\xampp\Desktop\mdcnpal\htdocs\public_html\includes\footer.php on line 357
[2026-07-06 18:24:48] Trying to access array offset on value of type null in C:\xampp\Desktop\mdcnpal\htdocs\public_html\includes\footer.php on line 357
[2026-07-06 18:24:48] Undefined property: app::$rs_customer in C:\xampp\Desktop\mdcnpal\htdocs\public_html\includes\footer.php on line 366
[2026-07-06 18:24:48] Trying to access array offset on value of type null in C:\xampp\Desktop\mdcnpal\htdocs\public_html\includes\footer.php on line 366
[2026-07-06 18:24:48] Undefined property: app::$rs_customer in C:\xampp\Desktop\mdcnpal\htdocs\public_html\includes\footer.php on line 372
[2026-07-06 18:24:48] Trying to access array offset on value of type null in C:\xampp\Desktop\mdcnpal\htdocs\public_html\includes\footer.php on line 372
[2026-07-06 18:24:48] Undefined property: app::$rs_customer in C:\xampp\Desktop\mdcnpal\htdocs\public_html\includes\general_data.php on line 88
[2026-07-06 18:24:48] Trying to access array offset on value of type null in C:\xampp\Desktop\mdcnpal\htdocs\public_html\includes\general_data.php on line 88
[2026-07-06 18:24:48] Undefined array key "MDRCCustID" in C:\xampp\Desktop\mdcnpal\htdocs\public_html\includes\general_data.php on line 88
[2026-07-06 18:24:48] Undefined variable $tmpStr in C:\xampp\Desktop\mdcnpal\htdocs\public_html\core\app.php on line 969
[2026-07-06 18:24:49] Creation of dynamic property dbclass::$RECORD_SET is deprecated in C:\xampp\Desktop\mdcnpal\htdocs\public_html\core\dbclass.php on line 69
[2026-07-06 18:24:49] Creation of dynamic property dbclass::$app is deprecated in C:\xampp\Desktop\mdcnpal\htdocs\public_html\core\dbclass.php on line 75
[2026-07-06 18:24:49] Creation of dynamic property model::$foreign_tables is deprecated in C:\xampp\Desktop\mdcnpal\htdocs\public_html\core\model.php on line 43
[2026-07-06 18:24:49] Creation of dynamic property app::$inputfilter is deprecated in C:\xampp\Desktop\mdcnpal\htdocs\public_html\core\app.php on line 123
[2026-07-06 18:24:49] Creation of dynamic property app::$userconfig is deprecated in C:\xampp\Desktop\mdcnpal\htdocs\public_html\core\app.php on line 124
[2026-07-06 18:24:49] Creation of dynamic property app::$global_include is deprecated in C:\xampp\Desktop\mdcnpal\htdocs\public_html\core\app.php on line 125
[2026-07-06 18:24:49] Creation of dynamic property app::$set_cache_time is deprecated in C:\xampp\Desktop\mdcnpal\htdocs\public_html\core\app.php on line 153
[2026-07-06 18:24:49] Creation of dynamic property app::$meta is deprecated in C:\xampp\Desktop\mdcnpal\htdocs\public_html\core\app.php on line 434
[2026-07-06 18:24:49] Creation of dynamic property app::$rs_gs_city is deprecated in C:\xampp\Desktop\mdcnpal\htdocs\public_html\core\app.php on line 434
[2026-07-06 18:24:49] Creation of dynamic property app::$rs_footer_popular_item is deprecated in C:\xampp\Desktop\mdcnpal\htdocs\public_html\core\app.php on line 434
[2026-07-06 18:24:49] Creation of dynamic property app::$rs_footer_popular_test is deprecated in C:\xampp\Desktop\mdcnpal\htdocs\public_html\core\app.php on line 434
[2026-07-06 18:24:49] Creation of dynamic property app::$rs_testimonial is deprecated in C:\xampp\Desktop\mdcnpal\htdocs\public_html\core\app.php on line 434
[2026-07-06 18:24:49] Creation of dynamic property app::$admin is deprecated in C:\xampp\Desktop\mdcnpal\htdocs\public_html\core\app.php on line 434
[2026-07-06 18:24:49] Undefined array key 0 in C:\xampp\Desktop\mdcnpal\htdocs\public_html\core\global_include.php on line 514
[2026-07-06 18:24:49] Creation of dynamic property app::$popup is deprecated in C:\xampp\Desktop\mdcnpal\htdocs\public_html\core\app.php on line 434
[2026-07-06 18:24:49] Undefined array key "MDRCCustID" in C:\xampp\Desktop\mdcnpal\htdocs\public_html\core\global_include.php on line 515
[2026-07-06 18:24:49] Undefined array key "MDRCToken" in C:\xampp\Desktop\mdcnpal\htdocs\public_html\core\global_include.php on line 515
[2026-07-06 18:24:49] Creation of dynamic property app::$rscategory is deprecated in C:\xampp\Desktop\mdcnpal\htdocs\public_html\core\app.php on line 434
[2026-07-06 18:24:49] Creation of dynamic property app::$rs_pages is deprecated in C:\xampp\Desktop\mdcnpal\htdocs\public_html\core\app.php on line 434
[2026-07-06 18:24:49] Creation of dynamic property app::$gs is deprecated in C:\xampp\Desktop\mdcnpal\htdocs\public_html\core\app.php on line 434
[2026-07-06 18:24:49] Undefined array key "MDRCCustID" in C:\xampp\Desktop\mdcnpal\htdocs\public_html\core\global_include.php on line 596
[2026-07-06 18:24:49] Undefined array key "MDRCCustID" in C:\xampp\Desktop\mdcnpal\htdocs\public_html\core\global_include.php on line 615
[2026-07-06 18:24:49] Undefined variable $getId in C:\xampp\Desktop\mdcnpal\htdocs\public_html\core\global_include.php on line 684
[2026-07-06 18:24:49] Undefined variable $getName in C:\xampp\Desktop\mdcnpal\htdocs\public_html\core\global_include.php on line 685
[2026-07-06 18:24:49] Undefined array key 0 in C:\xampp\Desktop\mdcnpal\htdocs\public_html\core\global_include.php on line 810
[2026-07-06 18:24:49] Creation of dynamic property app::$rs_offer_msg is deprecated in C:\xampp\Desktop\mdcnpal\htdocs\public_html\core\app.php on line 434
[2026-07-06 18:24:49] Creation of dynamic property app::$rs_for_doctors is deprecated in C:\xampp\Desktop\mdcnpal\htdocs\public_html\core\app.php on line 434
[2026-07-06 18:24:49] Undefined property: app::$rs_cartmini in C:\xampp\Desktop\mdcnpal\htdocs\public_html\includes\header.php on line 131
[2026-07-06 18:24:49] Undefined array key "MDRCCustID" in C:\xampp\Desktop\mdcnpal\htdocs\public_html\includes\header.php on line 134
[2026-07-06 18:24:49] Undefined property: app::$rs_cartmini in C:\xampp\Desktop\mdcnpal\htdocs\public_html\includes\header.php on line 197
[2026-07-06 18:24:49] Undefined array key "MDRCCustID" in C:\xampp\Desktop\mdcnpal\htdocs\public_html\includes\header.php on line 200
[2026-07-06 18:24:49] Undefined property: app::$rs_cartmini in C:\xampp\Desktop\mdcnpal\htdocs\public_html\includes\header.php on line 469
[2026-07-06 18:24:49] Undefined array key "MDRCCustID" in C:\xampp\Desktop\mdcnpal\htdocs\public_html\includes\header.php on line 472
[2026-07-06 18:24:49] Undefined property: app::$rs_cartmini in C:\xampp\Desktop\mdcnpal\htdocs\public_html\includes\header.php on line 525
[2026-07-06 18:24:49] Undefined array key "MDRCCustID" in C:\xampp\Desktop\mdcnpal\htdocs\public_html\includes\header.php on line 528
[2026-07-06 18:24:49] Undefined property: app::$rs_customer in C:\xampp\Desktop\mdcnpal\htdocs\public_html\includes\header.php on line 712
[2026-07-06 18:24:49] Trying to access array offset on value of type null in C:\xampp\Desktop\mdcnpal\htdocs\public_html\includes\header.php on line 712
[2026-07-06 18:24:49] Undefined property: app::$rs_customer in C:\xampp\Desktop\mdcnpal\htdocs\public_html\includes\header.php on line 721
[2026-07-06 18:24:49] Trying to access array offset on value of type null in C:\xampp\Desktop\mdcnpal\htdocs\public_html\includes\header.php on line 721
[2026-07-06 18:24:49] Undefined property: app::$rs_customer in C:\xampp\Desktop\mdcnpal\htdocs\public_html\includes\header.php on line 730
[2026-07-06 18:24:49] Trying to access array offset on value of type null in C:\xampp\Desktop\mdcnpal\htdocs\public_html\includes\header.php on line 730
[2026-07-06 18:24:49] Undefined property: app::$rs_customer in C:\xampp\Desktop\mdcnpal\htdocs\public_html\includes\header.php on line 739
[2026-07-06 18:24:49] Trying to access array offset on value of type null in C:\xampp\Desktop\mdcnpal\htdocs\public_html\includes\header.php on line 739
[2026-07-06 18:24:49] Undefined property: app::$rs_customer in C:\xampp\Desktop\mdcnpal\htdocs\public_html\includes\footer.php on line 357
[2026-07-06 18:24:49] Trying to access array offset on value of type null in C:\xampp\Desktop\mdcnpal\htdocs\public_html\includes\footer.php on line 357
[2026-07-06 18:24:49] Undefined property: app::$rs_customer in C:\xampp\Desktop\mdcnpal\htdocs\public_html\includes\footer.php on line 366
[2026-07-06 18:24:49] Trying to access array offset on value of type null in C:\xampp\Desktop\mdcnpal\htdocs\public_html\includes\footer.php on line 366
[2026-07-06 18:24:49] Undefined property: app::$rs_customer in C:\xampp\Desktop\mdcnpal\htdocs\public_html\includes\footer.php on line 372
[2026-07-06 18:24:49] Trying to access array offset on value of type null in C:\xampp\Desktop\mdcnpal\htdocs\public_html\includes\footer.php on line 372
[2026-07-06 18:24:49] Undefined property: app::$rs_customer in C:\xampp\Desktop\mdcnpal\htdocs\public_html\includes\general_data.php on line 88
[2026-07-06 18:24:49] Trying to access array offset on value of type null in C:\xampp\Desktop\mdcnpal\htdocs\public_html\includes\general_data.php on line 88
[2026-07-06 18:24:49] Undefined array key "MDRCCustID" in C:\xampp\Desktop\mdcnpal\htdocs\public_html\includes\general_data.php on line 88
[2026-07-06 18:24:49] Undefined variable $tmpStr in C:\xampp\Desktop\mdcnpal\htdocs\public_html\core\app.php on line 969
[2026-07-06 18:24:49] Creation of dynamic property dbclass::$RECORD_SET is deprecated in C:\xampp\Desktop\mdcnpal\htdocs\public_html\core\dbclass.php on line 69
[2026-07-06 18:24:49] Creation of dynamic property dbclass::$app is deprecated in C:\xampp\Desktop\mdcnpal\htdocs\public_html\core\dbclass.php on line 75
[2026-07-06 18:24:49] Creation of dynamic property model::$foreign_tables is deprecated in C:\xampp\Desktop\mdcnpal\htdocs\public_html\core\model.php on line 43
[2026-07-06 18:24:49] Creation of dynamic property app::$inputfilter is deprecated in C:\xampp\Desktop\mdcnpal\htdocs\public_html\core\app.php on line 123
[2026-07-06 18:24:49] Creation of dynamic property app::$userconfig is deprecated in C:\xampp\Desktop\mdcnpal\htdocs\public_html\core\app.php on line 124
[2026-07-06 18:24:49] Creation of dynamic property app::$global_include is deprecated in C:\xampp\Desktop\mdcnpal\htdocs\public_html\core\app.php on line 125
[2026-07-06 18:24:49] Creation of dynamic property app::$set_cache_time is deprecated in C:\xampp\Desktop\mdcnpal\htdocs\public_html\core\app.php on line 153
[2026-07-06 18:24:49] Creation of dynamic property app::$meta is deprecated in C:\xampp\Desktop\mdcnpal\htdocs\public_html\core\app.php on line 434
[2026-07-06 18:24:49] Creation of dynamic property app::$rs_gs_city is deprecated in C:\xampp\Desktop\mdcnpal\htdocs\public_html\core\app.php on line 434
[2026-07-06 18:24:49] Creation of dynamic property app::$rs_footer_popular_item is deprecated in C:\xampp\Desktop\mdcnpal\htdocs\public_html\core\app.php on line 434
[2026-07-06 18:24:49] Creation of dynamic property app::$rs_footer_popular_test is deprecated in C:\xampp\Desktop\mdcnpal\htdocs\public_html\core\app.php on line 434
[2026-07-06 18:24:49] Creation of dynamic property app::$rs_testimonial is deprecated in C:\xampp\Desktop\mdcnpal\htdocs\public_html\core\app.php on line 434
[2026-07-06 18:24:49] Creation of dynamic property app::$admin is deprecated in C:\xampp\Desktop\mdcnpal\htdocs\public_html\core\app.php on line 434
[2026-07-06 18:24:49] Undefined array key 0 in C:\xampp\Desktop\mdcnpal\htdocs\public_html\core\global_include.php on line 514
[2026-07-06 18:24:49] Creation of dynamic property app::$popup is deprecated in C:\xampp\Desktop\mdcnpal\htdocs\public_html\core\app.php on line 434
[2026-07-06 18:24:49] Undefined array key "MDRCCustID" in C:\xampp\Desktop\mdcnpal\htdocs\public_html\core\global_include.php on line 515
[2026-07-06 18:24:49] Undefined array key "MDRCToken" in C:\xampp\Desktop\mdcnpal\htdocs\public_html\core\global_include.php on line 515
[2026-07-06 18:24:49] Creation of dynamic property app::$rscategory is deprecated in C:\xampp\Desktop\mdcnpal\htdocs\public_html\core\app.php on line 434
[2026-07-06 18:24:49] Creation of dynamic property app::$rs_pages is deprecated in C:\xampp\Desktop\mdcnpal\htdocs\public_html\core\app.php on line 434
[2026-07-06 18:24:49] Creation of dynamic property app::$gs is deprecated in C:\xampp\Desktop\mdcnpal\htdocs\public_html\core\app.php on line 434
[2026-07-06 18:24:49] Undefined array key "MDRCCustID" in C:\xampp\Desktop\mdcnpal\htdocs\public_html\core\global_include.php on line 596
[2026-07-06 18:24:49] Undefined array key "MDRCCustID" in C:\xampp\Desktop\mdcnpal\htdocs\public_html\core\global_include.php on line 615
[2026-07-06 18:24:49] Undefined variable $getId in C:\xampp\Desktop\mdcnpal\htdocs\public_html\core\global_include.php on line 684
[2026-07-06 18:24:49] Undefined variable $getName in C:\xampp\Desktop\mdcnpal\htdocs\public_html\core\global_include.php on line 685
[2026-07-06 18:24:49] Undefined array key 0 in C:\xampp\Desktop\mdcnpal\htdocs\public_html\core\global_include.php on line 810
[2026-07-06 18:24:49] Creation of dynamic property app::$rs_offer_msg is deprecated in C:\xampp\Desktop\mdcnpal\htdocs\public_html\core\app.php on line 434
[2026-07-06 18:24:49] Creation of dynamic property app::$rs_for_doctors is deprecated in C:\xampp\Desktop\mdcnpal\htdocs\public_html\core\app.php on line 434
[2026-07-06 18:24:49] Undefined property: app::$rs_cartmini in C:\xampp\Desktop\mdcnpal\htdocs\public_html\includes\header.php on line 131
[2026-07-06 18:24:49] Undefined array key "MDRCCustID" in C:\xampp\Desktop\mdcnpal\htdocs\public_html\includes\header.php on line 134
[2026-07-06 18:24:49] Undefined property: app::$rs_cartmini in C:\xampp\Desktop\mdcnpal\htdocs\public_html\includes\header.php on line 197
[2026-07-06 18:24:49] Undefined array key "MDRCCustID" in C:\xampp\Desktop\mdcnpal\htdocs\public_html\includes\header.php on line 200
[2026-07-06 18:24:49] Undefined property: app::$rs_cartmini in C:\xampp\Desktop\mdcnpal\htdocs\public_html\includes\header.php on line 469
[2026-07-06 18:24:49] Undefined array key "MDRCCustID" in C:\xampp\Desktop\mdcnpal\htdocs\public_html\includes\header.php on line 472
[2026-07-06 18:24:49] Undefined property: app::$rs_cartmini in C:\xampp\Desktop\mdcnpal\htdocs\public_html\includes\header.php on line 525
[2026-07-06 18:24:49] Undefined array key "MDRCCustID" in C:\xampp\Desktop\mdcnpal\htdocs\public_html\includes\header.php on line 528
[2026-07-06 18:24:49] Undefined property: app::$rs_customer in C:\xampp\Desktop\mdcnpal\htdocs\public_html\includes\header.php on line 712
[2026-07-06 18:24:49] Trying to access array offset on value of type null in C:\xampp\Desktop\mdcnpal\htdocs\public_html\includes\header.php on line 712
[2026-07-06 18:24:49] Undefined property: app::$rs_customer in C:\xampp\Desktop\mdcnpal\htdocs\public_html\includes\header.php on line 721
[2026-07-06 18:24:49] Trying to access array offset on value of type null in C:\xampp\Desktop\mdcnpal\htdocs\public_html\includes\header.php on line 721
[2026-07-06 18:24:49] Undefined property: app::$rs_customer in C:\xampp\Desktop\mdcnpal\htdocs\public_html\includes\header.php on line 730
[2026-07-06 18:24:49] Trying to access array offset on value of type null in C:\xampp\Desktop\mdcnpal\htdocs\public_html\includes\header.php on line 730
[2026-07-06 18:24:49] Undefined property: app::$rs_customer in C:\xampp\Desktop\mdcnpal\htdocs\public_html\includes\header.php on line 739
[2026-07-06 18:24:49] Trying to access array offset on value of type null in C:\xampp\Desktop\mdcnpal\htdocs\public_html\includes\header.php on line 739
[2026-07-06 18:24:49] Undefined property: app::$rs_customer in C:\xampp\Desktop\mdcnpal\htdocs\public_html\includes\footer.php on line 357
[2026-07-06 18:24:49] Trying to access array offset on value of type null in C:\xampp\Desktop\mdcnpal\htdocs\public_html\includes\footer.php on line 357
[2026-07-06 18:24:49] Undefined property: app::$rs_customer in C:\xampp\Desktop\mdcnpal\htdocs\public_html\includes\footer.php on line 366
[2026-07-06 18:24:49] Trying to access array offset on value of type null in C:\xampp\Desktop\mdcnpal\htdocs\public_html\includes\footer.php on line 366
[2026-07-06 18:24:49] Undefined property: app::$rs_customer in C:\xampp\Desktop\mdcnpal\htdocs\public_html\includes\footer.php on line 372
[2026-07-06 18:24:49] Trying to access array offset on value of type null in C:\xampp\Desktop\mdcnpal\htdocs\public_html\includes\footer.php on line 372
[2026-07-06 18:24:49] Undefined property: app::$rs_customer in C:\xampp\Desktop\mdcnpal\htdocs\public_html\includes\general_data.php on line 88
[2026-07-06 18:24:49] Trying to access array offset on value of type null in C:\xampp\Desktop\mdcnpal\htdocs\public_html\includes\general_data.php on line 88
[2026-07-06 18:24:49] Undefined array key "MDRCCustID" in C:\xampp\Desktop\mdcnpal\htdocs\public_html\includes\general_data.php on line 88
[2026-07-06 18:24:49] Undefined variable $tmpStr in C:\xampp\Desktop\mdcnpal\htdocs\public_html\core\app.php on line 969
[2026-07-06 18:24:49] Creation of dynamic property dbclass::$RECORD_SET is deprecated in C:\xampp\Desktop\mdcnpal\htdocs\public_html\core\dbclass.php on line 69
[2026-07-06 18:24:49] Creation of dynamic property dbclass::$app is deprecated in C:\xampp\Desktop\mdcnpal\htdocs\public_html\core\dbclass.php on line 75
[2026-07-06 18:24:49] Creation of dynamic property model::$foreign_tables is deprecated in C:\xampp\Desktop\mdcnpal\htdocs\public_html\core\model.php on line 43
[2026-07-06 18:24:49] Creation of dynamic property app::$inputfilter is deprecated in C:\xampp\Desktop\mdcnpal\htdocs\public_html\core\app.php on line 123
[2026-07-06 18:24:49] Creation of dynamic property app::$userconfig is deprecated in C:\xampp\Desktop\mdcnpal\htdocs\public_html\core\app.php on line 124
[2026-07-06 18:24:49] Creation of dynamic property app::$global_include is deprecated in C:\xampp\Desktop\mdcnpal\htdocs\public_html\core\app.php on line 125
[2026-07-06 18:24:49] Creation of dynamic property app::$set_cache_time is deprecated in C:\xampp\Desktop\mdcnpal\htdocs\public_html\core\app.php on line 153
[2026-07-06 18:24:49] Creation of dynamic property app::$meta is deprecated in C:\xampp\Desktop\mdcnpal\htdocs\public_html\core\app.php on line 434
[2026-07-06 18:24:49] Creation of dynamic property app::$rs_gs_city is deprecated in C:\xampp\Desktop\mdcnpal\htdocs\public_html\core\app.php on line 434
[2026-07-06 18:24:49] Creation of dynamic property app::$rs_footer_popular_item is deprecated in C:\xampp\Desktop\mdcnpal\htdocs\public_html\core\app.php on line 434
[2026-07-06 18:24:50] Creation of dynamic property app::$rs_footer_popular_test is deprecated in C:\xampp\Desktop\mdcnpal\htdocs\public_html\core\app.php on line 434
[2026-07-06 18:24:50] Creation of dynamic property app::$rs_testimonial is deprecated in C:\xampp\Desktop\mdcnpal\htdocs\public_html\core\app.php on line 434
[2026-07-06 18:24:50] Creation of dynamic property app::$admin is deprecated in C:\xampp\Desktop\mdcnpal\htdocs\public_html\core\app.php on line 434
[2026-07-06 18:24:50] Undefined array key 0 in C:\xampp\Desktop\mdcnpal\htdocs\public_html\core\global_include.php on line 514
[2026-07-06 18:24:50] Creation of dynamic property app::$popup is deprecated in C:\xampp\Desktop\mdcnpal\htdocs\public_html\core\app.php on line 434
[2026-07-06 18:24:50] Undefined array key "MDRCCustID" in C:\xampp\Desktop\mdcnpal\htdocs\public_html\core\global_include.php on line 515
[2026-07-06 18:24:50] Undefined array key "MDRCToken" in C:\xampp\Desktop\mdcnpal\htdocs\public_html\core\global_include.php on line 515
[2026-07-06 18:24:50] Creation of dynamic property app::$rscategory is deprecated in C:\xampp\Desktop\mdcnpal\htdocs\public_html\core\app.php on line 434
[2026-07-06 18:24:50] Creation of dynamic property app::$rs_pages is deprecated in C:\xampp\Desktop\mdcnpal\htdocs\public_html\core\app.php on line 434
[2026-07-06 18:24:50] Creation of dynamic property app::$gs is deprecated in C:\xampp\Desktop\mdcnpal\htdocs\public_html\core\app.php on line 434
[2026-07-06 18:24:50] Undefined array key "MDRCCustID" in C:\xampp\Desktop\mdcnpal\htdocs\public_html\core\global_include.php on line 596
[2026-07-06 18:24:50] Undefined array key "MDRCCustID" in C:\xampp\Desktop\mdcnpal\htdocs\public_html\core\global_include.php on line 615
[2026-07-06 18:24:50] Undefined variable $getId in C:\xampp\Desktop\mdcnpal\htdocs\public_html\core\global_include.php on line 684
[2026-07-06 18:24:50] Undefined variable $getName in C:\xampp\Desktop\mdcnpal\htdocs\public_html\core\global_include.php on line 685
[2026-07-06 18:24:50] Undefined array key 0 in C:\xampp\Desktop\mdcnpal\htdocs\public_html\core\global_include.php on line 810
[2026-07-06 18:24:50] Creation of dynamic property app::$rs_offer_msg is deprecated in C:\xampp\Desktop\mdcnpal\htdocs\public_html\core\app.php on line 434
[2026-07-06 18:24:50] Creation of dynamic property app::$rs_for_doctors is deprecated in C:\xampp\Desktop\mdcnpal\htdocs\public_html\core\app.php on line 434
[2026-07-06 18:24:50] Undefined property: app::$rs_cartmini in C:\xampp\Desktop\mdcnpal\htdocs\public_html\includes\header.php on line 131
[2026-07-06 18:24:50] Undefined array key "MDRCCustID" in C:\xampp\Desktop\mdcnpal\htdocs\public_html\includes\header.php on line 134
[2026-07-06 18:24:50] Undefined property: app::$rs_cartmini in C:\xampp\Desktop\mdcnpal\htdocs\public_html\includes\header.php on line 197
[2026-07-06 18:24:50] Undefined array key "MDRCCustID" in C:\xampp\Desktop\mdcnpal\htdocs\public_html\includes\header.php on line 200
[2026-07-06 18:24:50] Undefined property: app::$rs_cartmini in C:\xampp\Desktop\mdcnpal\htdocs\public_html\includes\header.php on line 469
[2026-07-06 18:24:50] Undefined array key "MDRCCustID" in C:\xampp\Desktop\mdcnpal\htdocs\public_html\includes\header.php on line 472
[2026-07-06 18:24:50] Undefined property: app::$rs_cartmini in C:\xampp\Desktop\mdcnpal\htdocs\public_html\includes\header.php on line 525
[2026-07-06 18:24:50] Undefined array key "MDRCCustID" in C:\xampp\Desktop\mdcnpal\htdocs\public_html\includes\header.php on line 528
[2026-07-06 18:24:50] Undefined property: app::$rs_customer in C:\xampp\Desktop\mdcnpal\htdocs\public_html\includes\header.php on line 712
[2026-07-06 18:24:50] Trying to access array offset on value of type null in C:\xampp\Desktop\mdcnpal\htdocs\public_html\includes\header.php on line 712
[2026-07-06 18:24:50] Undefined property: app::$rs_customer in C:\xampp\Desktop\mdcnpal\htdocs\public_html\includes\header.php on line 721
[2026-07-06 18:24:50] Trying to access array offset on value of type null in C:\xampp\Desktop\mdcnpal\htdocs\public_html\includes\header.php on line 721
[2026-07-06 18:24:50] Undefined property: app::$rs_customer in C:\xampp\Desktop\mdcnpal\htdocs\public_html\includes\header.php on line 730
[2026-07-06 18:24:50] Trying to access array offset on value of type null in C:\xampp\Desktop\mdcnpal\htdocs\public_html\includes\header.php on line 730
[2026-07-06 18:24:50] Undefined property: app::$rs_customer in C:\xampp\Desktop\mdcnpal\htdocs\public_html\includes\header.php on line 739
[2026-07-06 18:24:50] Trying to access array offset on value of type null in C:\xampp\Desktop\mdcnpal\htdocs\public_html\includes\header.php on line 739
[2026-07-06 18:24:50] Undefined property: app::$rs_customer in C:\xampp\Desktop\mdcnpal\htdocs\public_html\includes\footer.php on line 357
[2026-07-06 18:24:50] Trying to access array offset on value of type null in C:\xampp\Desktop\mdcnpal\htdocs\public_html\includes\footer.php on line 357
[2026-07-06 18:24:50] Undefined property: app::$rs_customer in C:\xampp\Desktop\mdcnpal\htdocs\public_html\includes\footer.php on line 366
[2026-07-06 18:24:50] Trying to access array offset on value of type null in C:\xampp\Desktop\mdcnpal\htdocs\public_html\includes\footer.php on line 366
[2026-07-06 18:24:50] Undefined property: app::$rs_customer in C:\xampp\Desktop\mdcnpal\htdocs\public_html\includes\footer.php on line 372
[2026-07-06 18:24:50] Trying to access array offset on value of type null in C:\xampp\Desktop\mdcnpal\htdocs\public_html\includes\footer.php on line 372
[2026-07-06 18:24:50] Undefined property: app::$rs_customer in C:\xampp\Desktop\mdcnpal\htdocs\public_html\includes\general_data.php on line 88
[2026-07-06 18:24:50] Trying to access array offset on value of type null in C:\xampp\Desktop\mdcnpal\htdocs\public_html\includes\general_data.php on line 88
[2026-07-06 18:24:50] Undefined array key "MDRCCustID" in C:\xampp\Desktop\mdcnpal\htdocs\public_html\includes\general_data.php on line 88
[2026-07-06 18:24:50] Undefined variable $tmpStr in C:\xampp\Desktop\mdcnpal\htdocs\public_html\core\app.php on line 969
[2026-07-06 18:24:50] Creation of dynamic property dbclass::$RECORD_SET is deprecated in C:\xampp\Desktop\mdcnpal\htdocs\public_html\core\dbclass.php on line 69
[2026-07-06 18:24:50] Creation of dynamic property dbclass::$app is deprecated in C:\xampp\Desktop\mdcnpal\htdocs\public_html\core\dbclass.php on line 75
[2026-07-06 18:24:50] Creation of dynamic property model::$foreign_tables is deprecated in C:\xampp\Desktop\mdcnpal\htdocs\public_html\core\model.php on line 43
[2026-07-06 18:24:50] Creation of dynamic property app::$inputfilter is deprecated in C:\xampp\Desktop\mdcnpal\htdocs\public_html\core\app.php on line 123
[2026-07-06 18:24:50] Creation of dynamic property app::$userconfig is deprecated in C:\xampp\Desktop\mdcnpal\htdocs\public_html\core\app.php on line 124
[2026-07-06 18:24:50] Creation of dynamic property app::$global_include is deprecated in C:\xampp\Desktop\mdcnpal\htdocs\public_html\core\app.php on line 125
[2026-07-06 18:24:50] Creation of dynamic property app::$set_cache_time is deprecated in C:\xampp\Desktop\mdcnpal\htdocs\public_html\core\app.php on line 153
[2026-07-06 18:24:50] Creation of dynamic property app::$meta is deprecated in C:\xampp\Desktop\mdcnpal\htdocs\public_html\core\app.php on line 434
[2026-07-06 18:24:50] Creation of dynamic property app::$rs_gs_city is deprecated in C:\xampp\Desktop\mdcnpal\htdocs\public_html\core\app.php on line 434
[2026-07-06 18:24:50] Creation of dynamic property app::$rs_footer_popular_item is deprecated in C:\xampp\Desktop\mdcnpal\htdocs\public_html\core\app.php on line 434
[2026-07-06 18:24:50] Creation of dynamic property app::$rs_footer_popular_test is deprecated in C:\xampp\Desktop\mdcnpal\htdocs\public_html\core\app.php on line 434
[2026-07-06 18:24:50] Creation of dynamic property app::$rs_testimonial is deprecated in C:\xampp\Desktop\mdcnpal\htdocs\public_html\core\app.php on line 434
[2026-07-06 18:24:50] Creation of dynamic property app::$admin is deprecated in C:\xampp\Desktop\mdcnpal\htdocs\public_html\core\app.php on line 434
[2026-07-06 18:24:50] Undefined array key 0 in C:\xampp\Desktop\mdcnpal\htdocs\public_html\core\global_include.php on line 514
[2026-07-06 18:24:50] Creation of dynamic property app::$popup is deprecated in C:\xampp\Desktop\mdcnpal\htdocs\public_html\core\app.php on line 434
[2026-07-06 18:24:50] Undefined array key "MDRCCustID" in C:\xampp\Desktop\mdcnpal\htdocs\public_html\core\global_include.php on line 515
[2026-07-06 18:24:50] Undefined array key "MDRCToken" in C:\xampp\Desktop\mdcnpal\htdocs\public_html\core\global_include.php on line 515
[2026-07-06 18:24:50] Creation of dynamic property app::$rscategory is deprecated in C:\xampp\Desktop\mdcnpal\htdocs\public_html\core\app.php on line 434
[2026-07-06 18:24:50] Creation of dynamic property app::$rs_pages is deprecated in C:\xampp\Desktop\mdcnpal\htdocs\public_html\core\app.php on line 434
[2026-07-06 18:24:50] Creation of dynamic property app::$gs is deprecated in C:\xampp\Desktop\mdcnpal\htdocs\public_html\core\app.php on line 434
[2026-07-06 18:24:50] Undefined array key "MDRCCustID" in C:\xampp\Desktop\mdcnpal\htdocs\public_html\core\global_include.php on line 596
[2026-07-06 18:24:50] Undefined array key "MDRCCustID" in C:\xampp\Desktop\mdcnpal\htdocs\public_html\core\global_include.php on line 615
[2026-07-06 18:24:50] Undefined variable $getId in C:\xampp\Desktop\mdcnpal\htdocs\public_html\core\global_include.php on line 684
[2026-07-06 18:24:50] Undefined variable $getName in C:\xampp\Desktop\mdcnpal\htdocs\public_html\core\global_include.php on line 685
[2026-07-06 18:24:50] Undefined array key 0 in C:\xampp\Desktop\mdcnpal\htdocs\public_html\core\global_include.php on line 810
[2026-07-06 18:24:50] Creation of dynamic property app::$rs_offer_msg is deprecated in C:\xampp\Desktop\mdcnpal\htdocs\public_html\core\app.php on line 434
[2026-07-06 18:24:50] Creation of dynamic property app::$rs_for_doctors is deprecated in C:\xampp\Desktop\mdcnpal\htdocs\public_html\core\app.php on line 434
[2026-07-06 18:24:50] Undefined property: app::$rs_cartmini in C:\xampp\Desktop\mdcnpal\htdocs\public_html\includes\header.php on line 131
[2026-07-06 18:24:50] Undefined array key "MDRCCustID" in C:\xampp\Desktop\mdcnpal\htdocs\public_html\includes\header.php on line 134
[2026-07-06 18:24:50] Undefined property: app::$rs_cartmini in C:\xampp\Desktop\mdcnpal\htdocs\public_html\includes\header.php on line 197
[2026-07-06 18:24:50] Undefined array key "MDRCCustID" in C:\xampp\Desktop\mdcnpal\htdocs\public_html\includes\header.php on line 200
[2026-07-06 18:24:50] Undefined property: app::$rs_cartmini in C:\xampp\Desktop\mdcnpal\htdocs\public_html\includes\header.php on line 469
[2026-07-06 18:24:50] Undefined array key "MDRCCustID" in C:\xampp\Desktop\mdcnpal\htdocs\public_html\includes\header.php on line 472
[2026-07-06 18:24:50] Undefined property: app::$rs_cartmini in C:\xampp\Desktop\mdcnpal\htdocs\public_html\includes\header.php on line 525
[2026-07-06 18:24:50] Undefined array key "MDRCCustID" in C:\xampp\Desktop\mdcnpal\htdocs\public_html\includes\header.php on line 528
[2026-07-06 18:24:50] Undefined property: app::$rs_customer in C:\xampp\Desktop\mdcnpal\htdocs\public_html\includes\header.php on line 712
[2026-07-06 18:24:50] Trying to access array offset on value of type null in C:\xampp\Desktop\mdcnpal\htdocs\public_html\includes\header.php on line 712
[2026-07-06 18:24:50] Undefined property: app::$rs_customer in C:\xampp\Desktop\mdcnpal\htdocs\public_html\includes\header.php on line 721
[2026-07-06 18:24:50] Trying to access array offset on value of type null in C:\xampp\Desktop\mdcnpal\htdocs\public_html\includes\header.php on line 721
[2026-07-06 18:24:50] Undefined property: app::$rs_customer in C:\xampp\Desktop\mdcnpal\htdocs\public_html\includes\header.php on line 730
[2026-07-06 18:24:50] Trying to access array offset on value of type null in C:\xampp\Desktop\mdcnpal\htdocs\public_html\includes\header.php on line 730
[2026-07-06 18:24:50] Undefined property: app::$rs_customer in C:\xampp\Desktop\mdcnpal\htdocs\public_html\includes\header.php on line 739
[2026-07-06 18:24:50] Trying to access array offset on value of type null in C:\xampp\Desktop\mdcnpal\htdocs\public_html\includes\header.php on line 739
[2026-07-06 18:24:50] Undefined property: app::$rs_cartmini in C:\xampp\Desktop\mdcnpal\htdocs\public_html\core\app.php(565) : eval()'d code on line 66
[06-Jul-2026 18:24:50 Asia/Kathmandu] PHP Fatal error:  Uncaught TypeError: count(): Argument #1 ($value) must be of type Countable|array, null given in C:\xampp\Desktop\mdcnpal\htdocs\public_html\core\app.php(565) : eval()'d code:66
Stack trace:
#0 C:\xampp\Desktop\mdcnpal\htdocs\public_html\core\app.php(565): eval()
#1 C:\xampp\Desktop\mdcnpal\htdocs\public_html\core\app.php(535): app->compile()
#2 C:\xampp\Desktop\mdcnpal\htdocs\public_html\core\app.php(516): app->package()
#3 C:\xampp\Desktop\mdcnpal\htdocs\public_html\index.php(6): app->execute()
#4 {main}
  thrown in C:\xampp\Desktop\mdcnpal\htdocs\public_html\core\app.php(565) : eval()'d code on line 66
[2026-07-06 18:24:50] Creation of dynamic property dbclass::$RECORD_SET is deprecated in C:\xampp\Desktop\mdcnpal\htdocs\public_html\core\dbclass.php on line 69
[2026-07-06 18:24:50] Creation of dynamic property dbclass::$app is deprecated in C:\xampp\Desktop\mdcnpal\htdocs\public_html\core\dbclass.php on line 75
[2026-07-06 18:24:50] Creation of dynamic property model::$foreign_tables is deprecated in C:\xampp\Desktop\mdcnpal\htdocs\public_html\core\model.php on line 43
[2026-07-06 18:24:50] Creation of dynamic property app::$inputfilter is deprecated in C:\xampp\Desktop\mdcnpal\htdocs\public_html\core\app.php on line 123
[2026-07-06 18:24:50] Creation of dynamic property app::$userconfig is deprecated in C:\xampp\Desktop\mdcnpal\htdocs\public_html\core\app.php on line 124
[2026-07-06 18:24:50] Creation of dynamic property app::$global_include is deprecated in C:\xampp\Desktop\mdcnpal\htdocs\public_html\core\app.php on line 125
[2026-07-06 18:24:50] Creation of dynamic property app::$set_cache_time is deprecated in C:\xampp\Desktop\mdcnpal\htdocs\public_html\core\app.php on line 153
[2026-07-06 18:24:50] Creation of dynamic property app::$meta is deprecated in C:\xampp\Desktop\mdcnpal\htdocs\public_html\core\app.php on line 434
[2026-07-06 18:24:50] Creation of dynamic property app::$rs_gs_city is deprecated in C:\xampp\Desktop\mdcnpal\htdocs\public_html\core\app.php on line 434
[2026-07-06 18:24:50] Creation of dynamic property app::$rs_footer_popular_item is deprecated in C:\xampp\Desktop\mdcnpal\htdocs\public_html\core\app.php on line 434
[2026-07-06 18:24:51] Creation of dynamic property app::$rs_footer_popular_test is deprecated in C:\xampp\Desktop\mdcnpal\htdocs\public_html\core\app.php on line 434
[2026-07-06 18:24:51] Creation of dynamic property app::$rs_testimonial is deprecated in C:\xampp\Desktop\mdcnpal\htdocs\public_html\core\app.php on line 434
[2026-07-06 18:24:51] Creation of dynamic property app::$admin is deprecated in C:\xampp\Desktop\mdcnpal\htdocs\public_html\core\app.php on line 434
[2026-07-06 18:24:51] Undefined array key 0 in C:\xampp\Desktop\mdcnpal\htdocs\public_html\core\global_include.php on line 514
[2026-07-06 18:24:51] Creation of dynamic property app::$popup is deprecated in C:\xampp\Desktop\mdcnpal\htdocs\public_html\core\app.php on line 434
[2026-07-06 18:24:51] Undefined array key "MDRCCustID" in C:\xampp\Desktop\mdcnpal\htdocs\public_html\core\global_include.php on line 515
[2026-07-06 18:24:51] Undefined array key "MDRCToken" in C:\xampp\Desktop\mdcnpal\htdocs\public_html\core\global_include.php on line 515
[2026-07-06 18:24:51] Creation of dynamic property app::$rscategory is deprecated in C:\xampp\Desktop\mdcnpal\htdocs\public_html\core\app.php on line 434
[2026-07-06 18:24:51] Creation of dynamic property app::$rs_pages is deprecated in C:\xampp\Desktop\mdcnpal\htdocs\public_html\core\app.php on line 434
[2026-07-06 18:24:51] Creation of dynamic property app::$gs is deprecated in C:\xampp\Desktop\mdcnpal\htdocs\public_html\core\app.php on line 434
[2026-07-06 18:24:51] Undefined array key "MDRCCustID" in C:\xampp\Desktop\mdcnpal\htdocs\public_html\core\global_include.php on line 596
[2026-07-06 18:24:51] Undefined array key "MDRCCustID" in C:\xampp\Desktop\mdcnpal\htdocs\public_html\core\global_include.php on line 615
[2026-07-06 18:24:51] Undefined variable $getId in C:\xampp\Desktop\mdcnpal\htdocs\public_html\core\global_include.php on line 684
[2026-07-06 18:24:51] Undefined variable $getName in C:\xampp\Desktop\mdcnpal\htdocs\public_html\core\global_include.php on line 685
[2026-07-06 18:24:51] Undefined array key 0 in C:\xampp\Desktop\mdcnpal\htdocs\public_html\core\global_include.php on line 810
[2026-07-06 18:24:51] Creation of dynamic property app::$rs_offer_msg is deprecated in C:\xampp\Desktop\mdcnpal\htdocs\public_html\core\app.php on line 434
[2026-07-06 18:24:51] Creation of dynamic property app::$rs_for_doctors is deprecated in C:\xampp\Desktop\mdcnpal\htdocs\public_html\core\app.php on line 434
[2026-07-06 18:24:51] Creation of dynamic property app::$rs_gallery_data is deprecated in C:\xampp\Desktop\mdcnpal\htdocs\public_html\core\app.php on line 434
[2026-07-06 18:24:51] Creation of dynamic property app::$category is deprecated in C:\xampp\Desktop\mdcnpal\htdocs\public_html\core\app.php on line 434
[2026-07-06 18:24:51] Undefined array key 0 in C:\xampp\Desktop\mdcnpal\htdocs\public_html\controllers\controller_for_doctors.php on line 22
[2026-07-06 18:24:51] Creation of dynamic property app::$records_doctors is deprecated in C:\xampp\Desktop\mdcnpal\htdocs\public_html\core\app.php on line 434
[2026-07-06 18:24:51] Undefined array key 0 in C:\xampp\Desktop\mdcnpal\htdocs\public_html\controllers\controller_for_doctors.php on line 25
[2026-07-06 18:24:51] Trying to access array offset on value of type null in C:\xampp\Desktop\mdcnpal\htdocs\public_html\controllers\controller_for_doctors.php on line 25
[2026-07-06 18:24:51] Creation of dynamic property app::$records_services is deprecated in C:\xampp\Desktop\mdcnpal\htdocs\public_html\core\app.php on line 434
[2026-07-06 18:24:51] Undefined array key 0 in C:\xampp\Desktop\mdcnpal\htdocs\public_html\controllers\controller_for_doctors.php on line 31
[2026-07-06 18:24:51] Trying to access array offset on value of type null in C:\xampp\Desktop\mdcnpal\htdocs\public_html\controllers\controller_for_doctors.php on line 31
[2026-07-06 18:24:51] str_replace(): Passing null to parameter #3 ($subject) of type array|string is deprecated in C:\xampp\Desktop\mdcnpal\htdocs\public_html\controllers\controller_for_doctors.php on line 31
[2026-07-06 18:24:51] Undefined array key 0 in C:\xampp\Desktop\mdcnpal\htdocs\public_html\controllers\controller_for_doctors.php on line 32
[2026-07-06 18:24:51] Trying to access array offset on value of type null in C:\xampp\Desktop\mdcnpal\htdocs\public_html\controllers\controller_for_doctors.php on line 32
[2026-07-06 18:24:51] str_replace(): Passing null to parameter #3 ($subject) of type array|string is deprecated in C:\xampp\Desktop\mdcnpal\htdocs\public_html\controllers\controller_for_doctors.php on line 32
[2026-07-06 18:24:51] Undefined array key 0 in C:\xampp\Desktop\mdcnpal\htdocs\public_html\controllers\controller_for_doctors.php on line 33
[2026-07-06 18:24:51] Trying to access array offset on value of type null in C:\xampp\Desktop\mdcnpal\htdocs\public_html\controllers\controller_for_doctors.php on line 33
[2026-07-06 18:24:51] str_replace(): Passing null to parameter #3 ($subject) of type array|string is deprecated in C:\xampp\Desktop\mdcnpal\htdocs\public_html\controllers\controller_for_doctors.php on line 33
[2026-07-06 18:24:51] Creation of dynamic property dbclass::$RECORD_SET is deprecated in C:\xampp\Desktop\mdcnpal\htdocs\public_html\core\dbclass.php on line 69
[2026-07-06 18:24:51] Creation of dynamic property dbclass::$app is deprecated in C:\xampp\Desktop\mdcnpal\htdocs\public_html\core\dbclass.php on line 75
[2026-07-06 18:24:51] Creation of dynamic property model::$foreign_tables is deprecated in C:\xampp\Desktop\mdcnpal\htdocs\public_html\core\model.php on line 43
[2026-07-06 18:24:51] Creation of dynamic property app::$inputfilter is deprecated in C:\xampp\Desktop\mdcnpal\htdocs\public_html\core\app.php on line 123
[2026-07-06 18:24:51] Creation of dynamic property app::$userconfig is deprecated in C:\xampp\Desktop\mdcnpal\htdocs\public_html\core\app.php on line 124
[2026-07-06 18:24:51] Creation of dynamic property app::$global_include is deprecated in C:\xampp\Desktop\mdcnpal\htdocs\public_html\core\app.php on line 125
[2026-07-06 18:24:51] Creation of dynamic property app::$set_cache_time is deprecated in C:\xampp\Desktop\mdcnpal\htdocs\public_html\core\app.php on line 153
[2026-07-06 18:24:51] Creation of dynamic property app::$meta is deprecated in C:\xampp\Desktop\mdcnpal\htdocs\public_html\core\app.php on line 434
[2026-07-06 18:24:51] Creation of dynamic property app::$rs_gs_city is deprecated in C:\xampp\Desktop\mdcnpal\htdocs\public_html\core\app.php on line 434
[2026-07-06 18:24:51] Creation of dynamic property app::$rs_footer_popular_item is deprecated in C:\xampp\Desktop\mdcnpal\htdocs\public_html\core\app.php on line 434
[2026-07-06 18:24:51] Creation of dynamic property app::$rs_footer_popular_test is deprecated in C:\xampp\Desktop\mdcnpal\htdocs\public_html\core\app.php on line 434
[2026-07-06 18:24:51] Creation of dynamic property app::$rs_testimonial is deprecated in C:\xampp\Desktop\mdcnpal\htdocs\public_html\core\app.php on line 434
[2026-07-06 18:24:51] Creation of dynamic property app::$admin is deprecated in C:\xampp\Desktop\mdcnpal\htdocs\public_html\core\app.php on line 434
[2026-07-06 18:24:51] Undefined array key 0 in C:\xampp\Desktop\mdcnpal\htdocs\public_html\core\global_include.php on line 514
[2026-07-06 18:24:51] Creation of dynamic property app::$popup is deprecated in C:\xampp\Desktop\mdcnpal\htdocs\public_html\core\app.php on line 434
[2026-07-06 18:24:51] Undefined array key "MDRCCustID" in C:\xampp\Desktop\mdcnpal\htdocs\public_html\core\global_include.php on line 515
[2026-07-06 18:24:51] Undefined array key "MDRCToken" in C:\xampp\Desktop\mdcnpal\htdocs\public_html\core\global_include.php on line 515
[2026-07-06 18:24:51] Creation of dynamic property app::$rscategory is deprecated in C:\xampp\Desktop\mdcnpal\htdocs\public_html\core\app.php on line 434
[2026-07-06 18:24:51] Creation of dynamic property app::$rs_pages is deprecated in C:\xampp\Desktop\mdcnpal\htdocs\public_html\core\app.php on line 434
[2026-07-06 18:24:51] Creation of dynamic property app::$gs is deprecated in C:\xampp\Desktop\mdcnpal\htdocs\public_html\core\app.php on line 434
[2026-07-06 18:24:51] Undefined array key "MDRCCustID" in C:\xampp\Desktop\mdcnpal\htdocs\public_html\core\global_include.php on line 596
[2026-07-06 18:24:51] Undefined array key "MDRCCustID" in C:\xampp\Desktop\mdcnpal\htdocs\public_html\core\global_include.php on line 615
[2026-07-06 18:24:51] Undefined variable $getId in C:\xampp\Desktop\mdcnpal\htdocs\public_html\core\global_include.php on line 684
[2026-07-06 18:24:51] Undefined variable $getName in C:\xampp\Desktop\mdcnpal\htdocs\public_html\core\global_include.php on line 685
[2026-07-06 18:24:51] Undefined array key 0 in C:\xampp\Desktop\mdcnpal\htdocs\public_html\core\global_include.php on line 810
[2026-07-06 18:24:51] Creation of dynamic property app::$rs_offer_msg is deprecated in C:\xampp\Desktop\mdcnpal\htdocs\public_html\core\app.php on line 434
[2026-07-06 18:24:51] Creation of dynamic property app::$rs_for_doctors is deprecated in C:\xampp\Desktop\mdcnpal\htdocs\public_html\core\app.php on line 434
[2026-07-06 18:24:51] Undefined property: app::$rs_cartmini in C:\xampp\Desktop\mdcnpal\htdocs\public_html\includes\header.php on line 131
[2026-07-06 18:24:51] Undefined array key "MDRCCustID" in C:\xampp\Desktop\mdcnpal\htdocs\public_html\includes\header.php on line 134
[2026-07-06 18:24:51] Undefined property: app::$rs_cartmini in C:\xampp\Desktop\mdcnpal\htdocs\public_html\includes\header.php on line 197
[2026-07-06 18:24:51] Undefined array key "MDRCCustID" in C:\xampp\Desktop\mdcnpal\htdocs\public_html\includes\header.php on line 200
[2026-07-06 18:24:51] Undefined property: app::$rs_cartmini in C:\xampp\Desktop\mdcnpal\htdocs\public_html\includes\header.php on line 469
[2026-07-06 18:24:51] Undefined array key "MDRCCustID" in C:\xampp\Desktop\mdcnpal\htdocs\public_html\includes\header.php on line 472
[2026-07-06 18:24:51] Undefined property: app::$rs_cartmini in C:\xampp\Desktop\mdcnpal\htdocs\public_html\includes\header.php on line 525
[2026-07-06 18:24:51] Undefined array key "MDRCCustID" in C:\xampp\Desktop\mdcnpal\htdocs\public_html\includes\header.php on line 528
[2026-07-06 18:24:51] Undefined property: app::$rs_customer in C:\xampp\Desktop\mdcnpal\htdocs\public_html\includes\header.php on line 712
[2026-07-06 18:24:51] Trying to access array offset on value of type null in C:\xampp\Desktop\mdcnpal\htdocs\public_html\includes\header.php on line 712
[2026-07-06 18:24:51] Undefined property: app::$rs_customer in C:\xampp\Desktop\mdcnpal\htdocs\public_html\includes\header.php on line 721
[2026-07-06 18:24:51] Trying to access array offset on value of type null in C:\xampp\Desktop\mdcnpal\htdocs\public_html\includes\header.php on line 721
[2026-07-06 18:24:51] Undefined property: app::$rs_customer in C:\xampp\Desktop\mdcnpal\htdocs\public_html\includes\header.php on line 730
[2026-07-06 18:24:51] Trying to access array offset on value of type null in C:\xampp\Desktop\mdcnpal\htdocs\public_html\includes\header.php on line 730
[2026-07-06 18:24:51] Undefined property: app::$rs_customer in C:\xampp\Desktop\mdcnpal\htdocs\public_html\includes\header.php on line 739
[2026-07-06 18:24:51] Trying to access array offset on value of type null in C:\xampp\Desktop\mdcnpal\htdocs\public_html\includes\header.php on line 739
[2026-07-06 18:24:51] Undefined property: app::$rs_customer in C:\xampp\Desktop\mdcnpal\htdocs\public_html\includes\footer.php on line 357
[2026-07-06 18:24:51] Trying to access array offset on value of type null in C:\xampp\Desktop\mdcnpal\htdocs\public_html\includes\footer.php on line 357
[2026-07-06 18:24:51] Undefined property: app::$rs_customer in C:\xampp\Desktop\mdcnpal\htdocs\public_html\includes\footer.php on line 366
[2026-07-06 18:24:51] Trying to access array offset on value of type null in C:\xampp\Desktop\mdcnpal\htdocs\public_html\includes\footer.php on line 366
[2026-07-06 18:24:51] Undefined property: app::$rs_customer in C:\xampp\Desktop\mdcnpal\htdocs\public_html\includes\footer.php on line 372
[2026-07-06 18:24:51] Trying to access array offset on value of type null in C:\xampp\Desktop\mdcnpal\htdocs\public_html\includes\footer.php on line 372
[2026-07-06 18:24:51] Undefined property: app::$rs_customer in C:\xampp\Desktop\mdcnpal\htdocs\public_html\includes\general_data.php on line 88
[2026-07-06 18:24:51] Trying to access array offset on value of type null in C:\xampp\Desktop\mdcnpal\htdocs\public_html\includes\general_data.php on line 88
[2026-07-06 18:24:51] Undefined array key "MDRCCustID" in C:\xampp\Desktop\mdcnpal\htdocs\public_html\includes\general_data.php on line 88
[2026-07-06 18:24:51] Undefined variable $tmpStr in C:\xampp\Desktop\mdcnpal\htdocs\public_html\core\app.php on line 969
[2026-07-06 18:25:08] Creation of dynamic property dbclass::$RECORD_SET is deprecated in C:\xampp\Desktop\mdcnpal\htdocs\public_html\core\dbclass.php on line 69
[2026-07-06 18:25:08] Creation of dynamic property dbclass::$app is deprecated in C:\xampp\Desktop\mdcnpal\htdocs\public_html\core\dbclass.php on line 75
[2026-07-06 18:25:08] Creation of dynamic property model::$foreign_tables is deprecated in C:\xampp\Desktop\mdcnpal\htdocs\public_html\core\model.php on line 43
[2026-07-06 18:25:08] Creation of dynamic property app::$inputfilter is deprecated in C:\xampp\Desktop\mdcnpal\htdocs\public_html\core\app.php on line 123
[2026-07-06 18:25:08] Creation of dynamic property app::$userconfig is deprecated in C:\xampp\Desktop\mdcnpal\htdocs\public_html\core\app.php on line 124
[2026-07-06 18:25:08] Creation of dynamic property app::$global_include is deprecated in C:\xampp\Desktop\mdcnpal\htdocs\public_html\core\app.php on line 125
[2026-07-06 18:25:08] Creation of dynamic property app::$set_cache_time is deprecated in C:\xampp\Desktop\mdcnpal\htdocs\public_html\core\app.php on line 153
[2026-07-06 18:25:08] Undefined array key "cityID" in C:\xampp\Desktop\mdcnpal\htdocs\public_html\core\global_include.php on line 381
[2026-07-06 18:25:08] Undefined array key "MDRCCustID" in C:\xampp\Desktop\mdcnpal\htdocs\public_html\core\global_include.php on line 406
[2026-07-06 18:25:08] Creation of dynamic property app::$meta is deprecated in C:\xampp\Desktop\mdcnpal\htdocs\public_html\core\app.php on line 434
[2026-07-06 18:25:08] Creation of dynamic property app::$rs_gs_city is deprecated in C:\xampp\Desktop\mdcnpal\htdocs\public_html\core\app.php on line 434
[2026-07-06 18:25:08] Creation of dynamic property app::$rs_footer_popular_item is deprecated in C:\xampp\Desktop\mdcnpal\htdocs\public_html\core\app.php on line 434
[2026-07-06 18:25:08] Creation of dynamic property app::$rs_footer_popular_test is deprecated in C:\xampp\Desktop\mdcnpal\htdocs\public_html\core\app.php on line 434
[2026-07-06 18:25:08] Creation of dynamic property app::$rs_testimonial is deprecated in C:\xampp\Desktop\mdcnpal\htdocs\public_html\core\app.php on line 434
[2026-07-06 18:25:08] Creation of dynamic property app::$admin is deprecated in C:\xampp\Desktop\mdcnpal\htdocs\public_html\core\app.php on line 434
[2026-07-06 18:25:08] Undefined array key 0 in C:\xampp\Desktop\mdcnpal\htdocs\public_html\core\global_include.php on line 514
[2026-07-06 18:25:08] Creation of dynamic property app::$popup is deprecated in C:\xampp\Desktop\mdcnpal\htdocs\public_html\core\app.php on line 434
[2026-07-06 18:25:08] Undefined array key "MDRCCustID" in C:\xampp\Desktop\mdcnpal\htdocs\public_html\core\global_include.php on line 515
[2026-07-06 18:25:08] Undefined array key "MDRCToken" in C:\xampp\Desktop\mdcnpal\htdocs\public_html\core\global_include.php on line 515
[2026-07-06 18:25:09] Creation of dynamic property app::$rscategory is deprecated in C:\xampp\Desktop\mdcnpal\htdocs\public_html\core\app.php on line 434
[2026-07-06 18:25:09] Creation of dynamic property app::$rs_pages is deprecated in C:\xampp\Desktop\mdcnpal\htdocs\public_html\core\app.php on line 434
[2026-07-06 18:25:09] Creation of dynamic property app::$gs is deprecated in C:\xampp\Desktop\mdcnpal\htdocs\public_html\core\app.php on line 434
[2026-07-06 18:25:09] Undefined array key "MDRCCustID" in C:\xampp\Desktop\mdcnpal\htdocs\public_html\core\global_include.php on line 596
[2026-07-06 18:25:09] Undefined array key "MDRCCustID" in C:\xampp\Desktop\mdcnpal\htdocs\public_html\core\global_include.php on line 615
[2026-07-06 18:25:09] Undefined variable $getId in C:\xampp\Desktop\mdcnpal\htdocs\public_html\core\global_include.php on line 684
[2026-07-06 18:25:09] Undefined variable $getName in C:\xampp\Desktop\mdcnpal\htdocs\public_html\core\global_include.php on line 685
[2026-07-06 18:25:09] Undefined array key 0 in C:\xampp\Desktop\mdcnpal\htdocs\public_html\core\global_include.php on line 810
[2026-07-06 18:25:09] Creation of dynamic property app::$rs_offer_msg is deprecated in C:\xampp\Desktop\mdcnpal\htdocs\public_html\core\app.php on line 434
[2026-07-06 18:25:09] Creation of dynamic property app::$rs_for_doctors is deprecated in C:\xampp\Desktop\mdcnpal\htdocs\public_html\core\app.php on line 434
[2026-07-06 18:25:09] Creation of dynamic property app::$rs_data is deprecated in C:\xampp\Desktop\mdcnpal\htdocs\public_html\core\app.php on line 434
[2026-07-06 18:25:09] Creation of dynamic property app::$rs_certi_data is deprecated in C:\xampp\Desktop\mdcnpal\htdocs\public_html\core\app.php on line 434
[2026-07-06 18:25:09] Creation of dynamic property app::$rs_key_fetures_data is deprecated in C:\xampp\Desktop\mdcnpal\htdocs\public_html\core\app.php on line 434
[2026-07-06 18:25:09] Creation of dynamic property app::$rs_banner is deprecated in C:\xampp\Desktop\mdcnpal\htdocs\public_html\core\app.php on line 434
[2026-07-06 18:25:09] Creation of dynamic property app::$rs_package_data is deprecated in C:\xampp\Desktop\mdcnpal\htdocs\public_html\core\app.php on line 434
[2026-07-06 18:25:09] Creation of dynamic property app::$city_id is deprecated in C:\xampp\Desktop\mdcnpal\htdocs\public_html\core\app.php on line 434
[2026-07-06 18:25:09] Creation of dynamic property app::$city_name is deprecated in C:\xampp\Desktop\mdcnpal\htdocs\public_html\core\app.php on line 434
[2026-07-06 18:25:09] Creation of dynamic property app::$rs_faq_data is deprecated in C:\xampp\Desktop\mdcnpal\htdocs\public_html\core\app.php on line 434
[2026-07-06 18:25:09] Undefined array key "tempCityID" in C:\xampp\Desktop\mdcnpal\htdocs\public_html\includes\header.php on line 5
[2026-07-06 18:25:09] Undefined array key "items" in C:\xampp\Desktop\mdcnpal\htdocs\public_html\includes\header.php on line 16
[2026-07-06 18:25:09] Undefined array key "item_category" in C:\xampp\Desktop\mdcnpal\htdocs\public_html\includes\header.php on line 26
[2026-07-06 18:25:09] Undefined array key "item_diseases" in C:\xampp\Desktop\mdcnpal\htdocs\public_html\includes\header.php on line 33
[2026-07-06 18:25:09] Undefined property: app::$rs_cartmini in C:\xampp\Desktop\mdcnpal\htdocs\public_html\includes\header.php on line 131
[2026-07-06 18:25:09] Undefined array key "MDRCCustID" in C:\xampp\Desktop\mdcnpal\htdocs\public_html\includes\header.php on line 134
[2026-07-06 18:25:09] Undefined property: app::$rs_cartmini in C:\xampp\Desktop\mdcnpal\htdocs\public_html\includes\header.php on line 197
[2026-07-06 18:25:09] Undefined array key "MDRCCustID" in C:\xampp\Desktop\mdcnpal\htdocs\public_html\includes\header.php on line 200
[2026-07-06 18:25:09] Undefined property: app::$rs_cartmini in C:\xampp\Desktop\mdcnpal\htdocs\public_html\includes\header.php on line 469
[2026-07-06 18:25:09] Undefined array key "MDRCCustID" in C:\xampp\Desktop\mdcnpal\htdocs\public_html\includes\header.php on line 472
[2026-07-06 18:25:09] Undefined property: app::$rs_cartmini in C:\xampp\Desktop\mdcnpal\htdocs\public_html\includes\header.php on line 525
[2026-07-06 18:25:09] Undefined array key "MDRCCustID" in C:\xampp\Desktop\mdcnpal\htdocs\public_html\includes\header.php on line 528
[2026-07-06 18:25:09] Undefined property: app::$rs_customer in C:\xampp\Desktop\mdcnpal\htdocs\public_html\includes\header.php on line 712
[2026-07-06 18:25:09] Trying to access array offset on value of type null in C:\xampp\Desktop\mdcnpal\htdocs\public_html\includes\header.php on line 712
[2026-07-06 18:25:09] Undefined property: app::$rs_customer in C:\xampp\Desktop\mdcnpal\htdocs\public_html\includes\header.php on line 721
[2026-07-06 18:25:09] Trying to access array offset on value of type null in C:\xampp\Desktop\mdcnpal\htdocs\public_html\includes\header.php on line 721
[2026-07-06 18:25:09] Undefined property: app::$rs_customer in C:\xampp\Desktop\mdcnpal\htdocs\public_html\includes\header.php on line 730
[2026-07-06 18:25:09] Trying to access array offset on value of type null in C:\xampp\Desktop\mdcnpal\htdocs\public_html\includes\header.php on line 730
[2026-07-06 18:25:09] Undefined property: app::$rs_customer in C:\xampp\Desktop\mdcnpal\htdocs\public_html\includes\header.php on line 739
[2026-07-06 18:25:09] Trying to access array offset on value of type null in C:\xampp\Desktop\mdcnpal\htdocs\public_html\includes\header.php on line 739
[2026-07-06 18:25:09] Undefined variable $mrpP in C:\xampp\Desktop\mdcnpal\htdocs\public_html\core\utility.php on line 7183
[2026-07-06 18:25:09] Undefined variable $disc in C:\xampp\Desktop\mdcnpal\htdocs\public_html\core\utility.php on line 7194
[2026-07-06 18:25:09] Undefined property: app::$rs_customer in C:\xampp\Desktop\mdcnpal\htdocs\public_html\includes\footer.php on line 357
[2026-07-06 18:25:09] Trying to access array offset on value of type null in C:\xampp\Desktop\mdcnpal\htdocs\public_html\includes\footer.php on line 357
[2026-07-06 18:25:09] Undefined property: app::$rs_customer in C:\xampp\Desktop\mdcnpal\htdocs\public_html\includes\footer.php on line 366
[2026-07-06 18:25:09] Trying to access array offset on value of type null in C:\xampp\Desktop\mdcnpal\htdocs\public_html\includes\footer.php on line 366
[2026-07-06 18:25:09] Undefined property: app::$rs_customer in C:\xampp\Desktop\mdcnpal\htdocs\public_html\includes\footer.php on line 372
[2026-07-06 18:25:09] Trying to access array offset on value of type null in C:\xampp\Desktop\mdcnpal\htdocs\public_html\includes\footer.php on line 372
[2026-07-06 18:25:09] Undefined property: app::$rs_customer in C:\xampp\Desktop\mdcnpal\htdocs\public_html\includes\general_data.php on line 88
[2026-07-06 18:25:09] Trying to access array offset on value of type null in C:\xampp\Desktop\mdcnpal\htdocs\public_html\includes\general_data.php on line 88
[2026-07-06 18:25:09] Undefined array key "MDRCCustID" in C:\xampp\Desktop\mdcnpal\htdocs\public_html\includes\general_data.php on line 88
[2026-07-06 18:25:09] Undefined variable $tmpStr in C:\xampp\Desktop\mdcnpal\htdocs\public_html\core\app.php on line 969
[2026-07-06 18:25:11] Creation of dynamic property dbclass::$RECORD_SET is deprecated in C:\xampp\Desktop\mdcnpal\htdocs\public_html\core\dbclass.php on line 69
[2026-07-06 18:25:11] Creation of dynamic property dbclass::$app is deprecated in C:\xampp\Desktop\mdcnpal\htdocs\public_html\core\dbclass.php on line 75
[2026-07-06 18:25:11] Creation of dynamic property model::$foreign_tables is deprecated in C:\xampp\Desktop\mdcnpal\htdocs\public_html\core\model.php on line 43
[2026-07-06 18:25:11] Creation of dynamic property app::$inputfilter is deprecated in C:\xampp\Desktop\mdcnpal\htdocs\public_html\core\app.php on line 123
[2026-07-06 18:25:11] Creation of dynamic property app::$userconfig is deprecated in C:\xampp\Desktop\mdcnpal\htdocs\public_html\core\app.php on line 124
[2026-07-06 18:25:11] Creation of dynamic property app::$global_include is deprecated in C:\xampp\Desktop\mdcnpal\htdocs\public_html\core\app.php on line 125
[2026-07-06 18:25:11] Creation of dynamic property app::$set_cache_time is deprecated in C:\xampp\Desktop\mdcnpal\htdocs\public_html\core\app.php on line 153
[2026-07-06 18:25:11] Undefined array key "cityID" in C:\xampp\Desktop\mdcnpal\htdocs\public_html\core\global_include.php on line 381
[2026-07-06 18:25:11] Undefined array key "cityID" in C:\xampp\Desktop\mdcnpal\htdocs\public_html\core\global_include.php on line 416
[2026-07-06 18:25:11] Creation of dynamic property app::$meta is deprecated in C:\xampp\Desktop\mdcnpal\htdocs\public_html\core\app.php on line 434
[2026-07-06 18:25:11] Creation of dynamic property app::$rs_gs_city is deprecated in C:\xampp\Desktop\mdcnpal\htdocs\public_html\core\app.php on line 434
[2026-07-06 18:25:11] Undefined array key "cityID" in C:\xampp\Desktop\mdcnpal\htdocs\public_html\core\global_include.php on line 468
[2026-07-06 18:25:11] Creation of dynamic property app::$rs_footer_popular_item is deprecated in C:\xampp\Desktop\mdcnpal\htdocs\public_html\core\app.php on line 434
[2026-07-06 18:25:11] Creation of dynamic property app::$rs_footer_popular_test is deprecated in C:\xampp\Desktop\mdcnpal\htdocs\public_html\core\app.php on line 434
[2026-07-06 18:25:11] Creation of dynamic property app::$rs_testimonial is deprecated in C:\xampp\Desktop\mdcnpal\htdocs\public_html\core\app.php on line 434
[2026-07-06 18:25:11] Creation of dynamic property app::$admin is deprecated in C:\xampp\Desktop\mdcnpal\htdocs\public_html\core\app.php on line 434
[2026-07-06 18:25:11] Undefined array key 0 in C:\xampp\Desktop\mdcnpal\htdocs\public_html\core\global_include.php on line 514
[2026-07-06 18:25:11] Creation of dynamic property app::$popup is deprecated in C:\xampp\Desktop\mdcnpal\htdocs\public_html\core\app.php on line 434
[2026-07-06 18:25:11] Undefined array key "MDRCCustID" in C:\xampp\Desktop\mdcnpal\htdocs\public_html\core\global_include.php on line 515
[2026-07-06 18:25:11] Undefined array key "MDRCToken" in C:\xampp\Desktop\mdcnpal\htdocs\public_html\core\global_include.php on line 515
[2026-07-06 18:25:11] Creation of dynamic property app::$rscategory is deprecated in C:\xampp\Desktop\mdcnpal\htdocs\public_html\core\app.php on line 434
[2026-07-06 18:25:11] Creation of dynamic property app::$rs_pages is deprecated in C:\xampp\Desktop\mdcnpal\htdocs\public_html\core\app.php on line 434
[2026-07-06 18:25:11] Creation of dynamic property app::$gs is deprecated in C:\xampp\Desktop\mdcnpal\htdocs\public_html\core\app.php on line 434
[2026-07-06 18:25:11] Undefined array key "MDRCCustID" in C:\xampp\Desktop\mdcnpal\htdocs\public_html\core\global_include.php on line 596
[2026-07-06 18:25:11] Undefined array key "MDRCCustID" in C:\xampp\Desktop\mdcnpal\htdocs\public_html\core\global_include.php on line 615
[2026-07-06 18:25:11] Undefined variable $getId in C:\xampp\Desktop\mdcnpal\htdocs\public_html\core\global_include.php on line 684
[2026-07-06 18:25:11] Undefined variable $getName in C:\xampp\Desktop\mdcnpal\htdocs\public_html\core\global_include.php on line 685
[2026-07-06 18:25:11] Undefined array key 0 in C:\xampp\Desktop\mdcnpal\htdocs\public_html\core\global_include.php on line 810
[2026-07-06 18:25:11] Creation of dynamic property app::$rs_offer_msg is deprecated in C:\xampp\Desktop\mdcnpal\htdocs\public_html\core\app.php on line 434
[2026-07-06 18:25:11] Creation of dynamic property app::$rs_for_doctors is deprecated in C:\xampp\Desktop\mdcnpal\htdocs\public_html\core\app.php on line 434
[2026-07-06 18:25:11] Creation of dynamic property app::$description is deprecated in C:\xampp\Desktop\mdcnpal\htdocs\public_html\core\app.php on line 434
[2026-07-06 18:25:11] Creation of dynamic property app::$rs_banner is deprecated in C:\xampp\Desktop\mdcnpal\htdocs\public_html\core\app.php on line 434
[2026-07-06 18:25:11] Creation of dynamic property app::$rs_item_diseases is deprecated in C:\xampp\Desktop\mdcnpal\htdocs\public_html\core\app.php on line 434
[2026-07-06 18:25:11] Creation of dynamic property app::$rs_item_home_category is deprecated in C:\xampp\Desktop\mdcnpal\htdocs\public_html\core\app.php on line 434
[2026-07-06 18:25:11] Creation of dynamic property app::$rs_item_banner_category is deprecated in C:\xampp\Desktop\mdcnpal\htdocs\public_html\core\app.php on line 434
[2026-07-06 18:25:11] Creation of dynamic property app::$rs_services is deprecated in C:\xampp\Desktop\mdcnpal\htdocs\public_html\core\app.php on line 434
[2026-07-06 18:25:11] Creation of dynamic property app::$rs_blog is deprecated in C:\xampp\Desktop\mdcnpal\htdocs\public_html\core\app.php on line 434
[2026-07-06 18:25:11] Creation of dynamic property app::$rs_category is deprecated in C:\xampp\Desktop\mdcnpal\htdocs\public_html\core\app.php on line 434
[2026-07-06 18:25:11] Creation of dynamic property app::$rs_faq_data is deprecated in C:\xampp\Desktop\mdcnpal\htdocs\public_html\core\app.php on line 434
[2026-07-06 18:25:11] Creation of dynamic property app::$rs_gallery_data is deprecated in C:\xampp\Desktop\mdcnpal\htdocs\public_html\core\app.php on line 434
[2026-07-06 18:25:11] Undefined array key "tempCityID" in C:\xampp\Desktop\mdcnpal\htdocs\public_html\includes\header.php on line 5
[2026-07-06 18:25:11] Undefined array key "items" in C:\xampp\Desktop\mdcnpal\htdocs\public_html\includes\header.php on line 16
[2026-07-06 18:25:11] Undefined array key "item_category" in C:\xampp\Desktop\mdcnpal\htdocs\public_html\includes\header.php on line 26
[2026-07-06 18:25:11] Undefined array key "item_diseases" in C:\xampp\Desktop\mdcnpal\htdocs\public_html\includes\header.php on line 33
[2026-07-06 18:25:11] Undefined property: app::$rs_cartmini in C:\xampp\Desktop\mdcnpal\htdocs\public_html\includes\header.php on line 131
[2026-07-06 18:25:11] Undefined array key "MDRCCustID" in C:\xampp\Desktop\mdcnpal\htdocs\public_html\includes\header.php on line 134
[2026-07-06 18:25:11] Undefined property: app::$rs_cartmini in C:\xampp\Desktop\mdcnpal\htdocs\public_html\includes\header.php on line 197
[2026-07-06 18:25:11] Undefined array key "MDRCCustID" in C:\xampp\Desktop\mdcnpal\htdocs\public_html\includes\header.php on line 200
[2026-07-06 18:25:11] Undefined property: app::$rs_cartmini in C:\xampp\Desktop\mdcnpal\htdocs\public_html\includes\header.php on line 469
[2026-07-06 18:25:11] Undefined array key "MDRCCustID" in C:\xampp\Desktop\mdcnpal\htdocs\public_html\includes\header.php on line 472
[2026-07-06 18:25:11] Undefined property: app::$rs_cartmini in C:\xampp\Desktop\mdcnpal\htdocs\public_html\includes\header.php on line 525
[2026-07-06 18:25:11] Undefined array key "MDRCCustID" in C:\xampp\Desktop\mdcnpal\htdocs\public_html\includes\header.php on line 528
[2026-07-06 18:25:11] Undefined property: app::$rs_customer in C:\xampp\Desktop\mdcnpal\htdocs\public_html\includes\header.php on line 712
[2026-07-06 18:25:11] Trying to access array offset on value of type null in C:\xampp\Desktop\mdcnpal\htdocs\public_html\includes\header.php on line 712
[2026-07-06 18:25:11] Undefined property: app::$rs_customer in C:\xampp\Desktop\mdcnpal\htdocs\public_html\includes\header.php on line 721
[2026-07-06 18:25:11] Trying to access array offset on value of type null in C:\xampp\Desktop\mdcnpal\htdocs\public_html\includes\header.php on line 721
[2026-07-06 18:25:11] Undefined property: app::$rs_customer in C:\xampp\Desktop\mdcnpal\htdocs\public_html\includes\header.php on line 730
[2026-07-06 18:25:11] Trying to access array offset on value of type null in C:\xampp\Desktop\mdcnpal\htdocs\public_html\includes\header.php on line 730
[2026-07-06 18:25:11] Undefined property: app::$rs_customer in C:\xampp\Desktop\mdcnpal\htdocs\public_html\includes\header.php on line 739
[2026-07-06 18:25:11] Trying to access array offset on value of type null in C:\xampp\Desktop\mdcnpal\htdocs\public_html\includes\header.php on line 739
[2026-07-06 18:25:11] Undefined variable $g_search_query in C:\xampp\Desktop\mdcnpal\htdocs\public_html\core\app.php(565) : eval()'d code on line 219
[2026-07-06 18:25:11] Undefined variable $department_cond in C:\xampp\Desktop\mdcnpal\htdocs\public_html\core\app.php(565) : eval()'d code on line 219
[2026-07-06 18:25:11] Undefined variable $type_cond in C:\xampp\Desktop\mdcnpal\htdocs\public_html\core\app.php(565) : eval()'d code on line 219
[2026-07-06 18:25:11] Undefined variable $dieses_cond in C:\xampp\Desktop\mdcnpal\htdocs\public_html\core\app.php(565) : eval()'d code on line 219
[2026-07-06 18:25:11] Undefined variable $popular_pack_cond in C:\xampp\Desktop\mdcnpal\htdocs\public_html\core\app.php(565) : eval()'d code on line 219
[2026-07-06 18:25:12] Undefined variable $g_search_query in C:\xampp\Desktop\mdcnpal\htdocs\public_html\core\app.php(565) : eval()'d code on line 219
[2026-07-06 18:25:12] Undefined variable $department_cond in C:\xampp\Desktop\mdcnpal\htdocs\public_html\core\app.php(565) : eval()'d code on line 219
[2026-07-06 18:25:12] Undefined variable $type_cond in C:\xampp\Desktop\mdcnpal\htdocs\public_html\core\app.php(565) : eval()'d code on line 219
[2026-07-06 18:25:12] Undefined variable $dieses_cond in C:\xampp\Desktop\mdcnpal\htdocs\public_html\core\app.php(565) : eval()'d code on line 219
[2026-07-06 18:25:12] Undefined variable $popular_pack_cond in C:\xampp\Desktop\mdcnpal\htdocs\public_html\core\app.php(565) : eval()'d code on line 219
[2026-07-06 18:25:12] Undefined variable $g_search_query in C:\xampp\Desktop\mdcnpal\htdocs\public_html\core\app.php(565) : eval()'d code on line 219
[2026-07-06 18:25:12] Undefined variable $department_cond in C:\xampp\Desktop\mdcnpal\htdocs\public_html\core\app.php(565) : eval()'d code on line 219
[2026-07-06 18:25:12] Undefined variable $type_cond in C:\xampp\Desktop\mdcnpal\htdocs\public_html\core\app.php(565) : eval()'d code on line 219
[2026-07-06 18:25:12] Undefined variable $dieses_cond in C:\xampp\Desktop\mdcnpal\htdocs\public_html\core\app.php(565) : eval()'d code on line 219
[2026-07-06 18:25:12] Undefined variable $popular_pack_cond in C:\xampp\Desktop\mdcnpal\htdocs\public_html\core\app.php(565) : eval()'d code on line 219
[2026-07-06 18:25:12] Undefined variable $g_search_query in C:\xampp\Desktop\mdcnpal\htdocs\public_html\core\app.php(565) : eval()'d code on line 219
[2026-07-06 18:25:12] Undefined variable $department_cond in C:\xampp\Desktop\mdcnpal\htdocs\public_html\core\app.php(565) : eval()'d code on line 219
[2026-07-06 18:25:12] Undefined variable $type_cond in C:\xampp\Desktop\mdcnpal\htdocs\public_html\core\app.php(565) : eval()'d code on line 219
[2026-07-06 18:25:12] Undefined variable $dieses_cond in C:\xampp\Desktop\mdcnpal\htdocs\public_html\core\app.php(565) : eval()'d code on line 219
[2026-07-06 18:25:12] Undefined variable $popular_pack_cond in C:\xampp\Desktop\mdcnpal\htdocs\public_html\core\app.php(565) : eval()'d code on line 219
[2026-07-06 18:25:12] Undefined variable $g_search_query in C:\xampp\Desktop\mdcnpal\htdocs\public_html\core\app.php(565) : eval()'d code on line 219
[2026-07-06 18:25:12] Undefined variable $department_cond in C:\xampp\Desktop\mdcnpal\htdocs\public_html\core\app.php(565) : eval()'d code on line 219
[2026-07-06 18:25:12] Undefined variable $type_cond in C:\xampp\Desktop\mdcnpal\htdocs\public_html\core\app.php(565) : eval()'d code on line 219
[2026-07-06 18:25:12] Undefined variable $dieses_cond in C:\xampp\Desktop\mdcnpal\htdocs\public_html\core\app.php(565) : eval()'d code on line 219
[2026-07-06 18:25:12] Undefined variable $popular_pack_cond in C:\xampp\Desktop\mdcnpal\htdocs\public_html\core\app.php(565) : eval()'d code on line 219
[2026-07-06 18:25:12] Undefined property: app::$rs_customer in C:\xampp\Desktop\mdcnpal\htdocs\public_html\includes\footer.php on line 357
[2026-07-06 18:25:12] Trying to access array offset on value of type null in C:\xampp\Desktop\mdcnpal\htdocs\public_html\includes\footer.php on line 357
[2026-07-06 18:25:12] Undefined property: app::$rs_customer in C:\xampp\Desktop\mdcnpal\htdocs\public_html\includes\footer.php on line 366
[2026-07-06 18:25:12] Trying to access array offset on value of type null in C:\xampp\Desktop\mdcnpal\htdocs\public_html\includes\footer.php on line 366
[2026-07-06 18:25:12] Undefined property: app::$rs_customer in C:\xampp\Desktop\mdcnpal\htdocs\public_html\includes\footer.php on line 372
[2026-07-06 18:25:12] Trying to access array offset on value of type null in C:\xampp\Desktop\mdcnpal\htdocs\public_html\includes\footer.php on line 372
[2026-07-06 18:25:12] Undefined property: app::$rs_customer in C:\xampp\Desktop\mdcnpal\htdocs\public_html\includes\general_data.php on line 88
[2026-07-06 18:25:12] Trying to access array offset on value of type null in C:\xampp\Desktop\mdcnpal\htdocs\public_html\includes\general_data.php on line 88
[2026-07-06 18:25:12] Undefined array key "MDRCCustID" in C:\xampp\Desktop\mdcnpal\htdocs\public_html\includes\general_data.php on line 88
[2026-07-06 18:25:12] Undefined variable $tmpStr in C:\xampp\Desktop\mdcnpal\htdocs\public_html\core\app.php on line 969
[2026-07-06 18:25:13] Creation of dynamic property dbclass::$RECORD_SET is deprecated in C:\xampp\Desktop\mdcnpal\htdocs\public_html\core\dbclass.php on line 69
[2026-07-06 18:25:13] Creation of dynamic property dbclass::$app is deprecated in C:\xampp\Desktop\mdcnpal\htdocs\public_html\core\dbclass.php on line 75
[2026-07-06 18:25:13] Creation of dynamic property model::$foreign_tables is deprecated in C:\xampp\Desktop\mdcnpal\htdocs\public_html\core\model.php on line 43
[2026-07-06 18:25:13] Creation of dynamic property app::$inputfilter is deprecated in C:\xampp\Desktop\mdcnpal\htdocs\public_html\core\app.php on line 123
[2026-07-06 18:25:13] Creation of dynamic property app::$userconfig is deprecated in C:\xampp\Desktop\mdcnpal\htdocs\public_html\core\app.php on line 124
[2026-07-06 18:25:13] Creation of dynamic property app::$global_include is deprecated in C:\xampp\Desktop\mdcnpal\htdocs\public_html\core\app.php on line 125
[2026-07-06 18:25:13] Creation of dynamic property app::$set_cache_time is deprecated in C:\xampp\Desktop\mdcnpal\htdocs\public_html\core\app.php on line 153
[2026-07-06 18:25:13] Undefined array key "cityID" in C:\xampp\Desktop\mdcnpal\htdocs\public_html\core\global_include.php on line 381
[2026-07-06 18:25:13] Undefined array key "cityID" in C:\xampp\Desktop\mdcnpal\htdocs\public_html\core\global_include.php on line 416
[2026-07-06 18:25:13] Creation of dynamic property app::$meta is deprecated in C:\xampp\Desktop\mdcnpal\htdocs\public_html\core\app.php on line 434
[2026-07-06 18:25:13] Creation of dynamic property app::$rs_gs_city is deprecated in C:\xampp\Desktop\mdcnpal\htdocs\public_html\core\app.php on line 434
[2026-07-06 18:25:13] Undefined array key "cityID" in C:\xampp\Desktop\mdcnpal\htdocs\public_html\core\global_include.php on line 468
[2026-07-06 18:25:13] Creation of dynamic property app::$rs_footer_popular_item is deprecated in C:\xampp\Desktop\mdcnpal\htdocs\public_html\core\app.php on line 434
[2026-07-06 18:25:13] Creation of dynamic property app::$rs_footer_popular_test is deprecated in C:\xampp\Desktop\mdcnpal\htdocs\public_html\core\app.php on line 434
[2026-07-06 18:25:13] Creation of dynamic property app::$rs_testimonial is deprecated in C:\xampp\Desktop\mdcnpal\htdocs\public_html\core\app.php on line 434
[2026-07-06 18:25:13] Creation of dynamic property app::$admin is deprecated in C:\xampp\Desktop\mdcnpal\htdocs\public_html\core\app.php on line 434
[2026-07-06 18:25:13] Undefined array key 0 in C:\xampp\Desktop\mdcnpal\htdocs\public_html\core\global_include.php on line 514
[2026-07-06 18:25:13] Creation of dynamic property app::$popup is deprecated in C:\xampp\Desktop\mdcnpal\htdocs\public_html\core\app.php on line 434
[2026-07-06 18:25:13] Undefined array key "MDRCCustID" in C:\xampp\Desktop\mdcnpal\htdocs\public_html\core\global_include.php on line 515
[2026-07-06 18:25:13] Undefined array key "MDRCToken" in C:\xampp\Desktop\mdcnpal\htdocs\public_html\core\global_include.php on line 515
[2026-07-06 18:25:13] Creation of dynamic property app::$rscategory is deprecated in C:\xampp\Desktop\mdcnpal\htdocs\public_html\core\app.php on line 434
[2026-07-06 18:25:13] Creation of dynamic property app::$rs_pages is deprecated in C:\xampp\Desktop\mdcnpal\htdocs\public_html\core\app.php on line 434
[2026-07-06 18:25:13] Creation of dynamic property app::$gs is deprecated in C:\xampp\Desktop\mdcnpal\htdocs\public_html\core\app.php on line 434
[2026-07-06 18:25:13] Undefined array key "MDRCCustID" in C:\xampp\Desktop\mdcnpal\htdocs\public_html\core\global_include.php on line 596
[2026-07-06 18:25:13] Undefined array key "MDRCCustID" in C:\xampp\Desktop\mdcnpal\htdocs\public_html\core\global_include.php on line 615
[2026-07-06 18:25:13] Undefined variable $getId in C:\xampp\Desktop\mdcnpal\htdocs\public_html\core\global_include.php on line 684
[2026-07-06 18:25:13] Undefined variable $getName in C:\xampp\Desktop\mdcnpal\htdocs\public_html\core\global_include.php on line 685
[2026-07-06 18:25:13] Undefined array key 0 in C:\xampp\Desktop\mdcnpal\htdocs\public_html\core\global_include.php on line 810
[2026-07-06 18:25:13] Creation of dynamic property app::$rs_offer_msg is deprecated in C:\xampp\Desktop\mdcnpal\htdocs\public_html\core\app.php on line 434
[2026-07-06 18:25:13] Creation of dynamic property app::$rs_for_doctors is deprecated in C:\xampp\Desktop\mdcnpal\htdocs\public_html\core\app.php on line 434
[2026-07-06 18:25:13] Creation of dynamic property app::$rs_blog_category is deprecated in C:\xampp\Desktop\mdcnpal\htdocs\public_html\core\app.php on line 434
[2026-07-06 18:25:13] Creation of dynamic property app::$array_bread is deprecated in C:\xampp\Desktop\mdcnpal\htdocs\public_html\core\app.php on line 434
[2026-07-06 18:25:13] Creation of dynamic property app::$CatId is deprecated in C:\xampp\Desktop\mdcnpal\htdocs\public_html\core\app.php on line 434
[2026-07-06 18:25:13] Creation of dynamic property app::$TagId is deprecated in C:\xampp\Desktop\mdcnpal\htdocs\public_html\core\app.php on line 434
[2026-07-06 18:25:13] Creation of dynamic property app::$rs_data is deprecated in C:\xampp\Desktop\mdcnpal\htdocs\public_html\core\app.php on line 434
[2026-07-06 18:25:13] Undefined array key "tempCityID" in C:\xampp\Desktop\mdcnpal\htdocs\public_html\includes\header.php on line 5
[2026-07-06 18:25:13] Undefined array key "items" in C:\xampp\Desktop\mdcnpal\htdocs\public_html\includes\header.php on line 16
[2026-07-06 18:25:13] Undefined array key "item_category" in C:\xampp\Desktop\mdcnpal\htdocs\public_html\includes\header.php on line 26
[2026-07-06 18:25:13] Undefined array key "item_diseases" in C:\xampp\Desktop\mdcnpal\htdocs\public_html\includes\header.php on line 33
[2026-07-06 18:25:13] Undefined property: app::$rs_cartmini in C:\xampp\Desktop\mdcnpal\htdocs\public_html\includes\header.php on line 131
[2026-07-06 18:25:13] Undefined array key "MDRCCustID" in C:\xampp\Desktop\mdcnpal\htdocs\public_html\includes\header.php on line 134
[2026-07-06 18:25:13] Undefined property: app::$rs_cartmini in C:\xampp\Desktop\mdcnpal\htdocs\public_html\includes\header.php on line 197
[2026-07-06 18:25:13] Undefined array key "MDRCCustID" in C:\xampp\Desktop\mdcnpal\htdocs\public_html\includes\header.php on line 200
[2026-07-06 18:25:13] Undefined property: app::$rs_cartmini in C:\xampp\Desktop\mdcnpal\htdocs\public_html\includes\header.php on line 469
[2026-07-06 18:25:13] Undefined array key "MDRCCustID" in C:\xampp\Desktop\mdcnpal\htdocs\public_html\includes\header.php on line 472
[2026-07-06 18:25:13] Undefined property: app::$rs_cartmini in C:\xampp\Desktop\mdcnpal\htdocs\public_html\includes\header.php on line 525
[2026-07-06 18:25:13] Undefined array key "MDRCCustID" in C:\xampp\Desktop\mdcnpal\htdocs\public_html\includes\header.php on line 528
[2026-07-06 18:25:13] Undefined property: app::$rs_customer in C:\xampp\Desktop\mdcnpal\htdocs\public_html\includes\header.php on line 712
[2026-07-06 18:25:13] Trying to access array offset on value of type null in C:\xampp\Desktop\mdcnpal\htdocs\public_html\includes\header.php on line 712
[2026-07-06 18:25:13] Undefined property: app::$rs_customer in C:\xampp\Desktop\mdcnpal\htdocs\public_html\includes\header.php on line 721
[2026-07-06 18:25:13] Trying to access array offset on value of type null in C:\xampp\Desktop\mdcnpal\htdocs\public_html\includes\header.php on line 721
[2026-07-06 18:25:13] Undefined property: app::$rs_customer in C:\xampp\Desktop\mdcnpal\htdocs\public_html\includes\header.php on line 730
[2026-07-06 18:25:13] Trying to access array offset on value of type null in C:\xampp\Desktop\mdcnpal\htdocs\public_html\includes\header.php on line 730
[2026-07-06 18:25:13] Undefined property: app::$rs_customer in C:\xampp\Desktop\mdcnpal\htdocs\public_html\includes\header.php on line 739
[2026-07-06 18:25:13] Trying to access array offset on value of type null in C:\xampp\Desktop\mdcnpal\htdocs\public_html\includes\header.php on line 739
[2026-07-06 18:25:13] Undefined property: app::$rs_customer in C:\xampp\Desktop\mdcnpal\htdocs\public_html\includes\footer.php on line 357
[2026-07-06 18:25:13] Trying to access array offset on value of type null in C:\xampp\Desktop\mdcnpal\htdocs\public_html\includes\footer.php on line 357
[2026-07-06 18:25:13] Undefined property: app::$rs_customer in C:\xampp\Desktop\mdcnpal\htdocs\public_html\includes\footer.php on line 366
[2026-07-06 18:25:13] Trying to access array offset on value of type null in C:\xampp\Desktop\mdcnpal\htdocs\public_html\includes\footer.php on line 366
[2026-07-06 18:25:13] Undefined property: app::$rs_customer in C:\xampp\Desktop\mdcnpal\htdocs\public_html\includes\footer.php on line 372
[2026-07-06 18:25:13] Trying to access array offset on value of type null in C:\xampp\Desktop\mdcnpal\htdocs\public_html\includes\footer.php on line 372
[2026-07-06 18:25:13] Undefined property: app::$rs_customer in C:\xampp\Desktop\mdcnpal\htdocs\public_html\includes\general_data.php on line 88
[2026-07-06 18:25:13] Trying to access array offset on value of type null in C:\xampp\Desktop\mdcnpal\htdocs\public_html\includes\general_data.php on line 88
[2026-07-06 18:25:13] Undefined array key "MDRCCustID" in C:\xampp\Desktop\mdcnpal\htdocs\public_html\includes\general_data.php on line 88
[2026-07-06 18:25:13] Undefined variable $tmpStr in C:\xampp\Desktop\mdcnpal\htdocs\public_html\core\app.php on line 969
[2026-07-06 18:25:13] Creation of dynamic property dbclass::$RECORD_SET is deprecated in C:\xampp\Desktop\mdcnpal\htdocs\public_html\core\dbclass.php on line 69
[2026-07-06 18:25:13] Creation of dynamic property dbclass::$app is deprecated in C:\xampp\Desktop\mdcnpal\htdocs\public_html\core\dbclass.php on line 75
[2026-07-06 18:25:13] Creation of dynamic property model::$foreign_tables is deprecated in C:\xampp\Desktop\mdcnpal\htdocs\public_html\core\model.php on line 43
[2026-07-06 18:25:13] Creation of dynamic property app::$inputfilter is deprecated in C:\xampp\Desktop\mdcnpal\htdocs\public_html\core\app.php on line 123
[2026-07-06 18:25:13] Creation of dynamic property app::$userconfig is deprecated in C:\xampp\Desktop\mdcnpal\htdocs\public_html\core\app.php on line 124
[2026-07-06 18:25:13] Creation of dynamic property app::$global_include is deprecated in C:\xampp\Desktop\mdcnpal\htdocs\public_html\core\app.php on line 125
[2026-07-06 18:25:13] Creation of dynamic property app::$set_cache_time is deprecated in C:\xampp\Desktop\mdcnpal\htdocs\public_html\core\app.php on line 153
[2026-07-06 18:25:13] Undefined array key "cityID" in C:\xampp\Desktop\mdcnpal\htdocs\public_html\core\global_include.php on line 381
[2026-07-06 18:25:13] Undefined array key "MDRCCustID" in C:\xampp\Desktop\mdcnpal\htdocs\public_html\core\global_include.php on line 406
[2026-07-06 18:25:13] Creation of dynamic property app::$meta is deprecated in C:\xampp\Desktop\mdcnpal\htdocs\public_html\core\app.php on line 434
[2026-07-06 18:25:13] Creation of dynamic property app::$rs_gs_city is deprecated in C:\xampp\Desktop\mdcnpal\htdocs\public_html\core\app.php on line 434
[2026-07-06 18:25:13] Creation of dynamic property app::$rs_footer_popular_item is deprecated in C:\xampp\Desktop\mdcnpal\htdocs\public_html\core\app.php on line 434
[2026-07-06 18:25:13] Creation of dynamic property app::$rs_footer_popular_test is deprecated in C:\xampp\Desktop\mdcnpal\htdocs\public_html\core\app.php on line 434
[2026-07-06 18:25:13] Creation of dynamic property app::$rs_testimonial is deprecated in C:\xampp\Desktop\mdcnpal\htdocs\public_html\core\app.php on line 434
[2026-07-06 18:25:13] Creation of dynamic property app::$admin is deprecated in C:\xampp\Desktop\mdcnpal\htdocs\public_html\core\app.php on line 434
[2026-07-06 18:25:13] Undefined array key 0 in C:\xampp\Desktop\mdcnpal\htdocs\public_html\core\global_include.php on line 514
[2026-07-06 18:25:13] Creation of dynamic property app::$popup is deprecated in C:\xampp\Desktop\mdcnpal\htdocs\public_html\core\app.php on line 434
[2026-07-06 18:25:13] Undefined array key "MDRCCustID" in C:\xampp\Desktop\mdcnpal\htdocs\public_html\core\global_include.php on line 515
[2026-07-06 18:25:13] Undefined array key "MDRCToken" in C:\xampp\Desktop\mdcnpal\htdocs\public_html\core\global_include.php on line 515
[2026-07-06 18:25:13] Creation of dynamic property app::$rscategory is deprecated in C:\xampp\Desktop\mdcnpal\htdocs\public_html\core\app.php on line 434
[2026-07-06 18:25:13] Creation of dynamic property app::$rs_pages is deprecated in C:\xampp\Desktop\mdcnpal\htdocs\public_html\core\app.php on line 434
[2026-07-06 18:25:13] Creation of dynamic property app::$gs is deprecated in C:\xampp\Desktop\mdcnpal\htdocs\public_html\core\app.php on line 434
[2026-07-06 18:25:13] Undefined array key "MDRCCustID" in C:\xampp\Desktop\mdcnpal\htdocs\public_html\core\global_include.php on line 596
[2026-07-06 18:25:13] Undefined array key "MDRCCustID" in C:\xampp\Desktop\mdcnpal\htdocs\public_html\core\global_include.php on line 615
[2026-07-06 18:25:13] Undefined variable $getId in C:\xampp\Desktop\mdcnpal\htdocs\public_html\core\global_include.php on line 684
[2026-07-06 18:25:13] Undefined variable $getName in C:\xampp\Desktop\mdcnpal\htdocs\public_html\core\global_include.php on line 685
[2026-07-06 18:25:13] Undefined array key 0 in C:\xampp\Desktop\mdcnpal\htdocs\public_html\core\global_include.php on line 810
[2026-07-06 18:25:13] Creation of dynamic property app::$rs_offer_msg is deprecated in C:\xampp\Desktop\mdcnpal\htdocs\public_html\core\app.php on line 434
[2026-07-06 18:25:13] Creation of dynamic property app::$rs_for_doctors is deprecated in C:\xampp\Desktop\mdcnpal\htdocs\public_html\core\app.php on line 434
[2026-07-06 18:25:13] Creation of dynamic property app::$rs_data is deprecated in C:\xampp\Desktop\mdcnpal\htdocs\public_html\core\app.php on line 434
[2026-07-06 18:25:13] Creation of dynamic property app::$rs_certi_data is deprecated in C:\xampp\Desktop\mdcnpal\htdocs\public_html\core\app.php on line 434
[2026-07-06 18:25:13] Creation of dynamic property app::$rs_key_fetures_data is deprecated in C:\xampp\Desktop\mdcnpal\htdocs\public_html\core\app.php on line 434
[2026-07-06 18:25:13] Creation of dynamic property app::$rs_banner is deprecated in C:\xampp\Desktop\mdcnpal\htdocs\public_html\core\app.php on line 434
[2026-07-06 18:25:13] Creation of dynamic property app::$rs_package_data is deprecated in C:\xampp\Desktop\mdcnpal\htdocs\public_html\core\app.php on line 434
[2026-07-06 18:25:13] Creation of dynamic property app::$city_id is deprecated in C:\xampp\Desktop\mdcnpal\htdocs\public_html\core\app.php on line 434
[2026-07-06 18:25:13] Creation of dynamic property app::$city_name is deprecated in C:\xampp\Desktop\mdcnpal\htdocs\public_html\core\app.php on line 434
[2026-07-06 18:25:13] Creation of dynamic property app::$rs_faq_data is deprecated in C:\xampp\Desktop\mdcnpal\htdocs\public_html\core\app.php on line 434
[2026-07-06 18:25:13] Undefined array key "tempCityID" in C:\xampp\Desktop\mdcnpal\htdocs\public_html\includes\header.php on line 5
[2026-07-06 18:25:13] Undefined array key "items" in C:\xampp\Desktop\mdcnpal\htdocs\public_html\includes\header.php on line 16
[2026-07-06 18:25:14] Undefined array key "item_category" in C:\xampp\Desktop\mdcnpal\htdocs\public_html\includes\header.php on line 26
[2026-07-06 18:25:14] Undefined array key "item_diseases" in C:\xampp\Desktop\mdcnpal\htdocs\public_html\includes\header.php on line 33
[2026-07-06 18:25:14] Undefined property: app::$rs_cartmini in C:\xampp\Desktop\mdcnpal\htdocs\public_html\includes\header.php on line 131
[2026-07-06 18:25:14] Undefined array key "MDRCCustID" in C:\xampp\Desktop\mdcnpal\htdocs\public_html\includes\header.php on line 134
[2026-07-06 18:25:14] Undefined property: app::$rs_cartmini in C:\xampp\Desktop\mdcnpal\htdocs\public_html\includes\header.php on line 197
[2026-07-06 18:25:14] Undefined array key "MDRCCustID" in C:\xampp\Desktop\mdcnpal\htdocs\public_html\includes\header.php on line 200
[2026-07-06 18:25:14] Undefined property: app::$rs_cartmini in C:\xampp\Desktop\mdcnpal\htdocs\public_html\includes\header.php on line 469
[2026-07-06 18:25:14] Undefined array key "MDRCCustID" in C:\xampp\Desktop\mdcnpal\htdocs\public_html\includes\header.php on line 472
[2026-07-06 18:25:14] Undefined property: app::$rs_cartmini in C:\xampp\Desktop\mdcnpal\htdocs\public_html\includes\header.php on line 525
[2026-07-06 18:25:14] Undefined array key "MDRCCustID" in C:\xampp\Desktop\mdcnpal\htdocs\public_html\includes\header.php on line 528
[2026-07-06 18:25:14] Undefined property: app::$rs_customer in C:\xampp\Desktop\mdcnpal\htdocs\public_html\includes\header.php on line 712
[2026-07-06 18:25:14] Trying to access array offset on value of type null in C:\xampp\Desktop\mdcnpal\htdocs\public_html\includes\header.php on line 712
[2026-07-06 18:25:14] Undefined property: app::$rs_customer in C:\xampp\Desktop\mdcnpal\htdocs\public_html\includes\header.php on line 721
[2026-07-06 18:25:14] Trying to access array offset on value of type null in C:\xampp\Desktop\mdcnpal\htdocs\public_html\includes\header.php on line 721
[2026-07-06 18:25:14] Undefined property: app::$rs_customer in C:\xampp\Desktop\mdcnpal\htdocs\public_html\includes\header.php on line 730
[2026-07-06 18:25:14] Trying to access array offset on value of type null in C:\xampp\Desktop\mdcnpal\htdocs\public_html\includes\header.php on line 730
[2026-07-06 18:25:14] Undefined property: app::$rs_customer in C:\xampp\Desktop\mdcnpal\htdocs\public_html\includes\header.php on line 739
[2026-07-06 18:25:14] Trying to access array offset on value of type null in C:\xampp\Desktop\mdcnpal\htdocs\public_html\includes\header.php on line 739
[2026-07-06 18:25:14] Undefined variable $mrpP in C:\xampp\Desktop\mdcnpal\htdocs\public_html\core\utility.php on line 7183
[2026-07-06 18:25:14] Undefined variable $disc in C:\xampp\Desktop\mdcnpal\htdocs\public_html\core\utility.php on line 7194
[2026-07-06 18:25:14] Undefined property: app::$rs_customer in C:\xampp\Desktop\mdcnpal\htdocs\public_html\includes\footer.php on line 357
[2026-07-06 18:25:14] Trying to access array offset on value of type null in C:\xampp\Desktop\mdcnpal\htdocs\public_html\includes\footer.php on line 357
[2026-07-06 18:25:14] Undefined property: app::$rs_customer in C:\xampp\Desktop\mdcnpal\htdocs\public_html\includes\footer.php on line 366
[2026-07-06 18:25:14] Trying to access array offset on value of type null in C:\xampp\Desktop\mdcnpal\htdocs\public_html\includes\footer.php on line 366
[2026-07-06 18:25:14] Undefined property: app::$rs_customer in C:\xampp\Desktop\mdcnpal\htdocs\public_html\includes\footer.php on line 372
[2026-07-06 18:25:14] Trying to access array offset on value of type null in C:\xampp\Desktop\mdcnpal\htdocs\public_html\includes\footer.php on line 372
[2026-07-06 18:25:14] Undefined property: app::$rs_customer in C:\xampp\Desktop\mdcnpal\htdocs\public_html\includes\general_data.php on line 88
[2026-07-06 18:25:14] Trying to access array offset on value of type null in C:\xampp\Desktop\mdcnpal\htdocs\public_html\includes\general_data.php on line 88
[2026-07-06 18:25:14] Undefined array key "MDRCCustID" in C:\xampp\Desktop\mdcnpal\htdocs\public_html\includes\general_data.php on line 88
[2026-07-06 18:25:14] Undefined variable $tmpStr in C:\xampp\Desktop\mdcnpal\htdocs\public_html\core\app.php on line 969
[2026-07-06 18:25:14] Creation of dynamic property dbclass::$RECORD_SET is deprecated in C:\xampp\Desktop\mdcnpal\htdocs\public_html\core\dbclass.php on line 69
[2026-07-06 18:25:14] Creation of dynamic property dbclass::$app is deprecated in C:\xampp\Desktop\mdcnpal\htdocs\public_html\core\dbclass.php on line 75
[2026-07-06 18:25:14] Creation of dynamic property model::$foreign_tables is deprecated in C:\xampp\Desktop\mdcnpal\htdocs\public_html\core\model.php on line 43
[2026-07-06 18:25:14] Creation of dynamic property app::$inputfilter is deprecated in C:\xampp\Desktop\mdcnpal\htdocs\public_html\core\app.php on line 123
[2026-07-06 18:25:14] Creation of dynamic property app::$userconfig is deprecated in C:\xampp\Desktop\mdcnpal\htdocs\public_html\core\app.php on line 124
[2026-07-06 18:25:14] Creation of dynamic property app::$global_include is deprecated in C:\xampp\Desktop\mdcnpal\htdocs\public_html\core\app.php on line 125
[2026-07-06 18:25:14] Creation of dynamic property app::$set_cache_time is deprecated in C:\xampp\Desktop\mdcnpal\htdocs\public_html\core\app.php on line 153
[2026-07-06 18:25:14] Undefined array key "cityID" in C:\xampp\Desktop\mdcnpal\htdocs\public_html\core\global_include.php on line 381
[2026-07-06 18:25:14] Undefined array key "cityID" in C:\xampp\Desktop\mdcnpal\htdocs\public_html\core\global_include.php on line 416
[2026-07-06 18:25:14] Creation of dynamic property app::$meta is deprecated in C:\xampp\Desktop\mdcnpal\htdocs\public_html\core\app.php on line 434
[2026-07-06 18:25:14] Creation of dynamic property app::$rs_gs_city is deprecated in C:\xampp\Desktop\mdcnpal\htdocs\public_html\core\app.php on line 434
[2026-07-06 18:25:14] Undefined array key "cityID" in C:\xampp\Desktop\mdcnpal\htdocs\public_html\core\global_include.php on line 468
[2026-07-06 18:25:14] Creation of dynamic property app::$rs_footer_popular_item is deprecated in C:\xampp\Desktop\mdcnpal\htdocs\public_html\core\app.php on line 434
[2026-07-06 18:25:14] Creation of dynamic property app::$rs_footer_popular_test is deprecated in C:\xampp\Desktop\mdcnpal\htdocs\public_html\core\app.php on line 434
[2026-07-06 18:25:14] Creation of dynamic property app::$rs_testimonial is deprecated in C:\xampp\Desktop\mdcnpal\htdocs\public_html\core\app.php on line 434
[2026-07-06 18:25:14] Creation of dynamic property app::$admin is deprecated in C:\xampp\Desktop\mdcnpal\htdocs\public_html\core\app.php on line 434
[2026-07-06 18:25:14] Undefined array key 0 in C:\xampp\Desktop\mdcnpal\htdocs\public_html\core\global_include.php on line 514
[2026-07-06 18:25:14] Creation of dynamic property app::$popup is deprecated in C:\xampp\Desktop\mdcnpal\htdocs\public_html\core\app.php on line 434
[2026-07-06 18:25:14] Undefined array key "MDRCCustID" in C:\xampp\Desktop\mdcnpal\htdocs\public_html\core\global_include.php on line 515
[2026-07-06 18:25:14] Undefined array key "MDRCToken" in C:\xampp\Desktop\mdcnpal\htdocs\public_html\core\global_include.php on line 515
[2026-07-06 18:25:14] Creation of dynamic property app::$rscategory is deprecated in C:\xampp\Desktop\mdcnpal\htdocs\public_html\core\app.php on line 434
[2026-07-06 18:25:14] Creation of dynamic property app::$rs_pages is deprecated in C:\xampp\Desktop\mdcnpal\htdocs\public_html\core\app.php on line 434
[2026-07-06 18:25:14] Creation of dynamic property app::$gs is deprecated in C:\xampp\Desktop\mdcnpal\htdocs\public_html\core\app.php on line 434
[2026-07-06 18:25:14] Undefined array key "MDRCCustID" in C:\xampp\Desktop\mdcnpal\htdocs\public_html\core\global_include.php on line 596
[2026-07-06 18:25:14] Undefined array key "MDRCCustID" in C:\xampp\Desktop\mdcnpal\htdocs\public_html\core\global_include.php on line 615
[2026-07-06 18:25:14] Undefined variable $getId in C:\xampp\Desktop\mdcnpal\htdocs\public_html\core\global_include.php on line 684
[2026-07-06 18:25:14] Undefined variable $getName in C:\xampp\Desktop\mdcnpal\htdocs\public_html\core\global_include.php on line 685
[2026-07-06 18:25:14] Undefined array key 0 in C:\xampp\Desktop\mdcnpal\htdocs\public_html\core\global_include.php on line 810
[2026-07-06 18:25:14] Creation of dynamic property app::$rs_offer_msg is deprecated in C:\xampp\Desktop\mdcnpal\htdocs\public_html\core\app.php on line 434
[2026-07-06 18:25:14] Creation of dynamic property app::$rs_for_doctors is deprecated in C:\xampp\Desktop\mdcnpal\htdocs\public_html\core\app.php on line 434
[2026-07-06 18:25:14] Creation of dynamic property dbclass::$RECORD_SET is deprecated in C:\xampp\Desktop\mdcnpal\htdocs\public_html\core\dbclass.php on line 69
[2026-07-06 18:25:14] Creation of dynamic property dbclass::$app is deprecated in C:\xampp\Desktop\mdcnpal\htdocs\public_html\core\dbclass.php on line 75
[2026-07-06 18:25:14] Creation of dynamic property model::$foreign_tables is deprecated in C:\xampp\Desktop\mdcnpal\htdocs\public_html\core\model.php on line 43
[2026-07-06 18:25:14] Creation of dynamic property app::$inputfilter is deprecated in C:\xampp\Desktop\mdcnpal\htdocs\public_html\core\app.php on line 123
[2026-07-06 18:25:14] Creation of dynamic property app::$userconfig is deprecated in C:\xampp\Desktop\mdcnpal\htdocs\public_html\core\app.php on line 124
[2026-07-06 18:25:14] Creation of dynamic property app::$global_include is deprecated in C:\xampp\Desktop\mdcnpal\htdocs\public_html\core\app.php on line 125
[2026-07-06 18:25:14] Creation of dynamic property app::$set_cache_time is deprecated in C:\xampp\Desktop\mdcnpal\htdocs\public_html\core\app.php on line 153
[2026-07-06 18:25:14] Creation of dynamic property app::$meta is deprecated in C:\xampp\Desktop\mdcnpal\htdocs\public_html\core\app.php on line 434
[2026-07-06 18:25:14] Creation of dynamic property app::$rs_gs_city is deprecated in C:\xampp\Desktop\mdcnpal\htdocs\public_html\core\app.php on line 434
[2026-07-06 18:25:14] Creation of dynamic property app::$rs_footer_popular_item is deprecated in C:\xampp\Desktop\mdcnpal\htdocs\public_html\core\app.php on line 434
[2026-07-06 18:25:14] Creation of dynamic property app::$rs_footer_popular_test is deprecated in C:\xampp\Desktop\mdcnpal\htdocs\public_html\core\app.php on line 434
[2026-07-06 18:25:14] Creation of dynamic property app::$rs_testimonial is deprecated in C:\xampp\Desktop\mdcnpal\htdocs\public_html\core\app.php on line 434
[2026-07-06 18:25:14] Creation of dynamic property app::$admin is deprecated in C:\xampp\Desktop\mdcnpal\htdocs\public_html\core\app.php on line 434
[2026-07-06 18:25:14] Undefined array key 0 in C:\xampp\Desktop\mdcnpal\htdocs\public_html\core\global_include.php on line 514
[2026-07-06 18:25:14] Creation of dynamic property app::$popup is deprecated in C:\xampp\Desktop\mdcnpal\htdocs\public_html\core\app.php on line 434
[2026-07-06 18:25:14] Undefined array key "MDRCCustID" in C:\xampp\Desktop\mdcnpal\htdocs\public_html\core\global_include.php on line 515
[2026-07-06 18:25:14] Undefined array key "MDRCToken" in C:\xampp\Desktop\mdcnpal\htdocs\public_html\core\global_include.php on line 515
[2026-07-06 18:25:14] Creation of dynamic property app::$rscategory is deprecated in C:\xampp\Desktop\mdcnpal\htdocs\public_html\core\app.php on line 434
[2026-07-06 18:25:14] Creation of dynamic property app::$rs_pages is deprecated in C:\xampp\Desktop\mdcnpal\htdocs\public_html\core\app.php on line 434
[2026-07-06 18:25:14] Creation of dynamic property app::$gs is deprecated in C:\xampp\Desktop\mdcnpal\htdocs\public_html\core\app.php on line 434
[2026-07-06 18:25:14] Undefined array key "MDRCCustID" in C:\xampp\Desktop\mdcnpal\htdocs\public_html\core\global_include.php on line 596
[2026-07-06 18:25:14] Undefined array key "MDRCCustID" in C:\xampp\Desktop\mdcnpal\htdocs\public_html\core\global_include.php on line 615
[2026-07-06 18:25:14] Undefined variable $getId in C:\xampp\Desktop\mdcnpal\htdocs\public_html\core\global_include.php on line 684
[2026-07-06 18:25:14] Undefined variable $getName in C:\xampp\Desktop\mdcnpal\htdocs\public_html\core\global_include.php on line 685
[2026-07-06 18:25:14] Undefined array key 0 in C:\xampp\Desktop\mdcnpal\htdocs\public_html\core\global_include.php on line 810
[2026-07-06 18:25:14] Creation of dynamic property app::$rs_offer_msg is deprecated in C:\xampp\Desktop\mdcnpal\htdocs\public_html\core\app.php on line 434
[2026-07-06 18:25:14] Creation of dynamic property app::$rs_for_doctors is deprecated in C:\xampp\Desktop\mdcnpal\htdocs\public_html\core\app.php on line 434
[2026-07-06 18:25:14] Undefined array key "tempCityID" in C:\xampp\Desktop\mdcnpal\htdocs\public_html\includes\header.php on line 5
[2026-07-06 18:25:14] Undefined array key "items" in C:\xampp\Desktop\mdcnpal\htdocs\public_html\includes\header.php on line 16
[2026-07-06 18:25:14] Undefined array key "item_category" in C:\xampp\Desktop\mdcnpal\htdocs\public_html\includes\header.php on line 26
[2026-07-06 18:25:14] Undefined array key "item_diseases" in C:\xampp\Desktop\mdcnpal\htdocs\public_html\includes\header.php on line 33
[2026-07-06 18:25:14] Undefined property: app::$rs_cartmini in C:\xampp\Desktop\mdcnpal\htdocs\public_html\includes\header.php on line 131
[2026-07-06 18:25:14] Undefined array key "MDRCCustID" in C:\xampp\Desktop\mdcnpal\htdocs\public_html\includes\header.php on line 134
[2026-07-06 18:25:14] Undefined property: app::$rs_cartmini in C:\xampp\Desktop\mdcnpal\htdocs\public_html\includes\header.php on line 197
[2026-07-06 18:25:14] Undefined array key "MDRCCustID" in C:\xampp\Desktop\mdcnpal\htdocs\public_html\includes\header.php on line 200
[2026-07-06 18:25:14] Undefined property: app::$rs_cartmini in C:\xampp\Desktop\mdcnpal\htdocs\public_html\includes\header.php on line 469
[2026-07-06 18:25:14] Undefined array key "MDRCCustID" in C:\xampp\Desktop\mdcnpal\htdocs\public_html\includes\header.php on line 472
[2026-07-06 18:25:14] Undefined property: app::$rs_cartmini in C:\xampp\Desktop\mdcnpal\htdocs\public_html\includes\header.php on line 525
[2026-07-06 18:25:14] Undefined array key "MDRCCustID" in C:\xampp\Desktop\mdcnpal\htdocs\public_html\includes\header.php on line 528
[2026-07-06 18:25:14] Undefined property: app::$rs_customer in C:\xampp\Desktop\mdcnpal\htdocs\public_html\includes\header.php on line 712
[2026-07-06 18:25:14] Trying to access array offset on value of type null in C:\xampp\Desktop\mdcnpal\htdocs\public_html\includes\header.php on line 712
[2026-07-06 18:25:14] Undefined property: app::$rs_customer in C:\xampp\Desktop\mdcnpal\htdocs\public_html\includes\header.php on line 721
[2026-07-06 18:25:14] Trying to access array offset on value of type null in C:\xampp\Desktop\mdcnpal\htdocs\public_html\includes\header.php on line 721
[2026-07-06 18:25:14] Undefined property: app::$rs_customer in C:\xampp\Desktop\mdcnpal\htdocs\public_html\includes\header.php on line 730
[2026-07-06 18:25:14] Trying to access array offset on value of type null in C:\xampp\Desktop\mdcnpal\htdocs\public_html\includes\header.php on line 730
[2026-07-06 18:25:14] Undefined property: app::$rs_customer in C:\xampp\Desktop\mdcnpal\htdocs\public_html\includes\header.php on line 739
[2026-07-06 18:25:14] Trying to access array offset on value of type null in C:\xampp\Desktop\mdcnpal\htdocs\public_html\includes\header.php on line 739
[2026-07-06 18:25:14] Undefined property: app::$rs_customer in C:\xampp\Desktop\mdcnpal\htdocs\public_html\includes\footer.php on line 357
[2026-07-06 18:25:14] Trying to access array offset on value of type null in C:\xampp\Desktop\mdcnpal\htdocs\public_html\includes\footer.php on line 357
[2026-07-06 18:25:14] Undefined property: app::$rs_customer in C:\xampp\Desktop\mdcnpal\htdocs\public_html\includes\footer.php on line 366
[2026-07-06 18:25:14] Trying to access array offset on value of type null in C:\xampp\Desktop\mdcnpal\htdocs\public_html\includes\footer.php on line 366
[2026-07-06 18:25:14] Undefined property: app::$rs_customer in C:\xampp\Desktop\mdcnpal\htdocs\public_html\includes\footer.php on line 372
[2026-07-06 18:25:14] Trying to access array offset on value of type null in C:\xampp\Desktop\mdcnpal\htdocs\public_html\includes\footer.php on line 372
[2026-07-06 18:25:14] Undefined property: app::$rs_customer in C:\xampp\Desktop\mdcnpal\htdocs\public_html\includes\general_data.php on line 88
[2026-07-06 18:25:14] Trying to access array offset on value of type null in C:\xampp\Desktop\mdcnpal\htdocs\public_html\includes\general_data.php on line 88
[2026-07-06 18:25:14] Undefined array key "MDRCCustID" in C:\xampp\Desktop\mdcnpal\htdocs\public_html\includes\general_data.php on line 88
[2026-07-06 18:25:14] Undefined variable $tmpStr in C:\xampp\Desktop\mdcnpal\htdocs\public_html\core\app.php on line 969
[2026-07-06 18:25:26] Creation of dynamic property dbclass::$RECORD_SET is deprecated in C:\xampp\Desktop\mdcnpal\htdocs\public_html\core\dbclass.php on line 69
[2026-07-06 18:25:26] Creation of dynamic property dbclass::$app is deprecated in C:\xampp\Desktop\mdcnpal\htdocs\public_html\core\dbclass.php on line 75
[2026-07-06 18:25:26] Creation of dynamic property model::$foreign_tables is deprecated in C:\xampp\Desktop\mdcnpal\htdocs\public_html\core\model.php on line 43
[2026-07-06 18:25:26] Creation of dynamic property app::$inputfilter is deprecated in C:\xampp\Desktop\mdcnpal\htdocs\public_html\core\app.php on line 123
[2026-07-06 18:25:26] Creation of dynamic property app::$userconfig is deprecated in C:\xampp\Desktop\mdcnpal\htdocs\public_html\core\app.php on line 124
[2026-07-06 18:25:26] Creation of dynamic property app::$global_include is deprecated in C:\xampp\Desktop\mdcnpal\htdocs\public_html\core\app.php on line 125
[2026-07-06 18:25:26] Creation of dynamic property app::$set_cache_time is deprecated in C:\xampp\Desktop\mdcnpal\htdocs\public_html\core\app.php on line 153
[2026-07-06 18:25:26] Creation of dynamic property app::$meta is deprecated in C:\xampp\Desktop\mdcnpal\htdocs\public_html\core\app.php on line 434
[2026-07-06 18:25:26] Creation of dynamic property app::$rs_gs_city is deprecated in C:\xampp\Desktop\mdcnpal\htdocs\public_html\core\app.php on line 434
[2026-07-06 18:25:26] Creation of dynamic property app::$rs_footer_popular_item is deprecated in C:\xampp\Desktop\mdcnpal\htdocs\public_html\core\app.php on line 434
[2026-07-06 18:25:26] Creation of dynamic property app::$rs_footer_popular_test is deprecated in C:\xampp\Desktop\mdcnpal\htdocs\public_html\core\app.php on line 434
[2026-07-06 18:25:26] Creation of dynamic property app::$rs_testimonial is deprecated in C:\xampp\Desktop\mdcnpal\htdocs\public_html\core\app.php on line 434
[2026-07-06 18:25:26] Creation of dynamic property app::$admin is deprecated in C:\xampp\Desktop\mdcnpal\htdocs\public_html\core\app.php on line 434
[2026-07-06 18:25:26] Undefined array key 0 in C:\xampp\Desktop\mdcnpal\htdocs\public_html\core\global_include.php on line 514
[2026-07-06 18:25:26] Creation of dynamic property app::$popup is deprecated in C:\xampp\Desktop\mdcnpal\htdocs\public_html\core\app.php on line 434
[2026-07-06 18:25:26] Undefined array key "MDRCCustID" in C:\xampp\Desktop\mdcnpal\htdocs\public_html\core\global_include.php on line 515
[2026-07-06 18:25:26] Undefined array key "MDRCToken" in C:\xampp\Desktop\mdcnpal\htdocs\public_html\core\global_include.php on line 515
[2026-07-06 18:25:26] Creation of dynamic property app::$rscategory is deprecated in C:\xampp\Desktop\mdcnpal\htdocs\public_html\core\app.php on line 434
[2026-07-06 18:25:26] Creation of dynamic property app::$rs_pages is deprecated in C:\xampp\Desktop\mdcnpal\htdocs\public_html\core\app.php on line 434
[2026-07-06 18:25:26] Creation of dynamic property app::$gs is deprecated in C:\xampp\Desktop\mdcnpal\htdocs\public_html\core\app.php on line 434
[2026-07-06 18:25:26] Undefined array key "MDRCCustID" in C:\xampp\Desktop\mdcnpal\htdocs\public_html\core\global_include.php on line 596
[2026-07-06 18:25:26] Undefined array key "MDRCCustID" in C:\xampp\Desktop\mdcnpal\htdocs\public_html\core\global_include.php on line 615
[2026-07-06 18:25:26] Undefined variable $getId in C:\xampp\Desktop\mdcnpal\htdocs\public_html\core\global_include.php on line 684
[2026-07-06 18:25:26] Undefined variable $getName in C:\xampp\Desktop\mdcnpal\htdocs\public_html\core\global_include.php on line 685
[2026-07-06 18:25:26] Undefined array key 0 in C:\xampp\Desktop\mdcnpal\htdocs\public_html\core\global_include.php on line 810
[2026-07-06 18:25:26] Creation of dynamic property app::$rs_offer_msg is deprecated in C:\xampp\Desktop\mdcnpal\htdocs\public_html\core\app.php on line 434
[2026-07-06 18:25:26] Creation of dynamic property app::$rs_for_doctors is deprecated in C:\xampp\Desktop\mdcnpal\htdocs\public_html\core\app.php on line 434
[2026-07-06 18:25:26] Undefined property: app::$rs_cartmini in C:\xampp\Desktop\mdcnpal\htdocs\public_html\includes\header.php on line 131
[2026-07-06 18:25:26] Undefined array key "MDRCCustID" in C:\xampp\Desktop\mdcnpal\htdocs\public_html\includes\header.php on line 134
[2026-07-06 18:25:26] Undefined property: app::$rs_cartmini in C:\xampp\Desktop\mdcnpal\htdocs\public_html\includes\header.php on line 197
[2026-07-06 18:25:26] Undefined array key "MDRCCustID" in C:\xampp\Desktop\mdcnpal\htdocs\public_html\includes\header.php on line 200
[2026-07-06 18:25:26] Undefined property: app::$rs_cartmini in C:\xampp\Desktop\mdcnpal\htdocs\public_html\includes\header.php on line 469
[2026-07-06 18:25:26] Undefined array key "MDRCCustID" in C:\xampp\Desktop\mdcnpal\htdocs\public_html\includes\header.php on line 472
[2026-07-06 18:25:26] Undefined property: app::$rs_cartmini in C:\xampp\Desktop\mdcnpal\htdocs\public_html\includes\header.php on line 525
[2026-07-06 18:25:26] Undefined array key "MDRCCustID" in C:\xampp\Desktop\mdcnpal\htdocs\public_html\includes\header.php on line 528
[2026-07-06 18:25:26] Undefined property: app::$rs_customer in C:\xampp\Desktop\mdcnpal\htdocs\public_html\includes\header.php on line 712
[2026-07-06 18:25:26] Trying to access array offset on value of type null in C:\xampp\Desktop\mdcnpal\htdocs\public_html\includes\header.php on line 712
[2026-07-06 18:25:26] Undefined property: app::$rs_customer in C:\xampp\Desktop\mdcnpal\htdocs\public_html\includes\header.php on line 721
[2026-07-06 18:25:26] Trying to access array offset on value of type null in C:\xampp\Desktop\mdcnpal\htdocs\public_html\includes\header.php on line 721
[2026-07-06 18:25:26] Undefined property: app::$rs_customer in C:\xampp\Desktop\mdcnpal\htdocs\public_html\includes\header.php on line 730
[2026-07-06 18:25:26] Trying to access array offset on value of type null in C:\xampp\Desktop\mdcnpal\htdocs\public_html\includes\header.php on line 730
[2026-07-06 18:25:26] Undefined property: app::$rs_customer in C:\xampp\Desktop\mdcnpal\htdocs\public_html\includes\header.php on line 739
[2026-07-06 18:25:26] Trying to access array offset on value of type null in C:\xampp\Desktop\mdcnpal\htdocs\public_html\includes\header.php on line 739
[2026-07-06 18:25:26] Undefined property: app::$rs_cartmini in C:\xampp\Desktop\mdcnpal\htdocs\public_html\core\app.php(565) : eval()'d code on line 66
[06-Jul-2026 18:25:26 Asia/Kathmandu] PHP Fatal error:  Uncaught TypeError: count(): Argument #1 ($value) must be of type Countable|array, null given in C:\xampp\Desktop\mdcnpal\htdocs\public_html\core\app.php(565) : eval()'d code:66
Stack trace:
#0 C:\xampp\Desktop\mdcnpal\htdocs\public_html\core\app.php(565): eval()
#1 C:\xampp\Desktop\mdcnpal\htdocs\public_html\core\app.php(535): app->compile()
#2 C:\xampp\Desktop\mdcnpal\htdocs\public_html\core\app.php(516): app->package()
#3 C:\xampp\Desktop\mdcnpal\htdocs\public_html\index.php(6): app->execute()
#4 {main}
  thrown in C:\xampp\Desktop\mdcnpal\htdocs\public_html\core\app.php(565) : eval()'d code on line 66
[2026-07-06 18:25:27] Creation of dynamic property dbclass::$RECORD_SET is deprecated in C:\xampp\Desktop\mdcnpal\htdocs\public_html\core\dbclass.php on line 69
[2026-07-06 18:25:27] Creation of dynamic property dbclass::$app is deprecated in C:\xampp\Desktop\mdcnpal\htdocs\public_html\core\dbclass.php on line 75
[2026-07-06 18:25:27] Creation of dynamic property model::$foreign_tables is deprecated in C:\xampp\Desktop\mdcnpal\htdocs\public_html\core\model.php on line 43
[2026-07-06 18:25:27] Creation of dynamic property app::$inputfilter is deprecated in C:\xampp\Desktop\mdcnpal\htdocs\public_html\core\app.php on line 123
[2026-07-06 18:25:27] Creation of dynamic property app::$userconfig is deprecated in C:\xampp\Desktop\mdcnpal\htdocs\public_html\core\app.php on line 124
[2026-07-06 18:25:27] Creation of dynamic property app::$global_include is deprecated in C:\xampp\Desktop\mdcnpal\htdocs\public_html\core\app.php on line 125
[2026-07-06 18:25:27] Creation of dynamic property app::$set_cache_time is deprecated in C:\xampp\Desktop\mdcnpal\htdocs\public_html\core\app.php on line 153
[2026-07-06 18:25:27] Creation of dynamic property app::$meta is deprecated in C:\xampp\Desktop\mdcnpal\htdocs\public_html\core\app.php on line 434
[2026-07-06 18:25:27] Creation of dynamic property app::$rs_gs_city is deprecated in C:\xampp\Desktop\mdcnpal\htdocs\public_html\core\app.php on line 434
[2026-07-06 18:25:27] Creation of dynamic property app::$rs_footer_popular_item is deprecated in C:\xampp\Desktop\mdcnpal\htdocs\public_html\core\app.php on line 434
[2026-07-06 18:25:27] Creation of dynamic property app::$rs_footer_popular_test is deprecated in C:\xampp\Desktop\mdcnpal\htdocs\public_html\core\app.php on line 434
[2026-07-06 18:25:27] Creation of dynamic property app::$rs_testimonial is deprecated in C:\xampp\Desktop\mdcnpal\htdocs\public_html\core\app.php on line 434
[2026-07-06 18:25:27] Creation of dynamic property app::$admin is deprecated in C:\xampp\Desktop\mdcnpal\htdocs\public_html\core\app.php on line 434
[2026-07-06 18:25:27] Undefined array key 0 in C:\xampp\Desktop\mdcnpal\htdocs\public_html\core\global_include.php on line 514
[2026-07-06 18:25:27] Creation of dynamic property app::$popup is deprecated in C:\xampp\Desktop\mdcnpal\htdocs\public_html\core\app.php on line 434
[2026-07-06 18:25:27] Undefined array key "MDRCCustID" in C:\xampp\Desktop\mdcnpal\htdocs\public_html\core\global_include.php on line 515
[2026-07-06 18:25:27] Undefined array key "MDRCToken" in C:\xampp\Desktop\mdcnpal\htdocs\public_html\core\global_include.php on line 515
[2026-07-06 18:25:28] Creation of dynamic property app::$rscategory is deprecated in C:\xampp\Desktop\mdcnpal\htdocs\public_html\core\app.php on line 434
[2026-07-06 18:25:28] Creation of dynamic property app::$rs_pages is deprecated in C:\xampp\Desktop\mdcnpal\htdocs\public_html\core\app.php on line 434
[2026-07-06 18:25:28] Creation of dynamic property app::$gs is deprecated in C:\xampp\Desktop\mdcnpal\htdocs\public_html\core\app.php on line 434
[2026-07-06 18:25:28] Undefined array key "MDRCCustID" in C:\xampp\Desktop\mdcnpal\htdocs\public_html\core\global_include.php on line 596
[2026-07-06 18:25:28] Undefined array key "MDRCCustID" in C:\xampp\Desktop\mdcnpal\htdocs\public_html\core\global_include.php on line 615
[2026-07-06 18:25:28] Undefined variable $getId in C:\xampp\Desktop\mdcnpal\htdocs\public_html\core\global_include.php on line 684
[2026-07-06 18:25:28] Undefined variable $getName in C:\xampp\Desktop\mdcnpal\htdocs\public_html\core\global_include.php on line 685
[2026-07-06 18:25:28] Undefined array key 0 in C:\xampp\Desktop\mdcnpal\htdocs\public_html\core\global_include.php on line 810
[2026-07-06 18:25:28] Creation of dynamic property app::$rs_offer_msg is deprecated in C:\xampp\Desktop\mdcnpal\htdocs\public_html\core\app.php on line 434
[2026-07-06 18:25:28] Creation of dynamic property app::$rs_for_doctors is deprecated in C:\xampp\Desktop\mdcnpal\htdocs\public_html\core\app.php on line 434
[2026-07-06 18:25:28] Undefined property: app::$rs_cartmini in C:\xampp\Desktop\mdcnpal\htdocs\public_html\includes\header.php on line 131
[2026-07-06 18:25:28] Undefined array key "MDRCCustID" in C:\xampp\Desktop\mdcnpal\htdocs\public_html\includes\header.php on line 134
[2026-07-06 18:25:28] Undefined property: app::$rs_cartmini in C:\xampp\Desktop\mdcnpal\htdocs\public_html\includes\header.php on line 197
[2026-07-06 18:25:28] Undefined array key "MDRCCustID" in C:\xampp\Desktop\mdcnpal\htdocs\public_html\includes\header.php on line 200
[2026-07-06 18:25:28] Undefined property: app::$rs_cartmini in C:\xampp\Desktop\mdcnpal\htdocs\public_html\includes\header.php on line 469
[2026-07-06 18:25:28] Undefined array key "MDRCCustID" in C:\xampp\Desktop\mdcnpal\htdocs\public_html\includes\header.php on line 472
[2026-07-06 18:25:28] Undefined property: app::$rs_cartmini in C:\xampp\Desktop\mdcnpal\htdocs\public_html\includes\header.php on line 525
[2026-07-06 18:25:28] Undefined array key "MDRCCustID" in C:\xampp\Desktop\mdcnpal\htdocs\public_html\includes\header.php on line 528
[2026-07-06 18:25:28] Undefined property: app::$rs_customer in C:\xampp\Desktop\mdcnpal\htdocs\public_html\includes\header.php on line 712
[2026-07-06 18:25:28] Trying to access array offset on value of type null in C:\xampp\Desktop\mdcnpal\htdocs\public_html\includes\header.php on line 712
[2026-07-06 18:25:28] Undefined property: app::$rs_customer in C:\xampp\Desktop\mdcnpal\htdocs\public_html\includes\header.php on line 721
[2026-07-06 18:25:28] Trying to access array offset on value of type null in C:\xampp\Desktop\mdcnpal\htdocs\public_html\includes\header.php on line 721
[2026-07-06 18:25:28] Undefined property: app::$rs_customer in C:\xampp\Desktop\mdcnpal\htdocs\public_html\includes\header.php on line 730
[2026-07-06 18:25:28] Trying to access array offset on value of type null in C:\xampp\Desktop\mdcnpal\htdocs\public_html\includes\header.php on line 730
[2026-07-06 18:25:28] Undefined property: app::$rs_customer in C:\xampp\Desktop\mdcnpal\htdocs\public_html\includes\header.php on line 739
[2026-07-06 18:25:28] Trying to access array offset on value of type null in C:\xampp\Desktop\mdcnpal\htdocs\public_html\includes\header.php on line 739
[2026-07-06 18:25:28] Undefined property: app::$rs_customer in C:\xampp\Desktop\mdcnpal\htdocs\public_html\includes\footer.php on line 357
[2026-07-06 18:25:28] Trying to access array offset on value of type null in C:\xampp\Desktop\mdcnpal\htdocs\public_html\includes\footer.php on line 357
[2026-07-06 18:25:28] Undefined property: app::$rs_customer in C:\xampp\Desktop\mdcnpal\htdocs\public_html\includes\footer.php on line 366
[2026-07-06 18:25:28] Trying to access array offset on value of type null in C:\xampp\Desktop\mdcnpal\htdocs\public_html\includes\footer.php on line 366
[2026-07-06 18:25:28] Undefined property: app::$rs_customer in C:\xampp\Desktop\mdcnpal\htdocs\public_html\includes\footer.php on line 372
[2026-07-06 18:25:28] Trying to access array offset on value of type null in C:\xampp\Desktop\mdcnpal\htdocs\public_html\includes\footer.php on line 372
[2026-07-06 18:25:28] Undefined property: app::$rs_customer in C:\xampp\Desktop\mdcnpal\htdocs\public_html\includes\general_data.php on line 88
[2026-07-06 18:25:28] Trying to access array offset on value of type null in C:\xampp\Desktop\mdcnpal\htdocs\public_html\includes\general_data.php on line 88
[2026-07-06 18:25:28] Undefined array key "MDRCCustID" in C:\xampp\Desktop\mdcnpal\htdocs\public_html\includes\general_data.php on line 88
[2026-07-06 18:25:28] Undefined variable $tmpStr in C:\xampp\Desktop\mdcnpal\htdocs\public_html\core\app.php on line 969
[2026-07-06 18:25:28] Creation of dynamic property dbclass::$RECORD_SET is deprecated in C:\xampp\Desktop\mdcnpal\htdocs\public_html\core\dbclass.php on line 69
[2026-07-06 18:25:28] Creation of dynamic property dbclass::$app is deprecated in C:\xampp\Desktop\mdcnpal\htdocs\public_html\core\dbclass.php on line 75
[2026-07-06 18:25:28] Creation of dynamic property model::$foreign_tables is deprecated in C:\xampp\Desktop\mdcnpal\htdocs\public_html\core\model.php on line 43
[2026-07-06 18:25:28] Creation of dynamic property app::$inputfilter is deprecated in C:\xampp\Desktop\mdcnpal\htdocs\public_html\core\app.php on line 123
[2026-07-06 18:25:28] Creation of dynamic property app::$userconfig is deprecated in C:\xampp\Desktop\mdcnpal\htdocs\public_html\core\app.php on line 124
[2026-07-06 18:25:28] Creation of dynamic property app::$global_include is deprecated in C:\xampp\Desktop\mdcnpal\htdocs\public_html\core\app.php on line 125
[2026-07-06 18:25:28] Creation of dynamic property app::$set_cache_time is deprecated in C:\xampp\Desktop\mdcnpal\htdocs\public_html\core\app.php on line 153
[2026-07-06 18:25:28] Creation of dynamic property app::$meta is deprecated in C:\xampp\Desktop\mdcnpal\htdocs\public_html\core\app.php on line 434
[2026-07-06 18:25:28] Creation of dynamic property app::$rs_gs_city is deprecated in C:\xampp\Desktop\mdcnpal\htdocs\public_html\core\app.php on line 434
[2026-07-06 18:25:28] Creation of dynamic property app::$rs_footer_popular_item is deprecated in C:\xampp\Desktop\mdcnpal\htdocs\public_html\core\app.php on line 434
[2026-07-06 18:25:28] Creation of dynamic property app::$rs_footer_popular_test is deprecated in C:\xampp\Desktop\mdcnpal\htdocs\public_html\core\app.php on line 434
[2026-07-06 18:25:28] Creation of dynamic property app::$rs_testimonial is deprecated in C:\xampp\Desktop\mdcnpal\htdocs\public_html\core\app.php on line 434
[2026-07-06 18:25:28] Creation of dynamic property app::$admin is deprecated in C:\xampp\Desktop\mdcnpal\htdocs\public_html\core\app.php on line 434
[2026-07-06 18:25:28] Undefined array key 0 in C:\xampp\Desktop\mdcnpal\htdocs\public_html\core\global_include.php on line 514
[2026-07-06 18:25:28] Creation of dynamic property app::$popup is deprecated in C:\xampp\Desktop\mdcnpal\htdocs\public_html\core\app.php on line 434
[2026-07-06 18:25:28] Undefined array key "MDRCCustID" in C:\xampp\Desktop\mdcnpal\htdocs\public_html\core\global_include.php on line 515
[2026-07-06 18:25:28] Undefined array key "MDRCToken" in C:\xampp\Desktop\mdcnpal\htdocs\public_html\core\global_include.php on line 515
[2026-07-06 18:25:28] Creation of dynamic property app::$rscategory is deprecated in C:\xampp\Desktop\mdcnpal\htdocs\public_html\core\app.php on line 434
[2026-07-06 18:25:28] Creation of dynamic property app::$rs_pages is deprecated in C:\xampp\Desktop\mdcnpal\htdocs\public_html\core\app.php on line 434
[2026-07-06 18:25:28] Creation of dynamic property app::$gs is deprecated in C:\xampp\Desktop\mdcnpal\htdocs\public_html\core\app.php on line 434
[2026-07-06 18:25:28] Undefined array key "MDRCCustID" in C:\xampp\Desktop\mdcnpal\htdocs\public_html\core\global_include.php on line 596
[2026-07-06 18:25:28] Undefined array key "MDRCCustID" in C:\xampp\Desktop\mdcnpal\htdocs\public_html\core\global_include.php on line 615
[2026-07-06 18:25:28] Undefined variable $getId in C:\xampp\Desktop\mdcnpal\htdocs\public_html\core\global_include.php on line 684
[2026-07-06 18:25:28] Undefined variable $getName in C:\xampp\Desktop\mdcnpal\htdocs\public_html\core\global_include.php on line 685
[2026-07-06 18:25:28] Undefined array key 0 in C:\xampp\Desktop\mdcnpal\htdocs\public_html\core\global_include.php on line 810
[2026-07-06 18:25:28] Creation of dynamic property app::$rs_offer_msg is deprecated in C:\xampp\Desktop\mdcnpal\htdocs\public_html\core\app.php on line 434
[2026-07-06 18:25:28] Creation of dynamic property app::$rs_for_doctors is deprecated in C:\xampp\Desktop\mdcnpal\htdocs\public_html\core\app.php on line 434
[2026-07-06 18:25:28] Undefined property: app::$rs_cartmini in C:\xampp\Desktop\mdcnpal\htdocs\public_html\includes\header.php on line 131
[2026-07-06 18:25:28] Undefined array key "MDRCCustID" in C:\xampp\Desktop\mdcnpal\htdocs\public_html\includes\header.php on line 134
[2026-07-06 18:25:28] Undefined property: app::$rs_cartmini in C:\xampp\Desktop\mdcnpal\htdocs\public_html\includes\header.php on line 197
[2026-07-06 18:25:28] Undefined array key "MDRCCustID" in C:\xampp\Desktop\mdcnpal\htdocs\public_html\includes\header.php on line 200
[2026-07-06 18:25:28] Undefined property: app::$rs_cartmini in C:\xampp\Desktop\mdcnpal\htdocs\public_html\includes\header.php on line 469
[2026-07-06 18:25:28] Undefined array key "MDRCCustID" in C:\xampp\Desktop\mdcnpal\htdocs\public_html\includes\header.php on line 472
[2026-07-06 18:25:28] Undefined property: app::$rs_cartmini in C:\xampp\Desktop\mdcnpal\htdocs\public_html\includes\header.php on line 525
[2026-07-06 18:25:28] Undefined array key "MDRCCustID" in C:\xampp\Desktop\mdcnpal\htdocs\public_html\includes\header.php on line 528
[2026-07-06 18:25:28] Undefined property: app::$rs_customer in C:\xampp\Desktop\mdcnpal\htdocs\public_html\includes\header.php on line 712
[2026-07-06 18:25:28] Trying to access array offset on value of type null in C:\xampp\Desktop\mdcnpal\htdocs\public_html\includes\header.php on line 712
[2026-07-06 18:25:28] Undefined property: app::$rs_customer in C:\xampp\Desktop\mdcnpal\htdocs\public_html\includes\header.php on line 721
[2026-07-06 18:25:28] Trying to access array offset on value of type null in C:\xampp\Desktop\mdcnpal\htdocs\public_html\includes\header.php on line 721
[2026-07-06 18:25:28] Undefined property: app::$rs_customer in C:\xampp\Desktop\mdcnpal\htdocs\public_html\includes\header.php on line 730
[2026-07-06 18:25:28] Trying to access array offset on value of type null in C:\xampp\Desktop\mdcnpal\htdocs\public_html\includes\header.php on line 730
[2026-07-06 18:25:28] Undefined property: app::$rs_customer in C:\xampp\Desktop\mdcnpal\htdocs\public_html\includes\header.php on line 739
[2026-07-06 18:25:28] Trying to access array offset on value of type null in C:\xampp\Desktop\mdcnpal\htdocs\public_html\includes\header.php on line 739
[2026-07-06 18:25:28] Undefined property: app::$rs_customer in C:\xampp\Desktop\mdcnpal\htdocs\public_html\includes\footer.php on line 357
[2026-07-06 18:25:28] Trying to access array offset on value of type null in C:\xampp\Desktop\mdcnpal\htdocs\public_html\includes\footer.php on line 357
[2026-07-06 18:25:28] Undefined property: app::$rs_customer in C:\xampp\Desktop\mdcnpal\htdocs\public_html\includes\footer.php on line 366
[2026-07-06 18:25:28] Trying to access array offset on value of type null in C:\xampp\Desktop\mdcnpal\htdocs\public_html\includes\footer.php on line 366
[2026-07-06 18:25:28] Undefined property: app::$rs_customer in C:\xampp\Desktop\mdcnpal\htdocs\public_html\includes\footer.php on line 372
[2026-07-06 18:25:28] Trying to access array offset on value of type null in C:\xampp\Desktop\mdcnpal\htdocs\public_html\includes\footer.php on line 372
[2026-07-06 18:25:28] Undefined property: app::$rs_customer in C:\xampp\Desktop\mdcnpal\htdocs\public_html\includes\general_data.php on line 88
[2026-07-06 18:25:28] Trying to access array offset on value of type null in C:\xampp\Desktop\mdcnpal\htdocs\public_html\includes\general_data.php on line 88
[2026-07-06 18:25:28] Undefined array key "MDRCCustID" in C:\xampp\Desktop\mdcnpal\htdocs\public_html\includes\general_data.php on line 88
[2026-07-06 18:25:28] Undefined variable $tmpStr in C:\xampp\Desktop\mdcnpal\htdocs\public_html\core\app.php on line 969
[2026-07-06 18:25:28] Creation of dynamic property dbclass::$RECORD_SET is deprecated in C:\xampp\Desktop\mdcnpal\htdocs\public_html\core\dbclass.php on line 69
[2026-07-06 18:25:28] Creation of dynamic property dbclass::$app is deprecated in C:\xampp\Desktop\mdcnpal\htdocs\public_html\core\dbclass.php on line 75
[2026-07-06 18:25:28] Creation of dynamic property model::$foreign_tables is deprecated in C:\xampp\Desktop\mdcnpal\htdocs\public_html\core\model.php on line 43
[2026-07-06 18:25:28] Creation of dynamic property app::$inputfilter is deprecated in C:\xampp\Desktop\mdcnpal\htdocs\public_html\core\app.php on line 123
[2026-07-06 18:25:28] Creation of dynamic property app::$userconfig is deprecated in C:\xampp\Desktop\mdcnpal\htdocs\public_html\core\app.php on line 124
[2026-07-06 18:25:28] Creation of dynamic property app::$global_include is deprecated in C:\xampp\Desktop\mdcnpal\htdocs\public_html\core\app.php on line 125
[2026-07-06 18:25:28] Creation of dynamic property app::$set_cache_time is deprecated in C:\xampp\Desktop\mdcnpal\htdocs\public_html\core\app.php on line 153
[2026-07-06 18:25:28] Creation of dynamic property app::$meta is deprecated in C:\xampp\Desktop\mdcnpal\htdocs\public_html\core\app.php on line 434
[2026-07-06 18:25:28] Creation of dynamic property app::$rs_gs_city is deprecated in C:\xampp\Desktop\mdcnpal\htdocs\public_html\core\app.php on line 434
[2026-07-06 18:25:28] Creation of dynamic property app::$rs_footer_popular_item is deprecated in C:\xampp\Desktop\mdcnpal\htdocs\public_html\core\app.php on line 434
[2026-07-06 18:25:28] Creation of dynamic property app::$rs_footer_popular_test is deprecated in C:\xampp\Desktop\mdcnpal\htdocs\public_html\core\app.php on line 434
[2026-07-06 18:25:28] Creation of dynamic property app::$rs_testimonial is deprecated in C:\xampp\Desktop\mdcnpal\htdocs\public_html\core\app.php on line 434
[2026-07-06 18:25:28] Creation of dynamic property app::$admin is deprecated in C:\xampp\Desktop\mdcnpal\htdocs\public_html\core\app.php on line 434
[2026-07-06 18:25:28] Undefined array key 0 in C:\xampp\Desktop\mdcnpal\htdocs\public_html\core\global_include.php on line 514
[2026-07-06 18:25:28] Creation of dynamic property app::$popup is deprecated in C:\xampp\Desktop\mdcnpal\htdocs\public_html\core\app.php on line 434
[2026-07-06 18:25:29] Undefined array key "MDRCCustID" in C:\xampp\Desktop\mdcnpal\htdocs\public_html\core\global_include.php on line 515
[2026-07-06 18:25:29] Undefined array key "MDRCToken" in C:\xampp\Desktop\mdcnpal\htdocs\public_html\core\global_include.php on line 515
[2026-07-06 18:25:29] Creation of dynamic property app::$rscategory is deprecated in C:\xampp\Desktop\mdcnpal\htdocs\public_html\core\app.php on line 434
[2026-07-06 18:25:29] Creation of dynamic property app::$rs_pages is deprecated in C:\xampp\Desktop\mdcnpal\htdocs\public_html\core\app.php on line 434
[2026-07-06 18:25:29] Creation of dynamic property app::$gs is deprecated in C:\xampp\Desktop\mdcnpal\htdocs\public_html\core\app.php on line 434
[2026-07-06 18:25:29] Undefined array key "MDRCCustID" in C:\xampp\Desktop\mdcnpal\htdocs\public_html\core\global_include.php on line 596
[2026-07-06 18:25:29] Undefined array key "MDRCCustID" in C:\xampp\Desktop\mdcnpal\htdocs\public_html\core\global_include.php on line 615
[2026-07-06 18:25:29] Undefined variable $getId in C:\xampp\Desktop\mdcnpal\htdocs\public_html\core\global_include.php on line 684
[2026-07-06 18:25:29] Undefined variable $getName in C:\xampp\Desktop\mdcnpal\htdocs\public_html\core\global_include.php on line 685
[2026-07-06 18:25:29] Undefined array key 0 in C:\xampp\Desktop\mdcnpal\htdocs\public_html\core\global_include.php on line 810
[2026-07-06 18:25:29] Creation of dynamic property app::$rs_offer_msg is deprecated in C:\xampp\Desktop\mdcnpal\htdocs\public_html\core\app.php on line 434
[2026-07-06 18:25:29] Creation of dynamic property app::$rs_for_doctors is deprecated in C:\xampp\Desktop\mdcnpal\htdocs\public_html\core\app.php on line 434
[2026-07-06 18:25:29] Undefined property: app::$rs_cartmini in C:\xampp\Desktop\mdcnpal\htdocs\public_html\includes\header.php on line 131
[2026-07-06 18:25:29] Undefined array key "MDRCCustID" in C:\xampp\Desktop\mdcnpal\htdocs\public_html\includes\header.php on line 134
[2026-07-06 18:25:29] Undefined property: app::$rs_cartmini in C:\xampp\Desktop\mdcnpal\htdocs\public_html\includes\header.php on line 197
[2026-07-06 18:25:29] Undefined array key "MDRCCustID" in C:\xampp\Desktop\mdcnpal\htdocs\public_html\includes\header.php on line 200
[2026-07-06 18:25:29] Undefined property: app::$rs_cartmini in C:\xampp\Desktop\mdcnpal\htdocs\public_html\includes\header.php on line 469
[2026-07-06 18:25:29] Undefined array key "MDRCCustID" in C:\xampp\Desktop\mdcnpal\htdocs\public_html\includes\header.php on line 472
[2026-07-06 18:25:29] Undefined property: app::$rs_cartmini in C:\xampp\Desktop\mdcnpal\htdocs\public_html\includes\header.php on line 525
[2026-07-06 18:25:29] Undefined array key "MDRCCustID" in C:\xampp\Desktop\mdcnpal\htdocs\public_html\includes\header.php on line 528
[2026-07-06 18:25:29] Undefined property: app::$rs_customer in C:\xampp\Desktop\mdcnpal\htdocs\public_html\includes\header.php on line 712
[2026-07-06 18:25:29] Trying to access array offset on value of type null in C:\xampp\Desktop\mdcnpal\htdocs\public_html\includes\header.php on line 712
[2026-07-06 18:25:29] Undefined property: app::$rs_customer in C:\xampp\Desktop\mdcnpal\htdocs\public_html\includes\header.php on line 721
[2026-07-06 18:25:29] Trying to access array offset on value of type null in C:\xampp\Desktop\mdcnpal\htdocs\public_html\includes\header.php on line 721
[2026-07-06 18:25:29] Undefined property: app::$rs_customer in C:\xampp\Desktop\mdcnpal\htdocs\public_html\includes\header.php on line 730
[2026-07-06 18:25:29] Trying to access array offset on value of type null in C:\xampp\Desktop\mdcnpal\htdocs\public_html\includes\header.php on line 730
[2026-07-06 18:25:29] Undefined property: app::$rs_customer in C:\xampp\Desktop\mdcnpal\htdocs\public_html\includes\header.php on line 739
[2026-07-06 18:25:29] Trying to access array offset on value of type null in C:\xampp\Desktop\mdcnpal\htdocs\public_html\includes\header.php on line 739
[2026-07-06 18:25:29] Undefined property: app::$rs_customer in C:\xampp\Desktop\mdcnpal\htdocs\public_html\includes\footer.php on line 357
[2026-07-06 18:25:29] Trying to access array offset on value of type null in C:\xampp\Desktop\mdcnpal\htdocs\public_html\includes\footer.php on line 357
[2026-07-06 18:25:29] Undefined property: app::$rs_customer in C:\xampp\Desktop\mdcnpal\htdocs\public_html\includes\footer.php on line 366
[2026-07-06 18:25:29] Trying to access array offset on value of type null in C:\xampp\Desktop\mdcnpal\htdocs\public_html\includes\footer.php on line 366
[2026-07-06 18:25:29] Undefined property: app::$rs_customer in C:\xampp\Desktop\mdcnpal\htdocs\public_html\includes\footer.php on line 372
[2026-07-06 18:25:29] Trying to access array offset on value of type null in C:\xampp\Desktop\mdcnpal\htdocs\public_html\includes\footer.php on line 372
[2026-07-06 18:25:29] Undefined property: app::$rs_customer in C:\xampp\Desktop\mdcnpal\htdocs\public_html\includes\general_data.php on line 88
[2026-07-06 18:25:29] Trying to access array offset on value of type null in C:\xampp\Desktop\mdcnpal\htdocs\public_html\includes\general_data.php on line 88
[2026-07-06 18:25:29] Undefined array key "MDRCCustID" in C:\xampp\Desktop\mdcnpal\htdocs\public_html\includes\general_data.php on line 88
[2026-07-06 18:25:29] Undefined variable $tmpStr in C:\xampp\Desktop\mdcnpal\htdocs\public_html\core\app.php on line 969
[2026-07-06 18:25:29] Creation of dynamic property dbclass::$RECORD_SET is deprecated in C:\xampp\Desktop\mdcnpal\htdocs\public_html\core\dbclass.php on line 69
[2026-07-06 18:25:29] Creation of dynamic property dbclass::$app is deprecated in C:\xampp\Desktop\mdcnpal\htdocs\public_html\core\dbclass.php on line 75
[2026-07-06 18:25:29] Creation of dynamic property model::$foreign_tables is deprecated in C:\xampp\Desktop\mdcnpal\htdocs\public_html\core\model.php on line 43
[2026-07-06 18:25:29] Creation of dynamic property app::$inputfilter is deprecated in C:\xampp\Desktop\mdcnpal\htdocs\public_html\core\app.php on line 123
[2026-07-06 18:25:29] Creation of dynamic property app::$userconfig is deprecated in C:\xampp\Desktop\mdcnpal\htdocs\public_html\core\app.php on line 124
[2026-07-06 18:25:29] Creation of dynamic property app::$global_include is deprecated in C:\xampp\Desktop\mdcnpal\htdocs\public_html\core\app.php on line 125
[2026-07-06 18:25:29] Creation of dynamic property app::$set_cache_time is deprecated in C:\xampp\Desktop\mdcnpal\htdocs\public_html\core\app.php on line 153
[2026-07-06 18:25:29] Creation of dynamic property app::$meta is deprecated in C:\xampp\Desktop\mdcnpal\htdocs\public_html\core\app.php on line 434
[2026-07-06 18:25:29] Creation of dynamic property app::$rs_gs_city is deprecated in C:\xampp\Desktop\mdcnpal\htdocs\public_html\core\app.php on line 434
[2026-07-06 18:25:29] Creation of dynamic property app::$rs_footer_popular_item is deprecated in C:\xampp\Desktop\mdcnpal\htdocs\public_html\core\app.php on line 434
[2026-07-06 18:25:29] Creation of dynamic property app::$rs_footer_popular_test is deprecated in C:\xampp\Desktop\mdcnpal\htdocs\public_html\core\app.php on line 434
[2026-07-06 18:25:29] Creation of dynamic property app::$rs_testimonial is deprecated in C:\xampp\Desktop\mdcnpal\htdocs\public_html\core\app.php on line 434
[2026-07-06 18:25:29] Creation of dynamic property app::$admin is deprecated in C:\xampp\Desktop\mdcnpal\htdocs\public_html\core\app.php on line 434
[2026-07-06 18:25:29] Undefined array key 0 in C:\xampp\Desktop\mdcnpal\htdocs\public_html\core\global_include.php on line 514
[2026-07-06 18:25:29] Creation of dynamic property app::$popup is deprecated in C:\xampp\Desktop\mdcnpal\htdocs\public_html\core\app.php on line 434
[2026-07-06 18:25:29] Undefined array key "MDRCCustID" in C:\xampp\Desktop\mdcnpal\htdocs\public_html\core\global_include.php on line 515
[2026-07-06 18:25:29] Undefined array key "MDRCToken" in C:\xampp\Desktop\mdcnpal\htdocs\public_html\core\global_include.php on line 515
[2026-07-06 18:25:29] Creation of dynamic property app::$rscategory is deprecated in C:\xampp\Desktop\mdcnpal\htdocs\public_html\core\app.php on line 434
[2026-07-06 18:25:29] Creation of dynamic property app::$rs_pages is deprecated in C:\xampp\Desktop\mdcnpal\htdocs\public_html\core\app.php on line 434
[2026-07-06 18:25:29] Creation of dynamic property app::$gs is deprecated in C:\xampp\Desktop\mdcnpal\htdocs\public_html\core\app.php on line 434
[2026-07-06 18:25:29] Undefined array key "MDRCCustID" in C:\xampp\Desktop\mdcnpal\htdocs\public_html\core\global_include.php on line 596
[2026-07-06 18:25:29] Undefined array key "MDRCCustID" in C:\xampp\Desktop\mdcnpal\htdocs\public_html\core\global_include.php on line 615
[2026-07-06 18:25:29] Undefined variable $getId in C:\xampp\Desktop\mdcnpal\htdocs\public_html\core\global_include.php on line 684
[2026-07-06 18:25:29] Undefined variable $getName in C:\xampp\Desktop\mdcnpal\htdocs\public_html\core\global_include.php on line 685
[2026-07-06 18:25:29] Undefined array key 0 in C:\xampp\Desktop\mdcnpal\htdocs\public_html\core\global_include.php on line 810
[2026-07-06 18:25:29] Creation of dynamic property app::$rs_offer_msg is deprecated in C:\xampp\Desktop\mdcnpal\htdocs\public_html\core\app.php on line 434
[2026-07-06 18:25:29] Creation of dynamic property app::$rs_for_doctors is deprecated in C:\xampp\Desktop\mdcnpal\htdocs\public_html\core\app.php on line 434
[2026-07-06 18:25:29] Undefined property: app::$rs_cartmini in C:\xampp\Desktop\mdcnpal\htdocs\public_html\includes\header.php on line 131
[2026-07-06 18:25:29] Undefined array key "MDRCCustID" in C:\xampp\Desktop\mdcnpal\htdocs\public_html\includes\header.php on line 134
[2026-07-06 18:25:29] Undefined property: app::$rs_cartmini in C:\xampp\Desktop\mdcnpal\htdocs\public_html\includes\header.php on line 197
[2026-07-06 18:25:29] Undefined array key "MDRCCustID" in C:\xampp\Desktop\mdcnpal\htdocs\public_html\includes\header.php on line 200
[2026-07-06 18:25:29] Undefined property: app::$rs_cartmini in C:\xampp\Desktop\mdcnpal\htdocs\public_html\includes\header.php on line 469
[2026-07-06 18:25:29] Undefined array key "MDRCCustID" in C:\xampp\Desktop\mdcnpal\htdocs\public_html\includes\header.php on line 472
[2026-07-06 18:25:29] Undefined property: app::$rs_cartmini in C:\xampp\Desktop\mdcnpal\htdocs\public_html\includes\header.php on line 525
[2026-07-06 18:25:29] Undefined array key "MDRCCustID" in C:\xampp\Desktop\mdcnpal\htdocs\public_html\includes\header.php on line 528
[2026-07-06 18:25:29] Undefined property: app::$rs_customer in C:\xampp\Desktop\mdcnpal\htdocs\public_html\includes\header.php on line 712
[2026-07-06 18:25:29] Trying to access array offset on value of type null in C:\xampp\Desktop\mdcnpal\htdocs\public_html\includes\header.php on line 712
[2026-07-06 18:25:29] Undefined property: app::$rs_customer in C:\xampp\Desktop\mdcnpal\htdocs\public_html\includes\header.php on line 721
[2026-07-06 18:25:29] Trying to access array offset on value of type null in C:\xampp\Desktop\mdcnpal\htdocs\public_html\includes\header.php on line 721
[2026-07-06 18:25:29] Undefined property: app::$rs_customer in C:\xampp\Desktop\mdcnpal\htdocs\public_html\includes\header.php on line 730
[2026-07-06 18:25:29] Trying to access array offset on value of type null in C:\xampp\Desktop\mdcnpal\htdocs\public_html\includes\header.php on line 730
[2026-07-06 18:25:29] Undefined property: app::$rs_customer in C:\xampp\Desktop\mdcnpal\htdocs\public_html\includes\header.php on line 739
[2026-07-06 18:25:29] Trying to access array offset on value of type null in C:\xampp\Desktop\mdcnpal\htdocs\public_html\includes\header.php on line 739
[2026-07-06 18:25:29] Undefined property: app::$rs_customer in C:\xampp\Desktop\mdcnpal\htdocs\public_html\includes\footer.php on line 357
[2026-07-06 18:25:29] Trying to access array offset on value of type null in C:\xampp\Desktop\mdcnpal\htdocs\public_html\includes\footer.php on line 357
[2026-07-06 18:25:29] Undefined property: app::$rs_customer in C:\xampp\Desktop\mdcnpal\htdocs\public_html\includes\footer.php on line 366
[2026-07-06 18:25:29] Trying to access array offset on value of type null in C:\xampp\Desktop\mdcnpal\htdocs\public_html\includes\footer.php on line 366
[2026-07-06 18:25:29] Undefined property: app::$rs_customer in C:\xampp\Desktop\mdcnpal\htdocs\public_html\includes\footer.php on line 372
[2026-07-06 18:25:29] Trying to access array offset on value of type null in C:\xampp\Desktop\mdcnpal\htdocs\public_html\includes\footer.php on line 372
[2026-07-06 18:25:29] Undefined property: app::$rs_customer in C:\xampp\Desktop\mdcnpal\htdocs\public_html\includes\general_data.php on line 88
[2026-07-06 18:25:29] Trying to access array offset on value of type null in C:\xampp\Desktop\mdcnpal\htdocs\public_html\includes\general_data.php on line 88
[2026-07-06 18:25:29] Undefined array key "MDRCCustID" in C:\xampp\Desktop\mdcnpal\htdocs\public_html\includes\general_data.php on line 88
[2026-07-06 18:25:29] Undefined variable $tmpStr in C:\xampp\Desktop\mdcnpal\htdocs\public_html\core\app.php on line 969
[2026-07-06 18:25:29] Creation of dynamic property dbclass::$RECORD_SET is deprecated in C:\xampp\Desktop\mdcnpal\htdocs\public_html\core\dbclass.php on line 69
[2026-07-06 18:25:29] Creation of dynamic property dbclass::$app is deprecated in C:\xampp\Desktop\mdcnpal\htdocs\public_html\core\dbclass.php on line 75
[2026-07-06 18:25:29] Creation of dynamic property model::$foreign_tables is deprecated in C:\xampp\Desktop\mdcnpal\htdocs\public_html\core\model.php on line 43
[2026-07-06 18:25:29] Creation of dynamic property app::$inputfilter is deprecated in C:\xampp\Desktop\mdcnpal\htdocs\public_html\core\app.php on line 123
[2026-07-06 18:25:29] Creation of dynamic property app::$userconfig is deprecated in C:\xampp\Desktop\mdcnpal\htdocs\public_html\core\app.php on line 124
[2026-07-06 18:25:29] Creation of dynamic property app::$global_include is deprecated in C:\xampp\Desktop\mdcnpal\htdocs\public_html\core\app.php on line 125
[2026-07-06 18:25:29] Creation of dynamic property app::$set_cache_time is deprecated in C:\xampp\Desktop\mdcnpal\htdocs\public_html\core\app.php on line 153
[2026-07-06 18:25:29] Creation of dynamic property app::$meta is deprecated in C:\xampp\Desktop\mdcnpal\htdocs\public_html\core\app.php on line 434
[2026-07-06 18:25:29] Creation of dynamic property app::$rs_gs_city is deprecated in C:\xampp\Desktop\mdcnpal\htdocs\public_html\core\app.php on line 434
[2026-07-06 18:25:29] Creation of dynamic property app::$rs_footer_popular_item is deprecated in C:\xampp\Desktop\mdcnpal\htdocs\public_html\core\app.php on line 434
[2026-07-06 18:25:29] Creation of dynamic property app::$rs_footer_popular_test is deprecated in C:\xampp\Desktop\mdcnpal\htdocs\public_html\core\app.php on line 434
[2026-07-06 18:25:29] Creation of dynamic property app::$rs_testimonial is deprecated in C:\xampp\Desktop\mdcnpal\htdocs\public_html\core\app.php on line 434
[2026-07-06 18:25:29] Creation of dynamic property app::$admin is deprecated in C:\xampp\Desktop\mdcnpal\htdocs\public_html\core\app.php on line 434
[2026-07-06 18:25:29] Undefined array key 0 in C:\xampp\Desktop\mdcnpal\htdocs\public_html\core\global_include.php on line 514
[2026-07-06 18:25:29] Creation of dynamic property app::$popup is deprecated in C:\xampp\Desktop\mdcnpal\htdocs\public_html\core\app.php on line 434
[2026-07-06 18:25:29] Undefined array key "MDRCCustID" in C:\xampp\Desktop\mdcnpal\htdocs\public_html\core\global_include.php on line 515
[2026-07-06 18:25:29] Undefined array key "MDRCToken" in C:\xampp\Desktop\mdcnpal\htdocs\public_html\core\global_include.php on line 515
[2026-07-06 18:25:29] Creation of dynamic property app::$rscategory is deprecated in C:\xampp\Desktop\mdcnpal\htdocs\public_html\core\app.php on line 434
[2026-07-06 18:25:29] Creation of dynamic property app::$rs_pages is deprecated in C:\xampp\Desktop\mdcnpal\htdocs\public_html\core\app.php on line 434
[2026-07-06 18:25:29] Creation of dynamic property app::$gs is deprecated in C:\xampp\Desktop\mdcnpal\htdocs\public_html\core\app.php on line 434
[2026-07-06 18:25:29] Undefined array key "MDRCCustID" in C:\xampp\Desktop\mdcnpal\htdocs\public_html\core\global_include.php on line 596
[2026-07-06 18:25:29] Undefined array key "MDRCCustID" in C:\xampp\Desktop\mdcnpal\htdocs\public_html\core\global_include.php on line 615
[2026-07-06 18:25:29] Undefined variable $getId in C:\xampp\Desktop\mdcnpal\htdocs\public_html\core\global_include.php on line 684
[2026-07-06 18:25:29] Undefined variable $getName in C:\xampp\Desktop\mdcnpal\htdocs\public_html\core\global_include.php on line 685
[2026-07-06 18:25:29] Undefined array key 0 in C:\xampp\Desktop\mdcnpal\htdocs\public_html\core\global_include.php on line 810
[2026-07-06 18:25:29] Creation of dynamic property app::$rs_offer_msg is deprecated in C:\xampp\Desktop\mdcnpal\htdocs\public_html\core\app.php on line 434
[2026-07-06 18:25:29] Creation of dynamic property app::$rs_for_doctors is deprecated in C:\xampp\Desktop\mdcnpal\htdocs\public_html\core\app.php on line 434
[2026-07-06 18:25:29] Undefined property: app::$rs_cartmini in C:\xampp\Desktop\mdcnpal\htdocs\public_html\includes\header.php on line 131
[2026-07-06 18:25:29] Undefined array key "MDRCCustID" in C:\xampp\Desktop\mdcnpal\htdocs\public_html\includes\header.php on line 134
[2026-07-06 18:25:29] Undefined property: app::$rs_cartmini in C:\xampp\Desktop\mdcnpal\htdocs\public_html\includes\header.php on line 197
[2026-07-06 18:25:29] Undefined array key "MDRCCustID" in C:\xampp\Desktop\mdcnpal\htdocs\public_html\includes\header.php on line 200
[2026-07-06 18:25:30] Undefined property: app::$rs_cartmini in C:\xampp\Desktop\mdcnpal\htdocs\public_html\includes\header.php on line 469
[2026-07-06 18:25:30] Undefined array key "MDRCCustID" in C:\xampp\Desktop\mdcnpal\htdocs\public_html\includes\header.php on line 472
[2026-07-06 18:25:30] Undefined property: app::$rs_cartmini in C:\xampp\Desktop\mdcnpal\htdocs\public_html\includes\header.php on line 525
[2026-07-06 18:25:30] Undefined array key "MDRCCustID" in C:\xampp\Desktop\mdcnpal\htdocs\public_html\includes\header.php on line 528
[2026-07-06 18:25:30] Undefined property: app::$rs_customer in C:\xampp\Desktop\mdcnpal\htdocs\public_html\includes\header.php on line 712
[2026-07-06 18:25:30] Trying to access array offset on value of type null in C:\xampp\Desktop\mdcnpal\htdocs\public_html\includes\header.php on line 712
[2026-07-06 18:25:30] Undefined property: app::$rs_customer in C:\xampp\Desktop\mdcnpal\htdocs\public_html\includes\header.php on line 721
[2026-07-06 18:25:30] Trying to access array offset on value of type null in C:\xampp\Desktop\mdcnpal\htdocs\public_html\includes\header.php on line 721
[2026-07-06 18:25:30] Undefined property: app::$rs_customer in C:\xampp\Desktop\mdcnpal\htdocs\public_html\includes\header.php on line 730
[2026-07-06 18:25:30] Trying to access array offset on value of type null in C:\xampp\Desktop\mdcnpal\htdocs\public_html\includes\header.php on line 730
[2026-07-06 18:25:30] Undefined property: app::$rs_customer in C:\xampp\Desktop\mdcnpal\htdocs\public_html\includes\header.php on line 739
[2026-07-06 18:25:30] Trying to access array offset on value of type null in C:\xampp\Desktop\mdcnpal\htdocs\public_html\includes\header.php on line 739
[2026-07-06 18:25:30] Undefined property: app::$rs_customer in C:\xampp\Desktop\mdcnpal\htdocs\public_html\includes\footer.php on line 357
[2026-07-06 18:25:30] Trying to access array offset on value of type null in C:\xampp\Desktop\mdcnpal\htdocs\public_html\includes\footer.php on line 357
[2026-07-06 18:25:30] Undefined property: app::$rs_customer in C:\xampp\Desktop\mdcnpal\htdocs\public_html\includes\footer.php on line 366
[2026-07-06 18:25:30] Trying to access array offset on value of type null in C:\xampp\Desktop\mdcnpal\htdocs\public_html\includes\footer.php on line 366
[2026-07-06 18:25:30] Undefined property: app::$rs_customer in C:\xampp\Desktop\mdcnpal\htdocs\public_html\includes\footer.php on line 372
[2026-07-06 18:25:30] Trying to access array offset on value of type null in C:\xampp\Desktop\mdcnpal\htdocs\public_html\includes\footer.php on line 372
[2026-07-06 18:25:30] Undefined property: app::$rs_customer in C:\xampp\Desktop\mdcnpal\htdocs\public_html\includes\general_data.php on line 88
[2026-07-06 18:25:30] Trying to access array offset on value of type null in C:\xampp\Desktop\mdcnpal\htdocs\public_html\includes\general_data.php on line 88
[2026-07-06 18:25:30] Undefined array key "MDRCCustID" in C:\xampp\Desktop\mdcnpal\htdocs\public_html\includes\general_data.php on line 88
[2026-07-06 18:25:30] Undefined variable $tmpStr in C:\xampp\Desktop\mdcnpal\htdocs\public_html\core\app.php on line 969
[2026-07-06 18:25:30] Creation of dynamic property dbclass::$RECORD_SET is deprecated in C:\xampp\Desktop\mdcnpal\htdocs\public_html\core\dbclass.php on line 69
[2026-07-06 18:25:30] Creation of dynamic property dbclass::$app is deprecated in C:\xampp\Desktop\mdcnpal\htdocs\public_html\core\dbclass.php on line 75
[2026-07-06 18:25:30] Creation of dynamic property model::$foreign_tables is deprecated in C:\xampp\Desktop\mdcnpal\htdocs\public_html\core\model.php on line 43
[2026-07-06 18:25:30] Creation of dynamic property app::$inputfilter is deprecated in C:\xampp\Desktop\mdcnpal\htdocs\public_html\core\app.php on line 123
[2026-07-06 18:25:30] Creation of dynamic property app::$userconfig is deprecated in C:\xampp\Desktop\mdcnpal\htdocs\public_html\core\app.php on line 124
[2026-07-06 18:25:30] Creation of dynamic property app::$global_include is deprecated in C:\xampp\Desktop\mdcnpal\htdocs\public_html\core\app.php on line 125
[2026-07-06 18:25:30] Creation of dynamic property app::$set_cache_time is deprecated in C:\xampp\Desktop\mdcnpal\htdocs\public_html\core\app.php on line 153
[2026-07-06 18:25:30] Creation of dynamic property app::$meta is deprecated in C:\xampp\Desktop\mdcnpal\htdocs\public_html\core\app.php on line 434
[2026-07-06 18:25:30] Creation of dynamic property app::$rs_gs_city is deprecated in C:\xampp\Desktop\mdcnpal\htdocs\public_html\core\app.php on line 434
[2026-07-06 18:25:30] Creation of dynamic property app::$rs_footer_popular_item is deprecated in C:\xampp\Desktop\mdcnpal\htdocs\public_html\core\app.php on line 434
[2026-07-06 18:25:30] Creation of dynamic property app::$rs_footer_popular_test is deprecated in C:\xampp\Desktop\mdcnpal\htdocs\public_html\core\app.php on line 434
[2026-07-06 18:25:30] Creation of dynamic property app::$rs_testimonial is deprecated in C:\xampp\Desktop\mdcnpal\htdocs\public_html\core\app.php on line 434
[2026-07-06 18:25:30] Creation of dynamic property app::$admin is deprecated in C:\xampp\Desktop\mdcnpal\htdocs\public_html\core\app.php on line 434
[2026-07-06 18:25:30] Undefined array key 0 in C:\xampp\Desktop\mdcnpal\htdocs\public_html\core\global_include.php on line 514
[2026-07-06 18:25:30] Creation of dynamic property app::$popup is deprecated in C:\xampp\Desktop\mdcnpal\htdocs\public_html\core\app.php on line 434
[2026-07-06 18:25:30] Undefined array key "MDRCCustID" in C:\xampp\Desktop\mdcnpal\htdocs\public_html\core\global_include.php on line 515
[2026-07-06 18:25:30] Undefined array key "MDRCToken" in C:\xampp\Desktop\mdcnpal\htdocs\public_html\core\global_include.php on line 515
[2026-07-06 18:25:30] Creation of dynamic property app::$rscategory is deprecated in C:\xampp\Desktop\mdcnpal\htdocs\public_html\core\app.php on line 434
[2026-07-06 18:25:30] Creation of dynamic property app::$rs_pages is deprecated in C:\xampp\Desktop\mdcnpal\htdocs\public_html\core\app.php on line 434
[2026-07-06 18:25:30] Creation of dynamic property app::$gs is deprecated in C:\xampp\Desktop\mdcnpal\htdocs\public_html\core\app.php on line 434
[2026-07-06 18:25:30] Undefined array key "MDRCCustID" in C:\xampp\Desktop\mdcnpal\htdocs\public_html\core\global_include.php on line 596
[2026-07-06 18:25:30] Undefined array key "MDRCCustID" in C:\xampp\Desktop\mdcnpal\htdocs\public_html\core\global_include.php on line 615
[2026-07-06 18:25:30] Undefined variable $getId in C:\xampp\Desktop\mdcnpal\htdocs\public_html\core\global_include.php on line 684
[2026-07-06 18:25:30] Undefined variable $getName in C:\xampp\Desktop\mdcnpal\htdocs\public_html\core\global_include.php on line 685
[2026-07-06 18:25:30] Undefined array key 0 in C:\xampp\Desktop\mdcnpal\htdocs\public_html\core\global_include.php on line 810
[2026-07-06 18:25:30] Creation of dynamic property app::$rs_offer_msg is deprecated in C:\xampp\Desktop\mdcnpal\htdocs\public_html\core\app.php on line 434
[2026-07-06 18:25:30] Creation of dynamic property app::$rs_for_doctors is deprecated in C:\xampp\Desktop\mdcnpal\htdocs\public_html\core\app.php on line 434
[2026-07-06 18:25:30] Undefined property: app::$rs_cartmini in C:\xampp\Desktop\mdcnpal\htdocs\public_html\includes\header.php on line 131
[2026-07-06 18:25:30] Undefined array key "MDRCCustID" in C:\xampp\Desktop\mdcnpal\htdocs\public_html\includes\header.php on line 134
[2026-07-06 18:25:30] Undefined property: app::$rs_cartmini in C:\xampp\Desktop\mdcnpal\htdocs\public_html\includes\header.php on line 197
[2026-07-06 18:25:30] Undefined array key "MDRCCustID" in C:\xampp\Desktop\mdcnpal\htdocs\public_html\includes\header.php on line 200
[2026-07-06 18:25:30] Undefined property: app::$rs_cartmini in C:\xampp\Desktop\mdcnpal\htdocs\public_html\includes\header.php on line 469
[2026-07-06 18:25:30] Undefined array key "MDRCCustID" in C:\xampp\Desktop\mdcnpal\htdocs\public_html\includes\header.php on line 472
[2026-07-06 18:25:30] Undefined property: app::$rs_cartmini in C:\xampp\Desktop\mdcnpal\htdocs\public_html\includes\header.php on line 525
[2026-07-06 18:25:30] Undefined array key "MDRCCustID" in C:\xampp\Desktop\mdcnpal\htdocs\public_html\includes\header.php on line 528
[2026-07-06 18:25:30] Undefined property: app::$rs_customer in C:\xampp\Desktop\mdcnpal\htdocs\public_html\includes\header.php on line 712
[2026-07-06 18:25:30] Trying to access array offset on value of type null in C:\xampp\Desktop\mdcnpal\htdocs\public_html\includes\header.php on line 712
[2026-07-06 18:25:30] Undefined property: app::$rs_customer in C:\xampp\Desktop\mdcnpal\htdocs\public_html\includes\header.php on line 721
[2026-07-06 18:25:30] Trying to access array offset on value of type null in C:\xampp\Desktop\mdcnpal\htdocs\public_html\includes\header.php on line 721
[2026-07-06 18:25:30] Undefined property: app::$rs_customer in C:\xampp\Desktop\mdcnpal\htdocs\public_html\includes\header.php on line 730
[2026-07-06 18:25:30] Trying to access array offset on value of type null in C:\xampp\Desktop\mdcnpal\htdocs\public_html\includes\header.php on line 730
[2026-07-06 18:25:30] Undefined property: app::$rs_customer in C:\xampp\Desktop\mdcnpal\htdocs\public_html\includes\header.php on line 739
[2026-07-06 18:25:30] Trying to access array offset on value of type null in C:\xampp\Desktop\mdcnpal\htdocs\public_html\includes\header.php on line 739
[2026-07-06 18:25:30] Undefined property: app::$rs_customer in C:\xampp\Desktop\mdcnpal\htdocs\public_html\includes\footer.php on line 357
[2026-07-06 18:25:30] Trying to access array offset on value of type null in C:\xampp\Desktop\mdcnpal\htdocs\public_html\includes\footer.php on line 357
[2026-07-06 18:25:30] Undefined property: app::$rs_customer in C:\xampp\Desktop\mdcnpal\htdocs\public_html\includes\footer.php on line 366
[2026-07-06 18:25:30] Trying to access array offset on value of type null in C:\xampp\Desktop\mdcnpal\htdocs\public_html\includes\footer.php on line 366
[2026-07-06 18:25:30] Undefined property: app::$rs_customer in C:\xampp\Desktop\mdcnpal\htdocs\public_html\includes\footer.php on line 372
[2026-07-06 18:25:30] Trying to access array offset on value of type null in C:\xampp\Desktop\mdcnpal\htdocs\public_html\includes\footer.php on line 372
[2026-07-06 18:25:30] Undefined property: app::$rs_customer in C:\xampp\Desktop\mdcnpal\htdocs\public_html\includes\general_data.php on line 88
[2026-07-06 18:25:30] Trying to access array offset on value of type null in C:\xampp\Desktop\mdcnpal\htdocs\public_html\includes\general_data.php on line 88
[2026-07-06 18:25:30] Undefined array key "MDRCCustID" in C:\xampp\Desktop\mdcnpal\htdocs\public_html\includes\general_data.php on line 88
[2026-07-06 18:25:30] Undefined variable $tmpStr in C:\xampp\Desktop\mdcnpal\htdocs\public_html\core\app.php on line 969
[2026-07-06 18:25:30] Creation of dynamic property dbclass::$RECORD_SET is deprecated in C:\xampp\Desktop\mdcnpal\htdocs\public_html\core\dbclass.php on line 69
[2026-07-06 18:25:30] Creation of dynamic property dbclass::$app is deprecated in C:\xampp\Desktop\mdcnpal\htdocs\public_html\core\dbclass.php on line 75
[2026-07-06 18:25:30] Creation of dynamic property model::$foreign_tables is deprecated in C:\xampp\Desktop\mdcnpal\htdocs\public_html\core\model.php on line 43
[2026-07-06 18:25:30] Creation of dynamic property app::$inputfilter is deprecated in C:\xampp\Desktop\mdcnpal\htdocs\public_html\core\app.php on line 123
[2026-07-06 18:25:30] Creation of dynamic property app::$userconfig is deprecated in C:\xampp\Desktop\mdcnpal\htdocs\public_html\core\app.php on line 124
[2026-07-06 18:25:30] Creation of dynamic property app::$global_include is deprecated in C:\xampp\Desktop\mdcnpal\htdocs\public_html\core\app.php on line 125
[2026-07-06 18:25:30] Creation of dynamic property app::$set_cache_time is deprecated in C:\xampp\Desktop\mdcnpal\htdocs\public_html\core\app.php on line 153
[2026-07-06 18:25:31] Creation of dynamic property app::$meta is deprecated in C:\xampp\Desktop\mdcnpal\htdocs\public_html\core\app.php on line 434
[2026-07-06 18:25:31] Creation of dynamic property app::$rs_gs_city is deprecated in C:\xampp\Desktop\mdcnpal\htdocs\public_html\core\app.php on line 434
[2026-07-06 18:25:31] Creation of dynamic property app::$rs_footer_popular_item is deprecated in C:\xampp\Desktop\mdcnpal\htdocs\public_html\core\app.php on line 434
[2026-07-06 18:25:31] Creation of dynamic property app::$rs_footer_popular_test is deprecated in C:\xampp\Desktop\mdcnpal\htdocs\public_html\core\app.php on line 434
[2026-07-06 18:25:31] Creation of dynamic property app::$rs_testimonial is deprecated in C:\xampp\Desktop\mdcnpal\htdocs\public_html\core\app.php on line 434
[2026-07-06 18:25:31] Creation of dynamic property app::$admin is deprecated in C:\xampp\Desktop\mdcnpal\htdocs\public_html\core\app.php on line 434
[2026-07-06 18:25:31] Undefined array key 0 in C:\xampp\Desktop\mdcnpal\htdocs\public_html\core\global_include.php on line 514
[2026-07-06 18:25:31] Creation of dynamic property app::$popup is deprecated in C:\xampp\Desktop\mdcnpal\htdocs\public_html\core\app.php on line 434
[2026-07-06 18:25:31] Undefined array key "MDRCCustID" in C:\xampp\Desktop\mdcnpal\htdocs\public_html\core\global_include.php on line 515
[2026-07-06 18:25:31] Undefined array key "MDRCToken" in C:\xampp\Desktop\mdcnpal\htdocs\public_html\core\global_include.php on line 515
[2026-07-06 18:25:31] Creation of dynamic property app::$rscategory is deprecated in C:\xampp\Desktop\mdcnpal\htdocs\public_html\core\app.php on line 434
[2026-07-06 18:25:31] Creation of dynamic property app::$rs_pages is deprecated in C:\xampp\Desktop\mdcnpal\htdocs\public_html\core\app.php on line 434
[2026-07-06 18:25:31] Creation of dynamic property app::$gs is deprecated in C:\xampp\Desktop\mdcnpal\htdocs\public_html\core\app.php on line 434
[2026-07-06 18:25:31] Undefined array key "MDRCCustID" in C:\xampp\Desktop\mdcnpal\htdocs\public_html\core\global_include.php on line 596
[2026-07-06 18:25:31] Undefined array key "MDRCCustID" in C:\xampp\Desktop\mdcnpal\htdocs\public_html\core\global_include.php on line 615
[2026-07-06 18:25:31] Undefined variable $getId in C:\xampp\Desktop\mdcnpal\htdocs\public_html\core\global_include.php on line 684
[2026-07-06 18:25:31] Undefined variable $getName in C:\xampp\Desktop\mdcnpal\htdocs\public_html\core\global_include.php on line 685
[2026-07-06 18:25:31] Undefined array key 0 in C:\xampp\Desktop\mdcnpal\htdocs\public_html\core\global_include.php on line 810
[2026-07-06 18:25:31] Creation of dynamic property app::$rs_offer_msg is deprecated in C:\xampp\Desktop\mdcnpal\htdocs\public_html\core\app.php on line 434
[2026-07-06 18:25:31] Creation of dynamic property app::$rs_for_doctors is deprecated in C:\xampp\Desktop\mdcnpal\htdocs\public_html\core\app.php on line 434
[2026-07-06 18:25:31] Undefined property: app::$rs_cartmini in C:\xampp\Desktop\mdcnpal\htdocs\public_html\includes\header.php on line 131
[2026-07-06 18:25:31] Undefined array key "MDRCCustID" in C:\xampp\Desktop\mdcnpal\htdocs\public_html\includes\header.php on line 134
[2026-07-06 18:25:31] Undefined property: app::$rs_cartmini in C:\xampp\Desktop\mdcnpal\htdocs\public_html\includes\header.php on line 197
[2026-07-06 18:25:31] Undefined array key "MDRCCustID" in C:\xampp\Desktop\mdcnpal\htdocs\public_html\includes\header.php on line 200
[2026-07-06 18:25:31] Undefined property: app::$rs_cartmini in C:\xampp\Desktop\mdcnpal\htdocs\public_html\includes\header.php on line 469
[2026-07-06 18:25:31] Undefined array key "MDRCCustID" in C:\xampp\Desktop\mdcnpal\htdocs\public_html\includes\header.php on line 472
[2026-07-06 18:25:31] Undefined property: app::$rs_cartmini in C:\xampp\Desktop\mdcnpal\htdocs\public_html\includes\header.php on line 525
[2026-07-06 18:25:31] Undefined array key "MDRCCustID" in C:\xampp\Desktop\mdcnpal\htdocs\public_html\includes\header.php on line 528
[2026-07-06 18:25:31] Undefined property: app::$rs_customer in C:\xampp\Desktop\mdcnpal\htdocs\public_html\includes\header.php on line 712
[2026-07-06 18:25:31] Trying to access array offset on value of type null in C:\xampp\Desktop\mdcnpal\htdocs\public_html\includes\header.php on line 712
[2026-07-06 18:25:31] Undefined property: app::$rs_customer in C:\xampp\Desktop\mdcnpal\htdocs\public_html\includes\header.php on line 721
[2026-07-06 18:25:31] Trying to access array offset on value of type null in C:\xampp\Desktop\mdcnpal\htdocs\public_html\includes\header.php on line 721
[2026-07-06 18:25:31] Undefined property: app::$rs_customer in C:\xampp\Desktop\mdcnpal\htdocs\public_html\includes\header.php on line 730
[2026-07-06 18:25:31] Trying to access array offset on value of type null in C:\xampp\Desktop\mdcnpal\htdocs\public_html\includes\header.php on line 730
[2026-07-06 18:25:31] Undefined property: app::$rs_customer in C:\xampp\Desktop\mdcnpal\htdocs\public_html\includes\header.php on line 739
[2026-07-06 18:25:31] Trying to access array offset on value of type null in C:\xampp\Desktop\mdcnpal\htdocs\public_html\includes\header.php on line 739
[2026-07-06 18:25:31] Undefined property: app::$rs_customer in C:\xampp\Desktop\mdcnpal\htdocs\public_html\includes\footer.php on line 357
[2026-07-06 18:25:31] Trying to access array offset on value of type null in C:\xampp\Desktop\mdcnpal\htdocs\public_html\includes\footer.php on line 357
[2026-07-06 18:25:31] Undefined property: app::$rs_customer in C:\xampp\Desktop\mdcnpal\htdocs\public_html\includes\footer.php on line 366
[2026-07-06 18:25:31] Trying to access array offset on value of type null in C:\xampp\Desktop\mdcnpal\htdocs\public_html\includes\footer.php on line 366
[2026-07-06 18:25:31] Undefined property: app::$rs_customer in C:\xampp\Desktop\mdcnpal\htdocs\public_html\includes\footer.php on line 372
[2026-07-06 18:25:31] Trying to access array offset on value of type null in C:\xampp\Desktop\mdcnpal\htdocs\public_html\includes\footer.php on line 372
[2026-07-06 18:25:31] Undefined property: app::$rs_customer in C:\xampp\Desktop\mdcnpal\htdocs\public_html\includes\general_data.php on line 88
[2026-07-06 18:25:31] Trying to access array offset on value of type null in C:\xampp\Desktop\mdcnpal\htdocs\public_html\includes\general_data.php on line 88
[2026-07-06 18:25:31] Undefined array key "MDRCCustID" in C:\xampp\Desktop\mdcnpal\htdocs\public_html\includes\general_data.php on line 88
[2026-07-06 18:25:31] Undefined variable $tmpStr in C:\xampp\Desktop\mdcnpal\htdocs\public_html\core\app.php on line 969
[2026-07-06 18:25:31] Creation of dynamic property dbclass::$RECORD_SET is deprecated in C:\xampp\Desktop\mdcnpal\htdocs\public_html\core\dbclass.php on line 69
[2026-07-06 18:25:31] Creation of dynamic property dbclass::$app is deprecated in C:\xampp\Desktop\mdcnpal\htdocs\public_html\core\dbclass.php on line 75
[2026-07-06 18:25:31] Creation of dynamic property model::$foreign_tables is deprecated in C:\xampp\Desktop\mdcnpal\htdocs\public_html\core\model.php on line 43
[2026-07-06 18:25:31] Creation of dynamic property app::$inputfilter is deprecated in C:\xampp\Desktop\mdcnpal\htdocs\public_html\core\app.php on line 123
[2026-07-06 18:25:31] Creation of dynamic property app::$userconfig is deprecated in C:\xampp\Desktop\mdcnpal\htdocs\public_html\core\app.php on line 124
[2026-07-06 18:25:31] Creation of dynamic property app::$global_include is deprecated in C:\xampp\Desktop\mdcnpal\htdocs\public_html\core\app.php on line 125
[2026-07-06 18:25:31] Creation of dynamic property app::$set_cache_time is deprecated in C:\xampp\Desktop\mdcnpal\htdocs\public_html\core\app.php on line 153
[2026-07-06 18:25:31] Creation of dynamic property app::$meta is deprecated in C:\xampp\Desktop\mdcnpal\htdocs\public_html\core\app.php on line 434
[2026-07-06 18:25:31] Creation of dynamic property app::$rs_gs_city is deprecated in C:\xampp\Desktop\mdcnpal\htdocs\public_html\core\app.php on line 434
[2026-07-06 18:25:31] Creation of dynamic property app::$rs_footer_popular_item is deprecated in C:\xampp\Desktop\mdcnpal\htdocs\public_html\core\app.php on line 434
[2026-07-06 18:25:31] Creation of dynamic property app::$rs_footer_popular_test is deprecated in C:\xampp\Desktop\mdcnpal\htdocs\public_html\core\app.php on line 434
[2026-07-06 18:25:31] Creation of dynamic property app::$rs_testimonial is deprecated in C:\xampp\Desktop\mdcnpal\htdocs\public_html\core\app.php on line 434
[2026-07-06 18:25:31] Creation of dynamic property app::$admin is deprecated in C:\xampp\Desktop\mdcnpal\htdocs\public_html\core\app.php on line 434
[2026-07-06 18:25:31] Undefined array key 0 in C:\xampp\Desktop\mdcnpal\htdocs\public_html\core\global_include.php on line 514
[2026-07-06 18:25:31] Creation of dynamic property app::$popup is deprecated in C:\xampp\Desktop\mdcnpal\htdocs\public_html\core\app.php on line 434
[2026-07-06 18:25:31] Undefined array key "MDRCCustID" in C:\xampp\Desktop\mdcnpal\htdocs\public_html\core\global_include.php on line 515
[2026-07-06 18:25:31] Undefined array key "MDRCToken" in C:\xampp\Desktop\mdcnpal\htdocs\public_html\core\global_include.php on line 515
[2026-07-06 18:25:31] Creation of dynamic property app::$rscategory is deprecated in C:\xampp\Desktop\mdcnpal\htdocs\public_html\core\app.php on line 434
[2026-07-06 18:25:31] Creation of dynamic property app::$rs_pages is deprecated in C:\xampp\Desktop\mdcnpal\htdocs\public_html\core\app.php on line 434
[2026-07-06 18:25:31] Creation of dynamic property app::$gs is deprecated in C:\xampp\Desktop\mdcnpal\htdocs\public_html\core\app.php on line 434
[2026-07-06 18:25:31] Undefined array key "MDRCCustID" in C:\xampp\Desktop\mdcnpal\htdocs\public_html\core\global_include.php on line 596
[2026-07-06 18:25:31] Undefined array key "MDRCCustID" in C:\xampp\Desktop\mdcnpal\htdocs\public_html\core\global_include.php on line 615
[2026-07-06 18:25:31] Undefined variable $getId in C:\xampp\Desktop\mdcnpal\htdocs\public_html\core\global_include.php on line 684
[2026-07-06 18:25:31] Undefined variable $getName in C:\xampp\Desktop\mdcnpal\htdocs\public_html\core\global_include.php on line 685
[2026-07-06 18:25:31] Undefined array key 0 in C:\xampp\Desktop\mdcnpal\htdocs\public_html\core\global_include.php on line 810
[2026-07-06 18:25:31] Creation of dynamic property app::$rs_offer_msg is deprecated in C:\xampp\Desktop\mdcnpal\htdocs\public_html\core\app.php on line 434
[2026-07-06 18:25:31] Creation of dynamic property app::$rs_for_doctors is deprecated in C:\xampp\Desktop\mdcnpal\htdocs\public_html\core\app.php on line 434
[2026-07-06 18:25:31] Undefined property: app::$rs_cartmini in C:\xampp\Desktop\mdcnpal\htdocs\public_html\includes\header.php on line 131
[2026-07-06 18:25:31] Undefined array key "MDRCCustID" in C:\xampp\Desktop\mdcnpal\htdocs\public_html\includes\header.php on line 134
[2026-07-06 18:25:31] Undefined property: app::$rs_cartmini in C:\xampp\Desktop\mdcnpal\htdocs\public_html\includes\header.php on line 197
[2026-07-06 18:25:31] Undefined array key "MDRCCustID" in C:\xampp\Desktop\mdcnpal\htdocs\public_html\includes\header.php on line 200
[2026-07-06 18:25:31] Undefined property: app::$rs_cartmini in C:\xampp\Desktop\mdcnpal\htdocs\public_html\includes\header.php on line 469
[2026-07-06 18:25:31] Undefined array key "MDRCCustID" in C:\xampp\Desktop\mdcnpal\htdocs\public_html\includes\header.php on line 472
[2026-07-06 18:25:31] Undefined property: app::$rs_cartmini in C:\xampp\Desktop\mdcnpal\htdocs\public_html\includes\header.php on line 525
[2026-07-06 18:25:31] Undefined array key "MDRCCustID" in C:\xampp\Desktop\mdcnpal\htdocs\public_html\includes\header.php on line 528
[2026-07-06 18:25:31] Undefined property: app::$rs_customer in C:\xampp\Desktop\mdcnpal\htdocs\public_html\includes\header.php on line 712
[2026-07-06 18:25:31] Trying to access array offset on value of type null in C:\xampp\Desktop\mdcnpal\htdocs\public_html\includes\header.php on line 712
[2026-07-06 18:25:31] Undefined property: app::$rs_customer in C:\xampp\Desktop\mdcnpal\htdocs\public_html\includes\header.php on line 721
[2026-07-06 18:25:31] Trying to access array offset on value of type null in C:\xampp\Desktop\mdcnpal\htdocs\public_html\includes\header.php on line 721
[2026-07-06 18:25:31] Undefined property: app::$rs_customer in C:\xampp\Desktop\mdcnpal\htdocs\public_html\includes\header.php on line 730
[2026-07-06 18:25:31] Trying to access array offset on value of type null in C:\xampp\Desktop\mdcnpal\htdocs\public_html\includes\header.php on line 730
[2026-07-06 18:25:31] Undefined property: app::$rs_customer in C:\xampp\Desktop\mdcnpal\htdocs\public_html\includes\header.php on line 739
[2026-07-06 18:25:31] Trying to access array offset on value of type null in C:\xampp\Desktop\mdcnpal\htdocs\public_html\includes\header.php on line 739
[2026-07-06 18:25:31] Undefined property: app::$rs_cartmini in C:\xampp\Desktop\mdcnpal\htdocs\public_html\core\app.php(565) : eval()'d code on line 66
[06-Jul-2026 18:25:31 Asia/Kathmandu] PHP Fatal error:  Uncaught TypeError: count(): Argument #1 ($value) must be of type Countable|array, null given in C:\xampp\Desktop\mdcnpal\htdocs\public_html\core\app.php(565) : eval()'d code:66
Stack trace:
#0 C:\xampp\Desktop\mdcnpal\htdocs\public_html\core\app.php(565): eval()
#1 C:\xampp\Desktop\mdcnpal\htdocs\public_html\core\app.php(535): app->compile()
#2 C:\xampp\Desktop\mdcnpal\htdocs\public_html\core\app.php(516): app->package()
#3 C:\xampp\Desktop\mdcnpal\htdocs\public_html\index.php(6): app->execute()
#4 {main}
  thrown in C:\xampp\Desktop\mdcnpal\htdocs\public_html\core\app.php(565) : eval()'d code on line 66
[2026-07-06 18:25:31] Creation of dynamic property dbclass::$RECORD_SET is deprecated in C:\xampp\Desktop\mdcnpal\htdocs\public_html\core\dbclass.php on line 69
[2026-07-06 18:25:31] Creation of dynamic property dbclass::$app is deprecated in C:\xampp\Desktop\mdcnpal\htdocs\public_html\core\dbclass.php on line 75
[2026-07-06 18:25:31] Creation of dynamic property model::$foreign_tables is deprecated in C:\xampp\Desktop\mdcnpal\htdocs\public_html\core\model.php on line 43
[2026-07-06 18:25:31] Creation of dynamic property app::$inputfilter is deprecated in C:\xampp\Desktop\mdcnpal\htdocs\public_html\core\app.php on line 123
[2026-07-06 18:25:31] Creation of dynamic property app::$userconfig is deprecated in C:\xampp\Desktop\mdcnpal\htdocs\public_html\core\app.php on line 124
[2026-07-06 18:25:31] Creation of dynamic property app::$global_include is deprecated in C:\xampp\Desktop\mdcnpal\htdocs\public_html\core\app.php on line 125
[2026-07-06 18:25:31] Creation of dynamic property app::$set_cache_time is deprecated in C:\xampp\Desktop\mdcnpal\htdocs\public_html\core\app.php on line 153
[2026-07-06 18:25:31] Creation of dynamic property app::$meta is deprecated in C:\xampp\Desktop\mdcnpal\htdocs\public_html\core\app.php on line 434
[2026-07-06 18:25:31] Creation of dynamic property app::$rs_gs_city is deprecated in C:\xampp\Desktop\mdcnpal\htdocs\public_html\core\app.php on line 434
[2026-07-06 18:25:31] Creation of dynamic property app::$rs_footer_popular_item is deprecated in C:\xampp\Desktop\mdcnpal\htdocs\public_html\core\app.php on line 434
[2026-07-06 18:25:31] Creation of dynamic property app::$rs_footer_popular_test is deprecated in C:\xampp\Desktop\mdcnpal\htdocs\public_html\core\app.php on line 434
[2026-07-06 18:25:31] Creation of dynamic property app::$rs_testimonial is deprecated in C:\xampp\Desktop\mdcnpal\htdocs\public_html\core\app.php on line 434
[2026-07-06 18:25:31] Creation of dynamic property app::$admin is deprecated in C:\xampp\Desktop\mdcnpal\htdocs\public_html\core\app.php on line 434
[2026-07-06 18:25:31] Undefined array key 0 in C:\xampp\Desktop\mdcnpal\htdocs\public_html\core\global_include.php on line 514
[2026-07-06 18:25:31] Creation of dynamic property app::$popup is deprecated in C:\xampp\Desktop\mdcnpal\htdocs\public_html\core\app.php on line 434
[2026-07-06 18:25:31] Undefined array key "MDRCCustID" in C:\xampp\Desktop\mdcnpal\htdocs\public_html\core\global_include.php on line 515
[2026-07-06 18:25:31] Undefined array key "MDRCToken" in C:\xampp\Desktop\mdcnpal\htdocs\public_html\core\global_include.php on line 515
[2026-07-06 18:25:31] Creation of dynamic property app::$rscategory is deprecated in C:\xampp\Desktop\mdcnpal\htdocs\public_html\core\app.php on line 434
[2026-07-06 18:25:31] Creation of dynamic property app::$rs_pages is deprecated in C:\xampp\Desktop\mdcnpal\htdocs\public_html\core\app.php on line 434
[2026-07-06 18:25:31] Creation of dynamic property app::$gs is deprecated in C:\xampp\Desktop\mdcnpal\htdocs\public_html\core\app.php on line 434
[2026-07-06 18:25:31] Undefined array key "MDRCCustID" in C:\xampp\Desktop\mdcnpal\htdocs\public_html\core\global_include.php on line 596
[2026-07-06 18:25:31] Undefined array key "MDRCCustID" in C:\xampp\Desktop\mdcnpal\htdocs\public_html\core\global_include.php on line 615
[2026-07-06 18:25:31] Undefined variable $getId in C:\xampp\Desktop\mdcnpal\htdocs\public_html\core\global_include.php on line 684
[2026-07-06 18:25:31] Undefined variable $getName in C:\xampp\Desktop\mdcnpal\htdocs\public_html\core\global_include.php on line 685
[2026-07-06 18:25:31] Undefined array key 0 in C:\xampp\Desktop\mdcnpal\htdocs\public_html\core\global_include.php on line 810
[2026-07-06 18:25:31] Creation of dynamic property app::$rs_offer_msg is deprecated in C:\xampp\Desktop\mdcnpal\htdocs\public_html\core\app.php on line 434
[2026-07-06 18:25:31] Creation of dynamic property app::$rs_for_doctors is deprecated in C:\xampp\Desktop\mdcnpal\htdocs\public_html\core\app.php on line 434
[2026-07-06 18:25:31] Creation of dynamic property app::$rs_gallery_data is deprecated in C:\xampp\Desktop\mdcnpal\htdocs\public_html\core\app.php on line 434
[2026-07-06 18:25:31] Creation of dynamic property app::$category is deprecated in C:\xampp\Desktop\mdcnpal\htdocs\public_html\core\app.php on line 434
[2026-07-06 18:25:31] Undefined array key 0 in C:\xampp\Desktop\mdcnpal\htdocs\public_html\controllers\controller_for_doctors.php on line 22
[2026-07-06 18:25:31] Creation of dynamic property app::$records_doctors is deprecated in C:\xampp\Desktop\mdcnpal\htdocs\public_html\core\app.php on line 434
[2026-07-06 18:25:31] Undefined array key 0 in C:\xampp\Desktop\mdcnpal\htdocs\public_html\controllers\controller_for_doctors.php on line 25
[2026-07-06 18:25:31] Trying to access array offset on value of type null in C:\xampp\Desktop\mdcnpal\htdocs\public_html\controllers\controller_for_doctors.php on line 25
[2026-07-06 18:25:31] Creation of dynamic property app::$records_services is deprecated in C:\xampp\Desktop\mdcnpal\htdocs\public_html\core\app.php on line 434
[2026-07-06 18:25:31] Undefined array key 0 in C:\xampp\Desktop\mdcnpal\htdocs\public_html\controllers\controller_for_doctors.php on line 31
[2026-07-06 18:25:31] Trying to access array offset on value of type null in C:\xampp\Desktop\mdcnpal\htdocs\public_html\controllers\controller_for_doctors.php on line 31
[2026-07-06 18:25:31] str_replace(): Passing null to parameter #3 ($subject) of type array|string is deprecated in C:\xampp\Desktop\mdcnpal\htdocs\public_html\controllers\controller_for_doctors.php on line 31
[2026-07-06 18:25:31] Undefined array key 0 in C:\xampp\Desktop\mdcnpal\htdocs\public_html\controllers\controller_for_doctors.php on line 32
[2026-07-06 18:25:31] Trying to access array offset on value of type null in C:\xampp\Desktop\mdcnpal\htdocs\public_html\controllers\controller_for_doctors.php on line 32
[2026-07-06 18:25:31] str_replace(): Passing null to parameter #3 ($subject) of type array|string is deprecated in C:\xampp\Desktop\mdcnpal\htdocs\public_html\controllers\controller_for_doctors.php on line 32
[2026-07-06 18:25:31] Undefined array key 0 in C:\xampp\Desktop\mdcnpal\htdocs\public_html\controllers\controller_for_doctors.php on line 33
[2026-07-06 18:25:31] Trying to access array offset on value of type null in C:\xampp\Desktop\mdcnpal\htdocs\public_html\controllers\controller_for_doctors.php on line 33
[2026-07-06 18:25:31] str_replace(): Passing null to parameter #3 ($subject) of type array|string is deprecated in C:\xampp\Desktop\mdcnpal\htdocs\public_html\controllers\controller_for_doctors.php on line 33
[2026-07-06 18:25:32] Creation of dynamic property dbclass::$RECORD_SET is deprecated in C:\xampp\Desktop\mdcnpal\htdocs\public_html\core\dbclass.php on line 69
[2026-07-06 18:25:32] Creation of dynamic property dbclass::$app is deprecated in C:\xampp\Desktop\mdcnpal\htdocs\public_html\core\dbclass.php on line 75
[2026-07-06 18:25:32] Creation of dynamic property model::$foreign_tables is deprecated in C:\xampp\Desktop\mdcnpal\htdocs\public_html\core\model.php on line 43
[2026-07-06 18:25:32] Creation of dynamic property app::$inputfilter is deprecated in C:\xampp\Desktop\mdcnpal\htdocs\public_html\core\app.php on line 123
[2026-07-06 18:25:32] Creation of dynamic property app::$userconfig is deprecated in C:\xampp\Desktop\mdcnpal\htdocs\public_html\core\app.php on line 124
[2026-07-06 18:25:32] Creation of dynamic property app::$global_include is deprecated in C:\xampp\Desktop\mdcnpal\htdocs\public_html\core\app.php on line 125
[2026-07-06 18:25:32] Creation of dynamic property app::$set_cache_time is deprecated in C:\xampp\Desktop\mdcnpal\htdocs\public_html\core\app.php on line 153
[2026-07-06 18:25:32] Creation of dynamic property app::$meta is deprecated in C:\xampp\Desktop\mdcnpal\htdocs\public_html\core\app.php on line 434
[2026-07-06 18:25:32] Creation of dynamic property app::$rs_gs_city is deprecated in C:\xampp\Desktop\mdcnpal\htdocs\public_html\core\app.php on line 434
[2026-07-06 18:25:32] Creation of dynamic property app::$rs_footer_popular_item is deprecated in C:\xampp\Desktop\mdcnpal\htdocs\public_html\core\app.php on line 434
[2026-07-06 18:25:32] Creation of dynamic property app::$rs_footer_popular_test is deprecated in C:\xampp\Desktop\mdcnpal\htdocs\public_html\core\app.php on line 434
[2026-07-06 18:25:32] Creation of dynamic property app::$rs_testimonial is deprecated in C:\xampp\Desktop\mdcnpal\htdocs\public_html\core\app.php on line 434
[2026-07-06 18:25:32] Creation of dynamic property app::$admin is deprecated in C:\xampp\Desktop\mdcnpal\htdocs\public_html\core\app.php on line 434
[2026-07-06 18:25:32] Undefined array key 0 in C:\xampp\Desktop\mdcnpal\htdocs\public_html\core\global_include.php on line 514
[2026-07-06 18:25:32] Creation of dynamic property app::$popup is deprecated in C:\xampp\Desktop\mdcnpal\htdocs\public_html\core\app.php on line 434
[2026-07-06 18:25:32] Undefined array key "MDRCCustID" in C:\xampp\Desktop\mdcnpal\htdocs\public_html\core\global_include.php on line 515
[2026-07-06 18:25:32] Undefined array key "MDRCToken" in C:\xampp\Desktop\mdcnpal\htdocs\public_html\core\global_include.php on line 515
[2026-07-06 18:25:32] Creation of dynamic property app::$rscategory is deprecated in C:\xampp\Desktop\mdcnpal\htdocs\public_html\core\app.php on line 434
[2026-07-06 18:25:32] Creation of dynamic property app::$rs_pages is deprecated in C:\xampp\Desktop\mdcnpal\htdocs\public_html\core\app.php on line 434
[2026-07-06 18:25:32] Creation of dynamic property app::$gs is deprecated in C:\xampp\Desktop\mdcnpal\htdocs\public_html\core\app.php on line 434
[2026-07-06 18:25:32] Undefined array key "MDRCCustID" in C:\xampp\Desktop\mdcnpal\htdocs\public_html\core\global_include.php on line 596
[2026-07-06 18:25:32] Undefined array key "MDRCCustID" in C:\xampp\Desktop\mdcnpal\htdocs\public_html\core\global_include.php on line 615
[2026-07-06 18:25:32] Undefined variable $getId in C:\xampp\Desktop\mdcnpal\htdocs\public_html\core\global_include.php on line 684
[2026-07-06 18:25:32] Undefined variable $getName in C:\xampp\Desktop\mdcnpal\htdocs\public_html\core\global_include.php on line 685
[2026-07-06 18:25:32] Undefined array key 0 in C:\xampp\Desktop\mdcnpal\htdocs\public_html\core\global_include.php on line 810
[2026-07-06 18:25:32] Creation of dynamic property app::$rs_offer_msg is deprecated in C:\xampp\Desktop\mdcnpal\htdocs\public_html\core\app.php on line 434
[2026-07-06 18:25:32] Creation of dynamic property app::$rs_for_doctors is deprecated in C:\xampp\Desktop\mdcnpal\htdocs\public_html\core\app.php on line 434
[2026-07-06 18:25:32] Undefined property: app::$rs_cartmini in C:\xampp\Desktop\mdcnpal\htdocs\public_html\includes\header.php on line 131
[2026-07-06 18:25:32] Undefined array key "MDRCCustID" in C:\xampp\Desktop\mdcnpal\htdocs\public_html\includes\header.php on line 134
[2026-07-06 18:25:32] Undefined property: app::$rs_cartmini in C:\xampp\Desktop\mdcnpal\htdocs\public_html\includes\header.php on line 197
[2026-07-06 18:25:32] Undefined array key "MDRCCustID" in C:\xampp\Desktop\mdcnpal\htdocs\public_html\includes\header.php on line 200
[2026-07-06 18:25:32] Undefined property: app::$rs_cartmini in C:\xampp\Desktop\mdcnpal\htdocs\public_html\includes\header.php on line 469
[2026-07-06 18:25:32] Undefined array key "MDRCCustID" in C:\xampp\Desktop\mdcnpal\htdocs\public_html\includes\header.php on line 472
[2026-07-06 18:25:32] Undefined property: app::$rs_cartmini in C:\xampp\Desktop\mdcnpal\htdocs\public_html\includes\header.php on line 525
[2026-07-06 18:25:32] Undefined array key "MDRCCustID" in C:\xampp\Desktop\mdcnpal\htdocs\public_html\includes\header.php on line 528
[2026-07-06 18:25:32] Undefined property: app::$rs_customer in C:\xampp\Desktop\mdcnpal\htdocs\public_html\includes\header.php on line 712
[2026-07-06 18:25:32] Trying to access array offset on value of type null in C:\xampp\Desktop\mdcnpal\htdocs\public_html\includes\header.php on line 712
[2026-07-06 18:25:32] Undefined property: app::$rs_customer in C:\xampp\Desktop\mdcnpal\htdocs\public_html\includes\header.php on line 721
[2026-07-06 18:25:32] Trying to access array offset on value of type null in C:\xampp\Desktop\mdcnpal\htdocs\public_html\includes\header.php on line 721
[2026-07-06 18:25:32] Undefined property: app::$rs_customer in C:\xampp\Desktop\mdcnpal\htdocs\public_html\includes\header.php on line 730
[2026-07-06 18:25:32] Trying to access array offset on value of type null in C:\xampp\Desktop\mdcnpal\htdocs\public_html\includes\header.php on line 730
[2026-07-06 18:25:32] Undefined property: app::$rs_customer in C:\xampp\Desktop\mdcnpal\htdocs\public_html\includes\header.php on line 739
[2026-07-06 18:25:32] Trying to access array offset on value of type null in C:\xampp\Desktop\mdcnpal\htdocs\public_html\includes\header.php on line 739
[2026-07-06 18:25:32] Undefined property: app::$rs_customer in C:\xampp\Desktop\mdcnpal\htdocs\public_html\includes\footer.php on line 357
[2026-07-06 18:25:32] Trying to access array offset on value of type null in C:\xampp\Desktop\mdcnpal\htdocs\public_html\includes\footer.php on line 357
[2026-07-06 18:25:32] Undefined property: app::$rs_customer in C:\xampp\Desktop\mdcnpal\htdocs\public_html\includes\footer.php on line 366
[2026-07-06 18:25:32] Trying to access array offset on value of type null in C:\xampp\Desktop\mdcnpal\htdocs\public_html\includes\footer.php on line 366
[2026-07-06 18:25:32] Undefined property: app::$rs_customer in C:\xampp\Desktop\mdcnpal\htdocs\public_html\includes\footer.php on line 372
[2026-07-06 18:25:32] Trying to access array offset on value of type null in C:\xampp\Desktop\mdcnpal\htdocs\public_html\includes\footer.php on line 372
[2026-07-06 18:25:32] Undefined property: app::$rs_customer in C:\xampp\Desktop\mdcnpal\htdocs\public_html\includes\general_data.php on line 88
[2026-07-06 18:25:32] Trying to access array offset on value of type null in C:\xampp\Desktop\mdcnpal\htdocs\public_html\includes\general_data.php on line 88
[2026-07-06 18:25:32] Undefined array key "MDRCCustID" in C:\xampp\Desktop\mdcnpal\htdocs\public_html\includes\general_data.php on line 88
[2026-07-06 18:25:32] Undefined variable $tmpStr in C:\xampp\Desktop\mdcnpal\htdocs\public_html\core\app.php on line 969
[2026-07-06 18:25:42] Creation of dynamic property dbclass::$RECORD_SET is deprecated in C:\xampp\Desktop\mdcnpal\htdocs\public_html\core\dbclass.php on line 69
[2026-07-06 18:25:42] Creation of dynamic property dbclass::$app is deprecated in C:\xampp\Desktop\mdcnpal\htdocs\public_html\core\dbclass.php on line 75
[2026-07-06 18:25:42] Creation of dynamic property model::$foreign_tables is deprecated in C:\xampp\Desktop\mdcnpal\htdocs\public_html\core\model.php on line 43
[2026-07-06 18:25:42] Creation of dynamic property app::$inputfilter is deprecated in C:\xampp\Desktop\mdcnpal\htdocs\public_html\core\app.php on line 123
[2026-07-06 18:25:42] Creation of dynamic property app::$userconfig is deprecated in C:\xampp\Desktop\mdcnpal\htdocs\public_html\core\app.php on line 124
[2026-07-06 18:25:42] Creation of dynamic property app::$global_include is deprecated in C:\xampp\Desktop\mdcnpal\htdocs\public_html\core\app.php on line 125
[2026-07-06 18:25:42] Creation of dynamic property app::$set_cache_time is deprecated in C:\xampp\Desktop\mdcnpal\htdocs\public_html\core\app.php on line 153
[2026-07-06 18:25:42] Creation of dynamic property app::$meta is deprecated in C:\xampp\Desktop\mdcnpal\htdocs\public_html\core\app.php on line 434
[2026-07-06 18:25:42] Creation of dynamic property app::$rs_gs_city is deprecated in C:\xampp\Desktop\mdcnpal\htdocs\public_html\core\app.php on line 434
[2026-07-06 18:25:42] Creation of dynamic property app::$rs_footer_popular_item is deprecated in C:\xampp\Desktop\mdcnpal\htdocs\public_html\core\app.php on line 434
[2026-07-06 18:25:42] Creation of dynamic property app::$rs_footer_popular_test is deprecated in C:\xampp\Desktop\mdcnpal\htdocs\public_html\core\app.php on line 434
[2026-07-06 18:25:42] Creation of dynamic property app::$rs_testimonial is deprecated in C:\xampp\Desktop\mdcnpal\htdocs\public_html\core\app.php on line 434
[2026-07-06 18:25:42] Creation of dynamic property app::$admin is deprecated in C:\xampp\Desktop\mdcnpal\htdocs\public_html\core\app.php on line 434
[2026-07-06 18:25:42] Undefined array key 0 in C:\xampp\Desktop\mdcnpal\htdocs\public_html\core\global_include.php on line 514
[2026-07-06 18:25:42] Creation of dynamic property app::$popup is deprecated in C:\xampp\Desktop\mdcnpal\htdocs\public_html\core\app.php on line 434
[2026-07-06 18:25:42] Undefined array key "MDRCCustID" in C:\xampp\Desktop\mdcnpal\htdocs\public_html\core\global_include.php on line 515
[2026-07-06 18:25:42] Undefined array key "MDRCToken" in C:\xampp\Desktop\mdcnpal\htdocs\public_html\core\global_include.php on line 515
[2026-07-06 18:25:42] Creation of dynamic property app::$rscategory is deprecated in C:\xampp\Desktop\mdcnpal\htdocs\public_html\core\app.php on line 434
[2026-07-06 18:25:42] Creation of dynamic property app::$rs_pages is deprecated in C:\xampp\Desktop\mdcnpal\htdocs\public_html\core\app.php on line 434
[2026-07-06 18:25:42] Creation of dynamic property app::$gs is deprecated in C:\xampp\Desktop\mdcnpal\htdocs\public_html\core\app.php on line 434
[2026-07-06 18:25:42] Undefined array key "MDRCCustID" in C:\xampp\Desktop\mdcnpal\htdocs\public_html\core\global_include.php on line 596
[2026-07-06 18:25:42] Undefined array key "MDRCCustID" in C:\xampp\Desktop\mdcnpal\htdocs\public_html\core\global_include.php on line 615
[2026-07-06 18:25:42] Undefined variable $getId in C:\xampp\Desktop\mdcnpal\htdocs\public_html\core\global_include.php on line 684
[2026-07-06 18:25:42] Undefined variable $getName in C:\xampp\Desktop\mdcnpal\htdocs\public_html\core\global_include.php on line 685
[2026-07-06 18:25:42] Undefined array key 0 in C:\xampp\Desktop\mdcnpal\htdocs\public_html\core\global_include.php on line 810
[2026-07-06 18:25:42] Creation of dynamic property app::$rs_offer_msg is deprecated in C:\xampp\Desktop\mdcnpal\htdocs\public_html\core\app.php on line 434
[2026-07-06 18:25:42] Creation of dynamic property app::$rs_for_doctors is deprecated in C:\xampp\Desktop\mdcnpal\htdocs\public_html\core\app.php on line 434
[2026-07-06 18:25:42] Creation of dynamic property app::$rs_data is deprecated in C:\xampp\Desktop\mdcnpal\htdocs\public_html\core\app.php on line 434
[2026-07-06 18:25:42] Creation of dynamic property app::$rs_certi_data is deprecated in C:\xampp\Desktop\mdcnpal\htdocs\public_html\core\app.php on line 434
[2026-07-06 18:25:42] Creation of dynamic property app::$rs_key_fetures_data is deprecated in C:\xampp\Desktop\mdcnpal\htdocs\public_html\core\app.php on line 434
[2026-07-06 18:25:42] Creation of dynamic property app::$rs_banner is deprecated in C:\xampp\Desktop\mdcnpal\htdocs\public_html\core\app.php on line 434
[2026-07-06 18:25:42] Creation of dynamic property app::$rs_package_data is deprecated in C:\xampp\Desktop\mdcnpal\htdocs\public_html\core\app.php on line 434
[2026-07-06 18:25:42] Creation of dynamic property app::$city_id is deprecated in C:\xampp\Desktop\mdcnpal\htdocs\public_html\core\app.php on line 434
[2026-07-06 18:25:42] Creation of dynamic property app::$city_name is deprecated in C:\xampp\Desktop\mdcnpal\htdocs\public_html\core\app.php on line 434
[2026-07-06 18:25:42] Creation of dynamic property app::$rs_faq_data is deprecated in C:\xampp\Desktop\mdcnpal\htdocs\public_html\core\app.php on line 434
[2026-07-06 18:25:42] Undefined property: app::$rs_cartmini in C:\xampp\Desktop\mdcnpal\htdocs\public_html\includes\header.php on line 131
[2026-07-06 18:25:42] Undefined array key "MDRCCustID" in C:\xampp\Desktop\mdcnpal\htdocs\public_html\includes\header.php on line 134
[2026-07-06 18:25:42] Undefined property: app::$rs_cartmini in C:\xampp\Desktop\mdcnpal\htdocs\public_html\includes\header.php on line 197
[2026-07-06 18:25:42] Undefined array key "MDRCCustID" in C:\xampp\Desktop\mdcnpal\htdocs\public_html\includes\header.php on line 200
[2026-07-06 18:25:42] Undefined property: app::$rs_cartmini in C:\xampp\Desktop\mdcnpal\htdocs\public_html\includes\header.php on line 469
[2026-07-06 18:25:42] Undefined array key "MDRCCustID" in C:\xampp\Desktop\mdcnpal\htdocs\public_html\includes\header.php on line 472
[2026-07-06 18:25:42] Undefined property: app::$rs_cartmini in C:\xampp\Desktop\mdcnpal\htdocs\public_html\includes\header.php on line 525
[2026-07-06 18:25:42] Undefined array key "MDRCCustID" in C:\xampp\Desktop\mdcnpal\htdocs\public_html\includes\header.php on line 528
[2026-07-06 18:25:42] Undefined property: app::$rs_customer in C:\xampp\Desktop\mdcnpal\htdocs\public_html\includes\header.php on line 712
[2026-07-06 18:25:42] Trying to access array offset on value of type null in C:\xampp\Desktop\mdcnpal\htdocs\public_html\includes\header.php on line 712
[2026-07-06 18:25:42] Undefined property: app::$rs_customer in C:\xampp\Desktop\mdcnpal\htdocs\public_html\includes\header.php on line 721
[2026-07-06 18:25:42] Trying to access array offset on value of type null in C:\xampp\Desktop\mdcnpal\htdocs\public_html\includes\header.php on line 721
[2026-07-06 18:25:42] Undefined property: app::$rs_customer in C:\xampp\Desktop\mdcnpal\htdocs\public_html\includes\header.php on line 730
[2026-07-06 18:25:42] Trying to access array offset on value of type null in C:\xampp\Desktop\mdcnpal\htdocs\public_html\includes\header.php on line 730
[2026-07-06 18:25:42] Undefined property: app::$rs_customer in C:\xampp\Desktop\mdcnpal\htdocs\public_html\includes\header.php on line 739
[2026-07-06 18:25:42] Trying to access array offset on value of type null in C:\xampp\Desktop\mdcnpal\htdocs\public_html\includes\header.php on line 739
[2026-07-06 18:25:42] Undefined variable $mrpP in C:\xampp\Desktop\mdcnpal\htdocs\public_html\core\utility.php on line 7183
[2026-07-06 18:25:42] Undefined variable $disc in C:\xampp\Desktop\mdcnpal\htdocs\public_html\core\utility.php on line 7194
[2026-07-06 18:25:42] Undefined property: app::$rs_customer in C:\xampp\Desktop\mdcnpal\htdocs\public_html\includes\footer.php on line 357
[2026-07-06 18:25:42] Trying to access array offset on value of type null in C:\xampp\Desktop\mdcnpal\htdocs\public_html\includes\footer.php on line 357
[2026-07-06 18:25:42] Undefined property: app::$rs_customer in C:\xampp\Desktop\mdcnpal\htdocs\public_html\includes\footer.php on line 366
[2026-07-06 18:25:42] Trying to access array offset on value of type null in C:\xampp\Desktop\mdcnpal\htdocs\public_html\includes\footer.php on line 366
[2026-07-06 18:25:42] Undefined property: app::$rs_customer in C:\xampp\Desktop\mdcnpal\htdocs\public_html\includes\footer.php on line 372
[2026-07-06 18:25:42] Trying to access array offset on value of type null in C:\xampp\Desktop\mdcnpal\htdocs\public_html\includes\footer.php on line 372
[2026-07-06 18:25:42] Undefined property: app::$rs_customer in C:\xampp\Desktop\mdcnpal\htdocs\public_html\includes\general_data.php on line 88
[2026-07-06 18:25:42] Trying to access array offset on value of type null in C:\xampp\Desktop\mdcnpal\htdocs\public_html\includes\general_data.php on line 88
[2026-07-06 18:25:42] Undefined array key "MDRCCustID" in C:\xampp\Desktop\mdcnpal\htdocs\public_html\includes\general_data.php on line 88
[2026-07-06 18:25:42] Undefined variable $tmpStr in C:\xampp\Desktop\mdcnpal\htdocs\public_html\core\app.php on line 969
[2026-07-06 18:25:43] Creation of dynamic property dbclass::$RECORD_SET is deprecated in C:\xampp\Desktop\mdcnpal\htdocs\public_html\core\dbclass.php on line 69
[2026-07-06 18:25:43] Creation of dynamic property dbclass::$app is deprecated in C:\xampp\Desktop\mdcnpal\htdocs\public_html\core\dbclass.php on line 75
[2026-07-06 18:25:43] Creation of dynamic property model::$foreign_tables is deprecated in C:\xampp\Desktop\mdcnpal\htdocs\public_html\core\model.php on line 43
[2026-07-06 18:25:43] Creation of dynamic property app::$inputfilter is deprecated in C:\xampp\Desktop\mdcnpal\htdocs\public_html\core\app.php on line 123
[2026-07-06 18:25:43] Creation of dynamic property app::$userconfig is deprecated in C:\xampp\Desktop\mdcnpal\htdocs\public_html\core\app.php on line 124
[2026-07-06 18:25:43] Creation of dynamic property app::$global_include is deprecated in C:\xampp\Desktop\mdcnpal\htdocs\public_html\core\app.php on line 125
[2026-07-06 18:25:43] Creation of dynamic property app::$set_cache_time is deprecated in C:\xampp\Desktop\mdcnpal\htdocs\public_html\core\app.php on line 153
[2026-07-06 18:25:43] Creation of dynamic property app::$meta is deprecated in C:\xampp\Desktop\mdcnpal\htdocs\public_html\core\app.php on line 434
[2026-07-06 18:25:43] Creation of dynamic property app::$rs_gs_city is deprecated in C:\xampp\Desktop\mdcnpal\htdocs\public_html\core\app.php on line 434
[2026-07-06 18:25:43] Creation of dynamic property app::$rs_footer_popular_item is deprecated in C:\xampp\Desktop\mdcnpal\htdocs\public_html\core\app.php on line 434
[2026-07-06 18:25:43] Creation of dynamic property app::$rs_footer_popular_test is deprecated in C:\xampp\Desktop\mdcnpal\htdocs\public_html\core\app.php on line 434
[2026-07-06 18:25:43] Creation of dynamic property app::$rs_testimonial is deprecated in C:\xampp\Desktop\mdcnpal\htdocs\public_html\core\app.php on line 434
[2026-07-06 18:25:43] Creation of dynamic property app::$admin is deprecated in C:\xampp\Desktop\mdcnpal\htdocs\public_html\core\app.php on line 434
[2026-07-06 18:25:43] Undefined array key 0 in C:\xampp\Desktop\mdcnpal\htdocs\public_html\core\global_include.php on line 514
[2026-07-06 18:25:43] Creation of dynamic property app::$popup is deprecated in C:\xampp\Desktop\mdcnpal\htdocs\public_html\core\app.php on line 434
[2026-07-06 18:25:43] Undefined array key "MDRCCustID" in C:\xampp\Desktop\mdcnpal\htdocs\public_html\core\global_include.php on line 515
[2026-07-06 18:25:43] Undefined array key "MDRCToken" in C:\xampp\Desktop\mdcnpal\htdocs\public_html\core\global_include.php on line 515
[2026-07-06 18:25:43] Creation of dynamic property app::$rscategory is deprecated in C:\xampp\Desktop\mdcnpal\htdocs\public_html\core\app.php on line 434
[2026-07-06 18:25:43] Creation of dynamic property app::$rs_pages is deprecated in C:\xampp\Desktop\mdcnpal\htdocs\public_html\core\app.php on line 434
[2026-07-06 18:25:43] Creation of dynamic property app::$gs is deprecated in C:\xampp\Desktop\mdcnpal\htdocs\public_html\core\app.php on line 434
[2026-07-06 18:25:43] Undefined array key "MDRCCustID" in C:\xampp\Desktop\mdcnpal\htdocs\public_html\core\global_include.php on line 596
[2026-07-06 18:25:43] Undefined array key "MDRCCustID" in C:\xampp\Desktop\mdcnpal\htdocs\public_html\core\global_include.php on line 615
[2026-07-06 18:25:44] Undefined variable $getId in C:\xampp\Desktop\mdcnpal\htdocs\public_html\core\global_include.php on line 684
[2026-07-06 18:25:44] Undefined variable $getName in C:\xampp\Desktop\mdcnpal\htdocs\public_html\core\global_include.php on line 685
[2026-07-06 18:25:44] Undefined array key 0 in C:\xampp\Desktop\mdcnpal\htdocs\public_html\core\global_include.php on line 810
[2026-07-06 18:25:44] Creation of dynamic property app::$rs_offer_msg is deprecated in C:\xampp\Desktop\mdcnpal\htdocs\public_html\core\app.php on line 434
[2026-07-06 18:25:44] Creation of dynamic property app::$rs_for_doctors is deprecated in C:\xampp\Desktop\mdcnpal\htdocs\public_html\core\app.php on line 434
[2026-07-06 18:25:44] Undefined property: app::$rs_cartmini in C:\xampp\Desktop\mdcnpal\htdocs\public_html\includes\header.php on line 131
[2026-07-06 18:25:44] Undefined array key "MDRCCustID" in C:\xampp\Desktop\mdcnpal\htdocs\public_html\includes\header.php on line 134
[2026-07-06 18:25:44] Undefined property: app::$rs_cartmini in C:\xampp\Desktop\mdcnpal\htdocs\public_html\includes\header.php on line 197
[2026-07-06 18:25:44] Undefined array key "MDRCCustID" in C:\xampp\Desktop\mdcnpal\htdocs\public_html\includes\header.php on line 200
[2026-07-06 18:25:44] Undefined property: app::$rs_cartmini in C:\xampp\Desktop\mdcnpal\htdocs\public_html\includes\header.php on line 469
[2026-07-06 18:25:44] Undefined array key "MDRCCustID" in C:\xampp\Desktop\mdcnpal\htdocs\public_html\includes\header.php on line 472
[2026-07-06 18:25:44] Undefined property: app::$rs_cartmini in C:\xampp\Desktop\mdcnpal\htdocs\public_html\includes\header.php on line 525
[2026-07-06 18:25:44] Undefined array key "MDRCCustID" in C:\xampp\Desktop\mdcnpal\htdocs\public_html\includes\header.php on line 528
[2026-07-06 18:25:44] Undefined property: app::$rs_customer in C:\xampp\Desktop\mdcnpal\htdocs\public_html\includes\header.php on line 712
[2026-07-06 18:25:44] Trying to access array offset on value of type null in C:\xampp\Desktop\mdcnpal\htdocs\public_html\includes\header.php on line 712
[2026-07-06 18:25:44] Undefined property: app::$rs_customer in C:\xampp\Desktop\mdcnpal\htdocs\public_html\includes\header.php on line 721
[2026-07-06 18:25:44] Trying to access array offset on value of type null in C:\xampp\Desktop\mdcnpal\htdocs\public_html\includes\header.php on line 721
[2026-07-06 18:25:44] Undefined property: app::$rs_customer in C:\xampp\Desktop\mdcnpal\htdocs\public_html\includes\header.php on line 730
[2026-07-06 18:25:44] Trying to access array offset on value of type null in C:\xampp\Desktop\mdcnpal\htdocs\public_html\includes\header.php on line 730
[2026-07-06 18:25:44] Undefined property: app::$rs_customer in C:\xampp\Desktop\mdcnpal\htdocs\public_html\includes\header.php on line 739
[2026-07-06 18:25:44] Trying to access array offset on value of type null in C:\xampp\Desktop\mdcnpal\htdocs\public_html\includes\header.php on line 739
[2026-07-06 18:25:44] Undefined property: app::$rs_customer in C:\xampp\Desktop\mdcnpal\htdocs\public_html\includes\footer.php on line 357
[2026-07-06 18:25:44] Trying to access array offset on value of type null in C:\xampp\Desktop\mdcnpal\htdocs\public_html\includes\footer.php on line 357
[2026-07-06 18:25:44] Undefined property: app::$rs_customer in C:\xampp\Desktop\mdcnpal\htdocs\public_html\includes\footer.php on line 366
[2026-07-06 18:25:44] Trying to access array offset on value of type null in C:\xampp\Desktop\mdcnpal\htdocs\public_html\includes\footer.php on line 366
[2026-07-06 18:25:44] Undefined property: app::$rs_customer in C:\xampp\Desktop\mdcnpal\htdocs\public_html\includes\footer.php on line 372
[2026-07-06 18:25:44] Trying to access array offset on value of type null in C:\xampp\Desktop\mdcnpal\htdocs\public_html\includes\footer.php on line 372
[2026-07-06 18:25:44] Undefined property: app::$rs_customer in C:\xampp\Desktop\mdcnpal\htdocs\public_html\includes\general_data.php on line 88
[2026-07-06 18:25:44] Trying to access array offset on value of type null in C:\xampp\Desktop\mdcnpal\htdocs\public_html\includes\general_data.php on line 88
[2026-07-06 18:25:44] Undefined array key "MDRCCustID" in C:\xampp\Desktop\mdcnpal\htdocs\public_html\includes\general_data.php on line 88
[2026-07-06 18:25:44] Undefined variable $tmpStr in C:\xampp\Desktop\mdcnpal\htdocs\public_html\core\app.php on line 969
[2026-07-06 18:25:53] Creation of dynamic property dbclass::$RECORD_SET is deprecated in C:\xampp\Desktop\mdcnpal\htdocs\public_html\core\dbclass.php on line 69
[2026-07-06 18:25:53] Creation of dynamic property dbclass::$app is deprecated in C:\xampp\Desktop\mdcnpal\htdocs\public_html\core\dbclass.php on line 75
[2026-07-06 18:25:53] Creation of dynamic property model::$foreign_tables is deprecated in C:\xampp\Desktop\mdcnpal\htdocs\public_html\core\model.php on line 43
[2026-07-06 18:25:53] Creation of dynamic property app::$inputfilter is deprecated in C:\xampp\Desktop\mdcnpal\htdocs\public_html\core\app.php on line 123
[2026-07-06 18:25:53] Creation of dynamic property app::$userconfig is deprecated in C:\xampp\Desktop\mdcnpal\htdocs\public_html\core\app.php on line 124
[2026-07-06 18:25:53] Creation of dynamic property app::$global_include is deprecated in C:\xampp\Desktop\mdcnpal\htdocs\public_html\core\app.php on line 125
[2026-07-06 18:25:53] Creation of dynamic property app::$set_cache_time is deprecated in C:\xampp\Desktop\mdcnpal\htdocs\public_html\core\app.php on line 153
[2026-07-06 18:25:53] Undefined variable $RESULT in C:\xampp\Desktop\mdcnpal\htdocs\public_html\scripts\ajax\selectCityUsingGoogleMapApi.php on line 69
[2026-07-06 18:25:53] Undefined variable $URL in C:\xampp\Desktop\mdcnpal\htdocs\public_html\scripts\ajax\selectCityUsingGoogleMapApi.php on line 73
[2026-07-06 18:26:00] Creation of dynamic property dbclass::$RECORD_SET is deprecated in C:\xampp\Desktop\mdcnpal\htdocs\public_html\core\dbclass.php on line 69
[2026-07-06 18:26:00] Creation of dynamic property dbclass::$app is deprecated in C:\xampp\Desktop\mdcnpal\htdocs\public_html\core\dbclass.php on line 75
[2026-07-06 18:26:00] Creation of dynamic property model::$foreign_tables is deprecated in C:\xampp\Desktop\mdcnpal\htdocs\public_html\core\model.php on line 43
[2026-07-06 18:26:00] Creation of dynamic property app::$inputfilter is deprecated in C:\xampp\Desktop\mdcnpal\htdocs\public_html\core\app.php on line 123
[2026-07-06 18:26:00] Creation of dynamic property app::$userconfig is deprecated in C:\xampp\Desktop\mdcnpal\htdocs\public_html\core\app.php on line 124
[2026-07-06 18:26:00] Creation of dynamic property app::$global_include is deprecated in C:\xampp\Desktop\mdcnpal\htdocs\public_html\core\app.php on line 125
[2026-07-06 18:26:00] Creation of dynamic property app::$set_cache_time is deprecated in C:\xampp\Desktop\mdcnpal\htdocs\public_html\core\app.php on line 153
[2026-07-06 18:26:00] Creation of dynamic property app::$meta is deprecated in C:\xampp\Desktop\mdcnpal\htdocs\public_html\core\app.php on line 434
[2026-07-06 18:26:00] Creation of dynamic property app::$rs_gs_city is deprecated in C:\xampp\Desktop\mdcnpal\htdocs\public_html\core\app.php on line 434
[2026-07-06 18:26:00] Creation of dynamic property app::$rs_footer_popular_item is deprecated in C:\xampp\Desktop\mdcnpal\htdocs\public_html\core\app.php on line 434
[2026-07-06 18:26:00] Creation of dynamic property app::$rs_footer_popular_test is deprecated in C:\xampp\Desktop\mdcnpal\htdocs\public_html\core\app.php on line 434
[2026-07-06 18:26:00] Creation of dynamic property app::$rs_testimonial is deprecated in C:\xampp\Desktop\mdcnpal\htdocs\public_html\core\app.php on line 434
[2026-07-06 18:26:00] Creation of dynamic property app::$admin is deprecated in C:\xampp\Desktop\mdcnpal\htdocs\public_html\core\app.php on line 434
[2026-07-06 18:26:00] Undefined array key 0 in C:\xampp\Desktop\mdcnpal\htdocs\public_html\core\global_include.php on line 514
[2026-07-06 18:26:00] Creation of dynamic property app::$popup is deprecated in C:\xampp\Desktop\mdcnpal\htdocs\public_html\core\app.php on line 434
[2026-07-06 18:26:00] Undefined array key "MDRCCustID" in C:\xampp\Desktop\mdcnpal\htdocs\public_html\core\global_include.php on line 515
[2026-07-06 18:26:00] Undefined array key "MDRCToken" in C:\xampp\Desktop\mdcnpal\htdocs\public_html\core\global_include.php on line 515
[2026-07-06 18:26:00] Creation of dynamic property app::$rscategory is deprecated in C:\xampp\Desktop\mdcnpal\htdocs\public_html\core\app.php on line 434
[2026-07-06 18:26:00] Creation of dynamic property app::$rs_pages is deprecated in C:\xampp\Desktop\mdcnpal\htdocs\public_html\core\app.php on line 434
[2026-07-06 18:26:00] Creation of dynamic property app::$gs is deprecated in C:\xampp\Desktop\mdcnpal\htdocs\public_html\core\app.php on line 434
[2026-07-06 18:26:00] Undefined array key "MDRCCustID" in C:\xampp\Desktop\mdcnpal\htdocs\public_html\core\global_include.php on line 596
[2026-07-06 18:26:00] Undefined array key "MDRCCustID" in C:\xampp\Desktop\mdcnpal\htdocs\public_html\core\global_include.php on line 615
[2026-07-06 18:26:00] Undefined variable $getId in C:\xampp\Desktop\mdcnpal\htdocs\public_html\core\global_include.php on line 684
[2026-07-06 18:26:00] Undefined variable $getName in C:\xampp\Desktop\mdcnpal\htdocs\public_html\core\global_include.php on line 685
[2026-07-06 18:26:00] Undefined array key 0 in C:\xampp\Desktop\mdcnpal\htdocs\public_html\core\global_include.php on line 810
[2026-07-06 18:26:00] Creation of dynamic property app::$rs_offer_msg is deprecated in C:\xampp\Desktop\mdcnpal\htdocs\public_html\core\app.php on line 434
[2026-07-06 18:26:00] Creation of dynamic property app::$rs_for_doctors is deprecated in C:\xampp\Desktop\mdcnpal\htdocs\public_html\core\app.php on line 434
[2026-07-06 18:26:00] Creation of dynamic property app::$rs_data is deprecated in C:\xampp\Desktop\mdcnpal\htdocs\public_html\core\app.php on line 434
[2026-07-06 18:26:00] Creation of dynamic property app::$rs_certi_data is deprecated in C:\xampp\Desktop\mdcnpal\htdocs\public_html\core\app.php on line 434
[2026-07-06 18:26:00] Creation of dynamic property app::$rs_key_fetures_data is deprecated in C:\xampp\Desktop\mdcnpal\htdocs\public_html\core\app.php on line 434
[2026-07-06 18:26:00] Creation of dynamic property app::$rs_banner is deprecated in C:\xampp\Desktop\mdcnpal\htdocs\public_html\core\app.php on line 434
[2026-07-06 18:26:00] Creation of dynamic property app::$rs_package_data is deprecated in C:\xampp\Desktop\mdcnpal\htdocs\public_html\core\app.php on line 434
[2026-07-06 18:26:00] Creation of dynamic property app::$city_id is deprecated in C:\xampp\Desktop\mdcnpal\htdocs\public_html\core\app.php on line 434
[2026-07-06 18:26:00] Creation of dynamic property app::$city_name is deprecated in C:\xampp\Desktop\mdcnpal\htdocs\public_html\core\app.php on line 434
[2026-07-06 18:26:00] Creation of dynamic property app::$rs_faq_data is deprecated in C:\xampp\Desktop\mdcnpal\htdocs\public_html\core\app.php on line 434
[2026-07-06 18:26:00] Undefined property: app::$rs_cartmini in C:\xampp\Desktop\mdcnpal\htdocs\public_html\includes\header.php on line 131
[2026-07-06 18:26:00] Undefined array key "MDRCCustID" in C:\xampp\Desktop\mdcnpal\htdocs\public_html\includes\header.php on line 134
[2026-07-06 18:26:00] Undefined property: app::$rs_cartmini in C:\xampp\Desktop\mdcnpal\htdocs\public_html\includes\header.php on line 197
[2026-07-06 18:26:00] Undefined array key "MDRCCustID" in C:\xampp\Desktop\mdcnpal\htdocs\public_html\includes\header.php on line 200
[2026-07-06 18:26:00] Undefined property: app::$rs_cartmini in C:\xampp\Desktop\mdcnpal\htdocs\public_html\includes\header.php on line 469
[2026-07-06 18:26:00] Undefined array key "MDRCCustID" in C:\xampp\Desktop\mdcnpal\htdocs\public_html\includes\header.php on line 472
[2026-07-06 18:26:00] Undefined property: app::$rs_cartmini in C:\xampp\Desktop\mdcnpal\htdocs\public_html\includes\header.php on line 525
[2026-07-06 18:26:00] Undefined array key "MDRCCustID" in C:\xampp\Desktop\mdcnpal\htdocs\public_html\includes\header.php on line 528
[2026-07-06 18:26:00] Undefined property: app::$rs_customer in C:\xampp\Desktop\mdcnpal\htdocs\public_html\includes\header.php on line 712
[2026-07-06 18:26:00] Trying to access array offset on value of type null in C:\xampp\Desktop\mdcnpal\htdocs\public_html\includes\header.php on line 712
[2026-07-06 18:26:00] Undefined property: app::$rs_customer in C:\xampp\Desktop\mdcnpal\htdocs\public_html\includes\header.php on line 721
[2026-07-06 18:26:00] Trying to access array offset on value of type null in C:\xampp\Desktop\mdcnpal\htdocs\public_html\includes\header.php on line 721
[2026-07-06 18:26:00] Undefined property: app::$rs_customer in C:\xampp\Desktop\mdcnpal\htdocs\public_html\includes\header.php on line 730
[2026-07-06 18:26:00] Trying to access array offset on value of type null in C:\xampp\Desktop\mdcnpal\htdocs\public_html\includes\header.php on line 730
[2026-07-06 18:26:00] Undefined property: app::$rs_customer in C:\xampp\Desktop\mdcnpal\htdocs\public_html\includes\header.php on line 739
[2026-07-06 18:26:00] Trying to access array offset on value of type null in C:\xampp\Desktop\mdcnpal\htdocs\public_html\includes\header.php on line 739
[2026-07-06 18:26:00] Undefined property: app::$rs_customer in C:\xampp\Desktop\mdcnpal\htdocs\public_html\includes\footer.php on line 357
[2026-07-06 18:26:00] Trying to access array offset on value of type null in C:\xampp\Desktop\mdcnpal\htdocs\public_html\includes\footer.php on line 357
[2026-07-06 18:26:00] Undefined property: app::$rs_customer in C:\xampp\Desktop\mdcnpal\htdocs\public_html\includes\footer.php on line 366
[2026-07-06 18:26:00] Trying to access array offset on value of type null in C:\xampp\Desktop\mdcnpal\htdocs\public_html\includes\footer.php on line 366
[2026-07-06 18:26:00] Undefined property: app::$rs_customer in C:\xampp\Desktop\mdcnpal\htdocs\public_html\includes\footer.php on line 372
[2026-07-06 18:26:00] Trying to access array offset on value of type null in C:\xampp\Desktop\mdcnpal\htdocs\public_html\includes\footer.php on line 372
[2026-07-06 18:26:00] Undefined property: app::$rs_customer in C:\xampp\Desktop\mdcnpal\htdocs\public_html\includes\general_data.php on line 88
[2026-07-06 18:26:00] Trying to access array offset on value of type null in C:\xampp\Desktop\mdcnpal\htdocs\public_html\includes\general_data.php on line 88
[2026-07-06 18:26:00] Undefined array key "MDRCCustID" in C:\xampp\Desktop\mdcnpal\htdocs\public_html\includes\general_data.php on line 88
[2026-07-06 18:26:00] Undefined variable $tmpStr in C:\xampp\Desktop\mdcnpal\htdocs\public_html\core\app.php on line 969
[2026-07-06 18:26:01] Creation of dynamic property dbclass::$RECORD_SET is deprecated in C:\xampp\Desktop\mdcnpal\htdocs\public_html\core\dbclass.php on line 69
[2026-07-06 18:26:01] Creation of dynamic property dbclass::$app is deprecated in C:\xampp\Desktop\mdcnpal\htdocs\public_html\core\dbclass.php on line 75
[2026-07-06 18:26:02] Creation of dynamic property model::$foreign_tables is deprecated in C:\xampp\Desktop\mdcnpal\htdocs\public_html\core\model.php on line 43
[2026-07-06 18:26:02] Creation of dynamic property app::$inputfilter is deprecated in C:\xampp\Desktop\mdcnpal\htdocs\public_html\core\app.php on line 123
[2026-07-06 18:26:02] Creation of dynamic property app::$userconfig is deprecated in C:\xampp\Desktop\mdcnpal\htdocs\public_html\core\app.php on line 124
[2026-07-06 18:26:02] Creation of dynamic property app::$global_include is deprecated in C:\xampp\Desktop\mdcnpal\htdocs\public_html\core\app.php on line 125
[2026-07-06 18:26:02] Creation of dynamic property app::$set_cache_time is deprecated in C:\xampp\Desktop\mdcnpal\htdocs\public_html\core\app.php on line 153
[2026-07-06 18:26:02] Creation of dynamic property app::$meta is deprecated in C:\xampp\Desktop\mdcnpal\htdocs\public_html\core\app.php on line 434
[2026-07-06 18:26:02] Creation of dynamic property app::$rs_gs_city is deprecated in C:\xampp\Desktop\mdcnpal\htdocs\public_html\core\app.php on line 434
[2026-07-06 18:26:02] Creation of dynamic property app::$rs_footer_popular_item is deprecated in C:\xampp\Desktop\mdcnpal\htdocs\public_html\core\app.php on line 434
[2026-07-06 18:26:02] Creation of dynamic property app::$rs_footer_popular_test is deprecated in C:\xampp\Desktop\mdcnpal\htdocs\public_html\core\app.php on line 434
[2026-07-06 18:26:02] Creation of dynamic property app::$rs_testimonial is deprecated in C:\xampp\Desktop\mdcnpal\htdocs\public_html\core\app.php on line 434
[2026-07-06 18:26:02] Creation of dynamic property app::$admin is deprecated in C:\xampp\Desktop\mdcnpal\htdocs\public_html\core\app.php on line 434
[2026-07-06 18:26:02] Undefined array key 0 in C:\xampp\Desktop\mdcnpal\htdocs\public_html\core\global_include.php on line 514
[2026-07-06 18:26:02] Creation of dynamic property app::$popup is deprecated in C:\xampp\Desktop\mdcnpal\htdocs\public_html\core\app.php on line 434
[2026-07-06 18:26:02] Undefined array key "MDRCCustID" in C:\xampp\Desktop\mdcnpal\htdocs\public_html\core\global_include.php on line 515
[2026-07-06 18:26:02] Undefined array key "MDRCToken" in C:\xampp\Desktop\mdcnpal\htdocs\public_html\core\global_include.php on line 515
[2026-07-06 18:26:03] Creation of dynamic property app::$rscategory is deprecated in C:\xampp\Desktop\mdcnpal\htdocs\public_html\core\app.php on line 434
[2026-07-06 18:26:03] Creation of dynamic property app::$rs_pages is deprecated in C:\xampp\Desktop\mdcnpal\htdocs\public_html\core\app.php on line 434
[2026-07-06 18:26:03] Creation of dynamic property app::$gs is deprecated in C:\xampp\Desktop\mdcnpal\htdocs\public_html\core\app.php on line 434
[2026-07-06 18:26:03] Undefined array key "MDRCCustID" in C:\xampp\Desktop\mdcnpal\htdocs\public_html\core\global_include.php on line 596
[2026-07-06 18:26:03] Undefined array key "MDRCCustID" in C:\xampp\Desktop\mdcnpal\htdocs\public_html\core\global_include.php on line 615
[2026-07-06 18:26:03] Undefined variable $getId in C:\xampp\Desktop\mdcnpal\htdocs\public_html\core\global_include.php on line 684
[2026-07-06 18:26:03] Undefined variable $getName in C:\xampp\Desktop\mdcnpal\htdocs\public_html\core\global_include.php on line 685
[2026-07-06 18:26:04] Undefined array key 0 in C:\xampp\Desktop\mdcnpal\htdocs\public_html\core\global_include.php on line 810
[2026-07-06 18:26:04] Creation of dynamic property app::$rs_offer_msg is deprecated in C:\xampp\Desktop\mdcnpal\htdocs\public_html\core\app.php on line 434
[2026-07-06 18:26:04] Creation of dynamic property app::$rs_for_doctors is deprecated in C:\xampp\Desktop\mdcnpal\htdocs\public_html\core\app.php on line 434
[2026-07-06 18:26:04] Undefined property: app::$rs_cartmini in C:\xampp\Desktop\mdcnpal\htdocs\public_html\includes\header.php on line 131
[2026-07-06 18:26:04] Undefined array key "MDRCCustID" in C:\xampp\Desktop\mdcnpal\htdocs\public_html\includes\header.php on line 134
[2026-07-06 18:26:04] Undefined property: app::$rs_cartmini in C:\xampp\Desktop\mdcnpal\htdocs\public_html\includes\header.php on line 197
[2026-07-06 18:26:04] Undefined array key "MDRCCustID" in C:\xampp\Desktop\mdcnpal\htdocs\public_html\includes\header.php on line 200
[2026-07-06 18:26:04] Undefined property: app::$rs_cartmini in C:\xampp\Desktop\mdcnpal\htdocs\public_html\includes\header.php on line 469
[2026-07-06 18:26:04] Undefined array key "MDRCCustID" in C:\xampp\Desktop\mdcnpal\htdocs\public_html\includes\header.php on line 472
[2026-07-06 18:26:04] Undefined property: app::$rs_cartmini in C:\xampp\Desktop\mdcnpal\htdocs\public_html\includes\header.php on line 525
[2026-07-06 18:26:04] Undefined array key "MDRCCustID" in C:\xampp\Desktop\mdcnpal\htdocs\public_html\includes\header.php on line 528
[2026-07-06 18:26:04] Undefined property: app::$rs_customer in C:\xampp\Desktop\mdcnpal\htdocs\public_html\includes\header.php on line 712
[2026-07-06 18:26:04] Trying to access array offset on value of type null in C:\xampp\Desktop\mdcnpal\htdocs\public_html\includes\header.php on line 712
[2026-07-06 18:26:04] Undefined property: app::$rs_customer in C:\xampp\Desktop\mdcnpal\htdocs\public_html\includes\header.php on line 721
[2026-07-06 18:26:04] Trying to access array offset on value of type null in C:\xampp\Desktop\mdcnpal\htdocs\public_html\includes\header.php on line 721
[2026-07-06 18:26:04] Undefined property: app::$rs_customer in C:\xampp\Desktop\mdcnpal\htdocs\public_html\includes\header.php on line 730
[2026-07-06 18:26:04] Trying to access array offset on value of type null in C:\xampp\Desktop\mdcnpal\htdocs\public_html\includes\header.php on line 730
[2026-07-06 18:26:04] Undefined property: app::$rs_customer in C:\xampp\Desktop\mdcnpal\htdocs\public_html\includes\header.php on line 739
[2026-07-06 18:26:04] Trying to access array offset on value of type null in C:\xampp\Desktop\mdcnpal\htdocs\public_html\includes\header.php on line 739
[2026-07-06 18:26:04] Undefined property: app::$rs_customer in C:\xampp\Desktop\mdcnpal\htdocs\public_html\includes\footer.php on line 357
[2026-07-06 18:26:04] Trying to access array offset on value of type null in C:\xampp\Desktop\mdcnpal\htdocs\public_html\includes\footer.php on line 357
[2026-07-06 18:26:04] Undefined property: app::$rs_customer in C:\xampp\Desktop\mdcnpal\htdocs\public_html\includes\footer.php on line 366
[2026-07-06 18:26:04] Trying to access array offset on value of type null in C:\xampp\Desktop\mdcnpal\htdocs\public_html\includes\footer.php on line 366
[2026-07-06 18:26:04] Undefined property: app::$rs_customer in C:\xampp\Desktop\mdcnpal\htdocs\public_html\includes\footer.php on line 372
[2026-07-06 18:26:04] Trying to access array offset on value of type null in C:\xampp\Desktop\mdcnpal\htdocs\public_html\includes\footer.php on line 372
[2026-07-06 18:26:04] Undefined property: app::$rs_customer in C:\xampp\Desktop\mdcnpal\htdocs\public_html\includes\general_data.php on line 88
[2026-07-06 18:26:04] Trying to access array offset on value of type null in C:\xampp\Desktop\mdcnpal\htdocs\public_html\includes\general_data.php on line 88
[2026-07-06 18:26:04] Undefined array key "MDRCCustID" in C:\xampp\Desktop\mdcnpal\htdocs\public_html\includes\general_data.php on line 88
[2026-07-06 18:26:05] Undefined variable $tmpStr in C:\xampp\Desktop\mdcnpal\htdocs\public_html\core\app.php on line 969
[2026-07-06 18:26:17] Creation of dynamic property dbclass::$RECORD_SET is deprecated in C:\xampp\Desktop\mdcnpal\htdocs\public_html\core\dbclass.php on line 69
[2026-07-06 18:26:17] Creation of dynamic property dbclass::$app is deprecated in C:\xampp\Desktop\mdcnpal\htdocs\public_html\core\dbclass.php on line 75
[2026-07-06 18:26:17] Creation of dynamic property model::$foreign_tables is deprecated in C:\xampp\Desktop\mdcnpal\htdocs\public_html\core\model.php on line 43
[2026-07-06 18:26:17] Creation of dynamic property app::$inputfilter is deprecated in C:\xampp\Desktop\mdcnpal\htdocs\public_html\core\app.php on line 123
[2026-07-06 18:26:17] Creation of dynamic property app::$userconfig is deprecated in C:\xampp\Desktop\mdcnpal\htdocs\public_html\core\app.php on line 124
[2026-07-06 18:26:17] Creation of dynamic property app::$global_include is deprecated in C:\xampp\Desktop\mdcnpal\htdocs\public_html\core\app.php on line 125
[2026-07-06 18:26:17] Creation of dynamic property app::$set_cache_time is deprecated in C:\xampp\Desktop\mdcnpal\htdocs\public_html\core\app.php on line 153
[2026-07-06 18:26:17] Undefined variable $RESULT in C:\xampp\Desktop\mdcnpal\htdocs\public_html\scripts\ajax\selectCityUsingGoogleMapApi.php on line 69
[2026-07-06 18:26:17] Undefined variable $URL in C:\xampp\Desktop\mdcnpal\htdocs\public_html\scripts\ajax\selectCityUsingGoogleMapApi.php on line 73
[2026-07-06 18:26:27] Creation of dynamic property dbclass::$RECORD_SET is deprecated in C:\xampp\Desktop\mdcnpal\htdocs\public_html\core\dbclass.php on line 69
[2026-07-06 18:26:27] Creation of dynamic property dbclass::$app is deprecated in C:\xampp\Desktop\mdcnpal\htdocs\public_html\core\dbclass.php on line 75
[2026-07-06 18:26:27] Creation of dynamic property model::$foreign_tables is deprecated in C:\xampp\Desktop\mdcnpal\htdocs\public_html\core\model.php on line 43
[2026-07-06 18:26:27] Creation of dynamic property app::$inputfilter is deprecated in C:\xampp\Desktop\mdcnpal\htdocs\public_html\core\app.php on line 123
[2026-07-06 18:26:27] Creation of dynamic property app::$userconfig is deprecated in C:\xampp\Desktop\mdcnpal\htdocs\public_html\core\app.php on line 124
[2026-07-06 18:26:27] Creation of dynamic property app::$global_include is deprecated in C:\xampp\Desktop\mdcnpal\htdocs\public_html\core\app.php on line 125
[2026-07-06 18:26:27] Creation of dynamic property app::$set_cache_time is deprecated in C:\xampp\Desktop\mdcnpal\htdocs\public_html\core\app.php on line 153
[2026-07-06 18:26:27] Creation of dynamic property app::$meta is deprecated in C:\xampp\Desktop\mdcnpal\htdocs\public_html\core\app.php on line 434
[2026-07-06 18:26:27] Creation of dynamic property app::$rs_gs_city is deprecated in C:\xampp\Desktop\mdcnpal\htdocs\public_html\core\app.php on line 434
[2026-07-06 18:26:27] Creation of dynamic property app::$rs_footer_popular_item is deprecated in C:\xampp\Desktop\mdcnpal\htdocs\public_html\core\app.php on line 434
[2026-07-06 18:26:27] Creation of dynamic property app::$rs_footer_popular_test is deprecated in C:\xampp\Desktop\mdcnpal\htdocs\public_html\core\app.php on line 434
[2026-07-06 18:26:27] Creation of dynamic property app::$rs_testimonial is deprecated in C:\xampp\Desktop\mdcnpal\htdocs\public_html\core\app.php on line 434
[2026-07-06 18:26:27] Creation of dynamic property app::$admin is deprecated in C:\xampp\Desktop\mdcnpal\htdocs\public_html\core\app.php on line 434
[2026-07-06 18:26:27] Undefined array key 0 in C:\xampp\Desktop\mdcnpal\htdocs\public_html\core\global_include.php on line 514
[2026-07-06 18:26:27] Creation of dynamic property app::$popup is deprecated in C:\xampp\Desktop\mdcnpal\htdocs\public_html\core\app.php on line 434
[2026-07-06 18:26:27] Undefined array key "MDRCCustID" in C:\xampp\Desktop\mdcnpal\htdocs\public_html\core\global_include.php on line 515
[2026-07-06 18:26:27] Undefined array key "MDRCToken" in C:\xampp\Desktop\mdcnpal\htdocs\public_html\core\global_include.php on line 515
[2026-07-06 18:26:27] Creation of dynamic property app::$rscategory is deprecated in C:\xampp\Desktop\mdcnpal\htdocs\public_html\core\app.php on line 434
[2026-07-06 18:26:27] Creation of dynamic property app::$rs_pages is deprecated in C:\xampp\Desktop\mdcnpal\htdocs\public_html\core\app.php on line 434
[2026-07-06 18:26:27] Creation of dynamic property app::$gs is deprecated in C:\xampp\Desktop\mdcnpal\htdocs\public_html\core\app.php on line 434
[2026-07-06 18:26:27] Undefined array key "MDRCCustID" in C:\xampp\Desktop\mdcnpal\htdocs\public_html\core\global_include.php on line 596
[2026-07-06 18:26:27] Undefined array key "MDRCCustID" in C:\xampp\Desktop\mdcnpal\htdocs\public_html\core\global_include.php on line 615
[2026-07-06 18:26:27] Undefined variable $getId in C:\xampp\Desktop\mdcnpal\htdocs\public_html\core\global_include.php on line 684
[2026-07-06 18:26:27] Undefined variable $getName in C:\xampp\Desktop\mdcnpal\htdocs\public_html\core\global_include.php on line 685
[2026-07-06 18:26:27] Undefined array key 0 in C:\xampp\Desktop\mdcnpal\htdocs\public_html\core\global_include.php on line 810
[2026-07-06 18:26:27] Creation of dynamic property app::$rs_offer_msg is deprecated in C:\xampp\Desktop\mdcnpal\htdocs\public_html\core\app.php on line 434
[2026-07-06 18:26:27] Creation of dynamic property app::$rs_for_doctors is deprecated in C:\xampp\Desktop\mdcnpal\htdocs\public_html\core\app.php on line 434
[2026-07-06 18:26:27] Creation of dynamic property app::$rs_data is deprecated in C:\xampp\Desktop\mdcnpal\htdocs\public_html\core\app.php on line 434
[2026-07-06 18:26:27] Creation of dynamic property app::$rs_certi_data is deprecated in C:\xampp\Desktop\mdcnpal\htdocs\public_html\core\app.php on line 434
[2026-07-06 18:26:27] Creation of dynamic property app::$rs_key_fetures_data is deprecated in C:\xampp\Desktop\mdcnpal\htdocs\public_html\core\app.php on line 434
[2026-07-06 18:26:27] Creation of dynamic property app::$rs_banner is deprecated in C:\xampp\Desktop\mdcnpal\htdocs\public_html\core\app.php on line 434
[2026-07-06 18:26:27] Creation of dynamic property app::$rs_package_data is deprecated in C:\xampp\Desktop\mdcnpal\htdocs\public_html\core\app.php on line 434
[2026-07-06 18:26:27] Creation of dynamic property app::$city_id is deprecated in C:\xampp\Desktop\mdcnpal\htdocs\public_html\core\app.php on line 434
[2026-07-06 18:26:27] Creation of dynamic property app::$city_name is deprecated in C:\xampp\Desktop\mdcnpal\htdocs\public_html\core\app.php on line 434
[2026-07-06 18:26:27] Creation of dynamic property app::$rs_faq_data is deprecated in C:\xampp\Desktop\mdcnpal\htdocs\public_html\core\app.php on line 434
[2026-07-06 18:26:27] Undefined property: app::$rs_cartmini in C:\xampp\Desktop\mdcnpal\htdocs\public_html\includes\header.php on line 131
[2026-07-06 18:26:27] Undefined array key "MDRCCustID" in C:\xampp\Desktop\mdcnpal\htdocs\public_html\includes\header.php on line 134
[2026-07-06 18:26:27] Undefined property: app::$rs_cartmini in C:\xampp\Desktop\mdcnpal\htdocs\public_html\includes\header.php on line 197
[2026-07-06 18:26:27] Undefined array key "MDRCCustID" in C:\xampp\Desktop\mdcnpal\htdocs\public_html\includes\header.php on line 200
[2026-07-06 18:26:27] Undefined property: app::$rs_cartmini in C:\xampp\Desktop\mdcnpal\htdocs\public_html\includes\header.php on line 469
[2026-07-06 18:26:27] Undefined array key "MDRCCustID" in C:\xampp\Desktop\mdcnpal\htdocs\public_html\includes\header.php on line 472
[2026-07-06 18:26:27] Undefined property: app::$rs_cartmini in C:\xampp\Desktop\mdcnpal\htdocs\public_html\includes\header.php on line 525
[2026-07-06 18:26:27] Undefined array key "MDRCCustID" in C:\xampp\Desktop\mdcnpal\htdocs\public_html\includes\header.php on line 528
[2026-07-06 18:26:27] Undefined property: app::$rs_customer in C:\xampp\Desktop\mdcnpal\htdocs\public_html\includes\header.php on line 712
[2026-07-06 18:26:27] Trying to access array offset on value of type null in C:\xampp\Desktop\mdcnpal\htdocs\public_html\includes\header.php on line 712
[2026-07-06 18:26:27] Undefined property: app::$rs_customer in C:\xampp\Desktop\mdcnpal\htdocs\public_html\includes\header.php on line 721
[2026-07-06 18:26:27] Trying to access array offset on value of type null in C:\xampp\Desktop\mdcnpal\htdocs\public_html\includes\header.php on line 721
[2026-07-06 18:26:27] Undefined property: app::$rs_customer in C:\xampp\Desktop\mdcnpal\htdocs\public_html\includes\header.php on line 730
[2026-07-06 18:26:27] Trying to access array offset on value of type null in C:\xampp\Desktop\mdcnpal\htdocs\public_html\includes\header.php on line 730
[2026-07-06 18:26:27] Undefined property: app::$rs_customer in C:\xampp\Desktop\mdcnpal\htdocs\public_html\includes\header.php on line 739
[2026-07-06 18:26:27] Trying to access array offset on value of type null in C:\xampp\Desktop\mdcnpal\htdocs\public_html\includes\header.php on line 739
[2026-07-06 18:26:27] Undefined variable $mrpP in C:\xampp\Desktop\mdcnpal\htdocs\public_html\core\utility.php on line 7183
[2026-07-06 18:26:27] Undefined variable $disc in C:\xampp\Desktop\mdcnpal\htdocs\public_html\core\utility.php on line 7194
[2026-07-06 18:26:27] Undefined property: app::$rs_customer in C:\xampp\Desktop\mdcnpal\htdocs\public_html\includes\footer.php on line 357
[2026-07-06 18:26:27] Trying to access array offset on value of type null in C:\xampp\Desktop\mdcnpal\htdocs\public_html\includes\footer.php on line 357
[2026-07-06 18:26:27] Undefined property: app::$rs_customer in C:\xampp\Desktop\mdcnpal\htdocs\public_html\includes\footer.php on line 366
[2026-07-06 18:26:27] Trying to access array offset on value of type null in C:\xampp\Desktop\mdcnpal\htdocs\public_html\includes\footer.php on line 366
[2026-07-06 18:26:27] Undefined property: app::$rs_customer in C:\xampp\Desktop\mdcnpal\htdocs\public_html\includes\footer.php on line 372
[2026-07-06 18:26:27] Trying to access array offset on value of type null in C:\xampp\Desktop\mdcnpal\htdocs\public_html\includes\footer.php on line 372
[2026-07-06 18:26:27] Undefined property: app::$rs_customer in C:\xampp\Desktop\mdcnpal\htdocs\public_html\includes\general_data.php on line 88
[2026-07-06 18:26:27] Trying to access array offset on value of type null in C:\xampp\Desktop\mdcnpal\htdocs\public_html\includes\general_data.php on line 88
[2026-07-06 18:26:27] Undefined array key "MDRCCustID" in C:\xampp\Desktop\mdcnpal\htdocs\public_html\includes\general_data.php on line 88
[2026-07-06 18:26:27] Undefined variable $tmpStr in C:\xampp\Desktop\mdcnpal\htdocs\public_html\core\app.php on line 969
[2026-07-06 18:26:28] Creation of dynamic property dbclass::$RECORD_SET is deprecated in C:\xampp\Desktop\mdcnpal\htdocs\public_html\core\dbclass.php on line 69
[2026-07-06 18:26:28] Creation of dynamic property dbclass::$app is deprecated in C:\xampp\Desktop\mdcnpal\htdocs\public_html\core\dbclass.php on line 75
[2026-07-06 18:26:28] Creation of dynamic property model::$foreign_tables is deprecated in C:\xampp\Desktop\mdcnpal\htdocs\public_html\core\model.php on line 43
[2026-07-06 18:26:28] Creation of dynamic property app::$inputfilter is deprecated in C:\xampp\Desktop\mdcnpal\htdocs\public_html\core\app.php on line 123
[2026-07-06 18:26:28] Creation of dynamic property app::$userconfig is deprecated in C:\xampp\Desktop\mdcnpal\htdocs\public_html\core\app.php on line 124
[2026-07-06 18:26:28] Creation of dynamic property app::$global_include is deprecated in C:\xampp\Desktop\mdcnpal\htdocs\public_html\core\app.php on line 125
[2026-07-06 18:26:28] Creation of dynamic property app::$set_cache_time is deprecated in C:\xampp\Desktop\mdcnpal\htdocs\public_html\core\app.php on line 153
[2026-07-06 18:26:28] Creation of dynamic property app::$meta is deprecated in C:\xampp\Desktop\mdcnpal\htdocs\public_html\core\app.php on line 434
[2026-07-06 18:26:28] Creation of dynamic property app::$rs_gs_city is deprecated in C:\xampp\Desktop\mdcnpal\htdocs\public_html\core\app.php on line 434
[2026-07-06 18:26:29] Creation of dynamic property app::$rs_footer_popular_item is deprecated in C:\xampp\Desktop\mdcnpal\htdocs\public_html\core\app.php on line 434
[2026-07-06 18:26:29] Creation of dynamic property app::$rs_footer_popular_test is deprecated in C:\xampp\Desktop\mdcnpal\htdocs\public_html\core\app.php on line 434
[2026-07-06 18:26:29] Creation of dynamic property app::$rs_testimonial is deprecated in C:\xampp\Desktop\mdcnpal\htdocs\public_html\core\app.php on line 434
[2026-07-06 18:26:29] Creation of dynamic property app::$admin is deprecated in C:\xampp\Desktop\mdcnpal\htdocs\public_html\core\app.php on line 434
[2026-07-06 18:26:29] Undefined array key 0 in C:\xampp\Desktop\mdcnpal\htdocs\public_html\core\global_include.php on line 514
[2026-07-06 18:26:29] Creation of dynamic property app::$popup is deprecated in C:\xampp\Desktop\mdcnpal\htdocs\public_html\core\app.php on line 434
[2026-07-06 18:26:29] Undefined array key "MDRCCustID" in C:\xampp\Desktop\mdcnpal\htdocs\public_html\core\global_include.php on line 515
[2026-07-06 18:26:29] Undefined array key "MDRCToken" in C:\xampp\Desktop\mdcnpal\htdocs\public_html\core\global_include.php on line 515
[2026-07-06 18:26:29] Creation of dynamic property app::$rscategory is deprecated in C:\xampp\Desktop\mdcnpal\htdocs\public_html\core\app.php on line 434
[2026-07-06 18:26:29] Creation of dynamic property app::$rs_pages is deprecated in C:\xampp\Desktop\mdcnpal\htdocs\public_html\core\app.php on line 434
[2026-07-06 18:26:29] Creation of dynamic property app::$gs is deprecated in C:\xampp\Desktop\mdcnpal\htdocs\public_html\core\app.php on line 434
[2026-07-06 18:26:29] Undefined array key "MDRCCustID" in C:\xampp\Desktop\mdcnpal\htdocs\public_html\core\global_include.php on line 596
[2026-07-06 18:26:29] Undefined array key "MDRCCustID" in C:\xampp\Desktop\mdcnpal\htdocs\public_html\core\global_include.php on line 615
[2026-07-06 18:26:30] Undefined variable $getId in C:\xampp\Desktop\mdcnpal\htdocs\public_html\core\global_include.php on line 684
[2026-07-06 18:26:30] Undefined variable $getName in C:\xampp\Desktop\mdcnpal\htdocs\public_html\core\global_include.php on line 685
[2026-07-06 18:26:30] Undefined array key 0 in C:\xampp\Desktop\mdcnpal\htdocs\public_html\core\global_include.php on line 810
[2026-07-06 18:26:30] Creation of dynamic property app::$rs_offer_msg is deprecated in C:\xampp\Desktop\mdcnpal\htdocs\public_html\core\app.php on line 434
[2026-07-06 18:26:30] Creation of dynamic property app::$rs_for_doctors is deprecated in C:\xampp\Desktop\mdcnpal\htdocs\public_html\core\app.php on line 434
[2026-07-06 18:26:30] Undefined property: app::$rs_cartmini in C:\xampp\Desktop\mdcnpal\htdocs\public_html\includes\header.php on line 131
[2026-07-06 18:26:30] Undefined array key "MDRCCustID" in C:\xampp\Desktop\mdcnpal\htdocs\public_html\includes\header.php on line 134
[2026-07-06 18:26:30] Undefined property: app::$rs_cartmini in C:\xampp\Desktop\mdcnpal\htdocs\public_html\includes\header.php on line 197
[2026-07-06 18:26:30] Undefined array key "MDRCCustID" in C:\xampp\Desktop\mdcnpal\htdocs\public_html\includes\header.php on line 200
[2026-07-06 18:26:30] Undefined property: app::$rs_cartmini in C:\xampp\Desktop\mdcnpal\htdocs\public_html\includes\header.php on line 469
[2026-07-06 18:26:30] Undefined array key "MDRCCustID" in C:\xampp\Desktop\mdcnpal\htdocs\public_html\includes\header.php on line 472
[2026-07-06 18:26:30] Undefined property: app::$rs_cartmini in C:\xampp\Desktop\mdcnpal\htdocs\public_html\includes\header.php on line 525
[2026-07-06 18:26:30] Undefined array key "MDRCCustID" in C:\xampp\Desktop\mdcnpal\htdocs\public_html\includes\header.php on line 528
[2026-07-06 18:26:30] Undefined property: app::$rs_customer in C:\xampp\Desktop\mdcnpal\htdocs\public_html\includes\header.php on line 712
[2026-07-06 18:26:30] Trying to access array offset on value of type null in C:\xampp\Desktop\mdcnpal\htdocs\public_html\includes\header.php on line 712
[2026-07-06 18:26:30] Undefined property: app::$rs_customer in C:\xampp\Desktop\mdcnpal\htdocs\public_html\includes\header.php on line 721
[2026-07-06 18:26:30] Trying to access array offset on value of type null in C:\xampp\Desktop\mdcnpal\htdocs\public_html\includes\header.php on line 721
[2026-07-06 18:26:30] Undefined property: app::$rs_customer in C:\xampp\Desktop\mdcnpal\htdocs\public_html\includes\header.php on line 730
[2026-07-06 18:26:30] Trying to access array offset on value of type null in C:\xampp\Desktop\mdcnpal\htdocs\public_html\includes\header.php on line 730
[2026-07-06 18:26:30] Undefined property: app::$rs_customer in C:\xampp\Desktop\mdcnpal\htdocs\public_html\includes\header.php on line 739
[2026-07-06 18:26:30] Trying to access array offset on value of type null in C:\xampp\Desktop\mdcnpal\htdocs\public_html\includes\header.php on line 739
[2026-07-06 18:26:30] Undefined property: app::$rs_customer in C:\xampp\Desktop\mdcnpal\htdocs\public_html\includes\footer.php on line 357
[2026-07-06 18:26:30] Trying to access array offset on value of type null in C:\xampp\Desktop\mdcnpal\htdocs\public_html\includes\footer.php on line 357
[2026-07-06 18:26:30] Undefined property: app::$rs_customer in C:\xampp\Desktop\mdcnpal\htdocs\public_html\includes\footer.php on line 366
[2026-07-06 18:26:30] Trying to access array offset on value of type null in C:\xampp\Desktop\mdcnpal\htdocs\public_html\includes\footer.php on line 366
[2026-07-06 18:26:30] Undefined property: app::$rs_customer in C:\xampp\Desktop\mdcnpal\htdocs\public_html\includes\footer.php on line 372
[2026-07-06 18:26:30] Trying to access array offset on value of type null in C:\xampp\Desktop\mdcnpal\htdocs\public_html\includes\footer.php on line 372
[2026-07-06 18:26:30] Undefined property: app::$rs_customer in C:\xampp\Desktop\mdcnpal\htdocs\public_html\includes\general_data.php on line 88
[2026-07-06 18:26:30] Trying to access array offset on value of type null in C:\xampp\Desktop\mdcnpal\htdocs\public_html\includes\general_data.php on line 88
[2026-07-06 18:26:30] Undefined array key "MDRCCustID" in C:\xampp\Desktop\mdcnpal\htdocs\public_html\includes\general_data.php on line 88
[2026-07-06 18:26:30] Undefined variable $tmpStr in C:\xampp\Desktop\mdcnpal\htdocs\public_html\core\app.php on line 969
[2026-07-06 18:26:36] Creation of dynamic property dbclass::$RECORD_SET is deprecated in C:\xampp\Desktop\mdcnpal\htdocs\public_html\core\dbclass.php on line 69
[2026-07-06 18:26:36] Creation of dynamic property dbclass::$app is deprecated in C:\xampp\Desktop\mdcnpal\htdocs\public_html\core\dbclass.php on line 75
[2026-07-06 18:26:36] Creation of dynamic property model::$foreign_tables is deprecated in C:\xampp\Desktop\mdcnpal\htdocs\public_html\core\model.php on line 43
[2026-07-06 18:26:36] Creation of dynamic property app::$inputfilter is deprecated in C:\xampp\Desktop\mdcnpal\htdocs\public_html\core\app.php on line 123
[2026-07-06 18:26:36] Creation of dynamic property app::$userconfig is deprecated in C:\xampp\Desktop\mdcnpal\htdocs\public_html\core\app.php on line 124
[2026-07-06 18:26:36] Creation of dynamic property app::$global_include is deprecated in C:\xampp\Desktop\mdcnpal\htdocs\public_html\core\app.php on line 125
[2026-07-06 18:26:36] Creation of dynamic property app::$set_cache_time is deprecated in C:\xampp\Desktop\mdcnpal\htdocs\public_html\core\app.php on line 153
[2026-07-06 18:26:36] Undefined variable $RESULT in C:\xampp\Desktop\mdcnpal\htdocs\public_html\scripts\ajax\selectCityUsingGoogleMapApi.php on line 69
[2026-07-06 18:26:36] Undefined variable $URL in C:\xampp\Desktop\mdcnpal\htdocs\public_html\scripts\ajax\selectCityUsingGoogleMapApi.php on line 73
[2026-07-06 18:26:48] Creation of dynamic property dbclass::$RECORD_SET is deprecated in C:\xampp\Desktop\mdcnpal\htdocs\public_html\core\dbclass.php on line 69
[2026-07-06 18:26:48] Creation of dynamic property dbclass::$app is deprecated in C:\xampp\Desktop\mdcnpal\htdocs\public_html\core\dbclass.php on line 75
[2026-07-06 18:26:48] Creation of dynamic property model::$foreign_tables is deprecated in C:\xampp\Desktop\mdcnpal\htdocs\public_html\core\model.php on line 43
[2026-07-06 18:26:48] Creation of dynamic property app::$inputfilter is deprecated in C:\xampp\Desktop\mdcnpal\htdocs\public_html\core\app.php on line 123
[2026-07-06 18:26:48] Creation of dynamic property app::$userconfig is deprecated in C:\xampp\Desktop\mdcnpal\htdocs\public_html\core\app.php on line 124
[2026-07-06 18:26:48] Creation of dynamic property app::$global_include is deprecated in C:\xampp\Desktop\mdcnpal\htdocs\public_html\core\app.php on line 125
[2026-07-06 18:26:48] Creation of dynamic property app::$set_cache_time is deprecated in C:\xampp\Desktop\mdcnpal\htdocs\public_html\core\app.php on line 153
[2026-07-06 18:26:48] Undefined array key "cityID" in C:\xampp\Desktop\mdcnpal\htdocs\public_html\core\global_include.php on line 381
[2026-07-06 18:26:48] Undefined array key "MDRCCustID" in C:\xampp\Desktop\mdcnpal\htdocs\public_html\core\global_include.php on line 406
[2026-07-06 18:26:48] Creation of dynamic property app::$meta is deprecated in C:\xampp\Desktop\mdcnpal\htdocs\public_html\core\app.php on line 434
[2026-07-06 18:26:48] Creation of dynamic property app::$rs_gs_city is deprecated in C:\xampp\Desktop\mdcnpal\htdocs\public_html\core\app.php on line 434
[2026-07-06 18:26:48] Creation of dynamic property app::$rs_footer_popular_item is deprecated in C:\xampp\Desktop\mdcnpal\htdocs\public_html\core\app.php on line 434
[2026-07-06 18:26:48] Creation of dynamic property app::$rs_footer_popular_test is deprecated in C:\xampp\Desktop\mdcnpal\htdocs\public_html\core\app.php on line 434
[2026-07-06 18:26:48] Creation of dynamic property app::$rs_testimonial is deprecated in C:\xampp\Desktop\mdcnpal\htdocs\public_html\core\app.php on line 434
[2026-07-06 18:26:48] Creation of dynamic property app::$admin is deprecated in C:\xampp\Desktop\mdcnpal\htdocs\public_html\core\app.php on line 434
[2026-07-06 18:26:48] Undefined array key 0 in C:\xampp\Desktop\mdcnpal\htdocs\public_html\core\global_include.php on line 514
[2026-07-06 18:26:48] Creation of dynamic property app::$popup is deprecated in C:\xampp\Desktop\mdcnpal\htdocs\public_html\core\app.php on line 434
[2026-07-06 18:26:48] Undefined array key "MDRCCustID" in C:\xampp\Desktop\mdcnpal\htdocs\public_html\core\global_include.php on line 515
[2026-07-06 18:26:48] Undefined array key "MDRCToken" in C:\xampp\Desktop\mdcnpal\htdocs\public_html\core\global_include.php on line 515
[2026-07-06 18:26:48] Creation of dynamic property app::$rscategory is deprecated in C:\xampp\Desktop\mdcnpal\htdocs\public_html\core\app.php on line 434
[2026-07-06 18:26:48] Creation of dynamic property app::$rs_pages is deprecated in C:\xampp\Desktop\mdcnpal\htdocs\public_html\core\app.php on line 434
[2026-07-06 18:26:48] Creation of dynamic property app::$gs is deprecated in C:\xampp\Desktop\mdcnpal\htdocs\public_html\core\app.php on line 434
[2026-07-06 18:26:48] Undefined array key "MDRCCustID" in C:\xampp\Desktop\mdcnpal\htdocs\public_html\core\global_include.php on line 596
[2026-07-06 18:26:48] Undefined array key "MDRCCustID" in C:\xampp\Desktop\mdcnpal\htdocs\public_html\core\global_include.php on line 615
[2026-07-06 18:26:48] Undefined variable $getId in C:\xampp\Desktop\mdcnpal\htdocs\public_html\core\global_include.php on line 684
[2026-07-06 18:26:48] Undefined variable $getName in C:\xampp\Desktop\mdcnpal\htdocs\public_html\core\global_include.php on line 685
[2026-07-06 18:26:48] Undefined array key 0 in C:\xampp\Desktop\mdcnpal\htdocs\public_html\core\global_include.php on line 810
[2026-07-06 18:26:48] Creation of dynamic property app::$rs_offer_msg is deprecated in C:\xampp\Desktop\mdcnpal\htdocs\public_html\core\app.php on line 434
[2026-07-06 18:26:48] Creation of dynamic property app::$rs_for_doctors is deprecated in C:\xampp\Desktop\mdcnpal\htdocs\public_html\core\app.php on line 434
[2026-07-06 18:26:48] Creation of dynamic property app::$rs_banner is deprecated in C:\xampp\Desktop\mdcnpal\htdocs\public_html\core\app.php on line 434
[2026-07-06 18:26:48] Creation of dynamic property app::$page_info is deprecated in C:\xampp\Desktop\mdcnpal\htdocs\public_html\core\app.php on line 434
[2026-07-06 18:26:48] Creation of dynamic property app::$department_id is deprecated in C:\xampp\Desktop\mdcnpal\htdocs\public_html\core\app.php on line 434
[2026-07-06 18:26:48] Creation of dynamic property app::$city_id is deprecated in C:\xampp\Desktop\mdcnpal\htdocs\public_html\core\app.php on line 434
[2026-07-06 18:26:48] Creation of dynamic property app::$city_name is deprecated in C:\xampp\Desktop\mdcnpal\htdocs\public_html\core\app.php on line 434
[2026-07-06 18:26:48] Creation of dynamic property app::$data_id is deprecated in C:\xampp\Desktop\mdcnpal\htdocs\public_html\core\app.php on line 434
[2026-07-06 18:26:48] Creation of dynamic property app::$data_name is deprecated in C:\xampp\Desktop\mdcnpal\htdocs\public_html\core\app.php on line 434
[2026-07-06 18:26:48] Creation of dynamic property app::$pageType is deprecated in C:\xampp\Desktop\mdcnpal\htdocs\public_html\core\app.php on line 434
[2026-07-06 18:26:48] Creation of dynamic property app::$rs_faq_data is deprecated in C:\xampp\Desktop\mdcnpal\htdocs\public_html\core\app.php on line 434
[2026-07-06 18:26:48] Undefined array key "tempCityID" in C:\xampp\Desktop\mdcnpal\htdocs\public_html\includes\header.php on line 5
[2026-07-06 18:26:48] Undefined array key "items" in C:\xampp\Desktop\mdcnpal\htdocs\public_html\includes\header.php on line 16
[2026-07-06 18:26:48] Undefined array key "item_category" in C:\xampp\Desktop\mdcnpal\htdocs\public_html\includes\header.php on line 26
[2026-07-06 18:26:48] Undefined array key "item_diseases" in C:\xampp\Desktop\mdcnpal\htdocs\public_html\includes\header.php on line 33
[2026-07-06 18:26:48] Undefined property: app::$rs_cartmini in C:\xampp\Desktop\mdcnpal\htdocs\public_html\includes\header.php on line 131
[2026-07-06 18:26:48] Undefined array key "MDRCCustID" in C:\xampp\Desktop\mdcnpal\htdocs\public_html\includes\header.php on line 134
[2026-07-06 18:26:48] Undefined property: app::$rs_cartmini in C:\xampp\Desktop\mdcnpal\htdocs\public_html\includes\header.php on line 197
[2026-07-06 18:26:48] Undefined array key "MDRCCustID" in C:\xampp\Desktop\mdcnpal\htdocs\public_html\includes\header.php on line 200
[2026-07-06 18:26:48] Undefined property: app::$rs_cartmini in C:\xampp\Desktop\mdcnpal\htdocs\public_html\includes\header.php on line 469
[2026-07-06 18:26:48] Undefined array key "MDRCCustID" in C:\xampp\Desktop\mdcnpal\htdocs\public_html\includes\header.php on line 472
[2026-07-06 18:26:48] Undefined property: app::$rs_cartmini in C:\xampp\Desktop\mdcnpal\htdocs\public_html\includes\header.php on line 525
[2026-07-06 18:26:48] Undefined array key "MDRCCustID" in C:\xampp\Desktop\mdcnpal\htdocs\public_html\includes\header.php on line 528
[2026-07-06 18:26:48] Undefined property: app::$rs_customer in C:\xampp\Desktop\mdcnpal\htdocs\public_html\includes\header.php on line 712
[2026-07-06 18:26:48] Trying to access array offset on value of type null in C:\xampp\Desktop\mdcnpal\htdocs\public_html\includes\header.php on line 712
[2026-07-06 18:26:48] Undefined property: app::$rs_customer in C:\xampp\Desktop\mdcnpal\htdocs\public_html\includes\header.php on line 721
[2026-07-06 18:26:48] Trying to access array offset on value of type null in C:\xampp\Desktop\mdcnpal\htdocs\public_html\includes\header.php on line 721
[2026-07-06 18:26:48] Undefined property: app::$rs_customer in C:\xampp\Desktop\mdcnpal\htdocs\public_html\includes\header.php on line 730
[2026-07-06 18:26:48] Trying to access array offset on value of type null in C:\xampp\Desktop\mdcnpal\htdocs\public_html\includes\header.php on line 730
[2026-07-06 18:26:48] Undefined property: app::$rs_customer in C:\xampp\Desktop\mdcnpal\htdocs\public_html\includes\header.php on line 739
[2026-07-06 18:26:48] Trying to access array offset on value of type null in C:\xampp\Desktop\mdcnpal\htdocs\public_html\includes\header.php on line 739
[2026-07-06 18:26:48] Undefined property: app::$rs_customer in C:\xampp\Desktop\mdcnpal\htdocs\public_html\includes\footer.php on line 357
[2026-07-06 18:26:48] Trying to access array offset on value of type null in C:\xampp\Desktop\mdcnpal\htdocs\public_html\includes\footer.php on line 357
[2026-07-06 18:26:48] Undefined property: app::$rs_customer in C:\xampp\Desktop\mdcnpal\htdocs\public_html\includes\footer.php on line 366
[2026-07-06 18:26:48] Trying to access array offset on value of type null in C:\xampp\Desktop\mdcnpal\htdocs\public_html\includes\footer.php on line 366
[2026-07-06 18:26:48] Undefined property: app::$rs_customer in C:\xampp\Desktop\mdcnpal\htdocs\public_html\includes\footer.php on line 372
[2026-07-06 18:26:48] Trying to access array offset on value of type null in C:\xampp\Desktop\mdcnpal\htdocs\public_html\includes\footer.php on line 372
[2026-07-06 18:26:48] Undefined property: app::$rs_customer in C:\xampp\Desktop\mdcnpal\htdocs\public_html\includes\general_data.php on line 88
[2026-07-06 18:26:48] Trying to access array offset on value of type null in C:\xampp\Desktop\mdcnpal\htdocs\public_html\includes\general_data.php on line 88
[2026-07-06 18:26:48] Undefined array key "MDRCCustID" in C:\xampp\Desktop\mdcnpal\htdocs\public_html\includes\general_data.php on line 88
[2026-07-06 18:26:49] Undefined variable $tmpStr in C:\xampp\Desktop\mdcnpal\htdocs\public_html\core\app.php on line 969
[2026-07-06 18:26:49] Creation of dynamic property dbclass::$RECORD_SET is deprecated in C:\xampp\Desktop\mdcnpal\htdocs\public_html\core\dbclass.php on line 69
[2026-07-06 18:26:49] Creation of dynamic property dbclass::$app is deprecated in C:\xampp\Desktop\mdcnpal\htdocs\public_html\core\dbclass.php on line 75
[2026-07-06 18:26:49] Creation of dynamic property model::$foreign_tables is deprecated in C:\xampp\Desktop\mdcnpal\htdocs\public_html\core\model.php on line 43
[2026-07-06 18:26:49] Creation of dynamic property app::$inputfilter is deprecated in C:\xampp\Desktop\mdcnpal\htdocs\public_html\core\app.php on line 123
[2026-07-06 18:26:49] Creation of dynamic property app::$userconfig is deprecated in C:\xampp\Desktop\mdcnpal\htdocs\public_html\core\app.php on line 124
[2026-07-06 18:26:49] Creation of dynamic property app::$global_include is deprecated in C:\xampp\Desktop\mdcnpal\htdocs\public_html\core\app.php on line 125
[2026-07-06 18:26:49] Creation of dynamic property app::$set_cache_time is deprecated in C:\xampp\Desktop\mdcnpal\htdocs\public_html\core\app.php on line 153
[2026-07-06 18:26:49] Undefined array key "cityID" in C:\xampp\Desktop\mdcnpal\htdocs\public_html\core\global_include.php on line 381
[2026-07-06 18:26:49] Undefined array key "cityID" in C:\xampp\Desktop\mdcnpal\htdocs\public_html\core\global_include.php on line 416
[2026-07-06 18:26:49] Creation of dynamic property app::$meta is deprecated in C:\xampp\Desktop\mdcnpal\htdocs\public_html\core\app.php on line 434
[2026-07-06 18:26:49] Creation of dynamic property app::$rs_gs_city is deprecated in C:\xampp\Desktop\mdcnpal\htdocs\public_html\core\app.php on line 434
[2026-07-06 18:26:49] Undefined array key "cityID" in C:\xampp\Desktop\mdcnpal\htdocs\public_html\core\global_include.php on line 468
[2026-07-06 18:26:49] Creation of dynamic property app::$rs_footer_popular_item is deprecated in C:\xampp\Desktop\mdcnpal\htdocs\public_html\core\app.php on line 434
[2026-07-06 18:26:49] Creation of dynamic property app::$rs_footer_popular_test is deprecated in C:\xampp\Desktop\mdcnpal\htdocs\public_html\core\app.php on line 434
[2026-07-06 18:26:49] Creation of dynamic property app::$rs_testimonial is deprecated in C:\xampp\Desktop\mdcnpal\htdocs\public_html\core\app.php on line 434
[2026-07-06 18:26:49] Creation of dynamic property app::$admin is deprecated in C:\xampp\Desktop\mdcnpal\htdocs\public_html\core\app.php on line 434
[2026-07-06 18:26:49] Undefined array key 0 in C:\xampp\Desktop\mdcnpal\htdocs\public_html\core\global_include.php on line 514
[2026-07-06 18:26:49] Creation of dynamic property app::$popup is deprecated in C:\xampp\Desktop\mdcnpal\htdocs\public_html\core\app.php on line 434
[2026-07-06 18:26:49] Undefined array key "MDRCCustID" in C:\xampp\Desktop\mdcnpal\htdocs\public_html\core\global_include.php on line 515
[2026-07-06 18:26:49] Undefined array key "MDRCToken" in C:\xampp\Desktop\mdcnpal\htdocs\public_html\core\global_include.php on line 515
[2026-07-06 18:26:49] Creation of dynamic property app::$rscategory is deprecated in C:\xampp\Desktop\mdcnpal\htdocs\public_html\core\app.php on line 434
[2026-07-06 18:26:49] Creation of dynamic property app::$rs_pages is deprecated in C:\xampp\Desktop\mdcnpal\htdocs\public_html\core\app.php on line 434
[2026-07-06 18:26:49] Creation of dynamic property app::$gs is deprecated in C:\xampp\Desktop\mdcnpal\htdocs\public_html\core\app.php on line 434
[2026-07-06 18:26:49] Undefined array key "MDRCCustID" in C:\xampp\Desktop\mdcnpal\htdocs\public_html\core\global_include.php on line 596
[2026-07-06 18:26:49] Undefined array key "MDRCCustID" in C:\xampp\Desktop\mdcnpal\htdocs\public_html\core\global_include.php on line 615
[2026-07-06 18:26:49] Undefined variable $getId in C:\xampp\Desktop\mdcnpal\htdocs\public_html\core\global_include.php on line 684
[2026-07-06 18:26:49] Undefined variable $getName in C:\xampp\Desktop\mdcnpal\htdocs\public_html\core\global_include.php on line 685
[2026-07-06 18:26:49] Undefined array key 0 in C:\xampp\Desktop\mdcnpal\htdocs\public_html\core\global_include.php on line 810
[2026-07-06 18:26:49] Creation of dynamic property app::$rs_offer_msg is deprecated in C:\xampp\Desktop\mdcnpal\htdocs\public_html\core\app.php on line 434
[2026-07-06 18:26:49] Creation of dynamic property app::$rs_for_doctors is deprecated in C:\xampp\Desktop\mdcnpal\htdocs\public_html\core\app.php on line 434
[2026-07-06 18:26:49] Undefined array key "tempCityID" in C:\xampp\Desktop\mdcnpal\htdocs\public_html\includes\header.php on line 5
[2026-07-06 18:26:49] Undefined array key "items" in C:\xampp\Desktop\mdcnpal\htdocs\public_html\includes\header.php on line 16
[2026-07-06 18:26:49] Undefined array key "item_category" in C:\xampp\Desktop\mdcnpal\htdocs\public_html\includes\header.php on line 26
[2026-07-06 18:26:49] Undefined array key "item_diseases" in C:\xampp\Desktop\mdcnpal\htdocs\public_html\includes\header.php on line 33
[2026-07-06 18:26:49] Undefined property: app::$rs_cartmini in C:\xampp\Desktop\mdcnpal\htdocs\public_html\includes\header.php on line 131
[2026-07-06 18:26:49] Undefined array key "MDRCCustID" in C:\xampp\Desktop\mdcnpal\htdocs\public_html\includes\header.php on line 134
[2026-07-06 18:26:49] Undefined property: app::$rs_cartmini in C:\xampp\Desktop\mdcnpal\htdocs\public_html\includes\header.php on line 197
[2026-07-06 18:26:49] Undefined array key "MDRCCustID" in C:\xampp\Desktop\mdcnpal\htdocs\public_html\includes\header.php on line 200
[2026-07-06 18:26:49] Undefined property: app::$rs_cartmini in C:\xampp\Desktop\mdcnpal\htdocs\public_html\includes\header.php on line 469
[2026-07-06 18:26:49] Undefined array key "MDRCCustID" in C:\xampp\Desktop\mdcnpal\htdocs\public_html\includes\header.php on line 472
[2026-07-06 18:26:49] Undefined property: app::$rs_cartmini in C:\xampp\Desktop\mdcnpal\htdocs\public_html\includes\header.php on line 525
[2026-07-06 18:26:49] Undefined array key "MDRCCustID" in C:\xampp\Desktop\mdcnpal\htdocs\public_html\includes\header.php on line 528
[2026-07-06 18:26:49] Undefined property: app::$rs_customer in C:\xampp\Desktop\mdcnpal\htdocs\public_html\includes\header.php on line 712
[2026-07-06 18:26:49] Trying to access array offset on value of type null in C:\xampp\Desktop\mdcnpal\htdocs\public_html\includes\header.php on line 712
[2026-07-06 18:26:49] Undefined property: app::$rs_customer in C:\xampp\Desktop\mdcnpal\htdocs\public_html\includes\header.php on line 721
[2026-07-06 18:26:49] Trying to access array offset on value of type null in C:\xampp\Desktop\mdcnpal\htdocs\public_html\includes\header.php on line 721
[2026-07-06 18:26:49] Undefined property: app::$rs_customer in C:\xampp\Desktop\mdcnpal\htdocs\public_html\includes\header.php on line 730
[2026-07-06 18:26:49] Trying to access array offset on value of type null in C:\xampp\Desktop\mdcnpal\htdocs\public_html\includes\header.php on line 730
[2026-07-06 18:26:49] Undefined property: app::$rs_customer in C:\xampp\Desktop\mdcnpal\htdocs\public_html\includes\header.php on line 739
[2026-07-06 18:26:49] Trying to access array offset on value of type null in C:\xampp\Desktop\mdcnpal\htdocs\public_html\includes\header.php on line 739
[2026-07-06 18:26:49] Undefined property: app::$rs_customer in C:\xampp\Desktop\mdcnpal\htdocs\public_html\includes\footer.php on line 357
[2026-07-06 18:26:49] Trying to access array offset on value of type null in C:\xampp\Desktop\mdcnpal\htdocs\public_html\includes\footer.php on line 357
[2026-07-06 18:26:49] Undefined property: app::$rs_customer in C:\xampp\Desktop\mdcnpal\htdocs\public_html\includes\footer.php on line 366
[2026-07-06 18:26:49] Trying to access array offset on value of type null in C:\xampp\Desktop\mdcnpal\htdocs\public_html\includes\footer.php on line 366
[2026-07-06 18:26:49] Undefined property: app::$rs_customer in C:\xampp\Desktop\mdcnpal\htdocs\public_html\includes\footer.php on line 372
[2026-07-06 18:26:49] Trying to access array offset on value of type null in C:\xampp\Desktop\mdcnpal\htdocs\public_html\includes\footer.php on line 372
[2026-07-06 18:26:49] Undefined property: app::$rs_customer in C:\xampp\Desktop\mdcnpal\htdocs\public_html\includes\general_data.php on line 88
[2026-07-06 18:26:49] Trying to access array offset on value of type null in C:\xampp\Desktop\mdcnpal\htdocs\public_html\includes\general_data.php on line 88
[2026-07-06 18:26:49] Undefined array key "MDRCCustID" in C:\xampp\Desktop\mdcnpal\htdocs\public_html\includes\general_data.php on line 88
[2026-07-06 18:26:49] Undefined variable $tmpStr in C:\xampp\Desktop\mdcnpal\htdocs\public_html\core\app.php on line 969
[2026-07-06 18:27:04] Creation of dynamic property dbclass::$RECORD_SET is deprecated in C:\xampp\Desktop\mdcnpal\htdocs\public_html\core\dbclass.php on line 69
[2026-07-06 18:27:04] Creation of dynamic property dbclass::$app is deprecated in C:\xampp\Desktop\mdcnpal\htdocs\public_html\core\dbclass.php on line 75
[2026-07-06 18:27:04] Creation of dynamic property model::$foreign_tables is deprecated in C:\xampp\Desktop\mdcnpal\htdocs\public_html\core\model.php on line 43
[2026-07-06 18:27:04] Creation of dynamic property app::$inputfilter is deprecated in C:\xampp\Desktop\mdcnpal\htdocs\public_html\core\app.php on line 123
[2026-07-06 18:27:04] Creation of dynamic property app::$userconfig is deprecated in C:\xampp\Desktop\mdcnpal\htdocs\public_html\core\app.php on line 124
[2026-07-06 18:27:04] Creation of dynamic property app::$global_include is deprecated in C:\xampp\Desktop\mdcnpal\htdocs\public_html\core\app.php on line 125
[2026-07-06 18:27:04] Creation of dynamic property app::$set_cache_time is deprecated in C:\xampp\Desktop\mdcnpal\htdocs\public_html\core\app.php on line 153
[2026-07-06 18:27:04] Creation of dynamic property app::$meta is deprecated in C:\xampp\Desktop\mdcnpal\htdocs\public_html\core\app.php on line 434
[2026-07-06 18:27:04] Creation of dynamic property app::$rs_gs_city is deprecated in C:\xampp\Desktop\mdcnpal\htdocs\public_html\core\app.php on line 434
[2026-07-06 18:27:04] Creation of dynamic property app::$rs_footer_popular_item is deprecated in C:\xampp\Desktop\mdcnpal\htdocs\public_html\core\app.php on line 434
[2026-07-06 18:27:04] Creation of dynamic property app::$rs_footer_popular_test is deprecated in C:\xampp\Desktop\mdcnpal\htdocs\public_html\core\app.php on line 434
[2026-07-06 18:27:04] Creation of dynamic property app::$rs_testimonial is deprecated in C:\xampp\Desktop\mdcnpal\htdocs\public_html\core\app.php on line 434
[2026-07-06 18:27:04] Creation of dynamic property app::$admin is deprecated in C:\xampp\Desktop\mdcnpal\htdocs\public_html\core\app.php on line 434
[2026-07-06 18:27:04] Undefined array key 0 in C:\xampp\Desktop\mdcnpal\htdocs\public_html\core\global_include.php on line 514
[2026-07-06 18:27:04] Creation of dynamic property app::$popup is deprecated in C:\xampp\Desktop\mdcnpal\htdocs\public_html\core\app.php on line 434
[2026-07-06 18:27:04] Undefined array key "MDRCCustID" in C:\xampp\Desktop\mdcnpal\htdocs\public_html\core\global_include.php on line 515
[2026-07-06 18:27:04] Undefined array key "MDRCToken" in C:\xampp\Desktop\mdcnpal\htdocs\public_html\core\global_include.php on line 515
[2026-07-06 18:27:04] Creation of dynamic property app::$rscategory is deprecated in C:\xampp\Desktop\mdcnpal\htdocs\public_html\core\app.php on line 434
[2026-07-06 18:27:04] Creation of dynamic property app::$rs_pages is deprecated in C:\xampp\Desktop\mdcnpal\htdocs\public_html\core\app.php on line 434
[2026-07-06 18:27:04] Creation of dynamic property app::$gs is deprecated in C:\xampp\Desktop\mdcnpal\htdocs\public_html\core\app.php on line 434
[2026-07-06 18:27:04] Undefined array key "MDRCCustID" in C:\xampp\Desktop\mdcnpal\htdocs\public_html\core\global_include.php on line 596
[2026-07-06 18:27:04] Undefined array key "MDRCCustID" in C:\xampp\Desktop\mdcnpal\htdocs\public_html\core\global_include.php on line 615
[2026-07-06 18:27:04] Undefined variable $getId in C:\xampp\Desktop\mdcnpal\htdocs\public_html\core\global_include.php on line 684
[2026-07-06 18:27:04] Undefined variable $getName in C:\xampp\Desktop\mdcnpal\htdocs\public_html\core\global_include.php on line 685
[2026-07-06 18:27:04] Undefined array key 0 in C:\xampp\Desktop\mdcnpal\htdocs\public_html\core\global_include.php on line 810
[2026-07-06 18:27:04] Creation of dynamic property app::$rs_offer_msg is deprecated in C:\xampp\Desktop\mdcnpal\htdocs\public_html\core\app.php on line 434
[2026-07-06 18:27:04] Creation of dynamic property app::$rs_for_doctors is deprecated in C:\xampp\Desktop\mdcnpal\htdocs\public_html\core\app.php on line 434
[2026-07-06 18:27:04] Creation of dynamic property app::$rs_data is deprecated in C:\xampp\Desktop\mdcnpal\htdocs\public_html\core\app.php on line 434
[2026-07-06 18:27:04] Creation of dynamic property app::$rs_certi_data is deprecated in C:\xampp\Desktop\mdcnpal\htdocs\public_html\core\app.php on line 434
[2026-07-06 18:27:04] Creation of dynamic property app::$rs_key_fetures_data is deprecated in C:\xampp\Desktop\mdcnpal\htdocs\public_html\core\app.php on line 434
[2026-07-06 18:27:04] Creation of dynamic property app::$rs_banner is deprecated in C:\xampp\Desktop\mdcnpal\htdocs\public_html\core\app.php on line 434
[2026-07-06 18:27:04] Creation of dynamic property app::$rs_package_data is deprecated in C:\xampp\Desktop\mdcnpal\htdocs\public_html\core\app.php on line 434
[2026-07-06 18:27:04] Creation of dynamic property app::$city_id is deprecated in C:\xampp\Desktop\mdcnpal\htdocs\public_html\core\app.php on line 434
[2026-07-06 18:27:04] Creation of dynamic property app::$city_name is deprecated in C:\xampp\Desktop\mdcnpal\htdocs\public_html\core\app.php on line 434
[2026-07-06 18:27:04] Creation of dynamic property app::$rs_faq_data is deprecated in C:\xampp\Desktop\mdcnpal\htdocs\public_html\core\app.php on line 434
[2026-07-06 18:27:04] Undefined property: app::$rs_cartmini in C:\xampp\Desktop\mdcnpal\htdocs\public_html\includes\header.php on line 131
[2026-07-06 18:27:04] Undefined array key "MDRCCustID" in C:\xampp\Desktop\mdcnpal\htdocs\public_html\includes\header.php on line 134
[2026-07-06 18:27:04] Undefined property: app::$rs_cartmini in C:\xampp\Desktop\mdcnpal\htdocs\public_html\includes\header.php on line 197
[2026-07-06 18:27:04] Undefined array key "MDRCCustID" in C:\xampp\Desktop\mdcnpal\htdocs\public_html\includes\header.php on line 200
[2026-07-06 18:27:04] Undefined property: app::$rs_cartmini in C:\xampp\Desktop\mdcnpal\htdocs\public_html\includes\header.php on line 469
[2026-07-06 18:27:04] Undefined array key "MDRCCustID" in C:\xampp\Desktop\mdcnpal\htdocs\public_html\includes\header.php on line 472
[2026-07-06 18:27:04] Undefined property: app::$rs_cartmini in C:\xampp\Desktop\mdcnpal\htdocs\public_html\includes\header.php on line 525
[2026-07-06 18:27:04] Undefined array key "MDRCCustID" in C:\xampp\Desktop\mdcnpal\htdocs\public_html\includes\header.php on line 528
[2026-07-06 18:27:04] Undefined property: app::$rs_customer in C:\xampp\Desktop\mdcnpal\htdocs\public_html\includes\header.php on line 712
[2026-07-06 18:27:04] Trying to access array offset on value of type null in C:\xampp\Desktop\mdcnpal\htdocs\public_html\includes\header.php on line 712
[2026-07-06 18:27:04] Undefined property: app::$rs_customer in C:\xampp\Desktop\mdcnpal\htdocs\public_html\includes\header.php on line 721
[2026-07-06 18:27:04] Trying to access array offset on value of type null in C:\xampp\Desktop\mdcnpal\htdocs\public_html\includes\header.php on line 721
[2026-07-06 18:27:04] Undefined property: app::$rs_customer in C:\xampp\Desktop\mdcnpal\htdocs\public_html\includes\header.php on line 730
[2026-07-06 18:27:04] Trying to access array offset on value of type null in C:\xampp\Desktop\mdcnpal\htdocs\public_html\includes\header.php on line 730
[2026-07-06 18:27:04] Undefined property: app::$rs_customer in C:\xampp\Desktop\mdcnpal\htdocs\public_html\includes\header.php on line 739
[2026-07-06 18:27:04] Trying to access array offset on value of type null in C:\xampp\Desktop\mdcnpal\htdocs\public_html\includes\header.php on line 739
[2026-07-06 18:27:04] Undefined property: app::$rs_customer in C:\xampp\Desktop\mdcnpal\htdocs\public_html\includes\footer.php on line 357
[2026-07-06 18:27:04] Trying to access array offset on value of type null in C:\xampp\Desktop\mdcnpal\htdocs\public_html\includes\footer.php on line 357
[2026-07-06 18:27:04] Undefined property: app::$rs_customer in C:\xampp\Desktop\mdcnpal\htdocs\public_html\includes\footer.php on line 366
[2026-07-06 18:27:04] Trying to access array offset on value of type null in C:\xampp\Desktop\mdcnpal\htdocs\public_html\includes\footer.php on line 366
[2026-07-06 18:27:04] Undefined property: app::$rs_customer in C:\xampp\Desktop\mdcnpal\htdocs\public_html\includes\footer.php on line 372
[2026-07-06 18:27:04] Trying to access array offset on value of type null in C:\xampp\Desktop\mdcnpal\htdocs\public_html\includes\footer.php on line 372
[2026-07-06 18:27:04] Undefined property: app::$rs_customer in C:\xampp\Desktop\mdcnpal\htdocs\public_html\includes\general_data.php on line 88
[2026-07-06 18:27:04] Trying to access array offset on value of type null in C:\xampp\Desktop\mdcnpal\htdocs\public_html\includes\general_data.php on line 88
[2026-07-06 18:27:04] Undefined array key "MDRCCustID" in C:\xampp\Desktop\mdcnpal\htdocs\public_html\includes\general_data.php on line 88
[2026-07-06 18:27:04] Undefined variable $tmpStr in C:\xampp\Desktop\mdcnpal\htdocs\public_html\core\app.php on line 969
[2026-07-06 18:27:05] Creation of dynamic property dbclass::$RECORD_SET is deprecated in C:\xampp\Desktop\mdcnpal\htdocs\public_html\core\dbclass.php on line 69
[2026-07-06 18:27:05] Creation of dynamic property dbclass::$app is deprecated in C:\xampp\Desktop\mdcnpal\htdocs\public_html\core\dbclass.php on line 75
[2026-07-06 18:27:05] Creation of dynamic property model::$foreign_tables is deprecated in C:\xampp\Desktop\mdcnpal\htdocs\public_html\core\model.php on line 43
[2026-07-06 18:27:05] Creation of dynamic property app::$inputfilter is deprecated in C:\xampp\Desktop\mdcnpal\htdocs\public_html\core\app.php on line 123
[2026-07-06 18:27:05] Creation of dynamic property app::$userconfig is deprecated in C:\xampp\Desktop\mdcnpal\htdocs\public_html\core\app.php on line 124
[2026-07-06 18:27:05] Creation of dynamic property app::$global_include is deprecated in C:\xampp\Desktop\mdcnpal\htdocs\public_html\core\app.php on line 125
[2026-07-06 18:27:05] Creation of dynamic property app::$set_cache_time is deprecated in C:\xampp\Desktop\mdcnpal\htdocs\public_html\core\app.php on line 153
[2026-07-06 18:27:05] Creation of dynamic property app::$meta is deprecated in C:\xampp\Desktop\mdcnpal\htdocs\public_html\core\app.php on line 434
[2026-07-06 18:27:05] Creation of dynamic property app::$rs_gs_city is deprecated in C:\xampp\Desktop\mdcnpal\htdocs\public_html\core\app.php on line 434
[2026-07-06 18:27:05] Creation of dynamic property app::$rs_footer_popular_item is deprecated in C:\xampp\Desktop\mdcnpal\htdocs\public_html\core\app.php on line 434
[2026-07-06 18:27:05] Creation of dynamic property app::$rs_footer_popular_test is deprecated in C:\xampp\Desktop\mdcnpal\htdocs\public_html\core\app.php on line 434
[2026-07-06 18:27:05] Creation of dynamic property app::$rs_testimonial is deprecated in C:\xampp\Desktop\mdcnpal\htdocs\public_html\core\app.php on line 434
[2026-07-06 18:27:05] Creation of dynamic property app::$admin is deprecated in C:\xampp\Desktop\mdcnpal\htdocs\public_html\core\app.php on line 434
[2026-07-06 18:27:05] Undefined array key 0 in C:\xampp\Desktop\mdcnpal\htdocs\public_html\core\global_include.php on line 514
[2026-07-06 18:27:05] Creation of dynamic property app::$popup is deprecated in C:\xampp\Desktop\mdcnpal\htdocs\public_html\core\app.php on line 434
[2026-07-06 18:27:05] Undefined array key "MDRCCustID" in C:\xampp\Desktop\mdcnpal\htdocs\public_html\core\global_include.php on line 515
[2026-07-06 18:27:05] Undefined array key "MDRCToken" in C:\xampp\Desktop\mdcnpal\htdocs\public_html\core\global_include.php on line 515
[2026-07-06 18:27:05] Creation of dynamic property app::$rscategory is deprecated in C:\xampp\Desktop\mdcnpal\htdocs\public_html\core\app.php on line 434
[2026-07-06 18:27:06] Creation of dynamic property app::$rs_pages is deprecated in C:\xampp\Desktop\mdcnpal\htdocs\public_html\core\app.php on line 434
[2026-07-06 18:27:06] Creation of dynamic property app::$gs is deprecated in C:\xampp\Desktop\mdcnpal\htdocs\public_html\core\app.php on line 434
[2026-07-06 18:27:06] Undefined array key "MDRCCustID" in C:\xampp\Desktop\mdcnpal\htdocs\public_html\core\global_include.php on line 596
[2026-07-06 18:27:06] Undefined array key "MDRCCustID" in C:\xampp\Desktop\mdcnpal\htdocs\public_html\core\global_include.php on line 615
[2026-07-06 18:27:06] Undefined variable $getId in C:\xampp\Desktop\mdcnpal\htdocs\public_html\core\global_include.php on line 684
[2026-07-06 18:27:06] Undefined variable $getName in C:\xampp\Desktop\mdcnpal\htdocs\public_html\core\global_include.php on line 685
[2026-07-06 18:27:06] Undefined array key 0 in C:\xampp\Desktop\mdcnpal\htdocs\public_html\core\global_include.php on line 810
[2026-07-06 18:27:06] Creation of dynamic property app::$rs_offer_msg is deprecated in C:\xampp\Desktop\mdcnpal\htdocs\public_html\core\app.php on line 434
[2026-07-06 18:27:06] Creation of dynamic property app::$rs_for_doctors is deprecated in C:\xampp\Desktop\mdcnpal\htdocs\public_html\core\app.php on line 434
[2026-07-06 18:27:06] Undefined property: app::$rs_cartmini in C:\xampp\Desktop\mdcnpal\htdocs\public_html\includes\header.php on line 131
[2026-07-06 18:27:06] Undefined array key "MDRCCustID" in C:\xampp\Desktop\mdcnpal\htdocs\public_html\includes\header.php on line 134
[2026-07-06 18:27:06] Undefined property: app::$rs_cartmini in C:\xampp\Desktop\mdcnpal\htdocs\public_html\includes\header.php on line 197
[2026-07-06 18:27:06] Undefined array key "MDRCCustID" in C:\xampp\Desktop\mdcnpal\htdocs\public_html\includes\header.php on line 200
[2026-07-06 18:27:06] Undefined property: app::$rs_cartmini in C:\xampp\Desktop\mdcnpal\htdocs\public_html\includes\header.php on line 469
[2026-07-06 18:27:06] Undefined array key "MDRCCustID" in C:\xampp\Desktop\mdcnpal\htdocs\public_html\includes\header.php on line 472
[2026-07-06 18:27:06] Undefined property: app::$rs_cartmini in C:\xampp\Desktop\mdcnpal\htdocs\public_html\includes\header.php on line 525
[2026-07-06 18:27:06] Undefined array key "MDRCCustID" in C:\xampp\Desktop\mdcnpal\htdocs\public_html\includes\header.php on line 528
[2026-07-06 18:27:06] Undefined property: app::$rs_customer in C:\xampp\Desktop\mdcnpal\htdocs\public_html\includes\header.php on line 712
[2026-07-06 18:27:06] Trying to access array offset on value of type null in C:\xampp\Desktop\mdcnpal\htdocs\public_html\includes\header.php on line 712
[2026-07-06 18:27:06] Undefined property: app::$rs_customer in C:\xampp\Desktop\mdcnpal\htdocs\public_html\includes\header.php on line 721
[2026-07-06 18:27:06] Trying to access array offset on value of type null in C:\xampp\Desktop\mdcnpal\htdocs\public_html\includes\header.php on line 721
[2026-07-06 18:27:06] Undefined property: app::$rs_customer in C:\xampp\Desktop\mdcnpal\htdocs\public_html\includes\header.php on line 730
[2026-07-06 18:27:06] Trying to access array offset on value of type null in C:\xampp\Desktop\mdcnpal\htdocs\public_html\includes\header.php on line 730
[2026-07-06 18:27:06] Undefined property: app::$rs_customer in C:\xampp\Desktop\mdcnpal\htdocs\public_html\includes\header.php on line 739
[2026-07-06 18:27:06] Trying to access array offset on value of type null in C:\xampp\Desktop\mdcnpal\htdocs\public_html\includes\header.php on line 739
[2026-07-06 18:27:06] Undefined property: app::$rs_customer in C:\xampp\Desktop\mdcnpal\htdocs\public_html\includes\footer.php on line 357
[2026-07-06 18:27:06] Trying to access array offset on value of type null in C:\xampp\Desktop\mdcnpal\htdocs\public_html\includes\footer.php on line 357
[2026-07-06 18:27:06] Undefined property: app::$rs_customer in C:\xampp\Desktop\mdcnpal\htdocs\public_html\includes\footer.php on line 366
[2026-07-06 18:27:06] Trying to access array offset on value of type null in C:\xampp\Desktop\mdcnpal\htdocs\public_html\includes\footer.php on line 366
[2026-07-06 18:27:06] Undefined property: app::$rs_customer in C:\xampp\Desktop\mdcnpal\htdocs\public_html\includes\footer.php on line 372
[2026-07-06 18:27:06] Trying to access array offset on value of type null in C:\xampp\Desktop\mdcnpal\htdocs\public_html\includes\footer.php on line 372
[2026-07-06 18:27:06] Undefined property: app::$rs_customer in C:\xampp\Desktop\mdcnpal\htdocs\public_html\includes\general_data.php on line 88
[2026-07-06 18:27:06] Trying to access array offset on value of type null in C:\xampp\Desktop\mdcnpal\htdocs\public_html\includes\general_data.php on line 88
[2026-07-06 18:27:06] Undefined array key "MDRCCustID" in C:\xampp\Desktop\mdcnpal\htdocs\public_html\includes\general_data.php on line 88
[2026-07-06 18:27:06] Undefined variable $tmpStr in C:\xampp\Desktop\mdcnpal\htdocs\public_html\core\app.php on line 969
[2026-07-06 18:27:15] Creation of dynamic property dbclass::$RECORD_SET is deprecated in C:\xampp\Desktop\mdcnpal\htdocs\public_html\core\dbclass.php on line 69
[2026-07-06 18:27:15] Creation of dynamic property dbclass::$app is deprecated in C:\xampp\Desktop\mdcnpal\htdocs\public_html\core\dbclass.php on line 75
[2026-07-06 18:27:15] Creation of dynamic property model::$foreign_tables is deprecated in C:\xampp\Desktop\mdcnpal\htdocs\public_html\core\model.php on line 43
[2026-07-06 18:27:15] Creation of dynamic property app::$inputfilter is deprecated in C:\xampp\Desktop\mdcnpal\htdocs\public_html\core\app.php on line 123
[2026-07-06 18:27:15] Creation of dynamic property app::$userconfig is deprecated in C:\xampp\Desktop\mdcnpal\htdocs\public_html\core\app.php on line 124
[2026-07-06 18:27:15] Creation of dynamic property app::$global_include is deprecated in C:\xampp\Desktop\mdcnpal\htdocs\public_html\core\app.php on line 125
[2026-07-06 18:27:15] Creation of dynamic property app::$set_cache_time is deprecated in C:\xampp\Desktop\mdcnpal\htdocs\public_html\core\app.php on line 153
[2026-07-06 18:27:15] Undefined variable $RESULT in C:\xampp\Desktop\mdcnpal\htdocs\public_html\scripts\ajax\selectCityUsingGoogleMapApi.php on line 69
[2026-07-06 18:27:15] Undefined variable $URL in C:\xampp\Desktop\mdcnpal\htdocs\public_html\scripts\ajax\selectCityUsingGoogleMapApi.php on line 73
[2026-07-06 18:27:16] Creation of dynamic property dbclass::$RECORD_SET is deprecated in C:\xampp\Desktop\mdcnpal\htdocs\public_html\core\dbclass.php on line 69
[2026-07-06 18:27:16] Creation of dynamic property dbclass::$app is deprecated in C:\xampp\Desktop\mdcnpal\htdocs\public_html\core\dbclass.php on line 75
[2026-07-06 18:27:16] Creation of dynamic property model::$foreign_tables is deprecated in C:\xampp\Desktop\mdcnpal\htdocs\public_html\core\model.php on line 43
[2026-07-06 18:27:16] Creation of dynamic property app::$inputfilter is deprecated in C:\xampp\Desktop\mdcnpal\htdocs\public_html\core\app.php on line 123
[2026-07-06 18:27:16] Creation of dynamic property app::$userconfig is deprecated in C:\xampp\Desktop\mdcnpal\htdocs\public_html\core\app.php on line 124
[2026-07-06 18:27:16] Creation of dynamic property app::$global_include is deprecated in C:\xampp\Desktop\mdcnpal\htdocs\public_html\core\app.php on line 125
[2026-07-06 18:27:16] Creation of dynamic property app::$set_cache_time is deprecated in C:\xampp\Desktop\mdcnpal\htdocs\public_html\core\app.php on line 153
[2026-07-06 18:27:16] Creation of dynamic property app::$meta is deprecated in C:\xampp\Desktop\mdcnpal\htdocs\public_html\core\app.php on line 434
[2026-07-06 18:27:16] Creation of dynamic property app::$rs_gs_city is deprecated in C:\xampp\Desktop\mdcnpal\htdocs\public_html\core\app.php on line 434
[2026-07-06 18:27:16] Creation of dynamic property app::$rs_footer_popular_item is deprecated in C:\xampp\Desktop\mdcnpal\htdocs\public_html\core\app.php on line 434
[2026-07-06 18:27:16] Creation of dynamic property app::$rs_footer_popular_test is deprecated in C:\xampp\Desktop\mdcnpal\htdocs\public_html\core\app.php on line 434
[2026-07-06 18:27:17] Creation of dynamic property app::$rs_testimonial is deprecated in C:\xampp\Desktop\mdcnpal\htdocs\public_html\core\app.php on line 434
[2026-07-06 18:27:17] Creation of dynamic property app::$admin is deprecated in C:\xampp\Desktop\mdcnpal\htdocs\public_html\core\app.php on line 434
[2026-07-06 18:27:17] Undefined array key 0 in C:\xampp\Desktop\mdcnpal\htdocs\public_html\core\global_include.php on line 514
[2026-07-06 18:27:17] Creation of dynamic property app::$popup is deprecated in C:\xampp\Desktop\mdcnpal\htdocs\public_html\core\app.php on line 434
[2026-07-06 18:27:17] Undefined array key "MDRCCustID" in C:\xampp\Desktop\mdcnpal\htdocs\public_html\core\global_include.php on line 515
[2026-07-06 18:27:17] Undefined array key "MDRCToken" in C:\xampp\Desktop\mdcnpal\htdocs\public_html\core\global_include.php on line 515
[2026-07-06 18:27:17] Creation of dynamic property app::$rscategory is deprecated in C:\xampp\Desktop\mdcnpal\htdocs\public_html\core\app.php on line 434
[2026-07-06 18:27:17] Creation of dynamic property app::$rs_pages is deprecated in C:\xampp\Desktop\mdcnpal\htdocs\public_html\core\app.php on line 434
[2026-07-06 18:27:17] Creation of dynamic property app::$gs is deprecated in C:\xampp\Desktop\mdcnpal\htdocs\public_html\core\app.php on line 434
[2026-07-06 18:27:17] Undefined array key "MDRCCustID" in C:\xampp\Desktop\mdcnpal\htdocs\public_html\core\global_include.php on line 596
[2026-07-06 18:27:17] Undefined array key "MDRCCustID" in C:\xampp\Desktop\mdcnpal\htdocs\public_html\core\global_include.php on line 615
[2026-07-06 18:27:17] Undefined variable $getId in C:\xampp\Desktop\mdcnpal\htdocs\public_html\core\global_include.php on line 684
[2026-07-06 18:27:17] Undefined variable $getName in C:\xampp\Desktop\mdcnpal\htdocs\public_html\core\global_include.php on line 685
[2026-07-06 18:27:17] Undefined array key 0 in C:\xampp\Desktop\mdcnpal\htdocs\public_html\core\global_include.php on line 810
[2026-07-06 18:27:17] Creation of dynamic property app::$rs_offer_msg is deprecated in C:\xampp\Desktop\mdcnpal\htdocs\public_html\core\app.php on line 434
[2026-07-06 18:27:17] Creation of dynamic property app::$rs_for_doctors is deprecated in C:\xampp\Desktop\mdcnpal\htdocs\public_html\core\app.php on line 434
[2026-07-06 18:27:17] Creation of dynamic property app::$description is deprecated in C:\xampp\Desktop\mdcnpal\htdocs\public_html\core\app.php on line 434
[2026-07-06 18:27:17] Creation of dynamic property app::$rs_banner is deprecated in C:\xampp\Desktop\mdcnpal\htdocs\public_html\core\app.php on line 434
[2026-07-06 18:27:17] Creation of dynamic property app::$rs_item_diseases is deprecated in C:\xampp\Desktop\mdcnpal\htdocs\public_html\core\app.php on line 434
[2026-07-06 18:27:17] Creation of dynamic property app::$rs_item_home_category is deprecated in C:\xampp\Desktop\mdcnpal\htdocs\public_html\core\app.php on line 434
[2026-07-06 18:27:17] Creation of dynamic property app::$rs_item_banner_category is deprecated in C:\xampp\Desktop\mdcnpal\htdocs\public_html\core\app.php on line 434
[2026-07-06 18:27:18] Creation of dynamic property app::$rs_services is deprecated in C:\xampp\Desktop\mdcnpal\htdocs\public_html\core\app.php on line 434
[2026-07-06 18:27:18] Creation of dynamic property app::$rs_blog is deprecated in C:\xampp\Desktop\mdcnpal\htdocs\public_html\core\app.php on line 434
[2026-07-06 18:27:18] Creation of dynamic property app::$rs_category is deprecated in C:\xampp\Desktop\mdcnpal\htdocs\public_html\core\app.php on line 434
[2026-07-06 18:27:18] Creation of dynamic property app::$rs_faq_data is deprecated in C:\xampp\Desktop\mdcnpal\htdocs\public_html\core\app.php on line 434
[2026-07-06 18:27:18] Creation of dynamic property app::$rs_gallery_data is deprecated in C:\xampp\Desktop\mdcnpal\htdocs\public_html\core\app.php on line 434
[2026-07-06 18:27:18] Undefined property: app::$rs_cartmini in C:\xampp\Desktop\mdcnpal\htdocs\public_html\includes\header.php on line 131
[2026-07-06 18:27:18] Undefined array key "MDRCCustID" in C:\xampp\Desktop\mdcnpal\htdocs\public_html\includes\header.php on line 134
[2026-07-06 18:27:18] Undefined property: app::$rs_cartmini in C:\xampp\Desktop\mdcnpal\htdocs\public_html\includes\header.php on line 197
[2026-07-06 18:27:18] Undefined array key "MDRCCustID" in C:\xampp\Desktop\mdcnpal\htdocs\public_html\includes\header.php on line 200
[2026-07-06 18:27:18] Undefined property: app::$rs_cartmini in C:\xampp\Desktop\mdcnpal\htdocs\public_html\includes\header.php on line 469
[2026-07-06 18:27:18] Undefined array key "MDRCCustID" in C:\xampp\Desktop\mdcnpal\htdocs\public_html\includes\header.php on line 472
[2026-07-06 18:27:18] Undefined property: app::$rs_cartmini in C:\xampp\Desktop\mdcnpal\htdocs\public_html\includes\header.php on line 525
[2026-07-06 18:27:18] Undefined array key "MDRCCustID" in C:\xampp\Desktop\mdcnpal\htdocs\public_html\includes\header.php on line 528
[2026-07-06 18:27:18] Undefined property: app::$rs_customer in C:\xampp\Desktop\mdcnpal\htdocs\public_html\includes\header.php on line 712
[2026-07-06 18:27:18] Trying to access array offset on value of type null in C:\xampp\Desktop\mdcnpal\htdocs\public_html\includes\header.php on line 712
[2026-07-06 18:27:18] Undefined property: app::$rs_customer in C:\xampp\Desktop\mdcnpal\htdocs\public_html\includes\header.php on line 721
[2026-07-06 18:27:18] Trying to access array offset on value of type null in C:\xampp\Desktop\mdcnpal\htdocs\public_html\includes\header.php on line 721
[2026-07-06 18:27:18] Undefined property: app::$rs_customer in C:\xampp\Desktop\mdcnpal\htdocs\public_html\includes\header.php on line 730
[2026-07-06 18:27:18] Trying to access array offset on value of type null in C:\xampp\Desktop\mdcnpal\htdocs\public_html\includes\header.php on line 730
[2026-07-06 18:27:18] Undefined property: app::$rs_customer in C:\xampp\Desktop\mdcnpal\htdocs\public_html\includes\header.php on line 739
[2026-07-06 18:27:18] Trying to access array offset on value of type null in C:\xampp\Desktop\mdcnpal\htdocs\public_html\includes\header.php on line 739
[2026-07-06 18:27:18] Undefined variable $g_search_query in C:\xampp\Desktop\mdcnpal\htdocs\public_html\core\app.php(565) : eval()'d code on line 219
[2026-07-06 18:27:18] Undefined variable $department_cond in C:\xampp\Desktop\mdcnpal\htdocs\public_html\core\app.php(565) : eval()'d code on line 219
[2026-07-06 18:27:18] Undefined variable $type_cond in C:\xampp\Desktop\mdcnpal\htdocs\public_html\core\app.php(565) : eval()'d code on line 219
[2026-07-06 18:27:18] Undefined variable $dieses_cond in C:\xampp\Desktop\mdcnpal\htdocs\public_html\core\app.php(565) : eval()'d code on line 219
[2026-07-06 18:27:18] Undefined variable $popular_pack_cond in C:\xampp\Desktop\mdcnpal\htdocs\public_html\core\app.php(565) : eval()'d code on line 219
[2026-07-06 18:27:18] Undefined variable $g_search_query in C:\xampp\Desktop\mdcnpal\htdocs\public_html\core\app.php(565) : eval()'d code on line 219
[2026-07-06 18:27:18] Undefined variable $department_cond in C:\xampp\Desktop\mdcnpal\htdocs\public_html\core\app.php(565) : eval()'d code on line 219
[2026-07-06 18:27:18] Undefined variable $type_cond in C:\xampp\Desktop\mdcnpal\htdocs\public_html\core\app.php(565) : eval()'d code on line 219
[2026-07-06 18:27:18] Undefined variable $dieses_cond in C:\xampp\Desktop\mdcnpal\htdocs\public_html\core\app.php(565) : eval()'d code on line 219
[2026-07-06 18:27:18] Undefined variable $popular_pack_cond in C:\xampp\Desktop\mdcnpal\htdocs\public_html\core\app.php(565) : eval()'d code on line 219
[2026-07-06 18:27:18] Undefined variable $g_search_query in C:\xampp\Desktop\mdcnpal\htdocs\public_html\core\app.php(565) : eval()'d code on line 219
[2026-07-06 18:27:18] Undefined variable $department_cond in C:\xampp\Desktop\mdcnpal\htdocs\public_html\core\app.php(565) : eval()'d code on line 219
[2026-07-06 18:27:18] Undefined variable $type_cond in C:\xampp\Desktop\mdcnpal\htdocs\public_html\core\app.php(565) : eval()'d code on line 219
[2026-07-06 18:27:18] Undefined variable $dieses_cond in C:\xampp\Desktop\mdcnpal\htdocs\public_html\core\app.php(565) : eval()'d code on line 219
[2026-07-06 18:27:18] Undefined variable $popular_pack_cond in C:\xampp\Desktop\mdcnpal\htdocs\public_html\core\app.php(565) : eval()'d code on line 219
[2026-07-06 18:27:18] Undefined variable $g_search_query in C:\xampp\Desktop\mdcnpal\htdocs\public_html\core\app.php(565) : eval()'d code on line 219
[2026-07-06 18:27:18] Undefined variable $department_cond in C:\xampp\Desktop\mdcnpal\htdocs\public_html\core\app.php(565) : eval()'d code on line 219
[2026-07-06 18:27:18] Undefined variable $type_cond in C:\xampp\Desktop\mdcnpal\htdocs\public_html\core\app.php(565) : eval()'d code on line 219
[2026-07-06 18:27:18] Undefined variable $dieses_cond in C:\xampp\Desktop\mdcnpal\htdocs\public_html\core\app.php(565) : eval()'d code on line 219
[2026-07-06 18:27:18] Undefined variable $popular_pack_cond in C:\xampp\Desktop\mdcnpal\htdocs\public_html\core\app.php(565) : eval()'d code on line 219
[2026-07-06 18:27:18] Undefined variable $g_search_query in C:\xampp\Desktop\mdcnpal\htdocs\public_html\core\app.php(565) : eval()'d code on line 219
[2026-07-06 18:27:18] Undefined variable $department_cond in C:\xampp\Desktop\mdcnpal\htdocs\public_html\core\app.php(565) : eval()'d code on line 219
[2026-07-06 18:27:18] Undefined variable $type_cond in C:\xampp\Desktop\mdcnpal\htdocs\public_html\core\app.php(565) : eval()'d code on line 219
[2026-07-06 18:27:18] Undefined variable $dieses_cond in C:\xampp\Desktop\mdcnpal\htdocs\public_html\core\app.php(565) : eval()'d code on line 219
[2026-07-06 18:27:18] Undefined variable $popular_pack_cond in C:\xampp\Desktop\mdcnpal\htdocs\public_html\core\app.php(565) : eval()'d code on line 219
[2026-07-06 18:27:18] Undefined property: app::$rs_customer in C:\xampp\Desktop\mdcnpal\htdocs\public_html\includes\footer.php on line 357
[2026-07-06 18:27:18] Trying to access array offset on value of type null in C:\xampp\Desktop\mdcnpal\htdocs\public_html\includes\footer.php on line 357
[2026-07-06 18:27:18] Undefined property: app::$rs_customer in C:\xampp\Desktop\mdcnpal\htdocs\public_html\includes\footer.php on line 366
[2026-07-06 18:27:19] Trying to access array offset on value of type null in C:\xampp\Desktop\mdcnpal\htdocs\public_html\includes\footer.php on line 366
[2026-07-06 18:27:19] Undefined property: app::$rs_customer in C:\xampp\Desktop\mdcnpal\htdocs\public_html\includes\footer.php on line 372
[2026-07-06 18:27:19] Trying to access array offset on value of type null in C:\xampp\Desktop\mdcnpal\htdocs\public_html\includes\footer.php on line 372
[2026-07-06 18:27:19] Undefined property: app::$rs_customer in C:\xampp\Desktop\mdcnpal\htdocs\public_html\includes\general_data.php on line 88
[2026-07-06 18:27:19] Trying to access array offset on value of type null in C:\xampp\Desktop\mdcnpal\htdocs\public_html\includes\general_data.php on line 88
[2026-07-06 18:27:19] Undefined array key "MDRCCustID" in C:\xampp\Desktop\mdcnpal\htdocs\public_html\includes\general_data.php on line 88
[2026-07-06 18:27:19] Undefined variable $tmpStr in C:\xampp\Desktop\mdcnpal\htdocs\public_html\core\app.php on line 969
[2026-07-06 18:27:22] Creation of dynamic property dbclass::$RECORD_SET is deprecated in C:\xampp\Desktop\mdcnpal\htdocs\public_html\core\dbclass.php on line 69
[2026-07-06 18:27:22] Creation of dynamic property dbclass::$app is deprecated in C:\xampp\Desktop\mdcnpal\htdocs\public_html\core\dbclass.php on line 75
[2026-07-06 18:27:22] Creation of dynamic property model::$foreign_tables is deprecated in C:\xampp\Desktop\mdcnpal\htdocs\public_html\core\model.php on line 43
[2026-07-06 18:27:22] Creation of dynamic property app::$inputfilter is deprecated in C:\xampp\Desktop\mdcnpal\htdocs\public_html\core\app.php on line 123
[2026-07-06 18:27:22] Creation of dynamic property app::$userconfig is deprecated in C:\xampp\Desktop\mdcnpal\htdocs\public_html\core\app.php on line 124
[2026-07-06 18:27:22] Creation of dynamic property app::$global_include is deprecated in C:\xampp\Desktop\mdcnpal\htdocs\public_html\core\app.php on line 125
[2026-07-06 18:27:22] Creation of dynamic property app::$set_cache_time is deprecated in C:\xampp\Desktop\mdcnpal\htdocs\public_html\core\app.php on line 153
[2026-07-06 18:27:22] Undefined variable $RESULT in C:\xampp\Desktop\mdcnpal\htdocs\public_html\scripts\ajax\selectCityUsingGoogleMapApi.php on line 69
[2026-07-06 18:27:22] Undefined variable $URL in C:\xampp\Desktop\mdcnpal\htdocs\public_html\scripts\ajax\selectCityUsingGoogleMapApi.php on line 73
[2026-07-06 18:27:24] Creation of dynamic property dbclass::$RECORD_SET is deprecated in C:\xampp\Desktop\mdcnpal\htdocs\public_html\core\dbclass.php on line 69
[2026-07-06 18:27:24] Creation of dynamic property dbclass::$app is deprecated in C:\xampp\Desktop\mdcnpal\htdocs\public_html\core\dbclass.php on line 75
[2026-07-06 18:27:24] Creation of dynamic property model::$foreign_tables is deprecated in C:\xampp\Desktop\mdcnpal\htdocs\public_html\core\model.php on line 43
[2026-07-06 18:27:24] Creation of dynamic property app::$inputfilter is deprecated in C:\xampp\Desktop\mdcnpal\htdocs\public_html\core\app.php on line 123
[2026-07-06 18:27:24] Creation of dynamic property app::$userconfig is deprecated in C:\xampp\Desktop\mdcnpal\htdocs\public_html\core\app.php on line 124
[2026-07-06 18:27:24] Creation of dynamic property app::$global_include is deprecated in C:\xampp\Desktop\mdcnpal\htdocs\public_html\core\app.php on line 125
[2026-07-06 18:27:24] Creation of dynamic property app::$set_cache_time is deprecated in C:\xampp\Desktop\mdcnpal\htdocs\public_html\core\app.php on line 153
[2026-07-06 18:27:24] Creation of dynamic property app::$meta is deprecated in C:\xampp\Desktop\mdcnpal\htdocs\public_html\core\app.php on line 434
[2026-07-06 18:27:24] Creation of dynamic property app::$rs_gs_city is deprecated in C:\xampp\Desktop\mdcnpal\htdocs\public_html\core\app.php on line 434
[2026-07-06 18:27:24] Creation of dynamic property app::$rs_footer_popular_item is deprecated in C:\xampp\Desktop\mdcnpal\htdocs\public_html\core\app.php on line 434
[2026-07-06 18:27:24] Creation of dynamic property app::$rs_footer_popular_test is deprecated in C:\xampp\Desktop\mdcnpal\htdocs\public_html\core\app.php on line 434
[2026-07-06 18:27:25] Creation of dynamic property app::$rs_testimonial is deprecated in C:\xampp\Desktop\mdcnpal\htdocs\public_html\core\app.php on line 434
[2026-07-06 18:27:25] Creation of dynamic property app::$admin is deprecated in C:\xampp\Desktop\mdcnpal\htdocs\public_html\core\app.php on line 434
[2026-07-06 18:27:25] Undefined array key 0 in C:\xampp\Desktop\mdcnpal\htdocs\public_html\core\global_include.php on line 514
[2026-07-06 18:27:25] Creation of dynamic property app::$popup is deprecated in C:\xampp\Desktop\mdcnpal\htdocs\public_html\core\app.php on line 434
[2026-07-06 18:27:25] Undefined array key "MDRCCustID" in C:\xampp\Desktop\mdcnpal\htdocs\public_html\core\global_include.php on line 515
[2026-07-06 18:27:25] Undefined array key "MDRCToken" in C:\xampp\Desktop\mdcnpal\htdocs\public_html\core\global_include.php on line 515
[2026-07-06 18:27:25] Creation of dynamic property app::$rscategory is deprecated in C:\xampp\Desktop\mdcnpal\htdocs\public_html\core\app.php on line 434
[2026-07-06 18:27:25] Creation of dynamic property app::$rs_pages is deprecated in C:\xampp\Desktop\mdcnpal\htdocs\public_html\core\app.php on line 434
[2026-07-06 18:27:25] Creation of dynamic property app::$gs is deprecated in C:\xampp\Desktop\mdcnpal\htdocs\public_html\core\app.php on line 434
[2026-07-06 18:27:25] Undefined array key "MDRCCustID" in C:\xampp\Desktop\mdcnpal\htdocs\public_html\core\global_include.php on line 596
[2026-07-06 18:27:25] Undefined array key "MDRCCustID" in C:\xampp\Desktop\mdcnpal\htdocs\public_html\core\global_include.php on line 615
[2026-07-06 18:27:25] Undefined variable $getId in C:\xampp\Desktop\mdcnpal\htdocs\public_html\core\global_include.php on line 684
[2026-07-06 18:27:25] Undefined variable $getName in C:\xampp\Desktop\mdcnpal\htdocs\public_html\core\global_include.php on line 685
[2026-07-06 18:27:25] Undefined array key 0 in C:\xampp\Desktop\mdcnpal\htdocs\public_html\core\global_include.php on line 810
[2026-07-06 18:27:25] Creation of dynamic property app::$rs_offer_msg is deprecated in C:\xampp\Desktop\mdcnpal\htdocs\public_html\core\app.php on line 434
[2026-07-06 18:27:25] Creation of dynamic property app::$rs_for_doctors is deprecated in C:\xampp\Desktop\mdcnpal\htdocs\public_html\core\app.php on line 434
[2026-07-06 18:27:25] Creation of dynamic property app::$rs_data is deprecated in C:\xampp\Desktop\mdcnpal\htdocs\public_html\core\app.php on line 434
[2026-07-06 18:27:25] Creation of dynamic property app::$rs_certi_data is deprecated in C:\xampp\Desktop\mdcnpal\htdocs\public_html\core\app.php on line 434
[2026-07-06 18:27:25] Creation of dynamic property app::$rs_key_fetures_data is deprecated in C:\xampp\Desktop\mdcnpal\htdocs\public_html\core\app.php on line 434
[2026-07-06 18:27:25] Creation of dynamic property app::$rs_banner is deprecated in C:\xampp\Desktop\mdcnpal\htdocs\public_html\core\app.php on line 434
[2026-07-06 18:27:25] Creation of dynamic property app::$rs_package_data is deprecated in C:\xampp\Desktop\mdcnpal\htdocs\public_html\core\app.php on line 434
[2026-07-06 18:27:25] Creation of dynamic property app::$city_id is deprecated in C:\xampp\Desktop\mdcnpal\htdocs\public_html\core\app.php on line 434
[2026-07-06 18:27:25] Creation of dynamic property app::$city_name is deprecated in C:\xampp\Desktop\mdcnpal\htdocs\public_html\core\app.php on line 434
[2026-07-06 18:27:25] Creation of dynamic property app::$rs_faq_data is deprecated in C:\xampp\Desktop\mdcnpal\htdocs\public_html\core\app.php on line 434
[2026-07-06 18:27:25] Undefined property: app::$rs_cartmini in C:\xampp\Desktop\mdcnpal\htdocs\public_html\includes\header.php on line 131
[2026-07-06 18:27:25] Undefined array key "MDRCCustID" in C:\xampp\Desktop\mdcnpal\htdocs\public_html\includes\header.php on line 134
[2026-07-06 18:27:25] Undefined property: app::$rs_cartmini in C:\xampp\Desktop\mdcnpal\htdocs\public_html\includes\header.php on line 197
[2026-07-06 18:27:25] Undefined array key "MDRCCustID" in C:\xampp\Desktop\mdcnpal\htdocs\public_html\includes\header.php on line 200
[2026-07-06 18:27:25] Undefined property: app::$rs_cartmini in C:\xampp\Desktop\mdcnpal\htdocs\public_html\includes\header.php on line 469
[2026-07-06 18:27:25] Undefined array key "MDRCCustID" in C:\xampp\Desktop\mdcnpal\htdocs\public_html\includes\header.php on line 472
[2026-07-06 18:27:25] Undefined property: app::$rs_cartmini in C:\xampp\Desktop\mdcnpal\htdocs\public_html\includes\header.php on line 525
[2026-07-06 18:27:25] Undefined array key "MDRCCustID" in C:\xampp\Desktop\mdcnpal\htdocs\public_html\includes\header.php on line 528
[2026-07-06 18:27:25] Undefined property: app::$rs_customer in C:\xampp\Desktop\mdcnpal\htdocs\public_html\includes\header.php on line 712
[2026-07-06 18:27:25] Trying to access array offset on value of type null in C:\xampp\Desktop\mdcnpal\htdocs\public_html\includes\header.php on line 712
[2026-07-06 18:27:25] Undefined property: app::$rs_customer in C:\xampp\Desktop\mdcnpal\htdocs\public_html\includes\header.php on line 721
[2026-07-06 18:27:25] Trying to access array offset on value of type null in C:\xampp\Desktop\mdcnpal\htdocs\public_html\includes\header.php on line 721
[2026-07-06 18:27:25] Undefined property: app::$rs_customer in C:\xampp\Desktop\mdcnpal\htdocs\public_html\includes\header.php on line 730
[2026-07-06 18:27:25] Trying to access array offset on value of type null in C:\xampp\Desktop\mdcnpal\htdocs\public_html\includes\header.php on line 730
[2026-07-06 18:27:25] Undefined property: app::$rs_customer in C:\xampp\Desktop\mdcnpal\htdocs\public_html\includes\header.php on line 739
[2026-07-06 18:27:25] Trying to access array offset on value of type null in C:\xampp\Desktop\mdcnpal\htdocs\public_html\includes\header.php on line 739
[2026-07-06 18:27:25] Undefined variable $mrpP in C:\xampp\Desktop\mdcnpal\htdocs\public_html\core\utility.php on line 7183
[2026-07-06 18:27:25] Undefined variable $disc in C:\xampp\Desktop\mdcnpal\htdocs\public_html\core\utility.php on line 7194
[2026-07-06 18:27:25] Undefined property: app::$rs_customer in C:\xampp\Desktop\mdcnpal\htdocs\public_html\includes\footer.php on line 357
[2026-07-06 18:27:25] Trying to access array offset on value of type null in C:\xampp\Desktop\mdcnpal\htdocs\public_html\includes\footer.php on line 357
[2026-07-06 18:27:25] Undefined property: app::$rs_customer in C:\xampp\Desktop\mdcnpal\htdocs\public_html\includes\footer.php on line 366
[2026-07-06 18:27:25] Trying to access array offset on value of type null in C:\xampp\Desktop\mdcnpal\htdocs\public_html\includes\footer.php on line 366
[2026-07-06 18:27:25] Undefined property: app::$rs_customer in C:\xampp\Desktop\mdcnpal\htdocs\public_html\includes\footer.php on line 372
[2026-07-06 18:27:25] Trying to access array offset on value of type null in C:\xampp\Desktop\mdcnpal\htdocs\public_html\includes\footer.php on line 372
[2026-07-06 18:27:25] Undefined property: app::$rs_customer in C:\xampp\Desktop\mdcnpal\htdocs\public_html\includes\general_data.php on line 88
[2026-07-06 18:27:25] Trying to access array offset on value of type null in C:\xampp\Desktop\mdcnpal\htdocs\public_html\includes\general_data.php on line 88
[2026-07-06 18:27:25] Undefined array key "MDRCCustID" in C:\xampp\Desktop\mdcnpal\htdocs\public_html\includes\general_data.php on line 88
[2026-07-06 18:27:25] Undefined variable $tmpStr in C:\xampp\Desktop\mdcnpal\htdocs\public_html\core\app.php on line 969
[2026-07-06 18:27:26] Creation of dynamic property dbclass::$RECORD_SET is deprecated in C:\xampp\Desktop\mdcnpal\htdocs\public_html\core\dbclass.php on line 69
[2026-07-06 18:27:26] Creation of dynamic property dbclass::$app is deprecated in C:\xampp\Desktop\mdcnpal\htdocs\public_html\core\dbclass.php on line 75
[2026-07-06 18:27:26] Creation of dynamic property model::$foreign_tables is deprecated in C:\xampp\Desktop\mdcnpal\htdocs\public_html\core\model.php on line 43
[2026-07-06 18:27:26] Creation of dynamic property app::$inputfilter is deprecated in C:\xampp\Desktop\mdcnpal\htdocs\public_html\core\app.php on line 123
[2026-07-06 18:27:26] Creation of dynamic property app::$userconfig is deprecated in C:\xampp\Desktop\mdcnpal\htdocs\public_html\core\app.php on line 124
[2026-07-06 18:27:26] Creation of dynamic property app::$global_include is deprecated in C:\xampp\Desktop\mdcnpal\htdocs\public_html\core\app.php on line 125
[2026-07-06 18:27:26] Creation of dynamic property app::$set_cache_time is deprecated in C:\xampp\Desktop\mdcnpal\htdocs\public_html\core\app.php on line 153
[2026-07-06 18:27:26] Undefined variable $RESULT in C:\xampp\Desktop\mdcnpal\htdocs\public_html\scripts\ajax\selectCityUsingGoogleMapApi.php on line 69
[2026-07-06 18:27:26] Undefined variable $URL in C:\xampp\Desktop\mdcnpal\htdocs\public_html\scripts\ajax\selectCityUsingGoogleMapApi.php on line 73
[2026-07-06 18:27:33] Creation of dynamic property dbclass::$RECORD_SET is deprecated in C:\xampp\Desktop\mdcnpal\htdocs\public_html\core\dbclass.php on line 69
[2026-07-06 18:27:33] Creation of dynamic property dbclass::$app is deprecated in C:\xampp\Desktop\mdcnpal\htdocs\public_html\core\dbclass.php on line 75
[2026-07-06 18:27:33] Creation of dynamic property model::$foreign_tables is deprecated in C:\xampp\Desktop\mdcnpal\htdocs\public_html\core\model.php on line 43
[2026-07-06 18:27:33] Creation of dynamic property app::$inputfilter is deprecated in C:\xampp\Desktop\mdcnpal\htdocs\public_html\core\app.php on line 123
[2026-07-06 18:27:33] Creation of dynamic property app::$userconfig is deprecated in C:\xampp\Desktop\mdcnpal\htdocs\public_html\core\app.php on line 124
[2026-07-06 18:27:33] Creation of dynamic property app::$global_include is deprecated in C:\xampp\Desktop\mdcnpal\htdocs\public_html\core\app.php on line 125
[2026-07-06 18:27:33] Creation of dynamic property app::$set_cache_time is deprecated in C:\xampp\Desktop\mdcnpal\htdocs\public_html\core\app.php on line 153
[2026-07-06 18:27:33] Creation of dynamic property app::$meta is deprecated in C:\xampp\Desktop\mdcnpal\htdocs\public_html\core\app.php on line 434
[2026-07-06 18:27:33] Creation of dynamic property app::$rs_gs_city is deprecated in C:\xampp\Desktop\mdcnpal\htdocs\public_html\core\app.php on line 434
[2026-07-06 18:27:33] Creation of dynamic property app::$rs_footer_popular_item is deprecated in C:\xampp\Desktop\mdcnpal\htdocs\public_html\core\app.php on line 434
[2026-07-06 18:27:34] Creation of dynamic property app::$rs_footer_popular_test is deprecated in C:\xampp\Desktop\mdcnpal\htdocs\public_html\core\app.php on line 434
[2026-07-06 18:27:34] Creation of dynamic property app::$rs_testimonial is deprecated in C:\xampp\Desktop\mdcnpal\htdocs\public_html\core\app.php on line 434
[2026-07-06 18:27:34] Creation of dynamic property app::$admin is deprecated in C:\xampp\Desktop\mdcnpal\htdocs\public_html\core\app.php on line 434
[2026-07-06 18:27:34] Undefined array key 0 in C:\xampp\Desktop\mdcnpal\htdocs\public_html\core\global_include.php on line 514
[2026-07-06 18:27:34] Creation of dynamic property app::$popup is deprecated in C:\xampp\Desktop\mdcnpal\htdocs\public_html\core\app.php on line 434
[2026-07-06 18:27:34] Undefined array key "MDRCCustID" in C:\xampp\Desktop\mdcnpal\htdocs\public_html\core\global_include.php on line 515
[2026-07-06 18:27:34] Undefined array key "MDRCToken" in C:\xampp\Desktop\mdcnpal\htdocs\public_html\core\global_include.php on line 515
[2026-07-06 18:27:34] Creation of dynamic property app::$rscategory is deprecated in C:\xampp\Desktop\mdcnpal\htdocs\public_html\core\app.php on line 434
[2026-07-06 18:27:34] Creation of dynamic property app::$rs_pages is deprecated in C:\xampp\Desktop\mdcnpal\htdocs\public_html\core\app.php on line 434
[2026-07-06 18:27:34] Creation of dynamic property app::$gs is deprecated in C:\xampp\Desktop\mdcnpal\htdocs\public_html\core\app.php on line 434
[2026-07-06 18:27:34] Undefined array key "MDRCCustID" in C:\xampp\Desktop\mdcnpal\htdocs\public_html\core\global_include.php on line 596
[2026-07-06 18:27:34] Undefined array key "MDRCCustID" in C:\xampp\Desktop\mdcnpal\htdocs\public_html\core\global_include.php on line 615
[2026-07-06 18:27:34] Undefined variable $getId in C:\xampp\Desktop\mdcnpal\htdocs\public_html\core\global_include.php on line 684
[2026-07-06 18:27:34] Undefined variable $getName in C:\xampp\Desktop\mdcnpal\htdocs\public_html\core\global_include.php on line 685
[2026-07-06 18:27:34] Undefined array key 0 in C:\xampp\Desktop\mdcnpal\htdocs\public_html\core\global_include.php on line 810
[2026-07-06 18:27:34] Creation of dynamic property app::$rs_offer_msg is deprecated in C:\xampp\Desktop\mdcnpal\htdocs\public_html\core\app.php on line 434
[2026-07-06 18:27:34] Creation of dynamic property app::$rs_for_doctors is deprecated in C:\xampp\Desktop\mdcnpal\htdocs\public_html\core\app.php on line 434
[2026-07-06 18:27:34] Creation of dynamic property app::$description is deprecated in C:\xampp\Desktop\mdcnpal\htdocs\public_html\core\app.php on line 434
[2026-07-06 18:27:34] Creation of dynamic property app::$rs_banner is deprecated in C:\xampp\Desktop\mdcnpal\htdocs\public_html\core\app.php on line 434
[2026-07-06 18:27:34] Creation of dynamic property app::$rs_item_diseases is deprecated in C:\xampp\Desktop\mdcnpal\htdocs\public_html\core\app.php on line 434
[2026-07-06 18:27:34] Creation of dynamic property app::$rs_item_home_category is deprecated in C:\xampp\Desktop\mdcnpal\htdocs\public_html\core\app.php on line 434
[2026-07-06 18:27:34] Creation of dynamic property app::$rs_item_banner_category is deprecated in C:\xampp\Desktop\mdcnpal\htdocs\public_html\core\app.php on line 434
[2026-07-06 18:27:34] Creation of dynamic property app::$rs_services is deprecated in C:\xampp\Desktop\mdcnpal\htdocs\public_html\core\app.php on line 434
[2026-07-06 18:27:34] Creation of dynamic property app::$rs_blog is deprecated in C:\xampp\Desktop\mdcnpal\htdocs\public_html\core\app.php on line 434
[2026-07-06 18:27:34] Creation of dynamic property app::$rs_category is deprecated in C:\xampp\Desktop\mdcnpal\htdocs\public_html\core\app.php on line 434
[2026-07-06 18:27:34] Creation of dynamic property app::$rs_faq_data is deprecated in C:\xampp\Desktop\mdcnpal\htdocs\public_html\core\app.php on line 434
[2026-07-06 18:27:34] Creation of dynamic property app::$rs_gallery_data is deprecated in C:\xampp\Desktop\mdcnpal\htdocs\public_html\core\app.php on line 434
[2026-07-06 18:27:34] Undefined property: app::$rs_cartmini in C:\xampp\Desktop\mdcnpal\htdocs\public_html\includes\header.php on line 131
[2026-07-06 18:27:34] Undefined array key "MDRCCustID" in C:\xampp\Desktop\mdcnpal\htdocs\public_html\includes\header.php on line 134
[2026-07-06 18:27:34] Undefined property: app::$rs_cartmini in C:\xampp\Desktop\mdcnpal\htdocs\public_html\includes\header.php on line 197
[2026-07-06 18:27:34] Undefined array key "MDRCCustID" in C:\xampp\Desktop\mdcnpal\htdocs\public_html\includes\header.php on line 200
[2026-07-06 18:27:34] Undefined property: app::$rs_cartmini in C:\xampp\Desktop\mdcnpal\htdocs\public_html\includes\header.php on line 469
[2026-07-06 18:27:34] Undefined array key "MDRCCustID" in C:\xampp\Desktop\mdcnpal\htdocs\public_html\includes\header.php on line 472
[2026-07-06 18:27:34] Undefined property: app::$rs_cartmini in C:\xampp\Desktop\mdcnpal\htdocs\public_html\includes\header.php on line 525
[2026-07-06 18:27:34] Undefined array key "MDRCCustID" in C:\xampp\Desktop\mdcnpal\htdocs\public_html\includes\header.php on line 528
[2026-07-06 18:27:34] Undefined property: app::$rs_customer in C:\xampp\Desktop\mdcnpal\htdocs\public_html\includes\header.php on line 712
[2026-07-06 18:27:34] Trying to access array offset on value of type null in C:\xampp\Desktop\mdcnpal\htdocs\public_html\includes\header.php on line 712
[2026-07-06 18:27:34] Undefined property: app::$rs_customer in C:\xampp\Desktop\mdcnpal\htdocs\public_html\includes\header.php on line 721
[2026-07-06 18:27:34] Trying to access array offset on value of type null in C:\xampp\Desktop\mdcnpal\htdocs\public_html\includes\header.php on line 721
[2026-07-06 18:27:34] Undefined property: app::$rs_customer in C:\xampp\Desktop\mdcnpal\htdocs\public_html\includes\header.php on line 730
[2026-07-06 18:27:34] Trying to access array offset on value of type null in C:\xampp\Desktop\mdcnpal\htdocs\public_html\includes\header.php on line 730
[2026-07-06 18:27:34] Undefined property: app::$rs_customer in C:\xampp\Desktop\mdcnpal\htdocs\public_html\includes\header.php on line 739
[2026-07-06 18:27:34] Trying to access array offset on value of type null in C:\xampp\Desktop\mdcnpal\htdocs\public_html\includes\header.php on line 739
[2026-07-06 18:27:34] Undefined variable $g_search_query in C:\xampp\Desktop\mdcnpal\htdocs\public_html\core\app.php(565) : eval()'d code on line 219
[2026-07-06 18:27:34] Undefined variable $department_cond in C:\xampp\Desktop\mdcnpal\htdocs\public_html\core\app.php(565) : eval()'d code on line 219
[2026-07-06 18:27:34] Undefined variable $type_cond in C:\xampp\Desktop\mdcnpal\htdocs\public_html\core\app.php(565) : eval()'d code on line 219
[2026-07-06 18:27:34] Undefined variable $dieses_cond in C:\xampp\Desktop\mdcnpal\htdocs\public_html\core\app.php(565) : eval()'d code on line 219
[2026-07-06 18:27:34] Undefined variable $popular_pack_cond in C:\xampp\Desktop\mdcnpal\htdocs\public_html\core\app.php(565) : eval()'d code on line 219
[2026-07-06 18:27:34] Undefined variable $g_search_query in C:\xampp\Desktop\mdcnpal\htdocs\public_html\core\app.php(565) : eval()'d code on line 219
[2026-07-06 18:27:34] Undefined variable $department_cond in C:\xampp\Desktop\mdcnpal\htdocs\public_html\core\app.php(565) : eval()'d code on line 219
[2026-07-06 18:27:34] Undefined variable $type_cond in C:\xampp\Desktop\mdcnpal\htdocs\public_html\core\app.php(565) : eval()'d code on line 219
[2026-07-06 18:27:34] Undefined variable $dieses_cond in C:\xampp\Desktop\mdcnpal\htdocs\public_html\core\app.php(565) : eval()'d code on line 219
[2026-07-06 18:27:34] Undefined variable $popular_pack_cond in C:\xampp\Desktop\mdcnpal\htdocs\public_html\core\app.php(565) : eval()'d code on line 219
[2026-07-06 18:27:34] Undefined variable $g_search_query in C:\xampp\Desktop\mdcnpal\htdocs\public_html\core\app.php(565) : eval()'d code on line 219
[2026-07-06 18:27:34] Undefined variable $department_cond in C:\xampp\Desktop\mdcnpal\htdocs\public_html\core\app.php(565) : eval()'d code on line 219
[2026-07-06 18:27:34] Undefined variable $type_cond in C:\xampp\Desktop\mdcnpal\htdocs\public_html\core\app.php(565) : eval()'d code on line 219
[2026-07-06 18:27:34] Undefined variable $dieses_cond in C:\xampp\Desktop\mdcnpal\htdocs\public_html\core\app.php(565) : eval()'d code on line 219
[2026-07-06 18:27:34] Undefined variable $popular_pack_cond in C:\xampp\Desktop\mdcnpal\htdocs\public_html\core\app.php(565) : eval()'d code on line 219
[2026-07-06 18:27:34] Undefined variable $g_search_query in C:\xampp\Desktop\mdcnpal\htdocs\public_html\core\app.php(565) : eval()'d code on line 219
[2026-07-06 18:27:34] Undefined variable $department_cond in C:\xampp\Desktop\mdcnpal\htdocs\public_html\core\app.php(565) : eval()'d code on line 219
[2026-07-06 18:27:34] Undefined variable $type_cond in C:\xampp\Desktop\mdcnpal\htdocs\public_html\core\app.php(565) : eval()'d code on line 219
[2026-07-06 18:27:34] Undefined variable $dieses_cond in C:\xampp\Desktop\mdcnpal\htdocs\public_html\core\app.php(565) : eval()'d code on line 219
[2026-07-06 18:27:34] Undefined variable $popular_pack_cond in C:\xampp\Desktop\mdcnpal\htdocs\public_html\core\app.php(565) : eval()'d code on line 219
[2026-07-06 18:27:34] Undefined variable $g_search_query in C:\xampp\Desktop\mdcnpal\htdocs\public_html\core\app.php(565) : eval()'d code on line 219
[2026-07-06 18:27:34] Undefined variable $department_cond in C:\xampp\Desktop\mdcnpal\htdocs\public_html\core\app.php(565) : eval()'d code on line 219
[2026-07-06 18:27:34] Undefined variable $type_cond in C:\xampp\Desktop\mdcnpal\htdocs\public_html\core\app.php(565) : eval()'d code on line 219
[2026-07-06 18:27:34] Undefined variable $dieses_cond in C:\xampp\Desktop\mdcnpal\htdocs\public_html\core\app.php(565) : eval()'d code on line 219
[2026-07-06 18:27:34] Undefined variable $popular_pack_cond in C:\xampp\Desktop\mdcnpal\htdocs\public_html\core\app.php(565) : eval()'d code on line 219
[2026-07-06 18:27:34] Undefined property: app::$rs_customer in C:\xampp\Desktop\mdcnpal\htdocs\public_html\includes\footer.php on line 357
[2026-07-06 18:27:34] Trying to access array offset on value of type null in C:\xampp\Desktop\mdcnpal\htdocs\public_html\includes\footer.php on line 357
[2026-07-06 18:27:34] Undefined property: app::$rs_customer in C:\xampp\Desktop\mdcnpal\htdocs\public_html\includes\footer.php on line 366
[2026-07-06 18:27:34] Trying to access array offset on value of type null in C:\xampp\Desktop\mdcnpal\htdocs\public_html\includes\footer.php on line 366
[2026-07-06 18:27:34] Undefined property: app::$rs_customer in C:\xampp\Desktop\mdcnpal\htdocs\public_html\includes\footer.php on line 372
[2026-07-06 18:27:34] Trying to access array offset on value of type null in C:\xampp\Desktop\mdcnpal\htdocs\public_html\includes\footer.php on line 372
[2026-07-06 18:27:34] Undefined property: app::$rs_customer in C:\xampp\Desktop\mdcnpal\htdocs\public_html\includes\general_data.php on line 88
[2026-07-06 18:27:34] Trying to access array offset on value of type null in C:\xampp\Desktop\mdcnpal\htdocs\public_html\includes\general_data.php on line 88
[2026-07-06 18:27:34] Undefined array key "MDRCCustID" in C:\xampp\Desktop\mdcnpal\htdocs\public_html\includes\general_data.php on line 88
[2026-07-06 18:27:34] Undefined variable $tmpStr in C:\xampp\Desktop\mdcnpal\htdocs\public_html\core\app.php on line 969
[2026-07-06 18:27:36] Creation of dynamic property dbclass::$RECORD_SET is deprecated in C:\xampp\Desktop\mdcnpal\htdocs\public_html\core\dbclass.php on line 69
[2026-07-06 18:27:36] Creation of dynamic property dbclass::$app is deprecated in C:\xampp\Desktop\mdcnpal\htdocs\public_html\core\dbclass.php on line 75
[2026-07-06 18:27:36] Creation of dynamic property model::$foreign_tables is deprecated in C:\xampp\Desktop\mdcnpal\htdocs\public_html\core\model.php on line 43
[2026-07-06 18:27:36] Creation of dynamic property app::$inputfilter is deprecated in C:\xampp\Desktop\mdcnpal\htdocs\public_html\core\app.php on line 123
[2026-07-06 18:27:36] Creation of dynamic property app::$userconfig is deprecated in C:\xampp\Desktop\mdcnpal\htdocs\public_html\core\app.php on line 124
[2026-07-06 18:27:36] Creation of dynamic property app::$global_include is deprecated in C:\xampp\Desktop\mdcnpal\htdocs\public_html\core\app.php on line 125
[2026-07-06 18:27:36] Creation of dynamic property app::$set_cache_time is deprecated in C:\xampp\Desktop\mdcnpal\htdocs\public_html\core\app.php on line 153
[2026-07-06 18:27:36] Undefined variable $RESULT in C:\xampp\Desktop\mdcnpal\htdocs\public_html\scripts\ajax\selectCityUsingGoogleMapApi.php on line 69
[2026-07-06 18:27:36] Undefined variable $URL in C:\xampp\Desktop\mdcnpal\htdocs\public_html\scripts\ajax\selectCityUsingGoogleMapApi.php on line 73
[2026-07-06 18:27:40] Creation of dynamic property dbclass::$RECORD_SET is deprecated in C:\xampp\Desktop\mdcnpal\htdocs\public_html\core\dbclass.php on line 69
[2026-07-06 18:27:40] Creation of dynamic property dbclass::$app is deprecated in C:\xampp\Desktop\mdcnpal\htdocs\public_html\core\dbclass.php on line 75
[2026-07-06 18:27:40] Creation of dynamic property model::$foreign_tables is deprecated in C:\xampp\Desktop\mdcnpal\htdocs\public_html\core\model.php on line 43
[2026-07-06 18:27:40] Creation of dynamic property app::$inputfilter is deprecated in C:\xampp\Desktop\mdcnpal\htdocs\public_html\core\app.php on line 123
[2026-07-06 18:27:40] Creation of dynamic property app::$userconfig is deprecated in C:\xampp\Desktop\mdcnpal\htdocs\public_html\core\app.php on line 124
[2026-07-06 18:27:40] Creation of dynamic property app::$global_include is deprecated in C:\xampp\Desktop\mdcnpal\htdocs\public_html\core\app.php on line 125
[2026-07-06 18:27:40] Creation of dynamic property app::$set_cache_time is deprecated in C:\xampp\Desktop\mdcnpal\htdocs\public_html\core\app.php on line 153
[2026-07-06 18:27:40] Creation of dynamic property app::$meta is deprecated in C:\xampp\Desktop\mdcnpal\htdocs\public_html\core\app.php on line 434
[2026-07-06 18:27:40] Creation of dynamic property app::$rs_gs_city is deprecated in C:\xampp\Desktop\mdcnpal\htdocs\public_html\core\app.php on line 434
[2026-07-06 18:27:40] Creation of dynamic property app::$rs_footer_popular_item is deprecated in C:\xampp\Desktop\mdcnpal\htdocs\public_html\core\app.php on line 434
[2026-07-06 18:27:40] Creation of dynamic property app::$rs_footer_popular_test is deprecated in C:\xampp\Desktop\mdcnpal\htdocs\public_html\core\app.php on line 434
[2026-07-06 18:27:40] Creation of dynamic property app::$rs_testimonial is deprecated in C:\xampp\Desktop\mdcnpal\htdocs\public_html\core\app.php on line 434
[2026-07-06 18:27:40] Creation of dynamic property app::$admin is deprecated in C:\xampp\Desktop\mdcnpal\htdocs\public_html\core\app.php on line 434
[2026-07-06 18:27:40] Undefined array key 0 in C:\xampp\Desktop\mdcnpal\htdocs\public_html\core\global_include.php on line 514
[2026-07-06 18:27:40] Creation of dynamic property app::$popup is deprecated in C:\xampp\Desktop\mdcnpal\htdocs\public_html\core\app.php on line 434
[2026-07-06 18:27:40] Undefined array key "MDRCCustID" in C:\xampp\Desktop\mdcnpal\htdocs\public_html\core\global_include.php on line 515
[2026-07-06 18:27:40] Undefined array key "MDRCToken" in C:\xampp\Desktop\mdcnpal\htdocs\public_html\core\global_include.php on line 515
[2026-07-06 18:27:40] Creation of dynamic property app::$rscategory is deprecated in C:\xampp\Desktop\mdcnpal\htdocs\public_html\core\app.php on line 434
[2026-07-06 18:27:40] Creation of dynamic property app::$rs_pages is deprecated in C:\xampp\Desktop\mdcnpal\htdocs\public_html\core\app.php on line 434
[2026-07-06 18:27:40] Creation of dynamic property app::$gs is deprecated in C:\xampp\Desktop\mdcnpal\htdocs\public_html\core\app.php on line 434
[2026-07-06 18:27:40] Undefined array key "MDRCCustID" in C:\xampp\Desktop\mdcnpal\htdocs\public_html\core\global_include.php on line 596
[2026-07-06 18:27:40] Undefined array key "MDRCCustID" in C:\xampp\Desktop\mdcnpal\htdocs\public_html\core\global_include.php on line 615
[2026-07-06 18:27:40] Undefined variable $getId in C:\xampp\Desktop\mdcnpal\htdocs\public_html\core\global_include.php on line 684
[2026-07-06 18:27:40] Undefined variable $getName in C:\xampp\Desktop\mdcnpal\htdocs\public_html\core\global_include.php on line 685
[2026-07-06 18:27:40] Undefined array key 0 in C:\xampp\Desktop\mdcnpal\htdocs\public_html\core\global_include.php on line 810
[2026-07-06 18:27:40] Creation of dynamic property app::$rs_offer_msg is deprecated in C:\xampp\Desktop\mdcnpal\htdocs\public_html\core\app.php on line 434
[2026-07-06 18:27:40] Creation of dynamic property app::$rs_for_doctors is deprecated in C:\xampp\Desktop\mdcnpal\htdocs\public_html\core\app.php on line 434
[2026-07-06 18:27:40] Creation of dynamic property app::$rs_data is deprecated in C:\xampp\Desktop\mdcnpal\htdocs\public_html\core\app.php on line 434
[2026-07-06 18:27:40] Creation of dynamic property app::$rs_certi_data is deprecated in C:\xampp\Desktop\mdcnpal\htdocs\public_html\core\app.php on line 434
[2026-07-06 18:27:40] Creation of dynamic property app::$rs_key_fetures_data is deprecated in C:\xampp\Desktop\mdcnpal\htdocs\public_html\core\app.php on line 434
[2026-07-06 18:27:40] Creation of dynamic property app::$rs_banner is deprecated in C:\xampp\Desktop\mdcnpal\htdocs\public_html\core\app.php on line 434
[2026-07-06 18:27:40] Creation of dynamic property app::$rs_package_data is deprecated in C:\xampp\Desktop\mdcnpal\htdocs\public_html\core\app.php on line 434
[2026-07-06 18:27:40] Creation of dynamic property app::$city_id is deprecated in C:\xampp\Desktop\mdcnpal\htdocs\public_html\core\app.php on line 434
[2026-07-06 18:27:40] Creation of dynamic property app::$city_name is deprecated in C:\xampp\Desktop\mdcnpal\htdocs\public_html\core\app.php on line 434
[2026-07-06 18:27:40] Creation of dynamic property app::$rs_faq_data is deprecated in C:\xampp\Desktop\mdcnpal\htdocs\public_html\core\app.php on line 434
[2026-07-06 18:27:40] Undefined property: app::$rs_cartmini in C:\xampp\Desktop\mdcnpal\htdocs\public_html\includes\header.php on line 131
[2026-07-06 18:27:40] Undefined array key "MDRCCustID" in C:\xampp\Desktop\mdcnpal\htdocs\public_html\includes\header.php on line 134
[2026-07-06 18:27:40] Undefined property: app::$rs_cartmini in C:\xampp\Desktop\mdcnpal\htdocs\public_html\includes\header.php on line 197
[2026-07-06 18:27:40] Undefined array key "MDRCCustID" in C:\xampp\Desktop\mdcnpal\htdocs\public_html\includes\header.php on line 200
[2026-07-06 18:27:40] Undefined property: app::$rs_cartmini in C:\xampp\Desktop\mdcnpal\htdocs\public_html\includes\header.php on line 469
[2026-07-06 18:27:40] Undefined array key "MDRCCustID" in C:\xampp\Desktop\mdcnpal\htdocs\public_html\includes\header.php on line 472
[2026-07-06 18:27:40] Undefined property: app::$rs_cartmini in C:\xampp\Desktop\mdcnpal\htdocs\public_html\includes\header.php on line 525
[2026-07-06 18:27:40] Undefined array key "MDRCCustID" in C:\xampp\Desktop\mdcnpal\htdocs\public_html\includes\header.php on line 528
[2026-07-06 18:27:40] Undefined property: app::$rs_customer in C:\xampp\Desktop\mdcnpal\htdocs\public_html\includes\header.php on line 712
[2026-07-06 18:27:40] Trying to access array offset on value of type null in C:\xampp\Desktop\mdcnpal\htdocs\public_html\includes\header.php on line 712
[2026-07-06 18:27:40] Undefined property: app::$rs_customer in C:\xampp\Desktop\mdcnpal\htdocs\public_html\includes\header.php on line 721
[2026-07-06 18:27:40] Trying to access array offset on value of type null in C:\xampp\Desktop\mdcnpal\htdocs\public_html\includes\header.php on line 721
[2026-07-06 18:27:40] Undefined property: app::$rs_customer in C:\xampp\Desktop\mdcnpal\htdocs\public_html\includes\header.php on line 730
[2026-07-06 18:27:40] Trying to access array offset on value of type null in C:\xampp\Desktop\mdcnpal\htdocs\public_html\includes\header.php on line 730
[2026-07-06 18:27:40] Undefined property: app::$rs_customer in C:\xampp\Desktop\mdcnpal\htdocs\public_html\includes\header.php on line 739
[2026-07-06 18:27:40] Trying to access array offset on value of type null in C:\xampp\Desktop\mdcnpal\htdocs\public_html\includes\header.php on line 739
[2026-07-06 18:27:40] Undefined variable $mrpP in C:\xampp\Desktop\mdcnpal\htdocs\public_html\core\utility.php on line 7183
[2026-07-06 18:27:40] Undefined variable $disc in C:\xampp\Desktop\mdcnpal\htdocs\public_html\core\utility.php on line 7194
[2026-07-06 18:27:40] Undefined property: app::$rs_customer in C:\xampp\Desktop\mdcnpal\htdocs\public_html\includes\footer.php on line 357
[2026-07-06 18:27:40] Trying to access array offset on value of type null in C:\xampp\Desktop\mdcnpal\htdocs\public_html\includes\footer.php on line 357
[2026-07-06 18:27:40] Undefined property: app::$rs_customer in C:\xampp\Desktop\mdcnpal\htdocs\public_html\includes\footer.php on line 366
[2026-07-06 18:27:40] Trying to access array offset on value of type null in C:\xampp\Desktop\mdcnpal\htdocs\public_html\includes\footer.php on line 366
[2026-07-06 18:27:40] Undefined property: app::$rs_customer in C:\xampp\Desktop\mdcnpal\htdocs\public_html\includes\footer.php on line 372
[2026-07-06 18:27:40] Trying to access array offset on value of type null in C:\xampp\Desktop\mdcnpal\htdocs\public_html\includes\footer.php on line 372
[2026-07-06 18:27:40] Undefined property: app::$rs_customer in C:\xampp\Desktop\mdcnpal\htdocs\public_html\includes\general_data.php on line 88
[2026-07-06 18:27:40] Trying to access array offset on value of type null in C:\xampp\Desktop\mdcnpal\htdocs\public_html\includes\general_data.php on line 88
[2026-07-06 18:27:40] Undefined array key "MDRCCustID" in C:\xampp\Desktop\mdcnpal\htdocs\public_html\includes\general_data.php on line 88
[2026-07-06 18:27:40] Undefined variable $tmpStr in C:\xampp\Desktop\mdcnpal\htdocs\public_html\core\app.php on line 969
[2026-07-06 18:27:41] Creation of dynamic property dbclass::$RECORD_SET is deprecated in C:\xampp\Desktop\mdcnpal\htdocs\public_html\core\dbclass.php on line 69
[2026-07-06 18:27:41] Creation of dynamic property dbclass::$app is deprecated in C:\xampp\Desktop\mdcnpal\htdocs\public_html\core\dbclass.php on line 75
[2026-07-06 18:27:41] Creation of dynamic property model::$foreign_tables is deprecated in C:\xampp\Desktop\mdcnpal\htdocs\public_html\core\model.php on line 43
[2026-07-06 18:27:41] Creation of dynamic property app::$inputfilter is deprecated in C:\xampp\Desktop\mdcnpal\htdocs\public_html\core\app.php on line 123
[2026-07-06 18:27:41] Creation of dynamic property app::$userconfig is deprecated in C:\xampp\Desktop\mdcnpal\htdocs\public_html\core\app.php on line 124
[2026-07-06 18:27:41] Creation of dynamic property app::$global_include is deprecated in C:\xampp\Desktop\mdcnpal\htdocs\public_html\core\app.php on line 125
[2026-07-06 18:27:41] Creation of dynamic property app::$set_cache_time is deprecated in C:\xampp\Desktop\mdcnpal\htdocs\public_html\core\app.php on line 153
[2026-07-06 18:27:41] Undefined variable $RESULT in C:\xampp\Desktop\mdcnpal\htdocs\public_html\scripts\ajax\selectCityUsingGoogleMapApi.php on line 69
[2026-07-06 18:27:41] Undefined variable $URL in C:\xampp\Desktop\mdcnpal\htdocs\public_html\scripts\ajax\selectCityUsingGoogleMapApi.php on line 73
[2026-07-06 18:27:47] Creation of dynamic property dbclass::$RECORD_SET is deprecated in C:\xampp\Desktop\mdcnpal\htdocs\public_html\core\dbclass.php on line 69
[2026-07-06 18:27:47] Creation of dynamic property dbclass::$app is deprecated in C:\xampp\Desktop\mdcnpal\htdocs\public_html\core\dbclass.php on line 75
[2026-07-06 18:27:47] Creation of dynamic property model::$foreign_tables is deprecated in C:\xampp\Desktop\mdcnpal\htdocs\public_html\core\model.php on line 43
[2026-07-06 18:27:47] Creation of dynamic property app::$inputfilter is deprecated in C:\xampp\Desktop\mdcnpal\htdocs\public_html\core\app.php on line 123
[2026-07-06 18:27:47] Creation of dynamic property app::$userconfig is deprecated in C:\xampp\Desktop\mdcnpal\htdocs\public_html\core\app.php on line 124
[2026-07-06 18:27:47] Creation of dynamic property app::$global_include is deprecated in C:\xampp\Desktop\mdcnpal\htdocs\public_html\core\app.php on line 125
[2026-07-06 18:27:47] Creation of dynamic property app::$set_cache_time is deprecated in C:\xampp\Desktop\mdcnpal\htdocs\public_html\core\app.php on line 153
[2026-07-06 18:27:47] Creation of dynamic property app::$meta is deprecated in C:\xampp\Desktop\mdcnpal\htdocs\public_html\core\app.php on line 434
[2026-07-06 18:27:47] Creation of dynamic property app::$rs_gs_city is deprecated in C:\xampp\Desktop\mdcnpal\htdocs\public_html\core\app.php on line 434
[2026-07-06 18:27:47] Creation of dynamic property app::$rs_footer_popular_item is deprecated in C:\xampp\Desktop\mdcnpal\htdocs\public_html\core\app.php on line 434
[2026-07-06 18:27:48] Creation of dynamic property app::$rs_footer_popular_test is deprecated in C:\xampp\Desktop\mdcnpal\htdocs\public_html\core\app.php on line 434
[2026-07-06 18:27:48] Creation of dynamic property app::$rs_testimonial is deprecated in C:\xampp\Desktop\mdcnpal\htdocs\public_html\core\app.php on line 434
[2026-07-06 18:27:48] Creation of dynamic property app::$admin is deprecated in C:\xampp\Desktop\mdcnpal\htdocs\public_html\core\app.php on line 434
[2026-07-06 18:27:48] Undefined array key 0 in C:\xampp\Desktop\mdcnpal\htdocs\public_html\core\global_include.php on line 514
[2026-07-06 18:27:48] Creation of dynamic property app::$popup is deprecated in C:\xampp\Desktop\mdcnpal\htdocs\public_html\core\app.php on line 434
[2026-07-06 18:27:48] Undefined array key "MDRCCustID" in C:\xampp\Desktop\mdcnpal\htdocs\public_html\core\global_include.php on line 515
[2026-07-06 18:27:48] Undefined array key "MDRCToken" in C:\xampp\Desktop\mdcnpal\htdocs\public_html\core\global_include.php on line 515
[2026-07-06 18:27:48] Creation of dynamic property app::$rscategory is deprecated in C:\xampp\Desktop\mdcnpal\htdocs\public_html\core\app.php on line 434
[2026-07-06 18:27:48] Creation of dynamic property app::$rs_pages is deprecated in C:\xampp\Desktop\mdcnpal\htdocs\public_html\core\app.php on line 434
[2026-07-06 18:27:48] Creation of dynamic property app::$gs is deprecated in C:\xampp\Desktop\mdcnpal\htdocs\public_html\core\app.php on line 434
[2026-07-06 18:27:48] Undefined array key "MDRCCustID" in C:\xampp\Desktop\mdcnpal\htdocs\public_html\core\global_include.php on line 596
[2026-07-06 18:27:48] Undefined array key "MDRCCustID" in C:\xampp\Desktop\mdcnpal\htdocs\public_html\core\global_include.php on line 615
[2026-07-06 18:27:48] Undefined variable $getId in C:\xampp\Desktop\mdcnpal\htdocs\public_html\core\global_include.php on line 684
[2026-07-06 18:27:48] Undefined variable $getName in C:\xampp\Desktop\mdcnpal\htdocs\public_html\core\global_include.php on line 685
[2026-07-06 18:27:48] Undefined array key 0 in C:\xampp\Desktop\mdcnpal\htdocs\public_html\core\global_include.php on line 810
[2026-07-06 18:27:48] Creation of dynamic property app::$rs_offer_msg is deprecated in C:\xampp\Desktop\mdcnpal\htdocs\public_html\core\app.php on line 434
[2026-07-06 18:27:48] Creation of dynamic property app::$rs_for_doctors is deprecated in C:\xampp\Desktop\mdcnpal\htdocs\public_html\core\app.php on line 434
[2026-07-06 18:27:48] Creation of dynamic property app::$description is deprecated in C:\xampp\Desktop\mdcnpal\htdocs\public_html\core\app.php on line 434
[2026-07-06 18:27:48] Creation of dynamic property app::$rs_banner is deprecated in C:\xampp\Desktop\mdcnpal\htdocs\public_html\core\app.php on line 434
[2026-07-06 18:27:48] Creation of dynamic property app::$rs_item_diseases is deprecated in C:\xampp\Desktop\mdcnpal\htdocs\public_html\core\app.php on line 434
[2026-07-06 18:27:48] Creation of dynamic property app::$rs_item_home_category is deprecated in C:\xampp\Desktop\mdcnpal\htdocs\public_html\core\app.php on line 434
[2026-07-06 18:27:48] Creation of dynamic property app::$rs_item_banner_category is deprecated in C:\xampp\Desktop\mdcnpal\htdocs\public_html\core\app.php on line 434
[2026-07-06 18:27:48] Creation of dynamic property app::$rs_services is deprecated in C:\xampp\Desktop\mdcnpal\htdocs\public_html\core\app.php on line 434
[2026-07-06 18:27:48] Creation of dynamic property app::$rs_blog is deprecated in C:\xampp\Desktop\mdcnpal\htdocs\public_html\core\app.php on line 434
[2026-07-06 18:27:48] Creation of dynamic property app::$rs_category is deprecated in C:\xampp\Desktop\mdcnpal\htdocs\public_html\core\app.php on line 434
[2026-07-06 18:27:48] Creation of dynamic property app::$rs_faq_data is deprecated in C:\xampp\Desktop\mdcnpal\htdocs\public_html\core\app.php on line 434
[2026-07-06 18:27:48] Creation of dynamic property app::$rs_gallery_data is deprecated in C:\xampp\Desktop\mdcnpal\htdocs\public_html\core\app.php on line 434
[2026-07-06 18:27:48] Undefined property: app::$rs_cartmini in C:\xampp\Desktop\mdcnpal\htdocs\public_html\includes\header.php on line 131
[2026-07-06 18:27:48] Undefined array key "MDRCCustID" in C:\xampp\Desktop\mdcnpal\htdocs\public_html\includes\header.php on line 134
[2026-07-06 18:27:48] Undefined property: app::$rs_cartmini in C:\xampp\Desktop\mdcnpal\htdocs\public_html\includes\header.php on line 197
[2026-07-06 18:27:48] Undefined array key "MDRCCustID" in C:\xampp\Desktop\mdcnpal\htdocs\public_html\includes\header.php on line 200
[2026-07-06 18:27:48] Undefined property: app::$rs_cartmini in C:\xampp\Desktop\mdcnpal\htdocs\public_html\includes\header.php on line 469
[2026-07-06 18:27:48] Undefined array key "MDRCCustID" in C:\xampp\Desktop\mdcnpal\htdocs\public_html\includes\header.php on line 472
[2026-07-06 18:27:48] Undefined property: app::$rs_cartmini in C:\xampp\Desktop\mdcnpal\htdocs\public_html\includes\header.php on line 525
[2026-07-06 18:27:48] Undefined array key "MDRCCustID" in C:\xampp\Desktop\mdcnpal\htdocs\public_html\includes\header.php on line 528
[2026-07-06 18:27:48] Undefined property: app::$rs_customer in C:\xampp\Desktop\mdcnpal\htdocs\public_html\includes\header.php on line 712
[2026-07-06 18:27:48] Trying to access array offset on value of type null in C:\xampp\Desktop\mdcnpal\htdocs\public_html\includes\header.php on line 712
[2026-07-06 18:27:48] Undefined property: app::$rs_customer in C:\xampp\Desktop\mdcnpal\htdocs\public_html\includes\header.php on line 721
[2026-07-06 18:27:48] Trying to access array offset on value of type null in C:\xampp\Desktop\mdcnpal\htdocs\public_html\includes\header.php on line 721
[2026-07-06 18:27:48] Undefined property: app::$rs_customer in C:\xampp\Desktop\mdcnpal\htdocs\public_html\includes\header.php on line 730
[2026-07-06 18:27:48] Trying to access array offset on value of type null in C:\xampp\Desktop\mdcnpal\htdocs\public_html\includes\header.php on line 730
[2026-07-06 18:27:48] Undefined property: app::$rs_customer in C:\xampp\Desktop\mdcnpal\htdocs\public_html\includes\header.php on line 739
[2026-07-06 18:27:48] Trying to access array offset on value of type null in C:\xampp\Desktop\mdcnpal\htdocs\public_html\includes\header.php on line 739
[2026-07-06 18:27:48] Undefined variable $g_search_query in C:\xampp\Desktop\mdcnpal\htdocs\public_html\core\app.php(565) : eval()'d code on line 219
[2026-07-06 18:27:48] Undefined variable $department_cond in C:\xampp\Desktop\mdcnpal\htdocs\public_html\core\app.php(565) : eval()'d code on line 219
[2026-07-06 18:27:48] Undefined variable $type_cond in C:\xampp\Desktop\mdcnpal\htdocs\public_html\core\app.php(565) : eval()'d code on line 219
[2026-07-06 18:27:48] Undefined variable $dieses_cond in C:\xampp\Desktop\mdcnpal\htdocs\public_html\core\app.php(565) : eval()'d code on line 219
[2026-07-06 18:27:48] Undefined variable $popular_pack_cond in C:\xampp\Desktop\mdcnpal\htdocs\public_html\core\app.php(565) : eval()'d code on line 219
[2026-07-06 18:27:48] Undefined variable $g_search_query in C:\xampp\Desktop\mdcnpal\htdocs\public_html\core\app.php(565) : eval()'d code on line 219
[2026-07-06 18:27:48] Undefined variable $department_cond in C:\xampp\Desktop\mdcnpal\htdocs\public_html\core\app.php(565) : eval()'d code on line 219
[2026-07-06 18:27:48] Undefined variable $type_cond in C:\xampp\Desktop\mdcnpal\htdocs\public_html\core\app.php(565) : eval()'d code on line 219
[2026-07-06 18:27:48] Undefined variable $dieses_cond in C:\xampp\Desktop\mdcnpal\htdocs\public_html\core\app.php(565) : eval()'d code on line 219
[2026-07-06 18:27:48] Undefined variable $popular_pack_cond in C:\xampp\Desktop\mdcnpal\htdocs\public_html\core\app.php(565) : eval()'d code on line 219
[2026-07-06 18:27:48] Undefined variable $g_search_query in C:\xampp\Desktop\mdcnpal\htdocs\public_html\core\app.php(565) : eval()'d code on line 219
[2026-07-06 18:27:48] Undefined variable $department_cond in C:\xampp\Desktop\mdcnpal\htdocs\public_html\core\app.php(565) : eval()'d code on line 219
[2026-07-06 18:27:48] Undefined variable $type_cond in C:\xampp\Desktop\mdcnpal\htdocs\public_html\core\app.php(565) : eval()'d code on line 219
[2026-07-06 18:27:48] Undefined variable $dieses_cond in C:\xampp\Desktop\mdcnpal\htdocs\public_html\core\app.php(565) : eval()'d code on line 219
[2026-07-06 18:27:48] Undefined variable $popular_pack_cond in C:\xampp\Desktop\mdcnpal\htdocs\public_html\core\app.php(565) : eval()'d code on line 219
[2026-07-06 18:27:49] Undefined variable $g_search_query in C:\xampp\Desktop\mdcnpal\htdocs\public_html\core\app.php(565) : eval()'d code on line 219
[2026-07-06 18:27:49] Undefined variable $department_cond in C:\xampp\Desktop\mdcnpal\htdocs\public_html\core\app.php(565) : eval()'d code on line 219
[2026-07-06 18:27:49] Undefined variable $type_cond in C:\xampp\Desktop\mdcnpal\htdocs\public_html\core\app.php(565) : eval()'d code on line 219
[2026-07-06 18:27:49] Undefined variable $dieses_cond in C:\xampp\Desktop\mdcnpal\htdocs\public_html\core\app.php(565) : eval()'d code on line 219
[2026-07-06 18:27:49] Undefined variable $popular_pack_cond in C:\xampp\Desktop\mdcnpal\htdocs\public_html\core\app.php(565) : eval()'d code on line 219
[2026-07-06 18:27:49] Undefined variable $g_search_query in C:\xampp\Desktop\mdcnpal\htdocs\public_html\core\app.php(565) : eval()'d code on line 219
[2026-07-06 18:27:49] Undefined variable $department_cond in C:\xampp\Desktop\mdcnpal\htdocs\public_html\core\app.php(565) : eval()'d code on line 219
[2026-07-06 18:27:49] Undefined variable $type_cond in C:\xampp\Desktop\mdcnpal\htdocs\public_html\core\app.php(565) : eval()'d code on line 219
[2026-07-06 18:27:49] Undefined variable $dieses_cond in C:\xampp\Desktop\mdcnpal\htdocs\public_html\core\app.php(565) : eval()'d code on line 219
[2026-07-06 18:27:49] Undefined variable $popular_pack_cond in C:\xampp\Desktop\mdcnpal\htdocs\public_html\core\app.php(565) : eval()'d code on line 219
[2026-07-06 18:27:49] Undefined property: app::$rs_customer in C:\xampp\Desktop\mdcnpal\htdocs\public_html\includes\footer.php on line 357
[2026-07-06 18:27:49] Trying to access array offset on value of type null in C:\xampp\Desktop\mdcnpal\htdocs\public_html\includes\footer.php on line 357
[2026-07-06 18:27:49] Undefined property: app::$rs_customer in C:\xampp\Desktop\mdcnpal\htdocs\public_html\includes\footer.php on line 366
[2026-07-06 18:27:49] Trying to access array offset on value of type null in C:\xampp\Desktop\mdcnpal\htdocs\public_html\includes\footer.php on line 366
[2026-07-06 18:27:49] Undefined property: app::$rs_customer in C:\xampp\Desktop\mdcnpal\htdocs\public_html\includes\footer.php on line 372
[2026-07-06 18:27:49] Trying to access array offset on value of type null in C:\xampp\Desktop\mdcnpal\htdocs\public_html\includes\footer.php on line 372
[2026-07-06 18:27:49] Undefined property: app::$rs_customer in C:\xampp\Desktop\mdcnpal\htdocs\public_html\includes\general_data.php on line 88
[2026-07-06 18:27:49] Trying to access array offset on value of type null in C:\xampp\Desktop\mdcnpal\htdocs\public_html\includes\general_data.php on line 88
[2026-07-06 18:27:49] Undefined array key "MDRCCustID" in C:\xampp\Desktop\mdcnpal\htdocs\public_html\includes\general_data.php on line 88
[2026-07-06 18:27:49] Undefined variable $tmpStr in C:\xampp\Desktop\mdcnpal\htdocs\public_html\core\app.php on line 969
[2026-07-06 18:27:51] Creation of dynamic property dbclass::$RECORD_SET is deprecated in C:\xampp\Desktop\mdcnpal\htdocs\public_html\core\dbclass.php on line 69
[2026-07-06 18:27:51] Creation of dynamic property dbclass::$app is deprecated in C:\xampp\Desktop\mdcnpal\htdocs\public_html\core\dbclass.php on line 75
[2026-07-06 18:27:51] Creation of dynamic property model::$foreign_tables is deprecated in C:\xampp\Desktop\mdcnpal\htdocs\public_html\core\model.php on line 43
[2026-07-06 18:27:51] Creation of dynamic property app::$inputfilter is deprecated in C:\xampp\Desktop\mdcnpal\htdocs\public_html\core\app.php on line 123
[2026-07-06 18:27:51] Creation of dynamic property app::$userconfig is deprecated in C:\xampp\Desktop\mdcnpal\htdocs\public_html\core\app.php on line 124
[2026-07-06 18:27:51] Creation of dynamic property app::$global_include is deprecated in C:\xampp\Desktop\mdcnpal\htdocs\public_html\core\app.php on line 125
[2026-07-06 18:27:51] Creation of dynamic property app::$set_cache_time is deprecated in C:\xampp\Desktop\mdcnpal\htdocs\public_html\core\app.php on line 153
[2026-07-06 18:27:51] Undefined variable $RESULT in C:\xampp\Desktop\mdcnpal\htdocs\public_html\scripts\ajax\selectCityUsingGoogleMapApi.php on line 69
[2026-07-06 18:27:51] Undefined variable $URL in C:\xampp\Desktop\mdcnpal\htdocs\public_html\scripts\ajax\selectCityUsingGoogleMapApi.php on line 73
[2026-07-06 18:28:04] Creation of dynamic property dbclass::$RECORD_SET is deprecated in C:\xampp\Desktop\mdcnpal\htdocs\public_html\core\dbclass.php on line 69
[2026-07-06 18:28:04] Creation of dynamic property dbclass::$app is deprecated in C:\xampp\Desktop\mdcnpal\htdocs\public_html\core\dbclass.php on line 75
[2026-07-06 18:28:04] Creation of dynamic property model::$foreign_tables is deprecated in C:\xampp\Desktop\mdcnpal\htdocs\public_html\core\model.php on line 43
[2026-07-06 18:28:04] Creation of dynamic property app::$inputfilter is deprecated in C:\xampp\Desktop\mdcnpal\htdocs\public_html\core\app.php on line 123
[2026-07-06 18:28:04] Creation of dynamic property app::$userconfig is deprecated in C:\xampp\Desktop\mdcnpal\htdocs\public_html\core\app.php on line 124
[2026-07-06 18:28:04] Creation of dynamic property app::$global_include is deprecated in C:\xampp\Desktop\mdcnpal\htdocs\public_html\core\app.php on line 125
[2026-07-06 18:28:04] Creation of dynamic property app::$set_cache_time is deprecated in C:\xampp\Desktop\mdcnpal\htdocs\public_html\core\app.php on line 153
[2026-07-06 18:28:04] Undefined array key "cityID" in C:\xampp\Desktop\mdcnpal\htdocs\public_html\core\global_include.php on line 381
[2026-07-06 18:28:04] Undefined array key "cityID" in C:\xampp\Desktop\mdcnpal\htdocs\public_html\core\global_include.php on line 416
[2026-07-06 18:28:04] Creation of dynamic property app::$meta is deprecated in C:\xampp\Desktop\mdcnpal\htdocs\public_html\core\app.php on line 434
[2026-07-06 18:28:04] Creation of dynamic property app::$rs_gs_city is deprecated in C:\xampp\Desktop\mdcnpal\htdocs\public_html\core\app.php on line 434
[2026-07-06 18:28:04] Undefined array key "cityID" in C:\xampp\Desktop\mdcnpal\htdocs\public_html\core\global_include.php on line 468
[2026-07-06 18:28:04] Creation of dynamic property app::$rs_footer_popular_item is deprecated in C:\xampp\Desktop\mdcnpal\htdocs\public_html\core\app.php on line 434
[2026-07-06 18:28:04] Creation of dynamic property app::$rs_footer_popular_test is deprecated in C:\xampp\Desktop\mdcnpal\htdocs\public_html\core\app.php on line 434
[2026-07-06 18:28:04] Creation of dynamic property app::$rs_testimonial is deprecated in C:\xampp\Desktop\mdcnpal\htdocs\public_html\core\app.php on line 434
[2026-07-06 18:28:04] Creation of dynamic property app::$admin is deprecated in C:\xampp\Desktop\mdcnpal\htdocs\public_html\core\app.php on line 434
[2026-07-06 18:28:04] Undefined array key 0 in C:\xampp\Desktop\mdcnpal\htdocs\public_html\core\global_include.php on line 514
[2026-07-06 18:28:04] Creation of dynamic property app::$popup is deprecated in C:\xampp\Desktop\mdcnpal\htdocs\public_html\core\app.php on line 434
[2026-07-06 18:28:04] Undefined array key "MDRCCustID" in C:\xampp\Desktop\mdcnpal\htdocs\public_html\core\global_include.php on line 515
[2026-07-06 18:28:04] Undefined array key "MDRCToken" in C:\xampp\Desktop\mdcnpal\htdocs\public_html\core\global_include.php on line 515
[2026-07-06 18:28:04] Creation of dynamic property app::$rscategory is deprecated in C:\xampp\Desktop\mdcnpal\htdocs\public_html\core\app.php on line 434
[2026-07-06 18:28:04] Creation of dynamic property app::$rs_pages is deprecated in C:\xampp\Desktop\mdcnpal\htdocs\public_html\core\app.php on line 434
[2026-07-06 18:28:04] Creation of dynamic property app::$gs is deprecated in C:\xampp\Desktop\mdcnpal\htdocs\public_html\core\app.php on line 434
[2026-07-06 18:28:04] Undefined array key "MDRCCustID" in C:\xampp\Desktop\mdcnpal\htdocs\public_html\core\global_include.php on line 596
[2026-07-06 18:28:04] Undefined array key "MDRCCustID" in C:\xampp\Desktop\mdcnpal\htdocs\public_html\core\global_include.php on line 615
[2026-07-06 18:28:04] Undefined variable $getId in C:\xampp\Desktop\mdcnpal\htdocs\public_html\core\global_include.php on line 684
[2026-07-06 18:28:04] Undefined variable $getName in C:\xampp\Desktop\mdcnpal\htdocs\public_html\core\global_include.php on line 685
[2026-07-06 18:28:04] Undefined array key 0 in C:\xampp\Desktop\mdcnpal\htdocs\public_html\core\global_include.php on line 810
[2026-07-06 18:28:04] Creation of dynamic property app::$rs_offer_msg is deprecated in C:\xampp\Desktop\mdcnpal\htdocs\public_html\core\app.php on line 434
[2026-07-06 18:28:04] Creation of dynamic property app::$rs_for_doctors is deprecated in C:\xampp\Desktop\mdcnpal\htdocs\public_html\core\app.php on line 434
[2026-07-06 18:28:04] Creation of dynamic property dbclass::$RECORD_SET is deprecated in C:\xampp\Desktop\mdcnpal\htdocs\public_html\core\dbclass.php on line 69
[2026-07-06 18:28:04] Creation of dynamic property dbclass::$app is deprecated in C:\xampp\Desktop\mdcnpal\htdocs\public_html\core\dbclass.php on line 75
[2026-07-06 18:28:04] Creation of dynamic property model::$foreign_tables is deprecated in C:\xampp\Desktop\mdcnpal\htdocs\public_html\core\model.php on line 43
[2026-07-06 18:28:04] Creation of dynamic property app::$inputfilter is deprecated in C:\xampp\Desktop\mdcnpal\htdocs\public_html\core\app.php on line 123
[2026-07-06 18:28:04] Creation of dynamic property app::$userconfig is deprecated in C:\xampp\Desktop\mdcnpal\htdocs\public_html\core\app.php on line 124
[2026-07-06 18:28:04] Creation of dynamic property app::$global_include is deprecated in C:\xampp\Desktop\mdcnpal\htdocs\public_html\core\app.php on line 125
[2026-07-06 18:28:04] Creation of dynamic property app::$set_cache_time is deprecated in C:\xampp\Desktop\mdcnpal\htdocs\public_html\core\app.php on line 153
[2026-07-06 18:28:04] Creation of dynamic property app::$meta is deprecated in C:\xampp\Desktop\mdcnpal\htdocs\public_html\core\app.php on line 434
[2026-07-06 18:28:04] Creation of dynamic property app::$rs_gs_city is deprecated in C:\xampp\Desktop\mdcnpal\htdocs\public_html\core\app.php on line 434
[2026-07-06 18:28:04] Creation of dynamic property app::$rs_footer_popular_item is deprecated in C:\xampp\Desktop\mdcnpal\htdocs\public_html\core\app.php on line 434
[2026-07-06 18:28:04] Creation of dynamic property app::$rs_footer_popular_test is deprecated in C:\xampp\Desktop\mdcnpal\htdocs\public_html\core\app.php on line 434
[2026-07-06 18:28:04] Creation of dynamic property app::$rs_testimonial is deprecated in C:\xampp\Desktop\mdcnpal\htdocs\public_html\core\app.php on line 434
[2026-07-06 18:28:04] Creation of dynamic property app::$admin is deprecated in C:\xampp\Desktop\mdcnpal\htdocs\public_html\core\app.php on line 434
[2026-07-06 18:28:04] Undefined array key 0 in C:\xampp\Desktop\mdcnpal\htdocs\public_html\core\global_include.php on line 514
[2026-07-06 18:28:04] Creation of dynamic property app::$popup is deprecated in C:\xampp\Desktop\mdcnpal\htdocs\public_html\core\app.php on line 434
[2026-07-06 18:28:04] Undefined array key "MDRCCustID" in C:\xampp\Desktop\mdcnpal\htdocs\public_html\core\global_include.php on line 515
[2026-07-06 18:28:04] Undefined array key "MDRCToken" in C:\xampp\Desktop\mdcnpal\htdocs\public_html\core\global_include.php on line 515
[2026-07-06 18:28:04] Creation of dynamic property app::$rscategory is deprecated in C:\xampp\Desktop\mdcnpal\htdocs\public_html\core\app.php on line 434
[2026-07-06 18:28:04] Creation of dynamic property app::$rs_pages is deprecated in C:\xampp\Desktop\mdcnpal\htdocs\public_html\core\app.php on line 434
[2026-07-06 18:28:04] Creation of dynamic property app::$gs is deprecated in C:\xampp\Desktop\mdcnpal\htdocs\public_html\core\app.php on line 434
[2026-07-06 18:28:04] Undefined array key "MDRCCustID" in C:\xampp\Desktop\mdcnpal\htdocs\public_html\core\global_include.php on line 596
[2026-07-06 18:28:04] Undefined array key "MDRCCustID" in C:\xampp\Desktop\mdcnpal\htdocs\public_html\core\global_include.php on line 615
[2026-07-06 18:28:04] Undefined variable $getId in C:\xampp\Desktop\mdcnpal\htdocs\public_html\core\global_include.php on line 684
[2026-07-06 18:28:04] Undefined variable $getName in C:\xampp\Desktop\mdcnpal\htdocs\public_html\core\global_include.php on line 685
[2026-07-06 18:28:04] Undefined array key 0 in C:\xampp\Desktop\mdcnpal\htdocs\public_html\core\global_include.php on line 810
[2026-07-06 18:28:04] Creation of dynamic property app::$rs_offer_msg is deprecated in C:\xampp\Desktop\mdcnpal\htdocs\public_html\core\app.php on line 434
[2026-07-06 18:28:04] Creation of dynamic property app::$rs_for_doctors is deprecated in C:\xampp\Desktop\mdcnpal\htdocs\public_html\core\app.php on line 434
[2026-07-06 18:28:04] Creation of dynamic property app::$rs_banner is deprecated in C:\xampp\Desktop\mdcnpal\htdocs\public_html\core\app.php on line 434
[2026-07-06 18:28:04] Creation of dynamic property app::$page_info is deprecated in C:\xampp\Desktop\mdcnpal\htdocs\public_html\core\app.php on line 434
[2026-07-06 18:28:04] Creation of dynamic property app::$department_id is deprecated in C:\xampp\Desktop\mdcnpal\htdocs\public_html\core\app.php on line 434
[2026-07-06 18:28:04] Creation of dynamic property app::$city_id is deprecated in C:\xampp\Desktop\mdcnpal\htdocs\public_html\core\app.php on line 434
[2026-07-06 18:28:04] Creation of dynamic property app::$city_name is deprecated in C:\xampp\Desktop\mdcnpal\htdocs\public_html\core\app.php on line 434
[2026-07-06 18:28:04] Creation of dynamic property app::$data_id is deprecated in C:\xampp\Desktop\mdcnpal\htdocs\public_html\core\app.php on line 434
[2026-07-06 18:28:04] Creation of dynamic property app::$data_name is deprecated in C:\xampp\Desktop\mdcnpal\htdocs\public_html\core\app.php on line 434
[2026-07-06 18:28:04] Creation of dynamic property app::$pageType is deprecated in C:\xampp\Desktop\mdcnpal\htdocs\public_html\core\app.php on line 434
[2026-07-06 18:28:05] Creation of dynamic property app::$rs_faq_data is deprecated in C:\xampp\Desktop\mdcnpal\htdocs\public_html\core\app.php on line 434
[2026-07-06 18:28:05] Undefined array key "tempCityID" in C:\xampp\Desktop\mdcnpal\htdocs\public_html\includes\header.php on line 5
[2026-07-06 18:28:05] Undefined array key "items" in C:\xampp\Desktop\mdcnpal\htdocs\public_html\includes\header.php on line 16
[2026-07-06 18:28:05] Undefined array key "item_category" in C:\xampp\Desktop\mdcnpal\htdocs\public_html\includes\header.php on line 26
[2026-07-06 18:28:05] Undefined array key "item_diseases" in C:\xampp\Desktop\mdcnpal\htdocs\public_html\includes\header.php on line 33
[2026-07-06 18:28:05] Undefined property: app::$rs_cartmini in C:\xampp\Desktop\mdcnpal\htdocs\public_html\includes\header.php on line 131
[2026-07-06 18:28:05] Undefined array key "MDRCCustID" in C:\xampp\Desktop\mdcnpal\htdocs\public_html\includes\header.php on line 134
[2026-07-06 18:28:05] Undefined property: app::$rs_cartmini in C:\xampp\Desktop\mdcnpal\htdocs\public_html\includes\header.php on line 197
[2026-07-06 18:28:05] Undefined array key "MDRCCustID" in C:\xampp\Desktop\mdcnpal\htdocs\public_html\includes\header.php on line 200
[2026-07-06 18:28:05] Undefined property: app::$rs_cartmini in C:\xampp\Desktop\mdcnpal\htdocs\public_html\includes\header.php on line 469
[2026-07-06 18:28:05] Undefined array key "MDRCCustID" in C:\xampp\Desktop\mdcnpal\htdocs\public_html\includes\header.php on line 472
[2026-07-06 18:28:05] Undefined property: app::$rs_cartmini in C:\xampp\Desktop\mdcnpal\htdocs\public_html\includes\header.php on line 525
[2026-07-06 18:28:05] Undefined array key "MDRCCustID" in C:\xampp\Desktop\mdcnpal\htdocs\public_html\includes\header.php on line 528
[2026-07-06 18:28:05] Undefined property: app::$rs_customer in C:\xampp\Desktop\mdcnpal\htdocs\public_html\includes\header.php on line 712
[2026-07-06 18:28:05] Trying to access array offset on value of type null in C:\xampp\Desktop\mdcnpal\htdocs\public_html\includes\header.php on line 712
[2026-07-06 18:28:05] Undefined property: app::$rs_customer in C:\xampp\Desktop\mdcnpal\htdocs\public_html\includes\header.php on line 721
[2026-07-06 18:28:05] Trying to access array offset on value of type null in C:\xampp\Desktop\mdcnpal\htdocs\public_html\includes\header.php on line 721
[2026-07-06 18:28:05] Undefined property: app::$rs_customer in C:\xampp\Desktop\mdcnpal\htdocs\public_html\includes\header.php on line 730
[2026-07-06 18:28:05] Trying to access array offset on value of type null in C:\xampp\Desktop\mdcnpal\htdocs\public_html\includes\header.php on line 730
[2026-07-06 18:28:05] Undefined property: app::$rs_customer in C:\xampp\Desktop\mdcnpal\htdocs\public_html\includes\header.php on line 739
[2026-07-06 18:28:05] Trying to access array offset on value of type null in C:\xampp\Desktop\mdcnpal\htdocs\public_html\includes\header.php on line 739
[2026-07-06 18:28:05] Undefined property: app::$rs_customer in C:\xampp\Desktop\mdcnpal\htdocs\public_html\includes\footer.php on line 357
[2026-07-06 18:28:05] Trying to access array offset on value of type null in C:\xampp\Desktop\mdcnpal\htdocs\public_html\includes\footer.php on line 357
[2026-07-06 18:28:05] Undefined property: app::$rs_customer in C:\xampp\Desktop\mdcnpal\htdocs\public_html\includes\footer.php on line 366
[2026-07-06 18:28:05] Trying to access array offset on value of type null in C:\xampp\Desktop\mdcnpal\htdocs\public_html\includes\footer.php on line 366
[2026-07-06 18:28:05] Undefined property: app::$rs_customer in C:\xampp\Desktop\mdcnpal\htdocs\public_html\includes\footer.php on line 372
[2026-07-06 18:28:05] Trying to access array offset on value of type null in C:\xampp\Desktop\mdcnpal\htdocs\public_html\includes\footer.php on line 372
[2026-07-06 18:28:05] Undefined property: app::$rs_customer in C:\xampp\Desktop\mdcnpal\htdocs\public_html\includes\general_data.php on line 88
[2026-07-06 18:28:05] Trying to access array offset on value of type null in C:\xampp\Desktop\mdcnpal\htdocs\public_html\includes\general_data.php on line 88
[2026-07-06 18:28:05] Undefined array key "MDRCCustID" in C:\xampp\Desktop\mdcnpal\htdocs\public_html\includes\general_data.php on line 88
[2026-07-06 18:28:05] Undefined variable $tmpStr in C:\xampp\Desktop\mdcnpal\htdocs\public_html\core\app.php on line 969
[2026-07-06 18:28:05] Creation of dynamic property dbclass::$RECORD_SET is deprecated in C:\xampp\Desktop\mdcnpal\htdocs\public_html\core\dbclass.php on line 69
[2026-07-06 18:28:05] Creation of dynamic property dbclass::$app is deprecated in C:\xampp\Desktop\mdcnpal\htdocs\public_html\core\dbclass.php on line 75
[2026-07-06 18:28:05] Creation of dynamic property model::$foreign_tables is deprecated in C:\xampp\Desktop\mdcnpal\htdocs\public_html\core\model.php on line 43
[2026-07-06 18:28:05] Creation of dynamic property app::$inputfilter is deprecated in C:\xampp\Desktop\mdcnpal\htdocs\public_html\core\app.php on line 123
[2026-07-06 18:28:05] Creation of dynamic property app::$userconfig is deprecated in C:\xampp\Desktop\mdcnpal\htdocs\public_html\core\app.php on line 124
[2026-07-06 18:28:05] Creation of dynamic property app::$global_include is deprecated in C:\xampp\Desktop\mdcnpal\htdocs\public_html\core\app.php on line 125
[2026-07-06 18:28:05] Creation of dynamic property app::$set_cache_time is deprecated in C:\xampp\Desktop\mdcnpal\htdocs\public_html\core\app.php on line 153
[2026-07-06 18:28:05] Undefined array key "cityID" in C:\xampp\Desktop\mdcnpal\htdocs\public_html\core\global_include.php on line 381
[2026-07-06 18:28:05] Undefined array key "MDRCCustID" in C:\xampp\Desktop\mdcnpal\htdocs\public_html\core\global_include.php on line 406
[2026-07-06 18:28:05] Creation of dynamic property app::$meta is deprecated in C:\xampp\Desktop\mdcnpal\htdocs\public_html\core\app.php on line 434
[2026-07-06 18:28:05] Creation of dynamic property app::$rs_gs_city is deprecated in C:\xampp\Desktop\mdcnpal\htdocs\public_html\core\app.php on line 434
[2026-07-06 18:28:05] Creation of dynamic property app::$rs_footer_popular_item is deprecated in C:\xampp\Desktop\mdcnpal\htdocs\public_html\core\app.php on line 434
[2026-07-06 18:28:05] Creation of dynamic property app::$rs_footer_popular_test is deprecated in C:\xampp\Desktop\mdcnpal\htdocs\public_html\core\app.php on line 434
[2026-07-06 18:28:05] Creation of dynamic property app::$rs_testimonial is deprecated in C:\xampp\Desktop\mdcnpal\htdocs\public_html\core\app.php on line 434
[2026-07-06 18:28:05] Creation of dynamic property app::$admin is deprecated in C:\xampp\Desktop\mdcnpal\htdocs\public_html\core\app.php on line 434
[2026-07-06 18:28:05] Undefined array key 0 in C:\xampp\Desktop\mdcnpal\htdocs\public_html\core\global_include.php on line 514
[2026-07-06 18:28:05] Creation of dynamic property app::$popup is deprecated in C:\xampp\Desktop\mdcnpal\htdocs\public_html\core\app.php on line 434
[2026-07-06 18:28:05] Undefined array key "MDRCCustID" in C:\xampp\Desktop\mdcnpal\htdocs\public_html\core\global_include.php on line 515
[2026-07-06 18:28:05] Undefined array key "MDRCToken" in C:\xampp\Desktop\mdcnpal\htdocs\public_html\core\global_include.php on line 515
[2026-07-06 18:28:05] Creation of dynamic property app::$rscategory is deprecated in C:\xampp\Desktop\mdcnpal\htdocs\public_html\core\app.php on line 434
[2026-07-06 18:28:05] Creation of dynamic property app::$rs_pages is deprecated in C:\xampp\Desktop\mdcnpal\htdocs\public_html\core\app.php on line 434
[2026-07-06 18:28:05] Creation of dynamic property app::$gs is deprecated in C:\xampp\Desktop\mdcnpal\htdocs\public_html\core\app.php on line 434
[2026-07-06 18:28:05] Undefined array key "MDRCCustID" in C:\xampp\Desktop\mdcnpal\htdocs\public_html\core\global_include.php on line 596
[2026-07-06 18:28:05] Undefined array key "MDRCCustID" in C:\xampp\Desktop\mdcnpal\htdocs\public_html\core\global_include.php on line 615
[2026-07-06 18:28:05] Undefined variable $getId in C:\xampp\Desktop\mdcnpal\htdocs\public_html\core\global_include.php on line 684
[2026-07-06 18:28:05] Undefined variable $getName in C:\xampp\Desktop\mdcnpal\htdocs\public_html\core\global_include.php on line 685
[2026-07-06 18:28:05] Undefined array key 0 in C:\xampp\Desktop\mdcnpal\htdocs\public_html\core\global_include.php on line 810
[2026-07-06 18:28:05] Creation of dynamic property app::$rs_offer_msg is deprecated in C:\xampp\Desktop\mdcnpal\htdocs\public_html\core\app.php on line 434
[2026-07-06 18:28:05] Creation of dynamic property app::$rs_for_doctors is deprecated in C:\xampp\Desktop\mdcnpal\htdocs\public_html\core\app.php on line 434
[2026-07-06 18:28:05] Creation of dynamic property app::$rs_banner is deprecated in C:\xampp\Desktop\mdcnpal\htdocs\public_html\core\app.php on line 434
[2026-07-06 18:28:05] Creation of dynamic property app::$page_info is deprecated in C:\xampp\Desktop\mdcnpal\htdocs\public_html\core\app.php on line 434
[2026-07-06 18:28:05] Creation of dynamic property app::$department_id is deprecated in C:\xampp\Desktop\mdcnpal\htdocs\public_html\core\app.php on line 434
[2026-07-06 18:28:05] Creation of dynamic property app::$city_id is deprecated in C:\xampp\Desktop\mdcnpal\htdocs\public_html\core\app.php on line 434
[2026-07-06 18:28:05] Creation of dynamic property app::$city_name is deprecated in C:\xampp\Desktop\mdcnpal\htdocs\public_html\core\app.php on line 434
[2026-07-06 18:28:05] Creation of dynamic property app::$data_id is deprecated in C:\xampp\Desktop\mdcnpal\htdocs\public_html\core\app.php on line 434
[2026-07-06 18:28:05] Creation of dynamic property app::$data_name is deprecated in C:\xampp\Desktop\mdcnpal\htdocs\public_html\core\app.php on line 434
[2026-07-06 18:28:05] Creation of dynamic property app::$pageType is deprecated in C:\xampp\Desktop\mdcnpal\htdocs\public_html\core\app.php on line 434
[2026-07-06 18:28:05] Creation of dynamic property app::$rs_faq_data is deprecated in C:\xampp\Desktop\mdcnpal\htdocs\public_html\core\app.php on line 434
[2026-07-06 18:28:05] Undefined array key "tempCityID" in C:\xampp\Desktop\mdcnpal\htdocs\public_html\includes\header.php on line 5
[2026-07-06 18:28:05] Undefined array key "items" in C:\xampp\Desktop\mdcnpal\htdocs\public_html\includes\header.php on line 16
[2026-07-06 18:28:05] Undefined array key "item_category" in C:\xampp\Desktop\mdcnpal\htdocs\public_html\includes\header.php on line 26
[2026-07-06 18:28:05] Undefined array key "item_diseases" in C:\xampp\Desktop\mdcnpal\htdocs\public_html\includes\header.php on line 33
[2026-07-06 18:28:05] Undefined property: app::$rs_cartmini in C:\xampp\Desktop\mdcnpal\htdocs\public_html\includes\header.php on line 131
[2026-07-06 18:28:05] Undefined array key "MDRCCustID" in C:\xampp\Desktop\mdcnpal\htdocs\public_html\includes\header.php on line 134
[2026-07-06 18:28:05] Undefined property: app::$rs_cartmini in C:\xampp\Desktop\mdcnpal\htdocs\public_html\includes\header.php on line 197
[2026-07-06 18:28:05] Undefined array key "MDRCCustID" in C:\xampp\Desktop\mdcnpal\htdocs\public_html\includes\header.php on line 200
[2026-07-06 18:28:05] Undefined property: app::$rs_cartmini in C:\xampp\Desktop\mdcnpal\htdocs\public_html\includes\header.php on line 469
[2026-07-06 18:28:05] Undefined array key "MDRCCustID" in C:\xampp\Desktop\mdcnpal\htdocs\public_html\includes\header.php on line 472
[2026-07-06 18:28:05] Undefined property: app::$rs_cartmini in C:\xampp\Desktop\mdcnpal\htdocs\public_html\includes\header.php on line 525
[2026-07-06 18:28:05] Undefined array key "MDRCCustID" in C:\xampp\Desktop\mdcnpal\htdocs\public_html\includes\header.php on line 528
[2026-07-06 18:28:05] Undefined property: app::$rs_customer in C:\xampp\Desktop\mdcnpal\htdocs\public_html\includes\header.php on line 712
[2026-07-06 18:28:05] Trying to access array offset on value of type null in C:\xampp\Desktop\mdcnpal\htdocs\public_html\includes\header.php on line 712
[2026-07-06 18:28:05] Undefined property: app::$rs_customer in C:\xampp\Desktop\mdcnpal\htdocs\public_html\includes\header.php on line 721
[2026-07-06 18:28:05] Trying to access array offset on value of type null in C:\xampp\Desktop\mdcnpal\htdocs\public_html\includes\header.php on line 721
[2026-07-06 18:28:05] Undefined property: app::$rs_customer in C:\xampp\Desktop\mdcnpal\htdocs\public_html\includes\header.php on line 730
[2026-07-06 18:28:05] Trying to access array offset on value of type null in C:\xampp\Desktop\mdcnpal\htdocs\public_html\includes\header.php on line 730
[2026-07-06 18:28:05] Undefined property: app::$rs_customer in C:\xampp\Desktop\mdcnpal\htdocs\public_html\includes\header.php on line 739
[2026-07-06 18:28:05] Trying to access array offset on value of type null in C:\xampp\Desktop\mdcnpal\htdocs\public_html\includes\header.php on line 739
[2026-07-06 18:28:05] Undefined property: app::$rs_customer in C:\xampp\Desktop\mdcnpal\htdocs\public_html\includes\footer.php on line 357
[2026-07-06 18:28:05] Trying to access array offset on value of type null in C:\xampp\Desktop\mdcnpal\htdocs\public_html\includes\footer.php on line 357
[2026-07-06 18:28:05] Undefined property: app::$rs_customer in C:\xampp\Desktop\mdcnpal\htdocs\public_html\includes\footer.php on line 366
[2026-07-06 18:28:05] Trying to access array offset on value of type null in C:\xampp\Desktop\mdcnpal\htdocs\public_html\includes\footer.php on line 366
[2026-07-06 18:28:05] Undefined property: app::$rs_customer in C:\xampp\Desktop\mdcnpal\htdocs\public_html\includes\footer.php on line 372
[2026-07-06 18:28:05] Trying to access array offset on value of type null in C:\xampp\Desktop\mdcnpal\htdocs\public_html\includes\footer.php on line 372
[2026-07-06 18:28:05] Undefined property: app::$rs_customer in C:\xampp\Desktop\mdcnpal\htdocs\public_html\includes\general_data.php on line 88
[2026-07-06 18:28:05] Trying to access array offset on value of type null in C:\xampp\Desktop\mdcnpal\htdocs\public_html\includes\general_data.php on line 88
[2026-07-06 18:28:05] Undefined array key "MDRCCustID" in C:\xampp\Desktop\mdcnpal\htdocs\public_html\includes\general_data.php on line 88
[2026-07-06 18:28:05] Undefined variable $tmpStr in C:\xampp\Desktop\mdcnpal\htdocs\public_html\core\app.php on line 969
[2026-07-06 18:28:06] Creation of dynamic property dbclass::$RECORD_SET is deprecated in C:\xampp\Desktop\mdcnpal\htdocs\public_html\core\dbclass.php on line 69
[2026-07-06 18:28:06] Creation of dynamic property dbclass::$app is deprecated in C:\xampp\Desktop\mdcnpal\htdocs\public_html\core\dbclass.php on line 75
[2026-07-06 18:28:06] Creation of dynamic property model::$foreign_tables is deprecated in C:\xampp\Desktop\mdcnpal\htdocs\public_html\core\model.php on line 43
[2026-07-06 18:28:06] Creation of dynamic property app::$inputfilter is deprecated in C:\xampp\Desktop\mdcnpal\htdocs\public_html\core\app.php on line 123
[2026-07-06 18:28:06] Creation of dynamic property app::$userconfig is deprecated in C:\xampp\Desktop\mdcnpal\htdocs\public_html\core\app.php on line 124
[2026-07-06 18:28:06] Creation of dynamic property app::$global_include is deprecated in C:\xampp\Desktop\mdcnpal\htdocs\public_html\core\app.php on line 125
[2026-07-06 18:28:06] Creation of dynamic property app::$set_cache_time is deprecated in C:\xampp\Desktop\mdcnpal\htdocs\public_html\core\app.php on line 153
[2026-07-06 18:28:06] Undefined array key "cityID" in C:\xampp\Desktop\mdcnpal\htdocs\public_html\core\global_include.php on line 381
[2026-07-06 18:28:06] Undefined array key "MDRCCustID" in C:\xampp\Desktop\mdcnpal\htdocs\public_html\core\global_include.php on line 406
[2026-07-06 18:28:06] Creation of dynamic property app::$meta is deprecated in C:\xampp\Desktop\mdcnpal\htdocs\public_html\core\app.php on line 434
[2026-07-06 18:28:06] Creation of dynamic property app::$rs_gs_city is deprecated in C:\xampp\Desktop\mdcnpal\htdocs\public_html\core\app.php on line 434
[2026-07-06 18:28:06] Creation of dynamic property app::$rs_footer_popular_item is deprecated in C:\xampp\Desktop\mdcnpal\htdocs\public_html\core\app.php on line 434
[2026-07-06 18:28:06] Creation of dynamic property app::$rs_footer_popular_test is deprecated in C:\xampp\Desktop\mdcnpal\htdocs\public_html\core\app.php on line 434
[2026-07-06 18:28:06] Creation of dynamic property app::$rs_testimonial is deprecated in C:\xampp\Desktop\mdcnpal\htdocs\public_html\core\app.php on line 434
[2026-07-06 18:28:06] Creation of dynamic property app::$admin is deprecated in C:\xampp\Desktop\mdcnpal\htdocs\public_html\core\app.php on line 434
[2026-07-06 18:28:06] Undefined array key 0 in C:\xampp\Desktop\mdcnpal\htdocs\public_html\core\global_include.php on line 514
[2026-07-06 18:28:06] Creation of dynamic property app::$popup is deprecated in C:\xampp\Desktop\mdcnpal\htdocs\public_html\core\app.php on line 434
[2026-07-06 18:28:06] Undefined array key "MDRCCustID" in C:\xampp\Desktop\mdcnpal\htdocs\public_html\core\global_include.php on line 515
[2026-07-06 18:28:06] Undefined array key "MDRCToken" in C:\xampp\Desktop\mdcnpal\htdocs\public_html\core\global_include.php on line 515
[2026-07-06 18:28:06] Creation of dynamic property app::$rscategory is deprecated in C:\xampp\Desktop\mdcnpal\htdocs\public_html\core\app.php on line 434
[2026-07-06 18:28:06] Creation of dynamic property app::$rs_pages is deprecated in C:\xampp\Desktop\mdcnpal\htdocs\public_html\core\app.php on line 434
[2026-07-06 18:28:06] Creation of dynamic property app::$gs is deprecated in C:\xampp\Desktop\mdcnpal\htdocs\public_html\core\app.php on line 434
[2026-07-06 18:28:06] Undefined array key "MDRCCustID" in C:\xampp\Desktop\mdcnpal\htdocs\public_html\core\global_include.php on line 596
[2026-07-06 18:28:06] Undefined array key "MDRCCustID" in C:\xampp\Desktop\mdcnpal\htdocs\public_html\core\global_include.php on line 615
[2026-07-06 18:28:06] Undefined variable $getId in C:\xampp\Desktop\mdcnpal\htdocs\public_html\core\global_include.php on line 684
[2026-07-06 18:28:06] Undefined variable $getName in C:\xampp\Desktop\mdcnpal\htdocs\public_html\core\global_include.php on line 685
[2026-07-06 18:28:06] Undefined array key 0 in C:\xampp\Desktop\mdcnpal\htdocs\public_html\core\global_include.php on line 810
[2026-07-06 18:28:06] Creation of dynamic property app::$rs_offer_msg is deprecated in C:\xampp\Desktop\mdcnpal\htdocs\public_html\core\app.php on line 434
[2026-07-06 18:28:06] Creation of dynamic property app::$rs_for_doctors is deprecated in C:\xampp\Desktop\mdcnpal\htdocs\public_html\core\app.php on line 434
[2026-07-06 18:28:06] Creation of dynamic property app::$rs_area is deprecated in C:\xampp\Desktop\mdcnpal\htdocs\public_html\core\app.php on line 434
[2026-07-06 18:28:06] Creation of dynamic property app::$areaName is deprecated in C:\xampp\Desktop\mdcnpal\htdocs\public_html\core\app.php on line 434
[2026-07-06 18:28:06] Creation of dynamic property app::$slug is deprecated in C:\xampp\Desktop\mdcnpal\htdocs\public_html\core\app.php on line 434
[2026-07-06 18:28:06] Creation of dynamic property app::$rs_banner is deprecated in C:\xampp\Desktop\mdcnpal\htdocs\public_html\core\app.php on line 434
[2026-07-06 18:28:06] Creation of dynamic property dbclass::$RECORD_SET is deprecated in C:\xampp\Desktop\mdcnpal\htdocs\public_html\core\dbclass.php on line 69
[2026-07-06 18:28:06] Creation of dynamic property dbclass::$app is deprecated in C:\xampp\Desktop\mdcnpal\htdocs\public_html\core\dbclass.php on line 75
[2026-07-06 18:28:06] Creation of dynamic property model::$foreign_tables is deprecated in C:\xampp\Desktop\mdcnpal\htdocs\public_html\core\model.php on line 43
[2026-07-06 18:28:06] Creation of dynamic property app::$inputfilter is deprecated in C:\xampp\Desktop\mdcnpal\htdocs\public_html\core\app.php on line 123
[2026-07-06 18:28:06] Creation of dynamic property app::$userconfig is deprecated in C:\xampp\Desktop\mdcnpal\htdocs\public_html\core\app.php on line 124
[2026-07-06 18:28:06] Creation of dynamic property app::$global_include is deprecated in C:\xampp\Desktop\mdcnpal\htdocs\public_html\core\app.php on line 125
[2026-07-06 18:28:06] Creation of dynamic property app::$set_cache_time is deprecated in C:\xampp\Desktop\mdcnpal\htdocs\public_html\core\app.php on line 153
[2026-07-06 18:28:06] Creation of dynamic property app::$meta is deprecated in C:\xampp\Desktop\mdcnpal\htdocs\public_html\core\app.php on line 434
[2026-07-06 18:28:06] Creation of dynamic property app::$rs_gs_city is deprecated in C:\xampp\Desktop\mdcnpal\htdocs\public_html\core\app.php on line 434
[2026-07-06 18:28:06] Creation of dynamic property app::$rs_footer_popular_item is deprecated in C:\xampp\Desktop\mdcnpal\htdocs\public_html\core\app.php on line 434
[2026-07-06 18:28:06] Creation of dynamic property app::$rs_footer_popular_test is deprecated in C:\xampp\Desktop\mdcnpal\htdocs\public_html\core\app.php on line 434
[2026-07-06 18:28:06] Creation of dynamic property app::$rs_testimonial is deprecated in C:\xampp\Desktop\mdcnpal\htdocs\public_html\core\app.php on line 434
[2026-07-06 18:28:06] Creation of dynamic property app::$admin is deprecated in C:\xampp\Desktop\mdcnpal\htdocs\public_html\core\app.php on line 434
[2026-07-06 18:28:06] Undefined array key 0 in C:\xampp\Desktop\mdcnpal\htdocs\public_html\core\global_include.php on line 514
[2026-07-06 18:28:06] Creation of dynamic property app::$popup is deprecated in C:\xampp\Desktop\mdcnpal\htdocs\public_html\core\app.php on line 434
[2026-07-06 18:28:06] Undefined array key "MDRCCustID" in C:\xampp\Desktop\mdcnpal\htdocs\public_html\core\global_include.php on line 515
[2026-07-06 18:28:06] Undefined array key "MDRCToken" in C:\xampp\Desktop\mdcnpal\htdocs\public_html\core\global_include.php on line 515
[2026-07-06 18:28:06] Creation of dynamic property app::$rscategory is deprecated in C:\xampp\Desktop\mdcnpal\htdocs\public_html\core\app.php on line 434
[2026-07-06 18:28:06] Creation of dynamic property app::$rs_pages is deprecated in C:\xampp\Desktop\mdcnpal\htdocs\public_html\core\app.php on line 434
[2026-07-06 18:28:06] Creation of dynamic property app::$gs is deprecated in C:\xampp\Desktop\mdcnpal\htdocs\public_html\core\app.php on line 434
[2026-07-06 18:28:06] Undefined array key "MDRCCustID" in C:\xampp\Desktop\mdcnpal\htdocs\public_html\core\global_include.php on line 596
[2026-07-06 18:28:06] Undefined array key "MDRCCustID" in C:\xampp\Desktop\mdcnpal\htdocs\public_html\core\global_include.php on line 615
[2026-07-06 18:28:06] Undefined variable $getId in C:\xampp\Desktop\mdcnpal\htdocs\public_html\core\global_include.php on line 684
[2026-07-06 18:28:06] Undefined variable $getName in C:\xampp\Desktop\mdcnpal\htdocs\public_html\core\global_include.php on line 685
[2026-07-06 18:28:06] Undefined array key 0 in C:\xampp\Desktop\mdcnpal\htdocs\public_html\core\global_include.php on line 810
[2026-07-06 18:28:06] Creation of dynamic property app::$rs_offer_msg is deprecated in C:\xampp\Desktop\mdcnpal\htdocs\public_html\core\app.php on line 434
[2026-07-06 18:28:06] Creation of dynamic property app::$rs_for_doctors is deprecated in C:\xampp\Desktop\mdcnpal\htdocs\public_html\core\app.php on line 434
[2026-07-06 18:28:06] Undefined array key "tempCityID" in C:\xampp\Desktop\mdcnpal\htdocs\public_html\includes\header.php on line 5
[2026-07-06 18:28:06] Undefined array key "items" in C:\xampp\Desktop\mdcnpal\htdocs\public_html\includes\header.php on line 16
[2026-07-06 18:28:06] Undefined array key "item_category" in C:\xampp\Desktop\mdcnpal\htdocs\public_html\includes\header.php on line 26
[2026-07-06 18:28:06] Undefined array key "item_diseases" in C:\xampp\Desktop\mdcnpal\htdocs\public_html\includes\header.php on line 33
[2026-07-06 18:28:06] Undefined property: app::$rs_cartmini in C:\xampp\Desktop\mdcnpal\htdocs\public_html\includes\header.php on line 131
[2026-07-06 18:28:06] Undefined array key "MDRCCustID" in C:\xampp\Desktop\mdcnpal\htdocs\public_html\includes\header.php on line 134
[2026-07-06 18:28:06] Undefined property: app::$rs_cartmini in C:\xampp\Desktop\mdcnpal\htdocs\public_html\includes\header.php on line 197
[2026-07-06 18:28:06] Undefined array key "MDRCCustID" in C:\xampp\Desktop\mdcnpal\htdocs\public_html\includes\header.php on line 200
[2026-07-06 18:28:06] Undefined property: app::$rs_cartmini in C:\xampp\Desktop\mdcnpal\htdocs\public_html\includes\header.php on line 469
[2026-07-06 18:28:06] Undefined array key "MDRCCustID" in C:\xampp\Desktop\mdcnpal\htdocs\public_html\includes\header.php on line 472
[2026-07-06 18:28:06] Undefined property: app::$rs_cartmini in C:\xampp\Desktop\mdcnpal\htdocs\public_html\includes\header.php on line 525
[2026-07-06 18:28:06] Undefined array key "MDRCCustID" in C:\xampp\Desktop\mdcnpal\htdocs\public_html\includes\header.php on line 528
[2026-07-06 18:28:06] Undefined property: app::$rs_customer in C:\xampp\Desktop\mdcnpal\htdocs\public_html\includes\header.php on line 712
[2026-07-06 18:28:06] Trying to access array offset on value of type null in C:\xampp\Desktop\mdcnpal\htdocs\public_html\includes\header.php on line 712
[2026-07-06 18:28:06] Undefined property: app::$rs_customer in C:\xampp\Desktop\mdcnpal\htdocs\public_html\includes\header.php on line 721
[2026-07-06 18:28:06] Trying to access array offset on value of type null in C:\xampp\Desktop\mdcnpal\htdocs\public_html\includes\header.php on line 721
[2026-07-06 18:28:06] Undefined property: app::$rs_customer in C:\xampp\Desktop\mdcnpal\htdocs\public_html\includes\header.php on line 730
[2026-07-06 18:28:06] Trying to access array offset on value of type null in C:\xampp\Desktop\mdcnpal\htdocs\public_html\includes\header.php on line 730
[2026-07-06 18:28:06] Undefined property: app::$rs_customer in C:\xampp\Desktop\mdcnpal\htdocs\public_html\includes\header.php on line 739
[2026-07-06 18:28:06] Trying to access array offset on value of type null in C:\xampp\Desktop\mdcnpal\htdocs\public_html\includes\header.php on line 739
[2026-07-06 18:28:06] Undefined property: app::$rs_customer in C:\xampp\Desktop\mdcnpal\htdocs\public_html\includes\footer.php on line 357
[2026-07-06 18:28:06] Trying to access array offset on value of type null in C:\xampp\Desktop\mdcnpal\htdocs\public_html\includes\footer.php on line 357
[2026-07-06 18:28:06] Undefined property: app::$rs_customer in C:\xampp\Desktop\mdcnpal\htdocs\public_html\includes\footer.php on line 366
[2026-07-06 18:28:06] Trying to access array offset on value of type null in C:\xampp\Desktop\mdcnpal\htdocs\public_html\includes\footer.php on line 366
[2026-07-06 18:28:06] Undefined property: app::$rs_customer in C:\xampp\Desktop\mdcnpal\htdocs\public_html\includes\footer.php on line 372
[2026-07-06 18:28:06] Trying to access array offset on value of type null in C:\xampp\Desktop\mdcnpal\htdocs\public_html\includes\footer.php on line 372
[2026-07-06 18:28:06] Undefined property: app::$rs_customer in C:\xampp\Desktop\mdcnpal\htdocs\public_html\includes\general_data.php on line 88
[2026-07-06 18:28:06] Trying to access array offset on value of type null in C:\xampp\Desktop\mdcnpal\htdocs\public_html\includes\general_data.php on line 88
[2026-07-06 18:28:06] Undefined array key "MDRCCustID" in C:\xampp\Desktop\mdcnpal\htdocs\public_html\includes\general_data.php on line 88
[2026-07-06 18:28:06] Undefined variable $tmpStr in C:\xampp\Desktop\mdcnpal\htdocs\public_html\core\app.php on line 969
[2026-07-06 18:28:06] Creation of dynamic property dbclass::$RECORD_SET is deprecated in C:\xampp\Desktop\mdcnpal\htdocs\public_html\core\dbclass.php on line 69
[2026-07-06 18:28:06] Creation of dynamic property dbclass::$app is deprecated in C:\xampp\Desktop\mdcnpal\htdocs\public_html\core\dbclass.php on line 75
[2026-07-06 18:28:06] Creation of dynamic property model::$foreign_tables is deprecated in C:\xampp\Desktop\mdcnpal\htdocs\public_html\core\model.php on line 43
[2026-07-06 18:28:06] Creation of dynamic property app::$inputfilter is deprecated in C:\xampp\Desktop\mdcnpal\htdocs\public_html\core\app.php on line 123
[2026-07-06 18:28:06] Creation of dynamic property app::$userconfig is deprecated in C:\xampp\Desktop\mdcnpal\htdocs\public_html\core\app.php on line 124
[2026-07-06 18:28:06] Creation of dynamic property app::$global_include is deprecated in C:\xampp\Desktop\mdcnpal\htdocs\public_html\core\app.php on line 125
[2026-07-06 18:28:06] Creation of dynamic property app::$set_cache_time is deprecated in C:\xampp\Desktop\mdcnpal\htdocs\public_html\core\app.php on line 153
[2026-07-06 18:28:06] Undefined array key "cityID" in C:\xampp\Desktop\mdcnpal\htdocs\public_html\core\global_include.php on line 381
[2026-07-06 18:28:06] Undefined array key "MDRCCustID" in C:\xampp\Desktop\mdcnpal\htdocs\public_html\core\global_include.php on line 406
[2026-07-06 18:28:06] Creation of dynamic property app::$meta is deprecated in C:\xampp\Desktop\mdcnpal\htdocs\public_html\core\app.php on line 434
[2026-07-06 18:28:06] Creation of dynamic property app::$rs_gs_city is deprecated in C:\xampp\Desktop\mdcnpal\htdocs\public_html\core\app.php on line 434
[2026-07-06 18:28:06] Creation of dynamic property app::$rs_footer_popular_item is deprecated in C:\xampp\Desktop\mdcnpal\htdocs\public_html\core\app.php on line 434
[2026-07-06 18:28:07] Creation of dynamic property app::$rs_footer_popular_test is deprecated in C:\xampp\Desktop\mdcnpal\htdocs\public_html\core\app.php on line 434
[2026-07-06 18:28:07] Creation of dynamic property app::$rs_testimonial is deprecated in C:\xampp\Desktop\mdcnpal\htdocs\public_html\core\app.php on line 434
[2026-07-06 18:28:07] Creation of dynamic property app::$admin is deprecated in C:\xampp\Desktop\mdcnpal\htdocs\public_html\core\app.php on line 434
[2026-07-06 18:28:07] Undefined array key 0 in C:\xampp\Desktop\mdcnpal\htdocs\public_html\core\global_include.php on line 514
[2026-07-06 18:28:07] Creation of dynamic property app::$popup is deprecated in C:\xampp\Desktop\mdcnpal\htdocs\public_html\core\app.php on line 434
[2026-07-06 18:28:07] Undefined array key "MDRCCustID" in C:\xampp\Desktop\mdcnpal\htdocs\public_html\core\global_include.php on line 515
[2026-07-06 18:28:07] Undefined array key "MDRCToken" in C:\xampp\Desktop\mdcnpal\htdocs\public_html\core\global_include.php on line 515
[2026-07-06 18:28:07] Creation of dynamic property app::$rscategory is deprecated in C:\xampp\Desktop\mdcnpal\htdocs\public_html\core\app.php on line 434
[2026-07-06 18:28:07] Creation of dynamic property app::$rs_pages is deprecated in C:\xampp\Desktop\mdcnpal\htdocs\public_html\core\app.php on line 434
[2026-07-06 18:28:07] Creation of dynamic property app::$gs is deprecated in C:\xampp\Desktop\mdcnpal\htdocs\public_html\core\app.php on line 434
[2026-07-06 18:28:07] Undefined array key "MDRCCustID" in C:\xampp\Desktop\mdcnpal\htdocs\public_html\core\global_include.php on line 596
[2026-07-06 18:28:07] Undefined array key "MDRCCustID" in C:\xampp\Desktop\mdcnpal\htdocs\public_html\core\global_include.php on line 615
[2026-07-06 18:28:07] Undefined variable $getId in C:\xampp\Desktop\mdcnpal\htdocs\public_html\core\global_include.php on line 684
[2026-07-06 18:28:07] Undefined variable $getName in C:\xampp\Desktop\mdcnpal\htdocs\public_html\core\global_include.php on line 685
[2026-07-06 18:28:07] Undefined array key 0 in C:\xampp\Desktop\mdcnpal\htdocs\public_html\core\global_include.php on line 810
[2026-07-06 18:28:07] Creation of dynamic property app::$rs_offer_msg is deprecated in C:\xampp\Desktop\mdcnpal\htdocs\public_html\core\app.php on line 434
[2026-07-06 18:28:07] Creation of dynamic property app::$rs_for_doctors is deprecated in C:\xampp\Desktop\mdcnpal\htdocs\public_html\core\app.php on line 434
[2026-07-06 18:28:07] Creation of dynamic property app::$rs_data is deprecated in C:\xampp\Desktop\mdcnpal\htdocs\public_html\core\app.php on line 434
[2026-07-06 18:28:07] Creation of dynamic property app::$rs_certi_data is deprecated in C:\xampp\Desktop\mdcnpal\htdocs\public_html\core\app.php on line 434
[2026-07-06 18:28:07] Creation of dynamic property app::$rs_key_fetures_data is deprecated in C:\xampp\Desktop\mdcnpal\htdocs\public_html\core\app.php on line 434
[2026-07-06 18:28:07] Creation of dynamic property app::$rs_banner is deprecated in C:\xampp\Desktop\mdcnpal\htdocs\public_html\core\app.php on line 434
[2026-07-06 18:28:07] Creation of dynamic property app::$rs_package_data is deprecated in C:\xampp\Desktop\mdcnpal\htdocs\public_html\core\app.php on line 434
[2026-07-06 18:28:07] Creation of dynamic property app::$city_id is deprecated in C:\xampp\Desktop\mdcnpal\htdocs\public_html\core\app.php on line 434
[2026-07-06 18:28:07] Creation of dynamic property app::$city_name is deprecated in C:\xampp\Desktop\mdcnpal\htdocs\public_html\core\app.php on line 434
[2026-07-06 18:28:07] Creation of dynamic property app::$rs_faq_data is deprecated in C:\xampp\Desktop\mdcnpal\htdocs\public_html\core\app.php on line 434
[2026-07-06 18:28:07] Undefined array key "tempCityID" in C:\xampp\Desktop\mdcnpal\htdocs\public_html\includes\header.php on line 5
[2026-07-06 18:28:07] Undefined array key "items" in C:\xampp\Desktop\mdcnpal\htdocs\public_html\includes\header.php on line 16
[2026-07-06 18:28:07] Undefined array key "item_category" in C:\xampp\Desktop\mdcnpal\htdocs\public_html\includes\header.php on line 26
[2026-07-06 18:28:07] Undefined array key "item_diseases" in C:\xampp\Desktop\mdcnpal\htdocs\public_html\includes\header.php on line 33
[2026-07-06 18:28:07] Undefined property: app::$rs_cartmini in C:\xampp\Desktop\mdcnpal\htdocs\public_html\includes\header.php on line 131
[2026-07-06 18:28:07] Undefined array key "MDRCCustID" in C:\xampp\Desktop\mdcnpal\htdocs\public_html\includes\header.php on line 134
[2026-07-06 18:28:07] Undefined property: app::$rs_cartmini in C:\xampp\Desktop\mdcnpal\htdocs\public_html\includes\header.php on line 197
[2026-07-06 18:28:07] Undefined array key "MDRCCustID" in C:\xampp\Desktop\mdcnpal\htdocs\public_html\includes\header.php on line 200
[2026-07-06 18:28:07] Undefined property: app::$rs_cartmini in C:\xampp\Desktop\mdcnpal\htdocs\public_html\includes\header.php on line 469
[2026-07-06 18:28:07] Undefined array key "MDRCCustID" in C:\xampp\Desktop\mdcnpal\htdocs\public_html\includes\header.php on line 472
[2026-07-06 18:28:07] Undefined property: app::$rs_cartmini in C:\xampp\Desktop\mdcnpal\htdocs\public_html\includes\header.php on line 525
[2026-07-06 18:28:07] Undefined array key "MDRCCustID" in C:\xampp\Desktop\mdcnpal\htdocs\public_html\includes\header.php on line 528
[2026-07-06 18:28:07] Undefined property: app::$rs_customer in C:\xampp\Desktop\mdcnpal\htdocs\public_html\includes\header.php on line 712
[2026-07-06 18:28:07] Trying to access array offset on value of type null in C:\xampp\Desktop\mdcnpal\htdocs\public_html\includes\header.php on line 712
[2026-07-06 18:28:07] Undefined property: app::$rs_customer in C:\xampp\Desktop\mdcnpal\htdocs\public_html\includes\header.php on line 721
[2026-07-06 18:28:07] Trying to access array offset on value of type null in C:\xampp\Desktop\mdcnpal\htdocs\public_html\includes\header.php on line 721
[2026-07-06 18:28:07] Undefined property: app::$rs_customer in C:\xampp\Desktop\mdcnpal\htdocs\public_html\includes\header.php on line 730
[2026-07-06 18:28:07] Trying to access array offset on value of type null in C:\xampp\Desktop\mdcnpal\htdocs\public_html\includes\header.php on line 730
[2026-07-06 18:28:07] Undefined property: app::$rs_customer in C:\xampp\Desktop\mdcnpal\htdocs\public_html\includes\header.php on line 739
[2026-07-06 18:28:07] Trying to access array offset on value of type null in C:\xampp\Desktop\mdcnpal\htdocs\public_html\includes\header.php on line 739
[2026-07-06 18:28:07] Undefined variable $mrpP in C:\xampp\Desktop\mdcnpal\htdocs\public_html\core\utility.php on line 7183
[2026-07-06 18:28:07] Undefined variable $disc in C:\xampp\Desktop\mdcnpal\htdocs\public_html\core\utility.php on line 7194
[2026-07-06 18:28:07] Undefined property: app::$rs_customer in C:\xampp\Desktop\mdcnpal\htdocs\public_html\includes\footer.php on line 357
[2026-07-06 18:28:07] Trying to access array offset on value of type null in C:\xampp\Desktop\mdcnpal\htdocs\public_html\includes\footer.php on line 357
[2026-07-06 18:28:07] Undefined property: app::$rs_customer in C:\xampp\Desktop\mdcnpal\htdocs\public_html\includes\footer.php on line 366
[2026-07-06 18:28:07] Trying to access array offset on value of type null in C:\xampp\Desktop\mdcnpal\htdocs\public_html\includes\footer.php on line 366
[2026-07-06 18:28:07] Undefined property: app::$rs_customer in C:\xampp\Desktop\mdcnpal\htdocs\public_html\includes\footer.php on line 372
[2026-07-06 18:28:07] Trying to access array offset on value of type null in C:\xampp\Desktop\mdcnpal\htdocs\public_html\includes\footer.php on line 372
[2026-07-06 18:28:07] Undefined property: app::$rs_customer in C:\xampp\Desktop\mdcnpal\htdocs\public_html\includes\general_data.php on line 88
[2026-07-06 18:28:07] Trying to access array offset on value of type null in C:\xampp\Desktop\mdcnpal\htdocs\public_html\includes\general_data.php on line 88
[2026-07-06 18:28:07] Undefined array key "MDRCCustID" in C:\xampp\Desktop\mdcnpal\htdocs\public_html\includes\general_data.php on line 88
[2026-07-06 18:28:07] Undefined variable $tmpStr in C:\xampp\Desktop\mdcnpal\htdocs\public_html\core\app.php on line 969
[2026-07-06 18:30:32] Creation of dynamic property dbclass::$RECORD_SET is deprecated in C:\xampp\Desktop\mdcnpal\htdocs\public_html\core\dbclass.php on line 69
[2026-07-06 18:30:32] Creation of dynamic property dbclass::$app is deprecated in C:\xampp\Desktop\mdcnpal\htdocs\public_html\core\dbclass.php on line 75
[2026-07-06 18:30:32] Creation of dynamic property model::$foreign_tables is deprecated in C:\xampp\Desktop\mdcnpal\htdocs\public_html\core\model.php on line 43
[2026-07-06 18:30:32] Creation of dynamic property app::$inputfilter is deprecated in C:\xampp\Desktop\mdcnpal\htdocs\public_html\core\app.php on line 123
[2026-07-06 18:30:32] Creation of dynamic property app::$userconfig is deprecated in C:\xampp\Desktop\mdcnpal\htdocs\public_html\core\app.php on line 124
[2026-07-06 18:30:32] Creation of dynamic property app::$global_include is deprecated in C:\xampp\Desktop\mdcnpal\htdocs\public_html\core\app.php on line 125
[2026-07-06 18:30:32] Creation of dynamic property app::$set_cache_time is deprecated in C:\xampp\Desktop\mdcnpal\htdocs\public_html\core\app.php on line 153
[2026-07-06 18:30:32] Creation of dynamic property app::$meta is deprecated in C:\xampp\Desktop\mdcnpal\htdocs\public_html\core\app.php on line 434
[2026-07-06 18:30:32] Creation of dynamic property app::$rs_gs_city is deprecated in C:\xampp\Desktop\mdcnpal\htdocs\public_html\core\app.php on line 434
[2026-07-06 18:30:32] Creation of dynamic property app::$rs_footer_popular_item is deprecated in C:\xampp\Desktop\mdcnpal\htdocs\public_html\core\app.php on line 434
[2026-07-06 18:30:33] Creation of dynamic property app::$rs_footer_popular_test is deprecated in C:\xampp\Desktop\mdcnpal\htdocs\public_html\core\app.php on line 434
[2026-07-06 18:30:33] Creation of dynamic property app::$rs_testimonial is deprecated in C:\xampp\Desktop\mdcnpal\htdocs\public_html\core\app.php on line 434
[2026-07-06 18:30:33] Creation of dynamic property app::$admin is deprecated in C:\xampp\Desktop\mdcnpal\htdocs\public_html\core\app.php on line 434
[2026-07-06 18:30:33] Undefined array key 0 in C:\xampp\Desktop\mdcnpal\htdocs\public_html\core\global_include.php on line 514
[2026-07-06 18:30:33] Creation of dynamic property app::$popup is deprecated in C:\xampp\Desktop\mdcnpal\htdocs\public_html\core\app.php on line 434
[2026-07-06 18:30:33] Undefined array key "MDRCCustID" in C:\xampp\Desktop\mdcnpal\htdocs\public_html\core\global_include.php on line 515
[2026-07-06 18:30:33] Undefined array key "MDRCToken" in C:\xampp\Desktop\mdcnpal\htdocs\public_html\core\global_include.php on line 515
[2026-07-06 18:30:33] Creation of dynamic property app::$rscategory is deprecated in C:\xampp\Desktop\mdcnpal\htdocs\public_html\core\app.php on line 434
[2026-07-06 18:30:33] Creation of dynamic property app::$rs_pages is deprecated in C:\xampp\Desktop\mdcnpal\htdocs\public_html\core\app.php on line 434
[2026-07-06 18:30:33] Creation of dynamic property app::$gs is deprecated in C:\xampp\Desktop\mdcnpal\htdocs\public_html\core\app.php on line 434
[2026-07-06 18:30:33] Undefined array key "MDRCCustID" in C:\xampp\Desktop\mdcnpal\htdocs\public_html\core\global_include.php on line 596
[2026-07-06 18:30:33] Undefined array key "MDRCCustID" in C:\xampp\Desktop\mdcnpal\htdocs\public_html\core\global_include.php on line 615
[2026-07-06 18:30:33] Undefined variable $getId in C:\xampp\Desktop\mdcnpal\htdocs\public_html\core\global_include.php on line 684
[2026-07-06 18:30:33] Undefined variable $getName in C:\xampp\Desktop\mdcnpal\htdocs\public_html\core\global_include.php on line 685
[2026-07-06 18:30:33] Undefined array key 0 in C:\xampp\Desktop\mdcnpal\htdocs\public_html\core\global_include.php on line 810
[2026-07-06 18:30:33] Creation of dynamic property app::$rs_offer_msg is deprecated in C:\xampp\Desktop\mdcnpal\htdocs\public_html\core\app.php on line 434
[2026-07-06 18:30:33] Creation of dynamic property app::$rs_for_doctors is deprecated in C:\xampp\Desktop\mdcnpal\htdocs\public_html\core\app.php on line 434
[2026-07-06 18:30:33] Creation of dynamic property app::$description is deprecated in C:\xampp\Desktop\mdcnpal\htdocs\public_html\core\app.php on line 434
[2026-07-06 18:30:33] Creation of dynamic property app::$rs_banner is deprecated in C:\xampp\Desktop\mdcnpal\htdocs\public_html\core\app.php on line 434
[2026-07-06 18:30:33] Creation of dynamic property app::$rs_item_diseases is deprecated in C:\xampp\Desktop\mdcnpal\htdocs\public_html\core\app.php on line 434
[2026-07-06 18:30:33] Creation of dynamic property app::$rs_item_home_category is deprecated in C:\xampp\Desktop\mdcnpal\htdocs\public_html\core\app.php on line 434
[2026-07-06 18:30:33] Creation of dynamic property app::$rs_item_banner_category is deprecated in C:\xampp\Desktop\mdcnpal\htdocs\public_html\core\app.php on line 434
[2026-07-06 18:30:33] Creation of dynamic property app::$rs_services is deprecated in C:\xampp\Desktop\mdcnpal\htdocs\public_html\core\app.php on line 434
[2026-07-06 18:30:33] Creation of dynamic property app::$rs_blog is deprecated in C:\xampp\Desktop\mdcnpal\htdocs\public_html\core\app.php on line 434
[2026-07-06 18:30:33] Creation of dynamic property app::$rs_category is deprecated in C:\xampp\Desktop\mdcnpal\htdocs\public_html\core\app.php on line 434
[2026-07-06 18:30:33] Creation of dynamic property app::$rs_faq_data is deprecated in C:\xampp\Desktop\mdcnpal\htdocs\public_html\core\app.php on line 434
[2026-07-06 18:30:33] Creation of dynamic property app::$rs_gallery_data is deprecated in C:\xampp\Desktop\mdcnpal\htdocs\public_html\core\app.php on line 434
[2026-07-06 18:30:33] Undefined property: app::$rs_cartmini in C:\xampp\Desktop\mdcnpal\htdocs\public_html\includes\header.php on line 131
[2026-07-06 18:30:33] Undefined array key "MDRCCustID" in C:\xampp\Desktop\mdcnpal\htdocs\public_html\includes\header.php on line 134
[2026-07-06 18:30:33] Undefined property: app::$rs_cartmini in C:\xampp\Desktop\mdcnpal\htdocs\public_html\includes\header.php on line 197
[2026-07-06 18:30:33] Undefined array key "MDRCCustID" in C:\xampp\Desktop\mdcnpal\htdocs\public_html\includes\header.php on line 200
[2026-07-06 18:30:33] Undefined property: app::$rs_cartmini in C:\xampp\Desktop\mdcnpal\htdocs\public_html\includes\header.php on line 469
[2026-07-06 18:30:33] Undefined array key "MDRCCustID" in C:\xampp\Desktop\mdcnpal\htdocs\public_html\includes\header.php on line 472
[2026-07-06 18:30:33] Undefined property: app::$rs_cartmini in C:\xampp\Desktop\mdcnpal\htdocs\public_html\includes\header.php on line 525
[2026-07-06 18:30:33] Undefined array key "MDRCCustID" in C:\xampp\Desktop\mdcnpal\htdocs\public_html\includes\header.php on line 528
[2026-07-06 18:30:33] Undefined property: app::$rs_customer in C:\xampp\Desktop\mdcnpal\htdocs\public_html\includes\header.php on line 712
[2026-07-06 18:30:33] Trying to access array offset on value of type null in C:\xampp\Desktop\mdcnpal\htdocs\public_html\includes\header.php on line 712
[2026-07-06 18:30:33] Undefined property: app::$rs_customer in C:\xampp\Desktop\mdcnpal\htdocs\public_html\includes\header.php on line 721
[2026-07-06 18:30:33] Trying to access array offset on value of type null in C:\xampp\Desktop\mdcnpal\htdocs\public_html\includes\header.php on line 721
[2026-07-06 18:30:33] Undefined property: app::$rs_customer in C:\xampp\Desktop\mdcnpal\htdocs\public_html\includes\header.php on line 730
[2026-07-06 18:30:33] Trying to access array offset on value of type null in C:\xampp\Desktop\mdcnpal\htdocs\public_html\includes\header.php on line 730
[2026-07-06 18:30:33] Undefined property: app::$rs_customer in C:\xampp\Desktop\mdcnpal\htdocs\public_html\includes\header.php on line 739
[2026-07-06 18:30:33] Trying to access array offset on value of type null in C:\xampp\Desktop\mdcnpal\htdocs\public_html\includes\header.php on line 739
[2026-07-06 18:30:33] Undefined property: app::$rs_customer in C:\xampp\Desktop\mdcnpal\htdocs\public_html\includes\footer.php on line 357
[2026-07-06 18:30:33] Trying to access array offset on value of type null in C:\xampp\Desktop\mdcnpal\htdocs\public_html\includes\footer.php on line 357
[2026-07-06 18:30:33] Undefined property: app::$rs_customer in C:\xampp\Desktop\mdcnpal\htdocs\public_html\includes\footer.php on line 366
[2026-07-06 18:30:33] Trying to access array offset on value of type null in C:\xampp\Desktop\mdcnpal\htdocs\public_html\includes\footer.php on line 366
[2026-07-06 18:30:33] Undefined property: app::$rs_customer in C:\xampp\Desktop\mdcnpal\htdocs\public_html\includes\footer.php on line 372
[2026-07-06 18:30:33] Trying to access array offset on value of type null in C:\xampp\Desktop\mdcnpal\htdocs\public_html\includes\footer.php on line 372
[2026-07-06 18:30:33] Undefined property: app::$rs_customer in C:\xampp\Desktop\mdcnpal\htdocs\public_html\includes\general_data.php on line 88
[2026-07-06 18:30:33] Trying to access array offset on value of type null in C:\xampp\Desktop\mdcnpal\htdocs\public_html\includes\general_data.php on line 88
[2026-07-06 18:30:33] Undefined array key "MDRCCustID" in C:\xampp\Desktop\mdcnpal\htdocs\public_html\includes\general_data.php on line 88
[2026-07-06 18:30:33] Undefined variable $tmpStr in C:\xampp\Desktop\mdcnpal\htdocs\public_html\core\app.php on line 969
[2026-07-06 18:30:49] Creation of dynamic property dbclass::$RECORD_SET is deprecated in C:\xampp\Desktop\mdcnpal\htdocs\public_html\core\dbclass.php on line 69
[2026-07-06 18:30:49] Creation of dynamic property dbclass::$app is deprecated in C:\xampp\Desktop\mdcnpal\htdocs\public_html\core\dbclass.php on line 75
[2026-07-06 18:30:49] Creation of dynamic property model::$foreign_tables is deprecated in C:\xampp\Desktop\mdcnpal\htdocs\public_html\core\model.php on line 43
[2026-07-06 18:30:49] Creation of dynamic property app::$inputfilter is deprecated in C:\xampp\Desktop\mdcnpal\htdocs\public_html\core\app.php on line 123
[2026-07-06 18:30:49] Creation of dynamic property app::$userconfig is deprecated in C:\xampp\Desktop\mdcnpal\htdocs\public_html\core\app.php on line 124
[2026-07-06 18:30:49] Creation of dynamic property app::$global_include is deprecated in C:\xampp\Desktop\mdcnpal\htdocs\public_html\core\app.php on line 125
[2026-07-06 18:30:49] Creation of dynamic property app::$set_cache_time is deprecated in C:\xampp\Desktop\mdcnpal\htdocs\public_html\core\app.php on line 153
[2026-07-06 18:30:49] Creation of dynamic property app::$meta is deprecated in C:\xampp\Desktop\mdcnpal\htdocs\public_html\core\app.php on line 434
[2026-07-06 18:30:49] Creation of dynamic property app::$rs_gs_city is deprecated in C:\xampp\Desktop\mdcnpal\htdocs\public_html\core\app.php on line 434
[2026-07-06 18:30:49] Creation of dynamic property app::$rs_footer_popular_item is deprecated in C:\xampp\Desktop\mdcnpal\htdocs\public_html\core\app.php on line 434
[2026-07-06 18:30:49] Creation of dynamic property app::$rs_footer_popular_test is deprecated in C:\xampp\Desktop\mdcnpal\htdocs\public_html\core\app.php on line 434
[2026-07-06 18:30:49] Creation of dynamic property app::$rs_testimonial is deprecated in C:\xampp\Desktop\mdcnpal\htdocs\public_html\core\app.php on line 434
[2026-07-06 18:30:49] Creation of dynamic property app::$admin is deprecated in C:\xampp\Desktop\mdcnpal\htdocs\public_html\core\app.php on line 434
[2026-07-06 18:30:49] Undefined array key 0 in C:\xampp\Desktop\mdcnpal\htdocs\public_html\core\global_include.php on line 514
[2026-07-06 18:30:49] Creation of dynamic property app::$popup is deprecated in C:\xampp\Desktop\mdcnpal\htdocs\public_html\core\app.php on line 434
[2026-07-06 18:30:49] Undefined array key "MDRCCustID" in C:\xampp\Desktop\mdcnpal\htdocs\public_html\core\global_include.php on line 515
[2026-07-06 18:30:49] Undefined array key "MDRCToken" in C:\xampp\Desktop\mdcnpal\htdocs\public_html\core\global_include.php on line 515
[2026-07-06 18:30:49] Creation of dynamic property app::$rscategory is deprecated in C:\xampp\Desktop\mdcnpal\htdocs\public_html\core\app.php on line 434
[2026-07-06 18:30:49] Creation of dynamic property app::$rs_pages is deprecated in C:\xampp\Desktop\mdcnpal\htdocs\public_html\core\app.php on line 434
[2026-07-06 18:30:49] Creation of dynamic property app::$gs is deprecated in C:\xampp\Desktop\mdcnpal\htdocs\public_html\core\app.php on line 434
[2026-07-06 18:30:49] Undefined array key "MDRCCustID" in C:\xampp\Desktop\mdcnpal\htdocs\public_html\core\global_include.php on line 596
[2026-07-06 18:30:49] Undefined array key "MDRCCustID" in C:\xampp\Desktop\mdcnpal\htdocs\public_html\core\global_include.php on line 615
[2026-07-06 18:30:49] Undefined variable $getId in C:\xampp\Desktop\mdcnpal\htdocs\public_html\core\global_include.php on line 684
[2026-07-06 18:30:49] Undefined variable $getName in C:\xampp\Desktop\mdcnpal\htdocs\public_html\core\global_include.php on line 685
[2026-07-06 18:30:49] Undefined array key 0 in C:\xampp\Desktop\mdcnpal\htdocs\public_html\core\global_include.php on line 810
[2026-07-06 18:30:49] Creation of dynamic property app::$rs_offer_msg is deprecated in C:\xampp\Desktop\mdcnpal\htdocs\public_html\core\app.php on line 434
[2026-07-06 18:30:49] Creation of dynamic property app::$rs_for_doctors is deprecated in C:\xampp\Desktop\mdcnpal\htdocs\public_html\core\app.php on line 434
[2026-07-06 18:30:49] Creation of dynamic property app::$description is deprecated in C:\xampp\Desktop\mdcnpal\htdocs\public_html\core\app.php on line 434
[2026-07-06 18:30:49] Creation of dynamic property app::$rs_banner is deprecated in C:\xampp\Desktop\mdcnpal\htdocs\public_html\core\app.php on line 434
[2026-07-06 18:30:49] Creation of dynamic property app::$rs_item_diseases is deprecated in C:\xampp\Desktop\mdcnpal\htdocs\public_html\core\app.php on line 434
[2026-07-06 18:30:49] Creation of dynamic property app::$rs_item_home_category is deprecated in C:\xampp\Desktop\mdcnpal\htdocs\public_html\core\app.php on line 434
[2026-07-06 18:30:49] Creation of dynamic property app::$rs_item_banner_category is deprecated in C:\xampp\Desktop\mdcnpal\htdocs\public_html\core\app.php on line 434
[2026-07-06 18:30:49] Creation of dynamic property app::$rs_services is deprecated in C:\xampp\Desktop\mdcnpal\htdocs\public_html\core\app.php on line 434
[2026-07-06 18:30:49] Creation of dynamic property app::$rs_blog is deprecated in C:\xampp\Desktop\mdcnpal\htdocs\public_html\core\app.php on line 434
[2026-07-06 18:30:49] Creation of dynamic property app::$rs_category is deprecated in C:\xampp\Desktop\mdcnpal\htdocs\public_html\core\app.php on line 434
[2026-07-06 18:30:49] Creation of dynamic property app::$rs_faq_data is deprecated in C:\xampp\Desktop\mdcnpal\htdocs\public_html\core\app.php on line 434
[2026-07-06 18:30:49] Creation of dynamic property app::$rs_gallery_data is deprecated in C:\xampp\Desktop\mdcnpal\htdocs\public_html\core\app.php on line 434
[2026-07-06 18:30:49] Undefined property: app::$rs_cartmini in C:\xampp\Desktop\mdcnpal\htdocs\public_html\includes\header.php on line 131
[2026-07-06 18:30:49] Undefined array key "MDRCCustID" in C:\xampp\Desktop\mdcnpal\htdocs\public_html\includes\header.php on line 134
[2026-07-06 18:30:49] Undefined property: app::$rs_cartmini in C:\xampp\Desktop\mdcnpal\htdocs\public_html\includes\header.php on line 197
[2026-07-06 18:30:49] Undefined array key "MDRCCustID" in C:\xampp\Desktop\mdcnpal\htdocs\public_html\includes\header.php on line 200
[2026-07-06 18:30:49] Undefined property: app::$rs_cartmini in C:\xampp\Desktop\mdcnpal\htdocs\public_html\includes\header.php on line 469
[2026-07-06 18:30:49] Undefined array key "MDRCCustID" in C:\xampp\Desktop\mdcnpal\htdocs\public_html\includes\header.php on line 472
[2026-07-06 18:30:49] Undefined property: app::$rs_cartmini in C:\xampp\Desktop\mdcnpal\htdocs\public_html\includes\header.php on line 525
[2026-07-06 18:30:49] Undefined array key "MDRCCustID" in C:\xampp\Desktop\mdcnpal\htdocs\public_html\includes\header.php on line 528
[2026-07-06 18:30:49] Undefined property: app::$rs_customer in C:\xampp\Desktop\mdcnpal\htdocs\public_html\includes\header.php on line 712
[2026-07-06 18:30:49] Trying to access array offset on value of type null in C:\xampp\Desktop\mdcnpal\htdocs\public_html\includes\header.php on line 712
[2026-07-06 18:30:49] Undefined property: app::$rs_customer in C:\xampp\Desktop\mdcnpal\htdocs\public_html\includes\header.php on line 721
[2026-07-06 18:30:49] Trying to access array offset on value of type null in C:\xampp\Desktop\mdcnpal\htdocs\public_html\includes\header.php on line 721
[2026-07-06 18:30:49] Undefined property: app::$rs_customer in C:\xampp\Desktop\mdcnpal\htdocs\public_html\includes\header.php on line 730
[2026-07-06 18:30:49] Trying to access array offset on value of type null in C:\xampp\Desktop\mdcnpal\htdocs\public_html\includes\header.php on line 730
[2026-07-06 18:30:49] Undefined property: app::$rs_customer in C:\xampp\Desktop\mdcnpal\htdocs\public_html\includes\header.php on line 739
[2026-07-06 18:30:49] Trying to access array offset on value of type null in C:\xampp\Desktop\mdcnpal\htdocs\public_html\includes\header.php on line 739
[2026-07-06 18:30:49] Undefined property: app::$rs_customer in C:\xampp\Desktop\mdcnpal\htdocs\public_html\includes\footer.php on line 357
[2026-07-06 18:30:49] Trying to access array offset on value of type null in C:\xampp\Desktop\mdcnpal\htdocs\public_html\includes\footer.php on line 357
[2026-07-06 18:30:49] Undefined property: app::$rs_customer in C:\xampp\Desktop\mdcnpal\htdocs\public_html\includes\footer.php on line 366
[2026-07-06 18:30:49] Trying to access array offset on value of type null in C:\xampp\Desktop\mdcnpal\htdocs\public_html\includes\footer.php on line 366
[2026-07-06 18:30:49] Undefined property: app::$rs_customer in C:\xampp\Desktop\mdcnpal\htdocs\public_html\includes\footer.php on line 372
[2026-07-06 18:30:49] Trying to access array offset on value of type null in C:\xampp\Desktop\mdcnpal\htdocs\public_html\includes\footer.php on line 372
[2026-07-06 18:30:49] Undefined property: app::$rs_customer in C:\xampp\Desktop\mdcnpal\htdocs\public_html\includes\general_data.php on line 88
[2026-07-06 18:30:49] Trying to access array offset on value of type null in C:\xampp\Desktop\mdcnpal\htdocs\public_html\includes\general_data.php on line 88
[2026-07-06 18:30:49] Undefined array key "MDRCCustID" in C:\xampp\Desktop\mdcnpal\htdocs\public_html\includes\general_data.php on line 88
[2026-07-06 18:30:49] Undefined variable $tmpStr in C:\xampp\Desktop\mdcnpal\htdocs\public_html\core\app.php on line 969
[2026-07-06 18:30:52] Creation of dynamic property dbclass::$RECORD_SET is deprecated in C:\xampp\Desktop\mdcnpal\htdocs\public_html\core\dbclass.php on line 69
[2026-07-06 18:30:52] Creation of dynamic property dbclass::$app is deprecated in C:\xampp\Desktop\mdcnpal\htdocs\public_html\core\dbclass.php on line 75
[2026-07-06 18:30:52] Creation of dynamic property model::$foreign_tables is deprecated in C:\xampp\Desktop\mdcnpal\htdocs\public_html\core\model.php on line 43
[2026-07-06 18:30:52] Creation of dynamic property app::$inputfilter is deprecated in C:\xampp\Desktop\mdcnpal\htdocs\public_html\core\app.php on line 123
[2026-07-06 18:30:52] Creation of dynamic property app::$userconfig is deprecated in C:\xampp\Desktop\mdcnpal\htdocs\public_html\core\app.php on line 124
[2026-07-06 18:30:52] Creation of dynamic property app::$global_include is deprecated in C:\xampp\Desktop\mdcnpal\htdocs\public_html\core\app.php on line 125
[2026-07-06 18:30:52] Creation of dynamic property app::$set_cache_time is deprecated in C:\xampp\Desktop\mdcnpal\htdocs\public_html\core\app.php on line 153
[2026-07-06 18:30:52] Undefined variable $RESULT in C:\xampp\Desktop\mdcnpal\htdocs\public_html\scripts\ajax\selectCityUsingGoogleMapApi.php on line 69
[2026-07-06 18:30:52] Undefined variable $URL in C:\xampp\Desktop\mdcnpal\htdocs\public_html\scripts\ajax\selectCityUsingGoogleMapApi.php on line 73
[2026-07-06 18:31:13] Creation of dynamic property dbclass::$RECORD_SET is deprecated in C:\xampp\Desktop\mdcnpal\htdocs\public_html\core\dbclass.php on line 69
[2026-07-06 18:31:13] Creation of dynamic property dbclass::$app is deprecated in C:\xampp\Desktop\mdcnpal\htdocs\public_html\core\dbclass.php on line 75
[2026-07-06 18:31:13] Creation of dynamic property model::$foreign_tables is deprecated in C:\xampp\Desktop\mdcnpal\htdocs\public_html\core\model.php on line 43
[2026-07-06 18:31:13] Creation of dynamic property app::$inputfilter is deprecated in C:\xampp\Desktop\mdcnpal\htdocs\public_html\core\app.php on line 123
[2026-07-06 18:31:13] Creation of dynamic property app::$userconfig is deprecated in C:\xampp\Desktop\mdcnpal\htdocs\public_html\core\app.php on line 124
[2026-07-06 18:31:13] Creation of dynamic property app::$global_include is deprecated in C:\xampp\Desktop\mdcnpal\htdocs\public_html\core\app.php on line 125
[2026-07-06 18:31:13] Creation of dynamic property app::$set_cache_time is deprecated in C:\xampp\Desktop\mdcnpal\htdocs\public_html\core\app.php on line 153
[2026-07-06 18:31:13] Undefined variable $RESULT in C:\xampp\Desktop\mdcnpal\htdocs\public_html\scripts\ajax\selectCityUsingGoogleMapApi.php on line 69
[2026-07-06 18:31:13] Undefined variable $URL in C:\xampp\Desktop\mdcnpal\htdocs\public_html\scripts\ajax\selectCityUsingGoogleMapApi.php on line 73
[2026-07-06 18:31:27] Creation of dynamic property dbclass::$RECORD_SET is deprecated in C:\xampp\Desktop\mdcnpal\htdocs\public_html\core\dbclass.php on line 69
[2026-07-06 18:31:27] Creation of dynamic property dbclass::$app is deprecated in C:\xampp\Desktop\mdcnpal\htdocs\public_html\core\dbclass.php on line 75
[2026-07-06 18:31:27] Creation of dynamic property model::$foreign_tables is deprecated in C:\xampp\Desktop\mdcnpal\htdocs\public_html\core\model.php on line 43
[2026-07-06 18:31:27] Creation of dynamic property app::$inputfilter is deprecated in C:\xampp\Desktop\mdcnpal\htdocs\public_html\core\app.php on line 123
[2026-07-06 18:31:27] Creation of dynamic property app::$userconfig is deprecated in C:\xampp\Desktop\mdcnpal\htdocs\public_html\core\app.php on line 124
[2026-07-06 18:31:27] Creation of dynamic property app::$global_include is deprecated in C:\xampp\Desktop\mdcnpal\htdocs\public_html\core\app.php on line 125
[2026-07-06 18:31:27] Creation of dynamic property app::$set_cache_time is deprecated in C:\xampp\Desktop\mdcnpal\htdocs\public_html\core\app.php on line 153
[2026-07-06 18:31:27] Creation of dynamic property app::$meta is deprecated in C:\xampp\Desktop\mdcnpal\htdocs\public_html\core\app.php on line 434
[2026-07-06 18:31:27] Creation of dynamic property app::$rs_gs_city is deprecated in C:\xampp\Desktop\mdcnpal\htdocs\public_html\core\app.php on line 434
[2026-07-06 18:31:27] Creation of dynamic property app::$rs_footer_popular_item is deprecated in C:\xampp\Desktop\mdcnpal\htdocs\public_html\core\app.php on line 434
[2026-07-06 18:31:27] Creation of dynamic property app::$rs_footer_popular_test is deprecated in C:\xampp\Desktop\mdcnpal\htdocs\public_html\core\app.php on line 434
[2026-07-06 18:31:27] Creation of dynamic property app::$rs_testimonial is deprecated in C:\xampp\Desktop\mdcnpal\htdocs\public_html\core\app.php on line 434
[2026-07-06 18:31:27] Creation of dynamic property app::$admin is deprecated in C:\xampp\Desktop\mdcnpal\htdocs\public_html\core\app.php on line 434
[2026-07-06 18:31:27] Undefined array key 0 in C:\xampp\Desktop\mdcnpal\htdocs\public_html\core\global_include.php on line 514
[2026-07-06 18:31:27] Creation of dynamic property app::$popup is deprecated in C:\xampp\Desktop\mdcnpal\htdocs\public_html\core\app.php on line 434
[2026-07-06 18:31:27] Undefined array key "MDRCCustID" in C:\xampp\Desktop\mdcnpal\htdocs\public_html\core\global_include.php on line 515
[2026-07-06 18:31:27] Undefined array key "MDRCToken" in C:\xampp\Desktop\mdcnpal\htdocs\public_html\core\global_include.php on line 515
[2026-07-06 18:31:27] Creation of dynamic property app::$rscategory is deprecated in C:\xampp\Desktop\mdcnpal\htdocs\public_html\core\app.php on line 434
[2026-07-06 18:31:27] Creation of dynamic property app::$rs_pages is deprecated in C:\xampp\Desktop\mdcnpal\htdocs\public_html\core\app.php on line 434
[2026-07-06 18:31:27] Creation of dynamic property app::$gs is deprecated in C:\xampp\Desktop\mdcnpal\htdocs\public_html\core\app.php on line 434
[2026-07-06 18:31:27] Undefined array key "MDRCCustID" in C:\xampp\Desktop\mdcnpal\htdocs\public_html\core\global_include.php on line 596
[2026-07-06 18:31:27] Undefined array key "MDRCCustID" in C:\xampp\Desktop\mdcnpal\htdocs\public_html\core\global_include.php on line 615
[2026-07-06 18:31:27] Undefined variable $getId in C:\xampp\Desktop\mdcnpal\htdocs\public_html\core\global_include.php on line 684
[2026-07-06 18:31:27] Undefined variable $getName in C:\xampp\Desktop\mdcnpal\htdocs\public_html\core\global_include.php on line 685
[2026-07-06 18:31:27] Undefined array key 0 in C:\xampp\Desktop\mdcnpal\htdocs\public_html\core\global_include.php on line 810
[2026-07-06 18:31:27] Creation of dynamic property app::$rs_offer_msg is deprecated in C:\xampp\Desktop\mdcnpal\htdocs\public_html\core\app.php on line 434
[2026-07-06 18:31:27] Creation of dynamic property app::$rs_for_doctors is deprecated in C:\xampp\Desktop\mdcnpal\htdocs\public_html\core\app.php on line 434
[2026-07-06 18:31:27] Creation of dynamic property app::$description is deprecated in C:\xampp\Desktop\mdcnpal\htdocs\public_html\core\app.php on line 434
[2026-07-06 18:31:27] Creation of dynamic property app::$rs_banner is deprecated in C:\xampp\Desktop\mdcnpal\htdocs\public_html\core\app.php on line 434
[2026-07-06 18:31:27] Creation of dynamic property app::$rs_item_diseases is deprecated in C:\xampp\Desktop\mdcnpal\htdocs\public_html\core\app.php on line 434
[2026-07-06 18:31:27] Creation of dynamic property app::$rs_item_home_category is deprecated in C:\xampp\Desktop\mdcnpal\htdocs\public_html\core\app.php on line 434
[2026-07-06 18:31:27] Creation of dynamic property app::$rs_item_banner_category is deprecated in C:\xampp\Desktop\mdcnpal\htdocs\public_html\core\app.php on line 434
[2026-07-06 18:31:27] Creation of dynamic property app::$rs_services is deprecated in C:\xampp\Desktop\mdcnpal\htdocs\public_html\core\app.php on line 434
[2026-07-06 18:31:27] Creation of dynamic property app::$rs_blog is deprecated in C:\xampp\Desktop\mdcnpal\htdocs\public_html\core\app.php on line 434
[2026-07-06 18:31:27] Creation of dynamic property app::$rs_category is deprecated in C:\xampp\Desktop\mdcnpal\htdocs\public_html\core\app.php on line 434
[2026-07-06 18:31:27] Creation of dynamic property app::$rs_faq_data is deprecated in C:\xampp\Desktop\mdcnpal\htdocs\public_html\core\app.php on line 434
[2026-07-06 18:31:27] Creation of dynamic property app::$rs_gallery_data is deprecated in C:\xampp\Desktop\mdcnpal\htdocs\public_html\core\app.php on line 434
[2026-07-06 18:31:27] Undefined property: app::$rs_cartmini in C:\xampp\Desktop\mdcnpal\htdocs\public_html\includes\header.php on line 131
[2026-07-06 18:31:27] Undefined array key "MDRCCustID" in C:\xampp\Desktop\mdcnpal\htdocs\public_html\includes\header.php on line 134
[2026-07-06 18:31:27] Undefined property: app::$rs_cartmini in C:\xampp\Desktop\mdcnpal\htdocs\public_html\includes\header.php on line 197
[2026-07-06 18:31:27] Undefined array key "MDRCCustID" in C:\xampp\Desktop\mdcnpal\htdocs\public_html\includes\header.php on line 200
[2026-07-06 18:31:27] Undefined property: app::$rs_cartmini in C:\xampp\Desktop\mdcnpal\htdocs\public_html\includes\header.php on line 469
[2026-07-06 18:31:27] Undefined array key "MDRCCustID" in C:\xampp\Desktop\mdcnpal\htdocs\public_html\includes\header.php on line 472
[2026-07-06 18:31:27] Undefined property: app::$rs_cartmini in C:\xampp\Desktop\mdcnpal\htdocs\public_html\includes\header.php on line 525
[2026-07-06 18:31:27] Undefined array key "MDRCCustID" in C:\xampp\Desktop\mdcnpal\htdocs\public_html\includes\header.php on line 528
[2026-07-06 18:31:27] Undefined property: app::$rs_customer in C:\xampp\Desktop\mdcnpal\htdocs\public_html\includes\header.php on line 712
[2026-07-06 18:31:27] Trying to access array offset on value of type null in C:\xampp\Desktop\mdcnpal\htdocs\public_html\includes\header.php on line 712
[2026-07-06 18:31:27] Undefined property: app::$rs_customer in C:\xampp\Desktop\mdcnpal\htdocs\public_html\includes\header.php on line 721
[2026-07-06 18:31:27] Trying to access array offset on value of type null in C:\xampp\Desktop\mdcnpal\htdocs\public_html\includes\header.php on line 721
[2026-07-06 18:31:27] Undefined property: app::$rs_customer in C:\xampp\Desktop\mdcnpal\htdocs\public_html\includes\header.php on line 730
[2026-07-06 18:31:27] Trying to access array offset on value of type null in C:\xampp\Desktop\mdcnpal\htdocs\public_html\includes\header.php on line 730
[2026-07-06 18:31:27] Undefined property: app::$rs_customer in C:\xampp\Desktop\mdcnpal\htdocs\public_html\includes\header.php on line 739
[2026-07-06 18:31:27] Trying to access array offset on value of type null in C:\xampp\Desktop\mdcnpal\htdocs\public_html\includes\header.php on line 739
[2026-07-06 18:31:28] Undefined property: app::$rs_customer in C:\xampp\Desktop\mdcnpal\htdocs\public_html\includes\footer.php on line 357
[2026-07-06 18:31:28] Trying to access array offset on value of type null in C:\xampp\Desktop\mdcnpal\htdocs\public_html\includes\footer.php on line 357
[2026-07-06 18:31:28] Undefined property: app::$rs_customer in C:\xampp\Desktop\mdcnpal\htdocs\public_html\includes\footer.php on line 366
[2026-07-06 18:31:28] Trying to access array offset on value of type null in C:\xampp\Desktop\mdcnpal\htdocs\public_html\includes\footer.php on line 366
[2026-07-06 18:31:28] Undefined property: app::$rs_customer in C:\xampp\Desktop\mdcnpal\htdocs\public_html\includes\footer.php on line 372
[2026-07-06 18:31:28] Trying to access array offset on value of type null in C:\xampp\Desktop\mdcnpal\htdocs\public_html\includes\footer.php on line 372
[2026-07-06 18:31:28] Undefined property: app::$rs_customer in C:\xampp\Desktop\mdcnpal\htdocs\public_html\includes\general_data.php on line 88
[2026-07-06 18:31:28] Trying to access array offset on value of type null in C:\xampp\Desktop\mdcnpal\htdocs\public_html\includes\general_data.php on line 88
[2026-07-06 18:31:28] Undefined array key "MDRCCustID" in C:\xampp\Desktop\mdcnpal\htdocs\public_html\includes\general_data.php on line 88
[2026-07-06 18:31:28] Undefined variable $tmpStr in C:\xampp\Desktop\mdcnpal\htdocs\public_html\core\app.php on line 969
[2026-07-06 18:31:31] Creation of dynamic property dbclass::$RECORD_SET is deprecated in C:\xampp\Desktop\mdcnpal\htdocs\public_html\core\dbclass.php on line 69
[2026-07-06 18:31:31] Creation of dynamic property dbclass::$app is deprecated in C:\xampp\Desktop\mdcnpal\htdocs\public_html\core\dbclass.php on line 75
[2026-07-06 18:31:31] Creation of dynamic property model::$foreign_tables is deprecated in C:\xampp\Desktop\mdcnpal\htdocs\public_html\core\model.php on line 43
[2026-07-06 18:31:31] Creation of dynamic property app::$inputfilter is deprecated in C:\xampp\Desktop\mdcnpal\htdocs\public_html\core\app.php on line 123
[2026-07-06 18:31:31] Creation of dynamic property app::$userconfig is deprecated in C:\xampp\Desktop\mdcnpal\htdocs\public_html\core\app.php on line 124
[2026-07-06 18:31:31] Creation of dynamic property app::$global_include is deprecated in C:\xampp\Desktop\mdcnpal\htdocs\public_html\core\app.php on line 125
[2026-07-06 18:31:31] Creation of dynamic property app::$set_cache_time is deprecated in C:\xampp\Desktop\mdcnpal\htdocs\public_html\core\app.php on line 153
[2026-07-06 18:31:31] Undefined variable $RESULT in C:\xampp\Desktop\mdcnpal\htdocs\public_html\scripts\ajax\selectCityUsingGoogleMapApi.php on line 69
[2026-07-06 18:31:31] Undefined variable $URL in C:\xampp\Desktop\mdcnpal\htdocs\public_html\scripts\ajax\selectCityUsingGoogleMapApi.php on line 73
[2026-07-06 18:31:56] Creation of dynamic property dbclass::$RECORD_SET is deprecated in C:\xampp\Desktop\mdcnpal\htdocs\public_html\core\dbclass.php on line 69
[2026-07-06 18:31:56] Creation of dynamic property dbclass::$app is deprecated in C:\xampp\Desktop\mdcnpal\htdocs\public_html\core\dbclass.php on line 75
[2026-07-06 18:31:56] Creation of dynamic property model::$foreign_tables is deprecated in C:\xampp\Desktop\mdcnpal\htdocs\public_html\core\model.php on line 43
[2026-07-06 18:31:56] Creation of dynamic property app::$inputfilter is deprecated in C:\xampp\Desktop\mdcnpal\htdocs\public_html\core\app.php on line 123
[2026-07-06 18:31:56] Creation of dynamic property app::$userconfig is deprecated in C:\xampp\Desktop\mdcnpal\htdocs\public_html\core\app.php on line 124
[2026-07-06 18:31:56] Creation of dynamic property app::$global_include is deprecated in C:\xampp\Desktop\mdcnpal\htdocs\public_html\core\app.php on line 125
[2026-07-06 18:31:56] Creation of dynamic property app::$set_cache_time is deprecated in C:\xampp\Desktop\mdcnpal\htdocs\public_html\core\app.php on line 153
[2026-07-06 18:31:56] Undefined array key "cityID" in C:\xampp\Desktop\mdcnpal\htdocs\public_html\core\global_include.php on line 381
[2026-07-06 18:31:56] Undefined array key "cityID" in C:\xampp\Desktop\mdcnpal\htdocs\public_html\core\global_include.php on line 416
[2026-07-06 18:31:56] Creation of dynamic property app::$meta is deprecated in C:\xampp\Desktop\mdcnpal\htdocs\public_html\core\app.php on line 434
[2026-07-06 18:31:56] Creation of dynamic property app::$rs_gs_city is deprecated in C:\xampp\Desktop\mdcnpal\htdocs\public_html\core\app.php on line 434
[2026-07-06 18:31:56] Undefined array key "cityID" in C:\xampp\Desktop\mdcnpal\htdocs\public_html\core\global_include.php on line 468
[2026-07-06 18:31:56] Creation of dynamic property app::$rs_footer_popular_item is deprecated in C:\xampp\Desktop\mdcnpal\htdocs\public_html\core\app.php on line 434
[2026-07-06 18:31:56] Creation of dynamic property app::$rs_footer_popular_test is deprecated in C:\xampp\Desktop\mdcnpal\htdocs\public_html\core\app.php on line 434
[2026-07-06 18:31:56] Creation of dynamic property app::$rs_testimonial is deprecated in C:\xampp\Desktop\mdcnpal\htdocs\public_html\core\app.php on line 434
[2026-07-06 18:31:56] Creation of dynamic property app::$admin is deprecated in C:\xampp\Desktop\mdcnpal\htdocs\public_html\core\app.php on line 434
[2026-07-06 18:31:56] Undefined array key 0 in C:\xampp\Desktop\mdcnpal\htdocs\public_html\core\global_include.php on line 514
[2026-07-06 18:31:56] Creation of dynamic property app::$popup is deprecated in C:\xampp\Desktop\mdcnpal\htdocs\public_html\core\app.php on line 434
[2026-07-06 18:31:56] Undefined array key "MDRCCustID" in C:\xampp\Desktop\mdcnpal\htdocs\public_html\core\global_include.php on line 515
[2026-07-06 18:31:56] Undefined array key "MDRCToken" in C:\xampp\Desktop\mdcnpal\htdocs\public_html\core\global_include.php on line 515
[2026-07-06 18:31:56] Creation of dynamic property app::$rscategory is deprecated in C:\xampp\Desktop\mdcnpal\htdocs\public_html\core\app.php on line 434
[2026-07-06 18:31:56] Creation of dynamic property app::$rs_pages is deprecated in C:\xampp\Desktop\mdcnpal\htdocs\public_html\core\app.php on line 434
[2026-07-06 18:31:56] Creation of dynamic property app::$gs is deprecated in C:\xampp\Desktop\mdcnpal\htdocs\public_html\core\app.php on line 434
[2026-07-06 18:31:56] Undefined array key "MDRCCustID" in C:\xampp\Desktop\mdcnpal\htdocs\public_html\core\global_include.php on line 596
[2026-07-06 18:31:56] Undefined array key "MDRCCustID" in C:\xampp\Desktop\mdcnpal\htdocs\public_html\core\global_include.php on line 615
[2026-07-06 18:31:56] Undefined variable $getId in C:\xampp\Desktop\mdcnpal\htdocs\public_html\core\global_include.php on line 684
[2026-07-06 18:31:56] Undefined variable $getName in C:\xampp\Desktop\mdcnpal\htdocs\public_html\core\global_include.php on line 685
[2026-07-06 18:31:56] Undefined array key 0 in C:\xampp\Desktop\mdcnpal\htdocs\public_html\core\global_include.php on line 810
[2026-07-06 18:31:56] Creation of dynamic property app::$rs_offer_msg is deprecated in C:\xampp\Desktop\mdcnpal\htdocs\public_html\core\app.php on line 434
[2026-07-06 18:31:56] Creation of dynamic property app::$rs_for_doctors is deprecated in C:\xampp\Desktop\mdcnpal\htdocs\public_html\core\app.php on line 434
[2026-07-06 18:31:56] Creation of dynamic property app::$description is deprecated in C:\xampp\Desktop\mdcnpal\htdocs\public_html\core\app.php on line 434
[2026-07-06 18:31:56] Creation of dynamic property app::$rs_banner is deprecated in C:\xampp\Desktop\mdcnpal\htdocs\public_html\core\app.php on line 434
[2026-07-06 18:31:56] Creation of dynamic property app::$rs_item_diseases is deprecated in C:\xampp\Desktop\mdcnpal\htdocs\public_html\core\app.php on line 434
[2026-07-06 18:31:56] Creation of dynamic property app::$rs_item_home_category is deprecated in C:\xampp\Desktop\mdcnpal\htdocs\public_html\core\app.php on line 434
[2026-07-06 18:31:56] Creation of dynamic property app::$rs_item_banner_category is deprecated in C:\xampp\Desktop\mdcnpal\htdocs\public_html\core\app.php on line 434
[2026-07-06 18:31:56] Creation of dynamic property app::$rs_services is deprecated in C:\xampp\Desktop\mdcnpal\htdocs\public_html\core\app.php on line 434
[2026-07-06 18:31:56] Creation of dynamic property app::$rs_blog is deprecated in C:\xampp\Desktop\mdcnpal\htdocs\public_html\core\app.php on line 434
[2026-07-06 18:31:56] Creation of dynamic property app::$rs_category is deprecated in C:\xampp\Desktop\mdcnpal\htdocs\public_html\core\app.php on line 434
[2026-07-06 18:31:56] Creation of dynamic property app::$rs_faq_data is deprecated in C:\xampp\Desktop\mdcnpal\htdocs\public_html\core\app.php on line 434
[2026-07-06 18:31:56] Creation of dynamic property app::$rs_gallery_data is deprecated in C:\xampp\Desktop\mdcnpal\htdocs\public_html\core\app.php on line 434
[2026-07-06 18:31:56] Undefined array key "tempCityID" in C:\xampp\Desktop\mdcnpal\htdocs\public_html\includes\header.php on line 5
[2026-07-06 18:31:56] Undefined array key "items" in C:\xampp\Desktop\mdcnpal\htdocs\public_html\includes\header.php on line 16
[2026-07-06 18:31:56] Undefined array key "item_category" in C:\xampp\Desktop\mdcnpal\htdocs\public_html\includes\header.php on line 26
[2026-07-06 18:31:56] Undefined array key "item_diseases" in C:\xampp\Desktop\mdcnpal\htdocs\public_html\includes\header.php on line 33
[2026-07-06 18:31:56] Undefined property: app::$rs_cartmini in C:\xampp\Desktop\mdcnpal\htdocs\public_html\includes\header.php on line 131
[2026-07-06 18:31:56] Undefined array key "MDRCCustID" in C:\xampp\Desktop\mdcnpal\htdocs\public_html\includes\header.php on line 134
[2026-07-06 18:31:56] Undefined property: app::$rs_cartmini in C:\xampp\Desktop\mdcnpal\htdocs\public_html\includes\header.php on line 197
[2026-07-06 18:31:56] Undefined array key "MDRCCustID" in C:\xampp\Desktop\mdcnpal\htdocs\public_html\includes\header.php on line 200
[2026-07-06 18:31:56] Undefined property: app::$rs_cartmini in C:\xampp\Desktop\mdcnpal\htdocs\public_html\includes\header.php on line 469
[2026-07-06 18:31:56] Undefined array key "MDRCCustID" in C:\xampp\Desktop\mdcnpal\htdocs\public_html\includes\header.php on line 472
[2026-07-06 18:31:56] Undefined property: app::$rs_cartmini in C:\xampp\Desktop\mdcnpal\htdocs\public_html\includes\header.php on line 525
[2026-07-06 18:31:56] Undefined array key "MDRCCustID" in C:\xampp\Desktop\mdcnpal\htdocs\public_html\includes\header.php on line 528
[2026-07-06 18:31:56] Undefined property: app::$rs_customer in C:\xampp\Desktop\mdcnpal\htdocs\public_html\includes\header.php on line 712
[2026-07-06 18:31:56] Trying to access array offset on value of type null in C:\xampp\Desktop\mdcnpal\htdocs\public_html\includes\header.php on line 712
[2026-07-06 18:31:56] Undefined property: app::$rs_customer in C:\xampp\Desktop\mdcnpal\htdocs\public_html\includes\header.php on line 721
[2026-07-06 18:31:56] Trying to access array offset on value of type null in C:\xampp\Desktop\mdcnpal\htdocs\public_html\includes\header.php on line 721
[2026-07-06 18:31:56] Undefined property: app::$rs_customer in C:\xampp\Desktop\mdcnpal\htdocs\public_html\includes\header.php on line 730
[2026-07-06 18:31:57] Trying to access array offset on value of type null in C:\xampp\Desktop\mdcnpal\htdocs\public_html\includes\header.php on line 730
[2026-07-06 18:31:57] Undefined property: app::$rs_customer in C:\xampp\Desktop\mdcnpal\htdocs\public_html\includes\header.php on line 739
[2026-07-06 18:31:57] Trying to access array offset on value of type null in C:\xampp\Desktop\mdcnpal\htdocs\public_html\includes\header.php on line 739
[2026-07-06 18:31:57] Undefined property: app::$rs_customer in C:\xampp\Desktop\mdcnpal\htdocs\public_html\includes\footer.php on line 357
[2026-07-06 18:31:57] Trying to access array offset on value of type null in C:\xampp\Desktop\mdcnpal\htdocs\public_html\includes\footer.php on line 357
[2026-07-06 18:31:57] Undefined property: app::$rs_customer in C:\xampp\Desktop\mdcnpal\htdocs\public_html\includes\footer.php on line 366
[2026-07-06 18:31:57] Trying to access array offset on value of type null in C:\xampp\Desktop\mdcnpal\htdocs\public_html\includes\footer.php on line 366
[2026-07-06 18:31:57] Undefined property: app::$rs_customer in C:\xampp\Desktop\mdcnpal\htdocs\public_html\includes\footer.php on line 372
[2026-07-06 18:31:57] Trying to access array offset on value of type null in C:\xampp\Desktop\mdcnpal\htdocs\public_html\includes\footer.php on line 372
[2026-07-06 18:31:57] Undefined property: app::$rs_customer in C:\xampp\Desktop\mdcnpal\htdocs\public_html\includes\general_data.php on line 88
[2026-07-06 18:31:57] Trying to access array offset on value of type null in C:\xampp\Desktop\mdcnpal\htdocs\public_html\includes\general_data.php on line 88
[2026-07-06 18:31:57] Undefined array key "MDRCCustID" in C:\xampp\Desktop\mdcnpal\htdocs\public_html\includes\general_data.php on line 88
[2026-07-06 18:31:57] Undefined variable $tmpStr in C:\xampp\Desktop\mdcnpal\htdocs\public_html\core\app.php on line 969
[2026-07-06 18:32:59] Creation of dynamic property dbclass::$RECORD_SET is deprecated in C:\xampp\Desktop\mdcnpal\htdocs\public_html\core\dbclass.php on line 69
[2026-07-06 18:32:59] Creation of dynamic property dbclass::$app is deprecated in C:\xampp\Desktop\mdcnpal\htdocs\public_html\core\dbclass.php on line 75
[2026-07-06 18:32:59] Creation of dynamic property model::$foreign_tables is deprecated in C:\xampp\Desktop\mdcnpal\htdocs\public_html\core\model.php on line 43
[2026-07-06 18:32:59] Creation of dynamic property app::$inputfilter is deprecated in C:\xampp\Desktop\mdcnpal\htdocs\public_html\core\app.php on line 123
[2026-07-06 18:32:59] Creation of dynamic property app::$userconfig is deprecated in C:\xampp\Desktop\mdcnpal\htdocs\public_html\core\app.php on line 124
[2026-07-06 18:32:59] Creation of dynamic property app::$global_include is deprecated in C:\xampp\Desktop\mdcnpal\htdocs\public_html\core\app.php on line 125
[2026-07-06 18:32:59] Creation of dynamic property app::$set_cache_time is deprecated in C:\xampp\Desktop\mdcnpal\htdocs\public_html\core\app.php on line 153
[2026-07-06 18:32:59] Creation of dynamic property app::$meta is deprecated in C:\xampp\Desktop\mdcnpal\htdocs\public_html\core\app.php on line 434
[2026-07-06 18:32:59] Creation of dynamic property app::$rs_gs_city is deprecated in C:\xampp\Desktop\mdcnpal\htdocs\public_html\core\app.php on line 434
[2026-07-06 18:32:59] Creation of dynamic property app::$rs_footer_popular_item is deprecated in C:\xampp\Desktop\mdcnpal\htdocs\public_html\core\app.php on line 434
[2026-07-06 18:32:59] Creation of dynamic property app::$rs_footer_popular_test is deprecated in C:\xampp\Desktop\mdcnpal\htdocs\public_html\core\app.php on line 434
[2026-07-06 18:32:59] Creation of dynamic property app::$rs_testimonial is deprecated in C:\xampp\Desktop\mdcnpal\htdocs\public_html\core\app.php on line 434
[2026-07-06 18:32:59] Creation of dynamic property app::$admin is deprecated in C:\xampp\Desktop\mdcnpal\htdocs\public_html\core\app.php on line 434
[2026-07-06 18:32:59] Undefined array key 0 in C:\xampp\Desktop\mdcnpal\htdocs\public_html\core\global_include.php on line 514
[2026-07-06 18:32:59] Creation of dynamic property app::$popup is deprecated in C:\xampp\Desktop\mdcnpal\htdocs\public_html\core\app.php on line 434
[2026-07-06 18:32:59] Undefined array key "MDRCCustID" in C:\xampp\Desktop\mdcnpal\htdocs\public_html\core\global_include.php on line 515
[2026-07-06 18:32:59] Undefined array key "MDRCToken" in C:\xampp\Desktop\mdcnpal\htdocs\public_html\core\global_include.php on line 515
[2026-07-06 18:32:59] Creation of dynamic property app::$rscategory is deprecated in C:\xampp\Desktop\mdcnpal\htdocs\public_html\core\app.php on line 434
[2026-07-06 18:32:59] Creation of dynamic property app::$rs_pages is deprecated in C:\xampp\Desktop\mdcnpal\htdocs\public_html\core\app.php on line 434
[2026-07-06 18:32:59] Creation of dynamic property app::$gs is deprecated in C:\xampp\Desktop\mdcnpal\htdocs\public_html\core\app.php on line 434
[2026-07-06 18:32:59] Undefined array key "MDRCCustID" in C:\xampp\Desktop\mdcnpal\htdocs\public_html\core\global_include.php on line 596
[2026-07-06 18:32:59] Undefined array key "MDRCCustID" in C:\xampp\Desktop\mdcnpal\htdocs\public_html\core\global_include.php on line 615
[2026-07-06 18:32:59] Undefined variable $getId in C:\xampp\Desktop\mdcnpal\htdocs\public_html\core\global_include.php on line 684
[2026-07-06 18:32:59] Undefined variable $getName in C:\xampp\Desktop\mdcnpal\htdocs\public_html\core\global_include.php on line 685
[2026-07-06 18:32:59] Undefined array key 0 in C:\xampp\Desktop\mdcnpal\htdocs\public_html\core\global_include.php on line 810
[2026-07-06 18:32:59] Creation of dynamic property app::$rs_offer_msg is deprecated in C:\xampp\Desktop\mdcnpal\htdocs\public_html\core\app.php on line 434
[2026-07-06 18:32:59] Creation of dynamic property app::$rs_for_doctors is deprecated in C:\xampp\Desktop\mdcnpal\htdocs\public_html\core\app.php on line 434
[2026-07-06 18:32:59] Creation of dynamic property app::$rs_category is deprecated in C:\xampp\Desktop\mdcnpal\htdocs\public_html\core\app.php on line 434
[2026-07-06 18:32:59] Creation of dynamic property app::$rs_gallery is deprecated in C:\xampp\Desktop\mdcnpal\htdocs\public_html\core\app.php on line 434
[2026-07-06 18:32:59] Undefined property: app::$rs_cartmini in C:\xampp\Desktop\mdcnpal\htdocs\public_html\includes\header.php on line 131
[2026-07-06 18:32:59] Undefined array key "MDRCCustID" in C:\xampp\Desktop\mdcnpal\htdocs\public_html\includes\header.php on line 134
[2026-07-06 18:32:59] Undefined property: app::$rs_cartmini in C:\xampp\Desktop\mdcnpal\htdocs\public_html\includes\header.php on line 197
[2026-07-06 18:32:59] Undefined array key "MDRCCustID" in C:\xampp\Desktop\mdcnpal\htdocs\public_html\includes\header.php on line 200
[2026-07-06 18:32:59] Undefined property: app::$rs_cartmini in C:\xampp\Desktop\mdcnpal\htdocs\public_html\includes\header.php on line 469
[2026-07-06 18:32:59] Undefined array key "MDRCCustID" in C:\xampp\Desktop\mdcnpal\htdocs\public_html\includes\header.php on line 472
[2026-07-06 18:32:59] Undefined property: app::$rs_cartmini in C:\xampp\Desktop\mdcnpal\htdocs\public_html\includes\header.php on line 525
[2026-07-06 18:32:59] Undefined array key "MDRCCustID" in C:\xampp\Desktop\mdcnpal\htdocs\public_html\includes\header.php on line 528
[2026-07-06 18:32:59] Undefined property: app::$rs_customer in C:\xampp\Desktop\mdcnpal\htdocs\public_html\includes\header.php on line 712
[2026-07-06 18:32:59] Trying to access array offset on value of type null in C:\xampp\Desktop\mdcnpal\htdocs\public_html\includes\header.php on line 712
[2026-07-06 18:32:59] Undefined property: app::$rs_customer in C:\xampp\Desktop\mdcnpal\htdocs\public_html\includes\header.php on line 721
[2026-07-06 18:32:59] Trying to access array offset on value of type null in C:\xampp\Desktop\mdcnpal\htdocs\public_html\includes\header.php on line 721
[2026-07-06 18:32:59] Undefined property: app::$rs_customer in C:\xampp\Desktop\mdcnpal\htdocs\public_html\includes\header.php on line 730
[2026-07-06 18:32:59] Trying to access array offset on value of type null in C:\xampp\Desktop\mdcnpal\htdocs\public_html\includes\header.php on line 730
[2026-07-06 18:32:59] Undefined property: app::$rs_customer in C:\xampp\Desktop\mdcnpal\htdocs\public_html\includes\header.php on line 739
[2026-07-06 18:32:59] Trying to access array offset on value of type null in C:\xampp\Desktop\mdcnpal\htdocs\public_html\includes\header.php on line 739
[2026-07-06 18:32:59] Undefined property: app::$rs_customer in C:\xampp\Desktop\mdcnpal\htdocs\public_html\includes\footer.php on line 357
[2026-07-06 18:32:59] Trying to access array offset on value of type null in C:\xampp\Desktop\mdcnpal\htdocs\public_html\includes\footer.php on line 357
[2026-07-06 18:32:59] Undefined property: app::$rs_customer in C:\xampp\Desktop\mdcnpal\htdocs\public_html\includes\footer.php on line 366
[2026-07-06 18:32:59] Trying to access array offset on value of type null in C:\xampp\Desktop\mdcnpal\htdocs\public_html\includes\footer.php on line 366
[2026-07-06 18:32:59] Undefined property: app::$rs_customer in C:\xampp\Desktop\mdcnpal\htdocs\public_html\includes\footer.php on line 372
[2026-07-06 18:32:59] Trying to access array offset on value of type null in C:\xampp\Desktop\mdcnpal\htdocs\public_html\includes\footer.php on line 372
[2026-07-06 18:32:59] Undefined property: app::$rs_customer in C:\xampp\Desktop\mdcnpal\htdocs\public_html\includes\general_data.php on line 88
[2026-07-06 18:32:59] Trying to access array offset on value of type null in C:\xampp\Desktop\mdcnpal\htdocs\public_html\includes\general_data.php on line 88
[2026-07-06 18:32:59] Undefined array key "MDRCCustID" in C:\xampp\Desktop\mdcnpal\htdocs\public_html\includes\general_data.php on line 88
[2026-07-06 18:32:59] Undefined variable $tmpStr in C:\xampp\Desktop\mdcnpal\htdocs\public_html\core\app.php on line 969
[2026-07-06 18:33:03] Creation of dynamic property dbclass::$RECORD_SET is deprecated in C:\xampp\Desktop\mdcnpal\htdocs\public_html\core\dbclass.php on line 69
[2026-07-06 18:33:03] Creation of dynamic property dbclass::$app is deprecated in C:\xampp\Desktop\mdcnpal\htdocs\public_html\core\dbclass.php on line 75
[2026-07-06 18:33:03] Creation of dynamic property model::$foreign_tables is deprecated in C:\xampp\Desktop\mdcnpal\htdocs\public_html\core\model.php on line 43
[2026-07-06 18:33:03] Creation of dynamic property app::$inputfilter is deprecated in C:\xampp\Desktop\mdcnpal\htdocs\public_html\core\app.php on line 123
[2026-07-06 18:33:03] Creation of dynamic property app::$userconfig is deprecated in C:\xampp\Desktop\mdcnpal\htdocs\public_html\core\app.php on line 124
[2026-07-06 18:33:03] Creation of dynamic property app::$global_include is deprecated in C:\xampp\Desktop\mdcnpal\htdocs\public_html\core\app.php on line 125
[2026-07-06 18:33:03] Creation of dynamic property app::$set_cache_time is deprecated in C:\xampp\Desktop\mdcnpal\htdocs\public_html\core\app.php on line 153
[2026-07-06 18:33:03] Undefined variable $RESULT in C:\xampp\Desktop\mdcnpal\htdocs\public_html\scripts\ajax\selectCityUsingGoogleMapApi.php on line 69
[2026-07-06 18:33:03] Undefined variable $URL in C:\xampp\Desktop\mdcnpal\htdocs\public_html\scripts\ajax\selectCityUsingGoogleMapApi.php on line 73
[2026-07-06 18:33:21] Creation of dynamic property dbclass::$RECORD_SET is deprecated in C:\xampp\Desktop\mdcnpal\htdocs\public_html\core\dbclass.php on line 69
[2026-07-06 18:33:21] Creation of dynamic property dbclass::$app is deprecated in C:\xampp\Desktop\mdcnpal\htdocs\public_html\core\dbclass.php on line 75
[2026-07-06 18:33:21] Creation of dynamic property model::$foreign_tables is deprecated in C:\xampp\Desktop\mdcnpal\htdocs\public_html\core\model.php on line 43
[2026-07-06 18:33:21] Creation of dynamic property app::$inputfilter is deprecated in C:\xampp\Desktop\mdcnpal\htdocs\public_html\core\app.php on line 123
[2026-07-06 18:33:21] Creation of dynamic property app::$userconfig is deprecated in C:\xampp\Desktop\mdcnpal\htdocs\public_html\core\app.php on line 124
[2026-07-06 18:33:21] Creation of dynamic property app::$global_include is deprecated in C:\xampp\Desktop\mdcnpal\htdocs\public_html\core\app.php on line 125
[2026-07-06 18:33:21] Creation of dynamic property app::$set_cache_time is deprecated in C:\xampp\Desktop\mdcnpal\htdocs\public_html\core\app.php on line 153
[2026-07-06 18:33:21] Creation of dynamic property app::$meta is deprecated in C:\xampp\Desktop\mdcnpal\htdocs\public_html\core\app.php on line 434
[2026-07-06 18:33:21] Creation of dynamic property app::$rs_gs_city is deprecated in C:\xampp\Desktop\mdcnpal\htdocs\public_html\core\app.php on line 434
[2026-07-06 18:33:21] Creation of dynamic property app::$rs_footer_popular_item is deprecated in C:\xampp\Desktop\mdcnpal\htdocs\public_html\core\app.php on line 434
[2026-07-06 18:33:21] Creation of dynamic property app::$rs_footer_popular_test is deprecated in C:\xampp\Desktop\mdcnpal\htdocs\public_html\core\app.php on line 434
[2026-07-06 18:33:21] Creation of dynamic property app::$rs_testimonial is deprecated in C:\xampp\Desktop\mdcnpal\htdocs\public_html\core\app.php on line 434
[2026-07-06 18:33:21] Creation of dynamic property app::$admin is deprecated in C:\xampp\Desktop\mdcnpal\htdocs\public_html\core\app.php on line 434
[2026-07-06 18:33:21] Undefined array key 0 in C:\xampp\Desktop\mdcnpal\htdocs\public_html\core\global_include.php on line 514
[2026-07-06 18:33:21] Creation of dynamic property app::$popup is deprecated in C:\xampp\Desktop\mdcnpal\htdocs\public_html\core\app.php on line 434
[2026-07-06 18:33:21] Undefined array key "MDRCCustID" in C:\xampp\Desktop\mdcnpal\htdocs\public_html\core\global_include.php on line 515
[2026-07-06 18:33:21] Undefined array key "MDRCToken" in C:\xampp\Desktop\mdcnpal\htdocs\public_html\core\global_include.php on line 515
[2026-07-06 18:33:21] Creation of dynamic property app::$rscategory is deprecated in C:\xampp\Desktop\mdcnpal\htdocs\public_html\core\app.php on line 434
[2026-07-06 18:33:21] Creation of dynamic property app::$rs_pages is deprecated in C:\xampp\Desktop\mdcnpal\htdocs\public_html\core\app.php on line 434
[2026-07-06 18:33:21] Creation of dynamic property app::$gs is deprecated in C:\xampp\Desktop\mdcnpal\htdocs\public_html\core\app.php on line 434
[2026-07-06 18:33:21] Undefined array key "MDRCCustID" in C:\xampp\Desktop\mdcnpal\htdocs\public_html\core\global_include.php on line 596
[2026-07-06 18:33:21] Undefined array key "MDRCCustID" in C:\xampp\Desktop\mdcnpal\htdocs\public_html\core\global_include.php on line 615
[2026-07-06 18:33:21] Undefined variable $getId in C:\xampp\Desktop\mdcnpal\htdocs\public_html\core\global_include.php on line 684
[2026-07-06 18:33:21] Undefined variable $getName in C:\xampp\Desktop\mdcnpal\htdocs\public_html\core\global_include.php on line 685
[2026-07-06 18:33:21] Undefined array key 0 in C:\xampp\Desktop\mdcnpal\htdocs\public_html\core\global_include.php on line 810
[2026-07-06 18:33:21] Creation of dynamic property app::$rs_offer_msg is deprecated in C:\xampp\Desktop\mdcnpal\htdocs\public_html\core\app.php on line 434
[2026-07-06 18:33:21] Creation of dynamic property app::$rs_for_doctors is deprecated in C:\xampp\Desktop\mdcnpal\htdocs\public_html\core\app.php on line 434
[2026-07-06 18:33:21] Creation of dynamic property app::$description is deprecated in C:\xampp\Desktop\mdcnpal\htdocs\public_html\core\app.php on line 434
[2026-07-06 18:33:21] Creation of dynamic property app::$rs_banner is deprecated in C:\xampp\Desktop\mdcnpal\htdocs\public_html\core\app.php on line 434
[2026-07-06 18:33:21] Creation of dynamic property app::$rs_item_diseases is deprecated in C:\xampp\Desktop\mdcnpal\htdocs\public_html\core\app.php on line 434
[2026-07-06 18:33:21] Creation of dynamic property app::$rs_item_home_category is deprecated in C:\xampp\Desktop\mdcnpal\htdocs\public_html\core\app.php on line 434
[2026-07-06 18:33:21] Creation of dynamic property app::$rs_item_banner_category is deprecated in C:\xampp\Desktop\mdcnpal\htdocs\public_html\core\app.php on line 434
[2026-07-06 18:33:21] Creation of dynamic property app::$rs_services is deprecated in C:\xampp\Desktop\mdcnpal\htdocs\public_html\core\app.php on line 434
[2026-07-06 18:33:21] Creation of dynamic property app::$rs_blog is deprecated in C:\xampp\Desktop\mdcnpal\htdocs\public_html\core\app.php on line 434
[2026-07-06 18:33:21] Creation of dynamic property app::$rs_category is deprecated in C:\xampp\Desktop\mdcnpal\htdocs\public_html\core\app.php on line 434
[2026-07-06 18:33:21] Creation of dynamic property app::$rs_faq_data is deprecated in C:\xampp\Desktop\mdcnpal\htdocs\public_html\core\app.php on line 434
[2026-07-06 18:33:21] Creation of dynamic property app::$rs_gallery_data is deprecated in C:\xampp\Desktop\mdcnpal\htdocs\public_html\core\app.php on line 434
[2026-07-06 18:33:21] Undefined property: app::$rs_cartmini in C:\xampp\Desktop\mdcnpal\htdocs\public_html\includes\header.php on line 131
[2026-07-06 18:33:21] Undefined array key "MDRCCustID" in C:\xampp\Desktop\mdcnpal\htdocs\public_html\includes\header.php on line 134
[2026-07-06 18:33:21] Undefined property: app::$rs_cartmini in C:\xampp\Desktop\mdcnpal\htdocs\public_html\includes\header.php on line 197
[2026-07-06 18:33:21] Undefined array key "MDRCCustID" in C:\xampp\Desktop\mdcnpal\htdocs\public_html\includes\header.php on line 200
[2026-07-06 18:33:21] Undefined property: app::$rs_cartmini in C:\xampp\Desktop\mdcnpal\htdocs\public_html\includes\header.php on line 469
[2026-07-06 18:33:21] Undefined array key "MDRCCustID" in C:\xampp\Desktop\mdcnpal\htdocs\public_html\includes\header.php on line 472
[2026-07-06 18:33:21] Undefined property: app::$rs_cartmini in C:\xampp\Desktop\mdcnpal\htdocs\public_html\includes\header.php on line 525
[2026-07-06 18:33:21] Undefined array key "MDRCCustID" in C:\xampp\Desktop\mdcnpal\htdocs\public_html\includes\header.php on line 528
[2026-07-06 18:33:21] Undefined property: app::$rs_customer in C:\xampp\Desktop\mdcnpal\htdocs\public_html\includes\header.php on line 712
[2026-07-06 18:33:21] Trying to access array offset on value of type null in C:\xampp\Desktop\mdcnpal\htdocs\public_html\includes\header.php on line 712
[2026-07-06 18:33:21] Undefined property: app::$rs_customer in C:\xampp\Desktop\mdcnpal\htdocs\public_html\includes\header.php on line 721
[2026-07-06 18:33:21] Trying to access array offset on value of type null in C:\xampp\Desktop\mdcnpal\htdocs\public_html\includes\header.php on line 721
[2026-07-06 18:33:21] Undefined property: app::$rs_customer in C:\xampp\Desktop\mdcnpal\htdocs\public_html\includes\header.php on line 730
[2026-07-06 18:33:21] Trying to access array offset on value of type null in C:\xampp\Desktop\mdcnpal\htdocs\public_html\includes\header.php on line 730
[2026-07-06 18:33:21] Undefined property: app::$rs_customer in C:\xampp\Desktop\mdcnpal\htdocs\public_html\includes\header.php on line 739
[2026-07-06 18:33:21] Trying to access array offset on value of type null in C:\xampp\Desktop\mdcnpal\htdocs\public_html\includes\header.php on line 739
[2026-07-06 18:33:22] Undefined property: app::$rs_customer in C:\xampp\Desktop\mdcnpal\htdocs\public_html\includes\footer.php on line 357
[2026-07-06 18:33:22] Trying to access array offset on value of type null in C:\xampp\Desktop\mdcnpal\htdocs\public_html\includes\footer.php on line 357
[2026-07-06 18:33:22] Undefined property: app::$rs_customer in C:\xampp\Desktop\mdcnpal\htdocs\public_html\includes\footer.php on line 366
[2026-07-06 18:33:22] Trying to access array offset on value of type null in C:\xampp\Desktop\mdcnpal\htdocs\public_html\includes\footer.php on line 366
[2026-07-06 18:33:22] Undefined property: app::$rs_customer in C:\xampp\Desktop\mdcnpal\htdocs\public_html\includes\footer.php on line 372
[2026-07-06 18:33:22] Trying to access array offset on value of type null in C:\xampp\Desktop\mdcnpal\htdocs\public_html\includes\footer.php on line 372
[2026-07-06 18:33:22] Undefined property: app::$rs_customer in C:\xampp\Desktop\mdcnpal\htdocs\public_html\includes\general_data.php on line 88
[2026-07-06 18:33:22] Trying to access array offset on value of type null in C:\xampp\Desktop\mdcnpal\htdocs\public_html\includes\general_data.php on line 88
[2026-07-06 18:33:22] Undefined array key "MDRCCustID" in C:\xampp\Desktop\mdcnpal\htdocs\public_html\includes\general_data.php on line 88
[2026-07-06 18:33:22] Undefined variable $tmpStr in C:\xampp\Desktop\mdcnpal\htdocs\public_html\core\app.php on line 969
[2026-07-06 18:33:23] Creation of dynamic property dbclass::$RECORD_SET is deprecated in C:\xampp\Desktop\mdcnpal\htdocs\public_html\core\dbclass.php on line 69
[2026-07-06 18:33:23] Creation of dynamic property dbclass::$app is deprecated in C:\xampp\Desktop\mdcnpal\htdocs\public_html\core\dbclass.php on line 75
[2026-07-06 18:33:23] Creation of dynamic property model::$foreign_tables is deprecated in C:\xampp\Desktop\mdcnpal\htdocs\public_html\core\model.php on line 43
[2026-07-06 18:33:23] Creation of dynamic property app::$inputfilter is deprecated in C:\xampp\Desktop\mdcnpal\htdocs\public_html\core\app.php on line 123
[2026-07-06 18:33:23] Creation of dynamic property app::$userconfig is deprecated in C:\xampp\Desktop\mdcnpal\htdocs\public_html\core\app.php on line 124
[2026-07-06 18:33:23] Creation of dynamic property app::$global_include is deprecated in C:\xampp\Desktop\mdcnpal\htdocs\public_html\core\app.php on line 125
[2026-07-06 18:33:23] Creation of dynamic property app::$set_cache_time is deprecated in C:\xampp\Desktop\mdcnpal\htdocs\public_html\core\app.php on line 153
[2026-07-06 18:33:23] Undefined variable $RESULT in C:\xampp\Desktop\mdcnpal\htdocs\public_html\scripts\ajax\selectCityUsingGoogleMapApi.php on line 69
[2026-07-06 18:33:23] Undefined variable $URL in C:\xampp\Desktop\mdcnpal\htdocs\public_html\scripts\ajax\selectCityUsingGoogleMapApi.php on line 73
[2026-07-06 18:33:27] Creation of dynamic property dbclass::$RECORD_SET is deprecated in C:\xampp\Desktop\mdcnpal\htdocs\public_html\core\dbclass.php on line 69
[2026-07-06 18:33:27] Creation of dynamic property dbclass::$app is deprecated in C:\xampp\Desktop\mdcnpal\htdocs\public_html\core\dbclass.php on line 75
[2026-07-06 18:33:27] Creation of dynamic property model::$foreign_tables is deprecated in C:\xampp\Desktop\mdcnpal\htdocs\public_html\core\model.php on line 43
[2026-07-06 18:33:27] Creation of dynamic property app::$inputfilter is deprecated in C:\xampp\Desktop\mdcnpal\htdocs\public_html\core\app.php on line 123
[2026-07-06 18:33:27] Creation of dynamic property app::$userconfig is deprecated in C:\xampp\Desktop\mdcnpal\htdocs\public_html\core\app.php on line 124
[2026-07-06 18:33:27] Creation of dynamic property app::$global_include is deprecated in C:\xampp\Desktop\mdcnpal\htdocs\public_html\core\app.php on line 125
[2026-07-06 18:33:27] Creation of dynamic property app::$set_cache_time is deprecated in C:\xampp\Desktop\mdcnpal\htdocs\public_html\core\app.php on line 153
[2026-07-06 18:33:27] Creation of dynamic property app::$meta is deprecated in C:\xampp\Desktop\mdcnpal\htdocs\public_html\core\app.php on line 434
[2026-07-06 18:33:27] Creation of dynamic property app::$rs_gs_city is deprecated in C:\xampp\Desktop\mdcnpal\htdocs\public_html\core\app.php on line 434
[2026-07-06 18:33:28] Creation of dynamic property app::$rs_footer_popular_item is deprecated in C:\xampp\Desktop\mdcnpal\htdocs\public_html\core\app.php on line 434
[2026-07-06 18:33:28] Creation of dynamic property app::$rs_footer_popular_test is deprecated in C:\xampp\Desktop\mdcnpal\htdocs\public_html\core\app.php on line 434
[2026-07-06 18:33:28] Creation of dynamic property app::$rs_testimonial is deprecated in C:\xampp\Desktop\mdcnpal\htdocs\public_html\core\app.php on line 434
[2026-07-06 18:33:28] Creation of dynamic property app::$admin is deprecated in C:\xampp\Desktop\mdcnpal\htdocs\public_html\core\app.php on line 434
[2026-07-06 18:33:28] Undefined array key 0 in C:\xampp\Desktop\mdcnpal\htdocs\public_html\core\global_include.php on line 514
[2026-07-06 18:33:28] Creation of dynamic property app::$popup is deprecated in C:\xampp\Desktop\mdcnpal\htdocs\public_html\core\app.php on line 434
[2026-07-06 18:33:28] Undefined array key "MDRCCustID" in C:\xampp\Desktop\mdcnpal\htdocs\public_html\core\global_include.php on line 515
[2026-07-06 18:33:28] Undefined array key "MDRCToken" in C:\xampp\Desktop\mdcnpal\htdocs\public_html\core\global_include.php on line 515
[2026-07-06 18:33:28] Creation of dynamic property app::$rscategory is deprecated in C:\xampp\Desktop\mdcnpal\htdocs\public_html\core\app.php on line 434
[2026-07-06 18:33:28] Creation of dynamic property app::$rs_pages is deprecated in C:\xampp\Desktop\mdcnpal\htdocs\public_html\core\app.php on line 434
[2026-07-06 18:33:28] Creation of dynamic property app::$gs is deprecated in C:\xampp\Desktop\mdcnpal\htdocs\public_html\core\app.php on line 434
[2026-07-06 18:33:28] Undefined array key "MDRCCustID" in C:\xampp\Desktop\mdcnpal\htdocs\public_html\core\global_include.php on line 596
[2026-07-06 18:33:28] Undefined array key "MDRCCustID" in C:\xampp\Desktop\mdcnpal\htdocs\public_html\core\global_include.php on line 615
[2026-07-06 18:33:28] Undefined variable $getId in C:\xampp\Desktop\mdcnpal\htdocs\public_html\core\global_include.php on line 684
[2026-07-06 18:33:28] Undefined variable $getName in C:\xampp\Desktop\mdcnpal\htdocs\public_html\core\global_include.php on line 685
[2026-07-06 18:33:28] Undefined array key 0 in C:\xampp\Desktop\mdcnpal\htdocs\public_html\core\global_include.php on line 810
[2026-07-06 18:33:28] Creation of dynamic property app::$rs_offer_msg is deprecated in C:\xampp\Desktop\mdcnpal\htdocs\public_html\core\app.php on line 434
[2026-07-06 18:33:28] Creation of dynamic property app::$rs_for_doctors is deprecated in C:\xampp\Desktop\mdcnpal\htdocs\public_html\core\app.php on line 434
[2026-07-06 18:33:28] Creation of dynamic property app::$description is deprecated in C:\xampp\Desktop\mdcnpal\htdocs\public_html\core\app.php on line 434
[2026-07-06 18:33:28] Creation of dynamic property app::$rs_banner is deprecated in C:\xampp\Desktop\mdcnpal\htdocs\public_html\core\app.php on line 434
[2026-07-06 18:33:28] Creation of dynamic property app::$rs_item_diseases is deprecated in C:\xampp\Desktop\mdcnpal\htdocs\public_html\core\app.php on line 434
[2026-07-06 18:33:28] Creation of dynamic property app::$rs_item_home_category is deprecated in C:\xampp\Desktop\mdcnpal\htdocs\public_html\core\app.php on line 434
[2026-07-06 18:33:28] Creation of dynamic property app::$rs_item_banner_category is deprecated in C:\xampp\Desktop\mdcnpal\htdocs\public_html\core\app.php on line 434
[2026-07-06 18:33:28] Creation of dynamic property app::$rs_services is deprecated in C:\xampp\Desktop\mdcnpal\htdocs\public_html\core\app.php on line 434
[2026-07-06 18:33:28] Creation of dynamic property app::$rs_blog is deprecated in C:\xampp\Desktop\mdcnpal\htdocs\public_html\core\app.php on line 434
[2026-07-06 18:33:28] Creation of dynamic property app::$rs_category is deprecated in C:\xampp\Desktop\mdcnpal\htdocs\public_html\core\app.php on line 434
[2026-07-06 18:33:28] Creation of dynamic property app::$rs_faq_data is deprecated in C:\xampp\Desktop\mdcnpal\htdocs\public_html\core\app.php on line 434
[2026-07-06 18:33:28] Creation of dynamic property app::$rs_gallery_data is deprecated in C:\xampp\Desktop\mdcnpal\htdocs\public_html\core\app.php on line 434
[2026-07-06 18:33:28] Undefined property: app::$rs_cartmini in C:\xampp\Desktop\mdcnpal\htdocs\public_html\includes\header.php on line 131
[2026-07-06 18:33:28] Undefined array key "MDRCCustID" in C:\xampp\Desktop\mdcnpal\htdocs\public_html\includes\header.php on line 134
[2026-07-06 18:33:28] Undefined property: app::$rs_cartmini in C:\xampp\Desktop\mdcnpal\htdocs\public_html\includes\header.php on line 197
[2026-07-06 18:33:28] Undefined array key "MDRCCustID" in C:\xampp\Desktop\mdcnpal\htdocs\public_html\includes\header.php on line 200
[2026-07-06 18:33:28] Undefined property: app::$rs_cartmini in C:\xampp\Desktop\mdcnpal\htdocs\public_html\includes\header.php on line 469
[2026-07-06 18:33:28] Undefined array key "MDRCCustID" in C:\xampp\Desktop\mdcnpal\htdocs\public_html\includes\header.php on line 472
[2026-07-06 18:33:28] Undefined property: app::$rs_cartmini in C:\xampp\Desktop\mdcnpal\htdocs\public_html\includes\header.php on line 525
[2026-07-06 18:33:28] Undefined array key "MDRCCustID" in C:\xampp\Desktop\mdcnpal\htdocs\public_html\includes\header.php on line 528
[2026-07-06 18:33:28] Undefined property: app::$rs_customer in C:\xampp\Desktop\mdcnpal\htdocs\public_html\includes\header.php on line 712
[2026-07-06 18:33:28] Trying to access array offset on value of type null in C:\xampp\Desktop\mdcnpal\htdocs\public_html\includes\header.php on line 712
[2026-07-06 18:33:28] Undefined property: app::$rs_customer in C:\xampp\Desktop\mdcnpal\htdocs\public_html\includes\header.php on line 721
[2026-07-06 18:33:28] Trying to access array offset on value of type null in C:\xampp\Desktop\mdcnpal\htdocs\public_html\includes\header.php on line 721
[2026-07-06 18:33:28] Undefined property: app::$rs_customer in C:\xampp\Desktop\mdcnpal\htdocs\public_html\includes\header.php on line 730
[2026-07-06 18:33:28] Trying to access array offset on value of type null in C:\xampp\Desktop\mdcnpal\htdocs\public_html\includes\header.php on line 730
[2026-07-06 18:33:28] Undefined property: app::$rs_customer in C:\xampp\Desktop\mdcnpal\htdocs\public_html\includes\header.php on line 739
[2026-07-06 18:33:28] Trying to access array offset on value of type null in C:\xampp\Desktop\mdcnpal\htdocs\public_html\includes\header.php on line 739
[2026-07-06 18:33:28] Undefined property: app::$rs_customer in C:\xampp\Desktop\mdcnpal\htdocs\public_html\includes\footer.php on line 357
[2026-07-06 18:33:28] Trying to access array offset on value of type null in C:\xampp\Desktop\mdcnpal\htdocs\public_html\includes\footer.php on line 357
[2026-07-06 18:33:28] Undefined property: app::$rs_customer in C:\xampp\Desktop\mdcnpal\htdocs\public_html\includes\footer.php on line 366
[2026-07-06 18:33:28] Trying to access array offset on value of type null in C:\xampp\Desktop\mdcnpal\htdocs\public_html\includes\footer.php on line 366
[2026-07-06 18:33:28] Undefined property: app::$rs_customer in C:\xampp\Desktop\mdcnpal\htdocs\public_html\includes\footer.php on line 372
[2026-07-06 18:33:28] Trying to access array offset on value of type null in C:\xampp\Desktop\mdcnpal\htdocs\public_html\includes\footer.php on line 372
[2026-07-06 18:33:28] Undefined property: app::$rs_customer in C:\xampp\Desktop\mdcnpal\htdocs\public_html\includes\general_data.php on line 88
[2026-07-06 18:33:28] Trying to access array offset on value of type null in C:\xampp\Desktop\mdcnpal\htdocs\public_html\includes\general_data.php on line 88
[2026-07-06 18:33:28] Undefined array key "MDRCCustID" in C:\xampp\Desktop\mdcnpal\htdocs\public_html\includes\general_data.php on line 88
[2026-07-06 18:33:28] Undefined variable $tmpStr in C:\xampp\Desktop\mdcnpal\htdocs\public_html\core\app.php on line 969
[2026-07-06 18:33:30] Creation of dynamic property dbclass::$RECORD_SET is deprecated in C:\xampp\Desktop\mdcnpal\htdocs\public_html\core\dbclass.php on line 69
[2026-07-06 18:33:30] Creation of dynamic property dbclass::$app is deprecated in C:\xampp\Desktop\mdcnpal\htdocs\public_html\core\dbclass.php on line 75
[2026-07-06 18:33:30] Creation of dynamic property model::$foreign_tables is deprecated in C:\xampp\Desktop\mdcnpal\htdocs\public_html\core\model.php on line 43
[2026-07-06 18:33:30] Creation of dynamic property app::$inputfilter is deprecated in C:\xampp\Desktop\mdcnpal\htdocs\public_html\core\app.php on line 123
[2026-07-06 18:33:30] Creation of dynamic property app::$userconfig is deprecated in C:\xampp\Desktop\mdcnpal\htdocs\public_html\core\app.php on line 124
[2026-07-06 18:33:30] Creation of dynamic property app::$global_include is deprecated in C:\xampp\Desktop\mdcnpal\htdocs\public_html\core\app.php on line 125
[2026-07-06 18:33:30] Creation of dynamic property app::$set_cache_time is deprecated in C:\xampp\Desktop\mdcnpal\htdocs\public_html\core\app.php on line 153
[2026-07-06 18:33:30] Undefined variable $RESULT in C:\xampp\Desktop\mdcnpal\htdocs\public_html\scripts\ajax\selectCityUsingGoogleMapApi.php on line 69
[2026-07-06 18:33:30] Undefined variable $URL in C:\xampp\Desktop\mdcnpal\htdocs\public_html\scripts\ajax\selectCityUsingGoogleMapApi.php on line 73
[2026-07-06 18:33:41] Creation of dynamic property dbclass::$RECORD_SET is deprecated in C:\xampp\Desktop\mdcnpal\htdocs\public_html\core\dbclass.php on line 69
[2026-07-06 18:33:41] Creation of dynamic property dbclass::$app is deprecated in C:\xampp\Desktop\mdcnpal\htdocs\public_html\core\dbclass.php on line 75
[2026-07-06 18:33:41] Creation of dynamic property model::$foreign_tables is deprecated in C:\xampp\Desktop\mdcnpal\htdocs\public_html\core\model.php on line 43
[2026-07-06 18:33:41] Creation of dynamic property app::$inputfilter is deprecated in C:\xampp\Desktop\mdcnpal\htdocs\public_html\core\app.php on line 123
[2026-07-06 18:33:41] Creation of dynamic property app::$userconfig is deprecated in C:\xampp\Desktop\mdcnpal\htdocs\public_html\core\app.php on line 124
[2026-07-06 18:33:41] Creation of dynamic property app::$global_include is deprecated in C:\xampp\Desktop\mdcnpal\htdocs\public_html\core\app.php on line 125
[2026-07-06 18:33:41] Creation of dynamic property app::$set_cache_time is deprecated in C:\xampp\Desktop\mdcnpal\htdocs\public_html\core\app.php on line 153
[2026-07-06 18:33:41] Undefined array key "cityID" in C:\xampp\Desktop\mdcnpal\htdocs\public_html\core\global_include.php on line 381
[2026-07-06 18:33:41] Undefined array key "cityID" in C:\xampp\Desktop\mdcnpal\htdocs\public_html\core\global_include.php on line 416
[2026-07-06 18:33:41] Creation of dynamic property app::$meta is deprecated in C:\xampp\Desktop\mdcnpal\htdocs\public_html\core\app.php on line 434
[2026-07-06 18:33:41] Creation of dynamic property app::$rs_gs_city is deprecated in C:\xampp\Desktop\mdcnpal\htdocs\public_html\core\app.php on line 434
[2026-07-06 18:33:41] Undefined array key "cityID" in C:\xampp\Desktop\mdcnpal\htdocs\public_html\core\global_include.php on line 468
[2026-07-06 18:33:41] Creation of dynamic property app::$rs_footer_popular_item is deprecated in C:\xampp\Desktop\mdcnpal\htdocs\public_html\core\app.php on line 434
[2026-07-06 18:33:41] Creation of dynamic property app::$rs_footer_popular_test is deprecated in C:\xampp\Desktop\mdcnpal\htdocs\public_html\core\app.php on line 434
[2026-07-06 18:33:41] Creation of dynamic property app::$rs_testimonial is deprecated in C:\xampp\Desktop\mdcnpal\htdocs\public_html\core\app.php on line 434
[2026-07-06 18:33:41] Creation of dynamic property app::$admin is deprecated in C:\xampp\Desktop\mdcnpal\htdocs\public_html\core\app.php on line 434
[2026-07-06 18:33:41] Undefined array key 0 in C:\xampp\Desktop\mdcnpal\htdocs\public_html\core\global_include.php on line 514
[2026-07-06 18:33:41] Creation of dynamic property app::$popup is deprecated in C:\xampp\Desktop\mdcnpal\htdocs\public_html\core\app.php on line 434
[2026-07-06 18:33:41] Undefined array key "MDRCCustID" in C:\xampp\Desktop\mdcnpal\htdocs\public_html\core\global_include.php on line 515
[2026-07-06 18:33:41] Undefined array key "MDRCToken" in C:\xampp\Desktop\mdcnpal\htdocs\public_html\core\global_include.php on line 515
[2026-07-06 18:33:41] Creation of dynamic property app::$rscategory is deprecated in C:\xampp\Desktop\mdcnpal\htdocs\public_html\core\app.php on line 434
[2026-07-06 18:33:41] Creation of dynamic property app::$rs_pages is deprecated in C:\xampp\Desktop\mdcnpal\htdocs\public_html\core\app.php on line 434
[2026-07-06 18:33:41] Creation of dynamic property app::$gs is deprecated in C:\xampp\Desktop\mdcnpal\htdocs\public_html\core\app.php on line 434
[2026-07-06 18:33:41] Undefined array key "MDRCCustID" in C:\xampp\Desktop\mdcnpal\htdocs\public_html\core\global_include.php on line 596
[2026-07-06 18:33:41] Undefined array key "MDRCCustID" in C:\xampp\Desktop\mdcnpal\htdocs\public_html\core\global_include.php on line 615
[2026-07-06 18:33:41] Undefined variable $getId in C:\xampp\Desktop\mdcnpal\htdocs\public_html\core\global_include.php on line 684
[2026-07-06 18:33:41] Undefined variable $getName in C:\xampp\Desktop\mdcnpal\htdocs\public_html\core\global_include.php on line 685
[2026-07-06 18:33:41] Undefined array key 0 in C:\xampp\Desktop\mdcnpal\htdocs\public_html\core\global_include.php on line 810
[2026-07-06 18:33:41] Creation of dynamic property app::$rs_offer_msg is deprecated in C:\xampp\Desktop\mdcnpal\htdocs\public_html\core\app.php on line 434
[2026-07-06 18:33:41] Creation of dynamic property app::$rs_for_doctors is deprecated in C:\xampp\Desktop\mdcnpal\htdocs\public_html\core\app.php on line 434
[2026-07-06 18:33:41] Creation of dynamic property app::$description is deprecated in C:\xampp\Desktop\mdcnpal\htdocs\public_html\core\app.php on line 434
[2026-07-06 18:33:41] Creation of dynamic property app::$rs_banner is deprecated in C:\xampp\Desktop\mdcnpal\htdocs\public_html\core\app.php on line 434
[2026-07-06 18:33:41] Creation of dynamic property app::$rs_item_diseases is deprecated in C:\xampp\Desktop\mdcnpal\htdocs\public_html\core\app.php on line 434
[2026-07-06 18:33:41] Creation of dynamic property app::$rs_item_home_category is deprecated in C:\xampp\Desktop\mdcnpal\htdocs\public_html\core\app.php on line 434
[2026-07-06 18:33:41] Creation of dynamic property app::$rs_item_banner_category is deprecated in C:\xampp\Desktop\mdcnpal\htdocs\public_html\core\app.php on line 434
[2026-07-06 18:33:41] Creation of dynamic property app::$rs_services is deprecated in C:\xampp\Desktop\mdcnpal\htdocs\public_html\core\app.php on line 434
[2026-07-06 18:33:41] Creation of dynamic property app::$rs_blog is deprecated in C:\xampp\Desktop\mdcnpal\htdocs\public_html\core\app.php on line 434
[2026-07-06 18:33:41] Creation of dynamic property app::$rs_category is deprecated in C:\xampp\Desktop\mdcnpal\htdocs\public_html\core\app.php on line 434
[2026-07-06 18:33:41] Creation of dynamic property app::$rs_faq_data is deprecated in C:\xampp\Desktop\mdcnpal\htdocs\public_html\core\app.php on line 434
[2026-07-06 18:33:41] Creation of dynamic property app::$rs_gallery_data is deprecated in C:\xampp\Desktop\mdcnpal\htdocs\public_html\core\app.php on line 434
[2026-07-06 18:33:41] Undefined array key "tempCityID" in C:\xampp\Desktop\mdcnpal\htdocs\public_html\includes\header.php on line 5
[2026-07-06 18:33:41] Undefined array key "items" in C:\xampp\Desktop\mdcnpal\htdocs\public_html\includes\header.php on line 16
[2026-07-06 18:33:41] Undefined array key "item_category" in C:\xampp\Desktop\mdcnpal\htdocs\public_html\includes\header.php on line 26
[2026-07-06 18:33:41] Undefined array key "item_diseases" in C:\xampp\Desktop\mdcnpal\htdocs\public_html\includes\header.php on line 33
[2026-07-06 18:33:41] Undefined property: app::$rs_cartmini in C:\xampp\Desktop\mdcnpal\htdocs\public_html\includes\header.php on line 131
[2026-07-06 18:33:41] Undefined array key "MDRCCustID" in C:\xampp\Desktop\mdcnpal\htdocs\public_html\includes\header.php on line 134
[2026-07-06 18:33:41] Undefined property: app::$rs_cartmini in C:\xampp\Desktop\mdcnpal\htdocs\public_html\includes\header.php on line 197
[2026-07-06 18:33:41] Undefined array key "MDRCCustID" in C:\xampp\Desktop\mdcnpal\htdocs\public_html\includes\header.php on line 200
[2026-07-06 18:33:41] Undefined property: app::$rs_cartmini in C:\xampp\Desktop\mdcnpal\htdocs\public_html\includes\header.php on line 469
[2026-07-06 18:33:41] Undefined array key "MDRCCustID" in C:\xampp\Desktop\mdcnpal\htdocs\public_html\includes\header.php on line 472
[2026-07-06 18:33:41] Undefined property: app::$rs_cartmini in C:\xampp\Desktop\mdcnpal\htdocs\public_html\includes\header.php on line 525
[2026-07-06 18:33:41] Undefined array key "MDRCCustID" in C:\xampp\Desktop\mdcnpal\htdocs\public_html\includes\header.php on line 528
[2026-07-06 18:33:41] Undefined property: app::$rs_customer in C:\xampp\Desktop\mdcnpal\htdocs\public_html\includes\header.php on line 712
[2026-07-06 18:33:41] Trying to access array offset on value of type null in C:\xampp\Desktop\mdcnpal\htdocs\public_html\includes\header.php on line 712
[2026-07-06 18:33:41] Undefined property: app::$rs_customer in C:\xampp\Desktop\mdcnpal\htdocs\public_html\includes\header.php on line 721
[2026-07-06 18:33:41] Trying to access array offset on value of type null in C:\xampp\Desktop\mdcnpal\htdocs\public_html\includes\header.php on line 721
[2026-07-06 18:33:41] Undefined property: app::$rs_customer in C:\xampp\Desktop\mdcnpal\htdocs\public_html\includes\header.php on line 730
[2026-07-06 18:33:41] Trying to access array offset on value of type null in C:\xampp\Desktop\mdcnpal\htdocs\public_html\includes\header.php on line 730
[2026-07-06 18:33:41] Undefined property: app::$rs_customer in C:\xampp\Desktop\mdcnpal\htdocs\public_html\includes\header.php on line 739
[2026-07-06 18:33:41] Trying to access array offset on value of type null in C:\xampp\Desktop\mdcnpal\htdocs\public_html\includes\header.php on line 739
[2026-07-06 18:33:41] Undefined property: app::$rs_customer in C:\xampp\Desktop\mdcnpal\htdocs\public_html\includes\footer.php on line 357
[2026-07-06 18:33:41] Trying to access array offset on value of type null in C:\xampp\Desktop\mdcnpal\htdocs\public_html\includes\footer.php on line 357
[2026-07-06 18:33:41] Undefined property: app::$rs_customer in C:\xampp\Desktop\mdcnpal\htdocs\public_html\includes\footer.php on line 366
[2026-07-06 18:33:41] Trying to access array offset on value of type null in C:\xampp\Desktop\mdcnpal\htdocs\public_html\includes\footer.php on line 366
[2026-07-06 18:33:41] Undefined property: app::$rs_customer in C:\xampp\Desktop\mdcnpal\htdocs\public_html\includes\footer.php on line 372
[2026-07-06 18:33:41] Trying to access array offset on value of type null in C:\xampp\Desktop\mdcnpal\htdocs\public_html\includes\footer.php on line 372
[2026-07-06 18:33:41] Undefined property: app::$rs_customer in C:\xampp\Desktop\mdcnpal\htdocs\public_html\includes\general_data.php on line 88
[2026-07-06 18:33:41] Trying to access array offset on value of type null in C:\xampp\Desktop\mdcnpal\htdocs\public_html\includes\general_data.php on line 88
[2026-07-06 18:33:41] Undefined array key "MDRCCustID" in C:\xampp\Desktop\mdcnpal\htdocs\public_html\includes\general_data.php on line 88
[2026-07-06 18:33:41] Undefined variable $tmpStr in C:\xampp\Desktop\mdcnpal\htdocs\public_html\core\app.php on line 969
[2026-07-06 18:34:03] Creation of dynamic property dbclass::$RECORD_SET is deprecated in C:\xampp\Desktop\mdcnpal\htdocs\public_html\core\dbclass.php on line 69
[2026-07-06 18:34:03] Creation of dynamic property dbclass::$app is deprecated in C:\xampp\Desktop\mdcnpal\htdocs\public_html\core\dbclass.php on line 75
[2026-07-06 18:34:03] Creation of dynamic property model::$foreign_tables is deprecated in C:\xampp\Desktop\mdcnpal\htdocs\public_html\core\model.php on line 43
[2026-07-06 18:34:03] Creation of dynamic property app::$inputfilter is deprecated in C:\xampp\Desktop\mdcnpal\htdocs\public_html\core\app.php on line 123
[2026-07-06 18:34:03] Creation of dynamic property app::$userconfig is deprecated in C:\xampp\Desktop\mdcnpal\htdocs\public_html\core\app.php on line 124
[2026-07-06 18:34:03] Creation of dynamic property app::$global_include is deprecated in C:\xampp\Desktop\mdcnpal\htdocs\public_html\core\app.php on line 125
[2026-07-06 18:34:03] Creation of dynamic property app::$set_cache_time is deprecated in C:\xampp\Desktop\mdcnpal\htdocs\public_html\core\app.php on line 153
[2026-07-06 18:34:03] Creation of dynamic property app::$meta is deprecated in C:\xampp\Desktop\mdcnpal\htdocs\public_html\core\app.php on line 434
[2026-07-06 18:34:03] Creation of dynamic property app::$rs_gs_city is deprecated in C:\xampp\Desktop\mdcnpal\htdocs\public_html\core\app.php on line 434
[2026-07-06 18:34:03] Creation of dynamic property app::$rs_footer_popular_item is deprecated in C:\xampp\Desktop\mdcnpal\htdocs\public_html\core\app.php on line 434
[2026-07-06 18:34:03] Creation of dynamic property app::$rs_footer_popular_test is deprecated in C:\xampp\Desktop\mdcnpal\htdocs\public_html\core\app.php on line 434
[2026-07-06 18:34:03] Creation of dynamic property app::$rs_testimonial is deprecated in C:\xampp\Desktop\mdcnpal\htdocs\public_html\core\app.php on line 434
[2026-07-06 18:34:03] Creation of dynamic property app::$admin is deprecated in C:\xampp\Desktop\mdcnpal\htdocs\public_html\core\app.php on line 434
[2026-07-06 18:34:03] Undefined array key 0 in C:\xampp\Desktop\mdcnpal\htdocs\public_html\core\global_include.php on line 514
[2026-07-06 18:34:03] Creation of dynamic property app::$popup is deprecated in C:\xampp\Desktop\mdcnpal\htdocs\public_html\core\app.php on line 434
[2026-07-06 18:34:03] Undefined array key "MDRCCustID" in C:\xampp\Desktop\mdcnpal\htdocs\public_html\core\global_include.php on line 515
[2026-07-06 18:34:03] Undefined array key "MDRCToken" in C:\xampp\Desktop\mdcnpal\htdocs\public_html\core\global_include.php on line 515
[2026-07-06 18:34:03] Creation of dynamic property app::$rscategory is deprecated in C:\xampp\Desktop\mdcnpal\htdocs\public_html\core\app.php on line 434
[2026-07-06 18:34:03] Creation of dynamic property app::$rs_pages is deprecated in C:\xampp\Desktop\mdcnpal\htdocs\public_html\core\app.php on line 434
[2026-07-06 18:34:03] Creation of dynamic property app::$gs is deprecated in C:\xampp\Desktop\mdcnpal\htdocs\public_html\core\app.php on line 434
[2026-07-06 18:34:03] Undefined array key "MDRCCustID" in C:\xampp\Desktop\mdcnpal\htdocs\public_html\core\global_include.php on line 596
[2026-07-06 18:34:03] Undefined array key "MDRCCustID" in C:\xampp\Desktop\mdcnpal\htdocs\public_html\core\global_include.php on line 615
[2026-07-06 18:34:03] Undefined variable $getId in C:\xampp\Desktop\mdcnpal\htdocs\public_html\core\global_include.php on line 684
[2026-07-06 18:34:03] Undefined variable $getName in C:\xampp\Desktop\mdcnpal\htdocs\public_html\core\global_include.php on line 685
[2026-07-06 18:34:03] Undefined array key 0 in C:\xampp\Desktop\mdcnpal\htdocs\public_html\core\global_include.php on line 810
[2026-07-06 18:34:03] Creation of dynamic property app::$rs_offer_msg is deprecated in C:\xampp\Desktop\mdcnpal\htdocs\public_html\core\app.php on line 434
[2026-07-06 18:34:03] Creation of dynamic property app::$rs_for_doctors is deprecated in C:\xampp\Desktop\mdcnpal\htdocs\public_html\core\app.php on line 434
[2026-07-06 18:34:03] Creation of dynamic property app::$rs_area is deprecated in C:\xampp\Desktop\mdcnpal\htdocs\public_html\core\app.php on line 434
[2026-07-06 18:34:03] Creation of dynamic property app::$slug is deprecated in C:\xampp\Desktop\mdcnpal\htdocs\public_html\core\app.php on line 434
[2026-07-06 18:34:03] Creation of dynamic property app::$rs_banner is deprecated in C:\xampp\Desktop\mdcnpal\htdocs\public_html\core\app.php on line 434
[2026-07-06 18:34:03] Creation of dynamic property app::$rs_diseases is deprecated in C:\xampp\Desktop\mdcnpal\htdocs\public_html\core\app.php on line 434
[2026-07-06 18:34:03] Creation of dynamic property app::$diseasesInfo is deprecated in C:\xampp\Desktop\mdcnpal\htdocs\public_html\core\app.php on line 434
[2026-07-06 18:34:03] Undefined variable $rs_cat in C:\xampp\Desktop\mdcnpal\htdocs\public_html\controllers\controller_diseases.php on line 62
[2026-07-06 18:34:03] Trying to access array offset on value of type null in C:\xampp\Desktop\mdcnpal\htdocs\public_html\controllers\controller_diseases.php on line 62
[2026-07-06 18:34:03] Trying to access array offset on value of type null in C:\xampp\Desktop\mdcnpal\htdocs\public_html\controllers\controller_diseases.php on line 62
[2026-07-06 18:34:03] Creation of dynamic property app::$item_diseases_banner is deprecated in C:\xampp\Desktop\mdcnpal\htdocs\public_html\core\app.php on line 434
[2026-07-06 18:34:03] Creation of dynamic property app::$department_id is deprecated in C:\xampp\Desktop\mdcnpal\htdocs\public_html\core\app.php on line 434
[2026-07-06 18:34:03] Creation of dynamic property app::$city_id is deprecated in C:\xampp\Desktop\mdcnpal\htdocs\public_html\core\app.php on line 434
[2026-07-06 18:34:03] Creation of dynamic property app::$city_name is deprecated in C:\xampp\Desktop\mdcnpal\htdocs\public_html\core\app.php on line 434
[2026-07-06 18:34:03] Creation of dynamic property app::$data_id is deprecated in C:\xampp\Desktop\mdcnpal\htdocs\public_html\core\app.php on line 434
[2026-07-06 18:34:03] Creation of dynamic property app::$data_name is deprecated in C:\xampp\Desktop\mdcnpal\htdocs\public_html\core\app.php on line 434
[2026-07-06 18:34:03] Creation of dynamic property app::$pageType is deprecated in C:\xampp\Desktop\mdcnpal\htdocs\public_html\core\app.php on line 434
[2026-07-06 18:34:03] Creation of dynamic property app::$all_diseases is deprecated in C:\xampp\Desktop\mdcnpal\htdocs\public_html\core\app.php on line 434
[2026-07-06 18:34:03] Creation of dynamic property app::$rs_faq_data is deprecated in C:\xampp\Desktop\mdcnpal\htdocs\public_html\core\app.php on line 434
[2026-07-06 18:34:03] Undefined property: app::$rs_cartmini in C:\xampp\Desktop\mdcnpal\htdocs\public_html\includes\header.php on line 131
[2026-07-06 18:34:03] Undefined array key "MDRCCustID" in C:\xampp\Desktop\mdcnpal\htdocs\public_html\includes\header.php on line 134
[2026-07-06 18:34:03] Undefined property: app::$rs_cartmini in C:\xampp\Desktop\mdcnpal\htdocs\public_html\includes\header.php on line 197
[2026-07-06 18:34:03] Undefined array key "MDRCCustID" in C:\xampp\Desktop\mdcnpal\htdocs\public_html\includes\header.php on line 200
[2026-07-06 18:34:03] Undefined property: app::$rs_cartmini in C:\xampp\Desktop\mdcnpal\htdocs\public_html\includes\header.php on line 469
[2026-07-06 18:34:03] Undefined array key "MDRCCustID" in C:\xampp\Desktop\mdcnpal\htdocs\public_html\includes\header.php on line 472
[2026-07-06 18:34:03] Undefined property: app::$rs_cartmini in C:\xampp\Desktop\mdcnpal\htdocs\public_html\includes\header.php on line 525
[2026-07-06 18:34:03] Undefined array key "MDRCCustID" in C:\xampp\Desktop\mdcnpal\htdocs\public_html\includes\header.php on line 528
[2026-07-06 18:34:03] Undefined property: app::$rs_customer in C:\xampp\Desktop\mdcnpal\htdocs\public_html\includes\header.php on line 712
[2026-07-06 18:34:03] Trying to access array offset on value of type null in C:\xampp\Desktop\mdcnpal\htdocs\public_html\includes\header.php on line 712
[2026-07-06 18:34:03] Undefined property: app::$rs_customer in C:\xampp\Desktop\mdcnpal\htdocs\public_html\includes\header.php on line 721
[2026-07-06 18:34:03] Trying to access array offset on value of type null in C:\xampp\Desktop\mdcnpal\htdocs\public_html\includes\header.php on line 721
[2026-07-06 18:34:03] Undefined property: app::$rs_customer in C:\xampp\Desktop\mdcnpal\htdocs\public_html\includes\header.php on line 730
[2026-07-06 18:34:03] Trying to access array offset on value of type null in C:\xampp\Desktop\mdcnpal\htdocs\public_html\includes\header.php on line 730
[2026-07-06 18:34:03] Undefined property: app::$rs_customer in C:\xampp\Desktop\mdcnpal\htdocs\public_html\includes\header.php on line 739
[2026-07-06 18:34:03] Trying to access array offset on value of type null in C:\xampp\Desktop\mdcnpal\htdocs\public_html\includes\header.php on line 739
[2026-07-06 18:34:03] Undefined property: app::$rs_customer in C:\xampp\Desktop\mdcnpal\htdocs\public_html\includes\footer.php on line 357
[2026-07-06 18:34:03] Trying to access array offset on value of type null in C:\xampp\Desktop\mdcnpal\htdocs\public_html\includes\footer.php on line 357
[2026-07-06 18:34:03] Undefined property: app::$rs_customer in C:\xampp\Desktop\mdcnpal\htdocs\public_html\includes\footer.php on line 366
[2026-07-06 18:34:03] Trying to access array offset on value of type null in C:\xampp\Desktop\mdcnpal\htdocs\public_html\includes\footer.php on line 366
[2026-07-06 18:34:03] Undefined property: app::$rs_customer in C:\xampp\Desktop\mdcnpal\htdocs\public_html\includes\footer.php on line 372
[2026-07-06 18:34:03] Trying to access array offset on value of type null in C:\xampp\Desktop\mdcnpal\htdocs\public_html\includes\footer.php on line 372
[2026-07-06 18:34:03] Undefined property: app::$rs_customer in C:\xampp\Desktop\mdcnpal\htdocs\public_html\includes\general_data.php on line 88
[2026-07-06 18:34:03] Trying to access array offset on value of type null in C:\xampp\Desktop\mdcnpal\htdocs\public_html\includes\general_data.php on line 88
[2026-07-06 18:34:03] Undefined array key "MDRCCustID" in C:\xampp\Desktop\mdcnpal\htdocs\public_html\includes\general_data.php on line 88
[2026-07-06 18:34:03] Undefined variable $tmpStr in C:\xampp\Desktop\mdcnpal\htdocs\public_html\core\app.php on line 969
[2026-07-06 18:34:04] Creation of dynamic property dbclass::$RECORD_SET is deprecated in C:\xampp\Desktop\mdcnpal\htdocs\public_html\core\dbclass.php on line 69
[2026-07-06 18:34:04] Creation of dynamic property dbclass::$app is deprecated in C:\xampp\Desktop\mdcnpal\htdocs\public_html\core\dbclass.php on line 75
[2026-07-06 18:34:04] Creation of dynamic property model::$foreign_tables is deprecated in C:\xampp\Desktop\mdcnpal\htdocs\public_html\core\model.php on line 43
[2026-07-06 18:34:04] Creation of dynamic property app::$inputfilter is deprecated in C:\xampp\Desktop\mdcnpal\htdocs\public_html\core\app.php on line 123
[2026-07-06 18:34:04] Creation of dynamic property app::$userconfig is deprecated in C:\xampp\Desktop\mdcnpal\htdocs\public_html\core\app.php on line 124
[2026-07-06 18:34:04] Creation of dynamic property app::$global_include is deprecated in C:\xampp\Desktop\mdcnpal\htdocs\public_html\core\app.php on line 125
[2026-07-06 18:34:04] Creation of dynamic property app::$set_cache_time is deprecated in C:\xampp\Desktop\mdcnpal\htdocs\public_html\core\app.php on line 153
[2026-07-06 18:34:08] Creation of dynamic property dbclass::$RECORD_SET is deprecated in C:\xampp\Desktop\mdcnpal\htdocs\public_html\core\dbclass.php on line 69
[2026-07-06 18:34:08] Creation of dynamic property dbclass::$app is deprecated in C:\xampp\Desktop\mdcnpal\htdocs\public_html\core\dbclass.php on line 75
[2026-07-06 18:34:08] Creation of dynamic property model::$foreign_tables is deprecated in C:\xampp\Desktop\mdcnpal\htdocs\public_html\core\model.php on line 43
[2026-07-06 18:34:08] Creation of dynamic property app::$inputfilter is deprecated in C:\xampp\Desktop\mdcnpal\htdocs\public_html\core\app.php on line 123
[2026-07-06 18:34:08] Creation of dynamic property app::$userconfig is deprecated in C:\xampp\Desktop\mdcnpal\htdocs\public_html\core\app.php on line 124
[2026-07-06 18:34:08] Creation of dynamic property app::$global_include is deprecated in C:\xampp\Desktop\mdcnpal\htdocs\public_html\core\app.php on line 125
[2026-07-06 18:34:08] Creation of dynamic property app::$set_cache_time is deprecated in C:\xampp\Desktop\mdcnpal\htdocs\public_html\core\app.php on line 153
[2026-07-06 18:34:08] Creation of dynamic property app::$meta is deprecated in C:\xampp\Desktop\mdcnpal\htdocs\public_html\core\app.php on line 434
[2026-07-06 18:34:08] Creation of dynamic property app::$rs_gs_city is deprecated in C:\xampp\Desktop\mdcnpal\htdocs\public_html\core\app.php on line 434
[2026-07-06 18:34:08] Creation of dynamic property app::$rs_footer_popular_item is deprecated in C:\xampp\Desktop\mdcnpal\htdocs\public_html\core\app.php on line 434
[2026-07-06 18:34:08] Creation of dynamic property app::$rs_footer_popular_test is deprecated in C:\xampp\Desktop\mdcnpal\htdocs\public_html\core\app.php on line 434
[2026-07-06 18:34:08] Creation of dynamic property app::$rs_testimonial is deprecated in C:\xampp\Desktop\mdcnpal\htdocs\public_html\core\app.php on line 434
[2026-07-06 18:34:08] Creation of dynamic property app::$admin is deprecated in C:\xampp\Desktop\mdcnpal\htdocs\public_html\core\app.php on line 434
[2026-07-06 18:34:08] Undefined array key 0 in C:\xampp\Desktop\mdcnpal\htdocs\public_html\core\global_include.php on line 514
[2026-07-06 18:34:08] Creation of dynamic property app::$popup is deprecated in C:\xampp\Desktop\mdcnpal\htdocs\public_html\core\app.php on line 434
[2026-07-06 18:34:08] Undefined array key "MDRCCustID" in C:\xampp\Desktop\mdcnpal\htdocs\public_html\core\global_include.php on line 515
[2026-07-06 18:34:08] Undefined array key "MDRCToken" in C:\xampp\Desktop\mdcnpal\htdocs\public_html\core\global_include.php on line 515
[2026-07-06 18:34:08] Creation of dynamic property app::$rscategory is deprecated in C:\xampp\Desktop\mdcnpal\htdocs\public_html\core\app.php on line 434
[2026-07-06 18:34:08] Creation of dynamic property app::$rs_pages is deprecated in C:\xampp\Desktop\mdcnpal\htdocs\public_html\core\app.php on line 434
[2026-07-06 18:34:08] Creation of dynamic property app::$gs is deprecated in C:\xampp\Desktop\mdcnpal\htdocs\public_html\core\app.php on line 434
[2026-07-06 18:34:08] Undefined array key "MDRCCustID" in C:\xampp\Desktop\mdcnpal\htdocs\public_html\core\global_include.php on line 596
[2026-07-06 18:34:08] Undefined array key "MDRCCustID" in C:\xampp\Desktop\mdcnpal\htdocs\public_html\core\global_include.php on line 615
[2026-07-06 18:34:08] Undefined variable $getId in C:\xampp\Desktop\mdcnpal\htdocs\public_html\core\global_include.php on line 684
[2026-07-06 18:34:08] Undefined variable $getName in C:\xampp\Desktop\mdcnpal\htdocs\public_html\core\global_include.php on line 685
[2026-07-06 18:34:08] Undefined array key 0 in C:\xampp\Desktop\mdcnpal\htdocs\public_html\core\global_include.php on line 810
[2026-07-06 18:34:08] Creation of dynamic property app::$rs_offer_msg is deprecated in C:\xampp\Desktop\mdcnpal\htdocs\public_html\core\app.php on line 434
[2026-07-06 18:34:08] Creation of dynamic property app::$rs_for_doctors is deprecated in C:\xampp\Desktop\mdcnpal\htdocs\public_html\core\app.php on line 434
[2026-07-06 18:34:08] Creation of dynamic property app::$rs_data is deprecated in C:\xampp\Desktop\mdcnpal\htdocs\public_html\core\app.php on line 434
[2026-07-06 18:34:08] Creation of dynamic property app::$rs_certi_data is deprecated in C:\xampp\Desktop\mdcnpal\htdocs\public_html\core\app.php on line 434
[2026-07-06 18:34:08] Creation of dynamic property app::$rs_key_fetures_data is deprecated in C:\xampp\Desktop\mdcnpal\htdocs\public_html\core\app.php on line 434
[2026-07-06 18:34:08] Creation of dynamic property app::$rs_banner is deprecated in C:\xampp\Desktop\mdcnpal\htdocs\public_html\core\app.php on line 434
[2026-07-06 18:34:08] Creation of dynamic property app::$rs_package_data is deprecated in C:\xampp\Desktop\mdcnpal\htdocs\public_html\core\app.php on line 434
[2026-07-06 18:34:08] Creation of dynamic property app::$city_id is deprecated in C:\xampp\Desktop\mdcnpal\htdocs\public_html\core\app.php on line 434
[2026-07-06 18:34:08] Creation of dynamic property app::$city_name is deprecated in C:\xampp\Desktop\mdcnpal\htdocs\public_html\core\app.php on line 434
[2026-07-06 18:34:08] Creation of dynamic property app::$rs_faq_data is deprecated in C:\xampp\Desktop\mdcnpal\htdocs\public_html\core\app.php on line 434
[2026-07-06 18:34:08] Undefined property: app::$rs_cartmini in C:\xampp\Desktop\mdcnpal\htdocs\public_html\includes\header.php on line 131
[2026-07-06 18:34:08] Undefined array key "MDRCCustID" in C:\xampp\Desktop\mdcnpal\htdocs\public_html\includes\header.php on line 134
[2026-07-06 18:34:08] Undefined property: app::$rs_cartmini in C:\xampp\Desktop\mdcnpal\htdocs\public_html\includes\header.php on line 197
[2026-07-06 18:34:08] Undefined array key "MDRCCustID" in C:\xampp\Desktop\mdcnpal\htdocs\public_html\includes\header.php on line 200
[2026-07-06 18:34:08] Undefined property: app::$rs_cartmini in C:\xampp\Desktop\mdcnpal\htdocs\public_html\includes\header.php on line 469
[2026-07-06 18:34:08] Undefined array key "MDRCCustID" in C:\xampp\Desktop\mdcnpal\htdocs\public_html\includes\header.php on line 472
[2026-07-06 18:34:08] Undefined property: app::$rs_cartmini in C:\xampp\Desktop\mdcnpal\htdocs\public_html\includes\header.php on line 525
[2026-07-06 18:34:08] Undefined array key "MDRCCustID" in C:\xampp\Desktop\mdcnpal\htdocs\public_html\includes\header.php on line 528
[2026-07-06 18:34:08] Undefined property: app::$rs_customer in C:\xampp\Desktop\mdcnpal\htdocs\public_html\includes\header.php on line 712
[2026-07-06 18:34:08] Trying to access array offset on value of type null in C:\xampp\Desktop\mdcnpal\htdocs\public_html\includes\header.php on line 712
[2026-07-06 18:34:08] Undefined property: app::$rs_customer in C:\xampp\Desktop\mdcnpal\htdocs\public_html\includes\header.php on line 721
[2026-07-06 18:34:08] Trying to access array offset on value of type null in C:\xampp\Desktop\mdcnpal\htdocs\public_html\includes\header.php on line 721
[2026-07-06 18:34:08] Undefined property: app::$rs_customer in C:\xampp\Desktop\mdcnpal\htdocs\public_html\includes\header.php on line 730
[2026-07-06 18:34:08] Trying to access array offset on value of type null in C:\xampp\Desktop\mdcnpal\htdocs\public_html\includes\header.php on line 730
[2026-07-06 18:34:08] Undefined property: app::$rs_customer in C:\xampp\Desktop\mdcnpal\htdocs\public_html\includes\header.php on line 739
[2026-07-06 18:34:08] Trying to access array offset on value of type null in C:\xampp\Desktop\mdcnpal\htdocs\public_html\includes\header.php on line 739
[2026-07-06 18:34:08] Undefined variable $mrpP in C:\xampp\Desktop\mdcnpal\htdocs\public_html\core\utility.php on line 7183
[2026-07-06 18:34:08] Undefined variable $disc in C:\xampp\Desktop\mdcnpal\htdocs\public_html\core\utility.php on line 7194
[2026-07-06 18:34:08] Undefined property: app::$rs_customer in C:\xampp\Desktop\mdcnpal\htdocs\public_html\includes\footer.php on line 357
[2026-07-06 18:34:08] Trying to access array offset on value of type null in C:\xampp\Desktop\mdcnpal\htdocs\public_html\includes\footer.php on line 357
[2026-07-06 18:34:08] Undefined property: app::$rs_customer in C:\xampp\Desktop\mdcnpal\htdocs\public_html\includes\footer.php on line 366
[2026-07-06 18:34:08] Trying to access array offset on value of type null in C:\xampp\Desktop\mdcnpal\htdocs\public_html\includes\footer.php on line 366
[2026-07-06 18:34:08] Undefined property: app::$rs_customer in C:\xampp\Desktop\mdcnpal\htdocs\public_html\includes\footer.php on line 372
[2026-07-06 18:34:08] Trying to access array offset on value of type null in C:\xampp\Desktop\mdcnpal\htdocs\public_html\includes\footer.php on line 372
[2026-07-06 18:34:08] Undefined property: app::$rs_customer in C:\xampp\Desktop\mdcnpal\htdocs\public_html\includes\general_data.php on line 88
[2026-07-06 18:34:08] Trying to access array offset on value of type null in C:\xampp\Desktop\mdcnpal\htdocs\public_html\includes\general_data.php on line 88
[2026-07-06 18:34:08] Undefined array key "MDRCCustID" in C:\xampp\Desktop\mdcnpal\htdocs\public_html\includes\general_data.php on line 88
[2026-07-06 18:34:08] Undefined variable $tmpStr in C:\xampp\Desktop\mdcnpal\htdocs\public_html\core\app.php on line 969
[2026-07-06 18:34:10] Creation of dynamic property dbclass::$RECORD_SET is deprecated in C:\xampp\Desktop\mdcnpal\htdocs\public_html\core\dbclass.php on line 69
[2026-07-06 18:34:10] Creation of dynamic property dbclass::$app is deprecated in C:\xampp\Desktop\mdcnpal\htdocs\public_html\core\dbclass.php on line 75
[2026-07-06 18:34:10] Creation of dynamic property model::$foreign_tables is deprecated in C:\xampp\Desktop\mdcnpal\htdocs\public_html\core\model.php on line 43
[2026-07-06 18:34:10] Creation of dynamic property app::$inputfilter is deprecated in C:\xampp\Desktop\mdcnpal\htdocs\public_html\core\app.php on line 123
[2026-07-06 18:34:10] Creation of dynamic property app::$userconfig is deprecated in C:\xampp\Desktop\mdcnpal\htdocs\public_html\core\app.php on line 124
[2026-07-06 18:34:10] Creation of dynamic property app::$global_include is deprecated in C:\xampp\Desktop\mdcnpal\htdocs\public_html\core\app.php on line 125
[2026-07-06 18:34:10] Creation of dynamic property app::$set_cache_time is deprecated in C:\xampp\Desktop\mdcnpal\htdocs\public_html\core\app.php on line 153
[2026-07-06 18:34:10] Undefined variable $RESULT in C:\xampp\Desktop\mdcnpal\htdocs\public_html\scripts\ajax\selectCityUsingGoogleMapApi.php on line 69
[2026-07-06 18:34:10] Undefined variable $URL in C:\xampp\Desktop\mdcnpal\htdocs\public_html\scripts\ajax\selectCityUsingGoogleMapApi.php on line 73
[2026-07-06 18:34:12] Creation of dynamic property dbclass::$RECORD_SET is deprecated in C:\xampp\Desktop\mdcnpal\htdocs\public_html\core\dbclass.php on line 69
[2026-07-06 18:34:12] Creation of dynamic property dbclass::$app is deprecated in C:\xampp\Desktop\mdcnpal\htdocs\public_html\core\dbclass.php on line 75
[2026-07-06 18:34:12] Creation of dynamic property model::$foreign_tables is deprecated in C:\xampp\Desktop\mdcnpal\htdocs\public_html\core\model.php on line 43
[2026-07-06 18:34:12] Creation of dynamic property app::$inputfilter is deprecated in C:\xampp\Desktop\mdcnpal\htdocs\public_html\core\app.php on line 123
[2026-07-06 18:34:12] Creation of dynamic property app::$userconfig is deprecated in C:\xampp\Desktop\mdcnpal\htdocs\public_html\core\app.php on line 124
[2026-07-06 18:34:12] Creation of dynamic property app::$global_include is deprecated in C:\xampp\Desktop\mdcnpal\htdocs\public_html\core\app.php on line 125
[2026-07-06 18:34:12] Creation of dynamic property app::$set_cache_time is deprecated in C:\xampp\Desktop\mdcnpal\htdocs\public_html\core\app.php on line 153
[2026-07-06 18:34:12] Creation of dynamic property app::$meta is deprecated in C:\xampp\Desktop\mdcnpal\htdocs\public_html\core\app.php on line 434
[2026-07-06 18:34:12] Creation of dynamic property app::$rs_gs_city is deprecated in C:\xampp\Desktop\mdcnpal\htdocs\public_html\core\app.php on line 434
[2026-07-06 18:34:12] Creation of dynamic property app::$rs_footer_popular_item is deprecated in C:\xampp\Desktop\mdcnpal\htdocs\public_html\core\app.php on line 434
[2026-07-06 18:34:12] Creation of dynamic property app::$rs_footer_popular_test is deprecated in C:\xampp\Desktop\mdcnpal\htdocs\public_html\core\app.php on line 434
[2026-07-06 18:34:12] Creation of dynamic property app::$rs_testimonial is deprecated in C:\xampp\Desktop\mdcnpal\htdocs\public_html\core\app.php on line 434
[2026-07-06 18:34:12] Creation of dynamic property app::$admin is deprecated in C:\xampp\Desktop\mdcnpal\htdocs\public_html\core\app.php on line 434
[2026-07-06 18:34:12] Undefined array key 0 in C:\xampp\Desktop\mdcnpal\htdocs\public_html\core\global_include.php on line 514
[2026-07-06 18:34:12] Creation of dynamic property app::$popup is deprecated in C:\xampp\Desktop\mdcnpal\htdocs\public_html\core\app.php on line 434
[2026-07-06 18:34:12] Undefined array key "MDRCCustID" in C:\xampp\Desktop\mdcnpal\htdocs\public_html\core\global_include.php on line 515
[2026-07-06 18:34:12] Undefined array key "MDRCToken" in C:\xampp\Desktop\mdcnpal\htdocs\public_html\core\global_include.php on line 515
[2026-07-06 18:34:12] Creation of dynamic property app::$rscategory is deprecated in C:\xampp\Desktop\mdcnpal\htdocs\public_html\core\app.php on line 434
[2026-07-06 18:34:12] Creation of dynamic property app::$rs_pages is deprecated in C:\xampp\Desktop\mdcnpal\htdocs\public_html\core\app.php on line 434
[2026-07-06 18:34:12] Creation of dynamic property app::$gs is deprecated in C:\xampp\Desktop\mdcnpal\htdocs\public_html\core\app.php on line 434
[2026-07-06 18:34:12] Undefined array key "MDRCCustID" in C:\xampp\Desktop\mdcnpal\htdocs\public_html\core\global_include.php on line 596
[2026-07-06 18:34:12] Undefined array key "MDRCCustID" in C:\xampp\Desktop\mdcnpal\htdocs\public_html\core\global_include.php on line 615
[2026-07-06 18:34:12] Undefined variable $getId in C:\xampp\Desktop\mdcnpal\htdocs\public_html\core\global_include.php on line 684
[2026-07-06 18:34:12] Undefined variable $getName in C:\xampp\Desktop\mdcnpal\htdocs\public_html\core\global_include.php on line 685
[2026-07-06 18:34:12] Undefined array key 0 in C:\xampp\Desktop\mdcnpal\htdocs\public_html\core\global_include.php on line 810
[2026-07-06 18:34:12] Creation of dynamic property app::$rs_offer_msg is deprecated in C:\xampp\Desktop\mdcnpal\htdocs\public_html\core\app.php on line 434
[2026-07-06 18:34:12] Creation of dynamic property app::$rs_for_doctors is deprecated in C:\xampp\Desktop\mdcnpal\htdocs\public_html\core\app.php on line 434
[2026-07-06 18:34:12] Creation of dynamic property app::$rs_area is deprecated in C:\xampp\Desktop\mdcnpal\htdocs\public_html\core\app.php on line 434
[2026-07-06 18:34:12] Creation of dynamic property app::$slug is deprecated in C:\xampp\Desktop\mdcnpal\htdocs\public_html\core\app.php on line 434
[2026-07-06 18:34:12] Creation of dynamic property app::$rs_banner is deprecated in C:\xampp\Desktop\mdcnpal\htdocs\public_html\core\app.php on line 434
[2026-07-06 18:34:12] Creation of dynamic property app::$rs_diseases is deprecated in C:\xampp\Desktop\mdcnpal\htdocs\public_html\core\app.php on line 434
[2026-07-06 18:34:12] Creation of dynamic property app::$diseasesInfo is deprecated in C:\xampp\Desktop\mdcnpal\htdocs\public_html\core\app.php on line 434
[2026-07-06 18:34:12] Undefined variable $rs_cat in C:\xampp\Desktop\mdcnpal\htdocs\public_html\controllers\controller_diseases.php on line 62
[2026-07-06 18:34:12] Trying to access array offset on value of type null in C:\xampp\Desktop\mdcnpal\htdocs\public_html\controllers\controller_diseases.php on line 62
[2026-07-06 18:34:12] Trying to access array offset on value of type null in C:\xampp\Desktop\mdcnpal\htdocs\public_html\controllers\controller_diseases.php on line 62
[2026-07-06 18:34:12] Creation of dynamic property app::$item_diseases_banner is deprecated in C:\xampp\Desktop\mdcnpal\htdocs\public_html\core\app.php on line 434
[2026-07-06 18:34:12] Creation of dynamic property app::$department_id is deprecated in C:\xampp\Desktop\mdcnpal\htdocs\public_html\core\app.php on line 434
[2026-07-06 18:34:12] Creation of dynamic property app::$city_id is deprecated in C:\xampp\Desktop\mdcnpal\htdocs\public_html\core\app.php on line 434
[2026-07-06 18:34:12] Creation of dynamic property app::$city_name is deprecated in C:\xampp\Desktop\mdcnpal\htdocs\public_html\core\app.php on line 434
[2026-07-06 18:34:12] Creation of dynamic property app::$data_id is deprecated in C:\xampp\Desktop\mdcnpal\htdocs\public_html\core\app.php on line 434
[2026-07-06 18:34:12] Creation of dynamic property app::$data_name is deprecated in C:\xampp\Desktop\mdcnpal\htdocs\public_html\core\app.php on line 434
[2026-07-06 18:34:12] Creation of dynamic property app::$pageType is deprecated in C:\xampp\Desktop\mdcnpal\htdocs\public_html\core\app.php on line 434
[2026-07-06 18:34:12] Creation of dynamic property app::$all_diseases is deprecated in C:\xampp\Desktop\mdcnpal\htdocs\public_html\core\app.php on line 434
[2026-07-06 18:34:12] Creation of dynamic property app::$rs_faq_data is deprecated in C:\xampp\Desktop\mdcnpal\htdocs\public_html\core\app.php on line 434
[2026-07-06 18:34:12] Undefined property: app::$rs_cartmini in C:\xampp\Desktop\mdcnpal\htdocs\public_html\includes\header.php on line 131
[2026-07-06 18:34:12] Undefined array key "MDRCCustID" in C:\xampp\Desktop\mdcnpal\htdocs\public_html\includes\header.php on line 134
[2026-07-06 18:34:12] Undefined property: app::$rs_cartmini in C:\xampp\Desktop\mdcnpal\htdocs\public_html\includes\header.php on line 197
[2026-07-06 18:34:12] Undefined array key "MDRCCustID" in C:\xampp\Desktop\mdcnpal\htdocs\public_html\includes\header.php on line 200
[2026-07-06 18:34:12] Undefined property: app::$rs_cartmini in C:\xampp\Desktop\mdcnpal\htdocs\public_html\includes\header.php on line 469
[2026-07-06 18:34:12] Undefined array key "MDRCCustID" in C:\xampp\Desktop\mdcnpal\htdocs\public_html\includes\header.php on line 472
[2026-07-06 18:34:12] Undefined property: app::$rs_cartmini in C:\xampp\Desktop\mdcnpal\htdocs\public_html\includes\header.php on line 525
[2026-07-06 18:34:12] Undefined array key "MDRCCustID" in C:\xampp\Desktop\mdcnpal\htdocs\public_html\includes\header.php on line 528
[2026-07-06 18:34:12] Undefined property: app::$rs_customer in C:\xampp\Desktop\mdcnpal\htdocs\public_html\includes\header.php on line 712
[2026-07-06 18:34:12] Trying to access array offset on value of type null in C:\xampp\Desktop\mdcnpal\htdocs\public_html\includes\header.php on line 712
[2026-07-06 18:34:12] Undefined property: app::$rs_customer in C:\xampp\Desktop\mdcnpal\htdocs\public_html\includes\header.php on line 721
[2026-07-06 18:34:12] Trying to access array offset on value of type null in C:\xampp\Desktop\mdcnpal\htdocs\public_html\includes\header.php on line 721
[2026-07-06 18:34:12] Undefined property: app::$rs_customer in C:\xampp\Desktop\mdcnpal\htdocs\public_html\includes\header.php on line 730
[2026-07-06 18:34:12] Trying to access array offset on value of type null in C:\xampp\Desktop\mdcnpal\htdocs\public_html\includes\header.php on line 730
[2026-07-06 18:34:12] Undefined property: app::$rs_customer in C:\xampp\Desktop\mdcnpal\htdocs\public_html\includes\header.php on line 739
[2026-07-06 18:34:12] Trying to access array offset on value of type null in C:\xampp\Desktop\mdcnpal\htdocs\public_html\includes\header.php on line 739
[2026-07-06 18:34:12] Undefined property: app::$rs_customer in C:\xampp\Desktop\mdcnpal\htdocs\public_html\includes\footer.php on line 357
[2026-07-06 18:34:12] Trying to access array offset on value of type null in C:\xampp\Desktop\mdcnpal\htdocs\public_html\includes\footer.php on line 357
[2026-07-06 18:34:12] Undefined property: app::$rs_customer in C:\xampp\Desktop\mdcnpal\htdocs\public_html\includes\footer.php on line 366
[2026-07-06 18:34:12] Trying to access array offset on value of type null in C:\xampp\Desktop\mdcnpal\htdocs\public_html\includes\footer.php on line 366
[2026-07-06 18:34:12] Undefined property: app::$rs_customer in C:\xampp\Desktop\mdcnpal\htdocs\public_html\includes\footer.php on line 372
[2026-07-06 18:34:12] Trying to access array offset on value of type null in C:\xampp\Desktop\mdcnpal\htdocs\public_html\includes\footer.php on line 372
[2026-07-06 18:34:12] Undefined property: app::$rs_customer in C:\xampp\Desktop\mdcnpal\htdocs\public_html\includes\general_data.php on line 88
[2026-07-06 18:34:12] Trying to access array offset on value of type null in C:\xampp\Desktop\mdcnpal\htdocs\public_html\includes\general_data.php on line 88
[2026-07-06 18:34:12] Undefined array key "MDRCCustID" in C:\xampp\Desktop\mdcnpal\htdocs\public_html\includes\general_data.php on line 88
[2026-07-06 18:34:12] Undefined variable $tmpStr in C:\xampp\Desktop\mdcnpal\htdocs\public_html\core\app.php on line 969
[2026-07-06 18:34:13] Creation of dynamic property dbclass::$RECORD_SET is deprecated in C:\xampp\Desktop\mdcnpal\htdocs\public_html\core\dbclass.php on line 69
[2026-07-06 18:34:13] Creation of dynamic property dbclass::$app is deprecated in C:\xampp\Desktop\mdcnpal\htdocs\public_html\core\dbclass.php on line 75
[2026-07-06 18:34:13] Creation of dynamic property model::$foreign_tables is deprecated in C:\xampp\Desktop\mdcnpal\htdocs\public_html\core\model.php on line 43
[2026-07-06 18:34:13] Creation of dynamic property app::$inputfilter is deprecated in C:\xampp\Desktop\mdcnpal\htdocs\public_html\core\app.php on line 123
[2026-07-06 18:34:13] Creation of dynamic property app::$userconfig is deprecated in C:\xampp\Desktop\mdcnpal\htdocs\public_html\core\app.php on line 124
[2026-07-06 18:34:13] Creation of dynamic property app::$global_include is deprecated in C:\xampp\Desktop\mdcnpal\htdocs\public_html\core\app.php on line 125
[2026-07-06 18:34:13] Creation of dynamic property app::$set_cache_time is deprecated in C:\xampp\Desktop\mdcnpal\htdocs\public_html\core\app.php on line 153
[2026-07-06 18:34:15] Creation of dynamic property dbclass::$RECORD_SET is deprecated in C:\xampp\Desktop\mdcnpal\htdocs\public_html\core\dbclass.php on line 69
[2026-07-06 18:34:15] Creation of dynamic property dbclass::$app is deprecated in C:\xampp\Desktop\mdcnpal\htdocs\public_html\core\dbclass.php on line 75
[2026-07-06 18:34:15] Creation of dynamic property model::$foreign_tables is deprecated in C:\xampp\Desktop\mdcnpal\htdocs\public_html\core\model.php on line 43
[2026-07-06 18:34:15] Creation of dynamic property app::$inputfilter is deprecated in C:\xampp\Desktop\mdcnpal\htdocs\public_html\core\app.php on line 123
[2026-07-06 18:34:15] Creation of dynamic property app::$userconfig is deprecated in C:\xampp\Desktop\mdcnpal\htdocs\public_html\core\app.php on line 124
[2026-07-06 18:34:15] Creation of dynamic property app::$global_include is deprecated in C:\xampp\Desktop\mdcnpal\htdocs\public_html\core\app.php on line 125
[2026-07-06 18:34:15] Creation of dynamic property app::$set_cache_time is deprecated in C:\xampp\Desktop\mdcnpal\htdocs\public_html\core\app.php on line 153
[2026-07-06 18:34:15] Undefined variable $RESULT in C:\xampp\Desktop\mdcnpal\htdocs\public_html\scripts\ajax\selectCityUsingGoogleMapApi.php on line 69
[2026-07-06 18:34:15] Undefined variable $URL in C:\xampp\Desktop\mdcnpal\htdocs\public_html\scripts\ajax\selectCityUsingGoogleMapApi.php on line 73
[2026-07-06 18:34:17] Creation of dynamic property dbclass::$RECORD_SET is deprecated in C:\xampp\Desktop\mdcnpal\htdocs\public_html\core\dbclass.php on line 69
[2026-07-06 18:34:17] Creation of dynamic property dbclass::$app is deprecated in C:\xampp\Desktop\mdcnpal\htdocs\public_html\core\dbclass.php on line 75
[2026-07-06 18:34:17] Creation of dynamic property model::$foreign_tables is deprecated in C:\xampp\Desktop\mdcnpal\htdocs\public_html\core\model.php on line 43
[2026-07-06 18:34:17] Creation of dynamic property app::$inputfilter is deprecated in C:\xampp\Desktop\mdcnpal\htdocs\public_html\core\app.php on line 123
[2026-07-06 18:34:17] Creation of dynamic property app::$userconfig is deprecated in C:\xampp\Desktop\mdcnpal\htdocs\public_html\core\app.php on line 124
[2026-07-06 18:34:17] Creation of dynamic property app::$global_include is deprecated in C:\xampp\Desktop\mdcnpal\htdocs\public_html\core\app.php on line 125
[2026-07-06 18:34:17] Creation of dynamic property app::$set_cache_time is deprecated in C:\xampp\Desktop\mdcnpal\htdocs\public_html\core\app.php on line 153
[2026-07-06 18:34:17] Creation of dynamic property app::$meta is deprecated in C:\xampp\Desktop\mdcnpal\htdocs\public_html\core\app.php on line 434
[2026-07-06 18:34:17] Creation of dynamic property app::$rs_gs_city is deprecated in C:\xampp\Desktop\mdcnpal\htdocs\public_html\core\app.php on line 434
[2026-07-06 18:34:17] Creation of dynamic property app::$rs_footer_popular_item is deprecated in C:\xampp\Desktop\mdcnpal\htdocs\public_html\core\app.php on line 434
[2026-07-06 18:34:17] Creation of dynamic property app::$rs_footer_popular_test is deprecated in C:\xampp\Desktop\mdcnpal\htdocs\public_html\core\app.php on line 434
[2026-07-06 18:34:17] Creation of dynamic property app::$rs_testimonial is deprecated in C:\xampp\Desktop\mdcnpal\htdocs\public_html\core\app.php on line 434
[2026-07-06 18:34:17] Creation of dynamic property app::$admin is deprecated in C:\xampp\Desktop\mdcnpal\htdocs\public_html\core\app.php on line 434
[2026-07-06 18:34:17] Undefined array key 0 in C:\xampp\Desktop\mdcnpal\htdocs\public_html\core\global_include.php on line 514
[2026-07-06 18:34:17] Creation of dynamic property app::$popup is deprecated in C:\xampp\Desktop\mdcnpal\htdocs\public_html\core\app.php on line 434
[2026-07-06 18:34:17] Undefined array key "MDRCCustID" in C:\xampp\Desktop\mdcnpal\htdocs\public_html\core\global_include.php on line 515
[2026-07-06 18:34:17] Undefined array key "MDRCToken" in C:\xampp\Desktop\mdcnpal\htdocs\public_html\core\global_include.php on line 515
[2026-07-06 18:34:17] Creation of dynamic property app::$rscategory is deprecated in C:\xampp\Desktop\mdcnpal\htdocs\public_html\core\app.php on line 434
[2026-07-06 18:34:17] Creation of dynamic property app::$rs_pages is deprecated in C:\xampp\Desktop\mdcnpal\htdocs\public_html\core\app.php on line 434
[2026-07-06 18:34:17] Creation of dynamic property app::$gs is deprecated in C:\xampp\Desktop\mdcnpal\htdocs\public_html\core\app.php on line 434
[2026-07-06 18:34:17] Undefined array key "MDRCCustID" in C:\xampp\Desktop\mdcnpal\htdocs\public_html\core\global_include.php on line 596
[2026-07-06 18:34:18] Undefined array key "MDRCCustID" in C:\xampp\Desktop\mdcnpal\htdocs\public_html\core\global_include.php on line 615
[2026-07-06 18:34:18] Undefined variable $getId in C:\xampp\Desktop\mdcnpal\htdocs\public_html\core\global_include.php on line 684
[2026-07-06 18:34:18] Undefined variable $getName in C:\xampp\Desktop\mdcnpal\htdocs\public_html\core\global_include.php on line 685
[2026-07-06 18:34:18] Undefined array key 0 in C:\xampp\Desktop\mdcnpal\htdocs\public_html\core\global_include.php on line 810
[2026-07-06 18:34:18] Creation of dynamic property app::$rs_offer_msg is deprecated in C:\xampp\Desktop\mdcnpal\htdocs\public_html\core\app.php on line 434
[2026-07-06 18:34:18] Creation of dynamic property app::$rs_for_doctors is deprecated in C:\xampp\Desktop\mdcnpal\htdocs\public_html\core\app.php on line 434
[2026-07-06 18:34:18] Creation of dynamic property app::$rs_data is deprecated in C:\xampp\Desktop\mdcnpal\htdocs\public_html\core\app.php on line 434
[2026-07-06 18:34:18] Creation of dynamic property app::$rs_certi_data is deprecated in C:\xampp\Desktop\mdcnpal\htdocs\public_html\core\app.php on line 434
[2026-07-06 18:34:18] Creation of dynamic property app::$rs_key_fetures_data is deprecated in C:\xampp\Desktop\mdcnpal\htdocs\public_html\core\app.php on line 434
[2026-07-06 18:34:18] Creation of dynamic property app::$rs_banner is deprecated in C:\xampp\Desktop\mdcnpal\htdocs\public_html\core\app.php on line 434
[2026-07-06 18:34:18] Creation of dynamic property app::$rs_package_data is deprecated in C:\xampp\Desktop\mdcnpal\htdocs\public_html\core\app.php on line 434
[2026-07-06 18:34:18] Creation of dynamic property app::$city_id is deprecated in C:\xampp\Desktop\mdcnpal\htdocs\public_html\core\app.php on line 434
[2026-07-06 18:34:18] Creation of dynamic property app::$city_name is deprecated in C:\xampp\Desktop\mdcnpal\htdocs\public_html\core\app.php on line 434
[2026-07-06 18:34:18] Creation of dynamic property app::$rs_faq_data is deprecated in C:\xampp\Desktop\mdcnpal\htdocs\public_html\core\app.php on line 434
[2026-07-06 18:34:18] Undefined property: app::$rs_cartmini in C:\xampp\Desktop\mdcnpal\htdocs\public_html\includes\header.php on line 131
[2026-07-06 18:34:18] Undefined array key "MDRCCustID" in C:\xampp\Desktop\mdcnpal\htdocs\public_html\includes\header.php on line 134
[2026-07-06 18:34:18] Undefined property: app::$rs_cartmini in C:\xampp\Desktop\mdcnpal\htdocs\public_html\includes\header.php on line 197
[2026-07-06 18:34:18] Undefined array key "MDRCCustID" in C:\xampp\Desktop\mdcnpal\htdocs\public_html\includes\header.php on line 200
[2026-07-06 18:34:18] Undefined property: app::$rs_cartmini in C:\xampp\Desktop\mdcnpal\htdocs\public_html\includes\header.php on line 469
[2026-07-06 18:34:18] Undefined array key "MDRCCustID" in C:\xampp\Desktop\mdcnpal\htdocs\public_html\includes\header.php on line 472
[2026-07-06 18:34:18] Undefined property: app::$rs_cartmini in C:\xampp\Desktop\mdcnpal\htdocs\public_html\includes\header.php on line 525
[2026-07-06 18:34:18] Undefined array key "MDRCCustID" in C:\xampp\Desktop\mdcnpal\htdocs\public_html\includes\header.php on line 528
[2026-07-06 18:34:18] Undefined property: app::$rs_customer in C:\xampp\Desktop\mdcnpal\htdocs\public_html\includes\header.php on line 712
[2026-07-06 18:34:18] Trying to access array offset on value of type null in C:\xampp\Desktop\mdcnpal\htdocs\public_html\includes\header.php on line 712
[2026-07-06 18:34:18] Undefined property: app::$rs_customer in C:\xampp\Desktop\mdcnpal\htdocs\public_html\includes\header.php on line 721
[2026-07-06 18:34:18] Trying to access array offset on value of type null in C:\xampp\Desktop\mdcnpal\htdocs\public_html\includes\header.php on line 721
[2026-07-06 18:34:18] Undefined property: app::$rs_customer in C:\xampp\Desktop\mdcnpal\htdocs\public_html\includes\header.php on line 730
[2026-07-06 18:34:18] Trying to access array offset on value of type null in C:\xampp\Desktop\mdcnpal\htdocs\public_html\includes\header.php on line 730
[2026-07-06 18:34:18] Undefined property: app::$rs_customer in C:\xampp\Desktop\mdcnpal\htdocs\public_html\includes\header.php on line 739
[2026-07-06 18:34:18] Trying to access array offset on value of type null in C:\xampp\Desktop\mdcnpal\htdocs\public_html\includes\header.php on line 739
[2026-07-06 18:34:18] Undefined variable $mrpP in C:\xampp\Desktop\mdcnpal\htdocs\public_html\core\utility.php on line 7183
[2026-07-06 18:34:18] Undefined variable $disc in C:\xampp\Desktop\mdcnpal\htdocs\public_html\core\utility.php on line 7194
[2026-07-06 18:34:18] Undefined property: app::$rs_customer in C:\xampp\Desktop\mdcnpal\htdocs\public_html\includes\footer.php on line 357
[2026-07-06 18:34:18] Trying to access array offset on value of type null in C:\xampp\Desktop\mdcnpal\htdocs\public_html\includes\footer.php on line 357
[2026-07-06 18:34:18] Undefined property: app::$rs_customer in C:\xampp\Desktop\mdcnpal\htdocs\public_html\includes\footer.php on line 366
[2026-07-06 18:34:18] Trying to access array offset on value of type null in C:\xampp\Desktop\mdcnpal\htdocs\public_html\includes\footer.php on line 366
[2026-07-06 18:34:18] Undefined property: app::$rs_customer in C:\xampp\Desktop\mdcnpal\htdocs\public_html\includes\footer.php on line 372
[2026-07-06 18:34:18] Trying to access array offset on value of type null in C:\xampp\Desktop\mdcnpal\htdocs\public_html\includes\footer.php on line 372
[2026-07-06 18:34:18] Undefined property: app::$rs_customer in C:\xampp\Desktop\mdcnpal\htdocs\public_html\includes\general_data.php on line 88
[2026-07-06 18:34:18] Trying to access array offset on value of type null in C:\xampp\Desktop\mdcnpal\htdocs\public_html\includes\general_data.php on line 88
[2026-07-06 18:34:18] Undefined array key "MDRCCustID" in C:\xampp\Desktop\mdcnpal\htdocs\public_html\includes\general_data.php on line 88
[2026-07-06 18:34:18] Undefined variable $tmpStr in C:\xampp\Desktop\mdcnpal\htdocs\public_html\core\app.php on line 969
[2026-07-06 18:34:19] Creation of dynamic property dbclass::$RECORD_SET is deprecated in C:\xampp\Desktop\mdcnpal\htdocs\public_html\core\dbclass.php on line 69
[2026-07-06 18:34:19] Creation of dynamic property dbclass::$app is deprecated in C:\xampp\Desktop\mdcnpal\htdocs\public_html\core\dbclass.php on line 75
[2026-07-06 18:34:19] Creation of dynamic property model::$foreign_tables is deprecated in C:\xampp\Desktop\mdcnpal\htdocs\public_html\core\model.php on line 43
[2026-07-06 18:34:19] Creation of dynamic property app::$inputfilter is deprecated in C:\xampp\Desktop\mdcnpal\htdocs\public_html\core\app.php on line 123
[2026-07-06 18:34:19] Creation of dynamic property app::$userconfig is deprecated in C:\xampp\Desktop\mdcnpal\htdocs\public_html\core\app.php on line 124
[2026-07-06 18:34:19] Creation of dynamic property app::$global_include is deprecated in C:\xampp\Desktop\mdcnpal\htdocs\public_html\core\app.php on line 125
[2026-07-06 18:34:19] Creation of dynamic property app::$set_cache_time is deprecated in C:\xampp\Desktop\mdcnpal\htdocs\public_html\core\app.php on line 153
[2026-07-06 18:34:19] Undefined variable $RESULT in C:\xampp\Desktop\mdcnpal\htdocs\public_html\scripts\ajax\selectCityUsingGoogleMapApi.php on line 69
[2026-07-06 18:34:19] Undefined variable $URL in C:\xampp\Desktop\mdcnpal\htdocs\public_html\scripts\ajax\selectCityUsingGoogleMapApi.php on line 73
[2026-07-06 18:34:20] Creation of dynamic property dbclass::$RECORD_SET is deprecated in C:\xampp\Desktop\mdcnpal\htdocs\public_html\core\dbclass.php on line 69
[2026-07-06 18:34:20] Creation of dynamic property dbclass::$app is deprecated in C:\xampp\Desktop\mdcnpal\htdocs\public_html\core\dbclass.php on line 75
[2026-07-06 18:34:20] Creation of dynamic property model::$foreign_tables is deprecated in C:\xampp\Desktop\mdcnpal\htdocs\public_html\core\model.php on line 43
[2026-07-06 18:34:20] Creation of dynamic property app::$inputfilter is deprecated in C:\xampp\Desktop\mdcnpal\htdocs\public_html\core\app.php on line 123
[2026-07-06 18:34:20] Creation of dynamic property app::$userconfig is deprecated in C:\xampp\Desktop\mdcnpal\htdocs\public_html\core\app.php on line 124
[2026-07-06 18:34:20] Creation of dynamic property app::$global_include is deprecated in C:\xampp\Desktop\mdcnpal\htdocs\public_html\core\app.php on line 125
[2026-07-06 18:34:20] Creation of dynamic property app::$set_cache_time is deprecated in C:\xampp\Desktop\mdcnpal\htdocs\public_html\core\app.php on line 153
[2026-07-06 18:34:20] Creation of dynamic property app::$meta is deprecated in C:\xampp\Desktop\mdcnpal\htdocs\public_html\core\app.php on line 434
[2026-07-06 18:34:20] Creation of dynamic property app::$rs_gs_city is deprecated in C:\xampp\Desktop\mdcnpal\htdocs\public_html\core\app.php on line 434
[2026-07-06 18:34:20] Creation of dynamic property app::$rs_footer_popular_item is deprecated in C:\xampp\Desktop\mdcnpal\htdocs\public_html\core\app.php on line 434
[2026-07-06 18:34:20] Creation of dynamic property app::$rs_footer_popular_test is deprecated in C:\xampp\Desktop\mdcnpal\htdocs\public_html\core\app.php on line 434
[2026-07-06 18:34:20] Creation of dynamic property app::$rs_testimonial is deprecated in C:\xampp\Desktop\mdcnpal\htdocs\public_html\core\app.php on line 434
[2026-07-06 18:34:20] Creation of dynamic property app::$admin is deprecated in C:\xampp\Desktop\mdcnpal\htdocs\public_html\core\app.php on line 434
[2026-07-06 18:34:20] Undefined array key 0 in C:\xampp\Desktop\mdcnpal\htdocs\public_html\core\global_include.php on line 514
[2026-07-06 18:34:20] Creation of dynamic property app::$popup is deprecated in C:\xampp\Desktop\mdcnpal\htdocs\public_html\core\app.php on line 434
[2026-07-06 18:34:20] Undefined array key "MDRCCustID" in C:\xampp\Desktop\mdcnpal\htdocs\public_html\core\global_include.php on line 515
[2026-07-06 18:34:20] Undefined array key "MDRCToken" in C:\xampp\Desktop\mdcnpal\htdocs\public_html\core\global_include.php on line 515
[2026-07-06 18:34:20] Creation of dynamic property app::$rscategory is deprecated in C:\xampp\Desktop\mdcnpal\htdocs\public_html\core\app.php on line 434
[2026-07-06 18:34:20] Creation of dynamic property app::$rs_pages is deprecated in C:\xampp\Desktop\mdcnpal\htdocs\public_html\core\app.php on line 434
[2026-07-06 18:34:20] Creation of dynamic property app::$gs is deprecated in C:\xampp\Desktop\mdcnpal\htdocs\public_html\core\app.php on line 434
[2026-07-06 18:34:20] Undefined array key "MDRCCustID" in C:\xampp\Desktop\mdcnpal\htdocs\public_html\core\global_include.php on line 596
[2026-07-06 18:34:20] Undefined array key "MDRCCustID" in C:\xampp\Desktop\mdcnpal\htdocs\public_html\core\global_include.php on line 615
[2026-07-06 18:34:20] Undefined variable $getId in C:\xampp\Desktop\mdcnpal\htdocs\public_html\core\global_include.php on line 684
[2026-07-06 18:34:20] Undefined variable $getName in C:\xampp\Desktop\mdcnpal\htdocs\public_html\core\global_include.php on line 685
[2026-07-06 18:34:20] Undefined array key 0 in C:\xampp\Desktop\mdcnpal\htdocs\public_html\core\global_include.php on line 810
[2026-07-06 18:34:20] Creation of dynamic property app::$rs_offer_msg is deprecated in C:\xampp\Desktop\mdcnpal\htdocs\public_html\core\app.php on line 434
[2026-07-06 18:34:20] Creation of dynamic property app::$rs_for_doctors is deprecated in C:\xampp\Desktop\mdcnpal\htdocs\public_html\core\app.php on line 434
[2026-07-06 18:34:20] Creation of dynamic property app::$rs_area is deprecated in C:\xampp\Desktop\mdcnpal\htdocs\public_html\core\app.php on line 434
[2026-07-06 18:34:20] Creation of dynamic property app::$slug is deprecated in C:\xampp\Desktop\mdcnpal\htdocs\public_html\core\app.php on line 434
[2026-07-06 18:34:20] Creation of dynamic property app::$rs_banner is deprecated in C:\xampp\Desktop\mdcnpal\htdocs\public_html\core\app.php on line 434
[2026-07-06 18:34:20] Creation of dynamic property app::$rs_diseases is deprecated in C:\xampp\Desktop\mdcnpal\htdocs\public_html\core\app.php on line 434
[2026-07-06 18:34:20] Creation of dynamic property app::$diseasesInfo is deprecated in C:\xampp\Desktop\mdcnpal\htdocs\public_html\core\app.php on line 434
[2026-07-06 18:34:20] Undefined variable $rs_cat in C:\xampp\Desktop\mdcnpal\htdocs\public_html\controllers\controller_diseases.php on line 62
[2026-07-06 18:34:20] Trying to access array offset on value of type null in C:\xampp\Desktop\mdcnpal\htdocs\public_html\controllers\controller_diseases.php on line 62
[2026-07-06 18:34:20] Trying to access array offset on value of type null in C:\xampp\Desktop\mdcnpal\htdocs\public_html\controllers\controller_diseases.php on line 62
[2026-07-06 18:34:20] Creation of dynamic property app::$item_diseases_banner is deprecated in C:\xampp\Desktop\mdcnpal\htdocs\public_html\core\app.php on line 434
[2026-07-06 18:34:20] Creation of dynamic property app::$department_id is deprecated in C:\xampp\Desktop\mdcnpal\htdocs\public_html\core\app.php on line 434
[2026-07-06 18:34:20] Creation of dynamic property app::$city_id is deprecated in C:\xampp\Desktop\mdcnpal\htdocs\public_html\core\app.php on line 434
[2026-07-06 18:34:20] Creation of dynamic property app::$city_name is deprecated in C:\xampp\Desktop\mdcnpal\htdocs\public_html\core\app.php on line 434
[2026-07-06 18:34:20] Creation of dynamic property app::$data_id is deprecated in C:\xampp\Desktop\mdcnpal\htdocs\public_html\core\app.php on line 434
[2026-07-06 18:34:20] Creation of dynamic property app::$data_name is deprecated in C:\xampp\Desktop\mdcnpal\htdocs\public_html\core\app.php on line 434
[2026-07-06 18:34:20] Creation of dynamic property app::$pageType is deprecated in C:\xampp\Desktop\mdcnpal\htdocs\public_html\core\app.php on line 434
[2026-07-06 18:34:20] Creation of dynamic property app::$all_diseases is deprecated in C:\xampp\Desktop\mdcnpal\htdocs\public_html\core\app.php on line 434
[2026-07-06 18:34:20] Creation of dynamic property app::$rs_faq_data is deprecated in C:\xampp\Desktop\mdcnpal\htdocs\public_html\core\app.php on line 434
[2026-07-06 18:34:20] Undefined property: app::$rs_cartmini in C:\xampp\Desktop\mdcnpal\htdocs\public_html\includes\header.php on line 131
[2026-07-06 18:34:20] Undefined array key "MDRCCustID" in C:\xampp\Desktop\mdcnpal\htdocs\public_html\includes\header.php on line 134
[2026-07-06 18:34:20] Undefined property: app::$rs_cartmini in C:\xampp\Desktop\mdcnpal\htdocs\public_html\includes\header.php on line 197
[2026-07-06 18:34:20] Undefined array key "MDRCCustID" in C:\xampp\Desktop\mdcnpal\htdocs\public_html\includes\header.php on line 200
[2026-07-06 18:34:20] Undefined property: app::$rs_cartmini in C:\xampp\Desktop\mdcnpal\htdocs\public_html\includes\header.php on line 469
[2026-07-06 18:34:20] Undefined array key "MDRCCustID" in C:\xampp\Desktop\mdcnpal\htdocs\public_html\includes\header.php on line 472
[2026-07-06 18:34:20] Undefined property: app::$rs_cartmini in C:\xampp\Desktop\mdcnpal\htdocs\public_html\includes\header.php on line 525
[2026-07-06 18:34:20] Undefined array key "MDRCCustID" in C:\xampp\Desktop\mdcnpal\htdocs\public_html\includes\header.php on line 528
[2026-07-06 18:34:20] Undefined property: app::$rs_customer in C:\xampp\Desktop\mdcnpal\htdocs\public_html\includes\header.php on line 712
[2026-07-06 18:34:20] Trying to access array offset on value of type null in C:\xampp\Desktop\mdcnpal\htdocs\public_html\includes\header.php on line 712
[2026-07-06 18:34:20] Undefined property: app::$rs_customer in C:\xampp\Desktop\mdcnpal\htdocs\public_html\includes\header.php on line 721
[2026-07-06 18:34:20] Trying to access array offset on value of type null in C:\xampp\Desktop\mdcnpal\htdocs\public_html\includes\header.php on line 721
[2026-07-06 18:34:20] Undefined property: app::$rs_customer in C:\xampp\Desktop\mdcnpal\htdocs\public_html\includes\header.php on line 730
[2026-07-06 18:34:20] Trying to access array offset on value of type null in C:\xampp\Desktop\mdcnpal\htdocs\public_html\includes\header.php on line 730
[2026-07-06 18:34:20] Undefined property: app::$rs_customer in C:\xampp\Desktop\mdcnpal\htdocs\public_html\includes\header.php on line 739
[2026-07-06 18:34:20] Trying to access array offset on value of type null in C:\xampp\Desktop\mdcnpal\htdocs\public_html\includes\header.php on line 739
[2026-07-06 18:34:20] Undefined property: app::$rs_customer in C:\xampp\Desktop\mdcnpal\htdocs\public_html\includes\footer.php on line 357
[2026-07-06 18:34:20] Trying to access array offset on value of type null in C:\xampp\Desktop\mdcnpal\htdocs\public_html\includes\footer.php on line 357
[2026-07-06 18:34:20] Undefined property: app::$rs_customer in C:\xampp\Desktop\mdcnpal\htdocs\public_html\includes\footer.php on line 366
[2026-07-06 18:34:20] Trying to access array offset on value of type null in C:\xampp\Desktop\mdcnpal\htdocs\public_html\includes\footer.php on line 366
[2026-07-06 18:34:20] Undefined property: app::$rs_customer in C:\xampp\Desktop\mdcnpal\htdocs\public_html\includes\footer.php on line 372
[2026-07-06 18:34:20] Trying to access array offset on value of type null in C:\xampp\Desktop\mdcnpal\htdocs\public_html\includes\footer.php on line 372
[2026-07-06 18:34:20] Undefined property: app::$rs_customer in C:\xampp\Desktop\mdcnpal\htdocs\public_html\includes\general_data.php on line 88
[2026-07-06 18:34:20] Trying to access array offset on value of type null in C:\xampp\Desktop\mdcnpal\htdocs\public_html\includes\general_data.php on line 88
[2026-07-06 18:34:20] Undefined array key "MDRCCustID" in C:\xampp\Desktop\mdcnpal\htdocs\public_html\includes\general_data.php on line 88
[2026-07-06 18:34:20] Undefined variable $tmpStr in C:\xampp\Desktop\mdcnpal\htdocs\public_html\core\app.php on line 969
[2026-07-06 18:34:22] Creation of dynamic property dbclass::$RECORD_SET is deprecated in C:\xampp\Desktop\mdcnpal\htdocs\public_html\core\dbclass.php on line 69
[2026-07-06 18:34:22] Creation of dynamic property dbclass::$app is deprecated in C:\xampp\Desktop\mdcnpal\htdocs\public_html\core\dbclass.php on line 75
[2026-07-06 18:34:22] Creation of dynamic property model::$foreign_tables is deprecated in C:\xampp\Desktop\mdcnpal\htdocs\public_html\core\model.php on line 43
[2026-07-06 18:34:22] Creation of dynamic property app::$inputfilter is deprecated in C:\xampp\Desktop\mdcnpal\htdocs\public_html\core\app.php on line 123
[2026-07-06 18:34:22] Creation of dynamic property app::$userconfig is deprecated in C:\xampp\Desktop\mdcnpal\htdocs\public_html\core\app.php on line 124
[2026-07-06 18:34:22] Creation of dynamic property app::$global_include is deprecated in C:\xampp\Desktop\mdcnpal\htdocs\public_html\core\app.php on line 125
[2026-07-06 18:34:22] Creation of dynamic property app::$set_cache_time is deprecated in C:\xampp\Desktop\mdcnpal\htdocs\public_html\core\app.php on line 153
[2026-07-06 18:34:23] Creation of dynamic property dbclass::$RECORD_SET is deprecated in C:\xampp\Desktop\mdcnpal\htdocs\public_html\core\dbclass.php on line 69
[2026-07-06 18:34:23] Creation of dynamic property dbclass::$app is deprecated in C:\xampp\Desktop\mdcnpal\htdocs\public_html\core\dbclass.php on line 75
[2026-07-06 18:34:23] Creation of dynamic property model::$foreign_tables is deprecated in C:\xampp\Desktop\mdcnpal\htdocs\public_html\core\model.php on line 43
[2026-07-06 18:34:23] Creation of dynamic property app::$inputfilter is deprecated in C:\xampp\Desktop\mdcnpal\htdocs\public_html\core\app.php on line 123
[2026-07-06 18:34:23] Creation of dynamic property app::$userconfig is deprecated in C:\xampp\Desktop\mdcnpal\htdocs\public_html\core\app.php on line 124
[2026-07-06 18:34:23] Creation of dynamic property app::$global_include is deprecated in C:\xampp\Desktop\mdcnpal\htdocs\public_html\core\app.php on line 125
[2026-07-06 18:34:23] Creation of dynamic property app::$set_cache_time is deprecated in C:\xampp\Desktop\mdcnpal\htdocs\public_html\core\app.php on line 153
[2026-07-06 18:34:23] Undefined variable $RESULT in C:\xampp\Desktop\mdcnpal\htdocs\public_html\scripts\ajax\selectCityUsingGoogleMapApi.php on line 69
[2026-07-06 18:34:23] Undefined variable $URL in C:\xampp\Desktop\mdcnpal\htdocs\public_html\scripts\ajax\selectCityUsingGoogleMapApi.php on line 73
[2026-07-06 18:35:01] Creation of dynamic property dbclass::$RECORD_SET is deprecated in C:\xampp\Desktop\mdcnpal\htdocs\public_html\core\dbclass.php on line 69
[2026-07-06 18:35:01] Creation of dynamic property dbclass::$app is deprecated in C:\xampp\Desktop\mdcnpal\htdocs\public_html\core\dbclass.php on line 75
[2026-07-06 18:35:01] Creation of dynamic property model::$foreign_tables is deprecated in C:\xampp\Desktop\mdcnpal\htdocs\public_html\core\model.php on line 43
[2026-07-06 18:35:01] Creation of dynamic property app::$inputfilter is deprecated in C:\xampp\Desktop\mdcnpal\htdocs\public_html\core\app.php on line 123
[2026-07-06 18:35:01] Creation of dynamic property app::$userconfig is deprecated in C:\xampp\Desktop\mdcnpal\htdocs\public_html\core\app.php on line 124
[2026-07-06 18:35:01] Creation of dynamic property app::$global_include is deprecated in C:\xampp\Desktop\mdcnpal\htdocs\public_html\core\app.php on line 125
[2026-07-06 18:35:01] Creation of dynamic property app::$set_cache_time is deprecated in C:\xampp\Desktop\mdcnpal\htdocs\public_html\core\app.php on line 153
[2026-07-06 18:35:01] Creation of dynamic property app::$meta is deprecated in C:\xampp\Desktop\mdcnpal\htdocs\public_html\core\app.php on line 434
[2026-07-06 18:35:01] Creation of dynamic property app::$rs_gs_city is deprecated in C:\xampp\Desktop\mdcnpal\htdocs\public_html\core\app.php on line 434
[2026-07-06 18:35:02] Creation of dynamic property app::$rs_footer_popular_item is deprecated in C:\xampp\Desktop\mdcnpal\htdocs\public_html\core\app.php on line 434
[2026-07-06 18:35:02] Creation of dynamic property app::$rs_footer_popular_test is deprecated in C:\xampp\Desktop\mdcnpal\htdocs\public_html\core\app.php on line 434
[2026-07-06 18:35:02] Creation of dynamic property app::$rs_testimonial is deprecated in C:\xampp\Desktop\mdcnpal\htdocs\public_html\core\app.php on line 434
[2026-07-06 18:35:02] Creation of dynamic property app::$admin is deprecated in C:\xampp\Desktop\mdcnpal\htdocs\public_html\core\app.php on line 434
[2026-07-06 18:35:02] Undefined array key 0 in C:\xampp\Desktop\mdcnpal\htdocs\public_html\core\global_include.php on line 514
[2026-07-06 18:35:02] Creation of dynamic property app::$popup is deprecated in C:\xampp\Desktop\mdcnpal\htdocs\public_html\core\app.php on line 434
[2026-07-06 18:35:02] Undefined array key "MDRCCustID" in C:\xampp\Desktop\mdcnpal\htdocs\public_html\core\global_include.php on line 515
[2026-07-06 18:35:02] Undefined array key "MDRCToken" in C:\xampp\Desktop\mdcnpal\htdocs\public_html\core\global_include.php on line 515
[2026-07-06 18:35:02] Creation of dynamic property app::$rscategory is deprecated in C:\xampp\Desktop\mdcnpal\htdocs\public_html\core\app.php on line 434
[2026-07-06 18:35:02] Creation of dynamic property app::$rs_pages is deprecated in C:\xampp\Desktop\mdcnpal\htdocs\public_html\core\app.php on line 434
[2026-07-06 18:35:02] Creation of dynamic property app::$gs is deprecated in C:\xampp\Desktop\mdcnpal\htdocs\public_html\core\app.php on line 434
[2026-07-06 18:35:02] Undefined array key "MDRCCustID" in C:\xampp\Desktop\mdcnpal\htdocs\public_html\core\global_include.php on line 596
[2026-07-06 18:35:02] Undefined array key "MDRCCustID" in C:\xampp\Desktop\mdcnpal\htdocs\public_html\core\global_include.php on line 615
[2026-07-06 18:35:02] Undefined variable $getId in C:\xampp\Desktop\mdcnpal\htdocs\public_html\core\global_include.php on line 684
[2026-07-06 18:35:02] Undefined variable $getName in C:\xampp\Desktop\mdcnpal\htdocs\public_html\core\global_include.php on line 685
[2026-07-06 18:35:02] Undefined array key 0 in C:\xampp\Desktop\mdcnpal\htdocs\public_html\core\global_include.php on line 810
[2026-07-06 18:35:02] Creation of dynamic property app::$rs_offer_msg is deprecated in C:\xampp\Desktop\mdcnpal\htdocs\public_html\core\app.php on line 434
[2026-07-06 18:35:02] Creation of dynamic property app::$rs_for_doctors is deprecated in C:\xampp\Desktop\mdcnpal\htdocs\public_html\core\app.php on line 434
[2026-07-06 18:35:02] Creation of dynamic property app::$rs_area is deprecated in C:\xampp\Desktop\mdcnpal\htdocs\public_html\core\app.php on line 434
[2026-07-06 18:35:02] Creation of dynamic property app::$slug is deprecated in C:\xampp\Desktop\mdcnpal\htdocs\public_html\core\app.php on line 434
[2026-07-06 18:35:02] Creation of dynamic property app::$rs_banner is deprecated in C:\xampp\Desktop\mdcnpal\htdocs\public_html\core\app.php on line 434
[2026-07-06 18:35:02] Creation of dynamic property app::$rs_diseases is deprecated in C:\xampp\Desktop\mdcnpal\htdocs\public_html\core\app.php on line 434
[2026-07-06 18:35:02] Creation of dynamic property app::$diseasesInfo is deprecated in C:\xampp\Desktop\mdcnpal\htdocs\public_html\core\app.php on line 434
[2026-07-06 18:35:02] Undefined variable $rs_cat in C:\xampp\Desktop\mdcnpal\htdocs\public_html\controllers\controller_diseases.php on line 62
[2026-07-06 18:35:02] Trying to access array offset on value of type null in C:\xampp\Desktop\mdcnpal\htdocs\public_html\controllers\controller_diseases.php on line 62
[2026-07-06 18:35:02] Trying to access array offset on value of type null in C:\xampp\Desktop\mdcnpal\htdocs\public_html\controllers\controller_diseases.php on line 62
[2026-07-06 18:35:02] Creation of dynamic property app::$item_diseases_banner is deprecated in C:\xampp\Desktop\mdcnpal\htdocs\public_html\core\app.php on line 434
[2026-07-06 18:35:02] Creation of dynamic property app::$department_id is deprecated in C:\xampp\Desktop\mdcnpal\htdocs\public_html\core\app.php on line 434
[2026-07-06 18:35:02] Creation of dynamic property app::$city_id is deprecated in C:\xampp\Desktop\mdcnpal\htdocs\public_html\core\app.php on line 434
[2026-07-06 18:35:02] Creation of dynamic property app::$city_name is deprecated in C:\xampp\Desktop\mdcnpal\htdocs\public_html\core\app.php on line 434
[2026-07-06 18:35:02] Creation of dynamic property app::$data_id is deprecated in C:\xampp\Desktop\mdcnpal\htdocs\public_html\core\app.php on line 434
[2026-07-06 18:35:02] Creation of dynamic property app::$data_name is deprecated in C:\xampp\Desktop\mdcnpal\htdocs\public_html\core\app.php on line 434
[2026-07-06 18:35:02] Creation of dynamic property app::$pageType is deprecated in C:\xampp\Desktop\mdcnpal\htdocs\public_html\core\app.php on line 434
[2026-07-06 18:35:02] Creation of dynamic property app::$all_diseases is deprecated in C:\xampp\Desktop\mdcnpal\htdocs\public_html\core\app.php on line 434
[2026-07-06 18:35:02] Creation of dynamic property app::$rs_faq_data is deprecated in C:\xampp\Desktop\mdcnpal\htdocs\public_html\core\app.php on line 434
[2026-07-06 18:35:02] Undefined property: app::$rs_cartmini in C:\xampp\Desktop\mdcnpal\htdocs\public_html\includes\header.php on line 131
[2026-07-06 18:35:02] Undefined array key "MDRCCustID" in C:\xampp\Desktop\mdcnpal\htdocs\public_html\includes\header.php on line 134
[2026-07-06 18:35:02] Undefined property: app::$rs_cartmini in C:\xampp\Desktop\mdcnpal\htdocs\public_html\includes\header.php on line 197
[2026-07-06 18:35:02] Undefined array key "MDRCCustID" in C:\xampp\Desktop\mdcnpal\htdocs\public_html\includes\header.php on line 200
[2026-07-06 18:35:02] Undefined property: app::$rs_cartmini in C:\xampp\Desktop\mdcnpal\htdocs\public_html\includes\header.php on line 469
[2026-07-06 18:35:02] Undefined array key "MDRCCustID" in C:\xampp\Desktop\mdcnpal\htdocs\public_html\includes\header.php on line 472
[2026-07-06 18:35:02] Undefined property: app::$rs_cartmini in C:\xampp\Desktop\mdcnpal\htdocs\public_html\includes\header.php on line 525
[2026-07-06 18:35:02] Undefined array key "MDRCCustID" in C:\xampp\Desktop\mdcnpal\htdocs\public_html\includes\header.php on line 528
[2026-07-06 18:35:02] Undefined property: app::$rs_customer in C:\xampp\Desktop\mdcnpal\htdocs\public_html\includes\header.php on line 712
[2026-07-06 18:35:02] Trying to access array offset on value of type null in C:\xampp\Desktop\mdcnpal\htdocs\public_html\includes\header.php on line 712
[2026-07-06 18:35:02] Undefined property: app::$rs_customer in C:\xampp\Desktop\mdcnpal\htdocs\public_html\includes\header.php on line 721
[2026-07-06 18:35:02] Trying to access array offset on value of type null in C:\xampp\Desktop\mdcnpal\htdocs\public_html\includes\header.php on line 721
[2026-07-06 18:35:02] Undefined property: app::$rs_customer in C:\xampp\Desktop\mdcnpal\htdocs\public_html\includes\header.php on line 730
[2026-07-06 18:35:02] Trying to access array offset on value of type null in C:\xampp\Desktop\mdcnpal\htdocs\public_html\includes\header.php on line 730
[2026-07-06 18:35:02] Undefined property: app::$rs_customer in C:\xampp\Desktop\mdcnpal\htdocs\public_html\includes\header.php on line 739
[2026-07-06 18:35:02] Trying to access array offset on value of type null in C:\xampp\Desktop\mdcnpal\htdocs\public_html\includes\header.php on line 739
[2026-07-06 18:35:02] Undefined property: app::$rs_customer in C:\xampp\Desktop\mdcnpal\htdocs\public_html\includes\footer.php on line 357
[2026-07-06 18:35:02] Trying to access array offset on value of type null in C:\xampp\Desktop\mdcnpal\htdocs\public_html\includes\footer.php on line 357
[2026-07-06 18:35:02] Undefined property: app::$rs_customer in C:\xampp\Desktop\mdcnpal\htdocs\public_html\includes\footer.php on line 366
[2026-07-06 18:35:02] Trying to access array offset on value of type null in C:\xampp\Desktop\mdcnpal\htdocs\public_html\includes\footer.php on line 366
[2026-07-06 18:35:02] Undefined property: app::$rs_customer in C:\xampp\Desktop\mdcnpal\htdocs\public_html\includes\footer.php on line 372
[2026-07-06 18:35:02] Trying to access array offset on value of type null in C:\xampp\Desktop\mdcnpal\htdocs\public_html\includes\footer.php on line 372
[2026-07-06 18:35:02] Undefined property: app::$rs_customer in C:\xampp\Desktop\mdcnpal\htdocs\public_html\includes\general_data.php on line 88
[2026-07-06 18:35:02] Trying to access array offset on value of type null in C:\xampp\Desktop\mdcnpal\htdocs\public_html\includes\general_data.php on line 88
[2026-07-06 18:35:02] Undefined array key "MDRCCustID" in C:\xampp\Desktop\mdcnpal\htdocs\public_html\includes\general_data.php on line 88
[2026-07-06 18:35:02] Undefined variable $tmpStr in C:\xampp\Desktop\mdcnpal\htdocs\public_html\core\app.php on line 969
[2026-07-06 18:35:03] Creation of dynamic property dbclass::$RECORD_SET is deprecated in C:\xampp\Desktop\mdcnpal\htdocs\public_html\core\dbclass.php on line 69
[2026-07-06 18:35:03] Creation of dynamic property dbclass::$app is deprecated in C:\xampp\Desktop\mdcnpal\htdocs\public_html\core\dbclass.php on line 75
[2026-07-06 18:35:03] Creation of dynamic property model::$foreign_tables is deprecated in C:\xampp\Desktop\mdcnpal\htdocs\public_html\core\model.php on line 43
[2026-07-06 18:35:03] Creation of dynamic property app::$inputfilter is deprecated in C:\xampp\Desktop\mdcnpal\htdocs\public_html\core\app.php on line 123
[2026-07-06 18:35:03] Creation of dynamic property app::$userconfig is deprecated in C:\xampp\Desktop\mdcnpal\htdocs\public_html\core\app.php on line 124
[2026-07-06 18:35:03] Creation of dynamic property app::$global_include is deprecated in C:\xampp\Desktop\mdcnpal\htdocs\public_html\core\app.php on line 125
[2026-07-06 18:35:03] Creation of dynamic property app::$set_cache_time is deprecated in C:\xampp\Desktop\mdcnpal\htdocs\public_html\core\app.php on line 153
[2026-07-06 18:35:04] Creation of dynamic property dbclass::$RECORD_SET is deprecated in C:\xampp\Desktop\mdcnpal\htdocs\public_html\core\dbclass.php on line 69
[2026-07-06 18:35:04] Creation of dynamic property dbclass::$app is deprecated in C:\xampp\Desktop\mdcnpal\htdocs\public_html\core\dbclass.php on line 75
[2026-07-06 18:35:04] Creation of dynamic property model::$foreign_tables is deprecated in C:\xampp\Desktop\mdcnpal\htdocs\public_html\core\model.php on line 43
[2026-07-06 18:35:04] Creation of dynamic property app::$inputfilter is deprecated in C:\xampp\Desktop\mdcnpal\htdocs\public_html\core\app.php on line 123
[2026-07-06 18:35:04] Creation of dynamic property app::$userconfig is deprecated in C:\xampp\Desktop\mdcnpal\htdocs\public_html\core\app.php on line 124
[2026-07-06 18:35:04] Creation of dynamic property app::$global_include is deprecated in C:\xampp\Desktop\mdcnpal\htdocs\public_html\core\app.php on line 125
[2026-07-06 18:35:04] Creation of dynamic property app::$set_cache_time is deprecated in C:\xampp\Desktop\mdcnpal\htdocs\public_html\core\app.php on line 153
[2026-07-06 18:35:04] Creation of dynamic property app::$meta is deprecated in C:\xampp\Desktop\mdcnpal\htdocs\public_html\core\app.php on line 434
[2026-07-06 18:35:04] Creation of dynamic property app::$rs_gs_city is deprecated in C:\xampp\Desktop\mdcnpal\htdocs\public_html\core\app.php on line 434
[2026-07-06 18:35:04] Creation of dynamic property app::$rs_footer_popular_item is deprecated in C:\xampp\Desktop\mdcnpal\htdocs\public_html\core\app.php on line 434
[2026-07-06 18:35:05] Creation of dynamic property app::$rs_footer_popular_test is deprecated in C:\xampp\Desktop\mdcnpal\htdocs\public_html\core\app.php on line 434
[2026-07-06 18:35:05] Creation of dynamic property app::$rs_testimonial is deprecated in C:\xampp\Desktop\mdcnpal\htdocs\public_html\core\app.php on line 434
[2026-07-06 18:35:05] Creation of dynamic property app::$admin is deprecated in C:\xampp\Desktop\mdcnpal\htdocs\public_html\core\app.php on line 434
[2026-07-06 18:35:05] Undefined array key 0 in C:\xampp\Desktop\mdcnpal\htdocs\public_html\core\global_include.php on line 514
[2026-07-06 18:35:05] Creation of dynamic property app::$popup is deprecated in C:\xampp\Desktop\mdcnpal\htdocs\public_html\core\app.php on line 434
[2026-07-06 18:35:05] Undefined array key "MDRCCustID" in C:\xampp\Desktop\mdcnpal\htdocs\public_html\core\global_include.php on line 515
[2026-07-06 18:35:05] Undefined array key "MDRCToken" in C:\xampp\Desktop\mdcnpal\htdocs\public_html\core\global_include.php on line 515
[2026-07-06 18:35:05] Creation of dynamic property app::$rscategory is deprecated in C:\xampp\Desktop\mdcnpal\htdocs\public_html\core\app.php on line 434
[2026-07-06 18:35:05] Creation of dynamic property app::$rs_pages is deprecated in C:\xampp\Desktop\mdcnpal\htdocs\public_html\core\app.php on line 434
[2026-07-06 18:35:05] Creation of dynamic property app::$gs is deprecated in C:\xampp\Desktop\mdcnpal\htdocs\public_html\core\app.php on line 434
[2026-07-06 18:35:05] Undefined array key "MDRCCustID" in C:\xampp\Desktop\mdcnpal\htdocs\public_html\core\global_include.php on line 596
[2026-07-06 18:35:05] Undefined array key "MDRCCustID" in C:\xampp\Desktop\mdcnpal\htdocs\public_html\core\global_include.php on line 615
[2026-07-06 18:35:05] Undefined variable $getId in C:\xampp\Desktop\mdcnpal\htdocs\public_html\core\global_include.php on line 684
[2026-07-06 18:35:05] Undefined variable $getName in C:\xampp\Desktop\mdcnpal\htdocs\public_html\core\global_include.php on line 685
[2026-07-06 18:35:05] Undefined array key 0 in C:\xampp\Desktop\mdcnpal\htdocs\public_html\core\global_include.php on line 810
[2026-07-06 18:35:05] Creation of dynamic property app::$rs_offer_msg is deprecated in C:\xampp\Desktop\mdcnpal\htdocs\public_html\core\app.php on line 434
[2026-07-06 18:35:05] Creation of dynamic property app::$rs_for_doctors is deprecated in C:\xampp\Desktop\mdcnpal\htdocs\public_html\core\app.php on line 434
[2026-07-06 18:35:05] Creation of dynamic property app::$description is deprecated in C:\xampp\Desktop\mdcnpal\htdocs\public_html\core\app.php on line 434
[2026-07-06 18:35:05] Creation of dynamic property app::$rs_banner is deprecated in C:\xampp\Desktop\mdcnpal\htdocs\public_html\core\app.php on line 434
[2026-07-06 18:35:05] Creation of dynamic property app::$rs_item_diseases is deprecated in C:\xampp\Desktop\mdcnpal\htdocs\public_html\core\app.php on line 434
[2026-07-06 18:35:05] Creation of dynamic property app::$rs_item_home_category is deprecated in C:\xampp\Desktop\mdcnpal\htdocs\public_html\core\app.php on line 434
[2026-07-06 18:35:05] Creation of dynamic property app::$rs_item_banner_category is deprecated in C:\xampp\Desktop\mdcnpal\htdocs\public_html\core\app.php on line 434
[2026-07-06 18:35:05] Creation of dynamic property app::$rs_services is deprecated in C:\xampp\Desktop\mdcnpal\htdocs\public_html\core\app.php on line 434
[2026-07-06 18:35:05] Creation of dynamic property app::$rs_blog is deprecated in C:\xampp\Desktop\mdcnpal\htdocs\public_html\core\app.php on line 434
[2026-07-06 18:35:05] Creation of dynamic property app::$rs_category is deprecated in C:\xampp\Desktop\mdcnpal\htdocs\public_html\core\app.php on line 434
[2026-07-06 18:35:05] Creation of dynamic property app::$rs_faq_data is deprecated in C:\xampp\Desktop\mdcnpal\htdocs\public_html\core\app.php on line 434
[2026-07-06 18:35:05] Creation of dynamic property app::$rs_gallery_data is deprecated in C:\xampp\Desktop\mdcnpal\htdocs\public_html\core\app.php on line 434
[2026-07-06 18:35:05] Undefined property: app::$rs_cartmini in C:\xampp\Desktop\mdcnpal\htdocs\public_html\includes\header.php on line 131
[2026-07-06 18:35:05] Undefined array key "MDRCCustID" in C:\xampp\Desktop\mdcnpal\htdocs\public_html\includes\header.php on line 134
[2026-07-06 18:35:05] Undefined property: app::$rs_cartmini in C:\xampp\Desktop\mdcnpal\htdocs\public_html\includes\header.php on line 197
[2026-07-06 18:35:05] Undefined array key "MDRCCustID" in C:\xampp\Desktop\mdcnpal\htdocs\public_html\includes\header.php on line 200
[2026-07-06 18:35:05] Undefined property: app::$rs_cartmini in C:\xampp\Desktop\mdcnpal\htdocs\public_html\includes\header.php on line 469
[2026-07-06 18:35:05] Undefined array key "MDRCCustID" in C:\xampp\Desktop\mdcnpal\htdocs\public_html\includes\header.php on line 472
[2026-07-06 18:35:05] Undefined property: app::$rs_cartmini in C:\xampp\Desktop\mdcnpal\htdocs\public_html\includes\header.php on line 525
[2026-07-06 18:35:05] Undefined array key "MDRCCustID" in C:\xampp\Desktop\mdcnpal\htdocs\public_html\includes\header.php on line 528
[2026-07-06 18:35:05] Undefined property: app::$rs_customer in C:\xampp\Desktop\mdcnpal\htdocs\public_html\includes\header.php on line 712
[2026-07-06 18:35:05] Trying to access array offset on value of type null in C:\xampp\Desktop\mdcnpal\htdocs\public_html\includes\header.php on line 712
[2026-07-06 18:35:05] Undefined property: app::$rs_customer in C:\xampp\Desktop\mdcnpal\htdocs\public_html\includes\header.php on line 721
[2026-07-06 18:35:05] Trying to access array offset on value of type null in C:\xampp\Desktop\mdcnpal\htdocs\public_html\includes\header.php on line 721
[2026-07-06 18:35:05] Undefined property: app::$rs_customer in C:\xampp\Desktop\mdcnpal\htdocs\public_html\includes\header.php on line 730
[2026-07-06 18:35:05] Trying to access array offset on value of type null in C:\xampp\Desktop\mdcnpal\htdocs\public_html\includes\header.php on line 730
[2026-07-06 18:35:05] Undefined property: app::$rs_customer in C:\xampp\Desktop\mdcnpal\htdocs\public_html\includes\header.php on line 739
[2026-07-06 18:35:05] Trying to access array offset on value of type null in C:\xampp\Desktop\mdcnpal\htdocs\public_html\includes\header.php on line 739
[2026-07-06 18:35:05] Undefined property: app::$rs_customer in C:\xampp\Desktop\mdcnpal\htdocs\public_html\includes\footer.php on line 357
[2026-07-06 18:35:05] Trying to access array offset on value of type null in C:\xampp\Desktop\mdcnpal\htdocs\public_html\includes\footer.php on line 357
[2026-07-06 18:35:05] Undefined property: app::$rs_customer in C:\xampp\Desktop\mdcnpal\htdocs\public_html\includes\footer.php on line 366
[2026-07-06 18:35:05] Trying to access array offset on value of type null in C:\xampp\Desktop\mdcnpal\htdocs\public_html\includes\footer.php on line 366
[2026-07-06 18:35:05] Undefined property: app::$rs_customer in C:\xampp\Desktop\mdcnpal\htdocs\public_html\includes\footer.php on line 372
[2026-07-06 18:35:05] Trying to access array offset on value of type null in C:\xampp\Desktop\mdcnpal\htdocs\public_html\includes\footer.php on line 372
[2026-07-06 18:35:05] Undefined property: app::$rs_customer in C:\xampp\Desktop\mdcnpal\htdocs\public_html\includes\general_data.php on line 88
[2026-07-06 18:35:05] Trying to access array offset on value of type null in C:\xampp\Desktop\mdcnpal\htdocs\public_html\includes\general_data.php on line 88
[2026-07-06 18:35:05] Undefined array key "MDRCCustID" in C:\xampp\Desktop\mdcnpal\htdocs\public_html\includes\general_data.php on line 88
[2026-07-06 18:35:05] Undefined variable $tmpStr in C:\xampp\Desktop\mdcnpal\htdocs\public_html\core\app.php on line 969
[2026-07-06 18:35:06] Creation of dynamic property dbclass::$RECORD_SET is deprecated in C:\xampp\Desktop\mdcnpal\htdocs\public_html\core\dbclass.php on line 69
[2026-07-06 18:35:06] Creation of dynamic property dbclass::$app is deprecated in C:\xampp\Desktop\mdcnpal\htdocs\public_html\core\dbclass.php on line 75
[2026-07-06 18:35:06] Creation of dynamic property model::$foreign_tables is deprecated in C:\xampp\Desktop\mdcnpal\htdocs\public_html\core\model.php on line 43
[2026-07-06 18:35:06] Creation of dynamic property app::$inputfilter is deprecated in C:\xampp\Desktop\mdcnpal\htdocs\public_html\core\app.php on line 123
[2026-07-06 18:35:06] Creation of dynamic property app::$userconfig is deprecated in C:\xampp\Desktop\mdcnpal\htdocs\public_html\core\app.php on line 124
[2026-07-06 18:35:06] Creation of dynamic property app::$global_include is deprecated in C:\xampp\Desktop\mdcnpal\htdocs\public_html\core\app.php on line 125
[2026-07-06 18:35:06] Creation of dynamic property app::$set_cache_time is deprecated in C:\xampp\Desktop\mdcnpal\htdocs\public_html\core\app.php on line 153
[2026-07-06 18:35:06] Undefined variable $RESULT in C:\xampp\Desktop\mdcnpal\htdocs\public_html\scripts\ajax\selectCityUsingGoogleMapApi.php on line 69
[2026-07-06 18:35:06] Undefined variable $URL in C:\xampp\Desktop\mdcnpal\htdocs\public_html\scripts\ajax\selectCityUsingGoogleMapApi.php on line 73
[2026-07-06 18:35:07] Creation of dynamic property dbclass::$RECORD_SET is deprecated in C:\xampp\Desktop\mdcnpal\htdocs\public_html\core\dbclass.php on line 69
[2026-07-06 18:35:07] Creation of dynamic property dbclass::$app is deprecated in C:\xampp\Desktop\mdcnpal\htdocs\public_html\core\dbclass.php on line 75
[2026-07-06 18:35:07] Creation of dynamic property model::$foreign_tables is deprecated in C:\xampp\Desktop\mdcnpal\htdocs\public_html\core\model.php on line 43
[2026-07-06 18:35:07] Creation of dynamic property app::$inputfilter is deprecated in C:\xampp\Desktop\mdcnpal\htdocs\public_html\core\app.php on line 123
[2026-07-06 18:35:07] Creation of dynamic property app::$userconfig is deprecated in C:\xampp\Desktop\mdcnpal\htdocs\public_html\core\app.php on line 124
[2026-07-06 18:35:07] Creation of dynamic property app::$global_include is deprecated in C:\xampp\Desktop\mdcnpal\htdocs\public_html\core\app.php on line 125
[2026-07-06 18:35:07] Creation of dynamic property app::$set_cache_time is deprecated in C:\xampp\Desktop\mdcnpal\htdocs\public_html\core\app.php on line 153
[2026-07-06 18:35:07] Undefined variable $RESULT in C:\xampp\Desktop\mdcnpal\htdocs\public_html\scripts\ajax\selectCityUsingGoogleMapApi.php on line 69
[2026-07-06 18:35:07] Undefined variable $URL in C:\xampp\Desktop\mdcnpal\htdocs\public_html\scripts\ajax\selectCityUsingGoogleMapApi.php on line 73
[2026-07-06 18:41:51] Creation of dynamic property dbclass::$RECORD_SET is deprecated in C:\xampp\Desktop\mdcnpal\htdocs\public_html\core\dbclass.php on line 69
[2026-07-06 18:41:51] Creation of dynamic property dbclass::$app is deprecated in C:\xampp\Desktop\mdcnpal\htdocs\public_html\core\dbclass.php on line 75
[2026-07-06 18:41:51] Creation of dynamic property model::$foreign_tables is deprecated in C:\xampp\Desktop\mdcnpal\htdocs\public_html\core\model.php on line 43
[2026-07-06 18:41:51] Creation of dynamic property app::$inputfilter is deprecated in C:\xampp\Desktop\mdcnpal\htdocs\public_html\core\app.php on line 123
[2026-07-06 18:41:51] Creation of dynamic property app::$userconfig is deprecated in C:\xampp\Desktop\mdcnpal\htdocs\public_html\core\app.php on line 124
[2026-07-06 18:41:51] Creation of dynamic property app::$global_include is deprecated in C:\xampp\Desktop\mdcnpal\htdocs\public_html\core\app.php on line 125
[2026-07-06 18:41:51] Creation of dynamic property app::$set_cache_time is deprecated in C:\xampp\Desktop\mdcnpal\htdocs\public_html\core\app.php on line 153
[2026-07-06 18:41:51] Creation of dynamic property app::$meta is deprecated in C:\xampp\Desktop\mdcnpal\htdocs\public_html\core\app.php on line 434
[2026-07-06 18:41:51] Creation of dynamic property app::$rs_gs_city is deprecated in C:\xampp\Desktop\mdcnpal\htdocs\public_html\core\app.php on line 434
[2026-07-06 18:41:51] Creation of dynamic property app::$rs_footer_popular_item is deprecated in C:\xampp\Desktop\mdcnpal\htdocs\public_html\core\app.php on line 434
[2026-07-06 18:41:51] Creation of dynamic property app::$rs_footer_popular_test is deprecated in C:\xampp\Desktop\mdcnpal\htdocs\public_html\core\app.php on line 434
[2026-07-06 18:41:51] Creation of dynamic property app::$rs_testimonial is deprecated in C:\xampp\Desktop\mdcnpal\htdocs\public_html\core\app.php on line 434
[2026-07-06 18:41:51] Creation of dynamic property app::$admin is deprecated in C:\xampp\Desktop\mdcnpal\htdocs\public_html\core\app.php on line 434
[2026-07-06 18:41:51] Undefined array key 0 in C:\xampp\Desktop\mdcnpal\htdocs\public_html\core\global_include.php on line 514
[2026-07-06 18:41:51] Creation of dynamic property app::$popup is deprecated in C:\xampp\Desktop\mdcnpal\htdocs\public_html\core\app.php on line 434
[2026-07-06 18:41:51] Undefined array key "MDRCCustID" in C:\xampp\Desktop\mdcnpal\htdocs\public_html\core\global_include.php on line 515
[2026-07-06 18:41:51] Undefined array key "MDRCToken" in C:\xampp\Desktop\mdcnpal\htdocs\public_html\core\global_include.php on line 515
[2026-07-06 18:41:51] Creation of dynamic property app::$rscategory is deprecated in C:\xampp\Desktop\mdcnpal\htdocs\public_html\core\app.php on line 434
[2026-07-06 18:41:51] Creation of dynamic property app::$rs_pages is deprecated in C:\xampp\Desktop\mdcnpal\htdocs\public_html\core\app.php on line 434
[2026-07-06 18:41:51] Creation of dynamic property app::$gs is deprecated in C:\xampp\Desktop\mdcnpal\htdocs\public_html\core\app.php on line 434
[2026-07-06 18:41:51] Undefined array key "MDRCCustID" in C:\xampp\Desktop\mdcnpal\htdocs\public_html\core\global_include.php on line 596
[2026-07-06 18:41:51] Undefined array key "MDRCCustID" in C:\xampp\Desktop\mdcnpal\htdocs\public_html\core\global_include.php on line 615
[2026-07-06 18:41:52] Undefined variable $getId in C:\xampp\Desktop\mdcnpal\htdocs\public_html\core\global_include.php on line 684
[2026-07-06 18:41:52] Undefined variable $getName in C:\xampp\Desktop\mdcnpal\htdocs\public_html\core\global_include.php on line 685
[2026-07-06 18:41:52] Undefined array key 0 in C:\xampp\Desktop\mdcnpal\htdocs\public_html\core\global_include.php on line 810
[2026-07-06 18:41:52] Creation of dynamic property app::$rs_offer_msg is deprecated in C:\xampp\Desktop\mdcnpal\htdocs\public_html\core\app.php on line 434
[2026-07-06 18:41:52] Creation of dynamic property app::$rs_for_doctors is deprecated in C:\xampp\Desktop\mdcnpal\htdocs\public_html\core\app.php on line 434
[2026-07-06 18:41:52] Creation of dynamic property app::$description is deprecated in C:\xampp\Desktop\mdcnpal\htdocs\public_html\core\app.php on line 434
[2026-07-06 18:41:52] Creation of dynamic property app::$rs_banner is deprecated in C:\xampp\Desktop\mdcnpal\htdocs\public_html\core\app.php on line 434
[2026-07-06 18:41:52] Creation of dynamic property app::$rs_item_diseases is deprecated in C:\xampp\Desktop\mdcnpal\htdocs\public_html\core\app.php on line 434
[2026-07-06 18:41:52] Creation of dynamic property app::$rs_item_home_category is deprecated in C:\xampp\Desktop\mdcnpal\htdocs\public_html\core\app.php on line 434
[2026-07-06 18:41:52] Creation of dynamic property app::$rs_item_banner_category is deprecated in C:\xampp\Desktop\mdcnpal\htdocs\public_html\core\app.php on line 434
[2026-07-06 18:41:52] Creation of dynamic property app::$rs_services is deprecated in C:\xampp\Desktop\mdcnpal\htdocs\public_html\core\app.php on line 434
[2026-07-06 18:41:52] Creation of dynamic property app::$rs_blog is deprecated in C:\xampp\Desktop\mdcnpal\htdocs\public_html\core\app.php on line 434
[2026-07-06 18:41:52] Creation of dynamic property app::$rs_category is deprecated in C:\xampp\Desktop\mdcnpal\htdocs\public_html\core\app.php on line 434
[2026-07-06 18:41:52] Creation of dynamic property app::$rs_faq_data is deprecated in C:\xampp\Desktop\mdcnpal\htdocs\public_html\core\app.php on line 434
[2026-07-06 18:41:52] Creation of dynamic property app::$rs_gallery_data is deprecated in C:\xampp\Desktop\mdcnpal\htdocs\public_html\core\app.php on line 434
[2026-07-06 18:41:52] Undefined property: app::$rs_cartmini in C:\xampp\Desktop\mdcnpal\htdocs\public_html\includes\header.php on line 131
[2026-07-06 18:41:52] Undefined array key "MDRCCustID" in C:\xampp\Desktop\mdcnpal\htdocs\public_html\includes\header.php on line 134
[2026-07-06 18:41:52] Undefined property: app::$rs_cartmini in C:\xampp\Desktop\mdcnpal\htdocs\public_html\includes\header.php on line 197
[2026-07-06 18:41:52] Undefined array key "MDRCCustID" in C:\xampp\Desktop\mdcnpal\htdocs\public_html\includes\header.php on line 200
[2026-07-06 18:41:52] Undefined property: app::$rs_cartmini in C:\xampp\Desktop\mdcnpal\htdocs\public_html\includes\header.php on line 469
[2026-07-06 18:41:52] Undefined array key "MDRCCustID" in C:\xampp\Desktop\mdcnpal\htdocs\public_html\includes\header.php on line 472
[2026-07-06 18:41:52] Undefined property: app::$rs_cartmini in C:\xampp\Desktop\mdcnpal\htdocs\public_html\includes\header.php on line 525
[2026-07-06 18:41:52] Undefined array key "MDRCCustID" in C:\xampp\Desktop\mdcnpal\htdocs\public_html\includes\header.php on line 528
[2026-07-06 18:41:52] Undefined property: app::$rs_customer in C:\xampp\Desktop\mdcnpal\htdocs\public_html\includes\header.php on line 712
[2026-07-06 18:41:52] Trying to access array offset on value of type null in C:\xampp\Desktop\mdcnpal\htdocs\public_html\includes\header.php on line 712
[2026-07-06 18:41:52] Undefined property: app::$rs_customer in C:\xampp\Desktop\mdcnpal\htdocs\public_html\includes\header.php on line 721
[2026-07-06 18:41:52] Trying to access array offset on value of type null in C:\xampp\Desktop\mdcnpal\htdocs\public_html\includes\header.php on line 721
[2026-07-06 18:41:52] Undefined property: app::$rs_customer in C:\xampp\Desktop\mdcnpal\htdocs\public_html\includes\header.php on line 730
[2026-07-06 18:41:52] Trying to access array offset on value of type null in C:\xampp\Desktop\mdcnpal\htdocs\public_html\includes\header.php on line 730
[2026-07-06 18:41:52] Undefined property: app::$rs_customer in C:\xampp\Desktop\mdcnpal\htdocs\public_html\includes\header.php on line 739
[2026-07-06 18:41:52] Trying to access array offset on value of type null in C:\xampp\Desktop\mdcnpal\htdocs\public_html\includes\header.php on line 739
[2026-07-06 18:41:52] Undefined property: app::$rs_customer in C:\xampp\Desktop\mdcnpal\htdocs\public_html\includes\footer.php on line 357
[2026-07-06 18:41:52] Trying to access array offset on value of type null in C:\xampp\Desktop\mdcnpal\htdocs\public_html\includes\footer.php on line 357
[2026-07-06 18:41:52] Undefined property: app::$rs_customer in C:\xampp\Desktop\mdcnpal\htdocs\public_html\includes\footer.php on line 366
[2026-07-06 18:41:52] Trying to access array offset on value of type null in C:\xampp\Desktop\mdcnpal\htdocs\public_html\includes\footer.php on line 366
[2026-07-06 18:41:52] Undefined property: app::$rs_customer in C:\xampp\Desktop\mdcnpal\htdocs\public_html\includes\footer.php on line 372
[2026-07-06 18:41:52] Trying to access array offset on value of type null in C:\xampp\Desktop\mdcnpal\htdocs\public_html\includes\footer.php on line 372
[2026-07-06 18:41:52] Undefined property: app::$rs_customer in C:\xampp\Desktop\mdcnpal\htdocs\public_html\includes\general_data.php on line 88
[2026-07-06 18:41:52] Trying to access array offset on value of type null in C:\xampp\Desktop\mdcnpal\htdocs\public_html\includes\general_data.php on line 88
[2026-07-06 18:41:52] Undefined array key "MDRCCustID" in C:\xampp\Desktop\mdcnpal\htdocs\public_html\includes\general_data.php on line 88
[2026-07-06 18:41:52] Undefined variable $tmpStr in C:\xampp\Desktop\mdcnpal\htdocs\public_html\core\app.php on line 969
[2026-07-06 18:41:55] Creation of dynamic property dbclass::$RECORD_SET is deprecated in C:\xampp\Desktop\mdcnpal\htdocs\public_html\core\dbclass.php on line 69
[2026-07-06 18:41:55] Creation of dynamic property dbclass::$app is deprecated in C:\xampp\Desktop\mdcnpal\htdocs\public_html\core\dbclass.php on line 75
[2026-07-06 18:41:55] Creation of dynamic property model::$foreign_tables is deprecated in C:\xampp\Desktop\mdcnpal\htdocs\public_html\core\model.php on line 43
[2026-07-06 18:41:55] Creation of dynamic property app::$inputfilter is deprecated in C:\xampp\Desktop\mdcnpal\htdocs\public_html\core\app.php on line 123
[2026-07-06 18:41:55] Creation of dynamic property app::$userconfig is deprecated in C:\xampp\Desktop\mdcnpal\htdocs\public_html\core\app.php on line 124
[2026-07-06 18:41:55] Creation of dynamic property app::$global_include is deprecated in C:\xampp\Desktop\mdcnpal\htdocs\public_html\core\app.php on line 125
[2026-07-06 18:41:55] Creation of dynamic property app::$set_cache_time is deprecated in C:\xampp\Desktop\mdcnpal\htdocs\public_html\core\app.php on line 153
[2026-07-06 18:41:55] Undefined variable $RESULT in C:\xampp\Desktop\mdcnpal\htdocs\public_html\scripts\ajax\selectCityUsingGoogleMapApi.php on line 69
[2026-07-06 18:41:55] Undefined variable $URL in C:\xampp\Desktop\mdcnpal\htdocs\public_html\scripts\ajax\selectCityUsingGoogleMapApi.php on line 73
[2026-07-06 18:42:47] Creation of dynamic property dbclass::$RECORD_SET is deprecated in C:\xampp\Desktop\mdcnpal\htdocs\public_html\core\dbclass.php on line 69
[2026-07-06 18:42:47] Creation of dynamic property dbclass::$app is deprecated in C:\xampp\Desktop\mdcnpal\htdocs\public_html\core\dbclass.php on line 75
[2026-07-06 18:42:47] Creation of dynamic property model::$foreign_tables is deprecated in C:\xampp\Desktop\mdcnpal\htdocs\public_html\core\model.php on line 43
[2026-07-06 18:42:47] Creation of dynamic property app::$inputfilter is deprecated in C:\xampp\Desktop\mdcnpal\htdocs\public_html\core\app.php on line 123
[2026-07-06 18:42:47] Creation of dynamic property app::$userconfig is deprecated in C:\xampp\Desktop\mdcnpal\htdocs\public_html\core\app.php on line 124
[2026-07-06 18:42:47] Creation of dynamic property app::$global_include is deprecated in C:\xampp\Desktop\mdcnpal\htdocs\public_html\core\app.php on line 125
[2026-07-06 18:42:47] Creation of dynamic property app::$set_cache_time is deprecated in C:\xampp\Desktop\mdcnpal\htdocs\public_html\core\app.php on line 153
[2026-07-06 18:42:47] Undefined array key "cityID" in C:\xampp\Desktop\mdcnpal\htdocs\public_html\core\global_include.php on line 381
[2026-07-06 18:42:47] Undefined array key "cityID" in C:\xampp\Desktop\mdcnpal\htdocs\public_html\core\global_include.php on line 416
[2026-07-06 18:42:47] Creation of dynamic property app::$meta is deprecated in C:\xampp\Desktop\mdcnpal\htdocs\public_html\core\app.php on line 434
[2026-07-06 18:42:47] Creation of dynamic property app::$rs_gs_city is deprecated in C:\xampp\Desktop\mdcnpal\htdocs\public_html\core\app.php on line 434
[2026-07-06 18:42:47] Undefined array key "cityID" in C:\xampp\Desktop\mdcnpal\htdocs\public_html\core\global_include.php on line 468
[2026-07-06 18:42:47] Creation of dynamic property app::$rs_footer_popular_item is deprecated in C:\xampp\Desktop\mdcnpal\htdocs\public_html\core\app.php on line 434
[2026-07-06 18:42:47] Creation of dynamic property app::$rs_footer_popular_test is deprecated in C:\xampp\Desktop\mdcnpal\htdocs\public_html\core\app.php on line 434
[2026-07-06 18:42:47] Creation of dynamic property app::$rs_testimonial is deprecated in C:\xampp\Desktop\mdcnpal\htdocs\public_html\core\app.php on line 434
[2026-07-06 18:42:47] Creation of dynamic property app::$admin is deprecated in C:\xampp\Desktop\mdcnpal\htdocs\public_html\core\app.php on line 434
[2026-07-06 18:42:47] Undefined array key 0 in C:\xampp\Desktop\mdcnpal\htdocs\public_html\core\global_include.php on line 514
[2026-07-06 18:42:47] Creation of dynamic property app::$popup is deprecated in C:\xampp\Desktop\mdcnpal\htdocs\public_html\core\app.php on line 434
[2026-07-06 18:42:47] Undefined array key "MDRCCustID" in C:\xampp\Desktop\mdcnpal\htdocs\public_html\core\global_include.php on line 515
[2026-07-06 18:42:47] Undefined array key "MDRCToken" in C:\xampp\Desktop\mdcnpal\htdocs\public_html\core\global_include.php on line 515
[2026-07-06 18:42:47] Creation of dynamic property app::$rscategory is deprecated in C:\xampp\Desktop\mdcnpal\htdocs\public_html\core\app.php on line 434
[2026-07-06 18:42:47] Creation of dynamic property app::$rs_pages is deprecated in C:\xampp\Desktop\mdcnpal\htdocs\public_html\core\app.php on line 434
[2026-07-06 18:42:47] Creation of dynamic property app::$gs is deprecated in C:\xampp\Desktop\mdcnpal\htdocs\public_html\core\app.php on line 434
[2026-07-06 18:42:47] Undefined array key "MDRCCustID" in C:\xampp\Desktop\mdcnpal\htdocs\public_html\core\global_include.php on line 596
[2026-07-06 18:42:47] Undefined array key "MDRCCustID" in C:\xampp\Desktop\mdcnpal\htdocs\public_html\core\global_include.php on line 615
[2026-07-06 18:42:47] Undefined variable $getId in C:\xampp\Desktop\mdcnpal\htdocs\public_html\core\global_include.php on line 684
[2026-07-06 18:42:47] Undefined variable $getName in C:\xampp\Desktop\mdcnpal\htdocs\public_html\core\global_include.php on line 685
[2026-07-06 18:42:47] Undefined array key 0 in C:\xampp\Desktop\mdcnpal\htdocs\public_html\core\global_include.php on line 810
[2026-07-06 18:42:47] Creation of dynamic property app::$rs_offer_msg is deprecated in C:\xampp\Desktop\mdcnpal\htdocs\public_html\core\app.php on line 434
[2026-07-06 18:42:47] Creation of dynamic property app::$rs_for_doctors is deprecated in C:\xampp\Desktop\mdcnpal\htdocs\public_html\core\app.php on line 434
[2026-07-06 18:42:47] Creation of dynamic property app::$description is deprecated in C:\xampp\Desktop\mdcnpal\htdocs\public_html\core\app.php on line 434
[2026-07-06 18:42:47] Creation of dynamic property app::$rs_banner is deprecated in C:\xampp\Desktop\mdcnpal\htdocs\public_html\core\app.php on line 434
[2026-07-06 18:42:47] Creation of dynamic property app::$rs_item_diseases is deprecated in C:\xampp\Desktop\mdcnpal\htdocs\public_html\core\app.php on line 434
[2026-07-06 18:42:47] Creation of dynamic property app::$rs_item_home_category is deprecated in C:\xampp\Desktop\mdcnpal\htdocs\public_html\core\app.php on line 434
[2026-07-06 18:42:47] Creation of dynamic property app::$rs_item_banner_category is deprecated in C:\xampp\Desktop\mdcnpal\htdocs\public_html\core\app.php on line 434
[2026-07-06 18:42:47] Creation of dynamic property app::$rs_services is deprecated in C:\xampp\Desktop\mdcnpal\htdocs\public_html\core\app.php on line 434
[2026-07-06 18:42:47] Creation of dynamic property app::$rs_blog is deprecated in C:\xampp\Desktop\mdcnpal\htdocs\public_html\core\app.php on line 434
[2026-07-06 18:42:47] Creation of dynamic property app::$rs_category is deprecated in C:\xampp\Desktop\mdcnpal\htdocs\public_html\core\app.php on line 434
[2026-07-06 18:42:47] Creation of dynamic property app::$rs_faq_data is deprecated in C:\xampp\Desktop\mdcnpal\htdocs\public_html\core\app.php on line 434
[2026-07-06 18:42:47] Creation of dynamic property app::$rs_gallery_data is deprecated in C:\xampp\Desktop\mdcnpal\htdocs\public_html\core\app.php on line 434
[2026-07-06 18:42:47] Undefined array key "tempCityID" in C:\xampp\Desktop\mdcnpal\htdocs\public_html\includes\header.php on line 5
[2026-07-06 18:42:47] Undefined array key "items" in C:\xampp\Desktop\mdcnpal\htdocs\public_html\includes\header.php on line 16
[2026-07-06 18:42:47] Undefined array key "item_category" in C:\xampp\Desktop\mdcnpal\htdocs\public_html\includes\header.php on line 26
[2026-07-06 18:42:47] Undefined array key "item_diseases" in C:\xampp\Desktop\mdcnpal\htdocs\public_html\includes\header.php on line 33
[2026-07-06 18:42:47] Undefined property: app::$rs_cartmini in C:\xampp\Desktop\mdcnpal\htdocs\public_html\includes\header.php on line 131
[2026-07-06 18:42:47] Undefined array key "MDRCCustID" in C:\xampp\Desktop\mdcnpal\htdocs\public_html\includes\header.php on line 134
[2026-07-06 18:42:47] Undefined property: app::$rs_cartmini in C:\xampp\Desktop\mdcnpal\htdocs\public_html\includes\header.php on line 197
[2026-07-06 18:42:47] Undefined array key "MDRCCustID" in C:\xampp\Desktop\mdcnpal\htdocs\public_html\includes\header.php on line 200
[2026-07-06 18:42:47] Undefined property: app::$rs_cartmini in C:\xampp\Desktop\mdcnpal\htdocs\public_html\includes\header.php on line 469
[2026-07-06 18:42:47] Undefined array key "MDRCCustID" in C:\xampp\Desktop\mdcnpal\htdocs\public_html\includes\header.php on line 472
[2026-07-06 18:42:47] Undefined property: app::$rs_cartmini in C:\xampp\Desktop\mdcnpal\htdocs\public_html\includes\header.php on line 525
[2026-07-06 18:42:47] Undefined array key "MDRCCustID" in C:\xampp\Desktop\mdcnpal\htdocs\public_html\includes\header.php on line 528
[2026-07-06 18:42:47] Undefined property: app::$rs_customer in C:\xampp\Desktop\mdcnpal\htdocs\public_html\includes\header.php on line 712
[2026-07-06 18:42:47] Trying to access array offset on value of type null in C:\xampp\Desktop\mdcnpal\htdocs\public_html\includes\header.php on line 712
[2026-07-06 18:42:47] Undefined property: app::$rs_customer in C:\xampp\Desktop\mdcnpal\htdocs\public_html\includes\header.php on line 721
[2026-07-06 18:42:47] Trying to access array offset on value of type null in C:\xampp\Desktop\mdcnpal\htdocs\public_html\includes\header.php on line 721
[2026-07-06 18:42:47] Undefined property: app::$rs_customer in C:\xampp\Desktop\mdcnpal\htdocs\public_html\includes\header.php on line 730
[2026-07-06 18:42:47] Trying to access array offset on value of type null in C:\xampp\Desktop\mdcnpal\htdocs\public_html\includes\header.php on line 730
[2026-07-06 18:42:47] Undefined property: app::$rs_customer in C:\xampp\Desktop\mdcnpal\htdocs\public_html\includes\header.php on line 739
[2026-07-06 18:42:47] Trying to access array offset on value of type null in C:\xampp\Desktop\mdcnpal\htdocs\public_html\includes\header.php on line 739
[2026-07-06 18:42:47] Undefined property: app::$rs_customer in C:\xampp\Desktop\mdcnpal\htdocs\public_html\includes\footer.php on line 357
[2026-07-06 18:42:47] Trying to access array offset on value of type null in C:\xampp\Desktop\mdcnpal\htdocs\public_html\includes\footer.php on line 357
[2026-07-06 18:42:47] Undefined property: app::$rs_customer in C:\xampp\Desktop\mdcnpal\htdocs\public_html\includes\footer.php on line 366
[2026-07-06 18:42:47] Trying to access array offset on value of type null in C:\xampp\Desktop\mdcnpal\htdocs\public_html\includes\footer.php on line 366
[2026-07-06 18:42:47] Undefined property: app::$rs_customer in C:\xampp\Desktop\mdcnpal\htdocs\public_html\includes\footer.php on line 372
[2026-07-06 18:42:47] Trying to access array offset on value of type null in C:\xampp\Desktop\mdcnpal\htdocs\public_html\includes\footer.php on line 372
[2026-07-06 18:42:47] Undefined property: app::$rs_customer in C:\xampp\Desktop\mdcnpal\htdocs\public_html\includes\general_data.php on line 88
[2026-07-06 18:42:47] Trying to access array offset on value of type null in C:\xampp\Desktop\mdcnpal\htdocs\public_html\includes\general_data.php on line 88
[2026-07-06 18:42:47] Undefined array key "MDRCCustID" in C:\xampp\Desktop\mdcnpal\htdocs\public_html\includes\general_data.php on line 88
[2026-07-06 18:42:47] Undefined variable $tmpStr in C:\xampp\Desktop\mdcnpal\htdocs\public_html\core\app.php on line 969
[2026-07-06 18:42:52] Creation of dynamic property dbclass::$RECORD_SET is deprecated in C:\xampp\Desktop\mdcnpal\htdocs\public_html\core\dbclass.php on line 69
[2026-07-06 18:42:52] Creation of dynamic property dbclass::$app is deprecated in C:\xampp\Desktop\mdcnpal\htdocs\public_html\core\dbclass.php on line 75
[2026-07-06 18:42:52] Creation of dynamic property model::$foreign_tables is deprecated in C:\xampp\Desktop\mdcnpal\htdocs\public_html\core\model.php on line 43
[2026-07-06 18:42:52] Creation of dynamic property app::$inputfilter is deprecated in C:\xampp\Desktop\mdcnpal\htdocs\public_html\core\app.php on line 123
[2026-07-06 18:42:52] Creation of dynamic property app::$userconfig is deprecated in C:\xampp\Desktop\mdcnpal\htdocs\public_html\core\app.php on line 124
[2026-07-06 18:42:52] Creation of dynamic property app::$global_include is deprecated in C:\xampp\Desktop\mdcnpal\htdocs\public_html\core\app.php on line 125
[2026-07-06 18:42:52] Creation of dynamic property app::$set_cache_time is deprecated in C:\xampp\Desktop\mdcnpal\htdocs\public_html\core\app.php on line 153
[2026-07-06 18:42:52] Creation of dynamic property app::$meta is deprecated in C:\xampp\Desktop\mdcnpal\htdocs\public_html\core\app.php on line 434
[2026-07-06 18:42:52] Creation of dynamic property app::$rs_gs_city is deprecated in C:\xampp\Desktop\mdcnpal\htdocs\public_html\core\app.php on line 434
[2026-07-06 18:42:52] Creation of dynamic property app::$rs_footer_popular_item is deprecated in C:\xampp\Desktop\mdcnpal\htdocs\public_html\core\app.php on line 434
[2026-07-06 18:42:52] Creation of dynamic property app::$rs_footer_popular_test is deprecated in C:\xampp\Desktop\mdcnpal\htdocs\public_html\core\app.php on line 434
[2026-07-06 18:42:52] Creation of dynamic property app::$rs_testimonial is deprecated in C:\xampp\Desktop\mdcnpal\htdocs\public_html\core\app.php on line 434
[2026-07-06 18:42:52] Creation of dynamic property app::$admin is deprecated in C:\xampp\Desktop\mdcnpal\htdocs\public_html\core\app.php on line 434
[2026-07-06 18:42:52] Undefined array key 0 in C:\xampp\Desktop\mdcnpal\htdocs\public_html\core\global_include.php on line 514
[2026-07-06 18:42:52] Creation of dynamic property app::$popup is deprecated in C:\xampp\Desktop\mdcnpal\htdocs\public_html\core\app.php on line 434
[2026-07-06 18:42:52] Undefined array key "MDRCCustID" in C:\xampp\Desktop\mdcnpal\htdocs\public_html\core\global_include.php on line 515
[2026-07-06 18:42:52] Undefined array key "MDRCToken" in C:\xampp\Desktop\mdcnpal\htdocs\public_html\core\global_include.php on line 515
[2026-07-06 18:42:52] Creation of dynamic property app::$rscategory is deprecated in C:\xampp\Desktop\mdcnpal\htdocs\public_html\core\app.php on line 434
[2026-07-06 18:42:52] Creation of dynamic property app::$rs_pages is deprecated in C:\xampp\Desktop\mdcnpal\htdocs\public_html\core\app.php on line 434
[2026-07-06 18:42:53] Creation of dynamic property app::$gs is deprecated in C:\xampp\Desktop\mdcnpal\htdocs\public_html\core\app.php on line 434
[2026-07-06 18:42:53] Undefined array key "MDRCCustID" in C:\xampp\Desktop\mdcnpal\htdocs\public_html\core\global_include.php on line 596
[2026-07-06 18:42:53] Undefined array key "MDRCCustID" in C:\xampp\Desktop\mdcnpal\htdocs\public_html\core\global_include.php on line 615
[2026-07-06 18:42:53] Undefined variable $getId in C:\xampp\Desktop\mdcnpal\htdocs\public_html\core\global_include.php on line 684
[2026-07-06 18:42:53] Undefined variable $getName in C:\xampp\Desktop\mdcnpal\htdocs\public_html\core\global_include.php on line 685
[2026-07-06 18:42:53] Undefined array key 0 in C:\xampp\Desktop\mdcnpal\htdocs\public_html\core\global_include.php on line 810
[2026-07-06 18:42:53] Creation of dynamic property app::$rs_offer_msg is deprecated in C:\xampp\Desktop\mdcnpal\htdocs\public_html\core\app.php on line 434
[2026-07-06 18:42:53] Creation of dynamic property app::$rs_for_doctors is deprecated in C:\xampp\Desktop\mdcnpal\htdocs\public_html\core\app.php on line 434
[2026-07-06 18:42:53] Creation of dynamic property app::$description is deprecated in C:\xampp\Desktop\mdcnpal\htdocs\public_html\core\app.php on line 434
[2026-07-06 18:42:53] Creation of dynamic property app::$rs_banner is deprecated in C:\xampp\Desktop\mdcnpal\htdocs\public_html\core\app.php on line 434
[2026-07-06 18:42:53] Creation of dynamic property app::$rs_item_diseases is deprecated in C:\xampp\Desktop\mdcnpal\htdocs\public_html\core\app.php on line 434
[2026-07-06 18:42:53] Creation of dynamic property app::$rs_item_home_category is deprecated in C:\xampp\Desktop\mdcnpal\htdocs\public_html\core\app.php on line 434
[2026-07-06 18:42:53] Creation of dynamic property app::$rs_item_banner_category is deprecated in C:\xampp\Desktop\mdcnpal\htdocs\public_html\core\app.php on line 434
[2026-07-06 18:42:53] Creation of dynamic property app::$rs_services is deprecated in C:\xampp\Desktop\mdcnpal\htdocs\public_html\core\app.php on line 434
[2026-07-06 18:42:53] Creation of dynamic property app::$rs_blog is deprecated in C:\xampp\Desktop\mdcnpal\htdocs\public_html\core\app.php on line 434
[2026-07-06 18:42:53] Creation of dynamic property app::$rs_category is deprecated in C:\xampp\Desktop\mdcnpal\htdocs\public_html\core\app.php on line 434
[2026-07-06 18:42:53] Creation of dynamic property app::$rs_faq_data is deprecated in C:\xampp\Desktop\mdcnpal\htdocs\public_html\core\app.php on line 434
[2026-07-06 18:42:53] Creation of dynamic property app::$rs_gallery_data is deprecated in C:\xampp\Desktop\mdcnpal\htdocs\public_html\core\app.php on line 434
[2026-07-06 18:42:53] Undefined property: app::$rs_cartmini in C:\xampp\Desktop\mdcnpal\htdocs\public_html\includes\header.php on line 131
[2026-07-06 18:42:53] Undefined array key "MDRCCustID" in C:\xampp\Desktop\mdcnpal\htdocs\public_html\includes\header.php on line 134
[2026-07-06 18:42:53] Undefined property: app::$rs_cartmini in C:\xampp\Desktop\mdcnpal\htdocs\public_html\includes\header.php on line 197
[2026-07-06 18:42:53] Undefined array key "MDRCCustID" in C:\xampp\Desktop\mdcnpal\htdocs\public_html\includes\header.php on line 200
[2026-07-06 18:42:53] Undefined property: app::$rs_cartmini in C:\xampp\Desktop\mdcnpal\htdocs\public_html\includes\header.php on line 469
[2026-07-06 18:42:53] Undefined array key "MDRCCustID" in C:\xampp\Desktop\mdcnpal\htdocs\public_html\includes\header.php on line 472
[2026-07-06 18:42:53] Undefined property: app::$rs_cartmini in C:\xampp\Desktop\mdcnpal\htdocs\public_html\includes\header.php on line 525
[2026-07-06 18:42:53] Undefined array key "MDRCCustID" in C:\xampp\Desktop\mdcnpal\htdocs\public_html\includes\header.php on line 528
[2026-07-06 18:42:53] Undefined property: app::$rs_customer in C:\xampp\Desktop\mdcnpal\htdocs\public_html\includes\header.php on line 712
[2026-07-06 18:42:53] Trying to access array offset on value of type null in C:\xampp\Desktop\mdcnpal\htdocs\public_html\includes\header.php on line 712
[2026-07-06 18:42:53] Undefined property: app::$rs_customer in C:\xampp\Desktop\mdcnpal\htdocs\public_html\includes\header.php on line 721
[2026-07-06 18:42:53] Trying to access array offset on value of type null in C:\xampp\Desktop\mdcnpal\htdocs\public_html\includes\header.php on line 721
[2026-07-06 18:42:53] Undefined property: app::$rs_customer in C:\xampp\Desktop\mdcnpal\htdocs\public_html\includes\header.php on line 730
[2026-07-06 18:42:53] Trying to access array offset on value of type null in C:\xampp\Desktop\mdcnpal\htdocs\public_html\includes\header.php on line 730
[2026-07-06 18:42:53] Undefined property: app::$rs_customer in C:\xampp\Desktop\mdcnpal\htdocs\public_html\includes\header.php on line 739
[2026-07-06 18:42:53] Trying to access array offset on value of type null in C:\xampp\Desktop\mdcnpal\htdocs\public_html\includes\header.php on line 739
[2026-07-06 18:42:53] Undefined property: app::$rs_customer in C:\xampp\Desktop\mdcnpal\htdocs\public_html\includes\footer.php on line 357
[2026-07-06 18:42:53] Trying to access array offset on value of type null in C:\xampp\Desktop\mdcnpal\htdocs\public_html\includes\footer.php on line 357
[2026-07-06 18:42:53] Undefined property: app::$rs_customer in C:\xampp\Desktop\mdcnpal\htdocs\public_html\includes\footer.php on line 366
[2026-07-06 18:42:53] Trying to access array offset on value of type null in C:\xampp\Desktop\mdcnpal\htdocs\public_html\includes\footer.php on line 366
[2026-07-06 18:42:53] Undefined property: app::$rs_customer in C:\xampp\Desktop\mdcnpal\htdocs\public_html\includes\footer.php on line 372
[2026-07-06 18:42:53] Trying to access array offset on value of type null in C:\xampp\Desktop\mdcnpal\htdocs\public_html\includes\footer.php on line 372
[2026-07-06 18:42:53] Undefined property: app::$rs_customer in C:\xampp\Desktop\mdcnpal\htdocs\public_html\includes\general_data.php on line 88
[2026-07-06 18:42:53] Trying to access array offset on value of type null in C:\xampp\Desktop\mdcnpal\htdocs\public_html\includes\general_data.php on line 88
[2026-07-06 18:42:53] Undefined array key "MDRCCustID" in C:\xampp\Desktop\mdcnpal\htdocs\public_html\includes\general_data.php on line 88
[2026-07-06 18:42:53] Undefined variable $tmpStr in C:\xampp\Desktop\mdcnpal\htdocs\public_html\core\app.php on line 969
[2026-07-06 18:43:01] Creation of dynamic property dbclass::$RECORD_SET is deprecated in C:\xampp\Desktop\mdcnpal\htdocs\public_html\core\dbclass.php on line 69
[2026-07-06 18:43:01] Creation of dynamic property dbclass::$app is deprecated in C:\xampp\Desktop\mdcnpal\htdocs\public_html\core\dbclass.php on line 75
[2026-07-06 18:43:01] Creation of dynamic property model::$foreign_tables is deprecated in C:\xampp\Desktop\mdcnpal\htdocs\public_html\core\model.php on line 43
[2026-07-06 18:43:01] Creation of dynamic property app::$inputfilter is deprecated in C:\xampp\Desktop\mdcnpal\htdocs\public_html\core\app.php on line 123
[2026-07-06 18:43:01] Creation of dynamic property app::$userconfig is deprecated in C:\xampp\Desktop\mdcnpal\htdocs\public_html\core\app.php on line 124
[2026-07-06 18:43:01] Creation of dynamic property app::$global_include is deprecated in C:\xampp\Desktop\mdcnpal\htdocs\public_html\core\app.php on line 125
[2026-07-06 18:43:01] Creation of dynamic property app::$set_cache_time is deprecated in C:\xampp\Desktop\mdcnpal\htdocs\public_html\core\app.php on line 153
[2026-07-06 18:43:01] Undefined variable $RESULT in C:\xampp\Desktop\mdcnpal\htdocs\public_html\scripts\ajax\selectCityUsingGoogleMapApi.php on line 69
[2026-07-06 18:43:01] Undefined variable $URL in C:\xampp\Desktop\mdcnpal\htdocs\public_html\scripts\ajax\selectCityUsingGoogleMapApi.php on line 73
[2026-07-06 18:43:07] Creation of dynamic property dbclass::$RECORD_SET is deprecated in C:\xampp\Desktop\mdcnpal\htdocs\public_html\core\dbclass.php on line 69
[2026-07-06 18:43:07] Creation of dynamic property dbclass::$app is deprecated in C:\xampp\Desktop\mdcnpal\htdocs\public_html\core\dbclass.php on line 75
[2026-07-06 18:43:07] Creation of dynamic property model::$foreign_tables is deprecated in C:\xampp\Desktop\mdcnpal\htdocs\public_html\core\model.php on line 43
[2026-07-06 18:43:07] Creation of dynamic property app::$inputfilter is deprecated in C:\xampp\Desktop\mdcnpal\htdocs\public_html\core\app.php on line 123
[2026-07-06 18:43:07] Creation of dynamic property app::$userconfig is deprecated in C:\xampp\Desktop\mdcnpal\htdocs\public_html\core\app.php on line 124
[2026-07-06 18:43:07] Creation of dynamic property app::$global_include is deprecated in C:\xampp\Desktop\mdcnpal\htdocs\public_html\core\app.php on line 125
[2026-07-06 18:43:07] Creation of dynamic property app::$set_cache_time is deprecated in C:\xampp\Desktop\mdcnpal\htdocs\public_html\core\app.php on line 153
[2026-07-06 18:43:07] Creation of dynamic property app::$meta is deprecated in C:\xampp\Desktop\mdcnpal\htdocs\public_html\core\app.php on line 434
[2026-07-06 18:43:07] Creation of dynamic property app::$rs_gs_city is deprecated in C:\xampp\Desktop\mdcnpal\htdocs\public_html\core\app.php on line 434
[2026-07-06 18:43:07] Creation of dynamic property app::$rs_footer_popular_item is deprecated in C:\xampp\Desktop\mdcnpal\htdocs\public_html\core\app.php on line 434
[2026-07-06 18:43:07] Creation of dynamic property app::$rs_footer_popular_test is deprecated in C:\xampp\Desktop\mdcnpal\htdocs\public_html\core\app.php on line 434
[2026-07-06 18:43:07] Creation of dynamic property app::$rs_testimonial is deprecated in C:\xampp\Desktop\mdcnpal\htdocs\public_html\core\app.php on line 434
[2026-07-06 18:43:07] Creation of dynamic property app::$admin is deprecated in C:\xampp\Desktop\mdcnpal\htdocs\public_html\core\app.php on line 434
[2026-07-06 18:43:07] Undefined array key 0 in C:\xampp\Desktop\mdcnpal\htdocs\public_html\core\global_include.php on line 514
[2026-07-06 18:43:07] Creation of dynamic property app::$popup is deprecated in C:\xampp\Desktop\mdcnpal\htdocs\public_html\core\app.php on line 434
[2026-07-06 18:43:07] Undefined array key "MDRCCustID" in C:\xampp\Desktop\mdcnpal\htdocs\public_html\core\global_include.php on line 515
[2026-07-06 18:43:07] Undefined array key "MDRCToken" in C:\xampp\Desktop\mdcnpal\htdocs\public_html\core\global_include.php on line 515
[2026-07-06 18:43:07] Creation of dynamic property app::$rscategory is deprecated in C:\xampp\Desktop\mdcnpal\htdocs\public_html\core\app.php on line 434
[2026-07-06 18:43:07] Creation of dynamic property app::$rs_pages is deprecated in C:\xampp\Desktop\mdcnpal\htdocs\public_html\core\app.php on line 434
[2026-07-06 18:43:07] Creation of dynamic property app::$gs is deprecated in C:\xampp\Desktop\mdcnpal\htdocs\public_html\core\app.php on line 434
[2026-07-06 18:43:07] Undefined array key "MDRCCustID" in C:\xampp\Desktop\mdcnpal\htdocs\public_html\core\global_include.php on line 596
[2026-07-06 18:43:07] Undefined array key "MDRCCustID" in C:\xampp\Desktop\mdcnpal\htdocs\public_html\core\global_include.php on line 615
[2026-07-06 18:43:07] Undefined variable $getId in C:\xampp\Desktop\mdcnpal\htdocs\public_html\core\global_include.php on line 684
[2026-07-06 18:43:07] Undefined variable $getName in C:\xampp\Desktop\mdcnpal\htdocs\public_html\core\global_include.php on line 685
[2026-07-06 18:43:07] Undefined array key 0 in C:\xampp\Desktop\mdcnpal\htdocs\public_html\core\global_include.php on line 810
[2026-07-06 18:43:07] Creation of dynamic property app::$rs_offer_msg is deprecated in C:\xampp\Desktop\mdcnpal\htdocs\public_html\core\app.php on line 434
[2026-07-06 18:43:07] Creation of dynamic property app::$rs_for_doctors is deprecated in C:\xampp\Desktop\mdcnpal\htdocs\public_html\core\app.php on line 434
[2026-07-06 18:43:07] Creation of dynamic property app::$rs_banner is deprecated in C:\xampp\Desktop\mdcnpal\htdocs\public_html\core\app.php on line 434
[2026-07-06 18:43:07] Creation of dynamic property app::$page_info is deprecated in C:\xampp\Desktop\mdcnpal\htdocs\public_html\core\app.php on line 434
[2026-07-06 18:43:07] Creation of dynamic property app::$department_id is deprecated in C:\xampp\Desktop\mdcnpal\htdocs\public_html\core\app.php on line 434
[2026-07-06 18:43:07] Creation of dynamic property app::$city_id is deprecated in C:\xampp\Desktop\mdcnpal\htdocs\public_html\core\app.php on line 434
[2026-07-06 18:43:07] Creation of dynamic property app::$city_name is deprecated in C:\xampp\Desktop\mdcnpal\htdocs\public_html\core\app.php on line 434
[2026-07-06 18:43:07] Creation of dynamic property app::$data_id is deprecated in C:\xampp\Desktop\mdcnpal\htdocs\public_html\core\app.php on line 434
[2026-07-06 18:43:07] Creation of dynamic property app::$data_name is deprecated in C:\xampp\Desktop\mdcnpal\htdocs\public_html\core\app.php on line 434
[2026-07-06 18:43:07] Creation of dynamic property app::$pageType is deprecated in C:\xampp\Desktop\mdcnpal\htdocs\public_html\core\app.php on line 434
[2026-07-06 18:43:07] Creation of dynamic property app::$rs_faq_data is deprecated in C:\xampp\Desktop\mdcnpal\htdocs\public_html\core\app.php on line 434
[2026-07-06 18:43:07] Undefined property: app::$rs_cartmini in C:\xampp\Desktop\mdcnpal\htdocs\public_html\includes\header.php on line 131
[2026-07-06 18:43:07] Undefined array key "MDRCCustID" in C:\xampp\Desktop\mdcnpal\htdocs\public_html\includes\header.php on line 134
[2026-07-06 18:43:07] Undefined property: app::$rs_cartmini in C:\xampp\Desktop\mdcnpal\htdocs\public_html\includes\header.php on line 197
[2026-07-06 18:43:07] Undefined array key "MDRCCustID" in C:\xampp\Desktop\mdcnpal\htdocs\public_html\includes\header.php on line 200
[2026-07-06 18:43:07] Undefined property: app::$rs_cartmini in C:\xampp\Desktop\mdcnpal\htdocs\public_html\includes\header.php on line 469
[2026-07-06 18:43:07] Undefined array key "MDRCCustID" in C:\xampp\Desktop\mdcnpal\htdocs\public_html\includes\header.php on line 472
[2026-07-06 18:43:07] Undefined property: app::$rs_cartmini in C:\xampp\Desktop\mdcnpal\htdocs\public_html\includes\header.php on line 525
[2026-07-06 18:43:07] Undefined array key "MDRCCustID" in C:\xampp\Desktop\mdcnpal\htdocs\public_html\includes\header.php on line 528
[2026-07-06 18:43:07] Undefined property: app::$rs_customer in C:\xampp\Desktop\mdcnpal\htdocs\public_html\includes\header.php on line 712
[2026-07-06 18:43:07] Trying to access array offset on value of type null in C:\xampp\Desktop\mdcnpal\htdocs\public_html\includes\header.php on line 712
[2026-07-06 18:43:07] Undefined property: app::$rs_customer in C:\xampp\Desktop\mdcnpal\htdocs\public_html\includes\header.php on line 721
[2026-07-06 18:43:07] Trying to access array offset on value of type null in C:\xampp\Desktop\mdcnpal\htdocs\public_html\includes\header.php on line 721
[2026-07-06 18:43:07] Undefined property: app::$rs_customer in C:\xampp\Desktop\mdcnpal\htdocs\public_html\includes\header.php on line 730
[2026-07-06 18:43:07] Trying to access array offset on value of type null in C:\xampp\Desktop\mdcnpal\htdocs\public_html\includes\header.php on line 730
[2026-07-06 18:43:07] Undefined property: app::$rs_customer in C:\xampp\Desktop\mdcnpal\htdocs\public_html\includes\header.php on line 739
[2026-07-06 18:43:07] Trying to access array offset on value of type null in C:\xampp\Desktop\mdcnpal\htdocs\public_html\includes\header.php on line 739
[2026-07-06 18:43:07] Undefined property: app::$rs_customer in C:\xampp\Desktop\mdcnpal\htdocs\public_html\includes\footer.php on line 357
[2026-07-06 18:43:07] Trying to access array offset on value of type null in C:\xampp\Desktop\mdcnpal\htdocs\public_html\includes\footer.php on line 357
[2026-07-06 18:43:07] Undefined property: app::$rs_customer in C:\xampp\Desktop\mdcnpal\htdocs\public_html\includes\footer.php on line 366
[2026-07-06 18:43:07] Trying to access array offset on value of type null in C:\xampp\Desktop\mdcnpal\htdocs\public_html\includes\footer.php on line 366
[2026-07-06 18:43:07] Undefined property: app::$rs_customer in C:\xampp\Desktop\mdcnpal\htdocs\public_html\includes\footer.php on line 372
[2026-07-06 18:43:07] Trying to access array offset on value of type null in C:\xampp\Desktop\mdcnpal\htdocs\public_html\includes\footer.php on line 372
[2026-07-06 18:43:07] Undefined property: app::$rs_customer in C:\xampp\Desktop\mdcnpal\htdocs\public_html\includes\general_data.php on line 88
[2026-07-06 18:43:07] Trying to access array offset on value of type null in C:\xampp\Desktop\mdcnpal\htdocs\public_html\includes\general_data.php on line 88
[2026-07-06 18:43:07] Undefined array key "MDRCCustID" in C:\xampp\Desktop\mdcnpal\htdocs\public_html\includes\general_data.php on line 88
[2026-07-06 18:43:07] Undefined variable $tmpStr in C:\xampp\Desktop\mdcnpal\htdocs\public_html\core\app.php on line 969
[2026-07-06 18:43:08] Creation of dynamic property dbclass::$RECORD_SET is deprecated in C:\xampp\Desktop\mdcnpal\htdocs\public_html\core\dbclass.php on line 69
[2026-07-06 18:43:08] Creation of dynamic property dbclass::$app is deprecated in C:\xampp\Desktop\mdcnpal\htdocs\public_html\core\dbclass.php on line 75
[2026-07-06 18:43:08] Creation of dynamic property model::$foreign_tables is deprecated in C:\xampp\Desktop\mdcnpal\htdocs\public_html\core\model.php on line 43
[2026-07-06 18:43:08] Creation of dynamic property app::$inputfilter is deprecated in C:\xampp\Desktop\mdcnpal\htdocs\public_html\core\app.php on line 123
[2026-07-06 18:43:08] Creation of dynamic property app::$userconfig is deprecated in C:\xampp\Desktop\mdcnpal\htdocs\public_html\core\app.php on line 124
[2026-07-06 18:43:08] Creation of dynamic property app::$global_include is deprecated in C:\xampp\Desktop\mdcnpal\htdocs\public_html\core\app.php on line 125
[2026-07-06 18:43:08] Creation of dynamic property app::$set_cache_time is deprecated in C:\xampp\Desktop\mdcnpal\htdocs\public_html\core\app.php on line 153
[2026-07-06 18:43:09] Creation of dynamic property dbclass::$RECORD_SET is deprecated in C:\xampp\Desktop\mdcnpal\htdocs\public_html\core\dbclass.php on line 69
[2026-07-06 18:43:09] Creation of dynamic property dbclass::$app is deprecated in C:\xampp\Desktop\mdcnpal\htdocs\public_html\core\dbclass.php on line 75
[2026-07-06 18:43:09] Creation of dynamic property model::$foreign_tables is deprecated in C:\xampp\Desktop\mdcnpal\htdocs\public_html\core\model.php on line 43
[2026-07-06 18:43:09] Creation of dynamic property app::$inputfilter is deprecated in C:\xampp\Desktop\mdcnpal\htdocs\public_html\core\app.php on line 123
[2026-07-06 18:43:09] Creation of dynamic property app::$userconfig is deprecated in C:\xampp\Desktop\mdcnpal\htdocs\public_html\core\app.php on line 124
[2026-07-06 18:43:09] Creation of dynamic property app::$global_include is deprecated in C:\xampp\Desktop\mdcnpal\htdocs\public_html\core\app.php on line 125
[2026-07-06 18:43:09] Creation of dynamic property app::$set_cache_time is deprecated in C:\xampp\Desktop\mdcnpal\htdocs\public_html\core\app.php on line 153
[2026-07-06 18:43:09] Undefined variable $RESULT in C:\xampp\Desktop\mdcnpal\htdocs\public_html\scripts\ajax\selectCityUsingGoogleMapApi.php on line 69
[2026-07-06 18:43:09] Undefined variable $URL in C:\xampp\Desktop\mdcnpal\htdocs\public_html\scripts\ajax\selectCityUsingGoogleMapApi.php on line 73
[2026-07-06 18:43:10] Creation of dynamic property dbclass::$RECORD_SET is deprecated in C:\xampp\Desktop\mdcnpal\htdocs\public_html\core\dbclass.php on line 69
[2026-07-06 18:43:10] Creation of dynamic property dbclass::$app is deprecated in C:\xampp\Desktop\mdcnpal\htdocs\public_html\core\dbclass.php on line 75
[2026-07-06 18:43:10] Creation of dynamic property model::$foreign_tables is deprecated in C:\xampp\Desktop\mdcnpal\htdocs\public_html\core\model.php on line 43
[2026-07-06 18:43:10] Creation of dynamic property app::$inputfilter is deprecated in C:\xampp\Desktop\mdcnpal\htdocs\public_html\core\app.php on line 123
[2026-07-06 18:43:10] Creation of dynamic property app::$userconfig is deprecated in C:\xampp\Desktop\mdcnpal\htdocs\public_html\core\app.php on line 124
[2026-07-06 18:43:10] Creation of dynamic property app::$global_include is deprecated in C:\xampp\Desktop\mdcnpal\htdocs\public_html\core\app.php on line 125
[2026-07-06 18:43:10] Creation of dynamic property app::$set_cache_time is deprecated in C:\xampp\Desktop\mdcnpal\htdocs\public_html\core\app.php on line 153
[2026-07-06 18:43:10] Creation of dynamic property app::$meta is deprecated in C:\xampp\Desktop\mdcnpal\htdocs\public_html\core\app.php on line 434
[2026-07-06 18:43:10] Creation of dynamic property app::$rs_gs_city is deprecated in C:\xampp\Desktop\mdcnpal\htdocs\public_html\core\app.php on line 434
[2026-07-06 18:43:10] Creation of dynamic property app::$rs_footer_popular_item is deprecated in C:\xampp\Desktop\mdcnpal\htdocs\public_html\core\app.php on line 434
[2026-07-06 18:43:10] Creation of dynamic property app::$rs_footer_popular_test is deprecated in C:\xampp\Desktop\mdcnpal\htdocs\public_html\core\app.php on line 434
[2026-07-06 18:43:10] Creation of dynamic property app::$rs_testimonial is deprecated in C:\xampp\Desktop\mdcnpal\htdocs\public_html\core\app.php on line 434
[2026-07-06 18:43:10] Creation of dynamic property app::$admin is deprecated in C:\xampp\Desktop\mdcnpal\htdocs\public_html\core\app.php on line 434
[2026-07-06 18:43:10] Undefined array key 0 in C:\xampp\Desktop\mdcnpal\htdocs\public_html\core\global_include.php on line 514
[2026-07-06 18:43:10] Creation of dynamic property app::$popup is deprecated in C:\xampp\Desktop\mdcnpal\htdocs\public_html\core\app.php on line 434
[2026-07-06 18:43:10] Undefined array key "MDRCCustID" in C:\xampp\Desktop\mdcnpal\htdocs\public_html\core\global_include.php on line 515
[2026-07-06 18:43:10] Undefined array key "MDRCToken" in C:\xampp\Desktop\mdcnpal\htdocs\public_html\core\global_include.php on line 515
[2026-07-06 18:43:10] Creation of dynamic property app::$rscategory is deprecated in C:\xampp\Desktop\mdcnpal\htdocs\public_html\core\app.php on line 434
[2026-07-06 18:43:10] Creation of dynamic property app::$rs_pages is deprecated in C:\xampp\Desktop\mdcnpal\htdocs\public_html\core\app.php on line 434
[2026-07-06 18:43:10] Creation of dynamic property app::$gs is deprecated in C:\xampp\Desktop\mdcnpal\htdocs\public_html\core\app.php on line 434
[2026-07-06 18:43:10] Undefined array key "MDRCCustID" in C:\xampp\Desktop\mdcnpal\htdocs\public_html\core\global_include.php on line 596
[2026-07-06 18:43:10] Undefined array key "MDRCCustID" in C:\xampp\Desktop\mdcnpal\htdocs\public_html\core\global_include.php on line 615
[2026-07-06 18:43:10] Undefined variable $getId in C:\xampp\Desktop\mdcnpal\htdocs\public_html\core\global_include.php on line 684
[2026-07-06 18:43:10] Undefined variable $getName in C:\xampp\Desktop\mdcnpal\htdocs\public_html\core\global_include.php on line 685
[2026-07-06 18:43:10] Undefined array key 0 in C:\xampp\Desktop\mdcnpal\htdocs\public_html\core\global_include.php on line 810
[2026-07-06 18:43:10] Creation of dynamic property app::$rs_offer_msg is deprecated in C:\xampp\Desktop\mdcnpal\htdocs\public_html\core\app.php on line 434
[2026-07-06 18:43:10] Creation of dynamic property app::$rs_for_doctors is deprecated in C:\xampp\Desktop\mdcnpal\htdocs\public_html\core\app.php on line 434
[2026-07-06 18:43:10] Creation of dynamic property app::$description is deprecated in C:\xampp\Desktop\mdcnpal\htdocs\public_html\core\app.php on line 434
[2026-07-06 18:43:10] Creation of dynamic property app::$rs_banner is deprecated in C:\xampp\Desktop\mdcnpal\htdocs\public_html\core\app.php on line 434
[2026-07-06 18:43:10] Creation of dynamic property app::$rs_item_diseases is deprecated in C:\xampp\Desktop\mdcnpal\htdocs\public_html\core\app.php on line 434
[2026-07-06 18:43:10] Creation of dynamic property app::$rs_item_home_category is deprecated in C:\xampp\Desktop\mdcnpal\htdocs\public_html\core\app.php on line 434
[2026-07-06 18:43:10] Creation of dynamic property app::$rs_item_banner_category is deprecated in C:\xampp\Desktop\mdcnpal\htdocs\public_html\core\app.php on line 434
[2026-07-06 18:43:10] Creation of dynamic property app::$rs_services is deprecated in C:\xampp\Desktop\mdcnpal\htdocs\public_html\core\app.php on line 434
[2026-07-06 18:43:10] Creation of dynamic property app::$rs_blog is deprecated in C:\xampp\Desktop\mdcnpal\htdocs\public_html\core\app.php on line 434
[2026-07-06 18:43:10] Creation of dynamic property app::$rs_category is deprecated in C:\xampp\Desktop\mdcnpal\htdocs\public_html\core\app.php on line 434
[2026-07-06 18:43:10] Creation of dynamic property app::$rs_faq_data is deprecated in C:\xampp\Desktop\mdcnpal\htdocs\public_html\core\app.php on line 434
[2026-07-06 18:43:10] Creation of dynamic property app::$rs_gallery_data is deprecated in C:\xampp\Desktop\mdcnpal\htdocs\public_html\core\app.php on line 434
[2026-07-06 18:43:10] Undefined property: app::$rs_cartmini in C:\xampp\Desktop\mdcnpal\htdocs\public_html\includes\header.php on line 131
[2026-07-06 18:43:10] Undefined array key "MDRCCustID" in C:\xampp\Desktop\mdcnpal\htdocs\public_html\includes\header.php on line 134
[2026-07-06 18:43:10] Undefined property: app::$rs_cartmini in C:\xampp\Desktop\mdcnpal\htdocs\public_html\includes\header.php on line 197
[2026-07-06 18:43:10] Undefined array key "MDRCCustID" in C:\xampp\Desktop\mdcnpal\htdocs\public_html\includes\header.php on line 200
[2026-07-06 18:43:10] Undefined property: app::$rs_cartmini in C:\xampp\Desktop\mdcnpal\htdocs\public_html\includes\header.php on line 469
[2026-07-06 18:43:10] Undefined array key "MDRCCustID" in C:\xampp\Desktop\mdcnpal\htdocs\public_html\includes\header.php on line 472
[2026-07-06 18:43:10] Undefined property: app::$rs_cartmini in C:\xampp\Desktop\mdcnpal\htdocs\public_html\includes\header.php on line 525
[2026-07-06 18:43:10] Undefined array key "MDRCCustID" in C:\xampp\Desktop\mdcnpal\htdocs\public_html\includes\header.php on line 528
[2026-07-06 18:43:10] Undefined property: app::$rs_customer in C:\xampp\Desktop\mdcnpal\htdocs\public_html\includes\header.php on line 712
[2026-07-06 18:43:10] Trying to access array offset on value of type null in C:\xampp\Desktop\mdcnpal\htdocs\public_html\includes\header.php on line 712
[2026-07-06 18:43:10] Undefined property: app::$rs_customer in C:\xampp\Desktop\mdcnpal\htdocs\public_html\includes\header.php on line 721
[2026-07-06 18:43:10] Trying to access array offset on value of type null in C:\xampp\Desktop\mdcnpal\htdocs\public_html\includes\header.php on line 721
[2026-07-06 18:43:10] Undefined property: app::$rs_customer in C:\xampp\Desktop\mdcnpal\htdocs\public_html\includes\header.php on line 730
[2026-07-06 18:43:10] Trying to access array offset on value of type null in C:\xampp\Desktop\mdcnpal\htdocs\public_html\includes\header.php on line 730
[2026-07-06 18:43:10] Undefined property: app::$rs_customer in C:\xampp\Desktop\mdcnpal\htdocs\public_html\includes\header.php on line 739
[2026-07-06 18:43:10] Trying to access array offset on value of type null in C:\xampp\Desktop\mdcnpal\htdocs\public_html\includes\header.php on line 739
[2026-07-06 18:43:10] Undefined property: app::$rs_customer in C:\xampp\Desktop\mdcnpal\htdocs\public_html\includes\footer.php on line 357
[2026-07-06 18:43:10] Trying to access array offset on value of type null in C:\xampp\Desktop\mdcnpal\htdocs\public_html\includes\footer.php on line 357
[2026-07-06 18:43:10] Undefined property: app::$rs_customer in C:\xampp\Desktop\mdcnpal\htdocs\public_html\includes\footer.php on line 366
[2026-07-06 18:43:10] Trying to access array offset on value of type null in C:\xampp\Desktop\mdcnpal\htdocs\public_html\includes\footer.php on line 366
[2026-07-06 18:43:10] Undefined property: app::$rs_customer in C:\xampp\Desktop\mdcnpal\htdocs\public_html\includes\footer.php on line 372
[2026-07-06 18:43:10] Trying to access array offset on value of type null in C:\xampp\Desktop\mdcnpal\htdocs\public_html\includes\footer.php on line 372
[2026-07-06 18:43:10] Undefined property: app::$rs_customer in C:\xampp\Desktop\mdcnpal\htdocs\public_html\includes\general_data.php on line 88
[2026-07-06 18:43:10] Trying to access array offset on value of type null in C:\xampp\Desktop\mdcnpal\htdocs\public_html\includes\general_data.php on line 88
[2026-07-06 18:43:10] Undefined array key "MDRCCustID" in C:\xampp\Desktop\mdcnpal\htdocs\public_html\includes\general_data.php on line 88
[2026-07-06 18:43:10] Undefined variable $tmpStr in C:\xampp\Desktop\mdcnpal\htdocs\public_html\core\app.php on line 969
[2026-07-06 18:43:13] Creation of dynamic property dbclass::$RECORD_SET is deprecated in C:\xampp\Desktop\mdcnpal\htdocs\public_html\core\dbclass.php on line 69
[2026-07-06 18:43:13] Creation of dynamic property dbclass::$app is deprecated in C:\xampp\Desktop\mdcnpal\htdocs\public_html\core\dbclass.php on line 75
[2026-07-06 18:43:13] Creation of dynamic property model::$foreign_tables is deprecated in C:\xampp\Desktop\mdcnpal\htdocs\public_html\core\model.php on line 43
[2026-07-06 18:43:13] Creation of dynamic property app::$inputfilter is deprecated in C:\xampp\Desktop\mdcnpal\htdocs\public_html\core\app.php on line 123
[2026-07-06 18:43:13] Creation of dynamic property app::$userconfig is deprecated in C:\xampp\Desktop\mdcnpal\htdocs\public_html\core\app.php on line 124
[2026-07-06 18:43:13] Creation of dynamic property app::$global_include is deprecated in C:\xampp\Desktop\mdcnpal\htdocs\public_html\core\app.php on line 125
[2026-07-06 18:43:13] Creation of dynamic property app::$set_cache_time is deprecated in C:\xampp\Desktop\mdcnpal\htdocs\public_html\core\app.php on line 153
[2026-07-06 18:43:13] Undefined variable $RESULT in C:\xampp\Desktop\mdcnpal\htdocs\public_html\scripts\ajax\selectCityUsingGoogleMapApi.php on line 69
[2026-07-06 18:43:13] Undefined variable $URL in C:\xampp\Desktop\mdcnpal\htdocs\public_html\scripts\ajax\selectCityUsingGoogleMapApi.php on line 73
[2026-07-06 18:48:48] Creation of dynamic property dbclass::$RECORD_SET is deprecated in C:\xampp\Desktop\mdcnpal\htdocs\public_html\core\dbclass.php on line 69
[2026-07-06 18:48:48] Creation of dynamic property dbclass::$app is deprecated in C:\xampp\Desktop\mdcnpal\htdocs\public_html\core\dbclass.php on line 75
[2026-07-06 18:48:48] Creation of dynamic property model::$foreign_tables is deprecated in C:\xampp\Desktop\mdcnpal\htdocs\public_html\core\model.php on line 43
[2026-07-06 18:48:48] Creation of dynamic property app::$inputfilter is deprecated in C:\xampp\Desktop\mdcnpal\htdocs\public_html\core\app.php on line 123
[2026-07-06 18:48:48] Creation of dynamic property app::$userconfig is deprecated in C:\xampp\Desktop\mdcnpal\htdocs\public_html\core\app.php on line 124
[2026-07-06 18:48:48] Creation of dynamic property app::$global_include is deprecated in C:\xampp\Desktop\mdcnpal\htdocs\public_html\core\app.php on line 125
[2026-07-06 18:48:48] Creation of dynamic property app::$set_cache_time is deprecated in C:\xampp\Desktop\mdcnpal\htdocs\public_html\core\app.php on line 153
[2026-07-06 18:48:48] Undefined array key "cityID" in C:\xampp\Desktop\mdcnpal\htdocs\public_html\core\global_include.php on line 381
[2026-07-06 18:48:48] Undefined array key "cityID" in C:\xampp\Desktop\mdcnpal\htdocs\public_html\core\global_include.php on line 416
[2026-07-06 18:48:48] Creation of dynamic property app::$meta is deprecated in C:\xampp\Desktop\mdcnpal\htdocs\public_html\core\app.php on line 434
[2026-07-06 18:48:48] Creation of dynamic property app::$rs_gs_city is deprecated in C:\xampp\Desktop\mdcnpal\htdocs\public_html\core\app.php on line 434
[2026-07-06 18:48:48] Undefined array key "cityID" in C:\xampp\Desktop\mdcnpal\htdocs\public_html\core\global_include.php on line 468
[2026-07-06 18:48:48] Creation of dynamic property app::$rs_footer_popular_item is deprecated in C:\xampp\Desktop\mdcnpal\htdocs\public_html\core\app.php on line 434
[2026-07-06 18:48:48] Creation of dynamic property app::$rs_footer_popular_test is deprecated in C:\xampp\Desktop\mdcnpal\htdocs\public_html\core\app.php on line 434
[2026-07-06 18:48:48] Creation of dynamic property app::$rs_testimonial is deprecated in C:\xampp\Desktop\mdcnpal\htdocs\public_html\core\app.php on line 434
[2026-07-06 18:48:48] Creation of dynamic property app::$admin is deprecated in C:\xampp\Desktop\mdcnpal\htdocs\public_html\core\app.php on line 434
[2026-07-06 18:48:48] Undefined array key 0 in C:\xampp\Desktop\mdcnpal\htdocs\public_html\core\global_include.php on line 514
[2026-07-06 18:48:48] Creation of dynamic property app::$popup is deprecated in C:\xampp\Desktop\mdcnpal\htdocs\public_html\core\app.php on line 434
[2026-07-06 18:48:48] Undefined array key "MDRCCustID" in C:\xampp\Desktop\mdcnpal\htdocs\public_html\core\global_include.php on line 515
[2026-07-06 18:48:48] Undefined array key "MDRCToken" in C:\xampp\Desktop\mdcnpal\htdocs\public_html\core\global_include.php on line 515
[2026-07-06 18:48:48] Creation of dynamic property app::$rscategory is deprecated in C:\xampp\Desktop\mdcnpal\htdocs\public_html\core\app.php on line 434
[2026-07-06 18:48:48] Creation of dynamic property app::$rs_pages is deprecated in C:\xampp\Desktop\mdcnpal\htdocs\public_html\core\app.php on line 434
[2026-07-06 18:48:48] Creation of dynamic property app::$gs is deprecated in C:\xampp\Desktop\mdcnpal\htdocs\public_html\core\app.php on line 434
[2026-07-06 18:48:48] Undefined array key "MDRCCustID" in C:\xampp\Desktop\mdcnpal\htdocs\public_html\core\global_include.php on line 596
[2026-07-06 18:48:48] Undefined array key "MDRCCustID" in C:\xampp\Desktop\mdcnpal\htdocs\public_html\core\global_include.php on line 615
[2026-07-06 18:48:48] Undefined variable $getId in C:\xampp\Desktop\mdcnpal\htdocs\public_html\core\global_include.php on line 684
[2026-07-06 18:48:48] Undefined variable $getName in C:\xampp\Desktop\mdcnpal\htdocs\public_html\core\global_include.php on line 685
[2026-07-06 18:48:48] Undefined array key 0 in C:\xampp\Desktop\mdcnpal\htdocs\public_html\core\global_include.php on line 810
[2026-07-06 18:48:48] Creation of dynamic property app::$rs_offer_msg is deprecated in C:\xampp\Desktop\mdcnpal\htdocs\public_html\core\app.php on line 434
[2026-07-06 18:48:48] Creation of dynamic property app::$rs_for_doctors is deprecated in C:\xampp\Desktop\mdcnpal\htdocs\public_html\core\app.php on line 434
[2026-07-06 18:48:48] Creation of dynamic property app::$description is deprecated in C:\xampp\Desktop\mdcnpal\htdocs\public_html\core\app.php on line 434
[2026-07-06 18:48:48] Creation of dynamic property app::$rs_banner is deprecated in C:\xampp\Desktop\mdcnpal\htdocs\public_html\core\app.php on line 434
[2026-07-06 18:48:48] Creation of dynamic property app::$rs_item_diseases is deprecated in C:\xampp\Desktop\mdcnpal\htdocs\public_html\core\app.php on line 434
[2026-07-06 18:48:48] Creation of dynamic property app::$rs_item_home_category is deprecated in C:\xampp\Desktop\mdcnpal\htdocs\public_html\core\app.php on line 434
[2026-07-06 18:48:48] Creation of dynamic property app::$rs_item_banner_category is deprecated in C:\xampp\Desktop\mdcnpal\htdocs\public_html\core\app.php on line 434
[2026-07-06 18:48:48] Creation of dynamic property app::$rs_services is deprecated in C:\xampp\Desktop\mdcnpal\htdocs\public_html\core\app.php on line 434
[2026-07-06 18:48:48] Creation of dynamic property app::$rs_blog is deprecated in C:\xampp\Desktop\mdcnpal\htdocs\public_html\core\app.php on line 434
[2026-07-06 18:48:48] Creation of dynamic property app::$rs_category is deprecated in C:\xampp\Desktop\mdcnpal\htdocs\public_html\core\app.php on line 434
[2026-07-06 18:48:48] Creation of dynamic property app::$rs_faq_data is deprecated in C:\xampp\Desktop\mdcnpal\htdocs\public_html\core\app.php on line 434
[2026-07-06 18:48:48] Creation of dynamic property app::$rs_gallery_data is deprecated in C:\xampp\Desktop\mdcnpal\htdocs\public_html\core\app.php on line 434
[2026-07-06 18:48:48] Undefined array key "tempCityID" in C:\xampp\Desktop\mdcnpal\htdocs\public_html\includes\header.php on line 5
[2026-07-06 18:48:48] Undefined array key "items" in C:\xampp\Desktop\mdcnpal\htdocs\public_html\includes\header.php on line 16
[2026-07-06 18:48:48] Undefined array key "item_category" in C:\xampp\Desktop\mdcnpal\htdocs\public_html\includes\header.php on line 26
[2026-07-06 18:48:48] Undefined array key "item_diseases" in C:\xampp\Desktop\mdcnpal\htdocs\public_html\includes\header.php on line 33
[2026-07-06 18:48:48] Undefined property: app::$rs_cartmini in C:\xampp\Desktop\mdcnpal\htdocs\public_html\includes\header.php on line 131
[2026-07-06 18:48:48] Undefined array key "MDRCCustID" in C:\xampp\Desktop\mdcnpal\htdocs\public_html\includes\header.php on line 134
[2026-07-06 18:48:48] Undefined property: app::$rs_cartmini in C:\xampp\Desktop\mdcnpal\htdocs\public_html\includes\header.php on line 197
[2026-07-06 18:48:48] Undefined array key "MDRCCustID" in C:\xampp\Desktop\mdcnpal\htdocs\public_html\includes\header.php on line 200
[2026-07-06 18:48:48] Undefined property: app::$rs_cartmini in C:\xampp\Desktop\mdcnpal\htdocs\public_html\includes\header.php on line 469
[2026-07-06 18:48:48] Undefined array key "MDRCCustID" in C:\xampp\Desktop\mdcnpal\htdocs\public_html\includes\header.php on line 472
[2026-07-06 18:48:48] Undefined property: app::$rs_cartmini in C:\xampp\Desktop\mdcnpal\htdocs\public_html\includes\header.php on line 525
[2026-07-06 18:48:48] Undefined array key "MDRCCustID" in C:\xampp\Desktop\mdcnpal\htdocs\public_html\includes\header.php on line 528
[2026-07-06 18:48:48] Undefined property: app::$rs_customer in C:\xampp\Desktop\mdcnpal\htdocs\public_html\includes\header.php on line 712
[2026-07-06 18:48:48] Trying to access array offset on value of type null in C:\xampp\Desktop\mdcnpal\htdocs\public_html\includes\header.php on line 712
[2026-07-06 18:48:48] Undefined property: app::$rs_customer in C:\xampp\Desktop\mdcnpal\htdocs\public_html\includes\header.php on line 721
[2026-07-06 18:48:48] Trying to access array offset on value of type null in C:\xampp\Desktop\mdcnpal\htdocs\public_html\includes\header.php on line 721
[2026-07-06 18:48:48] Undefined property: app::$rs_customer in C:\xampp\Desktop\mdcnpal\htdocs\public_html\includes\header.php on line 730
[2026-07-06 18:48:48] Trying to access array offset on value of type null in C:\xampp\Desktop\mdcnpal\htdocs\public_html\includes\header.php on line 730
[2026-07-06 18:48:48] Undefined property: app::$rs_customer in C:\xampp\Desktop\mdcnpal\htdocs\public_html\includes\header.php on line 739
[2026-07-06 18:48:48] Trying to access array offset on value of type null in C:\xampp\Desktop\mdcnpal\htdocs\public_html\includes\header.php on line 739
[2026-07-06 18:48:49] Undefined property: app::$rs_customer in C:\xampp\Desktop\mdcnpal\htdocs\public_html\includes\footer.php on line 357
[2026-07-06 18:48:49] Trying to access array offset on value of type null in C:\xampp\Desktop\mdcnpal\htdocs\public_html\includes\footer.php on line 357
[2026-07-06 18:48:49] Undefined property: app::$rs_customer in C:\xampp\Desktop\mdcnpal\htdocs\public_html\includes\footer.php on line 366
[2026-07-06 18:48:49] Trying to access array offset on value of type null in C:\xampp\Desktop\mdcnpal\htdocs\public_html\includes\footer.php on line 366
[2026-07-06 18:48:49] Undefined property: app::$rs_customer in C:\xampp\Desktop\mdcnpal\htdocs\public_html\includes\footer.php on line 372
[2026-07-06 18:48:49] Trying to access array offset on value of type null in C:\xampp\Desktop\mdcnpal\htdocs\public_html\includes\footer.php on line 372
[2026-07-06 18:48:49] Undefined property: app::$rs_customer in C:\xampp\Desktop\mdcnpal\htdocs\public_html\includes\general_data.php on line 88
[2026-07-06 18:48:49] Trying to access array offset on value of type null in C:\xampp\Desktop\mdcnpal\htdocs\public_html\includes\general_data.php on line 88
[2026-07-06 18:48:49] Undefined array key "MDRCCustID" in C:\xampp\Desktop\mdcnpal\htdocs\public_html\includes\general_data.php on line 88
[2026-07-06 18:48:49] Undefined variable $tmpStr in C:\xampp\Desktop\mdcnpal\htdocs\public_html\core\app.php on line 969
[2026-07-06 18:48:49] Creation of dynamic property dbclass::$RECORD_SET is deprecated in C:\xampp\Desktop\mdcnpal\htdocs\public_html\core\dbclass.php on line 69
[2026-07-06 18:48:49] Creation of dynamic property dbclass::$app is deprecated in C:\xampp\Desktop\mdcnpal\htdocs\public_html\core\dbclass.php on line 75
[2026-07-06 18:48:49] Creation of dynamic property model::$foreign_tables is deprecated in C:\xampp\Desktop\mdcnpal\htdocs\public_html\core\model.php on line 43
[2026-07-06 18:48:49] Creation of dynamic property app::$inputfilter is deprecated in C:\xampp\Desktop\mdcnpal\htdocs\public_html\core\app.php on line 123
[2026-07-06 18:48:49] Creation of dynamic property app::$userconfig is deprecated in C:\xampp\Desktop\mdcnpal\htdocs\public_html\core\app.php on line 124
[2026-07-06 18:48:49] Creation of dynamic property app::$global_include is deprecated in C:\xampp\Desktop\mdcnpal\htdocs\public_html\core\app.php on line 125
[2026-07-06 18:48:49] Creation of dynamic property app::$set_cache_time is deprecated in C:\xampp\Desktop\mdcnpal\htdocs\public_html\core\app.php on line 153
[2026-07-06 18:48:49] Undefined array key "cityID" in C:\xampp\Desktop\mdcnpal\htdocs\public_html\core\global_include.php on line 381
[2026-07-06 18:48:49] Undefined array key "cityID" in C:\xampp\Desktop\mdcnpal\htdocs\public_html\core\global_include.php on line 416
[2026-07-06 18:48:49] Creation of dynamic property app::$meta is deprecated in C:\xampp\Desktop\mdcnpal\htdocs\public_html\core\app.php on line 434
[2026-07-06 18:48:49] Creation of dynamic property app::$rs_gs_city is deprecated in C:\xampp\Desktop\mdcnpal\htdocs\public_html\core\app.php on line 434
[2026-07-06 18:48:49] Undefined array key "cityID" in C:\xampp\Desktop\mdcnpal\htdocs\public_html\core\global_include.php on line 468
[2026-07-06 18:48:49] Creation of dynamic property app::$rs_footer_popular_item is deprecated in C:\xampp\Desktop\mdcnpal\htdocs\public_html\core\app.php on line 434
[2026-07-06 18:48:49] Creation of dynamic property app::$rs_footer_popular_test is deprecated in C:\xampp\Desktop\mdcnpal\htdocs\public_html\core\app.php on line 434
[2026-07-06 18:48:49] Creation of dynamic property app::$rs_testimonial is deprecated in C:\xampp\Desktop\mdcnpal\htdocs\public_html\core\app.php on line 434
[2026-07-06 18:48:49] Creation of dynamic property app::$admin is deprecated in C:\xampp\Desktop\mdcnpal\htdocs\public_html\core\app.php on line 434
[2026-07-06 18:48:49] Undefined array key 0 in C:\xampp\Desktop\mdcnpal\htdocs\public_html\core\global_include.php on line 514
[2026-07-06 18:48:49] Creation of dynamic property app::$popup is deprecated in C:\xampp\Desktop\mdcnpal\htdocs\public_html\core\app.php on line 434
[2026-07-06 18:48:49] Undefined array key "MDRCCustID" in C:\xampp\Desktop\mdcnpal\htdocs\public_html\core\global_include.php on line 515
[2026-07-06 18:48:49] Undefined array key "MDRCToken" in C:\xampp\Desktop\mdcnpal\htdocs\public_html\core\global_include.php on line 515
[2026-07-06 18:48:49] Creation of dynamic property app::$rscategory is deprecated in C:\xampp\Desktop\mdcnpal\htdocs\public_html\core\app.php on line 434
[2026-07-06 18:48:49] Creation of dynamic property app::$rs_pages is deprecated in C:\xampp\Desktop\mdcnpal\htdocs\public_html\core\app.php on line 434
[2026-07-06 18:48:49] Creation of dynamic property app::$gs is deprecated in C:\xampp\Desktop\mdcnpal\htdocs\public_html\core\app.php on line 434
[2026-07-06 18:48:49] Undefined array key "MDRCCustID" in C:\xampp\Desktop\mdcnpal\htdocs\public_html\core\global_include.php on line 596
[2026-07-06 18:48:49] Undefined array key "MDRCCustID" in C:\xampp\Desktop\mdcnpal\htdocs\public_html\core\global_include.php on line 615
[2026-07-06 18:48:49] Undefined variable $getId in C:\xampp\Desktop\mdcnpal\htdocs\public_html\core\global_include.php on line 684
[2026-07-06 18:48:49] Undefined variable $getName in C:\xampp\Desktop\mdcnpal\htdocs\public_html\core\global_include.php on line 685
[2026-07-06 18:48:49] Undefined array key 0 in C:\xampp\Desktop\mdcnpal\htdocs\public_html\core\global_include.php on line 810
[2026-07-06 18:48:49] Creation of dynamic property app::$rs_offer_msg is deprecated in C:\xampp\Desktop\mdcnpal\htdocs\public_html\core\app.php on line 434
[2026-07-06 18:48:49] Creation of dynamic property app::$rs_for_doctors is deprecated in C:\xampp\Desktop\mdcnpal\htdocs\public_html\core\app.php on line 434
[2026-07-06 18:48:49] Creation of dynamic property app::$rs_blog_category is deprecated in C:\xampp\Desktop\mdcnpal\htdocs\public_html\core\app.php on line 434
[2026-07-06 18:48:49] Creation of dynamic property app::$array_bread is deprecated in C:\xampp\Desktop\mdcnpal\htdocs\public_html\core\app.php on line 434
[2026-07-06 18:48:49] Creation of dynamic property app::$CatId is deprecated in C:\xampp\Desktop\mdcnpal\htdocs\public_html\core\app.php on line 434
[2026-07-06 18:48:49] Creation of dynamic property app::$TagId is deprecated in C:\xampp\Desktop\mdcnpal\htdocs\public_html\core\app.php on line 434
[2026-07-06 18:48:49] Creation of dynamic property app::$rs_data is deprecated in C:\xampp\Desktop\mdcnpal\htdocs\public_html\core\app.php on line 434
[2026-07-06 18:48:49] Undefined array key "tempCityID" in C:\xampp\Desktop\mdcnpal\htdocs\public_html\includes\header.php on line 5
[2026-07-06 18:48:49] Undefined array key "items" in C:\xampp\Desktop\mdcnpal\htdocs\public_html\includes\header.php on line 16
[2026-07-06 18:48:49] Undefined array key "item_category" in C:\xampp\Desktop\mdcnpal\htdocs\public_html\includes\header.php on line 26
[2026-07-06 18:48:49] Undefined array key "item_diseases" in C:\xampp\Desktop\mdcnpal\htdocs\public_html\includes\header.php on line 33
[2026-07-06 18:48:49] Undefined property: app::$rs_cartmini in C:\xampp\Desktop\mdcnpal\htdocs\public_html\includes\header.php on line 131
[2026-07-06 18:48:49] Undefined array key "MDRCCustID" in C:\xampp\Desktop\mdcnpal\htdocs\public_html\includes\header.php on line 134
[2026-07-06 18:48:49] Undefined property: app::$rs_cartmini in C:\xampp\Desktop\mdcnpal\htdocs\public_html\includes\header.php on line 197
[2026-07-06 18:48:49] Undefined array key "MDRCCustID" in C:\xampp\Desktop\mdcnpal\htdocs\public_html\includes\header.php on line 200
[2026-07-06 18:48:49] Undefined property: app::$rs_cartmini in C:\xampp\Desktop\mdcnpal\htdocs\public_html\includes\header.php on line 469
[2026-07-06 18:48:49] Undefined array key "MDRCCustID" in C:\xampp\Desktop\mdcnpal\htdocs\public_html\includes\header.php on line 472
[2026-07-06 18:48:49] Undefined property: app::$rs_cartmini in C:\xampp\Desktop\mdcnpal\htdocs\public_html\includes\header.php on line 525
[2026-07-06 18:48:49] Undefined array key "MDRCCustID" in C:\xampp\Desktop\mdcnpal\htdocs\public_html\includes\header.php on line 528
[2026-07-06 18:48:49] Undefined property: app::$rs_customer in C:\xampp\Desktop\mdcnpal\htdocs\public_html\includes\header.php on line 712
[2026-07-06 18:48:49] Trying to access array offset on value of type null in C:\xampp\Desktop\mdcnpal\htdocs\public_html\includes\header.php on line 712
[2026-07-06 18:48:49] Undefined property: app::$rs_customer in C:\xampp\Desktop\mdcnpal\htdocs\public_html\includes\header.php on line 721
[2026-07-06 18:48:49] Trying to access array offset on value of type null in C:\xampp\Desktop\mdcnpal\htdocs\public_html\includes\header.php on line 721
[2026-07-06 18:48:49] Undefined property: app::$rs_customer in C:\xampp\Desktop\mdcnpal\htdocs\public_html\includes\header.php on line 730
[2026-07-06 18:48:49] Trying to access array offset on value of type null in C:\xampp\Desktop\mdcnpal\htdocs\public_html\includes\header.php on line 730
[2026-07-06 18:48:49] Undefined property: app::$rs_customer in C:\xampp\Desktop\mdcnpal\htdocs\public_html\includes\header.php on line 739
[2026-07-06 18:48:49] Trying to access array offset on value of type null in C:\xampp\Desktop\mdcnpal\htdocs\public_html\includes\header.php on line 739
[2026-07-06 18:48:49] Undefined property: app::$rs_customer in C:\xampp\Desktop\mdcnpal\htdocs\public_html\includes\footer.php on line 357
[2026-07-06 18:48:49] Trying to access array offset on value of type null in C:\xampp\Desktop\mdcnpal\htdocs\public_html\includes\footer.php on line 357
[2026-07-06 18:48:49] Undefined property: app::$rs_customer in C:\xampp\Desktop\mdcnpal\htdocs\public_html\includes\footer.php on line 366
[2026-07-06 18:48:49] Trying to access array offset on value of type null in C:\xampp\Desktop\mdcnpal\htdocs\public_html\includes\footer.php on line 366
[2026-07-06 18:48:49] Undefined property: app::$rs_customer in C:\xampp\Desktop\mdcnpal\htdocs\public_html\includes\footer.php on line 372
[2026-07-06 18:48:49] Trying to access array offset on value of type null in C:\xampp\Desktop\mdcnpal\htdocs\public_html\includes\footer.php on line 372
[2026-07-06 18:48:49] Undefined property: app::$rs_customer in C:\xampp\Desktop\mdcnpal\htdocs\public_html\includes\general_data.php on line 88
[2026-07-06 18:48:49] Trying to access array offset on value of type null in C:\xampp\Desktop\mdcnpal\htdocs\public_html\includes\general_data.php on line 88
[2026-07-06 18:48:49] Undefined array key "MDRCCustID" in C:\xampp\Desktop\mdcnpal\htdocs\public_html\includes\general_data.php on line 88
[2026-07-06 18:48:49] Undefined variable $tmpStr in C:\xampp\Desktop\mdcnpal\htdocs\public_html\core\app.php on line 969
[2026-07-06 18:49:09] Creation of dynamic property dbclass::$RECORD_SET is deprecated in C:\xampp\Desktop\mdcnpal\htdocs\public_html\core\dbclass.php on line 69
[2026-07-06 18:49:09] Creation of dynamic property dbclass::$app is deprecated in C:\xampp\Desktop\mdcnpal\htdocs\public_html\core\dbclass.php on line 75
[2026-07-06 18:49:09] Creation of dynamic property model::$foreign_tables is deprecated in C:\xampp\Desktop\mdcnpal\htdocs\public_html\core\model.php on line 43
[2026-07-06 18:49:09] Creation of dynamic property app::$inputfilter is deprecated in C:\xampp\Desktop\mdcnpal\htdocs\public_html\core\app.php on line 123
[2026-07-06 18:49:09] Creation of dynamic property app::$userconfig is deprecated in C:\xampp\Desktop\mdcnpal\htdocs\public_html\core\app.php on line 124
[2026-07-06 18:49:09] Creation of dynamic property app::$global_include is deprecated in C:\xampp\Desktop\mdcnpal\htdocs\public_html\core\app.php on line 125
[2026-07-06 18:49:09] Creation of dynamic property app::$set_cache_time is deprecated in C:\xampp\Desktop\mdcnpal\htdocs\public_html\core\app.php on line 153
[2026-07-06 18:49:09] Undefined array key "cityID" in C:\xampp\Desktop\mdcnpal\htdocs\public_html\core\global_include.php on line 381
[2026-07-06 18:49:09] Undefined array key "cityID" in C:\xampp\Desktop\mdcnpal\htdocs\public_html\core\global_include.php on line 416
[2026-07-06 18:49:09] Creation of dynamic property app::$meta is deprecated in C:\xampp\Desktop\mdcnpal\htdocs\public_html\core\app.php on line 434
[2026-07-06 18:49:09] Creation of dynamic property app::$rs_gs_city is deprecated in C:\xampp\Desktop\mdcnpal\htdocs\public_html\core\app.php on line 434
[2026-07-06 18:49:09] Undefined array key "cityID" in C:\xampp\Desktop\mdcnpal\htdocs\public_html\core\global_include.php on line 468
[2026-07-06 18:49:09] Creation of dynamic property app::$rs_footer_popular_item is deprecated in C:\xampp\Desktop\mdcnpal\htdocs\public_html\core\app.php on line 434
[2026-07-06 18:49:09] Creation of dynamic property app::$rs_footer_popular_test is deprecated in C:\xampp\Desktop\mdcnpal\htdocs\public_html\core\app.php on line 434
[2026-07-06 18:49:09] Creation of dynamic property app::$rs_testimonial is deprecated in C:\xampp\Desktop\mdcnpal\htdocs\public_html\core\app.php on line 434
[2026-07-06 18:49:09] Creation of dynamic property app::$admin is deprecated in C:\xampp\Desktop\mdcnpal\htdocs\public_html\core\app.php on line 434
[2026-07-06 18:49:09] Undefined array key 0 in C:\xampp\Desktop\mdcnpal\htdocs\public_html\core\global_include.php on line 514
[2026-07-06 18:49:09] Creation of dynamic property app::$popup is deprecated in C:\xampp\Desktop\mdcnpal\htdocs\public_html\core\app.php on line 434
[2026-07-06 18:49:09] Undefined array key "MDRCCustID" in C:\xampp\Desktop\mdcnpal\htdocs\public_html\core\global_include.php on line 515
[2026-07-06 18:49:09] Undefined array key "MDRCToken" in C:\xampp\Desktop\mdcnpal\htdocs\public_html\core\global_include.php on line 515
[2026-07-06 18:49:09] Creation of dynamic property app::$rscategory is deprecated in C:\xampp\Desktop\mdcnpal\htdocs\public_html\core\app.php on line 434
[2026-07-06 18:49:09] Creation of dynamic property app::$rs_pages is deprecated in C:\xampp\Desktop\mdcnpal\htdocs\public_html\core\app.php on line 434
[2026-07-06 18:49:09] Creation of dynamic property app::$gs is deprecated in C:\xampp\Desktop\mdcnpal\htdocs\public_html\core\app.php on line 434
[2026-07-06 18:49:09] Undefined array key "MDRCCustID" in C:\xampp\Desktop\mdcnpal\htdocs\public_html\core\global_include.php on line 596
[2026-07-06 18:49:09] Undefined array key "MDRCCustID" in C:\xampp\Desktop\mdcnpal\htdocs\public_html\core\global_include.php on line 615
[2026-07-06 18:49:09] Undefined variable $getId in C:\xampp\Desktop\mdcnpal\htdocs\public_html\core\global_include.php on line 684
[2026-07-06 18:49:09] Undefined variable $getName in C:\xampp\Desktop\mdcnpal\htdocs\public_html\core\global_include.php on line 685
[2026-07-06 18:49:09] Undefined array key 0 in C:\xampp\Desktop\mdcnpal\htdocs\public_html\core\global_include.php on line 810
[2026-07-06 18:49:09] Creation of dynamic property app::$rs_offer_msg is deprecated in C:\xampp\Desktop\mdcnpal\htdocs\public_html\core\app.php on line 434
[2026-07-06 18:49:09] Creation of dynamic property app::$rs_for_doctors is deprecated in C:\xampp\Desktop\mdcnpal\htdocs\public_html\core\app.php on line 434
[2026-07-06 18:49:09] Creation of dynamic property app::$description is deprecated in C:\xampp\Desktop\mdcnpal\htdocs\public_html\core\app.php on line 434
[2026-07-06 18:49:09] Creation of dynamic property app::$rs_banner is deprecated in C:\xampp\Desktop\mdcnpal\htdocs\public_html\core\app.php on line 434
[2026-07-06 18:49:09] Creation of dynamic property app::$rs_item_diseases is deprecated in C:\xampp\Desktop\mdcnpal\htdocs\public_html\core\app.php on line 434
[2026-07-06 18:49:09] Creation of dynamic property app::$rs_item_home_category is deprecated in C:\xampp\Desktop\mdcnpal\htdocs\public_html\core\app.php on line 434
[2026-07-06 18:49:09] Creation of dynamic property app::$rs_item_banner_category is deprecated in C:\xampp\Desktop\mdcnpal\htdocs\public_html\core\app.php on line 434
[2026-07-06 18:49:09] Creation of dynamic property app::$rs_services is deprecated in C:\xampp\Desktop\mdcnpal\htdocs\public_html\core\app.php on line 434
[2026-07-06 18:49:09] Creation of dynamic property app::$rs_blog is deprecated in C:\xampp\Desktop\mdcnpal\htdocs\public_html\core\app.php on line 434
[2026-07-06 18:49:09] Creation of dynamic property app::$rs_category is deprecated in C:\xampp\Desktop\mdcnpal\htdocs\public_html\core\app.php on line 434
[2026-07-06 18:49:09] Creation of dynamic property app::$rs_faq_data is deprecated in C:\xampp\Desktop\mdcnpal\htdocs\public_html\core\app.php on line 434
[2026-07-06 18:49:09] Creation of dynamic property app::$rs_gallery_data is deprecated in C:\xampp\Desktop\mdcnpal\htdocs\public_html\core\app.php on line 434
[2026-07-06 18:49:09] Undefined array key "tempCityID" in C:\xampp\Desktop\mdcnpal\htdocs\public_html\includes\header.php on line 5
[2026-07-06 18:49:09] Undefined array key "items" in C:\xampp\Desktop\mdcnpal\htdocs\public_html\includes\header.php on line 16
[2026-07-06 18:49:09] Undefined array key "item_category" in C:\xampp\Desktop\mdcnpal\htdocs\public_html\includes\header.php on line 26
[2026-07-06 18:49:09] Undefined array key "item_diseases" in C:\xampp\Desktop\mdcnpal\htdocs\public_html\includes\header.php on line 33
[2026-07-06 18:49:09] Undefined property: app::$rs_cartmini in C:\xampp\Desktop\mdcnpal\htdocs\public_html\includes\header.php on line 131
[2026-07-06 18:49:09] Undefined array key "MDRCCustID" in C:\xampp\Desktop\mdcnpal\htdocs\public_html\includes\header.php on line 134
[2026-07-06 18:49:09] Undefined property: app::$rs_cartmini in C:\xampp\Desktop\mdcnpal\htdocs\public_html\includes\header.php on line 197
[2026-07-06 18:49:09] Undefined array key "MDRCCustID" in C:\xampp\Desktop\mdcnpal\htdocs\public_html\includes\header.php on line 200
[2026-07-06 18:49:09] Undefined property: app::$rs_cartmini in C:\xampp\Desktop\mdcnpal\htdocs\public_html\includes\header.php on line 469
[2026-07-06 18:49:09] Undefined array key "MDRCCustID" in C:\xampp\Desktop\mdcnpal\htdocs\public_html\includes\header.php on line 472
[2026-07-06 18:49:09] Undefined property: app::$rs_cartmini in C:\xampp\Desktop\mdcnpal\htdocs\public_html\includes\header.php on line 525
[2026-07-06 18:49:09] Undefined array key "MDRCCustID" in C:\xampp\Desktop\mdcnpal\htdocs\public_html\includes\header.php on line 528
[2026-07-06 18:49:09] Undefined property: app::$rs_customer in C:\xampp\Desktop\mdcnpal\htdocs\public_html\includes\header.php on line 712
[2026-07-06 18:49:09] Trying to access array offset on value of type null in C:\xampp\Desktop\mdcnpal\htdocs\public_html\includes\header.php on line 712
[2026-07-06 18:49:09] Undefined property: app::$rs_customer in C:\xampp\Desktop\mdcnpal\htdocs\public_html\includes\header.php on line 721
[2026-07-06 18:49:09] Trying to access array offset on value of type null in C:\xampp\Desktop\mdcnpal\htdocs\public_html\includes\header.php on line 721
[2026-07-06 18:49:09] Undefined property: app::$rs_customer in C:\xampp\Desktop\mdcnpal\htdocs\public_html\includes\header.php on line 730
[2026-07-06 18:49:09] Trying to access array offset on value of type null in C:\xampp\Desktop\mdcnpal\htdocs\public_html\includes\header.php on line 730
[2026-07-06 18:49:09] Undefined property: app::$rs_customer in C:\xampp\Desktop\mdcnpal\htdocs\public_html\includes\header.php on line 739
[2026-07-06 18:49:09] Trying to access array offset on value of type null in C:\xampp\Desktop\mdcnpal\htdocs\public_html\includes\header.php on line 739
[2026-07-06 18:49:09] Undefined property: app::$rs_customer in C:\xampp\Desktop\mdcnpal\htdocs\public_html\includes\footer.php on line 357
[2026-07-06 18:49:09] Trying to access array offset on value of type null in C:\xampp\Desktop\mdcnpal\htdocs\public_html\includes\footer.php on line 357
[2026-07-06 18:49:09] Undefined property: app::$rs_customer in C:\xampp\Desktop\mdcnpal\htdocs\public_html\includes\footer.php on line 366
[2026-07-06 18:49:09] Trying to access array offset on value of type null in C:\xampp\Desktop\mdcnpal\htdocs\public_html\includes\footer.php on line 366
[2026-07-06 18:49:09] Undefined property: app::$rs_customer in C:\xampp\Desktop\mdcnpal\htdocs\public_html\includes\footer.php on line 372
[2026-07-06 18:49:09] Trying to access array offset on value of type null in C:\xampp\Desktop\mdcnpal\htdocs\public_html\includes\footer.php on line 372
[2026-07-06 18:49:09] Undefined property: app::$rs_customer in C:\xampp\Desktop\mdcnpal\htdocs\public_html\includes\general_data.php on line 88
[2026-07-06 18:49:09] Trying to access array offset on value of type null in C:\xampp\Desktop\mdcnpal\htdocs\public_html\includes\general_data.php on line 88
[2026-07-06 18:49:09] Undefined array key "MDRCCustID" in C:\xampp\Desktop\mdcnpal\htdocs\public_html\includes\general_data.php on line 88
[2026-07-06 18:49:09] Undefined variable $tmpStr in C:\xampp\Desktop\mdcnpal\htdocs\public_html\core\app.php on line 969
[2026-07-06 18:49:28] Creation of dynamic property dbclass::$RECORD_SET is deprecated in C:\xampp\Desktop\mdcnpal\htdocs\public_html\core\dbclass.php on line 69
[2026-07-06 18:49:28] Creation of dynamic property dbclass::$app is deprecated in C:\xampp\Desktop\mdcnpal\htdocs\public_html\core\dbclass.php on line 75
[2026-07-06 18:49:28] Creation of dynamic property model::$foreign_tables is deprecated in C:\xampp\Desktop\mdcnpal\htdocs\public_html\core\model.php on line 43
[2026-07-06 18:49:28] Creation of dynamic property app::$inputfilter is deprecated in C:\xampp\Desktop\mdcnpal\htdocs\public_html\core\app.php on line 123
[2026-07-06 18:49:28] Creation of dynamic property app::$userconfig is deprecated in C:\xampp\Desktop\mdcnpal\htdocs\public_html\core\app.php on line 124
[2026-07-06 18:49:28] Creation of dynamic property app::$global_include is deprecated in C:\xampp\Desktop\mdcnpal\htdocs\public_html\core\app.php on line 125
[2026-07-06 18:49:28] Creation of dynamic property app::$set_cache_time is deprecated in C:\xampp\Desktop\mdcnpal\htdocs\public_html\core\app.php on line 153
[2026-07-06 18:49:28] Undefined array key "cityID" in C:\xampp\Desktop\mdcnpal\htdocs\public_html\core\global_include.php on line 381
[2026-07-06 18:49:28] Undefined array key "cityID" in C:\xampp\Desktop\mdcnpal\htdocs\public_html\core\global_include.php on line 416
[2026-07-06 18:49:28] Creation of dynamic property app::$meta is deprecated in C:\xampp\Desktop\mdcnpal\htdocs\public_html\core\app.php on line 434
[2026-07-06 18:49:28] Creation of dynamic property app::$rs_gs_city is deprecated in C:\xampp\Desktop\mdcnpal\htdocs\public_html\core\app.php on line 434
[2026-07-06 18:49:28] Undefined array key "cityID" in C:\xampp\Desktop\mdcnpal\htdocs\public_html\core\global_include.php on line 468
[2026-07-06 18:49:28] Creation of dynamic property app::$rs_footer_popular_item is deprecated in C:\xampp\Desktop\mdcnpal\htdocs\public_html\core\app.php on line 434
[2026-07-06 18:49:28] Creation of dynamic property app::$rs_footer_popular_test is deprecated in C:\xampp\Desktop\mdcnpal\htdocs\public_html\core\app.php on line 434
[2026-07-06 18:49:28] Creation of dynamic property app::$rs_testimonial is deprecated in C:\xampp\Desktop\mdcnpal\htdocs\public_html\core\app.php on line 434
[2026-07-06 18:49:28] Creation of dynamic property app::$admin is deprecated in C:\xampp\Desktop\mdcnpal\htdocs\public_html\core\app.php on line 434
[2026-07-06 18:49:28] Undefined array key 0 in C:\xampp\Desktop\mdcnpal\htdocs\public_html\core\global_include.php on line 514
[2026-07-06 18:49:28] Creation of dynamic property app::$popup is deprecated in C:\xampp\Desktop\mdcnpal\htdocs\public_html\core\app.php on line 434
[2026-07-06 18:49:28] Undefined array key "MDRCCustID" in C:\xampp\Desktop\mdcnpal\htdocs\public_html\core\global_include.php on line 515
[2026-07-06 18:49:28] Undefined array key "MDRCToken" in C:\xampp\Desktop\mdcnpal\htdocs\public_html\core\global_include.php on line 515
[2026-07-06 18:49:28] Creation of dynamic property app::$rscategory is deprecated in C:\xampp\Desktop\mdcnpal\htdocs\public_html\core\app.php on line 434
[2026-07-06 18:49:28] Creation of dynamic property app::$rs_pages is deprecated in C:\xampp\Desktop\mdcnpal\htdocs\public_html\core\app.php on line 434
[2026-07-06 18:49:28] Creation of dynamic property app::$gs is deprecated in C:\xampp\Desktop\mdcnpal\htdocs\public_html\core\app.php on line 434
[2026-07-06 18:49:28] Undefined array key "MDRCCustID" in C:\xampp\Desktop\mdcnpal\htdocs\public_html\core\global_include.php on line 596
[2026-07-06 18:49:28] Undefined array key "MDRCCustID" in C:\xampp\Desktop\mdcnpal\htdocs\public_html\core\global_include.php on line 615
[2026-07-06 18:49:28] Undefined variable $getId in C:\xampp\Desktop\mdcnpal\htdocs\public_html\core\global_include.php on line 684
[2026-07-06 18:49:28] Undefined variable $getName in C:\xampp\Desktop\mdcnpal\htdocs\public_html\core\global_include.php on line 685
[2026-07-06 18:49:28] Undefined array key 0 in C:\xampp\Desktop\mdcnpal\htdocs\public_html\core\global_include.php on line 810
[2026-07-06 18:49:28] Creation of dynamic property app::$rs_offer_msg is deprecated in C:\xampp\Desktop\mdcnpal\htdocs\public_html\core\app.php on line 434
[2026-07-06 18:49:28] Creation of dynamic property app::$rs_for_doctors is deprecated in C:\xampp\Desktop\mdcnpal\htdocs\public_html\core\app.php on line 434
[2026-07-06 18:49:28] Creation of dynamic property app::$description is deprecated in C:\xampp\Desktop\mdcnpal\htdocs\public_html\core\app.php on line 434
[2026-07-06 18:49:28] Creation of dynamic property app::$rs_banner is deprecated in C:\xampp\Desktop\mdcnpal\htdocs\public_html\core\app.php on line 434
[2026-07-06 18:49:28] Creation of dynamic property app::$rs_item_diseases is deprecated in C:\xampp\Desktop\mdcnpal\htdocs\public_html\core\app.php on line 434
[2026-07-06 18:49:28] Creation of dynamic property app::$rs_item_home_category is deprecated in C:\xampp\Desktop\mdcnpal\htdocs\public_html\core\app.php on line 434
[2026-07-06 18:49:28] Creation of dynamic property app::$rs_item_banner_category is deprecated in C:\xampp\Desktop\mdcnpal\htdocs\public_html\core\app.php on line 434
[2026-07-06 18:49:28] Creation of dynamic property app::$rs_services is deprecated in C:\xampp\Desktop\mdcnpal\htdocs\public_html\core\app.php on line 434
[2026-07-06 18:49:28] Creation of dynamic property app::$rs_blog is deprecated in C:\xampp\Desktop\mdcnpal\htdocs\public_html\core\app.php on line 434
[2026-07-06 18:49:28] Creation of dynamic property app::$rs_category is deprecated in C:\xampp\Desktop\mdcnpal\htdocs\public_html\core\app.php on line 434
[2026-07-06 18:49:28] Creation of dynamic property app::$rs_faq_data is deprecated in C:\xampp\Desktop\mdcnpal\htdocs\public_html\core\app.php on line 434
[2026-07-06 18:49:28] Creation of dynamic property app::$rs_gallery_data is deprecated in C:\xampp\Desktop\mdcnpal\htdocs\public_html\core\app.php on line 434
[2026-07-06 18:49:28] Undefined array key "tempCityID" in C:\xampp\Desktop\mdcnpal\htdocs\public_html\includes\header.php on line 5
[2026-07-06 18:49:28] Undefined array key "items" in C:\xampp\Desktop\mdcnpal\htdocs\public_html\includes\header.php on line 16
[2026-07-06 18:49:28] Undefined array key "item_category" in C:\xampp\Desktop\mdcnpal\htdocs\public_html\includes\header.php on line 26
[2026-07-06 18:49:28] Undefined array key "item_diseases" in C:\xampp\Desktop\mdcnpal\htdocs\public_html\includes\header.php on line 33
[2026-07-06 18:49:28] Undefined property: app::$rs_cartmini in C:\xampp\Desktop\mdcnpal\htdocs\public_html\includes\header.php on line 131
[2026-07-06 18:49:28] Undefined array key "MDRCCustID" in C:\xampp\Desktop\mdcnpal\htdocs\public_html\includes\header.php on line 134
[2026-07-06 18:49:28] Undefined property: app::$rs_cartmini in C:\xampp\Desktop\mdcnpal\htdocs\public_html\includes\header.php on line 197
[2026-07-06 18:49:28] Undefined array key "MDRCCustID" in C:\xampp\Desktop\mdcnpal\htdocs\public_html\includes\header.php on line 200
[2026-07-06 18:49:28] Undefined property: app::$rs_cartmini in C:\xampp\Desktop\mdcnpal\htdocs\public_html\includes\header.php on line 469
[2026-07-06 18:49:28] Undefined array key "MDRCCustID" in C:\xampp\Desktop\mdcnpal\htdocs\public_html\includes\header.php on line 472
[2026-07-06 18:49:28] Undefined property: app::$rs_cartmini in C:\xampp\Desktop\mdcnpal\htdocs\public_html\includes\header.php on line 525
[2026-07-06 18:49:28] Undefined array key "MDRCCustID" in C:\xampp\Desktop\mdcnpal\htdocs\public_html\includes\header.php on line 528
[2026-07-06 18:49:28] Undefined property: app::$rs_customer in C:\xampp\Desktop\mdcnpal\htdocs\public_html\includes\header.php on line 712
[2026-07-06 18:49:28] Trying to access array offset on value of type null in C:\xampp\Desktop\mdcnpal\htdocs\public_html\includes\header.php on line 712
[2026-07-06 18:49:28] Undefined property: app::$rs_customer in C:\xampp\Desktop\mdcnpal\htdocs\public_html\includes\header.php on line 721
[2026-07-06 18:49:28] Trying to access array offset on value of type null in C:\xampp\Desktop\mdcnpal\htdocs\public_html\includes\header.php on line 721
[2026-07-06 18:49:28] Undefined property: app::$rs_customer in C:\xampp\Desktop\mdcnpal\htdocs\public_html\includes\header.php on line 730
[2026-07-06 18:49:28] Trying to access array offset on value of type null in C:\xampp\Desktop\mdcnpal\htdocs\public_html\includes\header.php on line 730
[2026-07-06 18:49:28] Undefined property: app::$rs_customer in C:\xampp\Desktop\mdcnpal\htdocs\public_html\includes\header.php on line 739
[2026-07-06 18:49:28] Trying to access array offset on value of type null in C:\xampp\Desktop\mdcnpal\htdocs\public_html\includes\header.php on line 739
[2026-07-06 18:49:28] Undefined property: app::$rs_customer in C:\xampp\Desktop\mdcnpal\htdocs\public_html\includes\footer.php on line 357
[2026-07-06 18:49:28] Trying to access array offset on value of type null in C:\xampp\Desktop\mdcnpal\htdocs\public_html\includes\footer.php on line 357
[2026-07-06 18:49:28] Undefined property: app::$rs_customer in C:\xampp\Desktop\mdcnpal\htdocs\public_html\includes\footer.php on line 366
[2026-07-06 18:49:28] Trying to access array offset on value of type null in C:\xampp\Desktop\mdcnpal\htdocs\public_html\includes\footer.php on line 366
[2026-07-06 18:49:28] Undefined property: app::$rs_customer in C:\xampp\Desktop\mdcnpal\htdocs\public_html\includes\footer.php on line 372
[2026-07-06 18:49:28] Trying to access array offset on value of type null in C:\xampp\Desktop\mdcnpal\htdocs\public_html\includes\footer.php on line 372
[2026-07-06 18:49:28] Undefined property: app::$rs_customer in C:\xampp\Desktop\mdcnpal\htdocs\public_html\includes\general_data.php on line 88
[2026-07-06 18:49:28] Trying to access array offset on value of type null in C:\xampp\Desktop\mdcnpal\htdocs\public_html\includes\general_data.php on line 88
[2026-07-06 18:49:28] Undefined array key "MDRCCustID" in C:\xampp\Desktop\mdcnpal\htdocs\public_html\includes\general_data.php on line 88
[2026-07-06 18:49:28] Undefined variable $tmpStr in C:\xampp\Desktop\mdcnpal\htdocs\public_html\core\app.php on line 969
[2026-07-06 18:49:45] Creation of dynamic property dbclass::$RECORD_SET is deprecated in C:\xampp\Desktop\mdcnpal\htdocs\public_html\core\dbclass.php on line 69
[2026-07-06 18:49:45] Creation of dynamic property dbclass::$app is deprecated in C:\xampp\Desktop\mdcnpal\htdocs\public_html\core\dbclass.php on line 75
[2026-07-06 18:49:45] Creation of dynamic property model::$foreign_tables is deprecated in C:\xampp\Desktop\mdcnpal\htdocs\public_html\core\model.php on line 43
[2026-07-06 18:49:45] Creation of dynamic property app::$inputfilter is deprecated in C:\xampp\Desktop\mdcnpal\htdocs\public_html\core\app.php on line 123
[2026-07-06 18:49:45] Creation of dynamic property app::$userconfig is deprecated in C:\xampp\Desktop\mdcnpal\htdocs\public_html\core\app.php on line 124
[2026-07-06 18:49:45] Creation of dynamic property app::$global_include is deprecated in C:\xampp\Desktop\mdcnpal\htdocs\public_html\core\app.php on line 125
[2026-07-06 18:49:45] Creation of dynamic property app::$set_cache_time is deprecated in C:\xampp\Desktop\mdcnpal\htdocs\public_html\core\app.php on line 153
[2026-07-06 18:49:45] Undefined array key "cityID" in C:\xampp\Desktop\mdcnpal\htdocs\public_html\core\global_include.php on line 381
[2026-07-06 18:49:45] Undefined array key "cityID" in C:\xampp\Desktop\mdcnpal\htdocs\public_html\core\global_include.php on line 416
[2026-07-06 18:49:45] Creation of dynamic property app::$meta is deprecated in C:\xampp\Desktop\mdcnpal\htdocs\public_html\core\app.php on line 434
[2026-07-06 18:49:45] Creation of dynamic property app::$rs_gs_city is deprecated in C:\xampp\Desktop\mdcnpal\htdocs\public_html\core\app.php on line 434
[2026-07-06 18:49:45] Undefined array key "cityID" in C:\xampp\Desktop\mdcnpal\htdocs\public_html\core\global_include.php on line 468
[2026-07-06 18:49:46] Creation of dynamic property app::$rs_footer_popular_item is deprecated in C:\xampp\Desktop\mdcnpal\htdocs\public_html\core\app.php on line 434
[2026-07-06 18:49:46] Creation of dynamic property app::$rs_footer_popular_test is deprecated in C:\xampp\Desktop\mdcnpal\htdocs\public_html\core\app.php on line 434
[2026-07-06 18:49:46] Creation of dynamic property app::$rs_testimonial is deprecated in C:\xampp\Desktop\mdcnpal\htdocs\public_html\core\app.php on line 434
[2026-07-06 18:49:46] Creation of dynamic property app::$admin is deprecated in C:\xampp\Desktop\mdcnpal\htdocs\public_html\core\app.php on line 434
[2026-07-06 18:49:46] Undefined array key 0 in C:\xampp\Desktop\mdcnpal\htdocs\public_html\core\global_include.php on line 514
[2026-07-06 18:49:46] Creation of dynamic property app::$popup is deprecated in C:\xampp\Desktop\mdcnpal\htdocs\public_html\core\app.php on line 434
[2026-07-06 18:49:46] Undefined array key "MDRCCustID" in C:\xampp\Desktop\mdcnpal\htdocs\public_html\core\global_include.php on line 515
[2026-07-06 18:49:46] Undefined array key "MDRCToken" in C:\xampp\Desktop\mdcnpal\htdocs\public_html\core\global_include.php on line 515
[2026-07-06 18:49:46] Creation of dynamic property app::$rscategory is deprecated in C:\xampp\Desktop\mdcnpal\htdocs\public_html\core\app.php on line 434
[2026-07-06 18:49:46] Creation of dynamic property app::$rs_pages is deprecated in C:\xampp\Desktop\mdcnpal\htdocs\public_html\core\app.php on line 434
[2026-07-06 18:49:46] Creation of dynamic property app::$gs is deprecated in C:\xampp\Desktop\mdcnpal\htdocs\public_html\core\app.php on line 434
[2026-07-06 18:49:46] Undefined array key "MDRCCustID" in C:\xampp\Desktop\mdcnpal\htdocs\public_html\core\global_include.php on line 596
[2026-07-06 18:49:46] Undefined array key "MDRCCustID" in C:\xampp\Desktop\mdcnpal\htdocs\public_html\core\global_include.php on line 615
[2026-07-06 18:49:46] Undefined variable $getId in C:\xampp\Desktop\mdcnpal\htdocs\public_html\core\global_include.php on line 684
[2026-07-06 18:49:46] Undefined variable $getName in C:\xampp\Desktop\mdcnpal\htdocs\public_html\core\global_include.php on line 685
[2026-07-06 18:49:46] Undefined array key 0 in C:\xampp\Desktop\mdcnpal\htdocs\public_html\core\global_include.php on line 810
[2026-07-06 18:49:46] Creation of dynamic property app::$rs_offer_msg is deprecated in C:\xampp\Desktop\mdcnpal\htdocs\public_html\core\app.php on line 434
[2026-07-06 18:49:46] Creation of dynamic property app::$rs_for_doctors is deprecated in C:\xampp\Desktop\mdcnpal\htdocs\public_html\core\app.php on line 434
[2026-07-06 18:49:46] Creation of dynamic property app::$description is deprecated in C:\xampp\Desktop\mdcnpal\htdocs\public_html\core\app.php on line 434
[2026-07-06 18:49:46] Creation of dynamic property app::$rs_banner is deprecated in C:\xampp\Desktop\mdcnpal\htdocs\public_html\core\app.php on line 434
[2026-07-06 18:49:46] Creation of dynamic property app::$rs_item_diseases is deprecated in C:\xampp\Desktop\mdcnpal\htdocs\public_html\core\app.php on line 434
[2026-07-06 18:49:46] Creation of dynamic property app::$rs_item_home_category is deprecated in C:\xampp\Desktop\mdcnpal\htdocs\public_html\core\app.php on line 434
[2026-07-06 18:49:46] Creation of dynamic property app::$rs_item_banner_category is deprecated in C:\xampp\Desktop\mdcnpal\htdocs\public_html\core\app.php on line 434
[2026-07-06 18:49:46] Creation of dynamic property app::$rs_services is deprecated in C:\xampp\Desktop\mdcnpal\htdocs\public_html\core\app.php on line 434
[2026-07-06 18:49:46] Creation of dynamic property app::$rs_blog is deprecated in C:\xampp\Desktop\mdcnpal\htdocs\public_html\core\app.php on line 434
[2026-07-06 18:49:46] Creation of dynamic property app::$rs_category is deprecated in C:\xampp\Desktop\mdcnpal\htdocs\public_html\core\app.php on line 434
[2026-07-06 18:49:46] Creation of dynamic property app::$rs_faq_data is deprecated in C:\xampp\Desktop\mdcnpal\htdocs\public_html\core\app.php on line 434
[2026-07-06 18:49:46] Creation of dynamic property app::$rs_gallery_data is deprecated in C:\xampp\Desktop\mdcnpal\htdocs\public_html\core\app.php on line 434
[2026-07-06 18:49:46] Undefined array key "tempCityID" in C:\xampp\Desktop\mdcnpal\htdocs\public_html\includes\header.php on line 5
[2026-07-06 18:49:46] Undefined array key "items" in C:\xampp\Desktop\mdcnpal\htdocs\public_html\includes\header.php on line 16
[2026-07-06 18:49:46] Undefined array key "item_category" in C:\xampp\Desktop\mdcnpal\htdocs\public_html\includes\header.php on line 26
[2026-07-06 18:49:46] Undefined array key "item_diseases" in C:\xampp\Desktop\mdcnpal\htdocs\public_html\includes\header.php on line 33
[2026-07-06 18:49:46] Undefined property: app::$rs_cartmini in C:\xampp\Desktop\mdcnpal\htdocs\public_html\includes\header.php on line 131
[2026-07-06 18:49:46] Undefined array key "MDRCCustID" in C:\xampp\Desktop\mdcnpal\htdocs\public_html\includes\header.php on line 134
[2026-07-06 18:49:46] Undefined property: app::$rs_cartmini in C:\xampp\Desktop\mdcnpal\htdocs\public_html\includes\header.php on line 197
[2026-07-06 18:49:46] Undefined array key "MDRCCustID" in C:\xampp\Desktop\mdcnpal\htdocs\public_html\includes\header.php on line 200
[2026-07-06 18:49:46] Undefined property: app::$rs_cartmini in C:\xampp\Desktop\mdcnpal\htdocs\public_html\includes\header.php on line 469
[2026-07-06 18:49:46] Undefined array key "MDRCCustID" in C:\xampp\Desktop\mdcnpal\htdocs\public_html\includes\header.php on line 472
[2026-07-06 18:49:46] Undefined property: app::$rs_cartmini in C:\xampp\Desktop\mdcnpal\htdocs\public_html\includes\header.php on line 525
[2026-07-06 18:49:46] Undefined array key "MDRCCustID" in C:\xampp\Desktop\mdcnpal\htdocs\public_html\includes\header.php on line 528
[2026-07-06 18:49:46] Undefined property: app::$rs_customer in C:\xampp\Desktop\mdcnpal\htdocs\public_html\includes\header.php on line 712
[2026-07-06 18:49:46] Trying to access array offset on value of type null in C:\xampp\Desktop\mdcnpal\htdocs\public_html\includes\header.php on line 712
[2026-07-06 18:49:46] Undefined property: app::$rs_customer in C:\xampp\Desktop\mdcnpal\htdocs\public_html\includes\header.php on line 721
[2026-07-06 18:49:46] Trying to access array offset on value of type null in C:\xampp\Desktop\mdcnpal\htdocs\public_html\includes\header.php on line 721
[2026-07-06 18:49:46] Undefined property: app::$rs_customer in C:\xampp\Desktop\mdcnpal\htdocs\public_html\includes\header.php on line 730
[2026-07-06 18:49:46] Trying to access array offset on value of type null in C:\xampp\Desktop\mdcnpal\htdocs\public_html\includes\header.php on line 730
[2026-07-06 18:49:46] Undefined property: app::$rs_customer in C:\xampp\Desktop\mdcnpal\htdocs\public_html\includes\header.php on line 739
[2026-07-06 18:49:46] Trying to access array offset on value of type null in C:\xampp\Desktop\mdcnpal\htdocs\public_html\includes\header.php on line 739
[2026-07-06 18:49:46] Undefined property: app::$rs_customer in C:\xampp\Desktop\mdcnpal\htdocs\public_html\includes\footer.php on line 357
[2026-07-06 18:49:46] Trying to access array offset on value of type null in C:\xampp\Desktop\mdcnpal\htdocs\public_html\includes\footer.php on line 357
[2026-07-06 18:49:46] Undefined property: app::$rs_customer in C:\xampp\Desktop\mdcnpal\htdocs\public_html\includes\footer.php on line 366
[2026-07-06 18:49:46] Trying to access array offset on value of type null in C:\xampp\Desktop\mdcnpal\htdocs\public_html\includes\footer.php on line 366
[2026-07-06 18:49:46] Undefined property: app::$rs_customer in C:\xampp\Desktop\mdcnpal\htdocs\public_html\includes\footer.php on line 372
[2026-07-06 18:49:46] Trying to access array offset on value of type null in C:\xampp\Desktop\mdcnpal\htdocs\public_html\includes\footer.php on line 372
[2026-07-06 18:49:46] Undefined property: app::$rs_customer in C:\xampp\Desktop\mdcnpal\htdocs\public_html\includes\general_data.php on line 88
[2026-07-06 18:49:46] Trying to access array offset on value of type null in C:\xampp\Desktop\mdcnpal\htdocs\public_html\includes\general_data.php on line 88
[2026-07-06 18:49:46] Undefined array key "MDRCCustID" in C:\xampp\Desktop\mdcnpal\htdocs\public_html\includes\general_data.php on line 88
[2026-07-06 18:49:46] Undefined variable $tmpStr in C:\xampp\Desktop\mdcnpal\htdocs\public_html\core\app.php on line 969
[2026-07-06 18:54:35] Creation of dynamic property dbclass::$RECORD_SET is deprecated in C:\xampp\Desktop\mdcnpal\htdocs\public_html\core\dbclass.php on line 69
[2026-07-06 18:54:35] Creation of dynamic property dbclass::$app is deprecated in C:\xampp\Desktop\mdcnpal\htdocs\public_html\core\dbclass.php on line 75
[2026-07-06 18:54:35] Creation of dynamic property model::$foreign_tables is deprecated in C:\xampp\Desktop\mdcnpal\htdocs\public_html\core\model.php on line 43
[2026-07-06 18:54:35] Creation of dynamic property app::$inputfilter is deprecated in C:\xampp\Desktop\mdcnpal\htdocs\public_html\core\app.php on line 123
[2026-07-06 18:54:35] Creation of dynamic property app::$userconfig is deprecated in C:\xampp\Desktop\mdcnpal\htdocs\public_html\core\app.php on line 124
[2026-07-06 18:54:35] Creation of dynamic property app::$global_include is deprecated in C:\xampp\Desktop\mdcnpal\htdocs\public_html\core\app.php on line 125
[2026-07-06 18:54:35] Creation of dynamic property app::$set_cache_time is deprecated in C:\xampp\Desktop\mdcnpal\htdocs\public_html\core\app.php on line 153
[2026-07-06 18:54:35] Undefined array key "MDRCCustID" in C:\xampp\Desktop\mdcnpal\htdocs\public_html\scripts\ajax\changeCity.php on line 60
[2026-07-06 18:54:35] Creation of dynamic property dbclass::$RECORD_SET is deprecated in C:\xampp\Desktop\mdcnpal\htdocs\public_html\core\dbclass.php on line 69
[2026-07-06 18:54:35] Creation of dynamic property dbclass::$app is deprecated in C:\xampp\Desktop\mdcnpal\htdocs\public_html\core\dbclass.php on line 75
[2026-07-06 18:54:35] Creation of dynamic property model::$foreign_tables is deprecated in C:\xampp\Desktop\mdcnpal\htdocs\public_html\core\model.php on line 43
[2026-07-06 18:54:35] Creation of dynamic property app::$inputfilter is deprecated in C:\xampp\Desktop\mdcnpal\htdocs\public_html\core\app.php on line 123
[2026-07-06 18:54:35] Creation of dynamic property app::$userconfig is deprecated in C:\xampp\Desktop\mdcnpal\htdocs\public_html\core\app.php on line 124
[2026-07-06 18:54:35] Creation of dynamic property app::$global_include is deprecated in C:\xampp\Desktop\mdcnpal\htdocs\public_html\core\app.php on line 125
[2026-07-06 18:54:35] Creation of dynamic property app::$set_cache_time is deprecated in C:\xampp\Desktop\mdcnpal\htdocs\public_html\core\app.php on line 153
[2026-07-06 18:54:35] Creation of dynamic property app::$meta is deprecated in C:\xampp\Desktop\mdcnpal\htdocs\public_html\core\app.php on line 434
[2026-07-06 18:54:35] Creation of dynamic property app::$rs_gs_city is deprecated in C:\xampp\Desktop\mdcnpal\htdocs\public_html\core\app.php on line 434
[2026-07-06 18:54:35] Creation of dynamic property app::$rs_footer_popular_item is deprecated in C:\xampp\Desktop\mdcnpal\htdocs\public_html\core\app.php on line 434
[2026-07-06 18:54:35] Creation of dynamic property app::$rs_footer_popular_test is deprecated in C:\xampp\Desktop\mdcnpal\htdocs\public_html\core\app.php on line 434
[2026-07-06 18:54:35] Creation of dynamic property app::$rs_testimonial is deprecated in C:\xampp\Desktop\mdcnpal\htdocs\public_html\core\app.php on line 434
[2026-07-06 18:54:36] Creation of dynamic property app::$admin is deprecated in C:\xampp\Desktop\mdcnpal\htdocs\public_html\core\app.php on line 434
[2026-07-06 18:54:36] Undefined array key 0 in C:\xampp\Desktop\mdcnpal\htdocs\public_html\core\global_include.php on line 514
[2026-07-06 18:54:36] Creation of dynamic property app::$popup is deprecated in C:\xampp\Desktop\mdcnpal\htdocs\public_html\core\app.php on line 434
[2026-07-06 18:54:36] Undefined array key "MDRCCustID" in C:\xampp\Desktop\mdcnpal\htdocs\public_html\core\global_include.php on line 515
[2026-07-06 18:54:36] Undefined array key "MDRCToken" in C:\xampp\Desktop\mdcnpal\htdocs\public_html\core\global_include.php on line 515
[2026-07-06 18:54:36] Creation of dynamic property app::$rscategory is deprecated in C:\xampp\Desktop\mdcnpal\htdocs\public_html\core\app.php on line 434
[2026-07-06 18:54:36] Creation of dynamic property app::$rs_pages is deprecated in C:\xampp\Desktop\mdcnpal\htdocs\public_html\core\app.php on line 434
[2026-07-06 18:54:36] Creation of dynamic property app::$gs is deprecated in C:\xampp\Desktop\mdcnpal\htdocs\public_html\core\app.php on line 434
[2026-07-06 18:54:36] Undefined array key "MDRCCustID" in C:\xampp\Desktop\mdcnpal\htdocs\public_html\core\global_include.php on line 596
[2026-07-06 18:54:36] Undefined array key "MDRCCustID" in C:\xampp\Desktop\mdcnpal\htdocs\public_html\core\global_include.php on line 615
[2026-07-06 18:54:36] Undefined variable $getId in C:\xampp\Desktop\mdcnpal\htdocs\public_html\core\global_include.php on line 684
[2026-07-06 18:54:36] Undefined variable $getName in C:\xampp\Desktop\mdcnpal\htdocs\public_html\core\global_include.php on line 685
[2026-07-06 18:54:36] Undefined array key 0 in C:\xampp\Desktop\mdcnpal\htdocs\public_html\core\global_include.php on line 810
[2026-07-06 18:54:36] Creation of dynamic property app::$rs_offer_msg is deprecated in C:\xampp\Desktop\mdcnpal\htdocs\public_html\core\app.php on line 434
[2026-07-06 18:54:36] Creation of dynamic property app::$rs_for_doctors is deprecated in C:\xampp\Desktop\mdcnpal\htdocs\public_html\core\app.php on line 434
[2026-07-06 18:54:36] Creation of dynamic property dbclass::$RECORD_SET is deprecated in C:\xampp\Desktop\mdcnpal\htdocs\public_html\core\dbclass.php on line 69
[2026-07-06 18:54:36] Creation of dynamic property dbclass::$app is deprecated in C:\xampp\Desktop\mdcnpal\htdocs\public_html\core\dbclass.php on line 75
[2026-07-06 18:54:36] Creation of dynamic property model::$foreign_tables is deprecated in C:\xampp\Desktop\mdcnpal\htdocs\public_html\core\model.php on line 43
[2026-07-06 18:54:36] Creation of dynamic property app::$inputfilter is deprecated in C:\xampp\Desktop\mdcnpal\htdocs\public_html\core\app.php on line 123
[2026-07-06 18:54:36] Creation of dynamic property app::$userconfig is deprecated in C:\xampp\Desktop\mdcnpal\htdocs\public_html\core\app.php on line 124
[2026-07-06 18:54:36] Creation of dynamic property app::$global_include is deprecated in C:\xampp\Desktop\mdcnpal\htdocs\public_html\core\app.php on line 125
[2026-07-06 18:54:36] Creation of dynamic property app::$set_cache_time is deprecated in C:\xampp\Desktop\mdcnpal\htdocs\public_html\core\app.php on line 153
[2026-07-06 18:54:36] Creation of dynamic property app::$meta is deprecated in C:\xampp\Desktop\mdcnpal\htdocs\public_html\core\app.php on line 434
[2026-07-06 18:54:36] Creation of dynamic property app::$rs_gs_city is deprecated in C:\xampp\Desktop\mdcnpal\htdocs\public_html\core\app.php on line 434
[2026-07-06 18:54:36] Creation of dynamic property app::$rs_footer_popular_item is deprecated in C:\xampp\Desktop\mdcnpal\htdocs\public_html\core\app.php on line 434
[2026-07-06 18:54:36] Creation of dynamic property app::$rs_footer_popular_test is deprecated in C:\xampp\Desktop\mdcnpal\htdocs\public_html\core\app.php on line 434
[2026-07-06 18:54:36] Creation of dynamic property app::$rs_testimonial is deprecated in C:\xampp\Desktop\mdcnpal\htdocs\public_html\core\app.php on line 434
[2026-07-06 18:54:36] Creation of dynamic property app::$admin is deprecated in C:\xampp\Desktop\mdcnpal\htdocs\public_html\core\app.php on line 434
[2026-07-06 18:54:36] Undefined array key 0 in C:\xampp\Desktop\mdcnpal\htdocs\public_html\core\global_include.php on line 514
[2026-07-06 18:54:36] Creation of dynamic property app::$popup is deprecated in C:\xampp\Desktop\mdcnpal\htdocs\public_html\core\app.php on line 434
[2026-07-06 18:54:36] Undefined array key "MDRCCustID" in C:\xampp\Desktop\mdcnpal\htdocs\public_html\core\global_include.php on line 515
[2026-07-06 18:54:36] Undefined array key "MDRCToken" in C:\xampp\Desktop\mdcnpal\htdocs\public_html\core\global_include.php on line 515
[2026-07-06 18:54:36] Creation of dynamic property app::$rscategory is deprecated in C:\xampp\Desktop\mdcnpal\htdocs\public_html\core\app.php on line 434
[2026-07-06 18:54:36] Creation of dynamic property app::$rs_pages is deprecated in C:\xampp\Desktop\mdcnpal\htdocs\public_html\core\app.php on line 434
[2026-07-06 18:54:36] Creation of dynamic property app::$gs is deprecated in C:\xampp\Desktop\mdcnpal\htdocs\public_html\core\app.php on line 434
[2026-07-06 18:54:36] Undefined array key "MDRCCustID" in C:\xampp\Desktop\mdcnpal\htdocs\public_html\core\global_include.php on line 596
[2026-07-06 18:54:36] Undefined array key "MDRCCustID" in C:\xampp\Desktop\mdcnpal\htdocs\public_html\core\global_include.php on line 615
[2026-07-06 18:54:36] Undefined variable $getId in C:\xampp\Desktop\mdcnpal\htdocs\public_html\core\global_include.php on line 684
[2026-07-06 18:54:36] Undefined variable $getName in C:\xampp\Desktop\mdcnpal\htdocs\public_html\core\global_include.php on line 685
[2026-07-06 18:54:36] Undefined array key 0 in C:\xampp\Desktop\mdcnpal\htdocs\public_html\core\global_include.php on line 810
[2026-07-06 18:54:36] Creation of dynamic property app::$rs_offer_msg is deprecated in C:\xampp\Desktop\mdcnpal\htdocs\public_html\core\app.php on line 434
[2026-07-06 18:54:36] Creation of dynamic property app::$rs_for_doctors is deprecated in C:\xampp\Desktop\mdcnpal\htdocs\public_html\core\app.php on line 434
[2026-07-06 18:54:36] Creation of dynamic property app::$description is deprecated in C:\xampp\Desktop\mdcnpal\htdocs\public_html\core\app.php on line 434
[2026-07-06 18:54:36] Creation of dynamic property app::$rs_banner is deprecated in C:\xampp\Desktop\mdcnpal\htdocs\public_html\core\app.php on line 434
[2026-07-06 18:54:36] Creation of dynamic property app::$rs_item_diseases is deprecated in C:\xampp\Desktop\mdcnpal\htdocs\public_html\core\app.php on line 434
[2026-07-06 18:54:36] Creation of dynamic property app::$rs_item_home_category is deprecated in C:\xampp\Desktop\mdcnpal\htdocs\public_html\core\app.php on line 434
[2026-07-06 18:54:36] Creation of dynamic property app::$rs_item_banner_category is deprecated in C:\xampp\Desktop\mdcnpal\htdocs\public_html\core\app.php on line 434
[2026-07-06 18:54:36] Creation of dynamic property app::$rs_services is deprecated in C:\xampp\Desktop\mdcnpal\htdocs\public_html\core\app.php on line 434
[2026-07-06 18:54:36] Creation of dynamic property app::$rs_blog is deprecated in C:\xampp\Desktop\mdcnpal\htdocs\public_html\core\app.php on line 434
[2026-07-06 18:54:36] Creation of dynamic property app::$rs_category is deprecated in C:\xampp\Desktop\mdcnpal\htdocs\public_html\core\app.php on line 434
[2026-07-06 18:54:36] Creation of dynamic property app::$rs_faq_data is deprecated in C:\xampp\Desktop\mdcnpal\htdocs\public_html\core\app.php on line 434
[2026-07-06 18:54:36] Creation of dynamic property app::$rs_gallery_data is deprecated in C:\xampp\Desktop\mdcnpal\htdocs\public_html\core\app.php on line 434
[2026-07-06 18:54:36] Undefined property: app::$rs_cartmini in C:\xampp\Desktop\mdcnpal\htdocs\public_html\includes\header.php on line 131
[2026-07-06 18:54:36] Undefined array key "MDRCCustID" in C:\xampp\Desktop\mdcnpal\htdocs\public_html\includes\header.php on line 134
[2026-07-06 18:54:36] Undefined property: app::$rs_cartmini in C:\xampp\Desktop\mdcnpal\htdocs\public_html\includes\header.php on line 197
[2026-07-06 18:54:36] Undefined array key "MDRCCustID" in C:\xampp\Desktop\mdcnpal\htdocs\public_html\includes\header.php on line 200
[2026-07-06 18:54:36] Undefined property: app::$rs_cartmini in C:\xampp\Desktop\mdcnpal\htdocs\public_html\includes\header.php on line 469
[2026-07-06 18:54:36] Undefined array key "MDRCCustID" in C:\xampp\Desktop\mdcnpal\htdocs\public_html\includes\header.php on line 472
[2026-07-06 18:54:36] Undefined property: app::$rs_cartmini in C:\xampp\Desktop\mdcnpal\htdocs\public_html\includes\header.php on line 525
[2026-07-06 18:54:36] Undefined array key "MDRCCustID" in C:\xampp\Desktop\mdcnpal\htdocs\public_html\includes\header.php on line 528
[2026-07-06 18:54:36] Undefined property: app::$rs_customer in C:\xampp\Desktop\mdcnpal\htdocs\public_html\includes\header.php on line 712
[2026-07-06 18:54:36] Trying to access array offset on value of type null in C:\xampp\Desktop\mdcnpal\htdocs\public_html\includes\header.php on line 712
[2026-07-06 18:54:36] Undefined property: app::$rs_customer in C:\xampp\Desktop\mdcnpal\htdocs\public_html\includes\header.php on line 721
[2026-07-06 18:54:36] Trying to access array offset on value of type null in C:\xampp\Desktop\mdcnpal\htdocs\public_html\includes\header.php on line 721
[2026-07-06 18:54:36] Undefined property: app::$rs_customer in C:\xampp\Desktop\mdcnpal\htdocs\public_html\includes\header.php on line 730
[2026-07-06 18:54:36] Trying to access array offset on value of type null in C:\xampp\Desktop\mdcnpal\htdocs\public_html\includes\header.php on line 730
[2026-07-06 18:54:36] Undefined property: app::$rs_customer in C:\xampp\Desktop\mdcnpal\htdocs\public_html\includes\header.php on line 739
[2026-07-06 18:54:36] Trying to access array offset on value of type null in C:\xampp\Desktop\mdcnpal\htdocs\public_html\includes\header.php on line 739
[2026-07-06 18:54:36] Undefined property: app::$rs_customer in C:\xampp\Desktop\mdcnpal\htdocs\public_html\includes\footer.php on line 357
[2026-07-06 18:54:36] Trying to access array offset on value of type null in C:\xampp\Desktop\mdcnpal\htdocs\public_html\includes\footer.php on line 357
[2026-07-06 18:54:36] Undefined property: app::$rs_customer in C:\xampp\Desktop\mdcnpal\htdocs\public_html\includes\footer.php on line 366
[2026-07-06 18:54:36] Trying to access array offset on value of type null in C:\xampp\Desktop\mdcnpal\htdocs\public_html\includes\footer.php on line 366
[2026-07-06 18:54:36] Undefined property: app::$rs_customer in C:\xampp\Desktop\mdcnpal\htdocs\public_html\includes\footer.php on line 372
[2026-07-06 18:54:36] Trying to access array offset on value of type null in C:\xampp\Desktop\mdcnpal\htdocs\public_html\includes\footer.php on line 372
[2026-07-06 18:54:36] Undefined property: app::$rs_customer in C:\xampp\Desktop\mdcnpal\htdocs\public_html\includes\general_data.php on line 88
[2026-07-06 18:54:36] Trying to access array offset on value of type null in C:\xampp\Desktop\mdcnpal\htdocs\public_html\includes\general_data.php on line 88
[2026-07-06 18:54:36] Undefined array key "MDRCCustID" in C:\xampp\Desktop\mdcnpal\htdocs\public_html\includes\general_data.php on line 88
[2026-07-06 18:54:36] Undefined variable $tmpStr in C:\xampp\Desktop\mdcnpal\htdocs\public_html\core\app.php on line 969
[2026-07-06 18:54:39] Creation of dynamic property dbclass::$RECORD_SET is deprecated in C:\xampp\Desktop\mdcnpal\htdocs\public_html\core\dbclass.php on line 69
[2026-07-06 18:54:39] Creation of dynamic property dbclass::$app is deprecated in C:\xampp\Desktop\mdcnpal\htdocs\public_html\core\dbclass.php on line 75
[2026-07-06 18:54:39] Creation of dynamic property model::$foreign_tables is deprecated in C:\xampp\Desktop\mdcnpal\htdocs\public_html\core\model.php on line 43
[2026-07-06 18:54:39] Creation of dynamic property app::$inputfilter is deprecated in C:\xampp\Desktop\mdcnpal\htdocs\public_html\core\app.php on line 123
[2026-07-06 18:54:39] Creation of dynamic property app::$userconfig is deprecated in C:\xampp\Desktop\mdcnpal\htdocs\public_html\core\app.php on line 124
[2026-07-06 18:54:39] Creation of dynamic property app::$global_include is deprecated in C:\xampp\Desktop\mdcnpal\htdocs\public_html\core\app.php on line 125
[2026-07-06 18:54:39] Creation of dynamic property app::$set_cache_time is deprecated in C:\xampp\Desktop\mdcnpal\htdocs\public_html\core\app.php on line 153
[2026-07-06 18:54:39] Undefined variable $RESULT in C:\xampp\Desktop\mdcnpal\htdocs\public_html\scripts\ajax\selectCityUsingGoogleMapApi.php on line 69
[2026-07-06 18:54:39] Undefined variable $URL in C:\xampp\Desktop\mdcnpal\htdocs\public_html\scripts\ajax\selectCityUsingGoogleMapApi.php on line 73
[2026-07-06 19:07:58] Creation of dynamic property dbclass::$RECORD_SET is deprecated in C:\xampp\Desktop\mdcnpal\htdocs\public_html\core\dbclass.php on line 69
[2026-07-06 19:07:58] Creation of dynamic property dbclass::$app is deprecated in C:\xampp\Desktop\mdcnpal\htdocs\public_html\core\dbclass.php on line 75
[2026-07-06 19:07:58] Creation of dynamic property model::$foreign_tables is deprecated in C:\xampp\Desktop\mdcnpal\htdocs\public_html\core\model.php on line 43
[2026-07-06 19:07:58] Creation of dynamic property app::$inputfilter is deprecated in C:\xampp\Desktop\mdcnpal\htdocs\public_html\core\app.php on line 123
[2026-07-06 19:07:58] Creation of dynamic property app::$userconfig is deprecated in C:\xampp\Desktop\mdcnpal\htdocs\public_html\core\app.php on line 124
[2026-07-06 19:07:58] Creation of dynamic property app::$global_include is deprecated in C:\xampp\Desktop\mdcnpal\htdocs\public_html\core\app.php on line 125
[2026-07-06 19:07:58] Creation of dynamic property app::$set_cache_time is deprecated in C:\xampp\Desktop\mdcnpal\htdocs\public_html\core\app.php on line 153
[2026-07-06 19:07:58] Undefined array key "cityID" in C:\xampp\Desktop\mdcnpal\htdocs\public_html\core\global_include.php on line 381
[2026-07-06 19:07:58] Undefined array key "cityID" in C:\xampp\Desktop\mdcnpal\htdocs\public_html\core\global_include.php on line 416
[2026-07-06 19:07:58] Creation of dynamic property app::$meta is deprecated in C:\xampp\Desktop\mdcnpal\htdocs\public_html\core\app.php on line 434
[2026-07-06 19:07:58] Creation of dynamic property app::$rs_gs_city is deprecated in C:\xampp\Desktop\mdcnpal\htdocs\public_html\core\app.php on line 434
[2026-07-06 19:07:58] Undefined array key "cityID" in C:\xampp\Desktop\mdcnpal\htdocs\public_html\core\global_include.php on line 468
[2026-07-06 19:07:58] Creation of dynamic property app::$rs_footer_popular_item is deprecated in C:\xampp\Desktop\mdcnpal\htdocs\public_html\core\app.php on line 434
[2026-07-06 19:07:58] Creation of dynamic property app::$rs_footer_popular_test is deprecated in C:\xampp\Desktop\mdcnpal\htdocs\public_html\core\app.php on line 434
[2026-07-06 19:07:58] Creation of dynamic property app::$rs_testimonial is deprecated in C:\xampp\Desktop\mdcnpal\htdocs\public_html\core\app.php on line 434
[2026-07-06 19:07:58] Creation of dynamic property app::$admin is deprecated in C:\xampp\Desktop\mdcnpal\htdocs\public_html\core\app.php on line 434
[2026-07-06 19:07:58] Undefined array key 0 in C:\xampp\Desktop\mdcnpal\htdocs\public_html\core\global_include.php on line 514
[2026-07-06 19:07:58] Creation of dynamic property app::$popup is deprecated in C:\xampp\Desktop\mdcnpal\htdocs\public_html\core\app.php on line 434
[2026-07-06 19:07:58] Undefined array key "MDRCCustID" in C:\xampp\Desktop\mdcnpal\htdocs\public_html\core\global_include.php on line 515
[2026-07-06 19:07:58] Undefined array key "MDRCToken" in C:\xampp\Desktop\mdcnpal\htdocs\public_html\core\global_include.php on line 515
[2026-07-06 19:07:58] Creation of dynamic property app::$rscategory is deprecated in C:\xampp\Desktop\mdcnpal\htdocs\public_html\core\app.php on line 434
[2026-07-06 19:07:58] Creation of dynamic property app::$rs_pages is deprecated in C:\xampp\Desktop\mdcnpal\htdocs\public_html\core\app.php on line 434
[2026-07-06 19:07:58] Creation of dynamic property app::$gs is deprecated in C:\xampp\Desktop\mdcnpal\htdocs\public_html\core\app.php on line 434
[2026-07-06 19:07:58] Undefined array key "MDRCCustID" in C:\xampp\Desktop\mdcnpal\htdocs\public_html\core\global_include.php on line 596
[2026-07-06 19:07:58] Undefined array key "MDRCCustID" in C:\xampp\Desktop\mdcnpal\htdocs\public_html\core\global_include.php on line 615
[2026-07-06 19:07:58] Undefined variable $getId in C:\xampp\Desktop\mdcnpal\htdocs\public_html\core\global_include.php on line 684
[2026-07-06 19:07:58] Undefined variable $getName in C:\xampp\Desktop\mdcnpal\htdocs\public_html\core\global_include.php on line 685
[2026-07-06 19:07:58] Undefined array key 0 in C:\xampp\Desktop\mdcnpal\htdocs\public_html\core\global_include.php on line 810
[2026-07-06 19:07:58] Creation of dynamic property app::$rs_offer_msg is deprecated in C:\xampp\Desktop\mdcnpal\htdocs\public_html\core\app.php on line 434
[2026-07-06 19:07:58] Creation of dynamic property app::$rs_for_doctors is deprecated in C:\xampp\Desktop\mdcnpal\htdocs\public_html\core\app.php on line 434
[2026-07-06 19:07:58] Creation of dynamic property app::$description is deprecated in C:\xampp\Desktop\mdcnpal\htdocs\public_html\core\app.php on line 434
[2026-07-06 19:07:58] Creation of dynamic property app::$rs_banner is deprecated in C:\xampp\Desktop\mdcnpal\htdocs\public_html\core\app.php on line 434
[2026-07-06 19:07:58] Creation of dynamic property app::$rs_item_diseases is deprecated in C:\xampp\Desktop\mdcnpal\htdocs\public_html\core\app.php on line 434
[2026-07-06 19:07:58] Creation of dynamic property app::$rs_item_home_category is deprecated in C:\xampp\Desktop\mdcnpal\htdocs\public_html\core\app.php on line 434
[2026-07-06 19:07:58] Creation of dynamic property app::$rs_item_banner_category is deprecated in C:\xampp\Desktop\mdcnpal\htdocs\public_html\core\app.php on line 434
[2026-07-06 19:07:58] Creation of dynamic property app::$rs_services is deprecated in C:\xampp\Desktop\mdcnpal\htdocs\public_html\core\app.php on line 434
[2026-07-06 19:07:58] Creation of dynamic property app::$rs_blog is deprecated in C:\xampp\Desktop\mdcnpal\htdocs\public_html\core\app.php on line 434
[2026-07-06 19:07:58] Creation of dynamic property app::$rs_category is deprecated in C:\xampp\Desktop\mdcnpal\htdocs\public_html\core\app.php on line 434
[2026-07-06 19:07:58] Creation of dynamic property app::$rs_faq_data is deprecated in C:\xampp\Desktop\mdcnpal\htdocs\public_html\core\app.php on line 434
[2026-07-06 19:07:58] Creation of dynamic property app::$rs_gallery_data is deprecated in C:\xampp\Desktop\mdcnpal\htdocs\public_html\core\app.php on line 434
[2026-07-06 19:07:58] Undefined array key "tempCityID" in C:\xampp\Desktop\mdcnpal\htdocs\public_html\includes\header.php on line 5
[2026-07-06 19:07:58] Undefined array key "items" in C:\xampp\Desktop\mdcnpal\htdocs\public_html\includes\header.php on line 16
[2026-07-06 19:07:58] Undefined array key "item_category" in C:\xampp\Desktop\mdcnpal\htdocs\public_html\includes\header.php on line 26
[2026-07-06 19:07:58] Undefined array key "item_diseases" in C:\xampp\Desktop\mdcnpal\htdocs\public_html\includes\header.php on line 33
[2026-07-06 19:07:58] Undefined property: app::$rs_cartmini in C:\xampp\Desktop\mdcnpal\htdocs\public_html\includes\header.php on line 131
[2026-07-06 19:07:58] Undefined array key "MDRCCustID" in C:\xampp\Desktop\mdcnpal\htdocs\public_html\includes\header.php on line 134
[2026-07-06 19:07:58] Undefined property: app::$rs_cartmini in C:\xampp\Desktop\mdcnpal\htdocs\public_html\includes\header.php on line 197
[2026-07-06 19:07:58] Undefined array key "MDRCCustID" in C:\xampp\Desktop\mdcnpal\htdocs\public_html\includes\header.php on line 200
[2026-07-06 19:07:58] Undefined property: app::$rs_cartmini in C:\xampp\Desktop\mdcnpal\htdocs\public_html\includes\header.php on line 469
[2026-07-06 19:07:58] Undefined array key "MDRCCustID" in C:\xampp\Desktop\mdcnpal\htdocs\public_html\includes\header.php on line 472
[2026-07-06 19:07:58] Undefined property: app::$rs_cartmini in C:\xampp\Desktop\mdcnpal\htdocs\public_html\includes\header.php on line 525
[2026-07-06 19:07:58] Undefined array key "MDRCCustID" in C:\xampp\Desktop\mdcnpal\htdocs\public_html\includes\header.php on line 528
[2026-07-06 19:07:58] Undefined property: app::$rs_customer in C:\xampp\Desktop\mdcnpal\htdocs\public_html\includes\header.php on line 712
[2026-07-06 19:07:58] Trying to access array offset on value of type null in C:\xampp\Desktop\mdcnpal\htdocs\public_html\includes\header.php on line 712
[2026-07-06 19:07:58] Undefined property: app::$rs_customer in C:\xampp\Desktop\mdcnpal\htdocs\public_html\includes\header.php on line 721
[2026-07-06 19:07:58] Trying to access array offset on value of type null in C:\xampp\Desktop\mdcnpal\htdocs\public_html\includes\header.php on line 721
[2026-07-06 19:07:58] Undefined property: app::$rs_customer in C:\xampp\Desktop\mdcnpal\htdocs\public_html\includes\header.php on line 730
[2026-07-06 19:07:58] Trying to access array offset on value of type null in C:\xampp\Desktop\mdcnpal\htdocs\public_html\includes\header.php on line 730
[2026-07-06 19:07:58] Undefined property: app::$rs_customer in C:\xampp\Desktop\mdcnpal\htdocs\public_html\includes\header.php on line 739
[2026-07-06 19:07:58] Trying to access array offset on value of type null in C:\xampp\Desktop\mdcnpal\htdocs\public_html\includes\header.php on line 739
[2026-07-06 19:07:58] Undefined property: app::$rs_customer in C:\xampp\Desktop\mdcnpal\htdocs\public_html\includes\footer.php on line 357
[2026-07-06 19:07:58] Trying to access array offset on value of type null in C:\xampp\Desktop\mdcnpal\htdocs\public_html\includes\footer.php on line 357
[2026-07-06 19:07:58] Undefined property: app::$rs_customer in C:\xampp\Desktop\mdcnpal\htdocs\public_html\includes\footer.php on line 366
[2026-07-06 19:07:58] Trying to access array offset on value of type null in C:\xampp\Desktop\mdcnpal\htdocs\public_html\includes\footer.php on line 366
[2026-07-06 19:07:58] Undefined property: app::$rs_customer in C:\xampp\Desktop\mdcnpal\htdocs\public_html\includes\footer.php on line 372
[2026-07-06 19:07:58] Trying to access array offset on value of type null in C:\xampp\Desktop\mdcnpal\htdocs\public_html\includes\footer.php on line 372
[2026-07-06 19:07:58] Undefined property: app::$rs_customer in C:\xampp\Desktop\mdcnpal\htdocs\public_html\includes\general_data.php on line 88
[2026-07-06 19:07:58] Trying to access array offset on value of type null in C:\xampp\Desktop\mdcnpal\htdocs\public_html\includes\general_data.php on line 88
[2026-07-06 19:07:58] Undefined array key "MDRCCustID" in C:\xampp\Desktop\mdcnpal\htdocs\public_html\includes\general_data.php on line 88
[2026-07-06 19:07:58] Undefined variable $tmpStr in C:\xampp\Desktop\mdcnpal\htdocs\public_html\core\app.php on line 969
[2026-07-06 19:09:15] Creation of dynamic property dbclass::$RECORD_SET is deprecated in C:\xampp\Desktop\mdcnpal\htdocs\public_html\core\dbclass.php on line 69
[2026-07-06 19:09:15] Creation of dynamic property dbclass::$app is deprecated in C:\xampp\Desktop\mdcnpal\htdocs\public_html\core\dbclass.php on line 75
[2026-07-06 19:09:15] Creation of dynamic property model::$foreign_tables is deprecated in C:\xampp\Desktop\mdcnpal\htdocs\public_html\core\model.php on line 43
[2026-07-06 19:09:15] Creation of dynamic property app::$inputfilter is deprecated in C:\xampp\Desktop\mdcnpal\htdocs\public_html\core\app.php on line 123
[2026-07-06 19:09:15] Creation of dynamic property app::$userconfig is deprecated in C:\xampp\Desktop\mdcnpal\htdocs\public_html\core\app.php on line 124
[2026-07-06 19:09:15] Creation of dynamic property app::$global_include is deprecated in C:\xampp\Desktop\mdcnpal\htdocs\public_html\core\app.php on line 125
[2026-07-06 19:09:15] Creation of dynamic property app::$set_cache_time is deprecated in C:\xampp\Desktop\mdcnpal\htdocs\public_html\core\app.php on line 153
[2026-07-06 19:09:15] Undefined array key "cityID" in C:\xampp\Desktop\mdcnpal\htdocs\public_html\core\global_include.php on line 381
[2026-07-06 19:09:15] Undefined array key "cityID" in C:\xampp\Desktop\mdcnpal\htdocs\public_html\core\global_include.php on line 416
[2026-07-06 19:09:15] Creation of dynamic property app::$meta is deprecated in C:\xampp\Desktop\mdcnpal\htdocs\public_html\core\app.php on line 434
[2026-07-06 19:09:15] Creation of dynamic property app::$rs_gs_city is deprecated in C:\xampp\Desktop\mdcnpal\htdocs\public_html\core\app.php on line 434
[2026-07-06 19:09:15] Undefined array key "cityID" in C:\xampp\Desktop\mdcnpal\htdocs\public_html\core\global_include.php on line 468
[2026-07-06 19:09:15] Creation of dynamic property app::$rs_footer_popular_item is deprecated in C:\xampp\Desktop\mdcnpal\htdocs\public_html\core\app.php on line 434
[2026-07-06 19:09:15] Creation of dynamic property app::$rs_footer_popular_test is deprecated in C:\xampp\Desktop\mdcnpal\htdocs\public_html\core\app.php on line 434
[2026-07-06 19:09:15] Creation of dynamic property app::$rs_testimonial is deprecated in C:\xampp\Desktop\mdcnpal\htdocs\public_html\core\app.php on line 434
[2026-07-06 19:09:15] Creation of dynamic property app::$admin is deprecated in C:\xampp\Desktop\mdcnpal\htdocs\public_html\core\app.php on line 434
[2026-07-06 19:09:15] Undefined array key 0 in C:\xampp\Desktop\mdcnpal\htdocs\public_html\core\global_include.php on line 514
[2026-07-06 19:09:15] Creation of dynamic property app::$popup is deprecated in C:\xampp\Desktop\mdcnpal\htdocs\public_html\core\app.php on line 434
[2026-07-06 19:09:15] Undefined array key "MDRCCustID" in C:\xampp\Desktop\mdcnpal\htdocs\public_html\core\global_include.php on line 515
[2026-07-06 19:09:15] Undefined array key "MDRCToken" in C:\xampp\Desktop\mdcnpal\htdocs\public_html\core\global_include.php on line 515
[2026-07-06 19:09:15] Creation of dynamic property app::$rscategory is deprecated in C:\xampp\Desktop\mdcnpal\htdocs\public_html\core\app.php on line 434
[2026-07-06 19:09:15] Creation of dynamic property app::$rs_pages is deprecated in C:\xampp\Desktop\mdcnpal\htdocs\public_html\core\app.php on line 434
[2026-07-06 19:09:15] Creation of dynamic property app::$gs is deprecated in C:\xampp\Desktop\mdcnpal\htdocs\public_html\core\app.php on line 434
[2026-07-06 19:09:15] Undefined array key "MDRCCustID" in C:\xampp\Desktop\mdcnpal\htdocs\public_html\core\global_include.php on line 596
[2026-07-06 19:09:15] Undefined array key "MDRCCustID" in C:\xampp\Desktop\mdcnpal\htdocs\public_html\core\global_include.php on line 615
[2026-07-06 19:09:15] Undefined variable $getId in C:\xampp\Desktop\mdcnpal\htdocs\public_html\core\global_include.php on line 684
[2026-07-06 19:09:15] Undefined variable $getName in C:\xampp\Desktop\mdcnpal\htdocs\public_html\core\global_include.php on line 685
[2026-07-06 19:09:15] Undefined array key 0 in C:\xampp\Desktop\mdcnpal\htdocs\public_html\core\global_include.php on line 810
[2026-07-06 19:09:15] Creation of dynamic property app::$rs_offer_msg is deprecated in C:\xampp\Desktop\mdcnpal\htdocs\public_html\core\app.php on line 434
[2026-07-06 19:09:15] Creation of dynamic property app::$rs_for_doctors is deprecated in C:\xampp\Desktop\mdcnpal\htdocs\public_html\core\app.php on line 434
[2026-07-06 19:09:15] Undefined array key "tempCityID" in C:\xampp\Desktop\mdcnpal\htdocs\public_html\includes\header.php on line 5
[2026-07-06 19:09:15] Undefined array key "items" in C:\xampp\Desktop\mdcnpal\htdocs\public_html\includes\header.php on line 16
[2026-07-06 19:09:15] Undefined array key "item_category" in C:\xampp\Desktop\mdcnpal\htdocs\public_html\includes\header.php on line 26
[2026-07-06 19:09:15] Undefined array key "item_diseases" in C:\xampp\Desktop\mdcnpal\htdocs\public_html\includes\header.php on line 33
[2026-07-06 19:09:15] Undefined property: app::$rs_cartmini in C:\xampp\Desktop\mdcnpal\htdocs\public_html\includes\header.php on line 131
[2026-07-06 19:09:15] Undefined array key "MDRCCustID" in C:\xampp\Desktop\mdcnpal\htdocs\public_html\includes\header.php on line 134
[2026-07-06 19:09:15] Undefined property: app::$rs_cartmini in C:\xampp\Desktop\mdcnpal\htdocs\public_html\includes\header.php on line 197
[2026-07-06 19:09:15] Undefined array key "MDRCCustID" in C:\xampp\Desktop\mdcnpal\htdocs\public_html\includes\header.php on line 200
[2026-07-06 19:09:15] Undefined property: app::$rs_cartmini in C:\xampp\Desktop\mdcnpal\htdocs\public_html\includes\header.php on line 469
[2026-07-06 19:09:15] Undefined array key "MDRCCustID" in C:\xampp\Desktop\mdcnpal\htdocs\public_html\includes\header.php on line 472
[2026-07-06 19:09:15] Undefined property: app::$rs_cartmini in C:\xampp\Desktop\mdcnpal\htdocs\public_html\includes\header.php on line 525
[2026-07-06 19:09:15] Undefined array key "MDRCCustID" in C:\xampp\Desktop\mdcnpal\htdocs\public_html\includes\header.php on line 528
[2026-07-06 19:09:15] Undefined property: app::$rs_customer in C:\xampp\Desktop\mdcnpal\htdocs\public_html\includes\header.php on line 712
[2026-07-06 19:09:15] Trying to access array offset on value of type null in C:\xampp\Desktop\mdcnpal\htdocs\public_html\includes\header.php on line 712
[2026-07-06 19:09:15] Undefined property: app::$rs_customer in C:\xampp\Desktop\mdcnpal\htdocs\public_html\includes\header.php on line 721
[2026-07-06 19:09:15] Trying to access array offset on value of type null in C:\xampp\Desktop\mdcnpal\htdocs\public_html\includes\header.php on line 721
[2026-07-06 19:09:15] Undefined property: app::$rs_customer in C:\xampp\Desktop\mdcnpal\htdocs\public_html\includes\header.php on line 730
[2026-07-06 19:09:15] Trying to access array offset on value of type null in C:\xampp\Desktop\mdcnpal\htdocs\public_html\includes\header.php on line 730
[2026-07-06 19:09:15] Undefined property: app::$rs_customer in C:\xampp\Desktop\mdcnpal\htdocs\public_html\includes\header.php on line 739
[2026-07-06 19:09:15] Trying to access array offset on value of type null in C:\xampp\Desktop\mdcnpal\htdocs\public_html\includes\header.php on line 739
[2026-07-06 19:09:15] Undefined property: app::$rs_customer in C:\xampp\Desktop\mdcnpal\htdocs\public_html\includes\footer.php on line 357
[2026-07-06 19:09:15] Trying to access array offset on value of type null in C:\xampp\Desktop\mdcnpal\htdocs\public_html\includes\footer.php on line 357
[2026-07-06 19:09:15] Undefined property: app::$rs_customer in C:\xampp\Desktop\mdcnpal\htdocs\public_html\includes\footer.php on line 366
[2026-07-06 19:09:15] Trying to access array offset on value of type null in C:\xampp\Desktop\mdcnpal\htdocs\public_html\includes\footer.php on line 366
[2026-07-06 19:09:15] Undefined property: app::$rs_customer in C:\xampp\Desktop\mdcnpal\htdocs\public_html\includes\footer.php on line 372
[2026-07-06 19:09:15] Trying to access array offset on value of type null in C:\xampp\Desktop\mdcnpal\htdocs\public_html\includes\footer.php on line 372
[2026-07-06 19:09:15] Undefined property: app::$rs_customer in C:\xampp\Desktop\mdcnpal\htdocs\public_html\includes\general_data.php on line 88
[2026-07-06 19:09:15] Trying to access array offset on value of type null in C:\xampp\Desktop\mdcnpal\htdocs\public_html\includes\general_data.php on line 88
[2026-07-06 19:09:15] Undefined array key "MDRCCustID" in C:\xampp\Desktop\mdcnpal\htdocs\public_html\includes\general_data.php on line 88
[2026-07-06 19:09:15] Undefined variable $tmpStr in C:\xampp\Desktop\mdcnpal\htdocs\public_html\core\app.php on line 969
[2026-07-06 19:24:38] Creation of dynamic property dbclass::$RECORD_SET is deprecated in C:\xampp\Desktop\mdcnpal\htdocs\public_html\core\dbclass.php on line 69
[2026-07-06 19:24:38] Creation of dynamic property dbclass::$app is deprecated in C:\xampp\Desktop\mdcnpal\htdocs\public_html\core\dbclass.php on line 75
[2026-07-06 19:24:38] Creation of dynamic property model::$foreign_tables is deprecated in C:\xampp\Desktop\mdcnpal\htdocs\public_html\core\model.php on line 43
[2026-07-06 19:24:38] Creation of dynamic property app::$inputfilter is deprecated in C:\xampp\Desktop\mdcnpal\htdocs\public_html\core\app.php on line 123
[2026-07-06 19:24:38] Creation of dynamic property app::$userconfig is deprecated in C:\xampp\Desktop\mdcnpal\htdocs\public_html\core\app.php on line 124
[2026-07-06 19:24:38] Creation of dynamic property app::$global_include is deprecated in C:\xampp\Desktop\mdcnpal\htdocs\public_html\core\app.php on line 125
[2026-07-06 19:24:38] Creation of dynamic property app::$set_cache_time is deprecated in C:\xampp\Desktop\mdcnpal\htdocs\public_html\core\app.php on line 153
[2026-07-06 19:24:38] Creation of dynamic property app::$meta is deprecated in C:\xampp\Desktop\mdcnpal\htdocs\public_html\core\app.php on line 434
[2026-07-06 19:24:38] Creation of dynamic property app::$rs_gs_city is deprecated in C:\xampp\Desktop\mdcnpal\htdocs\public_html\core\app.php on line 434
[2026-07-06 19:24:38] Creation of dynamic property app::$rs_footer_popular_item is deprecated in C:\xampp\Desktop\mdcnpal\htdocs\public_html\core\app.php on line 434
[2026-07-06 19:24:39] Creation of dynamic property app::$rs_footer_popular_test is deprecated in C:\xampp\Desktop\mdcnpal\htdocs\public_html\core\app.php on line 434
[2026-07-06 19:24:39] Creation of dynamic property app::$rs_testimonial is deprecated in C:\xampp\Desktop\mdcnpal\htdocs\public_html\core\app.php on line 434
[2026-07-06 19:24:39] Creation of dynamic property app::$admin is deprecated in C:\xampp\Desktop\mdcnpal\htdocs\public_html\core\app.php on line 434
[2026-07-06 19:24:39] Undefined array key 0 in C:\xampp\Desktop\mdcnpal\htdocs\public_html\core\global_include.php on line 514
[2026-07-06 19:24:39] Creation of dynamic property app::$popup is deprecated in C:\xampp\Desktop\mdcnpal\htdocs\public_html\core\app.php on line 434
[2026-07-06 19:24:39] Undefined array key "MDRCCustID" in C:\xampp\Desktop\mdcnpal\htdocs\public_html\core\global_include.php on line 515
[2026-07-06 19:24:39] Undefined array key "MDRCToken" in C:\xampp\Desktop\mdcnpal\htdocs\public_html\core\global_include.php on line 515
[2026-07-06 19:24:39] Creation of dynamic property app::$rscategory is deprecated in C:\xampp\Desktop\mdcnpal\htdocs\public_html\core\app.php on line 434
[2026-07-06 19:24:39] Creation of dynamic property app::$rs_pages is deprecated in C:\xampp\Desktop\mdcnpal\htdocs\public_html\core\app.php on line 434
[2026-07-06 19:24:39] Creation of dynamic property app::$gs is deprecated in C:\xampp\Desktop\mdcnpal\htdocs\public_html\core\app.php on line 434
[2026-07-06 19:24:39] Undefined array key "MDRCCustID" in C:\xampp\Desktop\mdcnpal\htdocs\public_html\core\global_include.php on line 596
[2026-07-06 19:24:39] Undefined array key "MDRCCustID" in C:\xampp\Desktop\mdcnpal\htdocs\public_html\core\global_include.php on line 615
[2026-07-06 19:24:39] Undefined variable $getId in C:\xampp\Desktop\mdcnpal\htdocs\public_html\core\global_include.php on line 684
[2026-07-06 19:24:39] Undefined variable $getName in C:\xampp\Desktop\mdcnpal\htdocs\public_html\core\global_include.php on line 685
[2026-07-06 19:24:39] Undefined array key 0 in C:\xampp\Desktop\mdcnpal\htdocs\public_html\core\global_include.php on line 810
[2026-07-06 19:24:39] Creation of dynamic property app::$rs_offer_msg is deprecated in C:\xampp\Desktop\mdcnpal\htdocs\public_html\core\app.php on line 434
[2026-07-06 19:24:39] Creation of dynamic property app::$rs_for_doctors is deprecated in C:\xampp\Desktop\mdcnpal\htdocs\public_html\core\app.php on line 434
[2026-07-06 19:24:39] Creation of dynamic property app::$description is deprecated in C:\xampp\Desktop\mdcnpal\htdocs\public_html\core\app.php on line 434
[2026-07-06 19:24:39] Creation of dynamic property app::$rs_banner is deprecated in C:\xampp\Desktop\mdcnpal\htdocs\public_html\core\app.php on line 434
[2026-07-06 19:24:39] Creation of dynamic property app::$rs_item_diseases is deprecated in C:\xampp\Desktop\mdcnpal\htdocs\public_html\core\app.php on line 434
[2026-07-06 19:24:39] Creation of dynamic property app::$rs_item_home_category is deprecated in C:\xampp\Desktop\mdcnpal\htdocs\public_html\core\app.php on line 434
[2026-07-06 19:24:39] Creation of dynamic property app::$rs_item_banner_category is deprecated in C:\xampp\Desktop\mdcnpal\htdocs\public_html\core\app.php on line 434
[2026-07-06 19:24:39] Creation of dynamic property app::$rs_services is deprecated in C:\xampp\Desktop\mdcnpal\htdocs\public_html\core\app.php on line 434
[2026-07-06 19:24:39] Creation of dynamic property app::$rs_blog is deprecated in C:\xampp\Desktop\mdcnpal\htdocs\public_html\core\app.php on line 434
[2026-07-06 19:24:39] Creation of dynamic property app::$rs_category is deprecated in C:\xampp\Desktop\mdcnpal\htdocs\public_html\core\app.php on line 434
[2026-07-06 19:24:39] Creation of dynamic property app::$rs_faq_data is deprecated in C:\xampp\Desktop\mdcnpal\htdocs\public_html\core\app.php on line 434
[2026-07-06 19:24:39] Creation of dynamic property app::$rs_gallery_data is deprecated in C:\xampp\Desktop\mdcnpal\htdocs\public_html\core\app.php on line 434
[2026-07-06 19:24:39] Undefined property: app::$rs_cartmini in C:\xampp\Desktop\mdcnpal\htdocs\public_html\includes\header.php on line 131
[2026-07-06 19:24:39] Undefined array key "MDRCCustID" in C:\xampp\Desktop\mdcnpal\htdocs\public_html\includes\header.php on line 134
[2026-07-06 19:24:39] Undefined property: app::$rs_cartmini in C:\xampp\Desktop\mdcnpal\htdocs\public_html\includes\header.php on line 197
[2026-07-06 19:24:39] Undefined array key "MDRCCustID" in C:\xampp\Desktop\mdcnpal\htdocs\public_html\includes\header.php on line 200
[2026-07-06 19:24:39] Undefined property: app::$rs_cartmini in C:\xampp\Desktop\mdcnpal\htdocs\public_html\includes\header.php on line 469
[2026-07-06 19:24:39] Undefined array key "MDRCCustID" in C:\xampp\Desktop\mdcnpal\htdocs\public_html\includes\header.php on line 472
[2026-07-06 19:24:39] Undefined property: app::$rs_cartmini in C:\xampp\Desktop\mdcnpal\htdocs\public_html\includes\header.php on line 525
[2026-07-06 19:24:39] Undefined array key "MDRCCustID" in C:\xampp\Desktop\mdcnpal\htdocs\public_html\includes\header.php on line 528
[2026-07-06 19:24:39] Undefined property: app::$rs_customer in C:\xampp\Desktop\mdcnpal\htdocs\public_html\includes\header.php on line 712
[2026-07-06 19:24:39] Trying to access array offset on value of type null in C:\xampp\Desktop\mdcnpal\htdocs\public_html\includes\header.php on line 712
[2026-07-06 19:24:39] Undefined property: app::$rs_customer in C:\xampp\Desktop\mdcnpal\htdocs\public_html\includes\header.php on line 721
[2026-07-06 19:24:39] Trying to access array offset on value of type null in C:\xampp\Desktop\mdcnpal\htdocs\public_html\includes\header.php on line 721
[2026-07-06 19:24:39] Undefined property: app::$rs_customer in C:\xampp\Desktop\mdcnpal\htdocs\public_html\includes\header.php on line 730
[2026-07-06 19:24:39] Trying to access array offset on value of type null in C:\xampp\Desktop\mdcnpal\htdocs\public_html\includes\header.php on line 730
[2026-07-06 19:24:39] Undefined property: app::$rs_customer in C:\xampp\Desktop\mdcnpal\htdocs\public_html\includes\header.php on line 739
[2026-07-06 19:24:39] Trying to access array offset on value of type null in C:\xampp\Desktop\mdcnpal\htdocs\public_html\includes\header.php on line 739
[2026-07-06 19:24:40] Undefined property: app::$rs_customer in C:\xampp\Desktop\mdcnpal\htdocs\public_html\includes\footer.php on line 357
[2026-07-06 19:24:40] Trying to access array offset on value of type null in C:\xampp\Desktop\mdcnpal\htdocs\public_html\includes\footer.php on line 357
[2026-07-06 19:24:40] Undefined property: app::$rs_customer in C:\xampp\Desktop\mdcnpal\htdocs\public_html\includes\footer.php on line 366
[2026-07-06 19:24:40] Trying to access array offset on value of type null in C:\xampp\Desktop\mdcnpal\htdocs\public_html\includes\footer.php on line 366
[2026-07-06 19:24:40] Undefined property: app::$rs_customer in C:\xampp\Desktop\mdcnpal\htdocs\public_html\includes\footer.php on line 372
[2026-07-06 19:24:40] Trying to access array offset on value of type null in C:\xampp\Desktop\mdcnpal\htdocs\public_html\includes\footer.php on line 372
[2026-07-06 19:24:40] Undefined property: app::$rs_customer in C:\xampp\Desktop\mdcnpal\htdocs\public_html\includes\general_data.php on line 88
[2026-07-06 19:24:40] Trying to access array offset on value of type null in C:\xampp\Desktop\mdcnpal\htdocs\public_html\includes\general_data.php on line 88
[2026-07-06 19:24:40] Undefined array key "MDRCCustID" in C:\xampp\Desktop\mdcnpal\htdocs\public_html\includes\general_data.php on line 88
[2026-07-06 19:24:40] Undefined variable $tmpStr in C:\xampp\Desktop\mdcnpal\htdocs\public_html\core\app.php on line 969
[2026-07-06 19:24:45] Creation of dynamic property dbclass::$RECORD_SET is deprecated in C:\xampp\Desktop\mdcnpal\htdocs\public_html\core\dbclass.php on line 69
[2026-07-06 19:24:45] Creation of dynamic property dbclass::$app is deprecated in C:\xampp\Desktop\mdcnpal\htdocs\public_html\core\dbclass.php on line 75
[2026-07-06 19:24:45] Creation of dynamic property model::$foreign_tables is deprecated in C:\xampp\Desktop\mdcnpal\htdocs\public_html\core\model.php on line 43
[2026-07-06 19:24:45] Creation of dynamic property app::$inputfilter is deprecated in C:\xampp\Desktop\mdcnpal\htdocs\public_html\core\app.php on line 123
[2026-07-06 19:24:45] Creation of dynamic property app::$userconfig is deprecated in C:\xampp\Desktop\mdcnpal\htdocs\public_html\core\app.php on line 124
[2026-07-06 19:24:45] Creation of dynamic property app::$global_include is deprecated in C:\xampp\Desktop\mdcnpal\htdocs\public_html\core\app.php on line 125
[2026-07-06 19:24:45] Creation of dynamic property app::$set_cache_time is deprecated in C:\xampp\Desktop\mdcnpal\htdocs\public_html\core\app.php on line 153
[2026-07-06 19:24:45] Undefined array key "cityID" in C:\xampp\Desktop\mdcnpal\htdocs\public_html\scripts\ajax\selectCityUsingGoogleMapApi.php on line 9
[2026-07-06 19:24:45] Undefined variable $RESULT in C:\xampp\Desktop\mdcnpal\htdocs\public_html\scripts\ajax\selectCityUsingGoogleMapApi.php on line 69
[2026-07-06 19:24:45] Undefined variable $URL in C:\xampp\Desktop\mdcnpal\htdocs\public_html\scripts\ajax\selectCityUsingGoogleMapApi.php on line 73
[2026-07-06 19:25:12] Creation of dynamic property dbclass::$RECORD_SET is deprecated in C:\xampp\Desktop\mdcnpal\htdocs\public_html\core\dbclass.php on line 69
[2026-07-06 19:25:12] Creation of dynamic property dbclass::$app is deprecated in C:\xampp\Desktop\mdcnpal\htdocs\public_html\core\dbclass.php on line 75
[2026-07-06 19:25:12] Creation of dynamic property model::$foreign_tables is deprecated in C:\xampp\Desktop\mdcnpal\htdocs\public_html\core\model.php on line 43
[2026-07-06 19:25:12] Creation of dynamic property app::$inputfilter is deprecated in C:\xampp\Desktop\mdcnpal\htdocs\public_html\core\app.php on line 123
[2026-07-06 19:25:12] Creation of dynamic property app::$userconfig is deprecated in C:\xampp\Desktop\mdcnpal\htdocs\public_html\core\app.php on line 124
[2026-07-06 19:25:12] Creation of dynamic property app::$global_include is deprecated in C:\xampp\Desktop\mdcnpal\htdocs\public_html\core\app.php on line 125
[2026-07-06 19:25:12] Creation of dynamic property app::$set_cache_time is deprecated in C:\xampp\Desktop\mdcnpal\htdocs\public_html\core\app.php on line 153
[2026-07-06 19:25:12] Undefined array key "cityID" in C:\xampp\Desktop\mdcnpal\htdocs\public_html\core\global_include.php on line 381
[2026-07-06 19:25:12] Undefined array key "cityID" in C:\xampp\Desktop\mdcnpal\htdocs\public_html\core\global_include.php on line 416
[2026-07-06 19:25:12] Creation of dynamic property app::$meta is deprecated in C:\xampp\Desktop\mdcnpal\htdocs\public_html\core\app.php on line 434
[2026-07-06 19:25:12] Creation of dynamic property app::$rs_gs_city is deprecated in C:\xampp\Desktop\mdcnpal\htdocs\public_html\core\app.php on line 434
[2026-07-06 19:25:12] Undefined array key "cityID" in C:\xampp\Desktop\mdcnpal\htdocs\public_html\core\global_include.php on line 468
[2026-07-06 19:25:13] Creation of dynamic property app::$rs_footer_popular_item is deprecated in C:\xampp\Desktop\mdcnpal\htdocs\public_html\core\app.php on line 434
[2026-07-06 19:25:13] Creation of dynamic property app::$rs_footer_popular_test is deprecated in C:\xampp\Desktop\mdcnpal\htdocs\public_html\core\app.php on line 434
[2026-07-06 19:25:13] Creation of dynamic property app::$rs_testimonial is deprecated in C:\xampp\Desktop\mdcnpal\htdocs\public_html\core\app.php on line 434
[2026-07-06 19:25:13] Creation of dynamic property app::$admin is deprecated in C:\xampp\Desktop\mdcnpal\htdocs\public_html\core\app.php on line 434
[2026-07-06 19:25:13] Undefined array key 0 in C:\xampp\Desktop\mdcnpal\htdocs\public_html\core\global_include.php on line 514
[2026-07-06 19:25:13] Creation of dynamic property app::$popup is deprecated in C:\xampp\Desktop\mdcnpal\htdocs\public_html\core\app.php on line 434
[2026-07-06 19:25:13] Undefined array key "MDRCCustID" in C:\xampp\Desktop\mdcnpal\htdocs\public_html\core\global_include.php on line 515
[2026-07-06 19:25:13] Undefined array key "MDRCToken" in C:\xampp\Desktop\mdcnpal\htdocs\public_html\core\global_include.php on line 515
[2026-07-06 19:25:13] Creation of dynamic property app::$rscategory is deprecated in C:\xampp\Desktop\mdcnpal\htdocs\public_html\core\app.php on line 434
[2026-07-06 19:25:13] Creation of dynamic property app::$rs_pages is deprecated in C:\xampp\Desktop\mdcnpal\htdocs\public_html\core\app.php on line 434
[2026-07-06 19:25:13] Creation of dynamic property app::$gs is deprecated in C:\xampp\Desktop\mdcnpal\htdocs\public_html\core\app.php on line 434
[2026-07-06 19:25:13] Undefined array key "MDRCCustID" in C:\xampp\Desktop\mdcnpal\htdocs\public_html\core\global_include.php on line 596
[2026-07-06 19:25:13] Undefined array key "MDRCCustID" in C:\xampp\Desktop\mdcnpal\htdocs\public_html\core\global_include.php on line 615
[2026-07-06 19:25:13] Undefined variable $getId in C:\xampp\Desktop\mdcnpal\htdocs\public_html\core\global_include.php on line 684
[2026-07-06 19:25:13] Undefined variable $getName in C:\xampp\Desktop\mdcnpal\htdocs\public_html\core\global_include.php on line 685
[2026-07-06 19:25:13] Undefined array key 0 in C:\xampp\Desktop\mdcnpal\htdocs\public_html\core\global_include.php on line 810
[2026-07-06 19:25:13] Creation of dynamic property app::$rs_offer_msg is deprecated in C:\xampp\Desktop\mdcnpal\htdocs\public_html\core\app.php on line 434
[2026-07-06 19:25:13] Creation of dynamic property app::$rs_for_doctors is deprecated in C:\xampp\Desktop\mdcnpal\htdocs\public_html\core\app.php on line 434
[2026-07-06 19:25:13] Creation of dynamic property app::$description is deprecated in C:\xampp\Desktop\mdcnpal\htdocs\public_html\core\app.php on line 434
[2026-07-06 19:25:13] Creation of dynamic property app::$rs_banner is deprecated in C:\xampp\Desktop\mdcnpal\htdocs\public_html\core\app.php on line 434
[2026-07-06 19:25:13] Creation of dynamic property app::$rs_item_diseases is deprecated in C:\xampp\Desktop\mdcnpal\htdocs\public_html\core\app.php on line 434
[2026-07-06 19:25:13] Creation of dynamic property app::$rs_item_home_category is deprecated in C:\xampp\Desktop\mdcnpal\htdocs\public_html\core\app.php on line 434
[2026-07-06 19:25:13] Creation of dynamic property app::$rs_item_banner_category is deprecated in C:\xampp\Desktop\mdcnpal\htdocs\public_html\core\app.php on line 434
[2026-07-06 19:25:13] Creation of dynamic property app::$rs_services is deprecated in C:\xampp\Desktop\mdcnpal\htdocs\public_html\core\app.php on line 434
[2026-07-06 19:25:13] Creation of dynamic property app::$rs_blog is deprecated in C:\xampp\Desktop\mdcnpal\htdocs\public_html\core\app.php on line 434
[2026-07-06 19:25:13] Creation of dynamic property app::$rs_category is deprecated in C:\xampp\Desktop\mdcnpal\htdocs\public_html\core\app.php on line 434
[2026-07-06 19:25:13] Creation of dynamic property app::$rs_faq_data is deprecated in C:\xampp\Desktop\mdcnpal\htdocs\public_html\core\app.php on line 434
[2026-07-06 19:25:13] Creation of dynamic property app::$rs_gallery_data is deprecated in C:\xampp\Desktop\mdcnpal\htdocs\public_html\core\app.php on line 434
[2026-07-06 19:25:14] Undefined array key "tempCityID" in C:\xampp\Desktop\mdcnpal\htdocs\public_html\includes\header.php on line 5
[2026-07-06 19:25:14] Undefined array key "items" in C:\xampp\Desktop\mdcnpal\htdocs\public_html\includes\header.php on line 16
[2026-07-06 19:25:14] Undefined array key "item_category" in C:\xampp\Desktop\mdcnpal\htdocs\public_html\includes\header.php on line 26
[2026-07-06 19:25:14] Undefined array key "item_diseases" in C:\xampp\Desktop\mdcnpal\htdocs\public_html\includes\header.php on line 33
[2026-07-06 19:25:14] Undefined property: app::$rs_cartmini in C:\xampp\Desktop\mdcnpal\htdocs\public_html\includes\header.php on line 131
[2026-07-06 19:25:14] Undefined array key "MDRCCustID" in C:\xampp\Desktop\mdcnpal\htdocs\public_html\includes\header.php on line 134
[2026-07-06 19:25:14] Undefined property: app::$rs_cartmini in C:\xampp\Desktop\mdcnpal\htdocs\public_html\includes\header.php on line 197
[2026-07-06 19:25:14] Undefined array key "MDRCCustID" in C:\xampp\Desktop\mdcnpal\htdocs\public_html\includes\header.php on line 200
[2026-07-06 19:25:14] Undefined property: app::$rs_cartmini in C:\xampp\Desktop\mdcnpal\htdocs\public_html\includes\header.php on line 469
[2026-07-06 19:25:14] Undefined array key "MDRCCustID" in C:\xampp\Desktop\mdcnpal\htdocs\public_html\includes\header.php on line 472
[2026-07-06 19:25:14] Undefined property: app::$rs_cartmini in C:\xampp\Desktop\mdcnpal\htdocs\public_html\includes\header.php on line 525
[2026-07-06 19:25:14] Undefined array key "MDRCCustID" in C:\xampp\Desktop\mdcnpal\htdocs\public_html\includes\header.php on line 528
[2026-07-06 19:25:14] Undefined property: app::$rs_customer in C:\xampp\Desktop\mdcnpal\htdocs\public_html\includes\header.php on line 712
[2026-07-06 19:25:14] Trying to access array offset on value of type null in C:\xampp\Desktop\mdcnpal\htdocs\public_html\includes\header.php on line 712
[2026-07-06 19:25:14] Undefined property: app::$rs_customer in C:\xampp\Desktop\mdcnpal\htdocs\public_html\includes\header.php on line 721
[2026-07-06 19:25:14] Trying to access array offset on value of type null in C:\xampp\Desktop\mdcnpal\htdocs\public_html\includes\header.php on line 721
[2026-07-06 19:25:14] Undefined property: app::$rs_customer in C:\xampp\Desktop\mdcnpal\htdocs\public_html\includes\header.php on line 730
[2026-07-06 19:25:14] Trying to access array offset on value of type null in C:\xampp\Desktop\mdcnpal\htdocs\public_html\includes\header.php on line 730
[2026-07-06 19:25:14] Undefined property: app::$rs_customer in C:\xampp\Desktop\mdcnpal\htdocs\public_html\includes\header.php on line 739
[2026-07-06 19:25:14] Trying to access array offset on value of type null in C:\xampp\Desktop\mdcnpal\htdocs\public_html\includes\header.php on line 739
[2026-07-06 19:25:14] Undefined property: app::$rs_customer in C:\xampp\Desktop\mdcnpal\htdocs\public_html\includes\footer.php on line 357
[2026-07-06 19:25:14] Trying to access array offset on value of type null in C:\xampp\Desktop\mdcnpal\htdocs\public_html\includes\footer.php on line 357
[2026-07-06 19:25:14] Undefined property: app::$rs_customer in C:\xampp\Desktop\mdcnpal\htdocs\public_html\includes\footer.php on line 366
[2026-07-06 19:25:14] Trying to access array offset on value of type null in C:\xampp\Desktop\mdcnpal\htdocs\public_html\includes\footer.php on line 366
[2026-07-06 19:25:14] Undefined property: app::$rs_customer in C:\xampp\Desktop\mdcnpal\htdocs\public_html\includes\footer.php on line 372
[2026-07-06 19:25:14] Trying to access array offset on value of type null in C:\xampp\Desktop\mdcnpal\htdocs\public_html\includes\footer.php on line 372
[2026-07-06 19:25:14] Undefined property: app::$rs_customer in C:\xampp\Desktop\mdcnpal\htdocs\public_html\includes\general_data.php on line 88
[2026-07-06 19:25:14] Trying to access array offset on value of type null in C:\xampp\Desktop\mdcnpal\htdocs\public_html\includes\general_data.php on line 88
[2026-07-06 19:25:14] Undefined array key "MDRCCustID" in C:\xampp\Desktop\mdcnpal\htdocs\public_html\includes\general_data.php on line 88
[2026-07-06 19:25:14] Undefined variable $tmpStr in C:\xampp\Desktop\mdcnpal\htdocs\public_html\core\app.php on line 969
[2026-07-06 19:25:28] Creation of dynamic property dbclass::$RECORD_SET is deprecated in C:\xampp\Desktop\mdcnpal\htdocs\public_html\core\dbclass.php on line 69
[2026-07-06 19:25:28] Creation of dynamic property dbclass::$app is deprecated in C:\xampp\Desktop\mdcnpal\htdocs\public_html\core\dbclass.php on line 75
[2026-07-06 19:25:28] Creation of dynamic property model::$foreign_tables is deprecated in C:\xampp\Desktop\mdcnpal\htdocs\public_html\core\model.php on line 43
[2026-07-06 19:25:28] Creation of dynamic property app::$inputfilter is deprecated in C:\xampp\Desktop\mdcnpal\htdocs\public_html\core\app.php on line 123
[2026-07-06 19:25:28] Creation of dynamic property app::$userconfig is deprecated in C:\xampp\Desktop\mdcnpal\htdocs\public_html\core\app.php on line 124
[2026-07-06 19:25:28] Creation of dynamic property app::$global_include is deprecated in C:\xampp\Desktop\mdcnpal\htdocs\public_html\core\app.php on line 125
[2026-07-06 19:25:28] Creation of dynamic property app::$set_cache_time is deprecated in C:\xampp\Desktop\mdcnpal\htdocs\public_html\core\app.php on line 153
[2026-07-06 19:25:28] Undefined array key "cityID" in C:\xampp\Desktop\mdcnpal\htdocs\public_html\core\global_include.php on line 381
[2026-07-06 19:25:28] Undefined array key "cityID" in C:\xampp\Desktop\mdcnpal\htdocs\public_html\core\global_include.php on line 416
[2026-07-06 19:25:28] Creation of dynamic property app::$meta is deprecated in C:\xampp\Desktop\mdcnpal\htdocs\public_html\core\app.php on line 434
[2026-07-06 19:25:28] Creation of dynamic property app::$rs_gs_city is deprecated in C:\xampp\Desktop\mdcnpal\htdocs\public_html\core\app.php on line 434
[2026-07-06 19:25:28] Undefined array key "cityID" in C:\xampp\Desktop\mdcnpal\htdocs\public_html\core\global_include.php on line 468
[2026-07-06 19:25:28] Creation of dynamic property app::$rs_footer_popular_item is deprecated in C:\xampp\Desktop\mdcnpal\htdocs\public_html\core\app.php on line 434
[2026-07-06 19:25:28] Creation of dynamic property app::$rs_footer_popular_test is deprecated in C:\xampp\Desktop\mdcnpal\htdocs\public_html\core\app.php on line 434
[2026-07-06 19:25:28] Creation of dynamic property app::$rs_testimonial is deprecated in C:\xampp\Desktop\mdcnpal\htdocs\public_html\core\app.php on line 434
[2026-07-06 19:25:28] Creation of dynamic property app::$admin is deprecated in C:\xampp\Desktop\mdcnpal\htdocs\public_html\core\app.php on line 434
[2026-07-06 19:25:28] Undefined array key 0 in C:\xampp\Desktop\mdcnpal\htdocs\public_html\core\global_include.php on line 514
[2026-07-06 19:25:28] Creation of dynamic property app::$popup is deprecated in C:\xampp\Desktop\mdcnpal\htdocs\public_html\core\app.php on line 434
[2026-07-06 19:25:28] Undefined array key "MDRCCustID" in C:\xampp\Desktop\mdcnpal\htdocs\public_html\core\global_include.php on line 515
[2026-07-06 19:25:28] Undefined array key "MDRCToken" in C:\xampp\Desktop\mdcnpal\htdocs\public_html\core\global_include.php on line 515
[2026-07-06 19:25:28] Creation of dynamic property app::$rscategory is deprecated in C:\xampp\Desktop\mdcnpal\htdocs\public_html\core\app.php on line 434
[2026-07-06 19:25:28] Creation of dynamic property app::$rs_pages is deprecated in C:\xampp\Desktop\mdcnpal\htdocs\public_html\core\app.php on line 434
[2026-07-06 19:25:28] Creation of dynamic property app::$gs is deprecated in C:\xampp\Desktop\mdcnpal\htdocs\public_html\core\app.php on line 434
[2026-07-06 19:25:28] Undefined array key "MDRCCustID" in C:\xampp\Desktop\mdcnpal\htdocs\public_html\core\global_include.php on line 596
[2026-07-06 19:25:28] Undefined array key "MDRCCustID" in C:\xampp\Desktop\mdcnpal\htdocs\public_html\core\global_include.php on line 615
[2026-07-06 19:25:28] Undefined variable $getId in C:\xampp\Desktop\mdcnpal\htdocs\public_html\core\global_include.php on line 684
[2026-07-06 19:25:28] Undefined variable $getName in C:\xampp\Desktop\mdcnpal\htdocs\public_html\core\global_include.php on line 685
[2026-07-06 19:25:28] Undefined array key 0 in C:\xampp\Desktop\mdcnpal\htdocs\public_html\core\global_include.php on line 810
[2026-07-06 19:25:28] Creation of dynamic property app::$rs_offer_msg is deprecated in C:\xampp\Desktop\mdcnpal\htdocs\public_html\core\app.php on line 434
[2026-07-06 19:25:28] Creation of dynamic property app::$rs_for_doctors is deprecated in C:\xampp\Desktop\mdcnpal\htdocs\public_html\core\app.php on line 434
[2026-07-06 19:25:28] Creation of dynamic property app::$description is deprecated in C:\xampp\Desktop\mdcnpal\htdocs\public_html\core\app.php on line 434
[2026-07-06 19:25:28] Creation of dynamic property app::$rs_banner is deprecated in C:\xampp\Desktop\mdcnpal\htdocs\public_html\core\app.php on line 434
[2026-07-06 19:25:28] Creation of dynamic property app::$rs_item_diseases is deprecated in C:\xampp\Desktop\mdcnpal\htdocs\public_html\core\app.php on line 434
[2026-07-06 19:25:28] Creation of dynamic property app::$rs_item_home_category is deprecated in C:\xampp\Desktop\mdcnpal\htdocs\public_html\core\app.php on line 434
[2026-07-06 19:25:28] Creation of dynamic property app::$rs_item_banner_category is deprecated in C:\xampp\Desktop\mdcnpal\htdocs\public_html\core\app.php on line 434
[2026-07-06 19:25:28] Creation of dynamic property app::$rs_services is deprecated in C:\xampp\Desktop\mdcnpal\htdocs\public_html\core\app.php on line 434
[2026-07-06 19:25:28] Creation of dynamic property app::$rs_blog is deprecated in C:\xampp\Desktop\mdcnpal\htdocs\public_html\core\app.php on line 434
[2026-07-06 19:25:28] Creation of dynamic property app::$rs_category is deprecated in C:\xampp\Desktop\mdcnpal\htdocs\public_html\core\app.php on line 434
[2026-07-06 19:25:29] Creation of dynamic property app::$rs_faq_data is deprecated in C:\xampp\Desktop\mdcnpal\htdocs\public_html\core\app.php on line 434
[2026-07-06 19:25:29] Creation of dynamic property app::$rs_gallery_data is deprecated in C:\xampp\Desktop\mdcnpal\htdocs\public_html\core\app.php on line 434
[2026-07-06 19:25:29] Undefined array key "tempCityID" in C:\xampp\Desktop\mdcnpal\htdocs\public_html\includes\header.php on line 5
[2026-07-06 19:25:29] Undefined array key "items" in C:\xampp\Desktop\mdcnpal\htdocs\public_html\includes\header.php on line 16
[2026-07-06 19:25:29] Undefined array key "item_category" in C:\xampp\Desktop\mdcnpal\htdocs\public_html\includes\header.php on line 26
[2026-07-06 19:25:29] Undefined array key "item_diseases" in C:\xampp\Desktop\mdcnpal\htdocs\public_html\includes\header.php on line 33
[2026-07-06 19:25:29] Undefined property: app::$rs_cartmini in C:\xampp\Desktop\mdcnpal\htdocs\public_html\includes\header.php on line 131
[2026-07-06 19:25:29] Undefined array key "MDRCCustID" in C:\xampp\Desktop\mdcnpal\htdocs\public_html\includes\header.php on line 134
[2026-07-06 19:25:29] Undefined property: app::$rs_cartmini in C:\xampp\Desktop\mdcnpal\htdocs\public_html\includes\header.php on line 197
[2026-07-06 19:25:29] Undefined array key "MDRCCustID" in C:\xampp\Desktop\mdcnpal\htdocs\public_html\includes\header.php on line 200
[2026-07-06 19:25:29] Undefined property: app::$rs_cartmini in C:\xampp\Desktop\mdcnpal\htdocs\public_html\includes\header.php on line 469
[2026-07-06 19:25:29] Undefined array key "MDRCCustID" in C:\xampp\Desktop\mdcnpal\htdocs\public_html\includes\header.php on line 472
[2026-07-06 19:25:29] Undefined property: app::$rs_cartmini in C:\xampp\Desktop\mdcnpal\htdocs\public_html\includes\header.php on line 525
[2026-07-06 19:25:29] Undefined array key "MDRCCustID" in C:\xampp\Desktop\mdcnpal\htdocs\public_html\includes\header.php on line 528
[2026-07-06 19:25:29] Undefined property: app::$rs_customer in C:\xampp\Desktop\mdcnpal\htdocs\public_html\includes\header.php on line 712
[2026-07-06 19:25:29] Trying to access array offset on value of type null in C:\xampp\Desktop\mdcnpal\htdocs\public_html\includes\header.php on line 712
[2026-07-06 19:25:29] Undefined property: app::$rs_customer in C:\xampp\Desktop\mdcnpal\htdocs\public_html\includes\header.php on line 721
[2026-07-06 19:25:29] Trying to access array offset on value of type null in C:\xampp\Desktop\mdcnpal\htdocs\public_html\includes\header.php on line 721
[2026-07-06 19:25:29] Undefined property: app::$rs_customer in C:\xampp\Desktop\mdcnpal\htdocs\public_html\includes\header.php on line 730
[2026-07-06 19:25:29] Trying to access array offset on value of type null in C:\xampp\Desktop\mdcnpal\htdocs\public_html\includes\header.php on line 730
[2026-07-06 19:25:29] Undefined property: app::$rs_customer in C:\xampp\Desktop\mdcnpal\htdocs\public_html\includes\header.php on line 739
[2026-07-06 19:25:29] Trying to access array offset on value of type null in C:\xampp\Desktop\mdcnpal\htdocs\public_html\includes\header.php on line 739
[2026-07-06 19:25:29] Undefined property: app::$rs_customer in C:\xampp\Desktop\mdcnpal\htdocs\public_html\includes\footer.php on line 357
[2026-07-06 19:25:29] Trying to access array offset on value of type null in C:\xampp\Desktop\mdcnpal\htdocs\public_html\includes\footer.php on line 357
[2026-07-06 19:25:29] Undefined property: app::$rs_customer in C:\xampp\Desktop\mdcnpal\htdocs\public_html\includes\footer.php on line 366
[2026-07-06 19:25:29] Trying to access array offset on value of type null in C:\xampp\Desktop\mdcnpal\htdocs\public_html\includes\footer.php on line 366
[2026-07-06 19:25:29] Undefined property: app::$rs_customer in C:\xampp\Desktop\mdcnpal\htdocs\public_html\includes\footer.php on line 372
[2026-07-06 19:25:29] Trying to access array offset on value of type null in C:\xampp\Desktop\mdcnpal\htdocs\public_html\includes\footer.php on line 372
[2026-07-06 19:25:29] Undefined property: app::$rs_customer in C:\xampp\Desktop\mdcnpal\htdocs\public_html\includes\general_data.php on line 88
[2026-07-06 19:25:29] Trying to access array offset on value of type null in C:\xampp\Desktop\mdcnpal\htdocs\public_html\includes\general_data.php on line 88
[2026-07-06 19:25:29] Undefined array key "MDRCCustID" in C:\xampp\Desktop\mdcnpal\htdocs\public_html\includes\general_data.php on line 88
[2026-07-06 19:25:29] Undefined variable $tmpStr in C:\xampp\Desktop\mdcnpal\htdocs\public_html\core\app.php on line 969
[2026-07-06 19:25:35] Creation of dynamic property dbclass::$RECORD_SET is deprecated in C:\xampp\Desktop\mdcnpal\htdocs\public_html\core\dbclass.php on line 69
[2026-07-06 19:25:35] Creation of dynamic property dbclass::$app is deprecated in C:\xampp\Desktop\mdcnpal\htdocs\public_html\core\dbclass.php on line 75
[2026-07-06 19:25:35] Creation of dynamic property model::$foreign_tables is deprecated in C:\xampp\Desktop\mdcnpal\htdocs\public_html\core\model.php on line 43
[2026-07-06 19:25:35] Creation of dynamic property app::$inputfilter is deprecated in C:\xampp\Desktop\mdcnpal\htdocs\public_html\core\app.php on line 123
[2026-07-06 19:25:35] Creation of dynamic property app::$userconfig is deprecated in C:\xampp\Desktop\mdcnpal\htdocs\public_html\core\app.php on line 124
[2026-07-06 19:25:35] Creation of dynamic property app::$global_include is deprecated in C:\xampp\Desktop\mdcnpal\htdocs\public_html\core\app.php on line 125
[2026-07-06 19:25:35] Creation of dynamic property app::$set_cache_time is deprecated in C:\xampp\Desktop\mdcnpal\htdocs\public_html\core\app.php on line 153
[2026-07-06 19:25:35] Undefined variable $RESULT in C:\xampp\Desktop\mdcnpal\htdocs\public_html\scripts\ajax\selectCityUsingGoogleMapApi.php on line 69
[2026-07-06 19:25:35] Undefined variable $URL in C:\xampp\Desktop\mdcnpal\htdocs\public_html\scripts\ajax\selectCityUsingGoogleMapApi.php on line 73
[2026-07-06 19:25:39] Creation of dynamic property dbclass::$RECORD_SET is deprecated in C:\xampp\Desktop\mdcnpal\htdocs\public_html\core\dbclass.php on line 69
[2026-07-06 19:25:39] Creation of dynamic property dbclass::$app is deprecated in C:\xampp\Desktop\mdcnpal\htdocs\public_html\core\dbclass.php on line 75
[2026-07-06 19:25:39] Creation of dynamic property model::$foreign_tables is deprecated in C:\xampp\Desktop\mdcnpal\htdocs\public_html\core\model.php on line 43
[2026-07-06 19:25:39] Creation of dynamic property app::$inputfilter is deprecated in C:\xampp\Desktop\mdcnpal\htdocs\public_html\core\app.php on line 123
[2026-07-06 19:25:39] Creation of dynamic property app::$userconfig is deprecated in C:\xampp\Desktop\mdcnpal\htdocs\public_html\core\app.php on line 124
[2026-07-06 19:25:39] Creation of dynamic property app::$global_include is deprecated in C:\xampp\Desktop\mdcnpal\htdocs\public_html\core\app.php on line 125
[2026-07-06 19:25:39] Creation of dynamic property app::$set_cache_time is deprecated in C:\xampp\Desktop\mdcnpal\htdocs\public_html\core\app.php on line 153
[2026-07-06 19:25:39] Creation of dynamic property app::$meta is deprecated in C:\xampp\Desktop\mdcnpal\htdocs\public_html\core\app.php on line 434
[2026-07-06 19:25:39] Creation of dynamic property app::$rs_gs_city is deprecated in C:\xampp\Desktop\mdcnpal\htdocs\public_html\core\app.php on line 434
[2026-07-06 19:25:39] Creation of dynamic property app::$rs_footer_popular_item is deprecated in C:\xampp\Desktop\mdcnpal\htdocs\public_html\core\app.php on line 434
[2026-07-06 19:25:40] Creation of dynamic property app::$rs_footer_popular_test is deprecated in C:\xampp\Desktop\mdcnpal\htdocs\public_html\core\app.php on line 434
[2026-07-06 19:25:40] Creation of dynamic property app::$rs_testimonial is deprecated in C:\xampp\Desktop\mdcnpal\htdocs\public_html\core\app.php on line 434
[2026-07-06 19:25:40] Creation of dynamic property app::$admin is deprecated in C:\xampp\Desktop\mdcnpal\htdocs\public_html\core\app.php on line 434
[2026-07-06 19:25:40] Undefined array key 0 in C:\xampp\Desktop\mdcnpal\htdocs\public_html\core\global_include.php on line 514
[2026-07-06 19:25:40] Creation of dynamic property app::$popup is deprecated in C:\xampp\Desktop\mdcnpal\htdocs\public_html\core\app.php on line 434
[2026-07-06 19:25:40] Undefined array key "MDRCCustID" in C:\xampp\Desktop\mdcnpal\htdocs\public_html\core\global_include.php on line 515
[2026-07-06 19:25:40] Undefined array key "MDRCToken" in C:\xampp\Desktop\mdcnpal\htdocs\public_html\core\global_include.php on line 515
[2026-07-06 19:25:40] Creation of dynamic property app::$rscategory is deprecated in C:\xampp\Desktop\mdcnpal\htdocs\public_html\core\app.php on line 434
[2026-07-06 19:25:40] Creation of dynamic property app::$rs_pages is deprecated in C:\xampp\Desktop\mdcnpal\htdocs\public_html\core\app.php on line 434
[2026-07-06 19:25:40] Creation of dynamic property app::$gs is deprecated in C:\xampp\Desktop\mdcnpal\htdocs\public_html\core\app.php on line 434
[2026-07-06 19:25:40] Undefined array key "MDRCCustID" in C:\xampp\Desktop\mdcnpal\htdocs\public_html\core\global_include.php on line 596
[2026-07-06 19:25:40] Undefined array key "MDRCCustID" in C:\xampp\Desktop\mdcnpal\htdocs\public_html\core\global_include.php on line 615
[2026-07-06 19:25:40] Undefined variable $getId in C:\xampp\Desktop\mdcnpal\htdocs\public_html\core\global_include.php on line 684
[2026-07-06 19:25:40] Undefined variable $getName in C:\xampp\Desktop\mdcnpal\htdocs\public_html\core\global_include.php on line 685
[2026-07-06 19:25:40] Undefined array key 0 in C:\xampp\Desktop\mdcnpal\htdocs\public_html\core\global_include.php on line 810
[2026-07-06 19:25:40] Creation of dynamic property app::$rs_offer_msg is deprecated in C:\xampp\Desktop\mdcnpal\htdocs\public_html\core\app.php on line 434
[2026-07-06 19:25:40] Creation of dynamic property app::$rs_for_doctors is deprecated in C:\xampp\Desktop\mdcnpal\htdocs\public_html\core\app.php on line 434
[2026-07-06 19:25:40] Creation of dynamic property app::$rs_data is deprecated in C:\xampp\Desktop\mdcnpal\htdocs\public_html\core\app.php on line 434
[2026-07-06 19:25:40] Creation of dynamic property app::$rs_certi_data is deprecated in C:\xampp\Desktop\mdcnpal\htdocs\public_html\core\app.php on line 434
[2026-07-06 19:25:40] Creation of dynamic property app::$rs_key_fetures_data is deprecated in C:\xampp\Desktop\mdcnpal\htdocs\public_html\core\app.php on line 434
[2026-07-06 19:25:40] Creation of dynamic property app::$rs_banner is deprecated in C:\xampp\Desktop\mdcnpal\htdocs\public_html\core\app.php on line 434
[2026-07-06 19:25:40] Creation of dynamic property app::$rs_package_data is deprecated in C:\xampp\Desktop\mdcnpal\htdocs\public_html\core\app.php on line 434
[2026-07-06 19:25:40] Creation of dynamic property app::$city_id is deprecated in C:\xampp\Desktop\mdcnpal\htdocs\public_html\core\app.php on line 434
[2026-07-06 19:25:40] Creation of dynamic property app::$city_name is deprecated in C:\xampp\Desktop\mdcnpal\htdocs\public_html\core\app.php on line 434
[2026-07-06 19:25:40] Creation of dynamic property app::$rs_faq_data is deprecated in C:\xampp\Desktop\mdcnpal\htdocs\public_html\core\app.php on line 434
[2026-07-06 19:25:40] Undefined property: app::$rs_cartmini in C:\xampp\Desktop\mdcnpal\htdocs\public_html\includes\header.php on line 131
[2026-07-06 19:25:40] Undefined array key "MDRCCustID" in C:\xampp\Desktop\mdcnpal\htdocs\public_html\includes\header.php on line 134
[2026-07-06 19:25:40] Undefined property: app::$rs_cartmini in C:\xampp\Desktop\mdcnpal\htdocs\public_html\includes\header.php on line 197
[2026-07-06 19:25:40] Undefined array key "MDRCCustID" in C:\xampp\Desktop\mdcnpal\htdocs\public_html\includes\header.php on line 200
[2026-07-06 19:25:40] Undefined property: app::$rs_cartmini in C:\xampp\Desktop\mdcnpal\htdocs\public_html\includes\header.php on line 469
[2026-07-06 19:25:40] Undefined array key "MDRCCustID" in C:\xampp\Desktop\mdcnpal\htdocs\public_html\includes\header.php on line 472
[2026-07-06 19:25:40] Undefined property: app::$rs_cartmini in C:\xampp\Desktop\mdcnpal\htdocs\public_html\includes\header.php on line 525
[2026-07-06 19:25:40] Undefined array key "MDRCCustID" in C:\xampp\Desktop\mdcnpal\htdocs\public_html\includes\header.php on line 528
[2026-07-06 19:25:40] Undefined property: app::$rs_customer in C:\xampp\Desktop\mdcnpal\htdocs\public_html\includes\header.php on line 712
[2026-07-06 19:25:40] Trying to access array offset on value of type null in C:\xampp\Desktop\mdcnpal\htdocs\public_html\includes\header.php on line 712
[2026-07-06 19:25:40] Undefined property: app::$rs_customer in C:\xampp\Desktop\mdcnpal\htdocs\public_html\includes\header.php on line 721
[2026-07-06 19:25:40] Trying to access array offset on value of type null in C:\xampp\Desktop\mdcnpal\htdocs\public_html\includes\header.php on line 721
[2026-07-06 19:25:40] Undefined property: app::$rs_customer in C:\xampp\Desktop\mdcnpal\htdocs\public_html\includes\header.php on line 730
[2026-07-06 19:25:40] Trying to access array offset on value of type null in C:\xampp\Desktop\mdcnpal\htdocs\public_html\includes\header.php on line 730
[2026-07-06 19:25:40] Undefined property: app::$rs_customer in C:\xampp\Desktop\mdcnpal\htdocs\public_html\includes\header.php on line 739
[2026-07-06 19:25:40] Trying to access array offset on value of type null in C:\xampp\Desktop\mdcnpal\htdocs\public_html\includes\header.php on line 739
[2026-07-06 19:25:40] Undefined variable $mrpP in C:\xampp\Desktop\mdcnpal\htdocs\public_html\core\utility.php on line 7183
[2026-07-06 19:25:40] Undefined variable $disc in C:\xampp\Desktop\mdcnpal\htdocs\public_html\core\utility.php on line 7194
[2026-07-06 19:25:40] Undefined property: app::$rs_customer in C:\xampp\Desktop\mdcnpal\htdocs\public_html\includes\footer.php on line 357
[2026-07-06 19:25:40] Trying to access array offset on value of type null in C:\xampp\Desktop\mdcnpal\htdocs\public_html\includes\footer.php on line 357
[2026-07-06 19:25:40] Undefined property: app::$rs_customer in C:\xampp\Desktop\mdcnpal\htdocs\public_html\includes\footer.php on line 366
[2026-07-06 19:25:40] Trying to access array offset on value of type null in C:\xampp\Desktop\mdcnpal\htdocs\public_html\includes\footer.php on line 366
[2026-07-06 19:25:40] Undefined property: app::$rs_customer in C:\xampp\Desktop\mdcnpal\htdocs\public_html\includes\footer.php on line 372
[2026-07-06 19:25:40] Trying to access array offset on value of type null in C:\xampp\Desktop\mdcnpal\htdocs\public_html\includes\footer.php on line 372
[2026-07-06 19:25:40] Undefined property: app::$rs_customer in C:\xampp\Desktop\mdcnpal\htdocs\public_html\includes\general_data.php on line 88
[2026-07-06 19:25:40] Trying to access array offset on value of type null in C:\xampp\Desktop\mdcnpal\htdocs\public_html\includes\general_data.php on line 88
[2026-07-06 19:25:40] Undefined array key "MDRCCustID" in C:\xampp\Desktop\mdcnpal\htdocs\public_html\includes\general_data.php on line 88
[2026-07-06 19:25:40] Undefined variable $tmpStr in C:\xampp\Desktop\mdcnpal\htdocs\public_html\core\app.php on line 969
[2026-07-06 19:25:43] Creation of dynamic property dbclass::$RECORD_SET is deprecated in C:\xampp\Desktop\mdcnpal\htdocs\public_html\core\dbclass.php on line 69
[2026-07-06 19:25:43] Creation of dynamic property dbclass::$app is deprecated in C:\xampp\Desktop\mdcnpal\htdocs\public_html\core\dbclass.php on line 75
[2026-07-06 19:25:43] Creation of dynamic property model::$foreign_tables is deprecated in C:\xampp\Desktop\mdcnpal\htdocs\public_html\core\model.php on line 43
[2026-07-06 19:25:43] Creation of dynamic property app::$inputfilter is deprecated in C:\xampp\Desktop\mdcnpal\htdocs\public_html\core\app.php on line 123
[2026-07-06 19:25:43] Creation of dynamic property app::$userconfig is deprecated in C:\xampp\Desktop\mdcnpal\htdocs\public_html\core\app.php on line 124
[2026-07-06 19:25:43] Creation of dynamic property app::$global_include is deprecated in C:\xampp\Desktop\mdcnpal\htdocs\public_html\core\app.php on line 125
[2026-07-06 19:25:43] Creation of dynamic property app::$set_cache_time is deprecated in C:\xampp\Desktop\mdcnpal\htdocs\public_html\core\app.php on line 153
[2026-07-06 19:25:43] Undefined variable $RESULT in C:\xampp\Desktop\mdcnpal\htdocs\public_html\scripts\ajax\selectCityUsingGoogleMapApi.php on line 69
[2026-07-06 19:25:43] Undefined variable $URL in C:\xampp\Desktop\mdcnpal\htdocs\public_html\scripts\ajax\selectCityUsingGoogleMapApi.php on line 73
[2026-07-06 19:25:43] Creation of dynamic property dbclass::$RECORD_SET is deprecated in C:\xampp\Desktop\mdcnpal\htdocs\public_html\core\dbclass.php on line 69
[2026-07-06 19:25:43] Creation of dynamic property dbclass::$app is deprecated in C:\xampp\Desktop\mdcnpal\htdocs\public_html\core\dbclass.php on line 75
[2026-07-06 19:25:43] Creation of dynamic property model::$foreign_tables is deprecated in C:\xampp\Desktop\mdcnpal\htdocs\public_html\core\model.php on line 43
[2026-07-06 19:25:43] Creation of dynamic property app::$inputfilter is deprecated in C:\xampp\Desktop\mdcnpal\htdocs\public_html\core\app.php on line 123
[2026-07-06 19:25:43] Creation of dynamic property app::$userconfig is deprecated in C:\xampp\Desktop\mdcnpal\htdocs\public_html\core\app.php on line 124
[2026-07-06 19:25:43] Creation of dynamic property app::$global_include is deprecated in C:\xampp\Desktop\mdcnpal\htdocs\public_html\core\app.php on line 125
[2026-07-06 19:25:43] Creation of dynamic property app::$set_cache_time is deprecated in C:\xampp\Desktop\mdcnpal\htdocs\public_html\core\app.php on line 153
[2026-07-06 19:25:43] Creation of dynamic property app::$meta is deprecated in C:\xampp\Desktop\mdcnpal\htdocs\public_html\core\app.php on line 434
[2026-07-06 19:25:43] Creation of dynamic property app::$rs_gs_city is deprecated in C:\xampp\Desktop\mdcnpal\htdocs\public_html\core\app.php on line 434
[2026-07-06 19:25:43] Creation of dynamic property app::$rs_footer_popular_item is deprecated in C:\xampp\Desktop\mdcnpal\htdocs\public_html\core\app.php on line 434
[2026-07-06 19:25:43] Creation of dynamic property app::$rs_footer_popular_test is deprecated in C:\xampp\Desktop\mdcnpal\htdocs\public_html\core\app.php on line 434
[2026-07-06 19:25:43] Creation of dynamic property app::$rs_testimonial is deprecated in C:\xampp\Desktop\mdcnpal\htdocs\public_html\core\app.php on line 434
[2026-07-06 19:25:43] Creation of dynamic property app::$admin is deprecated in C:\xampp\Desktop\mdcnpal\htdocs\public_html\core\app.php on line 434
[2026-07-06 19:25:43] Undefined array key 0 in C:\xampp\Desktop\mdcnpal\htdocs\public_html\core\global_include.php on line 514
[2026-07-06 19:25:43] Creation of dynamic property app::$popup is deprecated in C:\xampp\Desktop\mdcnpal\htdocs\public_html\core\app.php on line 434
[2026-07-06 19:25:43] Undefined array key "MDRCCustID" in C:\xampp\Desktop\mdcnpal\htdocs\public_html\core\global_include.php on line 515
[2026-07-06 19:25:43] Undefined array key "MDRCToken" in C:\xampp\Desktop\mdcnpal\htdocs\public_html\core\global_include.php on line 515
[2026-07-06 19:25:43] Creation of dynamic property app::$rscategory is deprecated in C:\xampp\Desktop\mdcnpal\htdocs\public_html\core\app.php on line 434
[2026-07-06 19:25:43] Creation of dynamic property app::$rs_pages is deprecated in C:\xampp\Desktop\mdcnpal\htdocs\public_html\core\app.php on line 434
[2026-07-06 19:25:43] Creation of dynamic property app::$gs is deprecated in C:\xampp\Desktop\mdcnpal\htdocs\public_html\core\app.php on line 434
[2026-07-06 19:25:43] Undefined array key "MDRCCustID" in C:\xampp\Desktop\mdcnpal\htdocs\public_html\core\global_include.php on line 596
[2026-07-06 19:25:43] Undefined array key "MDRCCustID" in C:\xampp\Desktop\mdcnpal\htdocs\public_html\core\global_include.php on line 615
[2026-07-06 19:25:43] Undefined variable $getId in C:\xampp\Desktop\mdcnpal\htdocs\public_html\core\global_include.php on line 684
[2026-07-06 19:25:43] Undefined variable $getName in C:\xampp\Desktop\mdcnpal\htdocs\public_html\core\global_include.php on line 685
[2026-07-06 19:25:43] Undefined array key 0 in C:\xampp\Desktop\mdcnpal\htdocs\public_html\core\global_include.php on line 810
[2026-07-06 19:25:43] Creation of dynamic property app::$rs_offer_msg is deprecated in C:\xampp\Desktop\mdcnpal\htdocs\public_html\core\app.php on line 434
[2026-07-06 19:25:43] Creation of dynamic property app::$rs_for_doctors is deprecated in C:\xampp\Desktop\mdcnpal\htdocs\public_html\core\app.php on line 434
[2026-07-06 19:25:43] Creation of dynamic property app::$description is deprecated in C:\xampp\Desktop\mdcnpal\htdocs\public_html\core\app.php on line 434
[2026-07-06 19:25:43] Creation of dynamic property app::$rs_banner is deprecated in C:\xampp\Desktop\mdcnpal\htdocs\public_html\core\app.php on line 434
[2026-07-06 19:25:43] Creation of dynamic property app::$rs_item_diseases is deprecated in C:\xampp\Desktop\mdcnpal\htdocs\public_html\core\app.php on line 434
[2026-07-06 19:25:43] Creation of dynamic property app::$rs_item_home_category is deprecated in C:\xampp\Desktop\mdcnpal\htdocs\public_html\core\app.php on line 434
[2026-07-06 19:25:43] Creation of dynamic property app::$rs_item_banner_category is deprecated in C:\xampp\Desktop\mdcnpal\htdocs\public_html\core\app.php on line 434
[2026-07-06 19:25:43] Creation of dynamic property app::$rs_services is deprecated in C:\xampp\Desktop\mdcnpal\htdocs\public_html\core\app.php on line 434
[2026-07-06 19:25:43] Creation of dynamic property app::$rs_blog is deprecated in C:\xampp\Desktop\mdcnpal\htdocs\public_html\core\app.php on line 434
[2026-07-06 19:25:43] Creation of dynamic property app::$rs_category is deprecated in C:\xampp\Desktop\mdcnpal\htdocs\public_html\core\app.php on line 434
[2026-07-06 19:25:43] Creation of dynamic property app::$rs_faq_data is deprecated in C:\xampp\Desktop\mdcnpal\htdocs\public_html\core\app.php on line 434
[2026-07-06 19:25:43] Creation of dynamic property app::$rs_gallery_data is deprecated in C:\xampp\Desktop\mdcnpal\htdocs\public_html\core\app.php on line 434
[2026-07-06 19:25:43] Undefined property: app::$rs_cartmini in C:\xampp\Desktop\mdcnpal\htdocs\public_html\includes\header.php on line 131
[2026-07-06 19:25:43] Undefined array key "MDRCCustID" in C:\xampp\Desktop\mdcnpal\htdocs\public_html\includes\header.php on line 134
[2026-07-06 19:25:43] Undefined property: app::$rs_cartmini in C:\xampp\Desktop\mdcnpal\htdocs\public_html\includes\header.php on line 197
[2026-07-06 19:25:43] Undefined array key "MDRCCustID" in C:\xampp\Desktop\mdcnpal\htdocs\public_html\includes\header.php on line 200
[2026-07-06 19:25:43] Undefined property: app::$rs_cartmini in C:\xampp\Desktop\mdcnpal\htdocs\public_html\includes\header.php on line 469
[2026-07-06 19:25:43] Undefined array key "MDRCCustID" in C:\xampp\Desktop\mdcnpal\htdocs\public_html\includes\header.php on line 472
[2026-07-06 19:25:43] Undefined property: app::$rs_cartmini in C:\xampp\Desktop\mdcnpal\htdocs\public_html\includes\header.php on line 525
[2026-07-06 19:25:43] Undefined array key "MDRCCustID" in C:\xampp\Desktop\mdcnpal\htdocs\public_html\includes\header.php on line 528
[2026-07-06 19:25:43] Undefined property: app::$rs_customer in C:\xampp\Desktop\mdcnpal\htdocs\public_html\includes\header.php on line 712
[2026-07-06 19:25:43] Trying to access array offset on value of type null in C:\xampp\Desktop\mdcnpal\htdocs\public_html\includes\header.php on line 712
[2026-07-06 19:25:43] Undefined property: app::$rs_customer in C:\xampp\Desktop\mdcnpal\htdocs\public_html\includes\header.php on line 721
[2026-07-06 19:25:43] Trying to access array offset on value of type null in C:\xampp\Desktop\mdcnpal\htdocs\public_html\includes\header.php on line 721
[2026-07-06 19:25:43] Undefined property: app::$rs_customer in C:\xampp\Desktop\mdcnpal\htdocs\public_html\includes\header.php on line 730
[2026-07-06 19:25:43] Trying to access array offset on value of type null in C:\xampp\Desktop\mdcnpal\htdocs\public_html\includes\header.php on line 730
[2026-07-06 19:25:43] Undefined property: app::$rs_customer in C:\xampp\Desktop\mdcnpal\htdocs\public_html\includes\header.php on line 739
[2026-07-06 19:25:43] Trying to access array offset on value of type null in C:\xampp\Desktop\mdcnpal\htdocs\public_html\includes\header.php on line 739
[2026-07-06 19:25:44] Undefined property: app::$rs_customer in C:\xampp\Desktop\mdcnpal\htdocs\public_html\includes\footer.php on line 357
[2026-07-06 19:25:44] Trying to access array offset on value of type null in C:\xampp\Desktop\mdcnpal\htdocs\public_html\includes\footer.php on line 357
[2026-07-06 19:25:44] Undefined property: app::$rs_customer in C:\xampp\Desktop\mdcnpal\htdocs\public_html\includes\footer.php on line 366
[2026-07-06 19:25:44] Trying to access array offset on value of type null in C:\xampp\Desktop\mdcnpal\htdocs\public_html\includes\footer.php on line 366
[2026-07-06 19:25:44] Undefined property: app::$rs_customer in C:\xampp\Desktop\mdcnpal\htdocs\public_html\includes\footer.php on line 372
[2026-07-06 19:25:44] Trying to access array offset on value of type null in C:\xampp\Desktop\mdcnpal\htdocs\public_html\includes\footer.php on line 372
[2026-07-06 19:25:44] Undefined property: app::$rs_customer in C:\xampp\Desktop\mdcnpal\htdocs\public_html\includes\general_data.php on line 88
[2026-07-06 19:25:44] Trying to access array offset on value of type null in C:\xampp\Desktop\mdcnpal\htdocs\public_html\includes\general_data.php on line 88
[2026-07-06 19:25:44] Undefined array key "MDRCCustID" in C:\xampp\Desktop\mdcnpal\htdocs\public_html\includes\general_data.php on line 88
[2026-07-06 19:25:44] Undefined variable $tmpStr in C:\xampp\Desktop\mdcnpal\htdocs\public_html\core\app.php on line 969
[2026-07-06 19:25:49] Creation of dynamic property dbclass::$RECORD_SET is deprecated in C:\xampp\Desktop\mdcnpal\htdocs\public_html\core\dbclass.php on line 69
[2026-07-06 19:25:49] Creation of dynamic property dbclass::$app is deprecated in C:\xampp\Desktop\mdcnpal\htdocs\public_html\core\dbclass.php on line 75
[2026-07-06 19:25:49] Creation of dynamic property model::$foreign_tables is deprecated in C:\xampp\Desktop\mdcnpal\htdocs\public_html\core\model.php on line 43
[2026-07-06 19:25:49] Creation of dynamic property app::$inputfilter is deprecated in C:\xampp\Desktop\mdcnpal\htdocs\public_html\core\app.php on line 123
[2026-07-06 19:25:49] Creation of dynamic property app::$userconfig is deprecated in C:\xampp\Desktop\mdcnpal\htdocs\public_html\core\app.php on line 124
[2026-07-06 19:25:49] Creation of dynamic property app::$global_include is deprecated in C:\xampp\Desktop\mdcnpal\htdocs\public_html\core\app.php on line 125
[2026-07-06 19:25:49] Creation of dynamic property app::$set_cache_time is deprecated in C:\xampp\Desktop\mdcnpal\htdocs\public_html\core\app.php on line 153
[2026-07-06 19:25:49] Undefined variable $RESULT in C:\xampp\Desktop\mdcnpal\htdocs\public_html\scripts\ajax\selectCityUsingGoogleMapApi.php on line 69
[2026-07-06 19:25:49] Undefined variable $URL in C:\xampp\Desktop\mdcnpal\htdocs\public_html\scripts\ajax\selectCityUsingGoogleMapApi.php on line 73
[2026-07-06 19:27:24] Creation of dynamic property dbclass::$RECORD_SET is deprecated in C:\xampp\Desktop\mdcnpal\htdocs\public_html\core\dbclass.php on line 69
[2026-07-06 19:27:24] Creation of dynamic property dbclass::$app is deprecated in C:\xampp\Desktop\mdcnpal\htdocs\public_html\core\dbclass.php on line 75
[2026-07-06 19:27:24] Creation of dynamic property model::$foreign_tables is deprecated in C:\xampp\Desktop\mdcnpal\htdocs\public_html\core\model.php on line 43
[2026-07-06 19:27:24] Creation of dynamic property app::$inputfilter is deprecated in C:\xampp\Desktop\mdcnpal\htdocs\public_html\core\app.php on line 123
[2026-07-06 19:27:24] Creation of dynamic property app::$userconfig is deprecated in C:\xampp\Desktop\mdcnpal\htdocs\public_html\core\app.php on line 124
[2026-07-06 19:27:24] Creation of dynamic property app::$global_include is deprecated in C:\xampp\Desktop\mdcnpal\htdocs\public_html\core\app.php on line 125
[2026-07-06 19:27:24] Creation of dynamic property app::$set_cache_time is deprecated in C:\xampp\Desktop\mdcnpal\htdocs\public_html\core\app.php on line 153
[2026-07-06 19:27:24] Undefined array key "cityID" in C:\xampp\Desktop\mdcnpal\htdocs\public_html\core\global_include.php on line 381
[2026-07-06 19:27:24] Undefined array key "cityID" in C:\xampp\Desktop\mdcnpal\htdocs\public_html\core\global_include.php on line 416
[2026-07-06 19:27:24] Creation of dynamic property app::$meta is deprecated in C:\xampp\Desktop\mdcnpal\htdocs\public_html\core\app.php on line 434
[2026-07-06 19:27:25] Creation of dynamic property app::$rs_gs_city is deprecated in C:\xampp\Desktop\mdcnpal\htdocs\public_html\core\app.php on line 434
[2026-07-06 19:27:25] Undefined array key "cityID" in C:\xampp\Desktop\mdcnpal\htdocs\public_html\core\global_include.php on line 468
[2026-07-06 19:27:25] Creation of dynamic property app::$rs_footer_popular_item is deprecated in C:\xampp\Desktop\mdcnpal\htdocs\public_html\core\app.php on line 434
[2026-07-06 19:27:25] Creation of dynamic property app::$rs_footer_popular_test is deprecated in C:\xampp\Desktop\mdcnpal\htdocs\public_html\core\app.php on line 434
[2026-07-06 19:27:25] Creation of dynamic property app::$rs_testimonial is deprecated in C:\xampp\Desktop\mdcnpal\htdocs\public_html\core\app.php on line 434
[2026-07-06 19:27:25] Creation of dynamic property app::$admin is deprecated in C:\xampp\Desktop\mdcnpal\htdocs\public_html\core\app.php on line 434
[2026-07-06 19:27:25] Undefined array key 0 in C:\xampp\Desktop\mdcnpal\htdocs\public_html\core\global_include.php on line 514
[2026-07-06 19:27:25] Creation of dynamic property app::$popup is deprecated in C:\xampp\Desktop\mdcnpal\htdocs\public_html\core\app.php on line 434
[2026-07-06 19:27:25] Undefined array key "MDRCCustID" in C:\xampp\Desktop\mdcnpal\htdocs\public_html\core\global_include.php on line 515
[2026-07-06 19:27:25] Undefined array key "MDRCToken" in C:\xampp\Desktop\mdcnpal\htdocs\public_html\core\global_include.php on line 515
[2026-07-06 19:27:25] Creation of dynamic property app::$rscategory is deprecated in C:\xampp\Desktop\mdcnpal\htdocs\public_html\core\app.php on line 434
[2026-07-06 19:27:25] Creation of dynamic property app::$rs_pages is deprecated in C:\xampp\Desktop\mdcnpal\htdocs\public_html\core\app.php on line 434
[2026-07-06 19:27:25] Creation of dynamic property app::$gs is deprecated in C:\xampp\Desktop\mdcnpal\htdocs\public_html\core\app.php on line 434
[2026-07-06 19:27:25] Undefined array key "MDRCCustID" in C:\xampp\Desktop\mdcnpal\htdocs\public_html\core\global_include.php on line 596
[2026-07-06 19:27:25] Undefined array key "MDRCCustID" in C:\xampp\Desktop\mdcnpal\htdocs\public_html\core\global_include.php on line 615
[2026-07-06 19:27:25] Undefined variable $getId in C:\xampp\Desktop\mdcnpal\htdocs\public_html\core\global_include.php on line 684
[2026-07-06 19:27:25] Undefined variable $getName in C:\xampp\Desktop\mdcnpal\htdocs\public_html\core\global_include.php on line 685
[2026-07-06 19:27:25] Undefined array key 0 in C:\xampp\Desktop\mdcnpal\htdocs\public_html\core\global_include.php on line 810
[2026-07-06 19:27:25] Creation of dynamic property app::$rs_offer_msg is deprecated in C:\xampp\Desktop\mdcnpal\htdocs\public_html\core\app.php on line 434
[2026-07-06 19:27:25] Creation of dynamic property app::$rs_for_doctors is deprecated in C:\xampp\Desktop\mdcnpal\htdocs\public_html\core\app.php on line 434
[2026-07-06 19:27:25] Creation of dynamic property app::$description is deprecated in C:\xampp\Desktop\mdcnpal\htdocs\public_html\core\app.php on line 434
[2026-07-06 19:27:25] Creation of dynamic property app::$rs_banner is deprecated in C:\xampp\Desktop\mdcnpal\htdocs\public_html\core\app.php on line 434
[2026-07-06 19:27:25] Creation of dynamic property app::$rs_item_diseases is deprecated in C:\xampp\Desktop\mdcnpal\htdocs\public_html\core\app.php on line 434
[2026-07-06 19:27:25] Creation of dynamic property app::$rs_item_home_category is deprecated in C:\xampp\Desktop\mdcnpal\htdocs\public_html\core\app.php on line 434
[2026-07-06 19:27:25] Creation of dynamic property app::$rs_item_banner_category is deprecated in C:\xampp\Desktop\mdcnpal\htdocs\public_html\core\app.php on line 434
[2026-07-06 19:27:25] Creation of dynamic property app::$rs_services is deprecated in C:\xampp\Desktop\mdcnpal\htdocs\public_html\core\app.php on line 434
[2026-07-06 19:27:25] Creation of dynamic property app::$rs_blog is deprecated in C:\xampp\Desktop\mdcnpal\htdocs\public_html\core\app.php on line 434
[2026-07-06 19:27:25] Creation of dynamic property app::$rs_category is deprecated in C:\xampp\Desktop\mdcnpal\htdocs\public_html\core\app.php on line 434
[2026-07-06 19:27:25] Creation of dynamic property app::$rs_faq_data is deprecated in C:\xampp\Desktop\mdcnpal\htdocs\public_html\core\app.php on line 434
[2026-07-06 19:27:25] Creation of dynamic property app::$rs_gallery_data is deprecated in C:\xampp\Desktop\mdcnpal\htdocs\public_html\core\app.php on line 434
[2026-07-06 19:27:25] Undefined array key "tempCityID" in C:\xampp\Desktop\mdcnpal\htdocs\public_html\includes\header.php on line 5
[2026-07-06 19:27:25] Undefined array key "items" in C:\xampp\Desktop\mdcnpal\htdocs\public_html\includes\header.php on line 16
[2026-07-06 19:27:25] Undefined array key "item_category" in C:\xampp\Desktop\mdcnpal\htdocs\public_html\includes\header.php on line 26
[2026-07-06 19:27:25] Undefined array key "item_diseases" in C:\xampp\Desktop\mdcnpal\htdocs\public_html\includes\header.php on line 33
[2026-07-06 19:27:25] Undefined property: app::$rs_cartmini in C:\xampp\Desktop\mdcnpal\htdocs\public_html\includes\header.php on line 131
[2026-07-06 19:27:25] Undefined array key "MDRCCustID" in C:\xampp\Desktop\mdcnpal\htdocs\public_html\includes\header.php on line 134
[2026-07-06 19:27:25] Undefined property: app::$rs_cartmini in C:\xampp\Desktop\mdcnpal\htdocs\public_html\includes\header.php on line 197
[2026-07-06 19:27:25] Undefined array key "MDRCCustID" in C:\xampp\Desktop\mdcnpal\htdocs\public_html\includes\header.php on line 200
[2026-07-06 19:27:25] Undefined property: app::$rs_cartmini in C:\xampp\Desktop\mdcnpal\htdocs\public_html\includes\header.php on line 469
[2026-07-06 19:27:25] Undefined array key "MDRCCustID" in C:\xampp\Desktop\mdcnpal\htdocs\public_html\includes\header.php on line 472
[2026-07-06 19:27:25] Undefined property: app::$rs_cartmini in C:\xampp\Desktop\mdcnpal\htdocs\public_html\includes\header.php on line 525
[2026-07-06 19:27:25] Undefined array key "MDRCCustID" in C:\xampp\Desktop\mdcnpal\htdocs\public_html\includes\header.php on line 528
[2026-07-06 19:27:25] Undefined property: app::$rs_customer in C:\xampp\Desktop\mdcnpal\htdocs\public_html\includes\header.php on line 712
[2026-07-06 19:27:25] Trying to access array offset on value of type null in C:\xampp\Desktop\mdcnpal\htdocs\public_html\includes\header.php on line 712
[2026-07-06 19:27:25] Undefined property: app::$rs_customer in C:\xampp\Desktop\mdcnpal\htdocs\public_html\includes\header.php on line 721
[2026-07-06 19:27:25] Trying to access array offset on value of type null in C:\xampp\Desktop\mdcnpal\htdocs\public_html\includes\header.php on line 721
[2026-07-06 19:27:25] Undefined property: app::$rs_customer in C:\xampp\Desktop\mdcnpal\htdocs\public_html\includes\header.php on line 730
[2026-07-06 19:27:25] Trying to access array offset on value of type null in C:\xampp\Desktop\mdcnpal\htdocs\public_html\includes\header.php on line 730
[2026-07-06 19:27:25] Undefined property: app::$rs_customer in C:\xampp\Desktop\mdcnpal\htdocs\public_html\includes\header.php on line 739
[2026-07-06 19:27:25] Trying to access array offset on value of type null in C:\xampp\Desktop\mdcnpal\htdocs\public_html\includes\header.php on line 739
[2026-07-06 19:27:25] Undefined property: app::$rs_customer in C:\xampp\Desktop\mdcnpal\htdocs\public_html\includes\footer.php on line 357
[2026-07-06 19:27:25] Trying to access array offset on value of type null in C:\xampp\Desktop\mdcnpal\htdocs\public_html\includes\footer.php on line 357
[2026-07-06 19:27:25] Undefined property: app::$rs_customer in C:\xampp\Desktop\mdcnpal\htdocs\public_html\includes\footer.php on line 366
[2026-07-06 19:27:25] Trying to access array offset on value of type null in C:\xampp\Desktop\mdcnpal\htdocs\public_html\includes\footer.php on line 366
[2026-07-06 19:27:25] Undefined property: app::$rs_customer in C:\xampp\Desktop\mdcnpal\htdocs\public_html\includes\footer.php on line 372
[2026-07-06 19:27:25] Trying to access array offset on value of type null in C:\xampp\Desktop\mdcnpal\htdocs\public_html\includes\footer.php on line 372
[2026-07-06 19:27:25] Undefined property: app::$rs_customer in C:\xampp\Desktop\mdcnpal\htdocs\public_html\includes\general_data.php on line 88
[2026-07-06 19:27:25] Trying to access array offset on value of type null in C:\xampp\Desktop\mdcnpal\htdocs\public_html\includes\general_data.php on line 88
[2026-07-06 19:27:25] Undefined array key "MDRCCustID" in C:\xampp\Desktop\mdcnpal\htdocs\public_html\includes\general_data.php on line 88
[2026-07-06 19:27:25] Undefined variable $tmpStr in C:\xampp\Desktop\mdcnpal\htdocs\public_html\core\app.php on line 969
[2026-07-06 19:27:31] Creation of dynamic property dbclass::$RECORD_SET is deprecated in C:\xampp\Desktop\mdcnpal\htdocs\public_html\core\dbclass.php on line 69
[2026-07-06 19:27:31] Creation of dynamic property dbclass::$app is deprecated in C:\xampp\Desktop\mdcnpal\htdocs\public_html\core\dbclass.php on line 75
[2026-07-06 19:27:31] Creation of dynamic property model::$foreign_tables is deprecated in C:\xampp\Desktop\mdcnpal\htdocs\public_html\core\model.php on line 43
[2026-07-06 19:27:31] Creation of dynamic property app::$inputfilter is deprecated in C:\xampp\Desktop\mdcnpal\htdocs\public_html\core\app.php on line 123
[2026-07-06 19:27:31] Creation of dynamic property app::$userconfig is deprecated in C:\xampp\Desktop\mdcnpal\htdocs\public_html\core\app.php on line 124
[2026-07-06 19:27:31] Creation of dynamic property app::$global_include is deprecated in C:\xampp\Desktop\mdcnpal\htdocs\public_html\core\app.php on line 125
[2026-07-06 19:27:31] Creation of dynamic property app::$set_cache_time is deprecated in C:\xampp\Desktop\mdcnpal\htdocs\public_html\core\app.php on line 153
[2026-07-06 19:27:31] Undefined variable $RESULT in C:\xampp\Desktop\mdcnpal\htdocs\public_html\scripts\ajax\selectCityUsingGoogleMapApi.php on line 69
[2026-07-06 19:27:31] Undefined variable $URL in C:\xampp\Desktop\mdcnpal\htdocs\public_html\scripts\ajax\selectCityUsingGoogleMapApi.php on line 73
[2026-07-06 19:29:04] Creation of dynamic property dbclass::$RECORD_SET is deprecated in C:\xampp\Desktop\mdcnpal\htdocs\public_html\core\dbclass.php on line 69
[2026-07-06 19:29:04] Creation of dynamic property dbclass::$app is deprecated in C:\xampp\Desktop\mdcnpal\htdocs\public_html\core\dbclass.php on line 75
[2026-07-06 19:29:04] Creation of dynamic property model::$foreign_tables is deprecated in C:\xampp\Desktop\mdcnpal\htdocs\public_html\core\model.php on line 43
[2026-07-06 19:29:04] Creation of dynamic property app::$inputfilter is deprecated in C:\xampp\Desktop\mdcnpal\htdocs\public_html\core\app.php on line 123
[2026-07-06 19:29:04] Creation of dynamic property app::$userconfig is deprecated in C:\xampp\Desktop\mdcnpal\htdocs\public_html\core\app.php on line 124
[2026-07-06 19:29:04] Creation of dynamic property app::$global_include is deprecated in C:\xampp\Desktop\mdcnpal\htdocs\public_html\core\app.php on line 125
[2026-07-06 19:29:04] Creation of dynamic property app::$set_cache_time is deprecated in C:\xampp\Desktop\mdcnpal\htdocs\public_html\core\app.php on line 153
[2026-07-06 19:29:04] Creation of dynamic property app::$meta is deprecated in C:\xampp\Desktop\mdcnpal\htdocs\public_html\core\app.php on line 434
[2026-07-06 19:29:04] Creation of dynamic property app::$rs_gs_city is deprecated in C:\xampp\Desktop\mdcnpal\htdocs\public_html\core\app.php on line 434
[2026-07-06 19:29:04] Creation of dynamic property app::$rs_footer_popular_item is deprecated in C:\xampp\Desktop\mdcnpal\htdocs\public_html\core\app.php on line 434
[2026-07-06 19:29:05] Creation of dynamic property app::$rs_footer_popular_test is deprecated in C:\xampp\Desktop\mdcnpal\htdocs\public_html\core\app.php on line 434
[2026-07-06 19:29:05] Creation of dynamic property app::$rs_testimonial is deprecated in C:\xampp\Desktop\mdcnpal\htdocs\public_html\core\app.php on line 434
[2026-07-06 19:29:05] Creation of dynamic property app::$admin is deprecated in C:\xampp\Desktop\mdcnpal\htdocs\public_html\core\app.php on line 434
[2026-07-06 19:29:05] Undefined array key 0 in C:\xampp\Desktop\mdcnpal\htdocs\public_html\core\global_include.php on line 514
[2026-07-06 19:29:05] Creation of dynamic property app::$popup is deprecated in C:\xampp\Desktop\mdcnpal\htdocs\public_html\core\app.php on line 434
[2026-07-06 19:29:05] Undefined array key "MDRCCustID" in C:\xampp\Desktop\mdcnpal\htdocs\public_html\core\global_include.php on line 515
[2026-07-06 19:29:05] Undefined array key "MDRCToken" in C:\xampp\Desktop\mdcnpal\htdocs\public_html\core\global_include.php on line 515
[2026-07-06 19:29:05] Creation of dynamic property app::$rscategory is deprecated in C:\xampp\Desktop\mdcnpal\htdocs\public_html\core\app.php on line 434
[2026-07-06 19:29:05] Creation of dynamic property app::$rs_pages is deprecated in C:\xampp\Desktop\mdcnpal\htdocs\public_html\core\app.php on line 434
[2026-07-06 19:29:05] Creation of dynamic property app::$gs is deprecated in C:\xampp\Desktop\mdcnpal\htdocs\public_html\core\app.php on line 434
[2026-07-06 19:29:05] Undefined array key "MDRCCustID" in C:\xampp\Desktop\mdcnpal\htdocs\public_html\core\global_include.php on line 596
[2026-07-06 19:29:05] Undefined array key "MDRCCustID" in C:\xampp\Desktop\mdcnpal\htdocs\public_html\core\global_include.php on line 615
[2026-07-06 19:29:05] Undefined variable $getId in C:\xampp\Desktop\mdcnpal\htdocs\public_html\core\global_include.php on line 684
[2026-07-06 19:29:05] Undefined variable $getName in C:\xampp\Desktop\mdcnpal\htdocs\public_html\core\global_include.php on line 685
[2026-07-06 19:29:05] Undefined array key 0 in C:\xampp\Desktop\mdcnpal\htdocs\public_html\core\global_include.php on line 810
[2026-07-06 19:29:05] Creation of dynamic property app::$rs_offer_msg is deprecated in C:\xampp\Desktop\mdcnpal\htdocs\public_html\core\app.php on line 434
[2026-07-06 19:29:05] Creation of dynamic property app::$rs_for_doctors is deprecated in C:\xampp\Desktop\mdcnpal\htdocs\public_html\core\app.php on line 434
[2026-07-06 19:29:05] Undefined property: app::$rs_cartmini in C:\xampp\Desktop\mdcnpal\htdocs\public_html\includes\header.php on line 131
[2026-07-06 19:29:05] Undefined array key "MDRCCustID" in C:\xampp\Desktop\mdcnpal\htdocs\public_html\includes\header.php on line 134
[2026-07-06 19:29:05] Undefined property: app::$rs_cartmini in C:\xampp\Desktop\mdcnpal\htdocs\public_html\includes\header.php on line 197
[2026-07-06 19:29:05] Undefined array key "MDRCCustID" in C:\xampp\Desktop\mdcnpal\htdocs\public_html\includes\header.php on line 200
[2026-07-06 19:29:05] Undefined property: app::$rs_cartmini in C:\xampp\Desktop\mdcnpal\htdocs\public_html\includes\header.php on line 469
[2026-07-06 19:29:05] Undefined array key "MDRCCustID" in C:\xampp\Desktop\mdcnpal\htdocs\public_html\includes\header.php on line 472
[2026-07-06 19:29:05] Undefined property: app::$rs_cartmini in C:\xampp\Desktop\mdcnpal\htdocs\public_html\includes\header.php on line 525
[2026-07-06 19:29:05] Undefined array key "MDRCCustID" in C:\xampp\Desktop\mdcnpal\htdocs\public_html\includes\header.php on line 528
[2026-07-06 19:29:05] Undefined property: app::$rs_customer in C:\xampp\Desktop\mdcnpal\htdocs\public_html\includes\header.php on line 712
[2026-07-06 19:29:05] Trying to access array offset on value of type null in C:\xampp\Desktop\mdcnpal\htdocs\public_html\includes\header.php on line 712
[2026-07-06 19:29:05] Undefined property: app::$rs_customer in C:\xampp\Desktop\mdcnpal\htdocs\public_html\includes\header.php on line 721
[2026-07-06 19:29:05] Trying to access array offset on value of type null in C:\xampp\Desktop\mdcnpal\htdocs\public_html\includes\header.php on line 721
[2026-07-06 19:29:05] Undefined property: app::$rs_customer in C:\xampp\Desktop\mdcnpal\htdocs\public_html\includes\header.php on line 730
[2026-07-06 19:29:05] Trying to access array offset on value of type null in C:\xampp\Desktop\mdcnpal\htdocs\public_html\includes\header.php on line 730
[2026-07-06 19:29:05] Undefined property: app::$rs_customer in C:\xampp\Desktop\mdcnpal\htdocs\public_html\includes\header.php on line 739
[2026-07-06 19:29:05] Trying to access array offset on value of type null in C:\xampp\Desktop\mdcnpal\htdocs\public_html\includes\header.php on line 739
[2026-07-06 19:29:05] Undefined property: app::$rs_customer in C:\xampp\Desktop\mdcnpal\htdocs\public_html\includes\footer.php on line 357
[2026-07-06 19:29:05] Trying to access array offset on value of type null in C:\xampp\Desktop\mdcnpal\htdocs\public_html\includes\footer.php on line 357
[2026-07-06 19:29:05] Undefined property: app::$rs_customer in C:\xampp\Desktop\mdcnpal\htdocs\public_html\includes\footer.php on line 366
[2026-07-06 19:29:05] Trying to access array offset on value of type null in C:\xampp\Desktop\mdcnpal\htdocs\public_html\includes\footer.php on line 366
[2026-07-06 19:29:05] Undefined property: app::$rs_customer in C:\xampp\Desktop\mdcnpal\htdocs\public_html\includes\footer.php on line 372
[2026-07-06 19:29:05] Trying to access array offset on value of type null in C:\xampp\Desktop\mdcnpal\htdocs\public_html\includes\footer.php on line 372
[2026-07-06 19:29:05] Undefined property: app::$rs_customer in C:\xampp\Desktop\mdcnpal\htdocs\public_html\includes\general_data.php on line 88
[2026-07-06 19:29:05] Trying to access array offset on value of type null in C:\xampp\Desktop\mdcnpal\htdocs\public_html\includes\general_data.php on line 88
[2026-07-06 19:29:05] Undefined array key "MDRCCustID" in C:\xampp\Desktop\mdcnpal\htdocs\public_html\includes\general_data.php on line 88
[2026-07-06 19:29:06] Undefined variable $tmpStr in C:\xampp\Desktop\mdcnpal\htdocs\public_html\core\app.php on line 969
[2026-07-06 19:29:14] Creation of dynamic property dbclass::$RECORD_SET is deprecated in C:\xampp\Desktop\mdcnpal\htdocs\public_html\core\dbclass.php on line 69
[2026-07-06 19:29:14] Creation of dynamic property dbclass::$app is deprecated in C:\xampp\Desktop\mdcnpal\htdocs\public_html\core\dbclass.php on line 75
[2026-07-06 19:29:14] Creation of dynamic property model::$foreign_tables is deprecated in C:\xampp\Desktop\mdcnpal\htdocs\public_html\core\model.php on line 43
[2026-07-06 19:29:14] Creation of dynamic property app::$inputfilter is deprecated in C:\xampp\Desktop\mdcnpal\htdocs\public_html\core\app.php on line 123
[2026-07-06 19:29:14] Creation of dynamic property app::$userconfig is deprecated in C:\xampp\Desktop\mdcnpal\htdocs\public_html\core\app.php on line 124
[2026-07-06 19:29:14] Creation of dynamic property app::$global_include is deprecated in C:\xampp\Desktop\mdcnpal\htdocs\public_html\core\app.php on line 125
[2026-07-06 19:29:14] Creation of dynamic property app::$set_cache_time is deprecated in C:\xampp\Desktop\mdcnpal\htdocs\public_html\core\app.php on line 153
[2026-07-06 19:29:14] Creation of dynamic property app::$meta is deprecated in C:\xampp\Desktop\mdcnpal\htdocs\public_html\core\app.php on line 434
[2026-07-06 19:29:14] Creation of dynamic property app::$rs_gs_city is deprecated in C:\xampp\Desktop\mdcnpal\htdocs\public_html\core\app.php on line 434
[2026-07-06 19:29:14] Creation of dynamic property app::$rs_footer_popular_item is deprecated in C:\xampp\Desktop\mdcnpal\htdocs\public_html\core\app.php on line 434
[2026-07-06 19:29:14] Creation of dynamic property app::$rs_footer_popular_test is deprecated in C:\xampp\Desktop\mdcnpal\htdocs\public_html\core\app.php on line 434
[2026-07-06 19:29:14] Creation of dynamic property app::$rs_testimonial is deprecated in C:\xampp\Desktop\mdcnpal\htdocs\public_html\core\app.php on line 434
[2026-07-06 19:29:14] Creation of dynamic property app::$admin is deprecated in C:\xampp\Desktop\mdcnpal\htdocs\public_html\core\app.php on line 434
[2026-07-06 19:29:14] Undefined array key 0 in C:\xampp\Desktop\mdcnpal\htdocs\public_html\core\global_include.php on line 514
[2026-07-06 19:29:14] Creation of dynamic property app::$popup is deprecated in C:\xampp\Desktop\mdcnpal\htdocs\public_html\core\app.php on line 434
[2026-07-06 19:29:14] Undefined array key "MDRCCustID" in C:\xampp\Desktop\mdcnpal\htdocs\public_html\core\global_include.php on line 515
[2026-07-06 19:29:14] Undefined array key "MDRCToken" in C:\xampp\Desktop\mdcnpal\htdocs\public_html\core\global_include.php on line 515
[2026-07-06 19:29:14] Creation of dynamic property app::$rscategory is deprecated in C:\xampp\Desktop\mdcnpal\htdocs\public_html\core\app.php on line 434
[2026-07-06 19:29:14] Creation of dynamic property app::$rs_pages is deprecated in C:\xampp\Desktop\mdcnpal\htdocs\public_html\core\app.php on line 434
[2026-07-06 19:29:14] Creation of dynamic property app::$gs is deprecated in C:\xampp\Desktop\mdcnpal\htdocs\public_html\core\app.php on line 434
[2026-07-06 19:29:14] Undefined array key "MDRCCustID" in C:\xampp\Desktop\mdcnpal\htdocs\public_html\core\global_include.php on line 596
[2026-07-06 19:29:14] Undefined array key "MDRCCustID" in C:\xampp\Desktop\mdcnpal\htdocs\public_html\core\global_include.php on line 615
[2026-07-06 19:29:14] Undefined variable $getId in C:\xampp\Desktop\mdcnpal\htdocs\public_html\core\global_include.php on line 684
[2026-07-06 19:29:14] Undefined variable $getName in C:\xampp\Desktop\mdcnpal\htdocs\public_html\core\global_include.php on line 685
[2026-07-06 19:29:14] Undefined array key 0 in C:\xampp\Desktop\mdcnpal\htdocs\public_html\core\global_include.php on line 810
[2026-07-06 19:29:14] Creation of dynamic property app::$rs_offer_msg is deprecated in C:\xampp\Desktop\mdcnpal\htdocs\public_html\core\app.php on line 434
[2026-07-06 19:29:14] Creation of dynamic property app::$rs_for_doctors is deprecated in C:\xampp\Desktop\mdcnpal\htdocs\public_html\core\app.php on line 434
[2026-07-06 19:29:14] Undefined property: app::$rs_cartmini in C:\xampp\Desktop\mdcnpal\htdocs\public_html\includes\header.php on line 131
[2026-07-06 19:29:14] Undefined array key "MDRCCustID" in C:\xampp\Desktop\mdcnpal\htdocs\public_html\includes\header.php on line 134
[2026-07-06 19:29:14] Undefined property: app::$rs_cartmini in C:\xampp\Desktop\mdcnpal\htdocs\public_html\includes\header.php on line 197
[2026-07-06 19:29:14] Undefined array key "MDRCCustID" in C:\xampp\Desktop\mdcnpal\htdocs\public_html\includes\header.php on line 200
[2026-07-06 19:29:14] Undefined property: app::$rs_cartmini in C:\xampp\Desktop\mdcnpal\htdocs\public_html\includes\header.php on line 469
[2026-07-06 19:29:14] Undefined array key "MDRCCustID" in C:\xampp\Desktop\mdcnpal\htdocs\public_html\includes\header.php on line 472
[2026-07-06 19:29:14] Undefined property: app::$rs_cartmini in C:\xampp\Desktop\mdcnpal\htdocs\public_html\includes\header.php on line 525
[2026-07-06 19:29:14] Undefined array key "MDRCCustID" in C:\xampp\Desktop\mdcnpal\htdocs\public_html\includes\header.php on line 528
[2026-07-06 19:29:14] Undefined property: app::$rs_customer in C:\xampp\Desktop\mdcnpal\htdocs\public_html\includes\header.php on line 712
[2026-07-06 19:29:14] Trying to access array offset on value of type null in C:\xampp\Desktop\mdcnpal\htdocs\public_html\includes\header.php on line 712
[2026-07-06 19:29:14] Undefined property: app::$rs_customer in C:\xampp\Desktop\mdcnpal\htdocs\public_html\includes\header.php on line 721
[2026-07-06 19:29:14] Trying to access array offset on value of type null in C:\xampp\Desktop\mdcnpal\htdocs\public_html\includes\header.php on line 721
[2026-07-06 19:29:14] Undefined property: app::$rs_customer in C:\xampp\Desktop\mdcnpal\htdocs\public_html\includes\header.php on line 730
[2026-07-06 19:29:14] Trying to access array offset on value of type null in C:\xampp\Desktop\mdcnpal\htdocs\public_html\includes\header.php on line 730
[2026-07-06 19:29:14] Undefined property: app::$rs_customer in C:\xampp\Desktop\mdcnpal\htdocs\public_html\includes\header.php on line 739
[2026-07-06 19:29:14] Trying to access array offset on value of type null in C:\xampp\Desktop\mdcnpal\htdocs\public_html\includes\header.php on line 739
[2026-07-06 19:29:14] Undefined property: app::$rs_customer in C:\xampp\Desktop\mdcnpal\htdocs\public_html\includes\footer.php on line 357
[2026-07-06 19:29:14] Trying to access array offset on value of type null in C:\xampp\Desktop\mdcnpal\htdocs\public_html\includes\footer.php on line 357
[2026-07-06 19:29:14] Undefined property: app::$rs_customer in C:\xampp\Desktop\mdcnpal\htdocs\public_html\includes\footer.php on line 366
[2026-07-06 19:29:14] Trying to access array offset on value of type null in C:\xampp\Desktop\mdcnpal\htdocs\public_html\includes\footer.php on line 366
[2026-07-06 19:29:14] Undefined property: app::$rs_customer in C:\xampp\Desktop\mdcnpal\htdocs\public_html\includes\footer.php on line 372
[2026-07-06 19:29:14] Trying to access array offset on value of type null in C:\xampp\Desktop\mdcnpal\htdocs\public_html\includes\footer.php on line 372
[2026-07-06 19:29:15] Undefined property: app::$rs_customer in C:\xampp\Desktop\mdcnpal\htdocs\public_html\includes\general_data.php on line 88
[2026-07-06 19:29:15] Trying to access array offset on value of type null in C:\xampp\Desktop\mdcnpal\htdocs\public_html\includes\general_data.php on line 88
[2026-07-06 19:29:15] Undefined array key "MDRCCustID" in C:\xampp\Desktop\mdcnpal\htdocs\public_html\includes\general_data.php on line 88
[2026-07-06 19:29:15] Undefined variable $tmpStr in C:\xampp\Desktop\mdcnpal\htdocs\public_html\core\app.php on line 969
[2026-07-06 19:29:21] Creation of dynamic property dbclass::$RECORD_SET is deprecated in C:\xampp\Desktop\mdcnpal\htdocs\public_html\core\dbclass.php on line 69
[2026-07-06 19:29:21] Creation of dynamic property dbclass::$app is deprecated in C:\xampp\Desktop\mdcnpal\htdocs\public_html\core\dbclass.php on line 75
[2026-07-06 19:29:22] Creation of dynamic property model::$foreign_tables is deprecated in C:\xampp\Desktop\mdcnpal\htdocs\public_html\core\model.php on line 43
[2026-07-06 19:29:22] Creation of dynamic property app::$inputfilter is deprecated in C:\xampp\Desktop\mdcnpal\htdocs\public_html\core\app.php on line 123
[2026-07-06 19:29:22] Creation of dynamic property app::$userconfig is deprecated in C:\xampp\Desktop\mdcnpal\htdocs\public_html\core\app.php on line 124
[2026-07-06 19:29:22] Creation of dynamic property app::$global_include is deprecated in C:\xampp\Desktop\mdcnpal\htdocs\public_html\core\app.php on line 125
[2026-07-06 19:29:22] Creation of dynamic property app::$set_cache_time is deprecated in C:\xampp\Desktop\mdcnpal\htdocs\public_html\core\app.php on line 153
[2026-07-06 19:29:22] Creation of dynamic property app::$meta is deprecated in C:\xampp\Desktop\mdcnpal\htdocs\public_html\core\app.php on line 434
[2026-07-06 19:29:22] Creation of dynamic property app::$rs_gs_city is deprecated in C:\xampp\Desktop\mdcnpal\htdocs\public_html\core\app.php on line 434
[2026-07-06 19:29:22] Creation of dynamic property app::$rs_footer_popular_item is deprecated in C:\xampp\Desktop\mdcnpal\htdocs\public_html\core\app.php on line 434
[2026-07-06 19:29:22] Creation of dynamic property app::$rs_footer_popular_test is deprecated in C:\xampp\Desktop\mdcnpal\htdocs\public_html\core\app.php on line 434
[2026-07-06 19:29:22] Creation of dynamic property app::$rs_testimonial is deprecated in C:\xampp\Desktop\mdcnpal\htdocs\public_html\core\app.php on line 434
[2026-07-06 19:29:22] Creation of dynamic property app::$admin is deprecated in C:\xampp\Desktop\mdcnpal\htdocs\public_html\core\app.php on line 434
[2026-07-06 19:29:22] Undefined array key 0 in C:\xampp\Desktop\mdcnpal\htdocs\public_html\core\global_include.php on line 514
[2026-07-06 19:29:22] Creation of dynamic property app::$popup is deprecated in C:\xampp\Desktop\mdcnpal\htdocs\public_html\core\app.php on line 434
[2026-07-06 19:29:22] Undefined array key "MDRCCustID" in C:\xampp\Desktop\mdcnpal\htdocs\public_html\core\global_include.php on line 515
[2026-07-06 19:29:22] Undefined array key "MDRCToken" in C:\xampp\Desktop\mdcnpal\htdocs\public_html\core\global_include.php on line 515
[2026-07-06 19:29:22] Creation of dynamic property app::$rscategory is deprecated in C:\xampp\Desktop\mdcnpal\htdocs\public_html\core\app.php on line 434
[2026-07-06 19:29:22] Creation of dynamic property app::$rs_pages is deprecated in C:\xampp\Desktop\mdcnpal\htdocs\public_html\core\app.php on line 434
[2026-07-06 19:29:22] Creation of dynamic property app::$gs is deprecated in C:\xampp\Desktop\mdcnpal\htdocs\public_html\core\app.php on line 434
[2026-07-06 19:29:22] Undefined array key "MDRCCustID" in C:\xampp\Desktop\mdcnpal\htdocs\public_html\core\global_include.php on line 596
[2026-07-06 19:29:22] Undefined array key "MDRCCustID" in C:\xampp\Desktop\mdcnpal\htdocs\public_html\core\global_include.php on line 615
[2026-07-06 19:29:22] Undefined variable $getId in C:\xampp\Desktop\mdcnpal\htdocs\public_html\core\global_include.php on line 684
[2026-07-06 19:29:22] Undefined variable $getName in C:\xampp\Desktop\mdcnpal\htdocs\public_html\core\global_include.php on line 685
[2026-07-06 19:29:22] Undefined array key 0 in C:\xampp\Desktop\mdcnpal\htdocs\public_html\core\global_include.php on line 810
[2026-07-06 19:29:22] Creation of dynamic property app::$rs_offer_msg is deprecated in C:\xampp\Desktop\mdcnpal\htdocs\public_html\core\app.php on line 434
[2026-07-06 19:29:22] Creation of dynamic property app::$rs_for_doctors is deprecated in C:\xampp\Desktop\mdcnpal\htdocs\public_html\core\app.php on line 434
[2026-07-06 19:29:22] Undefined property: app::$rs_cartmini in C:\xampp\Desktop\mdcnpal\htdocs\public_html\includes\header.php on line 131
[2026-07-06 19:29:22] Undefined array key "MDRCCustID" in C:\xampp\Desktop\mdcnpal\htdocs\public_html\includes\header.php on line 134
[2026-07-06 19:29:22] Undefined property: app::$rs_cartmini in C:\xampp\Desktop\mdcnpal\htdocs\public_html\includes\header.php on line 197
[2026-07-06 19:29:22] Undefined array key "MDRCCustID" in C:\xampp\Desktop\mdcnpal\htdocs\public_html\includes\header.php on line 200
[2026-07-06 19:29:22] Undefined property: app::$rs_cartmini in C:\xampp\Desktop\mdcnpal\htdocs\public_html\includes\header.php on line 469
[2026-07-06 19:29:22] Undefined array key "MDRCCustID" in C:\xampp\Desktop\mdcnpal\htdocs\public_html\includes\header.php on line 472
[2026-07-06 19:29:22] Undefined property: app::$rs_cartmini in C:\xampp\Desktop\mdcnpal\htdocs\public_html\includes\header.php on line 525
[2026-07-06 19:29:22] Undefined array key "MDRCCustID" in C:\xampp\Desktop\mdcnpal\htdocs\public_html\includes\header.php on line 528
[2026-07-06 19:29:22] Undefined property: app::$rs_customer in C:\xampp\Desktop\mdcnpal\htdocs\public_html\includes\header.php on line 712
[2026-07-06 19:29:22] Trying to access array offset on value of type null in C:\xampp\Desktop\mdcnpal\htdocs\public_html\includes\header.php on line 712
[2026-07-06 19:29:22] Undefined property: app::$rs_customer in C:\xampp\Desktop\mdcnpal\htdocs\public_html\includes\header.php on line 721
[2026-07-06 19:29:22] Trying to access array offset on value of type null in C:\xampp\Desktop\mdcnpal\htdocs\public_html\includes\header.php on line 721
[2026-07-06 19:29:22] Undefined property: app::$rs_customer in C:\xampp\Desktop\mdcnpal\htdocs\public_html\includes\header.php on line 730
[2026-07-06 19:29:22] Trying to access array offset on value of type null in C:\xampp\Desktop\mdcnpal\htdocs\public_html\includes\header.php on line 730
[2026-07-06 19:29:22] Undefined property: app::$rs_customer in C:\xampp\Desktop\mdcnpal\htdocs\public_html\includes\header.php on line 739
[2026-07-06 19:29:22] Trying to access array offset on value of type null in C:\xampp\Desktop\mdcnpal\htdocs\public_html\includes\header.php on line 739
[2026-07-06 19:29:22] Undefined property: app::$rs_customer in C:\xampp\Desktop\mdcnpal\htdocs\public_html\includes\footer.php on line 357
[2026-07-06 19:29:22] Trying to access array offset on value of type null in C:\xampp\Desktop\mdcnpal\htdocs\public_html\includes\footer.php on line 357
[2026-07-06 19:29:22] Undefined property: app::$rs_customer in C:\xampp\Desktop\mdcnpal\htdocs\public_html\includes\footer.php on line 366
[2026-07-06 19:29:22] Trying to access array offset on value of type null in C:\xampp\Desktop\mdcnpal\htdocs\public_html\includes\footer.php on line 366
[2026-07-06 19:29:22] Undefined property: app::$rs_customer in C:\xampp\Desktop\mdcnpal\htdocs\public_html\includes\footer.php on line 372
[2026-07-06 19:29:22] Trying to access array offset on value of type null in C:\xampp\Desktop\mdcnpal\htdocs\public_html\includes\footer.php on line 372
[2026-07-06 19:29:22] Undefined property: app::$rs_customer in C:\xampp\Desktop\mdcnpal\htdocs\public_html\includes\general_data.php on line 88
[2026-07-06 19:29:22] Trying to access array offset on value of type null in C:\xampp\Desktop\mdcnpal\htdocs\public_html\includes\general_data.php on line 88
[2026-07-06 19:29:22] Undefined array key "MDRCCustID" in C:\xampp\Desktop\mdcnpal\htdocs\public_html\includes\general_data.php on line 88
[2026-07-06 19:29:22] Undefined variable $tmpStr in C:\xampp\Desktop\mdcnpal\htdocs\public_html\core\app.php on line 969
[2026-07-06 19:29:43] Creation of dynamic property dbclass::$RECORD_SET is deprecated in C:\xampp\Desktop\mdcnpal\htdocs\public_html\core\dbclass.php on line 69
[2026-07-06 19:29:43] Creation of dynamic property dbclass::$app is deprecated in C:\xampp\Desktop\mdcnpal\htdocs\public_html\core\dbclass.php on line 75
[2026-07-06 19:29:43] Creation of dynamic property model::$foreign_tables is deprecated in C:\xampp\Desktop\mdcnpal\htdocs\public_html\core\model.php on line 43
[2026-07-06 19:29:43] Creation of dynamic property app::$inputfilter is deprecated in C:\xampp\Desktop\mdcnpal\htdocs\public_html\core\app.php on line 123
[2026-07-06 19:29:43] Creation of dynamic property app::$userconfig is deprecated in C:\xampp\Desktop\mdcnpal\htdocs\public_html\core\app.php on line 124
[2026-07-06 19:29:43] Creation of dynamic property app::$global_include is deprecated in C:\xampp\Desktop\mdcnpal\htdocs\public_html\core\app.php on line 125
[2026-07-06 19:29:43] Creation of dynamic property app::$set_cache_time is deprecated in C:\xampp\Desktop\mdcnpal\htdocs\public_html\core\app.php on line 153
[2026-07-06 19:29:43] Creation of dynamic property app::$meta is deprecated in C:\xampp\Desktop\mdcnpal\htdocs\public_html\core\app.php on line 434
[2026-07-06 19:29:43] Creation of dynamic property app::$rs_gs_city is deprecated in C:\xampp\Desktop\mdcnpal\htdocs\public_html\core\app.php on line 434
[2026-07-06 19:29:43] Creation of dynamic property app::$rs_footer_popular_item is deprecated in C:\xampp\Desktop\mdcnpal\htdocs\public_html\core\app.php on line 434
[2026-07-06 19:29:43] Creation of dynamic property app::$rs_footer_popular_test is deprecated in C:\xampp\Desktop\mdcnpal\htdocs\public_html\core\app.php on line 434
[2026-07-06 19:29:43] Creation of dynamic property app::$rs_testimonial is deprecated in C:\xampp\Desktop\mdcnpal\htdocs\public_html\core\app.php on line 434
[2026-07-06 19:29:43] Creation of dynamic property app::$admin is deprecated in C:\xampp\Desktop\mdcnpal\htdocs\public_html\core\app.php on line 434
[2026-07-06 19:29:44] Undefined array key 0 in C:\xampp\Desktop\mdcnpal\htdocs\public_html\core\global_include.php on line 514
[2026-07-06 19:29:44] Creation of dynamic property app::$popup is deprecated in C:\xampp\Desktop\mdcnpal\htdocs\public_html\core\app.php on line 434
[2026-07-06 19:29:44] Undefined array key "MDRCCustID" in C:\xampp\Desktop\mdcnpal\htdocs\public_html\core\global_include.php on line 515
[2026-07-06 19:29:44] Undefined array key "MDRCToken" in C:\xampp\Desktop\mdcnpal\htdocs\public_html\core\global_include.php on line 515
[2026-07-06 19:29:44] Creation of dynamic property app::$rscategory is deprecated in C:\xampp\Desktop\mdcnpal\htdocs\public_html\core\app.php on line 434
[2026-07-06 19:29:44] Creation of dynamic property app::$rs_pages is deprecated in C:\xampp\Desktop\mdcnpal\htdocs\public_html\core\app.php on line 434
[2026-07-06 19:29:44] Creation of dynamic property app::$gs is deprecated in C:\xampp\Desktop\mdcnpal\htdocs\public_html\core\app.php on line 434
[2026-07-06 19:29:44] Undefined array key "MDRCCustID" in C:\xampp\Desktop\mdcnpal\htdocs\public_html\core\global_include.php on line 596
[2026-07-06 19:29:44] Undefined array key "MDRCCustID" in C:\xampp\Desktop\mdcnpal\htdocs\public_html\core\global_include.php on line 615
[2026-07-06 19:29:44] Undefined variable $getId in C:\xampp\Desktop\mdcnpal\htdocs\public_html\core\global_include.php on line 684
[2026-07-06 19:29:44] Undefined variable $getName in C:\xampp\Desktop\mdcnpal\htdocs\public_html\core\global_include.php on line 685
[2026-07-06 19:29:44] Undefined array key 0 in C:\xampp\Desktop\mdcnpal\htdocs\public_html\core\global_include.php on line 810
[2026-07-06 19:29:44] Creation of dynamic property app::$rs_offer_msg is deprecated in C:\xampp\Desktop\mdcnpal\htdocs\public_html\core\app.php on line 434
[2026-07-06 19:29:44] Creation of dynamic property app::$rs_for_doctors is deprecated in C:\xampp\Desktop\mdcnpal\htdocs\public_html\core\app.php on line 434
[2026-07-06 19:29:44] Undefined property: app::$rs_cartmini in C:\xampp\Desktop\mdcnpal\htdocs\public_html\includes\header.php on line 131
[2026-07-06 19:29:44] Undefined array key "MDRCCustID" in C:\xampp\Desktop\mdcnpal\htdocs\public_html\includes\header.php on line 134
[2026-07-06 19:29:44] Undefined property: app::$rs_cartmini in C:\xampp\Desktop\mdcnpal\htdocs\public_html\includes\header.php on line 197
[2026-07-06 19:29:44] Undefined array key "MDRCCustID" in C:\xampp\Desktop\mdcnpal\htdocs\public_html\includes\header.php on line 200
[2026-07-06 19:29:44] Undefined property: app::$rs_cartmini in C:\xampp\Desktop\mdcnpal\htdocs\public_html\includes\header.php on line 469
[2026-07-06 19:29:44] Undefined array key "MDRCCustID" in C:\xampp\Desktop\mdcnpal\htdocs\public_html\includes\header.php on line 472
[2026-07-06 19:29:44] Undefined property: app::$rs_cartmini in C:\xampp\Desktop\mdcnpal\htdocs\public_html\includes\header.php on line 525
[2026-07-06 19:29:44] Undefined array key "MDRCCustID" in C:\xampp\Desktop\mdcnpal\htdocs\public_html\includes\header.php on line 528
[2026-07-06 19:29:44] Undefined property: app::$rs_customer in C:\xampp\Desktop\mdcnpal\htdocs\public_html\includes\header.php on line 712
[2026-07-06 19:29:44] Trying to access array offset on value of type null in C:\xampp\Desktop\mdcnpal\htdocs\public_html\includes\header.php on line 712
[2026-07-06 19:29:44] Undefined property: app::$rs_customer in C:\xampp\Desktop\mdcnpal\htdocs\public_html\includes\header.php on line 721
[2026-07-06 19:29:44] Trying to access array offset on value of type null in C:\xampp\Desktop\mdcnpal\htdocs\public_html\includes\header.php on line 721
[2026-07-06 19:29:44] Undefined property: app::$rs_customer in C:\xampp\Desktop\mdcnpal\htdocs\public_html\includes\header.php on line 730
[2026-07-06 19:29:44] Trying to access array offset on value of type null in C:\xampp\Desktop\mdcnpal\htdocs\public_html\includes\header.php on line 730
[2026-07-06 19:29:44] Undefined property: app::$rs_customer in C:\xampp\Desktop\mdcnpal\htdocs\public_html\includes\header.php on line 739
[2026-07-06 19:29:44] Trying to access array offset on value of type null in C:\xampp\Desktop\mdcnpal\htdocs\public_html\includes\header.php on line 739
[2026-07-06 19:29:44] Undefined property: app::$rs_customer in C:\xampp\Desktop\mdcnpal\htdocs\public_html\includes\footer.php on line 357
[2026-07-06 19:29:44] Trying to access array offset on value of type null in C:\xampp\Desktop\mdcnpal\htdocs\public_html\includes\footer.php on line 357
[2026-07-06 19:29:44] Undefined property: app::$rs_customer in C:\xampp\Desktop\mdcnpal\htdocs\public_html\includes\footer.php on line 366
[2026-07-06 19:29:44] Trying to access array offset on value of type null in C:\xampp\Desktop\mdcnpal\htdocs\public_html\includes\footer.php on line 366
[2026-07-06 19:29:44] Undefined property: app::$rs_customer in C:\xampp\Desktop\mdcnpal\htdocs\public_html\includes\footer.php on line 372
[2026-07-06 19:29:44] Trying to access array offset on value of type null in C:\xampp\Desktop\mdcnpal\htdocs\public_html\includes\footer.php on line 372
[2026-07-06 19:29:44] Undefined property: app::$rs_customer in C:\xampp\Desktop\mdcnpal\htdocs\public_html\includes\general_data.php on line 88
[2026-07-06 19:29:44] Trying to access array offset on value of type null in C:\xampp\Desktop\mdcnpal\htdocs\public_html\includes\general_data.php on line 88
[2026-07-06 19:29:44] Undefined array key "MDRCCustID" in C:\xampp\Desktop\mdcnpal\htdocs\public_html\includes\general_data.php on line 88
[2026-07-06 19:29:44] Undefined variable $tmpStr in C:\xampp\Desktop\mdcnpal\htdocs\public_html\core\app.php on line 969
[2026-07-06 19:30:14] Creation of dynamic property dbclass::$RECORD_SET is deprecated in C:\xampp\Desktop\mdcnpal\htdocs\public_html\core\dbclass.php on line 69
[2026-07-06 19:30:14] Creation of dynamic property dbclass::$app is deprecated in C:\xampp\Desktop\mdcnpal\htdocs\public_html\core\dbclass.php on line 75
[2026-07-06 19:30:14] Creation of dynamic property model::$foreign_tables is deprecated in C:\xampp\Desktop\mdcnpal\htdocs\public_html\core\model.php on line 43
[2026-07-06 19:30:14] Creation of dynamic property app::$inputfilter is deprecated in C:\xampp\Desktop\mdcnpal\htdocs\public_html\core\app.php on line 123
[2026-07-06 19:30:14] Creation of dynamic property app::$userconfig is deprecated in C:\xampp\Desktop\mdcnpal\htdocs\public_html\core\app.php on line 124
[2026-07-06 19:30:14] Creation of dynamic property app::$global_include is deprecated in C:\xampp\Desktop\mdcnpal\htdocs\public_html\core\app.php on line 125
[2026-07-06 19:30:14] Creation of dynamic property app::$set_cache_time is deprecated in C:\xampp\Desktop\mdcnpal\htdocs\public_html\core\app.php on line 153
[2026-07-06 19:30:14] Creation of dynamic property app::$meta is deprecated in C:\xampp\Desktop\mdcnpal\htdocs\public_html\core\app.php on line 434
[2026-07-06 19:30:14] Creation of dynamic property app::$rs_gs_city is deprecated in C:\xampp\Desktop\mdcnpal\htdocs\public_html\core\app.php on line 434
[2026-07-06 19:30:14] Creation of dynamic property app::$rs_footer_popular_item is deprecated in C:\xampp\Desktop\mdcnpal\htdocs\public_html\core\app.php on line 434
[2026-07-06 19:30:14] Creation of dynamic property app::$rs_footer_popular_test is deprecated in C:\xampp\Desktop\mdcnpal\htdocs\public_html\core\app.php on line 434
[2026-07-06 19:30:14] Creation of dynamic property app::$rs_testimonial is deprecated in C:\xampp\Desktop\mdcnpal\htdocs\public_html\core\app.php on line 434
[2026-07-06 19:30:14] Creation of dynamic property app::$admin is deprecated in C:\xampp\Desktop\mdcnpal\htdocs\public_html\core\app.php on line 434
[2026-07-06 19:30:14] Undefined array key 0 in C:\xampp\Desktop\mdcnpal\htdocs\public_html\core\global_include.php on line 514
[2026-07-06 19:30:14] Creation of dynamic property app::$popup is deprecated in C:\xampp\Desktop\mdcnpal\htdocs\public_html\core\app.php on line 434
[2026-07-06 19:30:14] Undefined array key "MDRCCustID" in C:\xampp\Desktop\mdcnpal\htdocs\public_html\core\global_include.php on line 515
[2026-07-06 19:30:14] Undefined array key "MDRCToken" in C:\xampp\Desktop\mdcnpal\htdocs\public_html\core\global_include.php on line 515
[2026-07-06 19:30:14] Creation of dynamic property app::$rscategory is deprecated in C:\xampp\Desktop\mdcnpal\htdocs\public_html\core\app.php on line 434
[2026-07-06 19:30:14] Creation of dynamic property app::$rs_pages is deprecated in C:\xampp\Desktop\mdcnpal\htdocs\public_html\core\app.php on line 434
[2026-07-06 19:30:14] Creation of dynamic property app::$gs is deprecated in C:\xampp\Desktop\mdcnpal\htdocs\public_html\core\app.php on line 434
[2026-07-06 19:30:14] Undefined array key "MDRCCustID" in C:\xampp\Desktop\mdcnpal\htdocs\public_html\core\global_include.php on line 596
[2026-07-06 19:30:14] Undefined array key "MDRCCustID" in C:\xampp\Desktop\mdcnpal\htdocs\public_html\core\global_include.php on line 615
[2026-07-06 19:30:14] Undefined variable $getId in C:\xampp\Desktop\mdcnpal\htdocs\public_html\core\global_include.php on line 684
[2026-07-06 19:30:14] Undefined variable $getName in C:\xampp\Desktop\mdcnpal\htdocs\public_html\core\global_include.php on line 685
[2026-07-06 19:30:14] Undefined array key 0 in C:\xampp\Desktop\mdcnpal\htdocs\public_html\core\global_include.php on line 810
[2026-07-06 19:30:14] Creation of dynamic property app::$rs_offer_msg is deprecated in C:\xampp\Desktop\mdcnpal\htdocs\public_html\core\app.php on line 434
[2026-07-06 19:30:15] Creation of dynamic property app::$rs_for_doctors is deprecated in C:\xampp\Desktop\mdcnpal\htdocs\public_html\core\app.php on line 434
[2026-07-06 19:30:15] Undefined property: app::$rs_cartmini in C:\xampp\Desktop\mdcnpal\htdocs\public_html\includes\header.php on line 131
[2026-07-06 19:30:15] Undefined array key "MDRCCustID" in C:\xampp\Desktop\mdcnpal\htdocs\public_html\includes\header.php on line 134
[2026-07-06 19:30:15] Undefined property: app::$rs_cartmini in C:\xampp\Desktop\mdcnpal\htdocs\public_html\includes\header.php on line 197
[2026-07-06 19:30:15] Undefined array key "MDRCCustID" in C:\xampp\Desktop\mdcnpal\htdocs\public_html\includes\header.php on line 200
[2026-07-06 19:30:15] Undefined property: app::$rs_cartmini in C:\xampp\Desktop\mdcnpal\htdocs\public_html\includes\header.php on line 469
[2026-07-06 19:30:15] Undefined array key "MDRCCustID" in C:\xampp\Desktop\mdcnpal\htdocs\public_html\includes\header.php on line 472
[2026-07-06 19:30:15] Undefined property: app::$rs_cartmini in C:\xampp\Desktop\mdcnpal\htdocs\public_html\includes\header.php on line 525
[2026-07-06 19:30:15] Undefined array key "MDRCCustID" in C:\xampp\Desktop\mdcnpal\htdocs\public_html\includes\header.php on line 528
[2026-07-06 19:30:15] Undefined property: app::$rs_customer in C:\xampp\Desktop\mdcnpal\htdocs\public_html\includes\header.php on line 712
[2026-07-06 19:30:15] Trying to access array offset on value of type null in C:\xampp\Desktop\mdcnpal\htdocs\public_html\includes\header.php on line 712
[2026-07-06 19:30:15] Undefined property: app::$rs_customer in C:\xampp\Desktop\mdcnpal\htdocs\public_html\includes\header.php on line 721
[2026-07-06 19:30:15] Trying to access array offset on value of type null in C:\xampp\Desktop\mdcnpal\htdocs\public_html\includes\header.php on line 721
[2026-07-06 19:30:15] Undefined property: app::$rs_customer in C:\xampp\Desktop\mdcnpal\htdocs\public_html\includes\header.php on line 730
[2026-07-06 19:30:15] Trying to access array offset on value of type null in C:\xampp\Desktop\mdcnpal\htdocs\public_html\includes\header.php on line 730
[2026-07-06 19:30:15] Undefined property: app::$rs_customer in C:\xampp\Desktop\mdcnpal\htdocs\public_html\includes\header.php on line 739
[2026-07-06 19:30:15] Trying to access array offset on value of type null in C:\xampp\Desktop\mdcnpal\htdocs\public_html\includes\header.php on line 739
[2026-07-06 19:30:15] Undefined property: app::$rs_customer in C:\xampp\Desktop\mdcnpal\htdocs\public_html\includes\footer.php on line 357
[2026-07-06 19:30:15] Trying to access array offset on value of type null in C:\xampp\Desktop\mdcnpal\htdocs\public_html\includes\footer.php on line 357
[2026-07-06 19:30:15] Undefined property: app::$rs_customer in C:\xampp\Desktop\mdcnpal\htdocs\public_html\includes\footer.php on line 366
[2026-07-06 19:30:15] Trying to access array offset on value of type null in C:\xampp\Desktop\mdcnpal\htdocs\public_html\includes\footer.php on line 366
[2026-07-06 19:30:15] Undefined property: app::$rs_customer in C:\xampp\Desktop\mdcnpal\htdocs\public_html\includes\footer.php on line 372
[2026-07-06 19:30:15] Trying to access array offset on value of type null in C:\xampp\Desktop\mdcnpal\htdocs\public_html\includes\footer.php on line 372
[2026-07-06 19:30:15] Undefined property: app::$rs_customer in C:\xampp\Desktop\mdcnpal\htdocs\public_html\includes\general_data.php on line 88
[2026-07-06 19:30:15] Trying to access array offset on value of type null in C:\xampp\Desktop\mdcnpal\htdocs\public_html\includes\general_data.php on line 88
[2026-07-06 19:30:15] Undefined array key "MDRCCustID" in C:\xampp\Desktop\mdcnpal\htdocs\public_html\includes\general_data.php on line 88
[2026-07-06 19:30:15] Undefined variable $tmpStr in C:\xampp\Desktop\mdcnpal\htdocs\public_html\core\app.php on line 969
[2026-07-06 19:32:13] Creation of dynamic property dbclass::$RECORD_SET is deprecated in C:\xampp\Desktop\mdcnpal\htdocs\public_html\core\dbclass.php on line 69
[2026-07-06 19:32:13] Creation of dynamic property dbclass::$app is deprecated in C:\xampp\Desktop\mdcnpal\htdocs\public_html\core\dbclass.php on line 75
[2026-07-06 19:32:13] Creation of dynamic property model::$foreign_tables is deprecated in C:\xampp\Desktop\mdcnpal\htdocs\public_html\core\model.php on line 43
[2026-07-06 19:32:13] Creation of dynamic property app::$inputfilter is deprecated in C:\xampp\Desktop\mdcnpal\htdocs\public_html\core\app.php on line 123
[2026-07-06 19:32:13] Creation of dynamic property app::$userconfig is deprecated in C:\xampp\Desktop\mdcnpal\htdocs\public_html\core\app.php on line 124
[2026-07-06 19:32:13] Creation of dynamic property app::$global_include is deprecated in C:\xampp\Desktop\mdcnpal\htdocs\public_html\core\app.php on line 125
[2026-07-06 19:32:13] Creation of dynamic property app::$set_cache_time is deprecated in C:\xampp\Desktop\mdcnpal\htdocs\public_html\core\app.php on line 153
[2026-07-06 19:32:13] Undefined array key "MDRCCustID" in C:\xampp\Desktop\mdcnpal\htdocs\public_html\scripts\ajax\changeCity.php on line 60
[2026-07-06 19:32:13] Creation of dynamic property dbclass::$RECORD_SET is deprecated in C:\xampp\Desktop\mdcnpal\htdocs\public_html\core\dbclass.php on line 69
[2026-07-06 19:32:13] Creation of dynamic property dbclass::$app is deprecated in C:\xampp\Desktop\mdcnpal\htdocs\public_html\core\dbclass.php on line 75
[2026-07-06 19:32:13] Creation of dynamic property model::$foreign_tables is deprecated in C:\xampp\Desktop\mdcnpal\htdocs\public_html\core\model.php on line 43
[2026-07-06 19:32:13] Creation of dynamic property app::$inputfilter is deprecated in C:\xampp\Desktop\mdcnpal\htdocs\public_html\core\app.php on line 123
[2026-07-06 19:32:13] Creation of dynamic property app::$userconfig is deprecated in C:\xampp\Desktop\mdcnpal\htdocs\public_html\core\app.php on line 124
[2026-07-06 19:32:13] Creation of dynamic property app::$global_include is deprecated in C:\xampp\Desktop\mdcnpal\htdocs\public_html\core\app.php on line 125
[2026-07-06 19:32:13] Creation of dynamic property app::$set_cache_time is deprecated in C:\xampp\Desktop\mdcnpal\htdocs\public_html\core\app.php on line 153
[2026-07-06 19:32:13] Creation of dynamic property app::$meta is deprecated in C:\xampp\Desktop\mdcnpal\htdocs\public_html\core\app.php on line 434
[2026-07-06 19:32:13] Creation of dynamic property app::$rs_gs_city is deprecated in C:\xampp\Desktop\mdcnpal\htdocs\public_html\core\app.php on line 434
[2026-07-06 19:32:13] Creation of dynamic property app::$rs_footer_popular_item is deprecated in C:\xampp\Desktop\mdcnpal\htdocs\public_html\core\app.php on line 434
[2026-07-06 19:32:13] Creation of dynamic property app::$rs_footer_popular_test is deprecated in C:\xampp\Desktop\mdcnpal\htdocs\public_html\core\app.php on line 434
[2026-07-06 19:32:13] Creation of dynamic property app::$rs_testimonial is deprecated in C:\xampp\Desktop\mdcnpal\htdocs\public_html\core\app.php on line 434
[2026-07-06 19:32:13] Creation of dynamic property app::$admin is deprecated in C:\xampp\Desktop\mdcnpal\htdocs\public_html\core\app.php on line 434
[2026-07-06 19:32:13] Undefined array key 0 in C:\xampp\Desktop\mdcnpal\htdocs\public_html\core\global_include.php on line 514
[2026-07-06 19:32:13] Creation of dynamic property app::$popup is deprecated in C:\xampp\Desktop\mdcnpal\htdocs\public_html\core\app.php on line 434
[2026-07-06 19:32:13] Undefined array key "MDRCCustID" in C:\xampp\Desktop\mdcnpal\htdocs\public_html\core\global_include.php on line 515
[2026-07-06 19:32:13] Undefined array key "MDRCToken" in C:\xampp\Desktop\mdcnpal\htdocs\public_html\core\global_include.php on line 515
[2026-07-06 19:32:13] Creation of dynamic property app::$rscategory is deprecated in C:\xampp\Desktop\mdcnpal\htdocs\public_html\core\app.php on line 434
[2026-07-06 19:32:13] Creation of dynamic property app::$rs_pages is deprecated in C:\xampp\Desktop\mdcnpal\htdocs\public_html\core\app.php on line 434
[2026-07-06 19:32:13] Creation of dynamic property app::$gs is deprecated in C:\xampp\Desktop\mdcnpal\htdocs\public_html\core\app.php on line 434
[2026-07-06 19:32:13] Undefined array key "MDRCCustID" in C:\xampp\Desktop\mdcnpal\htdocs\public_html\core\global_include.php on line 596
[2026-07-06 19:32:13] Undefined array key "MDRCCustID" in C:\xampp\Desktop\mdcnpal\htdocs\public_html\core\global_include.php on line 615
[2026-07-06 19:32:13] Undefined variable $getId in C:\xampp\Desktop\mdcnpal\htdocs\public_html\core\global_include.php on line 684
[2026-07-06 19:32:13] Undefined variable $getName in C:\xampp\Desktop\mdcnpal\htdocs\public_html\core\global_include.php on line 685
[2026-07-06 19:32:13] Undefined array key 0 in C:\xampp\Desktop\mdcnpal\htdocs\public_html\core\global_include.php on line 810
[2026-07-06 19:32:13] Creation of dynamic property app::$rs_offer_msg is deprecated in C:\xampp\Desktop\mdcnpal\htdocs\public_html\core\app.php on line 434
[2026-07-06 19:32:13] Creation of dynamic property app::$rs_for_doctors is deprecated in C:\xampp\Desktop\mdcnpal\htdocs\public_html\core\app.php on line 434
[2026-07-06 19:32:13] Creation of dynamic property dbclass::$RECORD_SET is deprecated in C:\xampp\Desktop\mdcnpal\htdocs\public_html\core\dbclass.php on line 69
[2026-07-06 19:32:13] Creation of dynamic property dbclass::$app is deprecated in C:\xampp\Desktop\mdcnpal\htdocs\public_html\core\dbclass.php on line 75
[2026-07-06 19:32:13] Creation of dynamic property model::$foreign_tables is deprecated in C:\xampp\Desktop\mdcnpal\htdocs\public_html\core\model.php on line 43
[2026-07-06 19:32:13] Creation of dynamic property app::$inputfilter is deprecated in C:\xampp\Desktop\mdcnpal\htdocs\public_html\core\app.php on line 123
[2026-07-06 19:32:13] Creation of dynamic property app::$userconfig is deprecated in C:\xampp\Desktop\mdcnpal\htdocs\public_html\core\app.php on line 124
[2026-07-06 19:32:13] Creation of dynamic property app::$global_include is deprecated in C:\xampp\Desktop\mdcnpal\htdocs\public_html\core\app.php on line 125
[2026-07-06 19:32:13] Creation of dynamic property app::$set_cache_time is deprecated in C:\xampp\Desktop\mdcnpal\htdocs\public_html\core\app.php on line 153
[2026-07-06 19:32:13] Creation of dynamic property app::$meta is deprecated in C:\xampp\Desktop\mdcnpal\htdocs\public_html\core\app.php on line 434
[2026-07-06 19:32:13] Creation of dynamic property app::$rs_gs_city is deprecated in C:\xampp\Desktop\mdcnpal\htdocs\public_html\core\app.php on line 434
[2026-07-06 19:32:13] Creation of dynamic property app::$rs_footer_popular_item is deprecated in C:\xampp\Desktop\mdcnpal\htdocs\public_html\core\app.php on line 434
[2026-07-06 19:32:14] Creation of dynamic property app::$rs_footer_popular_test is deprecated in C:\xampp\Desktop\mdcnpal\htdocs\public_html\core\app.php on line 434
[2026-07-06 19:32:14] Creation of dynamic property app::$rs_testimonial is deprecated in C:\xampp\Desktop\mdcnpal\htdocs\public_html\core\app.php on line 434
[2026-07-06 19:32:14] Creation of dynamic property app::$admin is deprecated in C:\xampp\Desktop\mdcnpal\htdocs\public_html\core\app.php on line 434
[2026-07-06 19:32:14] Undefined array key 0 in C:\xampp\Desktop\mdcnpal\htdocs\public_html\core\global_include.php on line 514
[2026-07-06 19:32:14] Creation of dynamic property app::$popup is deprecated in C:\xampp\Desktop\mdcnpal\htdocs\public_html\core\app.php on line 434
[2026-07-06 19:32:14] Undefined array key "MDRCCustID" in C:\xampp\Desktop\mdcnpal\htdocs\public_html\core\global_include.php on line 515
[2026-07-06 19:32:14] Undefined array key "MDRCToken" in C:\xampp\Desktop\mdcnpal\htdocs\public_html\core\global_include.php on line 515
[2026-07-06 19:32:14] Creation of dynamic property app::$rscategory is deprecated in C:\xampp\Desktop\mdcnpal\htdocs\public_html\core\app.php on line 434
[2026-07-06 19:32:14] Creation of dynamic property app::$rs_pages is deprecated in C:\xampp\Desktop\mdcnpal\htdocs\public_html\core\app.php on line 434
[2026-07-06 19:32:14] Creation of dynamic property app::$gs is deprecated in C:\xampp\Desktop\mdcnpal\htdocs\public_html\core\app.php on line 434
[2026-07-06 19:32:14] Undefined array key "MDRCCustID" in C:\xampp\Desktop\mdcnpal\htdocs\public_html\core\global_include.php on line 596
[2026-07-06 19:32:14] Undefined array key "MDRCCustID" in C:\xampp\Desktop\mdcnpal\htdocs\public_html\core\global_include.php on line 615
[2026-07-06 19:32:14] Undefined variable $getId in C:\xampp\Desktop\mdcnpal\htdocs\public_html\core\global_include.php on line 684
[2026-07-06 19:32:14] Undefined variable $getName in C:\xampp\Desktop\mdcnpal\htdocs\public_html\core\global_include.php on line 685
[2026-07-06 19:32:14] Undefined array key 0 in C:\xampp\Desktop\mdcnpal\htdocs\public_html\core\global_include.php on line 810
[2026-07-06 19:32:14] Creation of dynamic property app::$rs_offer_msg is deprecated in C:\xampp\Desktop\mdcnpal\htdocs\public_html\core\app.php on line 434
[2026-07-06 19:32:14] Creation of dynamic property app::$rs_for_doctors is deprecated in C:\xampp\Desktop\mdcnpal\htdocs\public_html\core\app.php on line 434
[2026-07-06 19:32:14] Creation of dynamic property app::$description is deprecated in C:\xampp\Desktop\mdcnpal\htdocs\public_html\core\app.php on line 434
[2026-07-06 19:32:14] Creation of dynamic property app::$rs_banner is deprecated in C:\xampp\Desktop\mdcnpal\htdocs\public_html\core\app.php on line 434
[2026-07-06 19:32:14] Creation of dynamic property app::$rs_item_diseases is deprecated in C:\xampp\Desktop\mdcnpal\htdocs\public_html\core\app.php on line 434
[2026-07-06 19:32:14] Creation of dynamic property app::$rs_item_home_category is deprecated in C:\xampp\Desktop\mdcnpal\htdocs\public_html\core\app.php on line 434
[2026-07-06 19:32:14] Creation of dynamic property app::$rs_item_banner_category is deprecated in C:\xampp\Desktop\mdcnpal\htdocs\public_html\core\app.php on line 434
[2026-07-06 19:32:14] Creation of dynamic property app::$rs_services is deprecated in C:\xampp\Desktop\mdcnpal\htdocs\public_html\core\app.php on line 434
[2026-07-06 19:32:14] Creation of dynamic property app::$rs_blog is deprecated in C:\xampp\Desktop\mdcnpal\htdocs\public_html\core\app.php on line 434
[2026-07-06 19:32:14] Creation of dynamic property app::$rs_category is deprecated in C:\xampp\Desktop\mdcnpal\htdocs\public_html\core\app.php on line 434
[2026-07-06 19:32:14] Creation of dynamic property app::$rs_faq_data is deprecated in C:\xampp\Desktop\mdcnpal\htdocs\public_html\core\app.php on line 434
[2026-07-06 19:32:14] Creation of dynamic property app::$rs_gallery_data is deprecated in C:\xampp\Desktop\mdcnpal\htdocs\public_html\core\app.php on line 434
[2026-07-06 19:32:14] Undefined property: app::$rs_cartmini in C:\xampp\Desktop\mdcnpal\htdocs\public_html\includes\header.php on line 131
[2026-07-06 19:32:14] Undefined array key "MDRCCustID" in C:\xampp\Desktop\mdcnpal\htdocs\public_html\includes\header.php on line 134
[2026-07-06 19:32:14] Undefined property: app::$rs_cartmini in C:\xampp\Desktop\mdcnpal\htdocs\public_html\includes\header.php on line 197
[2026-07-06 19:32:14] Undefined array key "MDRCCustID" in C:\xampp\Desktop\mdcnpal\htdocs\public_html\includes\header.php on line 200
[2026-07-06 19:32:14] Undefined property: app::$rs_cartmini in C:\xampp\Desktop\mdcnpal\htdocs\public_html\includes\header.php on line 469
[2026-07-06 19:32:14] Undefined array key "MDRCCustID" in C:\xampp\Desktop\mdcnpal\htdocs\public_html\includes\header.php on line 472
[2026-07-06 19:32:14] Undefined property: app::$rs_cartmini in C:\xampp\Desktop\mdcnpal\htdocs\public_html\includes\header.php on line 525
[2026-07-06 19:32:14] Undefined array key "MDRCCustID" in C:\xampp\Desktop\mdcnpal\htdocs\public_html\includes\header.php on line 528
[2026-07-06 19:32:14] Undefined property: app::$rs_customer in C:\xampp\Desktop\mdcnpal\htdocs\public_html\includes\header.php on line 712
[2026-07-06 19:32:14] Trying to access array offset on value of type null in C:\xampp\Desktop\mdcnpal\htdocs\public_html\includes\header.php on line 712
[2026-07-06 19:32:14] Undefined property: app::$rs_customer in C:\xampp\Desktop\mdcnpal\htdocs\public_html\includes\header.php on line 721
[2026-07-06 19:32:14] Trying to access array offset on value of type null in C:\xampp\Desktop\mdcnpal\htdocs\public_html\includes\header.php on line 721
[2026-07-06 19:32:14] Undefined property: app::$rs_customer in C:\xampp\Desktop\mdcnpal\htdocs\public_html\includes\header.php on line 730
[2026-07-06 19:32:14] Trying to access array offset on value of type null in C:\xampp\Desktop\mdcnpal\htdocs\public_html\includes\header.php on line 730
[2026-07-06 19:32:14] Undefined property: app::$rs_customer in C:\xampp\Desktop\mdcnpal\htdocs\public_html\includes\header.php on line 739
[2026-07-06 19:32:14] Trying to access array offset on value of type null in C:\xampp\Desktop\mdcnpal\htdocs\public_html\includes\header.php on line 739
[2026-07-06 19:32:14] Undefined property: app::$rs_customer in C:\xampp\Desktop\mdcnpal\htdocs\public_html\includes\footer.php on line 357
[2026-07-06 19:32:14] Trying to access array offset on value of type null in C:\xampp\Desktop\mdcnpal\htdocs\public_html\includes\footer.php on line 357
[2026-07-06 19:32:14] Undefined property: app::$rs_customer in C:\xampp\Desktop\mdcnpal\htdocs\public_html\includes\footer.php on line 366
[2026-07-06 19:32:14] Trying to access array offset on value of type null in C:\xampp\Desktop\mdcnpal\htdocs\public_html\includes\footer.php on line 366
[2026-07-06 19:32:14] Undefined property: app::$rs_customer in C:\xampp\Desktop\mdcnpal\htdocs\public_html\includes\footer.php on line 372
[2026-07-06 19:32:14] Trying to access array offset on value of type null in C:\xampp\Desktop\mdcnpal\htdocs\public_html\includes\footer.php on line 372
[2026-07-06 19:32:14] Undefined property: app::$rs_customer in C:\xampp\Desktop\mdcnpal\htdocs\public_html\includes\general_data.php on line 88
[2026-07-06 19:32:14] Trying to access array offset on value of type null in C:\xampp\Desktop\mdcnpal\htdocs\public_html\includes\general_data.php on line 88
[2026-07-06 19:32:14] Undefined array key "MDRCCustID" in C:\xampp\Desktop\mdcnpal\htdocs\public_html\includes\general_data.php on line 88
[2026-07-06 19:32:14] Undefined variable $tmpStr in C:\xampp\Desktop\mdcnpal\htdocs\public_html\core\app.php on line 969
[2026-07-06 19:32:18] Creation of dynamic property dbclass::$RECORD_SET is deprecated in C:\xampp\Desktop\mdcnpal\htdocs\public_html\core\dbclass.php on line 69
[2026-07-06 19:32:18] Creation of dynamic property dbclass::$app is deprecated in C:\xampp\Desktop\mdcnpal\htdocs\public_html\core\dbclass.php on line 75
[2026-07-06 19:32:18] Creation of dynamic property model::$foreign_tables is deprecated in C:\xampp\Desktop\mdcnpal\htdocs\public_html\core\model.php on line 43
[2026-07-06 19:32:18] Creation of dynamic property app::$inputfilter is deprecated in C:\xampp\Desktop\mdcnpal\htdocs\public_html\core\app.php on line 123
[2026-07-06 19:32:18] Creation of dynamic property app::$userconfig is deprecated in C:\xampp\Desktop\mdcnpal\htdocs\public_html\core\app.php on line 124
[2026-07-06 19:32:18] Creation of dynamic property app::$global_include is deprecated in C:\xampp\Desktop\mdcnpal\htdocs\public_html\core\app.php on line 125
[2026-07-06 19:32:18] Creation of dynamic property app::$set_cache_time is deprecated in C:\xampp\Desktop\mdcnpal\htdocs\public_html\core\app.php on line 153
[2026-07-06 19:32:18] Undefined variable $RESULT in C:\xampp\Desktop\mdcnpal\htdocs\public_html\scripts\ajax\selectCityUsingGoogleMapApi.php on line 69
[2026-07-06 19:32:18] Undefined variable $URL in C:\xampp\Desktop\mdcnpal\htdocs\public_html\scripts\ajax\selectCityUsingGoogleMapApi.php on line 73
[2026-07-06 19:32:26] Creation of dynamic property dbclass::$RECORD_SET is deprecated in C:\xampp\Desktop\mdcnpal\htdocs\public_html\core\dbclass.php on line 69
[2026-07-06 19:32:26] Creation of dynamic property dbclass::$app is deprecated in C:\xampp\Desktop\mdcnpal\htdocs\public_html\core\dbclass.php on line 75
[2026-07-06 19:32:26] Creation of dynamic property model::$foreign_tables is deprecated in C:\xampp\Desktop\mdcnpal\htdocs\public_html\core\model.php on line 43
[2026-07-06 19:32:26] Creation of dynamic property app::$inputfilter is deprecated in C:\xampp\Desktop\mdcnpal\htdocs\public_html\core\app.php on line 123
[2026-07-06 19:32:26] Creation of dynamic property app::$userconfig is deprecated in C:\xampp\Desktop\mdcnpal\htdocs\public_html\core\app.php on line 124
[2026-07-06 19:32:26] Creation of dynamic property app::$global_include is deprecated in C:\xampp\Desktop\mdcnpal\htdocs\public_html\core\app.php on line 125
[2026-07-06 19:32:26] Creation of dynamic property app::$set_cache_time is deprecated in C:\xampp\Desktop\mdcnpal\htdocs\public_html\core\app.php on line 153
[2026-07-06 19:32:26] Creation of dynamic property app::$meta is deprecated in C:\xampp\Desktop\mdcnpal\htdocs\public_html\core\app.php on line 434
[2026-07-06 19:32:26] Creation of dynamic property app::$rs_gs_city is deprecated in C:\xampp\Desktop\mdcnpal\htdocs\public_html\core\app.php on line 434
[2026-07-06 19:32:26] Creation of dynamic property app::$rs_footer_popular_item is deprecated in C:\xampp\Desktop\mdcnpal\htdocs\public_html\core\app.php on line 434
[2026-07-06 19:32:26] Creation of dynamic property app::$rs_footer_popular_test is deprecated in C:\xampp\Desktop\mdcnpal\htdocs\public_html\core\app.php on line 434
[2026-07-06 19:32:26] Creation of dynamic property app::$rs_testimonial is deprecated in C:\xampp\Desktop\mdcnpal\htdocs\public_html\core\app.php on line 434
[2026-07-06 19:32:26] Creation of dynamic property app::$admin is deprecated in C:\xampp\Desktop\mdcnpal\htdocs\public_html\core\app.php on line 434
[2026-07-06 19:32:26] Undefined array key 0 in C:\xampp\Desktop\mdcnpal\htdocs\public_html\core\global_include.php on line 514
[2026-07-06 19:32:26] Creation of dynamic property app::$popup is deprecated in C:\xampp\Desktop\mdcnpal\htdocs\public_html\core\app.php on line 434
[2026-07-06 19:32:26] Undefined array key "MDRCCustID" in C:\xampp\Desktop\mdcnpal\htdocs\public_html\core\global_include.php on line 515
[2026-07-06 19:32:26] Undefined array key "MDRCToken" in C:\xampp\Desktop\mdcnpal\htdocs\public_html\core\global_include.php on line 515
[2026-07-06 19:32:26] Creation of dynamic property app::$rscategory is deprecated in C:\xampp\Desktop\mdcnpal\htdocs\public_html\core\app.php on line 434
[2026-07-06 19:32:26] Creation of dynamic property app::$rs_pages is deprecated in C:\xampp\Desktop\mdcnpal\htdocs\public_html\core\app.php on line 434
[2026-07-06 19:32:26] Creation of dynamic property app::$gs is deprecated in C:\xampp\Desktop\mdcnpal\htdocs\public_html\core\app.php on line 434
[2026-07-06 19:32:26] Undefined array key "MDRCCustID" in C:\xampp\Desktop\mdcnpal\htdocs\public_html\core\global_include.php on line 596
[2026-07-06 19:32:26] Undefined array key "MDRCCustID" in C:\xampp\Desktop\mdcnpal\htdocs\public_html\core\global_include.php on line 615
[2026-07-06 19:32:26] Undefined variable $getId in C:\xampp\Desktop\mdcnpal\htdocs\public_html\core\global_include.php on line 684
[2026-07-06 19:32:26] Undefined variable $getName in C:\xampp\Desktop\mdcnpal\htdocs\public_html\core\global_include.php on line 685
[2026-07-06 19:32:26] Undefined array key 0 in C:\xampp\Desktop\mdcnpal\htdocs\public_html\core\global_include.php on line 810
[2026-07-06 19:32:26] Creation of dynamic property app::$rs_offer_msg is deprecated in C:\xampp\Desktop\mdcnpal\htdocs\public_html\core\app.php on line 434
[2026-07-06 19:32:26] Creation of dynamic property app::$rs_for_doctors is deprecated in C:\xampp\Desktop\mdcnpal\htdocs\public_html\core\app.php on line 434
[2026-07-06 19:32:26] Creation of dynamic property app::$description is deprecated in C:\xampp\Desktop\mdcnpal\htdocs\public_html\core\app.php on line 434
[2026-07-06 19:32:26] Creation of dynamic property app::$rs_banner is deprecated in C:\xampp\Desktop\mdcnpal\htdocs\public_html\core\app.php on line 434
[2026-07-06 19:32:26] Creation of dynamic property app::$rs_item_diseases is deprecated in C:\xampp\Desktop\mdcnpal\htdocs\public_html\core\app.php on line 434
[2026-07-06 19:32:26] Creation of dynamic property app::$rs_item_home_category is deprecated in C:\xampp\Desktop\mdcnpal\htdocs\public_html\core\app.php on line 434
[2026-07-06 19:32:26] Creation of dynamic property app::$rs_item_banner_category is deprecated in C:\xampp\Desktop\mdcnpal\htdocs\public_html\core\app.php on line 434
[2026-07-06 19:32:26] Creation of dynamic property app::$rs_services is deprecated in C:\xampp\Desktop\mdcnpal\htdocs\public_html\core\app.php on line 434
[2026-07-06 19:32:26] Creation of dynamic property app::$rs_blog is deprecated in C:\xampp\Desktop\mdcnpal\htdocs\public_html\core\app.php on line 434
[2026-07-06 19:32:26] Creation of dynamic property app::$rs_category is deprecated in C:\xampp\Desktop\mdcnpal\htdocs\public_html\core\app.php on line 434
[2026-07-06 19:32:26] Creation of dynamic property app::$rs_faq_data is deprecated in C:\xampp\Desktop\mdcnpal\htdocs\public_html\core\app.php on line 434
[2026-07-06 19:32:26] Creation of dynamic property app::$rs_gallery_data is deprecated in C:\xampp\Desktop\mdcnpal\htdocs\public_html\core\app.php on line 434
[2026-07-06 19:32:26] Undefined property: app::$rs_cartmini in C:\xampp\Desktop\mdcnpal\htdocs\public_html\includes\header.php on line 131
[2026-07-06 19:32:26] Undefined array key "MDRCCustID" in C:\xampp\Desktop\mdcnpal\htdocs\public_html\includes\header.php on line 134
[2026-07-06 19:32:26] Undefined property: app::$rs_cartmini in C:\xampp\Desktop\mdcnpal\htdocs\public_html\includes\header.php on line 197
[2026-07-06 19:32:26] Undefined array key "MDRCCustID" in C:\xampp\Desktop\mdcnpal\htdocs\public_html\includes\header.php on line 200
[2026-07-06 19:32:26] Undefined property: app::$rs_cartmini in C:\xampp\Desktop\mdcnpal\htdocs\public_html\includes\header.php on line 469
[2026-07-06 19:32:26] Undefined array key "MDRCCustID" in C:\xampp\Desktop\mdcnpal\htdocs\public_html\includes\header.php on line 472
[2026-07-06 19:32:26] Undefined property: app::$rs_cartmini in C:\xampp\Desktop\mdcnpal\htdocs\public_html\includes\header.php on line 525
[2026-07-06 19:32:26] Undefined array key "MDRCCustID" in C:\xampp\Desktop\mdcnpal\htdocs\public_html\includes\header.php on line 528
[2026-07-06 19:32:26] Undefined property: app::$rs_customer in C:\xampp\Desktop\mdcnpal\htdocs\public_html\includes\header.php on line 712
[2026-07-06 19:32:26] Trying to access array offset on value of type null in C:\xampp\Desktop\mdcnpal\htdocs\public_html\includes\header.php on line 712
[2026-07-06 19:32:26] Undefined property: app::$rs_customer in C:\xampp\Desktop\mdcnpal\htdocs\public_html\includes\header.php on line 721
[2026-07-06 19:32:26] Trying to access array offset on value of type null in C:\xampp\Desktop\mdcnpal\htdocs\public_html\includes\header.php on line 721
[2026-07-06 19:32:26] Undefined property: app::$rs_customer in C:\xampp\Desktop\mdcnpal\htdocs\public_html\includes\header.php on line 730
[2026-07-06 19:32:26] Trying to access array offset on value of type null in C:\xampp\Desktop\mdcnpal\htdocs\public_html\includes\header.php on line 730
[2026-07-06 19:32:26] Undefined property: app::$rs_customer in C:\xampp\Desktop\mdcnpal\htdocs\public_html\includes\header.php on line 739
[2026-07-06 19:32:26] Trying to access array offset on value of type null in C:\xampp\Desktop\mdcnpal\htdocs\public_html\includes\header.php on line 739
[2026-07-06 19:32:26] Undefined property: app::$rs_customer in C:\xampp\Desktop\mdcnpal\htdocs\public_html\includes\footer.php on line 357
[2026-07-06 19:32:26] Trying to access array offset on value of type null in C:\xampp\Desktop\mdcnpal\htdocs\public_html\includes\footer.php on line 357
[2026-07-06 19:32:26] Undefined property: app::$rs_customer in C:\xampp\Desktop\mdcnpal\htdocs\public_html\includes\footer.php on line 366
[2026-07-06 19:32:26] Trying to access array offset on value of type null in C:\xampp\Desktop\mdcnpal\htdocs\public_html\includes\footer.php on line 366
[2026-07-06 19:32:26] Undefined property: app::$rs_customer in C:\xampp\Desktop\mdcnpal\htdocs\public_html\includes\footer.php on line 372
[2026-07-06 19:32:26] Trying to access array offset on value of type null in C:\xampp\Desktop\mdcnpal\htdocs\public_html\includes\footer.php on line 372
[2026-07-06 19:32:26] Undefined property: app::$rs_customer in C:\xampp\Desktop\mdcnpal\htdocs\public_html\includes\general_data.php on line 88
[2026-07-06 19:32:26] Trying to access array offset on value of type null in C:\xampp\Desktop\mdcnpal\htdocs\public_html\includes\general_data.php on line 88
[2026-07-06 19:32:26] Undefined array key "MDRCCustID" in C:\xampp\Desktop\mdcnpal\htdocs\public_html\includes\general_data.php on line 88
[2026-07-06 19:32:26] Undefined variable $tmpStr in C:\xampp\Desktop\mdcnpal\htdocs\public_html\core\app.php on line 969
[2026-07-06 19:32:28] Creation of dynamic property dbclass::$RECORD_SET is deprecated in C:\xampp\Desktop\mdcnpal\htdocs\public_html\core\dbclass.php on line 69
[2026-07-06 19:32:28] Creation of dynamic property dbclass::$app is deprecated in C:\xampp\Desktop\mdcnpal\htdocs\public_html\core\dbclass.php on line 75
[2026-07-06 19:32:28] Creation of dynamic property model::$foreign_tables is deprecated in C:\xampp\Desktop\mdcnpal\htdocs\public_html\core\model.php on line 43
[2026-07-06 19:32:28] Creation of dynamic property app::$inputfilter is deprecated in C:\xampp\Desktop\mdcnpal\htdocs\public_html\core\app.php on line 123
[2026-07-06 19:32:28] Creation of dynamic property app::$userconfig is deprecated in C:\xampp\Desktop\mdcnpal\htdocs\public_html\core\app.php on line 124
[2026-07-06 19:32:28] Creation of dynamic property app::$global_include is deprecated in C:\xampp\Desktop\mdcnpal\htdocs\public_html\core\app.php on line 125
[2026-07-06 19:32:28] Creation of dynamic property app::$set_cache_time is deprecated in C:\xampp\Desktop\mdcnpal\htdocs\public_html\core\app.php on line 153
[2026-07-06 19:32:28] Undefined variable $RESULT in C:\xampp\Desktop\mdcnpal\htdocs\public_html\scripts\ajax\selectCityUsingGoogleMapApi.php on line 69
[2026-07-06 19:32:28] Undefined variable $URL in C:\xampp\Desktop\mdcnpal\htdocs\public_html\scripts\ajax\selectCityUsingGoogleMapApi.php on line 73
[2026-07-06 19:32:38] Creation of dynamic property dbclass::$RECORD_SET is deprecated in C:\xampp\Desktop\mdcnpal\htdocs\public_html\core\dbclass.php on line 69
[2026-07-06 19:32:38] Creation of dynamic property dbclass::$app is deprecated in C:\xampp\Desktop\mdcnpal\htdocs\public_html\core\dbclass.php on line 75
[2026-07-06 19:32:38] Creation of dynamic property model::$foreign_tables is deprecated in C:\xampp\Desktop\mdcnpal\htdocs\public_html\core\model.php on line 43
[2026-07-06 19:32:38] Creation of dynamic property app::$inputfilter is deprecated in C:\xampp\Desktop\mdcnpal\htdocs\public_html\core\app.php on line 123
[2026-07-06 19:32:38] Creation of dynamic property app::$userconfig is deprecated in C:\xampp\Desktop\mdcnpal\htdocs\public_html\core\app.php on line 124
[2026-07-06 19:32:38] Creation of dynamic property app::$global_include is deprecated in C:\xampp\Desktop\mdcnpal\htdocs\public_html\core\app.php on line 125
[2026-07-06 19:32:38] Creation of dynamic property app::$set_cache_time is deprecated in C:\xampp\Desktop\mdcnpal\htdocs\public_html\core\app.php on line 153
[2026-07-06 19:32:38] Creation of dynamic property app::$meta is deprecated in C:\xampp\Desktop\mdcnpal\htdocs\public_html\core\app.php on line 434
[2026-07-06 19:32:38] Creation of dynamic property app::$rs_gs_city is deprecated in C:\xampp\Desktop\mdcnpal\htdocs\public_html\core\app.php on line 434
[2026-07-06 19:32:38] Creation of dynamic property app::$rs_footer_popular_item is deprecated in C:\xampp\Desktop\mdcnpal\htdocs\public_html\core\app.php on line 434
[2026-07-06 19:32:38] Creation of dynamic property app::$rs_footer_popular_test is deprecated in C:\xampp\Desktop\mdcnpal\htdocs\public_html\core\app.php on line 434
[2026-07-06 19:32:38] Creation of dynamic property app::$rs_testimonial is deprecated in C:\xampp\Desktop\mdcnpal\htdocs\public_html\core\app.php on line 434
[2026-07-06 19:32:38] Creation of dynamic property app::$admin is deprecated in C:\xampp\Desktop\mdcnpal\htdocs\public_html\core\app.php on line 434
[2026-07-06 19:32:38] Undefined array key 0 in C:\xampp\Desktop\mdcnpal\htdocs\public_html\core\global_include.php on line 514
[2026-07-06 19:32:38] Creation of dynamic property app::$popup is deprecated in C:\xampp\Desktop\mdcnpal\htdocs\public_html\core\app.php on line 434
[2026-07-06 19:32:38] Undefined array key "MDRCCustID" in C:\xampp\Desktop\mdcnpal\htdocs\public_html\core\global_include.php on line 515
[2026-07-06 19:32:38] Undefined array key "MDRCToken" in C:\xampp\Desktop\mdcnpal\htdocs\public_html\core\global_include.php on line 515
[2026-07-06 19:32:38] Creation of dynamic property app::$rscategory is deprecated in C:\xampp\Desktop\mdcnpal\htdocs\public_html\core\app.php on line 434
[2026-07-06 19:32:38] Creation of dynamic property app::$rs_pages is deprecated in C:\xampp\Desktop\mdcnpal\htdocs\public_html\core\app.php on line 434
[2026-07-06 19:32:38] Creation of dynamic property app::$gs is deprecated in C:\xampp\Desktop\mdcnpal\htdocs\public_html\core\app.php on line 434
[2026-07-06 19:32:38] Undefined array key "MDRCCustID" in C:\xampp\Desktop\mdcnpal\htdocs\public_html\core\global_include.php on line 596
[2026-07-06 19:32:38] Undefined array key "MDRCCustID" in C:\xampp\Desktop\mdcnpal\htdocs\public_html\core\global_include.php on line 615
[2026-07-06 19:32:38] Undefined variable $getId in C:\xampp\Desktop\mdcnpal\htdocs\public_html\core\global_include.php on line 684
[2026-07-06 19:32:38] Undefined variable $getName in C:\xampp\Desktop\mdcnpal\htdocs\public_html\core\global_include.php on line 685
[2026-07-06 19:32:38] Undefined array key 0 in C:\xampp\Desktop\mdcnpal\htdocs\public_html\core\global_include.php on line 810
[2026-07-06 19:32:38] Creation of dynamic property app::$rs_offer_msg is deprecated in C:\xampp\Desktop\mdcnpal\htdocs\public_html\core\app.php on line 434
[2026-07-06 19:32:38] Creation of dynamic property app::$rs_for_doctors is deprecated in C:\xampp\Desktop\mdcnpal\htdocs\public_html\core\app.php on line 434
[2026-07-06 19:32:38] Creation of dynamic property app::$description is deprecated in C:\xampp\Desktop\mdcnpal\htdocs\public_html\core\app.php on line 434
[2026-07-06 19:32:38] Creation of dynamic property app::$rs_banner is deprecated in C:\xampp\Desktop\mdcnpal\htdocs\public_html\core\app.php on line 434
[2026-07-06 19:32:38] Creation of dynamic property app::$rs_item_diseases is deprecated in C:\xampp\Desktop\mdcnpal\htdocs\public_html\core\app.php on line 434
[2026-07-06 19:32:38] Creation of dynamic property app::$rs_item_home_category is deprecated in C:\xampp\Desktop\mdcnpal\htdocs\public_html\core\app.php on line 434
[2026-07-06 19:32:38] Creation of dynamic property app::$rs_item_banner_category is deprecated in C:\xampp\Desktop\mdcnpal\htdocs\public_html\core\app.php on line 434
[2026-07-06 19:32:38] Creation of dynamic property app::$rs_services is deprecated in C:\xampp\Desktop\mdcnpal\htdocs\public_html\core\app.php on line 434
[2026-07-06 19:32:38] Creation of dynamic property app::$rs_blog is deprecated in C:\xampp\Desktop\mdcnpal\htdocs\public_html\core\app.php on line 434
[2026-07-06 19:32:38] Creation of dynamic property app::$rs_category is deprecated in C:\xampp\Desktop\mdcnpal\htdocs\public_html\core\app.php on line 434
[2026-07-06 19:32:38] Creation of dynamic property app::$rs_faq_data is deprecated in C:\xampp\Desktop\mdcnpal\htdocs\public_html\core\app.php on line 434
[2026-07-06 19:32:38] Creation of dynamic property app::$rs_gallery_data is deprecated in C:\xampp\Desktop\mdcnpal\htdocs\public_html\core\app.php on line 434
[2026-07-06 19:32:38] Undefined property: app::$rs_cartmini in C:\xampp\Desktop\mdcnpal\htdocs\public_html\includes\header.php on line 131
[2026-07-06 19:32:38] Undefined array key "MDRCCustID" in C:\xampp\Desktop\mdcnpal\htdocs\public_html\includes\header.php on line 134
[2026-07-06 19:32:38] Undefined property: app::$rs_cartmini in C:\xampp\Desktop\mdcnpal\htdocs\public_html\includes\header.php on line 197
[2026-07-06 19:32:38] Undefined array key "MDRCCustID" in C:\xampp\Desktop\mdcnpal\htdocs\public_html\includes\header.php on line 200
[2026-07-06 19:32:38] Undefined property: app::$rs_cartmini in C:\xampp\Desktop\mdcnpal\htdocs\public_html\includes\header.php on line 469
[2026-07-06 19:32:38] Undefined array key "MDRCCustID" in C:\xampp\Desktop\mdcnpal\htdocs\public_html\includes\header.php on line 472
[2026-07-06 19:32:38] Undefined property: app::$rs_cartmini in C:\xampp\Desktop\mdcnpal\htdocs\public_html\includes\header.php on line 525
[2026-07-06 19:32:38] Undefined array key "MDRCCustID" in C:\xampp\Desktop\mdcnpal\htdocs\public_html\includes\header.php on line 528
[2026-07-06 19:32:38] Undefined property: app::$rs_customer in C:\xampp\Desktop\mdcnpal\htdocs\public_html\includes\header.php on line 712
[2026-07-06 19:32:38] Trying to access array offset on value of type null in C:\xampp\Desktop\mdcnpal\htdocs\public_html\includes\header.php on line 712
[2026-07-06 19:32:38] Undefined property: app::$rs_customer in C:\xampp\Desktop\mdcnpal\htdocs\public_html\includes\header.php on line 721
[2026-07-06 19:32:38] Trying to access array offset on value of type null in C:\xampp\Desktop\mdcnpal\htdocs\public_html\includes\header.php on line 721
[2026-07-06 19:32:38] Undefined property: app::$rs_customer in C:\xampp\Desktop\mdcnpal\htdocs\public_html\includes\header.php on line 730
[2026-07-06 19:32:38] Trying to access array offset on value of type null in C:\xampp\Desktop\mdcnpal\htdocs\public_html\includes\header.php on line 730
[2026-07-06 19:32:38] Undefined property: app::$rs_customer in C:\xampp\Desktop\mdcnpal\htdocs\public_html\includes\header.php on line 739
[2026-07-06 19:32:38] Trying to access array offset on value of type null in C:\xampp\Desktop\mdcnpal\htdocs\public_html\includes\header.php on line 739
[2026-07-06 19:32:38] Undefined property: app::$rs_customer in C:\xampp\Desktop\mdcnpal\htdocs\public_html\includes\footer.php on line 357
[2026-07-06 19:32:38] Trying to access array offset on value of type null in C:\xampp\Desktop\mdcnpal\htdocs\public_html\includes\footer.php on line 357
[2026-07-06 19:32:38] Undefined property: app::$rs_customer in C:\xampp\Desktop\mdcnpal\htdocs\public_html\includes\footer.php on line 366
[2026-07-06 19:32:38] Trying to access array offset on value of type null in C:\xampp\Desktop\mdcnpal\htdocs\public_html\includes\footer.php on line 366
[2026-07-06 19:32:38] Undefined property: app::$rs_customer in C:\xampp\Desktop\mdcnpal\htdocs\public_html\includes\footer.php on line 372
[2026-07-06 19:32:38] Trying to access array offset on value of type null in C:\xampp\Desktop\mdcnpal\htdocs\public_html\includes\footer.php on line 372
[2026-07-06 19:32:38] Undefined property: app::$rs_customer in C:\xampp\Desktop\mdcnpal\htdocs\public_html\includes\general_data.php on line 88
[2026-07-06 19:32:38] Trying to access array offset on value of type null in C:\xampp\Desktop\mdcnpal\htdocs\public_html\includes\general_data.php on line 88
[2026-07-06 19:32:38] Undefined array key "MDRCCustID" in C:\xampp\Desktop\mdcnpal\htdocs\public_html\includes\general_data.php on line 88
[2026-07-06 19:32:38] Undefined variable $tmpStr in C:\xampp\Desktop\mdcnpal\htdocs\public_html\core\app.php on line 969
[2026-07-06 19:32:40] Creation of dynamic property dbclass::$RECORD_SET is deprecated in C:\xampp\Desktop\mdcnpal\htdocs\public_html\core\dbclass.php on line 69
[2026-07-06 19:32:40] Creation of dynamic property dbclass::$app is deprecated in C:\xampp\Desktop\mdcnpal\htdocs\public_html\core\dbclass.php on line 75
[2026-07-06 19:32:40] Creation of dynamic property model::$foreign_tables is deprecated in C:\xampp\Desktop\mdcnpal\htdocs\public_html\core\model.php on line 43
[2026-07-06 19:32:40] Creation of dynamic property app::$inputfilter is deprecated in C:\xampp\Desktop\mdcnpal\htdocs\public_html\core\app.php on line 123
[2026-07-06 19:32:40] Creation of dynamic property app::$userconfig is deprecated in C:\xampp\Desktop\mdcnpal\htdocs\public_html\core\app.php on line 124
[2026-07-06 19:32:40] Creation of dynamic property app::$global_include is deprecated in C:\xampp\Desktop\mdcnpal\htdocs\public_html\core\app.php on line 125
[2026-07-06 19:32:40] Creation of dynamic property app::$set_cache_time is deprecated in C:\xampp\Desktop\mdcnpal\htdocs\public_html\core\app.php on line 153
[2026-07-06 19:32:40] Undefined variable $RESULT in C:\xampp\Desktop\mdcnpal\htdocs\public_html\scripts\ajax\selectCityUsingGoogleMapApi.php on line 69
[2026-07-06 19:32:40] Undefined variable $URL in C:\xampp\Desktop\mdcnpal\htdocs\public_html\scripts\ajax\selectCityUsingGoogleMapApi.php on line 73
[2026-07-06 19:33:07] Creation of dynamic property dbclass::$RECORD_SET is deprecated in C:\xampp\Desktop\mdcnpal\htdocs\public_html\core\dbclass.php on line 69
[2026-07-06 19:33:07] Creation of dynamic property dbclass::$app is deprecated in C:\xampp\Desktop\mdcnpal\htdocs\public_html\core\dbclass.php on line 75
[2026-07-06 19:33:07] Creation of dynamic property model::$foreign_tables is deprecated in C:\xampp\Desktop\mdcnpal\htdocs\public_html\core\model.php on line 43
[2026-07-06 19:33:07] Creation of dynamic property app::$inputfilter is deprecated in C:\xampp\Desktop\mdcnpal\htdocs\public_html\core\app.php on line 123
[2026-07-06 19:33:07] Creation of dynamic property app::$userconfig is deprecated in C:\xampp\Desktop\mdcnpal\htdocs\public_html\core\app.php on line 124
[2026-07-06 19:33:07] Creation of dynamic property app::$global_include is deprecated in C:\xampp\Desktop\mdcnpal\htdocs\public_html\core\app.php on line 125
[2026-07-06 19:33:07] Creation of dynamic property app::$set_cache_time is deprecated in C:\xampp\Desktop\mdcnpal\htdocs\public_html\core\app.php on line 153
[2026-07-06 19:33:07] Creation of dynamic property app::$meta is deprecated in C:\xampp\Desktop\mdcnpal\htdocs\public_html\core\app.php on line 434
[2026-07-06 19:33:07] Creation of dynamic property app::$rs_gs_city is deprecated in C:\xampp\Desktop\mdcnpal\htdocs\public_html\core\app.php on line 434
[2026-07-06 19:33:07] Creation of dynamic property app::$rs_footer_popular_item is deprecated in C:\xampp\Desktop\mdcnpal\htdocs\public_html\core\app.php on line 434
[2026-07-06 19:33:07] Creation of dynamic property app::$rs_footer_popular_test is deprecated in C:\xampp\Desktop\mdcnpal\htdocs\public_html\core\app.php on line 434
[2026-07-06 19:33:07] Creation of dynamic property app::$rs_testimonial is deprecated in C:\xampp\Desktop\mdcnpal\htdocs\public_html\core\app.php on line 434
[2026-07-06 19:33:07] Creation of dynamic property app::$admin is deprecated in C:\xampp\Desktop\mdcnpal\htdocs\public_html\core\app.php on line 434
[2026-07-06 19:33:07] Undefined array key 0 in C:\xampp\Desktop\mdcnpal\htdocs\public_html\core\global_include.php on line 514
[2026-07-06 19:33:07] Creation of dynamic property app::$popup is deprecated in C:\xampp\Desktop\mdcnpal\htdocs\public_html\core\app.php on line 434
[2026-07-06 19:33:07] Undefined array key "MDRCCustID" in C:\xampp\Desktop\mdcnpal\htdocs\public_html\core\global_include.php on line 515
[2026-07-06 19:33:07] Undefined array key "MDRCToken" in C:\xampp\Desktop\mdcnpal\htdocs\public_html\core\global_include.php on line 515
[2026-07-06 19:33:07] Creation of dynamic property app::$rscategory is deprecated in C:\xampp\Desktop\mdcnpal\htdocs\public_html\core\app.php on line 434
[2026-07-06 19:33:07] Creation of dynamic property app::$rs_pages is deprecated in C:\xampp\Desktop\mdcnpal\htdocs\public_html\core\app.php on line 434
[2026-07-06 19:33:07] Creation of dynamic property app::$gs is deprecated in C:\xampp\Desktop\mdcnpal\htdocs\public_html\core\app.php on line 434
[2026-07-06 19:33:07] Undefined array key "MDRCCustID" in C:\xampp\Desktop\mdcnpal\htdocs\public_html\core\global_include.php on line 596
[2026-07-06 19:33:07] Undefined array key "MDRCCustID" in C:\xampp\Desktop\mdcnpal\htdocs\public_html\core\global_include.php on line 615
[2026-07-06 19:33:07] Undefined variable $getId in C:\xampp\Desktop\mdcnpal\htdocs\public_html\core\global_include.php on line 684
[2026-07-06 19:33:07] Undefined variable $getName in C:\xampp\Desktop\mdcnpal\htdocs\public_html\core\global_include.php on line 685
[2026-07-06 19:33:07] Undefined array key 0 in C:\xampp\Desktop\mdcnpal\htdocs\public_html\core\global_include.php on line 810
[2026-07-06 19:33:07] Creation of dynamic property app::$rs_offer_msg is deprecated in C:\xampp\Desktop\mdcnpal\htdocs\public_html\core\app.php on line 434
[2026-07-06 19:33:07] Creation of dynamic property app::$rs_for_doctors is deprecated in C:\xampp\Desktop\mdcnpal\htdocs\public_html\core\app.php on line 434
[2026-07-06 19:33:07] Creation of dynamic property app::$rs_banner is deprecated in C:\xampp\Desktop\mdcnpal\htdocs\public_html\core\app.php on line 434
[2026-07-06 19:33:07] Creation of dynamic property app::$page_info is deprecated in C:\xampp\Desktop\mdcnpal\htdocs\public_html\core\app.php on line 434
[2026-07-06 19:33:07] Creation of dynamic property app::$department_id is deprecated in C:\xampp\Desktop\mdcnpal\htdocs\public_html\core\app.php on line 434
[2026-07-06 19:33:07] Creation of dynamic property app::$city_id is deprecated in C:\xampp\Desktop\mdcnpal\htdocs\public_html\core\app.php on line 434
[2026-07-06 19:33:07] Creation of dynamic property app::$city_name is deprecated in C:\xampp\Desktop\mdcnpal\htdocs\public_html\core\app.php on line 434
[2026-07-06 19:33:07] Creation of dynamic property app::$data_id is deprecated in C:\xampp\Desktop\mdcnpal\htdocs\public_html\core\app.php on line 434
[2026-07-06 19:33:07] Creation of dynamic property app::$data_name is deprecated in C:\xampp\Desktop\mdcnpal\htdocs\public_html\core\app.php on line 434
[2026-07-06 19:33:07] Creation of dynamic property app::$pageType is deprecated in C:\xampp\Desktop\mdcnpal\htdocs\public_html\core\app.php on line 434
[2026-07-06 19:33:07] Creation of dynamic property app::$rs_faq_data is deprecated in C:\xampp\Desktop\mdcnpal\htdocs\public_html\core\app.php on line 434
[2026-07-06 19:33:07] Undefined property: app::$rs_cartmini in C:\xampp\Desktop\mdcnpal\htdocs\public_html\includes\header.php on line 131
[2026-07-06 19:33:07] Undefined array key "MDRCCustID" in C:\xampp\Desktop\mdcnpal\htdocs\public_html\includes\header.php on line 134
[2026-07-06 19:33:07] Undefined property: app::$rs_cartmini in C:\xampp\Desktop\mdcnpal\htdocs\public_html\includes\header.php on line 197
[2026-07-06 19:33:07] Undefined array key "MDRCCustID" in C:\xampp\Desktop\mdcnpal\htdocs\public_html\includes\header.php on line 200
[2026-07-06 19:33:07] Undefined property: app::$rs_cartmini in C:\xampp\Desktop\mdcnpal\htdocs\public_html\includes\header.php on line 469
[2026-07-06 19:33:07] Undefined array key "MDRCCustID" in C:\xampp\Desktop\mdcnpal\htdocs\public_html\includes\header.php on line 472
[2026-07-06 19:33:07] Undefined property: app::$rs_cartmini in C:\xampp\Desktop\mdcnpal\htdocs\public_html\includes\header.php on line 525
[2026-07-06 19:33:07] Undefined array key "MDRCCustID" in C:\xampp\Desktop\mdcnpal\htdocs\public_html\includes\header.php on line 528
[2026-07-06 19:33:07] Undefined property: app::$rs_customer in C:\xampp\Desktop\mdcnpal\htdocs\public_html\includes\header.php on line 712
[2026-07-06 19:33:07] Trying to access array offset on value of type null in C:\xampp\Desktop\mdcnpal\htdocs\public_html\includes\header.php on line 712
[2026-07-06 19:33:07] Undefined property: app::$rs_customer in C:\xampp\Desktop\mdcnpal\htdocs\public_html\includes\header.php on line 721
[2026-07-06 19:33:07] Trying to access array offset on value of type null in C:\xampp\Desktop\mdcnpal\htdocs\public_html\includes\header.php on line 721
[2026-07-06 19:33:07] Undefined property: app::$rs_customer in C:\xampp\Desktop\mdcnpal\htdocs\public_html\includes\header.php on line 730
[2026-07-06 19:33:07] Trying to access array offset on value of type null in C:\xampp\Desktop\mdcnpal\htdocs\public_html\includes\header.php on line 730
[2026-07-06 19:33:07] Undefined property: app::$rs_customer in C:\xampp\Desktop\mdcnpal\htdocs\public_html\includes\header.php on line 739
[2026-07-06 19:33:07] Trying to access array offset on value of type null in C:\xampp\Desktop\mdcnpal\htdocs\public_html\includes\header.php on line 739
[2026-07-06 19:33:07] Undefined property: app::$rs_customer in C:\xampp\Desktop\mdcnpal\htdocs\public_html\includes\footer.php on line 357
[2026-07-06 19:33:07] Trying to access array offset on value of type null in C:\xampp\Desktop\mdcnpal\htdocs\public_html\includes\footer.php on line 357
[2026-07-06 19:33:07] Undefined property: app::$rs_customer in C:\xampp\Desktop\mdcnpal\htdocs\public_html\includes\footer.php on line 366
[2026-07-06 19:33:07] Trying to access array offset on value of type null in C:\xampp\Desktop\mdcnpal\htdocs\public_html\includes\footer.php on line 366
[2026-07-06 19:33:07] Undefined property: app::$rs_customer in C:\xampp\Desktop\mdcnpal\htdocs\public_html\includes\footer.php on line 372
[2026-07-06 19:33:07] Trying to access array offset on value of type null in C:\xampp\Desktop\mdcnpal\htdocs\public_html\includes\footer.php on line 372
[2026-07-06 19:33:07] Undefined property: app::$rs_customer in C:\xampp\Desktop\mdcnpal\htdocs\public_html\includes\general_data.php on line 88
[2026-07-06 19:33:07] Trying to access array offset on value of type null in C:\xampp\Desktop\mdcnpal\htdocs\public_html\includes\general_data.php on line 88
[2026-07-06 19:33:07] Undefined array key "MDRCCustID" in C:\xampp\Desktop\mdcnpal\htdocs\public_html\includes\general_data.php on line 88
[2026-07-06 19:33:07] Undefined variable $tmpStr in C:\xampp\Desktop\mdcnpal\htdocs\public_html\core\app.php on line 969
[2026-07-06 19:33:07] Creation of dynamic property dbclass::$RECORD_SET is deprecated in C:\xampp\Desktop\mdcnpal\htdocs\public_html\core\dbclass.php on line 69
[2026-07-06 19:33:07] Creation of dynamic property dbclass::$app is deprecated in C:\xampp\Desktop\mdcnpal\htdocs\public_html\core\dbclass.php on line 75
[2026-07-06 19:33:07] Creation of dynamic property model::$foreign_tables is deprecated in C:\xampp\Desktop\mdcnpal\htdocs\public_html\core\model.php on line 43
[2026-07-06 19:33:07] Creation of dynamic property app::$inputfilter is deprecated in C:\xampp\Desktop\mdcnpal\htdocs\public_html\core\app.php on line 123
[2026-07-06 19:33:07] Creation of dynamic property app::$userconfig is deprecated in C:\xampp\Desktop\mdcnpal\htdocs\public_html\core\app.php on line 124
[2026-07-06 19:33:07] Creation of dynamic property app::$global_include is deprecated in C:\xampp\Desktop\mdcnpal\htdocs\public_html\core\app.php on line 125
[2026-07-06 19:33:07] Creation of dynamic property app::$set_cache_time is deprecated in C:\xampp\Desktop\mdcnpal\htdocs\public_html\core\app.php on line 153
[2026-07-06 19:33:08] Creation of dynamic property dbclass::$RECORD_SET is deprecated in C:\xampp\Desktop\mdcnpal\htdocs\public_html\core\dbclass.php on line 69
[2026-07-06 19:33:08] Creation of dynamic property dbclass::$app is deprecated in C:\xampp\Desktop\mdcnpal\htdocs\public_html\core\dbclass.php on line 75
[2026-07-06 19:33:08] Creation of dynamic property model::$foreign_tables is deprecated in C:\xampp\Desktop\mdcnpal\htdocs\public_html\core\model.php on line 43
[2026-07-06 19:33:08] Creation of dynamic property app::$inputfilter is deprecated in C:\xampp\Desktop\mdcnpal\htdocs\public_html\core\app.php on line 123
[2026-07-06 19:33:08] Creation of dynamic property app::$userconfig is deprecated in C:\xampp\Desktop\mdcnpal\htdocs\public_html\core\app.php on line 124
[2026-07-06 19:33:08] Creation of dynamic property app::$global_include is deprecated in C:\xampp\Desktop\mdcnpal\htdocs\public_html\core\app.php on line 125
[2026-07-06 19:33:08] Creation of dynamic property app::$set_cache_time is deprecated in C:\xampp\Desktop\mdcnpal\htdocs\public_html\core\app.php on line 153
[2026-07-06 19:33:08] Undefined variable $RESULT in C:\xampp\Desktop\mdcnpal\htdocs\public_html\scripts\ajax\selectCityUsingGoogleMapApi.php on line 69
[2026-07-06 19:33:08] Undefined variable $URL in C:\xampp\Desktop\mdcnpal\htdocs\public_html\scripts\ajax\selectCityUsingGoogleMapApi.php on line 73
[2026-07-06 19:33:12] Creation of dynamic property dbclass::$RECORD_SET is deprecated in C:\xampp\Desktop\mdcnpal\htdocs\public_html\core\dbclass.php on line 69
[2026-07-06 19:33:12] Creation of dynamic property dbclass::$app is deprecated in C:\xampp\Desktop\mdcnpal\htdocs\public_html\core\dbclass.php on line 75
[2026-07-06 19:33:12] Creation of dynamic property model::$foreign_tables is deprecated in C:\xampp\Desktop\mdcnpal\htdocs\public_html\core\model.php on line 43
[2026-07-06 19:33:12] Creation of dynamic property app::$inputfilter is deprecated in C:\xampp\Desktop\mdcnpal\htdocs\public_html\core\app.php on line 123
[2026-07-06 19:33:12] Creation of dynamic property app::$userconfig is deprecated in C:\xampp\Desktop\mdcnpal\htdocs\public_html\core\app.php on line 124
[2026-07-06 19:33:12] Creation of dynamic property app::$global_include is deprecated in C:\xampp\Desktop\mdcnpal\htdocs\public_html\core\app.php on line 125
[2026-07-06 19:33:12] Creation of dynamic property app::$set_cache_time is deprecated in C:\xampp\Desktop\mdcnpal\htdocs\public_html\core\app.php on line 153
[2026-07-06 19:33:12] Creation of dynamic property app::$meta is deprecated in C:\xampp\Desktop\mdcnpal\htdocs\public_html\core\app.php on line 434
[2026-07-06 19:33:12] Creation of dynamic property app::$rs_gs_city is deprecated in C:\xampp\Desktop\mdcnpal\htdocs\public_html\core\app.php on line 434
[2026-07-06 19:33:12] Creation of dynamic property app::$rs_footer_popular_item is deprecated in C:\xampp\Desktop\mdcnpal\htdocs\public_html\core\app.php on line 434
[2026-07-06 19:33:13] Creation of dynamic property app::$rs_footer_popular_test is deprecated in C:\xampp\Desktop\mdcnpal\htdocs\public_html\core\app.php on line 434
[2026-07-06 19:33:13] Creation of dynamic property app::$rs_testimonial is deprecated in C:\xampp\Desktop\mdcnpal\htdocs\public_html\core\app.php on line 434
[2026-07-06 19:33:13] Creation of dynamic property app::$admin is deprecated in C:\xampp\Desktop\mdcnpal\htdocs\public_html\core\app.php on line 434
[2026-07-06 19:33:13] Undefined array key 0 in C:\xampp\Desktop\mdcnpal\htdocs\public_html\core\global_include.php on line 514
[2026-07-06 19:33:13] Creation of dynamic property app::$popup is deprecated in C:\xampp\Desktop\mdcnpal\htdocs\public_html\core\app.php on line 434
[2026-07-06 19:33:13] Undefined array key "MDRCCustID" in C:\xampp\Desktop\mdcnpal\htdocs\public_html\core\global_include.php on line 515
[2026-07-06 19:33:13] Undefined array key "MDRCToken" in C:\xampp\Desktop\mdcnpal\htdocs\public_html\core\global_include.php on line 515
[2026-07-06 19:33:13] Creation of dynamic property app::$rscategory is deprecated in C:\xampp\Desktop\mdcnpal\htdocs\public_html\core\app.php on line 434
[2026-07-06 19:33:13] Creation of dynamic property app::$rs_pages is deprecated in C:\xampp\Desktop\mdcnpal\htdocs\public_html\core\app.php on line 434
[2026-07-06 19:33:13] Creation of dynamic property app::$gs is deprecated in C:\xampp\Desktop\mdcnpal\htdocs\public_html\core\app.php on line 434
[2026-07-06 19:33:13] Undefined array key "MDRCCustID" in C:\xampp\Desktop\mdcnpal\htdocs\public_html\core\global_include.php on line 596
[2026-07-06 19:33:13] Undefined array key "MDRCCustID" in C:\xampp\Desktop\mdcnpal\htdocs\public_html\core\global_include.php on line 615
[2026-07-06 19:33:13] Undefined variable $getId in C:\xampp\Desktop\mdcnpal\htdocs\public_html\core\global_include.php on line 684
[2026-07-06 19:33:13] Undefined variable $getName in C:\xampp\Desktop\mdcnpal\htdocs\public_html\core\global_include.php on line 685
[2026-07-06 19:33:13] Undefined array key 0 in C:\xampp\Desktop\mdcnpal\htdocs\public_html\core\global_include.php on line 810
[2026-07-06 19:33:13] Creation of dynamic property app::$rs_offer_msg is deprecated in C:\xampp\Desktop\mdcnpal\htdocs\public_html\core\app.php on line 434
[2026-07-06 19:33:13] Creation of dynamic property app::$rs_for_doctors is deprecated in C:\xampp\Desktop\mdcnpal\htdocs\public_html\core\app.php on line 434
[2026-07-06 19:33:13] Creation of dynamic property app::$rs_data is deprecated in C:\xampp\Desktop\mdcnpal\htdocs\public_html\core\app.php on line 434
[2026-07-06 19:33:13] Creation of dynamic property app::$rs_certi_data is deprecated in C:\xampp\Desktop\mdcnpal\htdocs\public_html\core\app.php on line 434
[2026-07-06 19:33:13] Creation of dynamic property app::$rs_key_fetures_data is deprecated in C:\xampp\Desktop\mdcnpal\htdocs\public_html\core\app.php on line 434
[2026-07-06 19:33:13] Creation of dynamic property app::$rs_banner is deprecated in C:\xampp\Desktop\mdcnpal\htdocs\public_html\core\app.php on line 434
[2026-07-06 19:33:13] Creation of dynamic property app::$rs_package_data is deprecated in C:\xampp\Desktop\mdcnpal\htdocs\public_html\core\app.php on line 434
[2026-07-06 19:33:13] Creation of dynamic property app::$city_id is deprecated in C:\xampp\Desktop\mdcnpal\htdocs\public_html\core\app.php on line 434
[2026-07-06 19:33:13] Creation of dynamic property app::$city_name is deprecated in C:\xampp\Desktop\mdcnpal\htdocs\public_html\core\app.php on line 434
[2026-07-06 19:33:13] Creation of dynamic property app::$rs_faq_data is deprecated in C:\xampp\Desktop\mdcnpal\htdocs\public_html\core\app.php on line 434
[2026-07-06 19:33:13] Undefined property: app::$rs_cartmini in C:\xampp\Desktop\mdcnpal\htdocs\public_html\includes\header.php on line 131
[2026-07-06 19:33:13] Undefined array key "MDRCCustID" in C:\xampp\Desktop\mdcnpal\htdocs\public_html\includes\header.php on line 134
[2026-07-06 19:33:13] Undefined property: app::$rs_cartmini in C:\xampp\Desktop\mdcnpal\htdocs\public_html\includes\header.php on line 197
[2026-07-06 19:33:13] Undefined array key "MDRCCustID" in C:\xampp\Desktop\mdcnpal\htdocs\public_html\includes\header.php on line 200
[2026-07-06 19:33:13] Undefined property: app::$rs_cartmini in C:\xampp\Desktop\mdcnpal\htdocs\public_html\includes\header.php on line 469
[2026-07-06 19:33:13] Undefined array key "MDRCCustID" in C:\xampp\Desktop\mdcnpal\htdocs\public_html\includes\header.php on line 472
[2026-07-06 19:33:13] Undefined property: app::$rs_cartmini in C:\xampp\Desktop\mdcnpal\htdocs\public_html\includes\header.php on line 525
[2026-07-06 19:33:13] Undefined array key "MDRCCustID" in C:\xampp\Desktop\mdcnpal\htdocs\public_html\includes\header.php on line 528
[2026-07-06 19:33:13] Undefined property: app::$rs_customer in C:\xampp\Desktop\mdcnpal\htdocs\public_html\includes\header.php on line 712
[2026-07-06 19:33:13] Trying to access array offset on value of type null in C:\xampp\Desktop\mdcnpal\htdocs\public_html\includes\header.php on line 712
[2026-07-06 19:33:13] Undefined property: app::$rs_customer in C:\xampp\Desktop\mdcnpal\htdocs\public_html\includes\header.php on line 721
[2026-07-06 19:33:13] Trying to access array offset on value of type null in C:\xampp\Desktop\mdcnpal\htdocs\public_html\includes\header.php on line 721
[2026-07-06 19:33:13] Undefined property: app::$rs_customer in C:\xampp\Desktop\mdcnpal\htdocs\public_html\includes\header.php on line 730
[2026-07-06 19:33:13] Trying to access array offset on value of type null in C:\xampp\Desktop\mdcnpal\htdocs\public_html\includes\header.php on line 730
[2026-07-06 19:33:13] Undefined property: app::$rs_customer in C:\xampp\Desktop\mdcnpal\htdocs\public_html\includes\header.php on line 739
[2026-07-06 19:33:13] Trying to access array offset on value of type null in C:\xampp\Desktop\mdcnpal\htdocs\public_html\includes\header.php on line 739
[2026-07-06 19:33:13] Undefined property: app::$rs_customer in C:\xampp\Desktop\mdcnpal\htdocs\public_html\includes\footer.php on line 357
[2026-07-06 19:33:13] Trying to access array offset on value of type null in C:\xampp\Desktop\mdcnpal\htdocs\public_html\includes\footer.php on line 357
[2026-07-06 19:33:13] Undefined property: app::$rs_customer in C:\xampp\Desktop\mdcnpal\htdocs\public_html\includes\footer.php on line 366
[2026-07-06 19:33:13] Trying to access array offset on value of type null in C:\xampp\Desktop\mdcnpal\htdocs\public_html\includes\footer.php on line 366
[2026-07-06 19:33:13] Undefined property: app::$rs_customer in C:\xampp\Desktop\mdcnpal\htdocs\public_html\includes\footer.php on line 372
[2026-07-06 19:33:13] Trying to access array offset on value of type null in C:\xampp\Desktop\mdcnpal\htdocs\public_html\includes\footer.php on line 372
[2026-07-06 19:33:13] Undefined property: app::$rs_customer in C:\xampp\Desktop\mdcnpal\htdocs\public_html\includes\general_data.php on line 88
[2026-07-06 19:33:13] Trying to access array offset on value of type null in C:\xampp\Desktop\mdcnpal\htdocs\public_html\includes\general_data.php on line 88
[2026-07-06 19:33:13] Undefined array key "MDRCCustID" in C:\xampp\Desktop\mdcnpal\htdocs\public_html\includes\general_data.php on line 88
[2026-07-06 19:33:13] Undefined variable $tmpStr in C:\xampp\Desktop\mdcnpal\htdocs\public_html\core\app.php on line 969
[2026-07-06 19:33:14] Creation of dynamic property dbclass::$RECORD_SET is deprecated in C:\xampp\Desktop\mdcnpal\htdocs\public_html\core\dbclass.php on line 69
[2026-07-06 19:33:14] Creation of dynamic property dbclass::$app is deprecated in C:\xampp\Desktop\mdcnpal\htdocs\public_html\core\dbclass.php on line 75
[2026-07-06 19:33:14] Creation of dynamic property model::$foreign_tables is deprecated in C:\xampp\Desktop\mdcnpal\htdocs\public_html\core\model.php on line 43
[2026-07-06 19:33:14] Creation of dynamic property app::$inputfilter is deprecated in C:\xampp\Desktop\mdcnpal\htdocs\public_html\core\app.php on line 123
[2026-07-06 19:33:14] Creation of dynamic property app::$userconfig is deprecated in C:\xampp\Desktop\mdcnpal\htdocs\public_html\core\app.php on line 124
[2026-07-06 19:33:14] Creation of dynamic property app::$global_include is deprecated in C:\xampp\Desktop\mdcnpal\htdocs\public_html\core\app.php on line 125
[2026-07-06 19:33:14] Creation of dynamic property app::$set_cache_time is deprecated in C:\xampp\Desktop\mdcnpal\htdocs\public_html\core\app.php on line 153
[2026-07-06 19:33:14] Undefined variable $RESULT in C:\xampp\Desktop\mdcnpal\htdocs\public_html\scripts\ajax\selectCityUsingGoogleMapApi.php on line 69
[2026-07-06 19:33:14] Undefined variable $URL in C:\xampp\Desktop\mdcnpal\htdocs\public_html\scripts\ajax\selectCityUsingGoogleMapApi.php on line 73
[2026-07-06 19:33:18] Creation of dynamic property dbclass::$RECORD_SET is deprecated in C:\xampp\Desktop\mdcnpal\htdocs\public_html\core\dbclass.php on line 69
[2026-07-06 19:33:18] Creation of dynamic property dbclass::$app is deprecated in C:\xampp\Desktop\mdcnpal\htdocs\public_html\core\dbclass.php on line 75
[2026-07-06 19:33:18] Creation of dynamic property model::$foreign_tables is deprecated in C:\xampp\Desktop\mdcnpal\htdocs\public_html\core\model.php on line 43
[2026-07-06 19:33:18] Creation of dynamic property app::$inputfilter is deprecated in C:\xampp\Desktop\mdcnpal\htdocs\public_html\core\app.php on line 123
[2026-07-06 19:33:18] Creation of dynamic property app::$userconfig is deprecated in C:\xampp\Desktop\mdcnpal\htdocs\public_html\core\app.php on line 124
[2026-07-06 19:33:18] Creation of dynamic property app::$global_include is deprecated in C:\xampp\Desktop\mdcnpal\htdocs\public_html\core\app.php on line 125
[2026-07-06 19:33:18] Creation of dynamic property app::$set_cache_time is deprecated in C:\xampp\Desktop\mdcnpal\htdocs\public_html\core\app.php on line 153
[2026-07-06 19:33:18] Creation of dynamic property app::$meta is deprecated in C:\xampp\Desktop\mdcnpal\htdocs\public_html\core\app.php on line 434
[2026-07-06 19:33:18] Creation of dynamic property app::$rs_gs_city is deprecated in C:\xampp\Desktop\mdcnpal\htdocs\public_html\core\app.php on line 434
[2026-07-06 19:33:18] Creation of dynamic property app::$rs_footer_popular_item is deprecated in C:\xampp\Desktop\mdcnpal\htdocs\public_html\core\app.php on line 434
[2026-07-06 19:33:18] Creation of dynamic property app::$rs_footer_popular_test is deprecated in C:\xampp\Desktop\mdcnpal\htdocs\public_html\core\app.php on line 434
[2026-07-06 19:33:18] Creation of dynamic property app::$rs_testimonial is deprecated in C:\xampp\Desktop\mdcnpal\htdocs\public_html\core\app.php on line 434
[2026-07-06 19:33:18] Creation of dynamic property app::$admin is deprecated in C:\xampp\Desktop\mdcnpal\htdocs\public_html\core\app.php on line 434
[2026-07-06 19:33:18] Undefined array key 0 in C:\xampp\Desktop\mdcnpal\htdocs\public_html\core\global_include.php on line 514
[2026-07-06 19:33:18] Creation of dynamic property app::$popup is deprecated in C:\xampp\Desktop\mdcnpal\htdocs\public_html\core\app.php on line 434
[2026-07-06 19:33:18] Undefined array key "MDRCCustID" in C:\xampp\Desktop\mdcnpal\htdocs\public_html\core\global_include.php on line 515
[2026-07-06 19:33:18] Undefined array key "MDRCToken" in C:\xampp\Desktop\mdcnpal\htdocs\public_html\core\global_include.php on line 515
[2026-07-06 19:33:18] Creation of dynamic property app::$rscategory is deprecated in C:\xampp\Desktop\mdcnpal\htdocs\public_html\core\app.php on line 434
[2026-07-06 19:33:18] Creation of dynamic property app::$rs_pages is deprecated in C:\xampp\Desktop\mdcnpal\htdocs\public_html\core\app.php on line 434
[2026-07-06 19:33:18] Creation of dynamic property app::$gs is deprecated in C:\xampp\Desktop\mdcnpal\htdocs\public_html\core\app.php on line 434
[2026-07-06 19:33:18] Undefined array key "MDRCCustID" in C:\xampp\Desktop\mdcnpal\htdocs\public_html\core\global_include.php on line 596
[2026-07-06 19:33:18] Undefined array key "MDRCCustID" in C:\xampp\Desktop\mdcnpal\htdocs\public_html\core\global_include.php on line 615
[2026-07-06 19:33:18] Undefined variable $getId in C:\xampp\Desktop\mdcnpal\htdocs\public_html\core\global_include.php on line 684
[2026-07-06 19:33:18] Undefined variable $getName in C:\xampp\Desktop\mdcnpal\htdocs\public_html\core\global_include.php on line 685
[2026-07-06 19:33:18] Undefined array key 0 in C:\xampp\Desktop\mdcnpal\htdocs\public_html\core\global_include.php on line 810
[2026-07-06 19:33:18] Creation of dynamic property app::$rs_offer_msg is deprecated in C:\xampp\Desktop\mdcnpal\htdocs\public_html\core\app.php on line 434
[2026-07-06 19:33:18] Creation of dynamic property app::$rs_for_doctors is deprecated in C:\xampp\Desktop\mdcnpal\htdocs\public_html\core\app.php on line 434
[2026-07-06 19:33:18] Creation of dynamic property app::$rs_banner is deprecated in C:\xampp\Desktop\mdcnpal\htdocs\public_html\core\app.php on line 434
[2026-07-06 19:33:18] Creation of dynamic property app::$page_info is deprecated in C:\xampp\Desktop\mdcnpal\htdocs\public_html\core\app.php on line 434
[2026-07-06 19:33:18] Creation of dynamic property app::$department_id is deprecated in C:\xampp\Desktop\mdcnpal\htdocs\public_html\core\app.php on line 434
[2026-07-06 19:33:18] Creation of dynamic property app::$city_id is deprecated in C:\xampp\Desktop\mdcnpal\htdocs\public_html\core\app.php on line 434
[2026-07-06 19:33:18] Creation of dynamic property app::$city_name is deprecated in C:\xampp\Desktop\mdcnpal\htdocs\public_html\core\app.php on line 434
[2026-07-06 19:33:18] Creation of dynamic property app::$data_id is deprecated in C:\xampp\Desktop\mdcnpal\htdocs\public_html\core\app.php on line 434
[2026-07-06 19:33:18] Creation of dynamic property app::$data_name is deprecated in C:\xampp\Desktop\mdcnpal\htdocs\public_html\core\app.php on line 434
[2026-07-06 19:33:18] Creation of dynamic property app::$pageType is deprecated in C:\xampp\Desktop\mdcnpal\htdocs\public_html\core\app.php on line 434
[2026-07-06 19:33:18] Creation of dynamic property app::$rs_faq_data is deprecated in C:\xampp\Desktop\mdcnpal\htdocs\public_html\core\app.php on line 434
[2026-07-06 19:33:18] Undefined property: app::$rs_cartmini in C:\xampp\Desktop\mdcnpal\htdocs\public_html\includes\header.php on line 131
[2026-07-06 19:33:18] Undefined array key "MDRCCustID" in C:\xampp\Desktop\mdcnpal\htdocs\public_html\includes\header.php on line 134
[2026-07-06 19:33:18] Undefined property: app::$rs_cartmini in C:\xampp\Desktop\mdcnpal\htdocs\public_html\includes\header.php on line 197
[2026-07-06 19:33:18] Undefined array key "MDRCCustID" in C:\xampp\Desktop\mdcnpal\htdocs\public_html\includes\header.php on line 200
[2026-07-06 19:33:18] Undefined property: app::$rs_cartmini in C:\xampp\Desktop\mdcnpal\htdocs\public_html\includes\header.php on line 469
[2026-07-06 19:33:18] Undefined array key "MDRCCustID" in C:\xampp\Desktop\mdcnpal\htdocs\public_html\includes\header.php on line 472
[2026-07-06 19:33:18] Undefined property: app::$rs_cartmini in C:\xampp\Desktop\mdcnpal\htdocs\public_html\includes\header.php on line 525
[2026-07-06 19:33:18] Undefined array key "MDRCCustID" in C:\xampp\Desktop\mdcnpal\htdocs\public_html\includes\header.php on line 528
[2026-07-06 19:33:18] Undefined property: app::$rs_customer in C:\xampp\Desktop\mdcnpal\htdocs\public_html\includes\header.php on line 712
[2026-07-06 19:33:18] Trying to access array offset on value of type null in C:\xampp\Desktop\mdcnpal\htdocs\public_html\includes\header.php on line 712
[2026-07-06 19:33:18] Undefined property: app::$rs_customer in C:\xampp\Desktop\mdcnpal\htdocs\public_html\includes\header.php on line 721
[2026-07-06 19:33:18] Trying to access array offset on value of type null in C:\xampp\Desktop\mdcnpal\htdocs\public_html\includes\header.php on line 721
[2026-07-06 19:33:18] Undefined property: app::$rs_customer in C:\xampp\Desktop\mdcnpal\htdocs\public_html\includes\header.php on line 730
[2026-07-06 19:33:18] Trying to access array offset on value of type null in C:\xampp\Desktop\mdcnpal\htdocs\public_html\includes\header.php on line 730
[2026-07-06 19:33:18] Undefined property: app::$rs_customer in C:\xampp\Desktop\mdcnpal\htdocs\public_html\includes\header.php on line 739
[2026-07-06 19:33:18] Trying to access array offset on value of type null in C:\xampp\Desktop\mdcnpal\htdocs\public_html\includes\header.php on line 739
[2026-07-06 19:33:18] Undefined property: app::$rs_customer in C:\xampp\Desktop\mdcnpal\htdocs\public_html\includes\footer.php on line 357
[2026-07-06 19:33:18] Trying to access array offset on value of type null in C:\xampp\Desktop\mdcnpal\htdocs\public_html\includes\footer.php on line 357
[2026-07-06 19:33:18] Undefined property: app::$rs_customer in C:\xampp\Desktop\mdcnpal\htdocs\public_html\includes\footer.php on line 366
[2026-07-06 19:33:18] Trying to access array offset on value of type null in C:\xampp\Desktop\mdcnpal\htdocs\public_html\includes\footer.php on line 366
[2026-07-06 19:33:18] Undefined property: app::$rs_customer in C:\xampp\Desktop\mdcnpal\htdocs\public_html\includes\footer.php on line 372
[2026-07-06 19:33:18] Trying to access array offset on value of type null in C:\xampp\Desktop\mdcnpal\htdocs\public_html\includes\footer.php on line 372
[2026-07-06 19:33:18] Undefined property: app::$rs_customer in C:\xampp\Desktop\mdcnpal\htdocs\public_html\includes\general_data.php on line 88
[2026-07-06 19:33:18] Trying to access array offset on value of type null in C:\xampp\Desktop\mdcnpal\htdocs\public_html\includes\general_data.php on line 88
[2026-07-06 19:33:18] Undefined array key "MDRCCustID" in C:\xampp\Desktop\mdcnpal\htdocs\public_html\includes\general_data.php on line 88
[2026-07-06 19:33:18] Undefined variable $tmpStr in C:\xampp\Desktop\mdcnpal\htdocs\public_html\core\app.php on line 969
[2026-07-06 19:33:19] Creation of dynamic property dbclass::$RECORD_SET is deprecated in C:\xampp\Desktop\mdcnpal\htdocs\public_html\core\dbclass.php on line 69
[2026-07-06 19:33:19] Creation of dynamic property dbclass::$app is deprecated in C:\xampp\Desktop\mdcnpal\htdocs\public_html\core\dbclass.php on line 75
[2026-07-06 19:33:19] Creation of dynamic property model::$foreign_tables is deprecated in C:\xampp\Desktop\mdcnpal\htdocs\public_html\core\model.php on line 43
[2026-07-06 19:33:19] Creation of dynamic property app::$inputfilter is deprecated in C:\xampp\Desktop\mdcnpal\htdocs\public_html\core\app.php on line 123
[2026-07-06 19:33:19] Creation of dynamic property app::$userconfig is deprecated in C:\xampp\Desktop\mdcnpal\htdocs\public_html\core\app.php on line 124
[2026-07-06 19:33:19] Creation of dynamic property app::$global_include is deprecated in C:\xampp\Desktop\mdcnpal\htdocs\public_html\core\app.php on line 125
[2026-07-06 19:33:19] Creation of dynamic property app::$set_cache_time is deprecated in C:\xampp\Desktop\mdcnpal\htdocs\public_html\core\app.php on line 153
[2026-07-06 19:33:19] Creation of dynamic property dbclass::$RECORD_SET is deprecated in C:\xampp\Desktop\mdcnpal\htdocs\public_html\core\dbclass.php on line 69
[2026-07-06 19:33:19] Creation of dynamic property dbclass::$app is deprecated in C:\xampp\Desktop\mdcnpal\htdocs\public_html\core\dbclass.php on line 75
[2026-07-06 19:33:19] Creation of dynamic property model::$foreign_tables is deprecated in C:\xampp\Desktop\mdcnpal\htdocs\public_html\core\model.php on line 43
[2026-07-06 19:33:19] Creation of dynamic property app::$inputfilter is deprecated in C:\xampp\Desktop\mdcnpal\htdocs\public_html\core\app.php on line 123
[2026-07-06 19:33:19] Creation of dynamic property app::$userconfig is deprecated in C:\xampp\Desktop\mdcnpal\htdocs\public_html\core\app.php on line 124
[2026-07-06 19:33:19] Creation of dynamic property app::$global_include is deprecated in C:\xampp\Desktop\mdcnpal\htdocs\public_html\core\app.php on line 125
[2026-07-06 19:33:19] Creation of dynamic property app::$set_cache_time is deprecated in C:\xampp\Desktop\mdcnpal\htdocs\public_html\core\app.php on line 153
[2026-07-06 19:33:19] Undefined variable $RESULT in C:\xampp\Desktop\mdcnpal\htdocs\public_html\scripts\ajax\selectCityUsingGoogleMapApi.php on line 69
[2026-07-06 19:33:19] Undefined variable $URL in C:\xampp\Desktop\mdcnpal\htdocs\public_html\scripts\ajax\selectCityUsingGoogleMapApi.php on line 73
[2026-07-06 19:33:25] Creation of dynamic property dbclass::$RECORD_SET is deprecated in C:\xampp\Desktop\mdcnpal\htdocs\public_html\core\dbclass.php on line 69
[2026-07-06 19:33:25] Creation of dynamic property dbclass::$app is deprecated in C:\xampp\Desktop\mdcnpal\htdocs\public_html\core\dbclass.php on line 75
[2026-07-06 19:33:25] Creation of dynamic property model::$foreign_tables is deprecated in C:\xampp\Desktop\mdcnpal\htdocs\public_html\core\model.php on line 43
[2026-07-06 19:33:25] Creation of dynamic property app::$inputfilter is deprecated in C:\xampp\Desktop\mdcnpal\htdocs\public_html\core\app.php on line 123
[2026-07-06 19:33:25] Creation of dynamic property app::$userconfig is deprecated in C:\xampp\Desktop\mdcnpal\htdocs\public_html\core\app.php on line 124
[2026-07-06 19:33:25] Creation of dynamic property app::$global_include is deprecated in C:\xampp\Desktop\mdcnpal\htdocs\public_html\core\app.php on line 125
[2026-07-06 19:33:25] Creation of dynamic property app::$set_cache_time is deprecated in C:\xampp\Desktop\mdcnpal\htdocs\public_html\core\app.php on line 153
[2026-07-06 19:33:25] Undefined array key "MDRCCustID" in C:\xampp\Desktop\mdcnpal\htdocs\public_html\scripts\ajax\changeCity.php on line 60
[2026-07-06 19:33:25] Creation of dynamic property dbclass::$RECORD_SET is deprecated in C:\xampp\Desktop\mdcnpal\htdocs\public_html\core\dbclass.php on line 69
[2026-07-06 19:33:26] Creation of dynamic property dbclass::$app is deprecated in C:\xampp\Desktop\mdcnpal\htdocs\public_html\core\dbclass.php on line 75
[2026-07-06 19:33:26] Creation of dynamic property model::$foreign_tables is deprecated in C:\xampp\Desktop\mdcnpal\htdocs\public_html\core\model.php on line 43
[2026-07-06 19:33:26] Creation of dynamic property app::$inputfilter is deprecated in C:\xampp\Desktop\mdcnpal\htdocs\public_html\core\app.php on line 123
[2026-07-06 19:33:26] Creation of dynamic property app::$userconfig is deprecated in C:\xampp\Desktop\mdcnpal\htdocs\public_html\core\app.php on line 124
[2026-07-06 19:33:26] Creation of dynamic property app::$global_include is deprecated in C:\xampp\Desktop\mdcnpal\htdocs\public_html\core\app.php on line 125
[2026-07-06 19:33:26] Creation of dynamic property app::$set_cache_time is deprecated in C:\xampp\Desktop\mdcnpal\htdocs\public_html\core\app.php on line 153
[2026-07-06 19:33:26] Creation of dynamic property app::$meta is deprecated in C:\xampp\Desktop\mdcnpal\htdocs\public_html\core\app.php on line 434
[2026-07-06 19:33:26] Creation of dynamic property app::$rs_gs_city is deprecated in C:\xampp\Desktop\mdcnpal\htdocs\public_html\core\app.php on line 434
[2026-07-06 19:33:26] Creation of dynamic property app::$rs_footer_popular_item is deprecated in C:\xampp\Desktop\mdcnpal\htdocs\public_html\core\app.php on line 434
[2026-07-06 19:33:26] Creation of dynamic property app::$rs_footer_popular_test is deprecated in C:\xampp\Desktop\mdcnpal\htdocs\public_html\core\app.php on line 434
[2026-07-06 19:33:26] Creation of dynamic property app::$rs_testimonial is deprecated in C:\xampp\Desktop\mdcnpal\htdocs\public_html\core\app.php on line 434
[2026-07-06 19:33:26] Creation of dynamic property app::$admin is deprecated in C:\xampp\Desktop\mdcnpal\htdocs\public_html\core\app.php on line 434
[2026-07-06 19:33:26] Undefined array key 0 in C:\xampp\Desktop\mdcnpal\htdocs\public_html\core\global_include.php on line 514
[2026-07-06 19:33:26] Creation of dynamic property app::$popup is deprecated in C:\xampp\Desktop\mdcnpal\htdocs\public_html\core\app.php on line 434
[2026-07-06 19:33:26] Undefined array key "MDRCCustID" in C:\xampp\Desktop\mdcnpal\htdocs\public_html\core\global_include.php on line 515
[2026-07-06 19:33:26] Undefined array key "MDRCToken" in C:\xampp\Desktop\mdcnpal\htdocs\public_html\core\global_include.php on line 515
[2026-07-06 19:33:26] Creation of dynamic property app::$rscategory is deprecated in C:\xampp\Desktop\mdcnpal\htdocs\public_html\core\app.php on line 434
[2026-07-06 19:33:26] Creation of dynamic property app::$rs_pages is deprecated in C:\xampp\Desktop\mdcnpal\htdocs\public_html\core\app.php on line 434
[2026-07-06 19:33:26] Creation of dynamic property app::$gs is deprecated in C:\xampp\Desktop\mdcnpal\htdocs\public_html\core\app.php on line 434
[2026-07-06 19:33:26] Undefined array key "MDRCCustID" in C:\xampp\Desktop\mdcnpal\htdocs\public_html\core\global_include.php on line 596
[2026-07-06 19:33:26] Undefined array key "MDRCCustID" in C:\xampp\Desktop\mdcnpal\htdocs\public_html\core\global_include.php on line 615
[2026-07-06 19:33:26] Undefined variable $getId in C:\xampp\Desktop\mdcnpal\htdocs\public_html\core\global_include.php on line 684
[2026-07-06 19:33:26] Undefined variable $getName in C:\xampp\Desktop\mdcnpal\htdocs\public_html\core\global_include.php on line 685
[2026-07-06 19:33:26] Undefined array key 0 in C:\xampp\Desktop\mdcnpal\htdocs\public_html\core\global_include.php on line 810
[2026-07-06 19:33:26] Creation of dynamic property app::$rs_offer_msg is deprecated in C:\xampp\Desktop\mdcnpal\htdocs\public_html\core\app.php on line 434
[2026-07-06 19:33:26] Creation of dynamic property app::$rs_for_doctors is deprecated in C:\xampp\Desktop\mdcnpal\htdocs\public_html\core\app.php on line 434
[2026-07-06 19:33:26] Creation of dynamic property dbclass::$RECORD_SET is deprecated in C:\xampp\Desktop\mdcnpal\htdocs\public_html\core\dbclass.php on line 69
[2026-07-06 19:33:26] Creation of dynamic property dbclass::$app is deprecated in C:\xampp\Desktop\mdcnpal\htdocs\public_html\core\dbclass.php on line 75
[2026-07-06 19:33:26] Creation of dynamic property model::$foreign_tables is deprecated in C:\xampp\Desktop\mdcnpal\htdocs\public_html\core\model.php on line 43
[2026-07-06 19:33:26] Creation of dynamic property app::$inputfilter is deprecated in C:\xampp\Desktop\mdcnpal\htdocs\public_html\core\app.php on line 123
[2026-07-06 19:33:26] Creation of dynamic property app::$userconfig is deprecated in C:\xampp\Desktop\mdcnpal\htdocs\public_html\core\app.php on line 124
[2026-07-06 19:33:26] Creation of dynamic property app::$global_include is deprecated in C:\xampp\Desktop\mdcnpal\htdocs\public_html\core\app.php on line 125
[2026-07-06 19:33:26] Creation of dynamic property app::$set_cache_time is deprecated in C:\xampp\Desktop\mdcnpal\htdocs\public_html\core\app.php on line 153
[2026-07-06 19:33:26] Creation of dynamic property app::$meta is deprecated in C:\xampp\Desktop\mdcnpal\htdocs\public_html\core\app.php on line 434
[2026-07-06 19:33:26] Creation of dynamic property app::$rs_gs_city is deprecated in C:\xampp\Desktop\mdcnpal\htdocs\public_html\core\app.php on line 434
[2026-07-06 19:33:26] Creation of dynamic property app::$rs_footer_popular_item is deprecated in C:\xampp\Desktop\mdcnpal\htdocs\public_html\core\app.php on line 434
[2026-07-06 19:33:26] Creation of dynamic property app::$rs_footer_popular_test is deprecated in C:\xampp\Desktop\mdcnpal\htdocs\public_html\core\app.php on line 434
[2026-07-06 19:33:26] Creation of dynamic property app::$rs_testimonial is deprecated in C:\xampp\Desktop\mdcnpal\htdocs\public_html\core\app.php on line 434
[2026-07-06 19:33:26] Creation of dynamic property app::$admin is deprecated in C:\xampp\Desktop\mdcnpal\htdocs\public_html\core\app.php on line 434
[2026-07-06 19:33:26] Undefined array key 0 in C:\xampp\Desktop\mdcnpal\htdocs\public_html\core\global_include.php on line 514
[2026-07-06 19:33:26] Creation of dynamic property app::$popup is deprecated in C:\xampp\Desktop\mdcnpal\htdocs\public_html\core\app.php on line 434
[2026-07-06 19:33:26] Undefined array key "MDRCCustID" in C:\xampp\Desktop\mdcnpal\htdocs\public_html\core\global_include.php on line 515
[2026-07-06 19:33:26] Undefined array key "MDRCToken" in C:\xampp\Desktop\mdcnpal\htdocs\public_html\core\global_include.php on line 515
[2026-07-06 19:33:26] Creation of dynamic property app::$rscategory is deprecated in C:\xampp\Desktop\mdcnpal\htdocs\public_html\core\app.php on line 434
[2026-07-06 19:33:26] Creation of dynamic property app::$rs_pages is deprecated in C:\xampp\Desktop\mdcnpal\htdocs\public_html\core\app.php on line 434
[2026-07-06 19:33:26] Creation of dynamic property app::$gs is deprecated in C:\xampp\Desktop\mdcnpal\htdocs\public_html\core\app.php on line 434
[2026-07-06 19:33:26] Undefined array key "MDRCCustID" in C:\xampp\Desktop\mdcnpal\htdocs\public_html\core\global_include.php on line 596
[2026-07-06 19:33:26] Undefined array key "MDRCCustID" in C:\xampp\Desktop\mdcnpal\htdocs\public_html\core\global_include.php on line 615
[2026-07-06 19:33:26] Undefined variable $getId in C:\xampp\Desktop\mdcnpal\htdocs\public_html\core\global_include.php on line 684
[2026-07-06 19:33:26] Undefined variable $getName in C:\xampp\Desktop\mdcnpal\htdocs\public_html\core\global_include.php on line 685
[2026-07-06 19:33:26] Undefined array key 0 in C:\xampp\Desktop\mdcnpal\htdocs\public_html\core\global_include.php on line 810
[2026-07-06 19:33:26] Creation of dynamic property app::$rs_offer_msg is deprecated in C:\xampp\Desktop\mdcnpal\htdocs\public_html\core\app.php on line 434
[2026-07-06 19:33:26] Creation of dynamic property app::$rs_for_doctors is deprecated in C:\xampp\Desktop\mdcnpal\htdocs\public_html\core\app.php on line 434
[2026-07-06 19:33:26] Creation of dynamic property app::$description is deprecated in C:\xampp\Desktop\mdcnpal\htdocs\public_html\core\app.php on line 434
[2026-07-06 19:33:26] Creation of dynamic property app::$rs_banner is deprecated in C:\xampp\Desktop\mdcnpal\htdocs\public_html\core\app.php on line 434
[2026-07-06 19:33:26] Creation of dynamic property app::$rs_item_diseases is deprecated in C:\xampp\Desktop\mdcnpal\htdocs\public_html\core\app.php on line 434
[2026-07-06 19:33:26] Creation of dynamic property app::$rs_item_home_category is deprecated in C:\xampp\Desktop\mdcnpal\htdocs\public_html\core\app.php on line 434
[2026-07-06 19:33:26] Creation of dynamic property app::$rs_item_banner_category is deprecated in C:\xampp\Desktop\mdcnpal\htdocs\public_html\core\app.php on line 434
[2026-07-06 19:33:26] Creation of dynamic property app::$rs_services is deprecated in C:\xampp\Desktop\mdcnpal\htdocs\public_html\core\app.php on line 434
[2026-07-06 19:33:26] Creation of dynamic property app::$rs_blog is deprecated in C:\xampp\Desktop\mdcnpal\htdocs\public_html\core\app.php on line 434
[2026-07-06 19:33:26] Creation of dynamic property app::$rs_category is deprecated in C:\xampp\Desktop\mdcnpal\htdocs\public_html\core\app.php on line 434
[2026-07-06 19:33:26] Creation of dynamic property app::$rs_faq_data is deprecated in C:\xampp\Desktop\mdcnpal\htdocs\public_html\core\app.php on line 434
[2026-07-06 19:33:26] Creation of dynamic property app::$rs_gallery_data is deprecated in C:\xampp\Desktop\mdcnpal\htdocs\public_html\core\app.php on line 434
[2026-07-06 19:33:26] Undefined property: app::$rs_cartmini in C:\xampp\Desktop\mdcnpal\htdocs\public_html\includes\header.php on line 131
[2026-07-06 19:33:26] Undefined array key "MDRCCustID" in C:\xampp\Desktop\mdcnpal\htdocs\public_html\includes\header.php on line 134
[2026-07-06 19:33:26] Undefined property: app::$rs_cartmini in C:\xampp\Desktop\mdcnpal\htdocs\public_html\includes\header.php on line 197
[2026-07-06 19:33:26] Undefined array key "MDRCCustID" in C:\xampp\Desktop\mdcnpal\htdocs\public_html\includes\header.php on line 200
[2026-07-06 19:33:26] Undefined property: app::$rs_cartmini in C:\xampp\Desktop\mdcnpal\htdocs\public_html\includes\header.php on line 469
[2026-07-06 19:33:26] Undefined array key "MDRCCustID" in C:\xampp\Desktop\mdcnpal\htdocs\public_html\includes\header.php on line 472
[2026-07-06 19:33:26] Undefined property: app::$rs_cartmini in C:\xampp\Desktop\mdcnpal\htdocs\public_html\includes\header.php on line 525
[2026-07-06 19:33:26] Undefined array key "MDRCCustID" in C:\xampp\Desktop\mdcnpal\htdocs\public_html\includes\header.php on line 528
[2026-07-06 19:33:26] Undefined property: app::$rs_customer in C:\xampp\Desktop\mdcnpal\htdocs\public_html\includes\header.php on line 712
[2026-07-06 19:33:26] Trying to access array offset on value of type null in C:\xampp\Desktop\mdcnpal\htdocs\public_html\includes\header.php on line 712
[2026-07-06 19:33:26] Undefined property: app::$rs_customer in C:\xampp\Desktop\mdcnpal\htdocs\public_html\includes\header.php on line 721
[2026-07-06 19:33:26] Trying to access array offset on value of type null in C:\xampp\Desktop\mdcnpal\htdocs\public_html\includes\header.php on line 721
[2026-07-06 19:33:26] Undefined property: app::$rs_customer in C:\xampp\Desktop\mdcnpal\htdocs\public_html\includes\header.php on line 730
[2026-07-06 19:33:26] Trying to access array offset on value of type null in C:\xampp\Desktop\mdcnpal\htdocs\public_html\includes\header.php on line 730
[2026-07-06 19:33:26] Undefined property: app::$rs_customer in C:\xampp\Desktop\mdcnpal\htdocs\public_html\includes\header.php on line 739
[2026-07-06 19:33:26] Trying to access array offset on value of type null in C:\xampp\Desktop\mdcnpal\htdocs\public_html\includes\header.php on line 739
[2026-07-06 19:33:26] Undefined property: app::$rs_customer in C:\xampp\Desktop\mdcnpal\htdocs\public_html\includes\footer.php on line 357
[2026-07-06 19:33:26] Trying to access array offset on value of type null in C:\xampp\Desktop\mdcnpal\htdocs\public_html\includes\footer.php on line 357
[2026-07-06 19:33:26] Undefined property: app::$rs_customer in C:\xampp\Desktop\mdcnpal\htdocs\public_html\includes\footer.php on line 366
[2026-07-06 19:33:26] Trying to access array offset on value of type null in C:\xampp\Desktop\mdcnpal\htdocs\public_html\includes\footer.php on line 366
[2026-07-06 19:33:26] Undefined property: app::$rs_customer in C:\xampp\Desktop\mdcnpal\htdocs\public_html\includes\footer.php on line 372
[2026-07-06 19:33:26] Trying to access array offset on value of type null in C:\xampp\Desktop\mdcnpal\htdocs\public_html\includes\footer.php on line 372
[2026-07-06 19:33:26] Undefined property: app::$rs_customer in C:\xampp\Desktop\mdcnpal\htdocs\public_html\includes\general_data.php on line 88
[2026-07-06 19:33:26] Trying to access array offset on value of type null in C:\xampp\Desktop\mdcnpal\htdocs\public_html\includes\general_data.php on line 88
[2026-07-06 19:33:26] Undefined array key "MDRCCustID" in C:\xampp\Desktop\mdcnpal\htdocs\public_html\includes\general_data.php on line 88
[2026-07-06 19:33:26] Undefined variable $tmpStr in C:\xampp\Desktop\mdcnpal\htdocs\public_html\core\app.php on line 969
[2026-07-06 19:33:27] Creation of dynamic property dbclass::$RECORD_SET is deprecated in C:\xampp\Desktop\mdcnpal\htdocs\public_html\core\dbclass.php on line 69
[2026-07-06 19:33:27] Creation of dynamic property dbclass::$app is deprecated in C:\xampp\Desktop\mdcnpal\htdocs\public_html\core\dbclass.php on line 75
[2026-07-06 19:33:27] Creation of dynamic property model::$foreign_tables is deprecated in C:\xampp\Desktop\mdcnpal\htdocs\public_html\core\model.php on line 43
[2026-07-06 19:33:27] Creation of dynamic property app::$inputfilter is deprecated in C:\xampp\Desktop\mdcnpal\htdocs\public_html\core\app.php on line 123
[2026-07-06 19:33:27] Creation of dynamic property app::$userconfig is deprecated in C:\xampp\Desktop\mdcnpal\htdocs\public_html\core\app.php on line 124
[2026-07-06 19:33:27] Creation of dynamic property app::$global_include is deprecated in C:\xampp\Desktop\mdcnpal\htdocs\public_html\core\app.php on line 125
[2026-07-06 19:33:27] Creation of dynamic property app::$set_cache_time is deprecated in C:\xampp\Desktop\mdcnpal\htdocs\public_html\core\app.php on line 153
[2026-07-06 19:33:27] Undefined variable $RESULT in C:\xampp\Desktop\mdcnpal\htdocs\public_html\scripts\ajax\selectCityUsingGoogleMapApi.php on line 69
[2026-07-06 19:33:27] Undefined variable $URL in C:\xampp\Desktop\mdcnpal\htdocs\public_html\scripts\ajax\selectCityUsingGoogleMapApi.php on line 73
[2026-07-06 19:34:11] Creation of dynamic property dbclass::$RECORD_SET is deprecated in C:\xampp\Desktop\mdcnpal\htdocs\public_html\core\dbclass.php on line 69
[2026-07-06 19:34:11] Creation of dynamic property dbclass::$app is deprecated in C:\xampp\Desktop\mdcnpal\htdocs\public_html\core\dbclass.php on line 75
[2026-07-06 19:34:11] Creation of dynamic property model::$foreign_tables is deprecated in C:\xampp\Desktop\mdcnpal\htdocs\public_html\core\model.php on line 43
[2026-07-06 19:34:11] Creation of dynamic property app::$inputfilter is deprecated in C:\xampp\Desktop\mdcnpal\htdocs\public_html\core\app.php on line 123
[2026-07-06 19:34:11] Creation of dynamic property app::$userconfig is deprecated in C:\xampp\Desktop\mdcnpal\htdocs\public_html\core\app.php on line 124
[2026-07-06 19:34:11] Creation of dynamic property app::$global_include is deprecated in C:\xampp\Desktop\mdcnpal\htdocs\public_html\core\app.php on line 125
[2026-07-06 19:34:11] Creation of dynamic property app::$set_cache_time is deprecated in C:\xampp\Desktop\mdcnpal\htdocs\public_html\core\app.php on line 153
[2026-07-06 19:34:11] Creation of dynamic property app::$meta is deprecated in C:\xampp\Desktop\mdcnpal\htdocs\public_html\core\app.php on line 434
[2026-07-06 19:34:11] Creation of dynamic property app::$rs_gs_city is deprecated in C:\xampp\Desktop\mdcnpal\htdocs\public_html\core\app.php on line 434
[2026-07-06 19:34:11] Creation of dynamic property app::$rs_footer_popular_item is deprecated in C:\xampp\Desktop\mdcnpal\htdocs\public_html\core\app.php on line 434
[2026-07-06 19:34:11] Creation of dynamic property app::$rs_footer_popular_test is deprecated in C:\xampp\Desktop\mdcnpal\htdocs\public_html\core\app.php on line 434
[2026-07-06 19:34:11] Creation of dynamic property app::$rs_testimonial is deprecated in C:\xampp\Desktop\mdcnpal\htdocs\public_html\core\app.php on line 434
[2026-07-06 19:34:11] Creation of dynamic property app::$admin is deprecated in C:\xampp\Desktop\mdcnpal\htdocs\public_html\core\app.php on line 434
[2026-07-06 19:34:11] Undefined array key 0 in C:\xampp\Desktop\mdcnpal\htdocs\public_html\core\global_include.php on line 514
[2026-07-06 19:34:11] Creation of dynamic property app::$popup is deprecated in C:\xampp\Desktop\mdcnpal\htdocs\public_html\core\app.php on line 434
[2026-07-06 19:34:11] Undefined array key "MDRCCustID" in C:\xampp\Desktop\mdcnpal\htdocs\public_html\core\global_include.php on line 515
[2026-07-06 19:34:11] Undefined array key "MDRCToken" in C:\xampp\Desktop\mdcnpal\htdocs\public_html\core\global_include.php on line 515
[2026-07-06 19:34:11] Creation of dynamic property app::$rscategory is deprecated in C:\xampp\Desktop\mdcnpal\htdocs\public_html\core\app.php on line 434
[2026-07-06 19:34:11] Creation of dynamic property app::$rs_pages is deprecated in C:\xampp\Desktop\mdcnpal\htdocs\public_html\core\app.php on line 434
[2026-07-06 19:34:11] Creation of dynamic property app::$gs is deprecated in C:\xampp\Desktop\mdcnpal\htdocs\public_html\core\app.php on line 434
[2026-07-06 19:34:11] Undefined array key "MDRCCustID" in C:\xampp\Desktop\mdcnpal\htdocs\public_html\core\global_include.php on line 596
[2026-07-06 19:34:11] Undefined array key "MDRCCustID" in C:\xampp\Desktop\mdcnpal\htdocs\public_html\core\global_include.php on line 615
[2026-07-06 19:34:11] Undefined variable $getId in C:\xampp\Desktop\mdcnpal\htdocs\public_html\core\global_include.php on line 684
[2026-07-06 19:34:11] Undefined variable $getName in C:\xampp\Desktop\mdcnpal\htdocs\public_html\core\global_include.php on line 685
[2026-07-06 19:34:11] Undefined array key 0 in C:\xampp\Desktop\mdcnpal\htdocs\public_html\core\global_include.php on line 810
[2026-07-06 19:34:11] Creation of dynamic property app::$rs_offer_msg is deprecated in C:\xampp\Desktop\mdcnpal\htdocs\public_html\core\app.php on line 434
[2026-07-06 19:34:11] Creation of dynamic property app::$rs_for_doctors is deprecated in C:\xampp\Desktop\mdcnpal\htdocs\public_html\core\app.php on line 434
[2026-07-06 19:34:11] Creation of dynamic property app::$description is deprecated in C:\xampp\Desktop\mdcnpal\htdocs\public_html\core\app.php on line 434
[2026-07-06 19:34:11] Creation of dynamic property app::$rs_banner is deprecated in C:\xampp\Desktop\mdcnpal\htdocs\public_html\core\app.php on line 434
[2026-07-06 19:34:11] Creation of dynamic property app::$rs_item_diseases is deprecated in C:\xampp\Desktop\mdcnpal\htdocs\public_html\core\app.php on line 434
[2026-07-06 19:34:11] Creation of dynamic property app::$rs_item_home_category is deprecated in C:\xampp\Desktop\mdcnpal\htdocs\public_html\core\app.php on line 434
[2026-07-06 19:34:11] Creation of dynamic property app::$rs_item_banner_category is deprecated in C:\xampp\Desktop\mdcnpal\htdocs\public_html\core\app.php on line 434
[2026-07-06 19:34:11] Creation of dynamic property app::$rs_services is deprecated in C:\xampp\Desktop\mdcnpal\htdocs\public_html\core\app.php on line 434
[2026-07-06 19:34:11] Creation of dynamic property app::$rs_blog is deprecated in C:\xampp\Desktop\mdcnpal\htdocs\public_html\core\app.php on line 434
[2026-07-06 19:34:11] Creation of dynamic property app::$rs_category is deprecated in C:\xampp\Desktop\mdcnpal\htdocs\public_html\core\app.php on line 434
[2026-07-06 19:34:11] Creation of dynamic property app::$rs_faq_data is deprecated in C:\xampp\Desktop\mdcnpal\htdocs\public_html\core\app.php on line 434
[2026-07-06 19:34:11] Creation of dynamic property app::$rs_gallery_data is deprecated in C:\xampp\Desktop\mdcnpal\htdocs\public_html\core\app.php on line 434
[2026-07-06 19:34:11] Undefined property: app::$rs_cartmini in C:\xampp\Desktop\mdcnpal\htdocs\public_html\includes\header.php on line 131
[2026-07-06 19:34:11] Undefined array key "MDRCCustID" in C:\xampp\Desktop\mdcnpal\htdocs\public_html\includes\header.php on line 134
[2026-07-06 19:34:11] Undefined property: app::$rs_cartmini in C:\xampp\Desktop\mdcnpal\htdocs\public_html\includes\header.php on line 197
[2026-07-06 19:34:11] Undefined array key "MDRCCustID" in C:\xampp\Desktop\mdcnpal\htdocs\public_html\includes\header.php on line 200
[2026-07-06 19:34:11] Undefined property: app::$rs_cartmini in C:\xampp\Desktop\mdcnpal\htdocs\public_html\includes\header.php on line 469
[2026-07-06 19:34:11] Undefined array key "MDRCCustID" in C:\xampp\Desktop\mdcnpal\htdocs\public_html\includes\header.php on line 472
[2026-07-06 19:34:11] Undefined property: app::$rs_cartmini in C:\xampp\Desktop\mdcnpal\htdocs\public_html\includes\header.php on line 525
[2026-07-06 19:34:11] Undefined array key "MDRCCustID" in C:\xampp\Desktop\mdcnpal\htdocs\public_html\includes\header.php on line 528
[2026-07-06 19:34:11] Undefined property: app::$rs_customer in C:\xampp\Desktop\mdcnpal\htdocs\public_html\includes\header.php on line 712
[2026-07-06 19:34:11] Trying to access array offset on value of type null in C:\xampp\Desktop\mdcnpal\htdocs\public_html\includes\header.php on line 712
[2026-07-06 19:34:11] Undefined property: app::$rs_customer in C:\xampp\Desktop\mdcnpal\htdocs\public_html\includes\header.php on line 721
[2026-07-06 19:34:11] Trying to access array offset on value of type null in C:\xampp\Desktop\mdcnpal\htdocs\public_html\includes\header.php on line 721
[2026-07-06 19:34:11] Undefined property: app::$rs_customer in C:\xampp\Desktop\mdcnpal\htdocs\public_html\includes\header.php on line 730
[2026-07-06 19:34:11] Trying to access array offset on value of type null in C:\xampp\Desktop\mdcnpal\htdocs\public_html\includes\header.php on line 730
[2026-07-06 19:34:11] Undefined property: app::$rs_customer in C:\xampp\Desktop\mdcnpal\htdocs\public_html\includes\header.php on line 739
[2026-07-06 19:34:11] Trying to access array offset on value of type null in C:\xampp\Desktop\mdcnpal\htdocs\public_html\includes\header.php on line 739
[2026-07-06 19:34:11] Undefined property: app::$rs_customer in C:\xampp\Desktop\mdcnpal\htdocs\public_html\includes\footer.php on line 357
[2026-07-06 19:34:11] Trying to access array offset on value of type null in C:\xampp\Desktop\mdcnpal\htdocs\public_html\includes\footer.php on line 357
[2026-07-06 19:34:11] Undefined property: app::$rs_customer in C:\xampp\Desktop\mdcnpal\htdocs\public_html\includes\footer.php on line 366
[2026-07-06 19:34:11] Trying to access array offset on value of type null in C:\xampp\Desktop\mdcnpal\htdocs\public_html\includes\footer.php on line 366
[2026-07-06 19:34:11] Undefined property: app::$rs_customer in C:\xampp\Desktop\mdcnpal\htdocs\public_html\includes\footer.php on line 372
[2026-07-06 19:34:11] Trying to access array offset on value of type null in C:\xampp\Desktop\mdcnpal\htdocs\public_html\includes\footer.php on line 372
[2026-07-06 19:34:11] Undefined property: app::$rs_customer in C:\xampp\Desktop\mdcnpal\htdocs\public_html\includes\general_data.php on line 88
[2026-07-06 19:34:11] Trying to access array offset on value of type null in C:\xampp\Desktop\mdcnpal\htdocs\public_html\includes\general_data.php on line 88
[2026-07-06 19:34:11] Undefined array key "MDRCCustID" in C:\xampp\Desktop\mdcnpal\htdocs\public_html\includes\general_data.php on line 88
[2026-07-06 19:34:11] Undefined variable $tmpStr in C:\xampp\Desktop\mdcnpal\htdocs\public_html\core\app.php on line 969
[2026-07-06 19:34:18] Creation of dynamic property dbclass::$RECORD_SET is deprecated in C:\xampp\Desktop\mdcnpal\htdocs\public_html\core\dbclass.php on line 69
[2026-07-06 19:34:18] Creation of dynamic property dbclass::$app is deprecated in C:\xampp\Desktop\mdcnpal\htdocs\public_html\core\dbclass.php on line 75
[2026-07-06 19:34:18] Creation of dynamic property model::$foreign_tables is deprecated in C:\xampp\Desktop\mdcnpal\htdocs\public_html\core\model.php on line 43
[2026-07-06 19:34:18] Creation of dynamic property app::$inputfilter is deprecated in C:\xampp\Desktop\mdcnpal\htdocs\public_html\core\app.php on line 123
[2026-07-06 19:34:18] Creation of dynamic property app::$userconfig is deprecated in C:\xampp\Desktop\mdcnpal\htdocs\public_html\core\app.php on line 124
[2026-07-06 19:34:18] Creation of dynamic property app::$global_include is deprecated in C:\xampp\Desktop\mdcnpal\htdocs\public_html\core\app.php on line 125
[2026-07-06 19:34:18] Creation of dynamic property app::$set_cache_time is deprecated in C:\xampp\Desktop\mdcnpal\htdocs\public_html\core\app.php on line 153
[2026-07-06 19:34:18] Undefined variable $RESULT in C:\xampp\Desktop\mdcnpal\htdocs\public_html\scripts\ajax\selectCityUsingGoogleMapApi.php on line 69
[2026-07-06 19:34:18] Undefined variable $URL in C:\xampp\Desktop\mdcnpal\htdocs\public_html\scripts\ajax\selectCityUsingGoogleMapApi.php on line 73
